[2026-09-20T01:44:06.814Z] batch=field-waveform-1789868478272-10 D3 MODE_SWITCH_START state=MODE_SWITCHING attempts=1 streak=0 attempt=1
[2026-09-20T01:44:06.815Z] batch=field-waveform-1789868478272-10 D3 MODE_SWITCH_OK state=MODE_SWITCH_OK attempts=1 streak=0
[2026-09-20T01:44:06.819Z] batch=field-waveform-1789868478272-10 D2 MODE_SWITCH_START state=MODE_SWITCHING attempts=1 streak=0 attempt=1
[2026-09-20T01:44:06.822Z] batch=field-waveform-1789868478272-10 D2 MODE_SWITCH_OK state=MODE_SWITCH_OK attempts=1 streak=0
[2026-09-20T01:44:06.828Z] batch=field-waveform-1789868478272-10 D5 MODE_SWITCH_START state=MODE_SWITCHING attempts=1 streak=0 attempt=1
[2026-09-20T01:44:06.829Z] batch=field-waveform-1789868478272-10 D5 MODE_SWITCH_OK state=MODE_SWITCH_OK attempts=1 streak=0
[2026-09-20T01:44:06.836Z] batch=field-waveform-1789868478272-10 D1 MODE_SWITCH_START state=MODE_SWITCHING attempts=1 streak=0 attempt=1
[2026-09-20T01:44:06.836Z] batch=field-waveform-1789868478272-10 D1 MODE_SWITCH_OK state=MODE_SWITCH_OK attempts=1 streak=0
[2026-09-20T01:44:06.843Z] batch=field-waveform-1789868478272-10 D6 MODE_SWITCH_START state=MODE_SWITCHING attempts=1 streak=0 attempt=1
[2026-09-20T01:44:06.844Z] batch=field-waveform-1789868478272-10 D6 MODE_SWITCH_OK state=MODE_SWITCH_OK attempts=1 streak=0
[2026-09-20T01:44:06.849Z] batch=field-waveform-1789868478272-10 D4 MODE_SWITCH_START state=MODE_SWITCHING attempts=1 streak=0 attempt=1
[2026-09-20T01:44:06.849Z] batch=field-waveform-1789868478272-10 D4 MODE_SWITCH_OK state=MODE_SWITCH_OK attempts=1 streak=0
[2026-09-20T01:44:16.832Z] batch=field-waveform-1789868478272-10 D3 MODE_SWITCH_START state=MODE_SWITCHING attempts=1 streak=0 attempt=1
[2026-09-20T01:44:16.833Z] batch=field-waveform-1789868478272-10 D3 MODE_SWITCH_OK state=MODE_SWITCH_OK attempts=1 streak=0
[2026-09-20T01:44:16.841Z] batch=field-waveform-1789868478272-10 D2 MODE_SWITCH_START state=MODE_SWITCHING attempts=1 streak=0 attempt=1
[2026-09-20T01:44:16.842Z] batch=field-waveform-1789868478272-10 D2 MODE_SWITCH_OK state=MODE_SWITCH_OK attempts=1 streak=0
[2026-09-20T01:44:16.851Z] batch=field-waveform-1789868478272-10 D5 MODE_SWITCH_START state=MODE_SWITCHING attempts=1 streak=0 attempt=1
[2026-09-20T01:44:16.853Z] batch=field-waveform-1789868478272-10 D5 MODE_SWITCH_OK state=MODE_SWITCH_OK attempts=1 streak=0
[2026-09-20T01:44:16.858Z] batch=field-waveform-1789868478272-10 D1 MODE_SWITCH_START state=MODE_SWITCHING attempts=1 streak=0 attempt=1
[2026-09-20T01:44:16.860Z] batch=field-waveform-1789868478272-10 D1 MODE_SWITCH_OK state=MODE_SWITCH_OK attempts=1 streak=0
[2026-09-20T01:44:16.869Z] batch=field-waveform-1789868478272-10 D6 MODE_SWITCH_START state=MODE_SWITCHING attempts=1 streak=0 attempt=1
[2026-09-20T01:44:16.870Z] batch=field-waveform-1789868478272-10 D6 MODE_SWITCH_OK state=MODE_SWITCH_OK attempts=1 streak=0
[2026-09-20T01:44:16.875Z] batch=field-waveform-1789868478272-10 D4 MODE_SWITCH_START state=MODE_SWITCHING attempts=1 streak=0 attempt=1
[2026-09-20T01:44:16.876Z] batch=field-waveform-1789868478272-10 D4 MODE_SWITCH_OK state=MODE_SWITCH_OK attempts=1 streak=0
[2026-09-20T01:44:27.095Z] batch=field-waveform-1789868478272-10 D3 MODE_SWITCH_START state=MODE_SWITCHING attempts=1 streak=0 attempt=1
[2026-09-20T01:44:27.096Z] batch=field-waveform-1789868478272-10 D3 MODE_SWITCH_OK state=MODE_SWITCH_OK attempts=1 streak=0
[2026-09-20T01:44:27.101Z] batch=field-waveform-1789868478272-10 D2 MODE_SWITCH_START state=MODE_SWITCHING attempts=1 streak=0 attempt=1
[2026-09-20T01:44:27.103Z] batch=field-waveform-1789868478272-10 D2 MODE_SWITCH_OK state=MODE_SWITCH_OK attempts=1 streak=0
[2026-09-20T01:44:27.107Z] batch=field-waveform-1789868478272-10 D5 MODE_SWITCH_START state=MODE_SWITCHING attempts=1 streak=0 attempt=1
[2026-09-20T01:44:27.108Z] batch=field-waveform-1789868478272-10 D5 MODE_SWITCH_OK state=MODE_SWITCH_OK attempts=1 streak=0
[2026-09-20T01:44:27.114Z] batch=field-waveform-1789868478272-10 D1 MODE_SWITCH_START state=MODE_SWITCHING attempts=1 streak=0 attempt=1
[2026-09-20T01:44:27.115Z] batch=field-waveform-1789868478272-10 D1 MODE_SWITCH_OK state=MODE_SWITCH_OK attempts=1 streak=0
[2026-09-20T01:44:27.121Z] batch=field-waveform-1789868478272-10 D6 MODE_SWITCH_START state=MODE_SWITCHING attempts=1 streak=0 attempt=1
[2026-09-20T01:44:27.122Z] batch=field-waveform-1789868478272-10 D6 MODE_SWITCH_OK state=MODE_SWITCH_OK attempts=1 streak=0
[2026-09-20T01:44:27.126Z] batch=field-waveform-1789868478272-10 D4 MODE_SWITCH_START state=MODE_SWITCHING attempts=1 streak=0 attempt=1
[2026-09-20T01:44:27.127Z] batch=field-waveform-1789868478272-10 D4 MODE_SWITCH_OK state=MODE_SWITCH_OK attempts=1 streak=0
[2026-09-20T01:44:37.178Z] batch=field-waveform-1789868478272-10 D3 MODE_SWITCH_START state=MODE_SWITCHING attempts=1 streak=0 attempt=1
[2026-09-20T01:44:37.181Z] batch=field-waveform-1789868478272-10 D3 MODE_SWITCH_OK state=MODE_SWITCH_OK attempts=1 streak=0
[2026-09-20T01:44:37.187Z] batch=field-waveform-1789868478272-10 D2 MODE_SWITCH_START state=MODE_SWITCHING attempts=1 streak=0 attempt=1
[2026-09-20T01:44:37.188Z] batch=field-waveform-1789868478272-10 D2 MODE_SWITCH_OK state=MODE_SWITCH_OK attempts=1 streak=0
[2026-09-20T01:44:37.194Z] batch=field-waveform-1789868478272-10 D5 MODE_SWITCH_START state=MODE_SWITCHING attempts=1 streak=0 attempt=1
[2026-09-20T01:44:37.196Z] batch=field-waveform-1789868478272-10 D5 MODE_SWITCH_OK state=MODE_SWITCH_OK attempts=1 streak=0
[2026-09-20T01:44:37.201Z] batch=field-waveform-1789868478272-10 D1 MODE_SWITCH_START state=MODE_SWITCHING attempts=1 streak=0 attempt=1
[2026-09-20T01:44:37.202Z] batch=field-waveform-1789868478272-10 D1 MODE_SWITCH_OK state=MODE_SWITCH_OK attempts=1 streak=0
[2026-09-20T01:44:37.210Z] batch=field-waveform-1789868478272-10 D6 MODE_SWITCH_START state=MODE_SWITCHING attempts=1 streak=0 attempt=1
[2026-09-20T01:44:37.210Z] batch=field-waveform-1789868478272-10 D6 MODE_SWITCH_OK state=MODE_SWITCH_OK attempts=1 streak=0
[2026-09-20T01:44:37.215Z] batch=field-waveform-1789868478272-10 D4 MODE_SWITCH_START state=MODE_SWITCHING attempts=1 streak=0 attempt=1
[2026-09-20T01:44:37.216Z] batch=field-waveform-1789868478272-10 D4 MODE_SWITCH_OK state=MODE_SWITCH_OK attempts=1 streak=0
[2026-09-20T01:44:47.202Z] batch=field-waveform-1789868478272-10 D3 MODE_SWITCH_START state=MODE_SWITCHING attempts=1 streak=0 attempt=1
[2026-09-20T01:44:47.204Z] batch=field-waveform-1789868478272-10 D3 MODE_SWITCH_OK state=MODE_SWITCH_OK attempts=1 streak=0
[2026-09-20T01:44:47.209Z] batch=field-waveform-1789868478272-10 D2 MODE_SWITCH_START state=MODE_SWITCHING attempts=1 streak=0 attempt=1
[2026-09-20T01:44:47.209Z] batch=field-waveform-1789868478272-10 D2 MODE_SWITCH_OK state=MODE_SWITCH_OK attempts=1 streak=0
[2026-09-20T01:44:47.214Z] batch=field-waveform-1789868478272-10 D5 MODE_SWITCH_START state=MODE_SWITCHING attempts=1 streak=0 attempt=1
[2026-09-20T01:44:47.215Z] batch=field-waveform-1789868478272-10 D5 MODE_SWITCH_OK state=MODE_SWITCH_OK attempts=1 streak=0
[2026-09-20T01:44:47.282Z] batch=field-waveform-1789868478272-10 D1 MODE_SWITCH_START state=MODE_SWITCHING attempts=1 streak=0 attempt=1
[2026-09-20T01:44:47.284Z] batch=field-waveform-1789868478272-10 D1 MODE_SWITCH_OK state=MODE_SWITCH_OK attempts=1 streak=0
[2026-09-20T01:44:47.288Z] batch=field-waveform-1789868478272-10 D6 MODE_SWITCH_START state=MODE_SWITCHING attempts=1 streak=0 attempt=1
[2026-09-20T01:44:47.289Z] batch=field-waveform-1789868478272-10 D6 MODE_SWITCH_OK state=MODE_SWITCH_OK attempts=1 streak=0
[2026-09-20T01:44:47.294Z] batch=field-waveform-1789868478272-10 D4 MODE_SWITCH_START state=MODE_SWITCHING attempts=1 streak=0 attempt=1
[2026-09-20T01:44:47.295Z] batch=field-waveform-1789868478272-10 D4 MODE_SWITCH_OK state=MODE_SWITCH_OK attempts=1 streak=0
[2026-09-20T01:44:57.341Z] batch=field-waveform-1789868478272-10 D3 MODE_SWITCH_START state=MODE_SWITCHING attempts=1 streak=0 attempt=1
[2026-09-20T01:44:57.342Z] batch=field-waveform-1789868478272-10 D3 MODE_SWITCH_OK state=MODE_SWITCH_OK attempts=1 streak=0
[2026-09-20T01:44:57.347Z] batch=field-waveform-1789868478272-10 D2 MODE_SWITCH_START state=MODE_SWITCHING attempts=1 streak=0 attempt=1
[2026-09-20T01:44:57.347Z] batch=field-waveform-1789868478272-10 D2 MODE_SWITCH_OK state=MODE_SWITCH_OK attempts=1 streak=0
[2026-09-20T01:44:57.353Z] batch=field-waveform-1789868478272-10 D5 MODE_SWITCH_START state=MODE_SWITCHING attempts=1 streak=0 attempt=1
[2026-09-20T01:44:57.353Z] batch=field-waveform-1789868478272-10 D5 MODE_SWITCH_OK state=MODE_SWITCH_OK attempts=1 streak=0
[2026-09-20T01:44:57.358Z] batch=field-waveform-1789868478272-10 D1 MODE_SWITCH_START state=MODE_SWITCHING attempts=1 streak=0 attempt=1
[2026-09-20T01:44:57.359Z] batch=field-waveform-1789868478272-10 D1 MODE_SWITCH_OK state=MODE_SWITCH_OK attempts=1 streak=0
[2026-09-20T01:44:57.363Z] batch=field-waveform-1789868478272-10 D6 MODE_SWITCH_START state=MODE_SWITCHING attempts=1 streak=0 attempt=1
[2026-09-20T01:44:57.364Z] batch=field-waveform-1789868478272-10 D6 MODE_SWITCH_OK state=MODE_SWITCH_OK attempts=1 streak=0
[2026-09-20T01:44:57.368Z] batch=field-waveform-1789868478272-10 D4 MODE_SWITCH_START state=MODE_SWITCHING attempts=1 streak=0 attempt=1
[2026-09-20T01:44:57.369Z] batch=field-waveform-1789868478272-10 D4 MODE_SWITCH_OK state=MODE_SWITCH_OK attempts=1 streak=0
[2026-09-20T01:45:03.415Z] batch=field-waveform-1789868703414-11 D1 MODE_SWITCH_START state=MODE_SWITCHING attempts=1 streak=0 attempt=1
[2026-09-20T01:45:03.417Z] batch=field-waveform-1789868703414-11 D2 MODE_SWITCH_START state=MODE_SWITCHING attempts=1 streak=0 attempt=1
[2026-09-20T01:45:03.418Z] batch=field-waveform-1789868703414-11 D3 MODE_SWITCH_START state=MODE_SWITCHING attempts=1 streak=0 attempt=1
[2026-09-20T01:45:03.418Z] batch=field-waveform-1789868703414-11 D4 MODE_SWITCH_START state=MODE_SWITCHING attempts=1 streak=0 attempt=1
[2026-09-20T01:45:03.419Z] batch=field-waveform-1789868703414-11 D5 MODE_SWITCH_START state=MODE_SWITCHING attempts=1 streak=0 attempt=1
[2026-09-20T01:45:03.420Z] batch=field-waveform-1789868703414-11 D6 MODE_SWITCH_START state=MODE_SWITCHING attempts=1 streak=0 attempt=1
[2026-09-20T01:45:03.423Z] batch=field-waveform-1789868703414-11 D1 MODE_SWITCH_OK state=MODE_SWITCH_OK attempts=1 streak=0
[2026-09-20T01:45:03.423Z] batch=field-waveform-1789868703414-11 D2 MODE_SWITCH_OK state=MODE_SWITCH_OK attempts=1 streak=0
[2026-09-20T01:45:03.424Z] batch=field-waveform-1789868703414-11 D3 MODE_SWITCH_OK state=MODE_SWITCH_OK attempts=1 streak=0
[2026-09-20T01:45:03.424Z] batch=field-waveform-1789868703414-11 D4 MODE_SWITCH_OK state=MODE_SWITCH_OK attempts=1 streak=0
[2026-09-20T01:45:03.425Z] batch=field-waveform-1789868703414-11 D5 MODE_SWITCH_OK state=MODE_SWITCH_OK attempts=1 streak=0
[2026-09-20T01:45:03.425Z] batch=field-waveform-1789868703414-11 D6 MODE_SWITCH_OK state=MODE_SWITCH_OK attempts=1 streak=0
[2026-09-20T01:45:07.349Z] batch=field-waveform-1789868703414-11 D3 MODE_SWITCH_START state=MODE_SWITCHING attempts=1 streak=0 attempt=1
[2026-09-20T01:45:07.351Z] batch=field-waveform-1789868703414-11 D3 MODE_SWITCH_OK state=MODE_SWITCH_OK attempts=1 streak=0
[2026-09-20T01:45:07.352Z] batch=field-waveform-1789868703414-11 D2 MODE_SWITCH_START state=MODE_SWITCHING attempts=1 streak=0 attempt=1
[2026-09-20T01:45:07.353Z] batch=field-waveform-1789868703414-11 D2 MODE_SWITCH_OK state=MODE_SWITCH_OK attempts=1 streak=0
[2026-09-20T01:45:07.354Z] batch=field-waveform-1789868703414-11 D5 MODE_SWITCH_START state=MODE_SWITCHING attempts=1 streak=0 attempt=1
[2026-09-20T01:45:07.355Z] batch=field-waveform-1789868703414-11 D5 MODE_SWITCH_OK state=MODE_SWITCH_OK attempts=1 streak=0
[2026-09-20T01:45:07.363Z] batch=field-waveform-1789868703414-11 D1 MODE_SWITCH_START state=MODE_SWITCHING attempts=1 streak=0 attempt=1
[2026-09-20T01:45:07.364Z] batch=field-waveform-1789868703414-11 D1 MODE_SWITCH_OK state=MODE_SWITCH_OK attempts=1 streak=0
[2026-09-20T01:45:07.366Z] batch=field-waveform-1789868703414-11 D6 MODE_SWITCH_START state=MODE_SWITCHING attempts=1 streak=0 attempt=1
[2026-09-20T01:45:07.367Z] batch=field-waveform-1789868703414-11 D6 MODE_SWITCH_OK state=MODE_SWITCH_OK attempts=1 streak=0
[2026-09-20T01:45:07.378Z] batch=field-waveform-1789868703414-11 D4 MODE_SWITCH_START state=MODE_SWITCHING attempts=1 streak=0 attempt=1
[2026-09-20T01:45:07.379Z] batch=field-waveform-1789868703414-11 D4 MODE_SWITCH_OK state=MODE_SWITCH_OK attempts=1 streak=0
[2026-09-20T01:45:17.363Z] batch=field-waveform-1789868703414-11 D3 MODE_SWITCH_START state=MODE_SWITCHING attempts=1 streak=0 attempt=1
[2026-09-20T01:45:17.371Z] batch=field-waveform-1789868703414-11 D3 MODE_SWITCH_OK state=MODE_SWITCH_OK attempts=1 streak=0
[2026-09-20T01:45:17.373Z] batch=field-waveform-1789868703414-11 D2 MODE_SWITCH_START state=MODE_SWITCHING attempts=1 streak=0 attempt=1
[2026-09-20T01:45:17.373Z] batch=field-waveform-1789868703414-11 D2 MODE_SWITCH_OK state=MODE_SWITCH_OK attempts=1 streak=0
[2026-09-20T01:45:17.374Z] batch=field-waveform-1789868703414-11 D5 MODE_SWITCH_START state=MODE_SWITCHING attempts=1 streak=0 attempt=1
[2026-09-20T01:45:17.375Z] batch=field-waveform-1789868703414-11 D5 MODE_SWITCH_OK state=MODE_SWITCH_OK attempts=1 streak=0
[2026-09-20T01:45:17.377Z] batch=field-waveform-1789868703414-11 D1 MODE_SWITCH_START state=MODE_SWITCHING attempts=1 streak=0 attempt=1
[2026-09-20T01:45:17.378Z] batch=field-waveform-1789868703414-11 D1 MODE_SWITCH_OK state=MODE_SWITCH_OK attempts=1 streak=0
[2026-09-20T01:45:17.379Z] batch=field-waveform-1789868703414-11 D6 MODE_SWITCH_START state=MODE_SWITCHING attempts=1 streak=0 attempt=1
[2026-09-20T01:45:17.379Z] batch=field-waveform-1789868703414-11 D6 MODE_SWITCH_OK state=MODE_SWITCH_OK attempts=1 streak=0
[2026-09-20T01:45:17.381Z] batch=field-waveform-1789868703414-11 D4 MODE_SWITCH_START state=MODE_SWITCHING attempts=1 streak=0 attempt=1
[2026-09-20T01:45:17.382Z] batch=field-waveform-1789868703414-11 D4 MODE_SWITCH_OK state=MODE_SWITCH_OK attempts=1 streak=0
[2026-09-20T01:45:27.372Z] batch=field-waveform-1789868703414-11 D3 MODE_SWITCH_START state=MODE_SWITCHING attempts=1 streak=0 attempt=1
[2026-09-20T01:45:27.374Z] batch=field-waveform-1789868703414-11 D3 MODE_SWITCH_OK state=MODE_SWITCH_OK attempts=1 streak=0
[2026-09-20T01:45:27.376Z] batch=field-waveform-1789868703414-11 D2 MODE_SWITCH_START state=MODE_SWITCHING attempts=1 streak=0 attempt=1
[2026-09-20T01:45:27.378Z] batch=field-waveform-1789868703414-11 D2 MODE_SWITCH_OK state=MODE_SWITCH_OK attempts=1 streak=0
[2026-09-20T01:45:27.381Z] batch=field-waveform-1789868703414-11 D5 MODE_SWITCH_START state=MODE_SWITCHING attempts=1 streak=0 attempt=1
[2026-09-20T01:45:27.382Z] batch=field-waveform-1789868703414-11 D5 MODE_SWITCH_OK state=MODE_SWITCH_OK attempts=1 streak=0
[2026-09-20T01:45:27.384Z] batch=field-waveform-1789868703414-11 D1 MODE_SWITCH_START state=MODE_SWITCHING attempts=1 streak=0 attempt=1
[2026-09-20T01:45:27.386Z] batch=field-waveform-1789868703414-11 D1 MODE_SWITCH_OK state=MODE_SWITCH_OK attempts=1 streak=0
[2026-09-20T01:45:27.387Z] batch=field-waveform-1789868703414-11 D6 MODE_SWITCH_START state=MODE_SWITCHING attempts=1 streak=0 attempt=1
[2026-09-20T01:45:27.389Z] batch=field-waveform-1789868703414-11 D6 MODE_SWITCH_OK state=MODE_SWITCH_OK attempts=1 streak=0
[2026-09-20T01:45:27.390Z] batch=field-waveform-1789868703414-11 D4 MODE_SWITCH_START state=MODE_SWITCHING attempts=1 streak=0 attempt=1
[2026-09-20T01:45:27.392Z] batch=field-waveform-1789868703414-11 D4 MODE_SWITCH_OK state=MODE_SWITCH_OK attempts=1 streak=0
[2026-09-20T01:45:32.435Z] batch=field-waveform-1789868703414-11 D6 FIRST_FRAME state=FIRST_FRAME_RECEIVED attempts=1 streak=1
[2026-09-20T01:45:32.436Z] batch=field-waveform-1789868703414-11 D6 FIRST_VALID_SAMPLE state=FIRST_FRAME_RECEIVED attempts=1 streak=1
[2026-09-20T01:45:32.437Z] batch=field-waveform-1789868703414-11 D3 FIRST_FRAME state=FIRST_FRAME_RECEIVED attempts=1 streak=1
[2026-09-20T01:45:32.438Z] batch=field-waveform-1789868703414-11 D3 FIRST_VALID_SAMPLE state=FIRST_FRAME_RECEIVED attempts=1 streak=1
[2026-09-20T01:45:32.440Z] batch=field-waveform-1789868703414-11 D2 FIRST_FRAME state=FIRST_FRAME_RECEIVED attempts=1 streak=1
[2026-09-20T01:45:32.441Z] batch=field-waveform-1789868703414-11 D2 FIRST_VALID_SAMPLE state=FIRST_FRAME_RECEIVED attempts=1 streak=1
[2026-09-20T01:45:32.442Z] batch=field-waveform-1789868703414-11 D1 FIRST_FRAME state=FIRST_FRAME_RECEIVED attempts=1 streak=1
[2026-09-20T01:45:32.443Z] batch=field-waveform-1789868703414-11 D1 FIRST_VALID_SAMPLE state=FIRST_FRAME_RECEIVED attempts=1 streak=1
[2026-09-20T01:45:32.452Z] batch=field-waveform-1789868703414-11 D5 FIRST_FRAME state=FIRST_FRAME_RECEIVED attempts=1 streak=1
[2026-09-20T01:45:32.452Z] batch=field-waveform-1789868703414-11 D5 FIRST_VALID_SAMPLE state=FIRST_FRAME_RECEIVED attempts=1 streak=1
[2026-09-20T01:45:32.461Z] batch=field-waveform-1789868703414-11 D4 FIRST_FRAME state=FIRST_FRAME_RECEIVED attempts=1 streak=1
[2026-09-20T01:45:32.461Z] batch=field-waveform-1789868703414-11 D4 FIRST_VALID_SAMPLE state=FIRST_FRAME_RECEIVED attempts=1 streak=1
[2026-09-20T01:45:32.696Z] batch=field-waveform-1789868703414-11 D6 CHANNEL_SYNC_OK state=TEST_READY attempts=1 streak=5
[2026-09-20T01:45:32.697Z] batch=field-waveform-1789868703414-11 D6 TEST_READY state=TEST_READY attempts=1 streak=5
[2026-09-20T01:45:32.698Z] batch=field-waveform-1789868703414-11 D1 CHANNEL_SYNC_OK state=TEST_READY attempts=1 streak=5
[2026-09-20T01:45:32.698Z] batch=field-waveform-1789868703414-11 D1 TEST_READY state=TEST_READY attempts=1 streak=5
[2026-09-20T01:45:32.700Z] batch=field-waveform-1789868703414-11 D3 CHANNEL_SYNC_OK state=TEST_READY attempts=1 streak=5
[2026-09-20T01:45:32.700Z] batch=field-waveform-1789868703414-11 D3 TEST_READY state=TEST_READY attempts=1 streak=5
[2026-09-20T01:45:32.701Z] batch=field-waveform-1789868703414-11 D2 CHANNEL_SYNC_OK state=TEST_READY attempts=1 streak=5
[2026-09-20T01:45:32.701Z] batch=field-waveform-1789868703414-11 D2 TEST_READY state=TEST_READY attempts=1 streak=5
[2026-09-20T01:45:32.703Z] batch=field-waveform-1789868703414-11 D5 CHANNEL_SYNC_OK state=TEST_READY attempts=1 streak=5
[2026-09-20T01:45:32.703Z] batch=field-waveform-1789868703414-11 D5 TEST_READY state=TEST_READY attempts=1 streak=5
[2026-09-20T01:45:32.710Z] batch=field-waveform-1789868703414-11 D4 CHANNEL_SYNC_OK state=TEST_READY attempts=1 streak=5
[2026-09-20T01:45:32.710Z] batch=field-waveform-1789868703414-11 D4 TEST_READY state=TEST_READY attempts=1 streak=5
[2026-09-20T01:45:43.583Z] batch=field-waveform-1789868703414-11 D5 MODE_SWITCH_START state=MODE_SWITCHING attempts=1 streak=0 attempt=1
[2026-09-20T01:45:43.586Z] batch=field-waveform-1789868703414-11 D5 MODE_SWITCH_OK state=MODE_SWITCH_OK attempts=1 streak=0
[2026-09-20T01:45:43.598Z] batch=field-waveform-1789868703414-11 D4 MODE_SWITCH_START state=MODE_SWITCHING attempts=1 streak=0 attempt=1
[2026-09-20T01:45:43.599Z] batch=field-waveform-1789868703414-11 D4 MODE_SWITCH_OK state=MODE_SWITCH_OK attempts=1 streak=0
[2026-09-20T01:45:43.716Z] batch=field-waveform-1789868703414-11 D1 MODE_SWITCH_START state=MODE_SWITCHING attempts=1 streak=0 attempt=1
[2026-09-20T01:45:43.718Z] batch=field-waveform-1789868703414-11 D1 MODE_SWITCH_OK state=MODE_SWITCH_OK attempts=1 streak=0
[2026-09-20T01:45:48.641Z] batch=field-waveform-1789868703414-11 D5 FIRST_FRAME state=FIRST_FRAME_RECEIVED attempts=1 streak=1
[2026-09-20T01:45:48.641Z] batch=field-waveform-1789868703414-11 D5 FIRST_VALID_SAMPLE state=FIRST_FRAME_RECEIVED attempts=1 streak=1
[2026-09-20T01:45:48.652Z] batch=field-waveform-1789868703414-11 D4 FIRST_FRAME state=FIRST_FRAME_RECEIVED attempts=1 streak=1
[2026-09-20T01:45:48.653Z] batch=field-waveform-1789868703414-11 D4 FIRST_VALID_SAMPLE state=FIRST_FRAME_RECEIVED attempts=1 streak=1
[2026-09-20T01:45:48.754Z] batch=field-waveform-1789868703414-11 D1 FIRST_FRAME state=FIRST_FRAME_RECEIVED attempts=1 streak=1
[2026-09-20T01:45:48.755Z] batch=field-waveform-1789868703414-11 D1 FIRST_VALID_SAMPLE state=FIRST_FRAME_RECEIVED attempts=1 streak=1
[2026-09-20T01:45:48.891Z] batch=field-waveform-1789868703414-11 D5 CHANNEL_SYNC_OK state=TEST_READY attempts=1 streak=5
[2026-09-20T01:45:48.891Z] batch=field-waveform-1789868703414-11 D5 TEST_READY state=TEST_READY attempts=1 streak=5
[2026-09-20T01:45:48.899Z] batch=field-waveform-1789868703414-11 D4 CHANNEL_SYNC_OK state=TEST_READY attempts=1 streak=5
[2026-09-20T01:45:48.899Z] batch=field-waveform-1789868703414-11 D4 TEST_READY state=TEST_READY attempts=1 streak=5
[2026-09-20T01:45:49.004Z] batch=field-waveform-1789868703414-11 D1 CHANNEL_SYNC_OK state=TEST_READY attempts=1 streak=5
[2026-09-20T01:45:49.004Z] batch=field-waveform-1789868703414-11 D1 TEST_READY state=TEST_READY attempts=1 streak=5
[2026-09-20T01:46:40.942Z] batch=field-waveform-1789868703414-11 D1 MODE_SWITCH_START state=MODE_SWITCHING attempts=1 streak=0 attempt=1
[2026-09-20T01:46:40.943Z] batch=field-waveform-1789868703414-11 D1 MODE_SWITCH_OK state=MODE_SWITCH_OK attempts=1 streak=0
[2026-09-20T01:46:41.148Z] batch=field-waveform-1789868703414-11 D2 MODE_SWITCH_START state=MODE_SWITCHING attempts=1 streak=0 attempt=1
[2026-09-20T01:46:41.151Z] batch=field-waveform-1789868703414-11 D2 MODE_SWITCH_OK state=MODE_SWITCH_OK attempts=1 streak=0
[2026-09-20T01:46:41.154Z] batch=field-waveform-1789868703414-11 D4 MODE_SWITCH_START state=MODE_SWITCHING attempts=1 streak=0 attempt=1
[2026-09-20T01:46:41.155Z] batch=field-waveform-1789868703414-11 D4 MODE_SWITCH_OK state=MODE_SWITCH_OK attempts=1 streak=0
[2026-09-20T01:46:41.159Z] batch=field-waveform-1789868703414-11 D3 MODE_SWITCH_START state=MODE_SWITCHING attempts=1 streak=0 attempt=1
[2026-09-20T01:46:41.160Z] batch=field-waveform-1789868703414-11 D3 MODE_SWITCH_OK state=MODE_SWITCH_OK attempts=1 streak=0
[2026-09-20T01:46:41.279Z] batch=field-waveform-1789868703414-11 D6 MODE_SWITCH_START state=MODE_SWITCHING attempts=1 streak=0 attempt=1
[2026-09-20T01:46:41.280Z] batch=field-waveform-1789868703414-11 D6 MODE_SWITCH_OK state=MODE_SWITCH_OK attempts=1 streak=0
[2026-09-20T01:46:41.284Z] batch=field-waveform-1789868703414-11 D5 MODE_SWITCH_START state=MODE_SWITCHING attempts=1 streak=0 attempt=1
[2026-09-20T01:46:41.285Z] batch=field-waveform-1789868703414-11 D5 MODE_SWITCH_OK state=MODE_SWITCH_OK attempts=1 streak=0
[2026-09-20T01:46:50.980Z] batch=field-waveform-1789868703414-11 D1 MODE_SWITCH_START state=MODE_SWITCHING attempts=1 streak=0 attempt=1
[2026-09-20T01:46:50.981Z] batch=field-waveform-1789868703414-11 D1 MODE_SWITCH_OK state=MODE_SWITCH_OK attempts=1 streak=0
[2026-09-20T01:46:51.179Z] batch=field-waveform-1789868703414-11 D2 MODE_SWITCH_START state=MODE_SWITCHING attempts=1 streak=0 attempt=1
[2026-09-20T01:46:51.180Z] batch=field-waveform-1789868703414-11 D2 MODE_SWITCH_OK state=MODE_SWITCH_OK attempts=1 streak=0
[2026-09-20T01:46:51.184Z] batch=field-waveform-1789868703414-11 D4 MODE_SWITCH_START state=MODE_SWITCHING attempts=1 streak=0 attempt=1
[2026-09-20T01:46:51.185Z] batch=field-waveform-1789868703414-11 D4 MODE_SWITCH_OK state=MODE_SWITCH_OK attempts=1 streak=0
[2026-09-20T01:46:51.188Z] batch=field-waveform-1789868703414-11 D3 MODE_SWITCH_START state=MODE_SWITCHING attempts=1 streak=0 attempt=1
[2026-09-20T01:46:51.189Z] batch=field-waveform-1789868703414-11 D3 MODE_SWITCH_OK state=MODE_SWITCH_OK attempts=1 streak=0
[2026-09-20T01:46:51.285Z] batch=field-waveform-1789868703414-11 D6 MODE_SWITCH_START state=MODE_SWITCHING attempts=1 streak=0 attempt=1
[2026-09-20T01:46:51.286Z] batch=field-waveform-1789868703414-11 D6 MODE_SWITCH_OK state=MODE_SWITCH_OK attempts=1 streak=0
[2026-09-20T01:46:51.319Z] batch=field-waveform-1789868703414-11 D5 MODE_SWITCH_START state=MODE_SWITCHING attempts=1 streak=0 attempt=1
[2026-09-20T01:46:51.320Z] batch=field-waveform-1789868703414-11 D5 MODE_SWITCH_OK state=MODE_SWITCH_OK attempts=1 streak=0
[2026-09-20T01:46:56.116Z] batch=field-waveform-1789868703414-11 D1 FIRST_FRAME state=FIRST_FRAME_RECEIVED attempts=1 streak=1
[2026-09-20T01:46:56.116Z] batch=field-waveform-1789868703414-11 D1 FIRST_VALID_SAMPLE state=FIRST_FRAME_RECEIVED attempts=1 streak=1
[2026-09-20T01:46:56.245Z] batch=field-waveform-1789868703414-11 D4 FIRST_FRAME state=FIRST_FRAME_RECEIVED attempts=1 streak=1
[2026-09-20T01:46:56.245Z] batch=field-waveform-1789868703414-11 D4 FIRST_VALID_SAMPLE state=FIRST_FRAME_RECEIVED attempts=1 streak=1
[2026-09-20T01:46:56.468Z] batch=field-waveform-1789868703414-11 D2 FIRST_FRAME state=FIRST_FRAME_RECEIVED attempts=1 streak=1
[2026-09-20T01:46:56.468Z] batch=field-waveform-1789868703414-11 D2 FIRST_VALID_SAMPLE state=FIRST_FRAME_RECEIVED attempts=1 streak=1
[2026-09-20T01:46:56.471Z] batch=field-waveform-1789868703414-11 D3 FIRST_FRAME state=FIRST_FRAME_RECEIVED attempts=1 streak=1
[2026-09-20T01:46:56.472Z] batch=field-waveform-1789868703414-11 D3 FIRST_VALID_SAMPLE state=FIRST_FRAME_RECEIVED attempts=1 streak=1
[2026-09-20T01:46:56.473Z] batch=field-waveform-1789868703414-11 D1 CHANNEL_SYNC_OK state=TEST_READY attempts=1 streak=5
[2026-09-20T01:46:56.474Z] batch=field-waveform-1789868703414-11 D1 TEST_READY state=TEST_READY attempts=1 streak=5
[2026-09-20T01:46:56.476Z] batch=field-waveform-1789868703414-11 D6 FIRST_FRAME state=FIRST_FRAME_RECEIVED attempts=1 streak=1
[2026-09-20T01:46:56.477Z] batch=field-waveform-1789868703414-11 D6 FIRST_VALID_SAMPLE state=FIRST_FRAME_RECEIVED attempts=1 streak=1
[2026-09-20T01:46:56.478Z] batch=field-waveform-1789868703414-11 D5 FIRST_FRAME state=FIRST_FRAME_RECEIVED attempts=1 streak=1
[2026-09-20T01:46:56.478Z] batch=field-waveform-1789868703414-11 D5 FIRST_VALID_SAMPLE state=FIRST_FRAME_RECEIVED attempts=1 streak=1
[2026-09-20T01:46:56.695Z] batch=field-waveform-1789868703414-11 D4 CHANNEL_SYNC_OK state=TEST_READY attempts=1 streak=5
[2026-09-20T01:46:56.696Z] batch=field-waveform-1789868703414-11 D4 TEST_READY state=TEST_READY attempts=1 streak=5
[2026-09-20T01:46:56.701Z] batch=field-waveform-1789868703414-11 D6 CHANNEL_SYNC_OK state=TEST_READY attempts=1 streak=5
[2026-09-20T01:46:56.702Z] batch=field-waveform-1789868703414-11 D6 TEST_READY state=TEST_READY attempts=1 streak=5
[2026-09-20T01:46:56.702Z] batch=field-waveform-1789868703414-11 D2 CHANNEL_SYNC_OK state=TEST_READY attempts=1 streak=5
[2026-09-20T01:46:56.703Z] batch=field-waveform-1789868703414-11 D2 TEST_READY state=TEST_READY attempts=1 streak=5
[2026-09-20T01:46:56.704Z] batch=field-waveform-1789868703414-11 D3 CHANNEL_SYNC_OK state=TEST_READY attempts=1 streak=5
[2026-09-20T01:46:56.704Z] batch=field-waveform-1789868703414-11 D3 TEST_READY state=TEST_READY attempts=1 streak=5
[2026-09-20T01:46:56.706Z] batch=field-waveform-1789868703414-11 D5 CHANNEL_SYNC_OK state=TEST_READY attempts=1 streak=5
[2026-09-20T01:46:56.706Z] batch=field-waveform-1789868703414-11 D5 TEST_READY state=TEST_READY attempts=1 streak=5
[2026-09-20T01:47:41.061Z] batch=field-waveform-1789868703414-11 D1 MODE_SWITCH_START state=MODE_SWITCHING attempts=1 streak=0 attempt=1
[2026-09-20T01:47:41.062Z] batch=field-waveform-1789868703414-11 D1 MODE_SWITCH_OK state=MODE_SWITCH_OK attempts=1 streak=0
[2026-09-20T01:47:41.403Z] batch=field-waveform-1789868703414-11 D2 MODE_SWITCH_START state=MODE_SWITCHING attempts=1 streak=0 attempt=1
[2026-09-20T01:47:41.404Z] batch=field-waveform-1789868703414-11 D2 MODE_SWITCH_OK state=MODE_SWITCH_OK attempts=1 streak=0
[2026-09-20T01:47:41.862Z] batch=field-waveform-1789868703414-11 D6 MODE_SWITCH_START state=MODE_SWITCHING attempts=1 streak=0 attempt=1
[2026-09-20T01:47:41.863Z] batch=field-waveform-1789868703414-11 D6 MODE_SWITCH_OK state=MODE_SWITCH_OK attempts=1 streak=0
[2026-09-20T01:47:41.868Z] batch=field-waveform-1789868703414-11 D3 MODE_SWITCH_START state=MODE_SWITCHING attempts=1 streak=0 attempt=1
[2026-09-20T01:47:41.869Z] batch=field-waveform-1789868703414-11 D3 MODE_SWITCH_OK state=MODE_SWITCH_OK attempts=1 streak=0
[2026-09-20T01:47:41.874Z] batch=field-waveform-1789868703414-11 D5 MODE_SWITCH_START state=MODE_SWITCHING attempts=1 streak=0 attempt=1
[2026-09-20T01:47:41.876Z] batch=field-waveform-1789868703414-11 D5 MODE_SWITCH_OK state=MODE_SWITCH_OK attempts=1 streak=0
[2026-09-20T01:47:41.883Z] batch=field-waveform-1789868703414-11 D4 MODE_SWITCH_START state=MODE_SWITCHING attempts=1 streak=0 attempt=1
[2026-09-20T01:47:41.884Z] batch=field-waveform-1789868703414-11 D4 MODE_SWITCH_OK state=MODE_SWITCH_OK attempts=1 streak=0
[2026-09-20T01:47:51.350Z] batch=field-waveform-1789868703414-11 D1 MODE_SWITCH_START state=MODE_SWITCHING attempts=1 streak=0 attempt=1
[2026-09-20T01:47:51.351Z] batch=field-waveform-1789868703414-11 D1 MODE_SWITCH_OK state=MODE_SWITCH_OK attempts=1 streak=0
[2026-09-20T01:47:51.667Z] batch=field-waveform-1789868703414-11 D2 MODE_SWITCH_START state=MODE_SWITCHING attempts=1 streak=0 attempt=1
[2026-09-20T01:47:51.669Z] batch=field-waveform-1789868703414-11 D2 MODE_SWITCH_OK state=MODE_SWITCH_OK attempts=1 streak=0
[2026-09-20T01:47:52.039Z] batch=field-waveform-1789868703414-11 D6 MODE_SWITCH_START state=MODE_SWITCHING attempts=1 streak=0 attempt=1
[2026-09-20T01:47:52.039Z] batch=field-waveform-1789868703414-11 D6 MODE_SWITCH_OK state=MODE_SWITCH_OK attempts=1 streak=0
[2026-09-20T01:47:52.045Z] batch=field-waveform-1789868703414-11 D3 MODE_SWITCH_START state=MODE_SWITCHING attempts=1 streak=0 attempt=1
[2026-09-20T01:47:52.045Z] batch=field-waveform-1789868703414-11 D3 MODE_SWITCH_OK state=MODE_SWITCH_OK attempts=1 streak=0
[2026-09-20T01:47:52.053Z] batch=field-waveform-1789868703414-11 D5 MODE_SWITCH_START state=MODE_SWITCHING attempts=1 streak=0 attempt=1
[2026-09-20T01:47:52.054Z] batch=field-waveform-1789868703414-11 D5 MODE_SWITCH_OK state=MODE_SWITCH_OK attempts=1 streak=0
[2026-09-20T01:47:52.061Z] batch=field-waveform-1789868703414-11 D4 MODE_SWITCH_START state=MODE_SWITCHING attempts=1 streak=0 attempt=1
[2026-09-20T01:47:52.062Z] batch=field-waveform-1789868703414-11 D4 MODE_SWITCH_OK state=MODE_SWITCH_OK attempts=1 streak=0
[2026-09-20T01:48:01.464Z] batch=field-waveform-1789868703414-11 D1 MODE_SWITCH_START state=MODE_SWITCHING attempts=1 streak=0 attempt=1
[2026-09-20T01:48:01.465Z] batch=field-waveform-1789868703414-11 D1 MODE_SWITCH_OK state=MODE_SWITCH_OK attempts=1 streak=0
[2026-09-20T01:48:01.720Z] batch=field-waveform-1789868703414-11 D2 MODE_SWITCH_START state=MODE_SWITCHING attempts=1 streak=0 attempt=1
[2026-09-20T01:48:01.721Z] batch=field-waveform-1789868703414-11 D2 MODE_SWITCH_OK state=MODE_SWITCH_OK attempts=1 streak=0
[2026-09-20T01:48:02.291Z] batch=field-waveform-1789868703414-11 D6 MODE_SWITCH_START state=MODE_SWITCHING attempts=1 streak=0 attempt=1
[2026-09-20T01:48:02.292Z] batch=field-waveform-1789868703414-11 D6 MODE_SWITCH_OK state=MODE_SWITCH_OK attempts=1 streak=0
[2026-09-20T01:48:02.297Z] batch=field-waveform-1789868703414-11 D3 MODE_SWITCH_START state=MODE_SWITCHING attempts=1 streak=0 attempt=1
[2026-09-20T01:48:02.298Z] batch=field-waveform-1789868703414-11 D3 MODE_SWITCH_OK state=MODE_SWITCH_OK attempts=1 streak=0
[2026-09-20T01:48:02.303Z] batch=field-waveform-1789868703414-11 D5 MODE_SWITCH_START state=MODE_SWITCHING attempts=1 streak=0 attempt=1
[2026-09-20T01:48:02.304Z] batch=field-waveform-1789868703414-11 D5 MODE_SWITCH_OK state=MODE_SWITCH_OK attempts=1 streak=0
[2026-09-20T01:48:02.309Z] batch=field-waveform-1789868703414-11 D4 MODE_SWITCH_START state=MODE_SWITCHING attempts=1 streak=0 attempt=1
[2026-09-20T01:48:02.310Z] batch=field-waveform-1789868703414-11 D4 MODE_SWITCH_OK state=MODE_SWITCH_OK attempts=1 streak=0
[2026-09-20T01:48:11.500Z] batch=field-waveform-1789868703414-11 D1 MODE_SWITCH_START state=MODE_SWITCHING attempts=1 streak=0 attempt=1
[2026-09-20T01:48:11.501Z] batch=field-waveform-1789868703414-11 D1 MODE_SWITCH_OK state=MODE_SWITCH_OK attempts=1 streak=0
[2026-09-20T01:48:11.750Z] batch=field-waveform-1789868703414-11 D2 MODE_SWITCH_START state=MODE_SWITCHING attempts=1 streak=0 attempt=1
[2026-09-20T01:48:11.751Z] batch=field-waveform-1789868703414-11 D2 MODE_SWITCH_OK state=MODE_SWITCH_OK attempts=1 streak=0
[2026-09-20T01:48:12.366Z] batch=field-waveform-1789868703414-11 D6 MODE_SWITCH_START state=MODE_SWITCHING attempts=1 streak=0 attempt=1
[2026-09-20T01:48:12.367Z] batch=field-waveform-1789868703414-11 D6 MODE_SWITCH_OK state=MODE_SWITCH_OK attempts=1 streak=0
[2026-09-20T01:48:12.377Z] batch=field-waveform-1789868703414-11 D3 MODE_SWITCH_START state=MODE_SWITCHING attempts=1 streak=0 attempt=1
[2026-09-20T01:48:12.379Z] batch=field-waveform-1789868703414-11 D3 MODE_SWITCH_OK state=MODE_SWITCH_OK attempts=1 streak=0
[2026-09-20T01:48:12.387Z] batch=field-waveform-1789868703414-11 D5 MODE_SWITCH_START state=MODE_SWITCHING attempts=1 streak=0 attempt=1
[2026-09-20T01:48:12.388Z] batch=field-waveform-1789868703414-11 D5 MODE_SWITCH_OK state=MODE_SWITCH_OK attempts=1 streak=0
[2026-09-20T01:48:12.394Z] batch=field-waveform-1789868703414-11 D4 MODE_SWITCH_START state=MODE_SWITCHING attempts=1 streak=0 attempt=1
[2026-09-20T01:48:12.395Z] batch=field-waveform-1789868703414-11 D4 MODE_SWITCH_OK state=MODE_SWITCH_OK attempts=1 streak=0
[2026-09-20T01:48:21.533Z] batch=field-waveform-1789868703414-11 D1 MODE_SWITCH_START state=MODE_SWITCHING attempts=1 streak=0 attempt=1
[2026-09-20T01:48:21.535Z] batch=field-waveform-1789868703414-11 D1 MODE_SWITCH_OK state=MODE_SWITCH_OK attempts=1 streak=0
[2026-09-20T01:48:21.797Z] batch=field-waveform-1789868703414-11 D2 MODE_SWITCH_START state=MODE_SWITCHING attempts=1 streak=0 attempt=1
[2026-09-20T01:48:21.798Z] batch=field-waveform-1789868703414-11 D2 MODE_SWITCH_OK state=MODE_SWITCH_OK attempts=1 streak=0
[2026-09-20T01:48:22.649Z] batch=field-waveform-1789868703414-11 D6 MODE_SWITCH_START state=MODE_SWITCHING attempts=1 streak=0 attempt=1
[2026-09-20T01:48:22.650Z] batch=field-waveform-1789868703414-11 D6 MODE_SWITCH_OK state=MODE_SWITCH_OK attempts=1 streak=0
[2026-09-20T01:48:22.656Z] batch=field-waveform-1789868703414-11 D3 MODE_SWITCH_START state=MODE_SWITCHING attempts=1 streak=0 attempt=1
[2026-09-20T01:48:22.657Z] batch=field-waveform-1789868703414-11 D3 MODE_SWITCH_OK state=MODE_SWITCH_OK attempts=1 streak=0
[2026-09-20T01:48:22.662Z] batch=field-waveform-1789868703414-11 D5 MODE_SWITCH_START state=MODE_SWITCHING attempts=1 streak=0 attempt=1
[2026-09-20T01:48:22.663Z] batch=field-waveform-1789868703414-11 D5 MODE_SWITCH_OK state=MODE_SWITCH_OK attempts=1 streak=0
[2026-09-20T01:48:22.668Z] batch=field-waveform-1789868703414-11 D4 MODE_SWITCH_START state=MODE_SWITCHING attempts=1 streak=0 attempt=1
[2026-09-20T01:48:22.669Z] batch=field-waveform-1789868703414-11 D4 MODE_SWITCH_OK state=MODE_SWITCH_OK attempts=1 streak=0
