[2026-09-18T03:16:47.545Z] batch=field-waveform-1789701249120-31 D6 MODE_SWITCH_START state=MODE_SWITCHING attempts=1 streak=0 attempt=1
[2026-09-18T03:16:47.546Z] batch=field-waveform-1789701249120-31 D6 MODE_SWITCH_OK state=MODE_SWITCH_OK attempts=1 streak=0
[2026-09-18T03:16:47.558Z] batch=field-waveform-1789701249120-31 D2 MODE_SWITCH_START state=MODE_SWITCHING attempts=1 streak=0 attempt=1
[2026-09-18T03:16:47.560Z] batch=field-waveform-1789701249120-31 D2 MODE_SWITCH_OK state=MODE_SWITCH_OK attempts=1 streak=0
[2026-09-18T03:16:47.567Z] batch=field-waveform-1789701249120-31 D1 MODE_SWITCH_START state=MODE_SWITCHING attempts=1 streak=0 attempt=1
[2026-09-18T03:16:47.568Z] batch=field-waveform-1789701249120-31 D1 MODE_SWITCH_OK state=MODE_SWITCH_OK attempts=1 streak=0
[2026-09-18T03:16:47.575Z] batch=field-waveform-1789701249120-31 D5 MODE_SWITCH_START state=MODE_SWITCHING attempts=1 streak=0 attempt=1
[2026-09-18T03:16:47.576Z] batch=field-waveform-1789701249120-31 D5 MODE_SWITCH_OK state=MODE_SWITCH_OK attempts=1 streak=0
[2026-09-18T03:16:47.582Z] batch=field-waveform-1789701249120-31 D4 MODE_SWITCH_START state=MODE_SWITCHING attempts=1 streak=0 attempt=1
[2026-09-18T03:16:47.582Z] batch=field-waveform-1789701249120-31 D4 MODE_SWITCH_OK state=MODE_SWITCH_OK attempts=1 streak=0
[2026-09-18T03:16:47.589Z] batch=field-waveform-1789701249120-31 D3 MODE_SWITCH_START state=MODE_SWITCHING attempts=1 streak=0 attempt=1
[2026-09-18T03:16:47.590Z] batch=field-waveform-1789701249120-31 D3 MODE_SWITCH_OK state=MODE_SWITCH_OK attempts=1 streak=0
[2026-09-18T03:16:57.601Z] batch=field-waveform-1789701249120-31 D6 MODE_SWITCH_START state=MODE_SWITCHING attempts=1 streak=0 attempt=1
[2026-09-18T03:16:57.602Z] batch=field-waveform-1789701249120-31 D6 MODE_SWITCH_OK state=MODE_SWITCH_OK attempts=1 streak=0
[2026-09-18T03:16:57.609Z] batch=field-waveform-1789701249120-31 D2 MODE_SWITCH_START state=MODE_SWITCHING attempts=1 streak=0 attempt=1
[2026-09-18T03:16:57.610Z] batch=field-waveform-1789701249120-31 D2 MODE_SWITCH_OK state=MODE_SWITCH_OK attempts=1 streak=0
[2026-09-18T03:16:57.616Z] batch=field-waveform-1789701249120-31 D1 MODE_SWITCH_START state=MODE_SWITCHING attempts=1 streak=0 attempt=1
[2026-09-18T03:16:57.617Z] batch=field-waveform-1789701249120-31 D1 MODE_SWITCH_OK state=MODE_SWITCH_OK attempts=1 streak=0
[2026-09-18T03:16:57.623Z] batch=field-waveform-1789701249120-31 D5 MODE_SWITCH_START state=MODE_SWITCHING attempts=1 streak=0 attempt=1
[2026-09-18T03:16:57.625Z] batch=field-waveform-1789701249120-31 D5 MODE_SWITCH_OK state=MODE_SWITCH_OK attempts=1 streak=0
[2026-09-18T03:16:57.631Z] batch=field-waveform-1789701249120-31 D4 MODE_SWITCH_START state=MODE_SWITCHING attempts=1 streak=0 attempt=1
[2026-09-18T03:16:57.632Z] batch=field-waveform-1789701249120-31 D4 MODE_SWITCH_OK state=MODE_SWITCH_OK attempts=1 streak=0
[2026-09-18T03:16:57.638Z] batch=field-waveform-1789701249120-31 D3 MODE_SWITCH_START state=MODE_SWITCHING attempts=1 streak=0 attempt=1
[2026-09-18T03:16:57.639Z] batch=field-waveform-1789701249120-31 D3 MODE_SWITCH_OK state=MODE_SWITCH_OK attempts=1 streak=0
[2026-09-18T03:17:07.853Z] batch=field-waveform-1789701249120-31 D6 MODE_SWITCH_START state=MODE_SWITCHING attempts=1 streak=0 attempt=1
[2026-09-18T03:17:07.854Z] batch=field-waveform-1789701249120-31 D6 MODE_SWITCH_OK state=MODE_SWITCH_OK attempts=1 streak=0
[2026-09-18T03:17:07.858Z] batch=field-waveform-1789701249120-31 D2 MODE_SWITCH_START state=MODE_SWITCHING attempts=1 streak=0 attempt=1
[2026-09-18T03:17:07.859Z] batch=field-waveform-1789701249120-31 D2 MODE_SWITCH_OK state=MODE_SWITCH_OK attempts=1 streak=0
[2026-09-18T03:17:07.865Z] batch=field-waveform-1789701249120-31 D1 MODE_SWITCH_START state=MODE_SWITCHING attempts=1 streak=0 attempt=1
[2026-09-18T03:17:07.866Z] batch=field-waveform-1789701249120-31 D1 MODE_SWITCH_OK state=MODE_SWITCH_OK attempts=1 streak=0
[2026-09-18T03:17:07.873Z] batch=field-waveform-1789701249120-31 D5 MODE_SWITCH_START state=MODE_SWITCHING attempts=1 streak=0 attempt=1
[2026-09-18T03:17:07.874Z] batch=field-waveform-1789701249120-31 D5 MODE_SWITCH_OK state=MODE_SWITCH_OK attempts=1 streak=0
[2026-09-18T03:17:07.880Z] batch=field-waveform-1789701249120-31 D4 MODE_SWITCH_START state=MODE_SWITCHING attempts=1 streak=0 attempt=1
[2026-09-18T03:17:07.882Z] batch=field-waveform-1789701249120-31 D4 MODE_SWITCH_OK state=MODE_SWITCH_OK attempts=1 streak=0
[2026-09-18T03:17:07.887Z] batch=field-waveform-1789701249120-31 D3 MODE_SWITCH_START state=MODE_SWITCHING attempts=1 streak=0 attempt=1
[2026-09-18T03:17:07.888Z] batch=field-waveform-1789701249120-31 D3 MODE_SWITCH_OK state=MODE_SWITCH_OK attempts=1 streak=0
[2026-09-18T03:17:17.876Z] batch=field-waveform-1789701249120-31 D6 MODE_SWITCH_START state=MODE_SWITCHING attempts=1 streak=0 attempt=1
[2026-09-18T03:17:17.878Z] batch=field-waveform-1789701249120-31 D6 MODE_SWITCH_OK state=MODE_SWITCH_OK attempts=1 streak=0
[2026-09-18T03:17:17.885Z] batch=field-waveform-1789701249120-31 D2 MODE_SWITCH_START state=MODE_SWITCHING attempts=1 streak=0 attempt=1
[2026-09-18T03:17:17.888Z] batch=field-waveform-1789701249120-31 D2 MODE_SWITCH_OK state=MODE_SWITCH_OK attempts=1 streak=0
[2026-09-18T03:17:18.290Z] batch=field-waveform-1789701249120-31 D1 MODE_SWITCH_START state=MODE_SWITCHING attempts=1 streak=0 attempt=1
[2026-09-18T03:17:18.290Z] batch=field-waveform-1789701249120-31 D1 MODE_SWITCH_OK state=MODE_SWITCH_OK attempts=1 streak=0
[2026-09-18T03:17:18.296Z] batch=field-waveform-1789701249120-31 D5 MODE_SWITCH_START state=MODE_SWITCHING attempts=1 streak=0 attempt=1
[2026-09-18T03:17:18.297Z] batch=field-waveform-1789701249120-31 D5 MODE_SWITCH_OK state=MODE_SWITCH_OK attempts=1 streak=0
[2026-09-18T03:17:18.302Z] batch=field-waveform-1789701249120-31 D4 MODE_SWITCH_START state=MODE_SWITCHING attempts=1 streak=0 attempt=1
[2026-09-18T03:17:18.303Z] batch=field-waveform-1789701249120-31 D4 MODE_SWITCH_OK state=MODE_SWITCH_OK attempts=1 streak=0
[2026-09-18T03:17:18.309Z] batch=field-waveform-1789701249120-31 D3 MODE_SWITCH_START state=MODE_SWITCHING attempts=1 streak=0 attempt=1
[2026-09-18T03:17:18.311Z] batch=field-waveform-1789701249120-31 D3 MODE_SWITCH_OK state=MODE_SWITCH_OK attempts=1 streak=0
[2026-09-18T03:17:28.076Z] batch=field-waveform-1789701249120-31 D6 MODE_SWITCH_START state=MODE_SWITCHING attempts=1 streak=0 attempt=1
[2026-09-18T03:17:28.077Z] batch=field-waveform-1789701249120-31 D6 MODE_SWITCH_OK state=MODE_SWITCH_OK attempts=1 streak=0
[2026-09-18T03:17:28.083Z] batch=field-waveform-1789701249120-31 D2 MODE_SWITCH_START state=MODE_SWITCHING attempts=1 streak=0 attempt=1
[2026-09-18T03:17:28.084Z] batch=field-waveform-1789701249120-31 D2 MODE_SWITCH_OK state=MODE_SWITCH_OK attempts=1 streak=0
[2026-09-18T03:17:28.612Z] batch=field-waveform-1789701249120-31 D1 MODE_SWITCH_START state=MODE_SWITCHING attempts=1 streak=0 attempt=1
[2026-09-18T03:17:28.614Z] batch=field-waveform-1789701249120-31 D1 MODE_SWITCH_OK state=MODE_SWITCH_OK attempts=1 streak=0
[2026-09-18T03:17:28.620Z] batch=field-waveform-1789701249120-31 D5 MODE_SWITCH_START state=MODE_SWITCHING attempts=1 streak=0 attempt=1
[2026-09-18T03:17:28.621Z] batch=field-waveform-1789701249120-31 D5 MODE_SWITCH_OK state=MODE_SWITCH_OK attempts=1 streak=0
[2026-09-18T03:17:28.626Z] batch=field-waveform-1789701249120-31 D4 MODE_SWITCH_START state=MODE_SWITCHING attempts=1 streak=0 attempt=1
[2026-09-18T03:17:28.627Z] batch=field-waveform-1789701249120-31 D4 MODE_SWITCH_OK state=MODE_SWITCH_OK attempts=1 streak=0
[2026-09-18T03:17:28.634Z] batch=field-waveform-1789701249120-31 D3 MODE_SWITCH_START state=MODE_SWITCHING attempts=1 streak=0 attempt=1
[2026-09-18T03:17:28.636Z] batch=field-waveform-1789701249120-31 D3 MODE_SWITCH_OK state=MODE_SWITCH_OK attempts=1 streak=0
[2026-09-18T03:17:38.152Z] batch=field-waveform-1789701249120-31 D6 MODE_SWITCH_START state=MODE_SWITCHING attempts=1 streak=0 attempt=1
[2026-09-18T03:17:38.154Z] batch=field-waveform-1789701249120-31 D6 MODE_SWITCH_OK state=MODE_SWITCH_OK attempts=1 streak=0
[2026-09-18T03:17:38.161Z] batch=field-waveform-1789701249120-31 D2 MODE_SWITCH_START state=MODE_SWITCHING attempts=1 streak=0 attempt=1
[2026-09-18T03:17:38.162Z] batch=field-waveform-1789701249120-31 D2 MODE_SWITCH_OK state=MODE_SWITCH_OK attempts=1 streak=0
[2026-09-18T03:17:38.663Z] batch=field-waveform-1789701249120-31 D1 MODE_SWITCH_START state=MODE_SWITCHING attempts=1 streak=0 attempt=1
[2026-09-18T03:17:38.664Z] batch=field-waveform-1789701249120-31 D1 MODE_SWITCH_OK state=MODE_SWITCH_OK attempts=1 streak=0
[2026-09-18T03:17:38.669Z] batch=field-waveform-1789701249120-31 D5 MODE_SWITCH_START state=MODE_SWITCHING attempts=1 streak=0 attempt=1
[2026-09-18T03:17:38.671Z] batch=field-waveform-1789701249120-31 D5 MODE_SWITCH_OK state=MODE_SWITCH_OK attempts=1 streak=0
[2026-09-18T03:17:38.677Z] batch=field-waveform-1789701249120-31 D4 MODE_SWITCH_START state=MODE_SWITCHING attempts=1 streak=0 attempt=1
[2026-09-18T03:17:38.678Z] batch=field-waveform-1789701249120-31 D4 MODE_SWITCH_OK state=MODE_SWITCH_OK attempts=1 streak=0
[2026-09-18T03:17:38.686Z] batch=field-waveform-1789701249120-31 D3 MODE_SWITCH_START state=MODE_SWITCHING attempts=1 streak=0 attempt=1
[2026-09-18T03:17:38.688Z] batch=field-waveform-1789701249120-31 D3 MODE_SWITCH_OK state=MODE_SWITCH_OK attempts=1 streak=0
[2026-09-18T03:17:48.274Z] batch=field-waveform-1789701249120-31 D6 MODE_SWITCH_START state=MODE_SWITCHING attempts=1 streak=0 attempt=1
[2026-09-18T03:17:48.275Z] batch=field-waveform-1789701249120-31 D6 MODE_SWITCH_OK state=MODE_SWITCH_OK attempts=1 streak=0
[2026-09-18T03:17:48.281Z] batch=field-waveform-1789701249120-31 D2 MODE_SWITCH_START state=MODE_SWITCHING attempts=1 streak=0 attempt=1
[2026-09-18T03:17:48.282Z] batch=field-waveform-1789701249120-31 D2 MODE_SWITCH_OK state=MODE_SWITCH_OK attempts=1 streak=0
[2026-09-18T03:17:48.784Z] batch=field-waveform-1789701249120-31 D1 MODE_SWITCH_START state=MODE_SWITCHING attempts=1 streak=0 attempt=1
[2026-09-18T03:17:48.785Z] batch=field-waveform-1789701249120-31 D1 MODE_SWITCH_OK state=MODE_SWITCH_OK attempts=1 streak=0
[2026-09-18T03:17:48.790Z] batch=field-waveform-1789701249120-31 D5 MODE_SWITCH_START state=MODE_SWITCHING attempts=1 streak=0 attempt=1
[2026-09-18T03:17:48.791Z] batch=field-waveform-1789701249120-31 D5 MODE_SWITCH_OK state=MODE_SWITCH_OK attempts=1 streak=0
[2026-09-18T03:17:48.799Z] batch=field-waveform-1789701249120-31 D4 MODE_SWITCH_START state=MODE_SWITCHING attempts=1 streak=0 attempt=1
[2026-09-18T03:17:48.800Z] batch=field-waveform-1789701249120-31 D4 MODE_SWITCH_OK state=MODE_SWITCH_OK attempts=1 streak=0
[2026-09-18T03:17:48.806Z] batch=field-waveform-1789701249120-31 D3 MODE_SWITCH_START state=MODE_SWITCHING attempts=1 streak=0 attempt=1
[2026-09-18T03:17:48.807Z] batch=field-waveform-1789701249120-31 D3 MODE_SWITCH_OK state=MODE_SWITCH_OK attempts=1 streak=0
[2026-09-18T03:17:58.352Z] batch=field-waveform-1789701249120-31 D6 MODE_SWITCH_START state=MODE_SWITCHING attempts=1 streak=0 attempt=1
[2026-09-18T03:17:58.353Z] batch=field-waveform-1789701249120-31 D6 MODE_SWITCH_OK state=MODE_SWITCH_OK attempts=1 streak=0
[2026-09-18T03:17:58.358Z] batch=field-waveform-1789701249120-31 D2 MODE_SWITCH_START state=MODE_SWITCHING attempts=1 streak=0 attempt=1
[2026-09-18T03:17:58.359Z] batch=field-waveform-1789701249120-31 D2 MODE_SWITCH_OK state=MODE_SWITCH_OK attempts=1 streak=0
[2026-09-18T03:17:59.009Z] batch=field-waveform-1789701249120-31 D1 MODE_SWITCH_START state=MODE_SWITCHING attempts=1 streak=0 attempt=1
[2026-09-18T03:17:59.011Z] batch=field-waveform-1789701249120-31 D1 MODE_SWITCH_OK state=MODE_SWITCH_OK attempts=1 streak=0
[2026-09-18T03:17:59.018Z] batch=field-waveform-1789701249120-31 D5 MODE_SWITCH_START state=MODE_SWITCHING attempts=1 streak=0 attempt=1
[2026-09-18T03:17:59.019Z] batch=field-waveform-1789701249120-31 D5 MODE_SWITCH_OK state=MODE_SWITCH_OK attempts=1 streak=0
[2026-09-18T03:17:59.025Z] batch=field-waveform-1789701249120-31 D4 MODE_SWITCH_START state=MODE_SWITCHING attempts=1 streak=0 attempt=1
[2026-09-18T03:17:59.026Z] batch=field-waveform-1789701249120-31 D4 MODE_SWITCH_OK state=MODE_SWITCH_OK attempts=1 streak=0
[2026-09-18T03:17:59.032Z] batch=field-waveform-1789701249120-31 D3 MODE_SWITCH_START state=MODE_SWITCHING attempts=1 streak=0 attempt=1
[2026-09-18T03:17:59.033Z] batch=field-waveform-1789701249120-31 D3 MODE_SWITCH_OK state=MODE_SWITCH_OK attempts=1 streak=0
[2026-09-18T03:18:08.469Z] batch=field-waveform-1789701249120-31 D6 MODE_SWITCH_START state=MODE_SWITCHING attempts=1 streak=0 attempt=1
[2026-09-18T03:18:08.471Z] batch=field-waveform-1789701249120-31 D6 MODE_SWITCH_OK state=MODE_SWITCH_OK attempts=1 streak=0
[2026-09-18T03:18:08.481Z] batch=field-waveform-1789701249120-31 D2 MODE_SWITCH_START state=MODE_SWITCHING attempts=1 streak=0 attempt=1
[2026-09-18T03:18:08.482Z] batch=field-waveform-1789701249120-31 D2 MODE_SWITCH_OK state=MODE_SWITCH_OK attempts=1 streak=0
[2026-09-18T03:18:09.236Z] batch=field-waveform-1789701249120-31 D1 MODE_SWITCH_START state=MODE_SWITCHING attempts=1 streak=0 attempt=1
[2026-09-18T03:18:09.237Z] batch=field-waveform-1789701249120-31 D1 MODE_SWITCH_OK state=MODE_SWITCH_OK attempts=1 streak=0
[2026-09-18T03:18:09.244Z] batch=field-waveform-1789701249120-31 D5 MODE_SWITCH_START state=MODE_SWITCHING attempts=1 streak=0 attempt=1
[2026-09-18T03:18:09.245Z] batch=field-waveform-1789701249120-31 D5 MODE_SWITCH_OK state=MODE_SWITCH_OK attempts=1 streak=0
[2026-09-18T03:18:09.251Z] batch=field-waveform-1789701249120-31 D4 MODE_SWITCH_START state=MODE_SWITCHING attempts=1 streak=0 attempt=1
[2026-09-18T03:18:09.251Z] batch=field-waveform-1789701249120-31 D4 MODE_SWITCH_OK state=MODE_SWITCH_OK attempts=1 streak=0
[2026-09-18T03:18:09.257Z] batch=field-waveform-1789701249120-31 D3 MODE_SWITCH_START state=MODE_SWITCHING attempts=1 streak=0 attempt=1
[2026-09-18T03:18:09.258Z] batch=field-waveform-1789701249120-31 D3 MODE_SWITCH_OK state=MODE_SWITCH_OK attempts=1 streak=0
[2026-09-18T03:18:18.795Z] batch=field-waveform-1789701249120-31 D6 MODE_SWITCH_START state=MODE_SWITCHING attempts=1 streak=0 attempt=1
[2026-09-18T03:18:18.802Z] batch=field-waveform-1789701249120-31 D6 MODE_SWITCH_OK state=MODE_SWITCH_OK attempts=1 streak=0
[2026-09-18T03:18:18.809Z] batch=field-waveform-1789701249120-31 D2 MODE_SWITCH_START state=MODE_SWITCHING attempts=1 streak=0 attempt=1
[2026-09-18T03:18:18.810Z] batch=field-waveform-1789701249120-31 D2 MODE_SWITCH_OK state=MODE_SWITCH_OK attempts=1 streak=0
[2026-09-18T03:18:19.291Z] batch=field-waveform-1789701249120-31 D1 MODE_SWITCH_START state=MODE_SWITCHING attempts=1 streak=0 attempt=1
[2026-09-18T03:18:19.292Z] batch=field-waveform-1789701249120-31 D1 MODE_SWITCH_OK state=MODE_SWITCH_OK attempts=1 streak=0
[2026-09-18T03:18:19.300Z] batch=field-waveform-1789701249120-31 D5 MODE_SWITCH_START state=MODE_SWITCHING attempts=1 streak=0 attempt=1
[2026-09-18T03:18:19.302Z] batch=field-waveform-1789701249120-31 D5 MODE_SWITCH_OK state=MODE_SWITCH_OK attempts=1 streak=0
[2026-09-18T03:18:19.309Z] batch=field-waveform-1789701249120-31 D4 MODE_SWITCH_START state=MODE_SWITCHING attempts=1 streak=0 attempt=1
[2026-09-18T03:18:19.310Z] batch=field-waveform-1789701249120-31 D4 MODE_SWITCH_OK state=MODE_SWITCH_OK attempts=1 streak=0
[2026-09-18T03:18:19.317Z] batch=field-waveform-1789701249120-31 D3 MODE_SWITCH_START state=MODE_SWITCHING attempts=1 streak=0 attempt=1
[2026-09-18T03:18:19.319Z] batch=field-waveform-1789701249120-31 D3 MODE_SWITCH_OK state=MODE_SWITCH_OK attempts=1 streak=0
[2026-09-18T03:18:26.623Z] batch=field-waveform-1789701506622-32 D1 MODE_SWITCH_START state=MODE_SWITCHING attempts=1 streak=0 attempt=1
[2026-09-18T03:18:26.625Z] batch=field-waveform-1789701506622-32 D2 MODE_SWITCH_START state=MODE_SWITCHING attempts=1 streak=0 attempt=1
[2026-09-18T03:18:26.626Z] batch=field-waveform-1789701506622-32 D3 MODE_SWITCH_START state=MODE_SWITCHING attempts=1 streak=0 attempt=1
[2026-09-18T03:18:26.626Z] batch=field-waveform-1789701506622-32 D4 MODE_SWITCH_START state=MODE_SWITCHING attempts=1 streak=0 attempt=1
[2026-09-18T03:18:26.627Z] batch=field-waveform-1789701506622-32 D5 MODE_SWITCH_START state=MODE_SWITCHING attempts=1 streak=0 attempt=1
[2026-09-18T03:18:26.627Z] batch=field-waveform-1789701506622-32 D6 MODE_SWITCH_START state=MODE_SWITCHING attempts=1 streak=0 attempt=1
[2026-09-18T03:18:26.629Z] batch=field-waveform-1789701506622-32 D1 MODE_SWITCH_OK state=MODE_SWITCH_OK attempts=1 streak=0
[2026-09-18T03:18:26.630Z] batch=field-waveform-1789701506622-32 D2 MODE_SWITCH_OK state=MODE_SWITCH_OK attempts=1 streak=0
[2026-09-18T03:18:26.631Z] batch=field-waveform-1789701506622-32 D3 MODE_SWITCH_OK state=MODE_SWITCH_OK attempts=1 streak=0
[2026-09-18T03:18:26.631Z] batch=field-waveform-1789701506622-32 D4 MODE_SWITCH_OK state=MODE_SWITCH_OK attempts=1 streak=0
[2026-09-18T03:18:26.631Z] batch=field-waveform-1789701506622-32 D5 MODE_SWITCH_OK state=MODE_SWITCH_OK attempts=1 streak=0
[2026-09-18T03:18:26.632Z] batch=field-waveform-1789701506622-32 D6 MODE_SWITCH_OK state=MODE_SWITCH_OK attempts=1 streak=0
[2026-09-18T03:18:28.804Z] batch=field-waveform-1789701506622-32 D6 MODE_SWITCH_START state=MODE_SWITCHING attempts=1 streak=0 attempt=1
[2026-09-18T03:18:28.806Z] batch=field-waveform-1789701506622-32 D6 MODE_SWITCH_OK state=MODE_SWITCH_OK attempts=1 streak=0
[2026-09-18T03:18:28.822Z] batch=field-waveform-1789701506622-32 D2 MODE_SWITCH_START state=MODE_SWITCHING attempts=1 streak=0 attempt=1
[2026-09-18T03:18:28.825Z] batch=field-waveform-1789701506622-32 D2 MODE_SWITCH_OK state=MODE_SWITCH_OK attempts=1 streak=0
[2026-09-18T03:18:29.309Z] batch=field-waveform-1789701506622-32 D1 MODE_SWITCH_START state=MODE_SWITCHING attempts=1 streak=0 attempt=1
[2026-09-18T03:18:29.312Z] batch=field-waveform-1789701506622-32 D1 MODE_SWITCH_OK state=MODE_SWITCH_OK attempts=1 streak=0
[2026-09-18T03:18:29.313Z] batch=field-waveform-1789701506622-32 D5 MODE_SWITCH_START state=MODE_SWITCHING attempts=1 streak=0 attempt=1
[2026-09-18T03:18:29.314Z] batch=field-waveform-1789701506622-32 D5 MODE_SWITCH_OK state=MODE_SWITCH_OK attempts=1 streak=0
[2026-09-18T03:18:29.316Z] batch=field-waveform-1789701506622-32 D4 MODE_SWITCH_START state=MODE_SWITCHING attempts=1 streak=0 attempt=1
[2026-09-18T03:18:29.317Z] batch=field-waveform-1789701506622-32 D4 MODE_SWITCH_OK state=MODE_SWITCH_OK attempts=1 streak=0
[2026-09-18T03:18:29.319Z] batch=field-waveform-1789701506622-32 D3 MODE_SWITCH_START state=MODE_SWITCHING attempts=1 streak=0 attempt=1
[2026-09-18T03:18:29.321Z] batch=field-waveform-1789701506622-32 D3 MODE_SWITCH_OK state=MODE_SWITCH_OK attempts=1 streak=0
[2026-09-18T03:18:38.818Z] batch=field-waveform-1789701506622-32 D6 MODE_SWITCH_START state=MODE_SWITCHING attempts=1 streak=0 attempt=1
[2026-09-18T03:18:38.819Z] batch=field-waveform-1789701506622-32 D6 MODE_SWITCH_OK state=MODE_SWITCH_OK attempts=1 streak=0
[2026-09-18T03:18:38.833Z] batch=field-waveform-1789701506622-32 D2 MODE_SWITCH_START state=MODE_SWITCHING attempts=1 streak=0 attempt=1
[2026-09-18T03:18:38.834Z] batch=field-waveform-1789701506622-32 D2 MODE_SWITCH_OK state=MODE_SWITCH_OK attempts=1 streak=0
[2026-09-18T03:18:39.327Z] batch=field-waveform-1789701506622-32 D1 MODE_SWITCH_START state=MODE_SWITCHING attempts=1 streak=0 attempt=1
[2026-09-18T03:18:39.328Z] batch=field-waveform-1789701506622-32 D1 MODE_SWITCH_OK state=MODE_SWITCH_OK attempts=1 streak=0
[2026-09-18T03:18:39.329Z] batch=field-waveform-1789701506622-32 D5 MODE_SWITCH_START state=MODE_SWITCHING attempts=1 streak=0 attempt=1
[2026-09-18T03:18:39.332Z] batch=field-waveform-1789701506622-32 D5 MODE_SWITCH_OK state=MODE_SWITCH_OK attempts=1 streak=0
[2026-09-18T03:18:39.332Z] batch=field-waveform-1789701506622-32 D4 MODE_SWITCH_START state=MODE_SWITCHING attempts=1 streak=0 attempt=1
[2026-09-18T03:18:39.333Z] batch=field-waveform-1789701506622-32 D4 MODE_SWITCH_OK state=MODE_SWITCH_OK attempts=1 streak=0
[2026-09-18T03:18:39.333Z] batch=field-waveform-1789701506622-32 D3 MODE_SWITCH_START state=MODE_SWITCHING attempts=1 streak=0 attempt=1
[2026-09-18T03:18:39.334Z] batch=field-waveform-1789701506622-32 D3 MODE_SWITCH_OK state=MODE_SWITCH_OK attempts=1 streak=0
[2026-09-18T03:18:48.823Z] batch=field-waveform-1789701506622-32 D6 MODE_SWITCH_START state=MODE_SWITCHING attempts=1 streak=0 attempt=1
[2026-09-18T03:18:48.826Z] batch=field-waveform-1789701506622-32 D6 MODE_SWITCH_OK state=MODE_SWITCH_OK attempts=1 streak=0
[2026-09-18T03:18:48.834Z] batch=field-waveform-1789701506622-32 D2 MODE_SWITCH_START state=MODE_SWITCHING attempts=1 streak=0 attempt=1
[2026-09-18T03:18:48.835Z] batch=field-waveform-1789701506622-32 D2 MODE_SWITCH_OK state=MODE_SWITCH_OK attempts=1 streak=0
[2026-09-18T03:18:49.351Z] batch=field-waveform-1789701506622-32 D1 MODE_SWITCH_START state=MODE_SWITCHING attempts=1 streak=0 attempt=1
[2026-09-18T03:18:49.358Z] batch=field-waveform-1789701506622-32 D1 MODE_SWITCH_OK state=MODE_SWITCH_OK attempts=1 streak=0
[2026-09-18T03:18:49.361Z] batch=field-waveform-1789701506622-32 D5 MODE_SWITCH_START state=MODE_SWITCHING attempts=1 streak=0 attempt=1
[2026-09-18T03:18:49.363Z] batch=field-waveform-1789701506622-32 D5 MODE_SWITCH_OK state=MODE_SWITCH_OK attempts=1 streak=0
[2026-09-18T03:18:49.365Z] batch=field-waveform-1789701506622-32 D4 MODE_SWITCH_START state=MODE_SWITCHING attempts=1 streak=0 attempt=1
[2026-09-18T03:18:49.367Z] batch=field-waveform-1789701506622-32 D4 MODE_SWITCH_OK state=MODE_SWITCH_OK attempts=1 streak=0
[2026-09-18T03:18:49.370Z] batch=field-waveform-1789701506622-32 D3 MODE_SWITCH_START state=MODE_SWITCHING attempts=1 streak=0 attempt=1
[2026-09-18T03:18:49.374Z] batch=field-waveform-1789701506622-32 D3 MODE_SWITCH_OK state=MODE_SWITCH_OK attempts=1 streak=0
[2026-09-18T03:18:53.870Z] batch=field-waveform-1789701506622-32 D2 FIRST_FRAME state=FIRST_FRAME_RECEIVED attempts=1 streak=1
[2026-09-18T03:18:53.870Z] batch=field-waveform-1789701506622-32 D2 FIRST_VALID_SAMPLE state=FIRST_FRAME_RECEIVED attempts=1 streak=1
[2026-09-18T03:18:53.873Z] batch=field-waveform-1789701506622-32 D6 FIRST_FRAME state=FIRST_FRAME_RECEIVED attempts=1 streak=1
[2026-09-18T03:18:53.873Z] batch=field-waveform-1789701506622-32 D6 FIRST_VALID_SAMPLE state=FIRST_FRAME_RECEIVED attempts=1 streak=1
[2026-09-18T03:18:54.119Z] batch=field-waveform-1789701506622-32 D6 CHANNEL_SYNC_OK state=TEST_READY attempts=1 streak=5
[2026-09-18T03:18:54.120Z] batch=field-waveform-1789701506622-32 D6 TEST_READY state=TEST_READY attempts=1 streak=5
[2026-09-18T03:18:54.120Z] batch=field-waveform-1789701506622-32 D2 CHANNEL_SYNC_OK state=TEST_READY attempts=1 streak=5
[2026-09-18T03:18:54.120Z] batch=field-waveform-1789701506622-32 D2 TEST_READY state=TEST_READY attempts=1 streak=5
[2026-09-18T03:18:54.438Z] batch=field-waveform-1789701506622-32 D3 FIRST_FRAME state=FIRST_FRAME_RECEIVED attempts=1 streak=1
[2026-09-18T03:18:54.439Z] batch=field-waveform-1789701506622-32 D3 FIRST_VALID_SAMPLE state=FIRST_FRAME_RECEIVED attempts=1 streak=1
[2026-09-18T03:18:54.441Z] batch=field-waveform-1789701506622-32 D5 FIRST_FRAME state=FIRST_FRAME_RECEIVED attempts=1 streak=1
[2026-09-18T03:18:54.442Z] batch=field-waveform-1789701506622-32 D5 FIRST_VALID_SAMPLE state=FIRST_FRAME_RECEIVED attempts=1 streak=1
[2026-09-18T03:18:54.448Z] batch=field-waveform-1789701506622-32 D4 FIRST_FRAME state=FIRST_FRAME_RECEIVED attempts=1 streak=1
[2026-09-18T03:18:54.449Z] batch=field-waveform-1789701506622-32 D4 FIRST_VALID_SAMPLE state=FIRST_FRAME_RECEIVED attempts=1 streak=1
[2026-09-18T03:18:54.688Z] batch=field-waveform-1789701506622-32 D5 CHANNEL_SYNC_OK state=TEST_READY attempts=1 streak=5
[2026-09-18T03:18:54.688Z] batch=field-waveform-1789701506622-32 D5 TEST_READY state=TEST_READY attempts=1 streak=5
[2026-09-18T03:18:54.690Z] batch=field-waveform-1789701506622-32 D3 CHANNEL_SYNC_OK state=TEST_READY attempts=1 streak=5
[2026-09-18T03:18:54.690Z] batch=field-waveform-1789701506622-32 D3 TEST_READY state=TEST_READY attempts=1 streak=5
[2026-09-18T03:18:54.703Z] batch=field-waveform-1789701506622-32 D4 CHANNEL_SYNC_OK state=TEST_READY attempts=1 streak=5
[2026-09-18T03:18:54.703Z] batch=field-waveform-1789701506622-32 D4 TEST_READY state=TEST_READY attempts=1 streak=5
[2026-09-18T03:18:59.361Z] batch=field-waveform-1789701506622-32 D1 MODE_SWITCH_START state=MODE_SWITCHING attempts=1 streak=0 attempt=1
[2026-09-18T03:18:59.367Z] batch=field-waveform-1789701506622-32 D1 MODE_SWITCH_OK state=MODE_SWITCH_OK attempts=1 streak=0
[2026-09-18T03:19:08.955Z] batch=field-waveform-1789701506622-32 D4 MODE_SWITCH_START state=MODE_SWITCHING attempts=1 streak=0 attempt=1
[2026-09-18T03:19:08.956Z] batch=field-waveform-1789701506622-32 D4 MODE_SWITCH_OK state=MODE_SWITCH_OK attempts=1 streak=0
[2026-09-18T03:19:09.365Z] batch=field-waveform-1789701506622-32 D1 FIRST_FRAME state=FIRST_FRAME_RECEIVED attempts=1 streak=1
[2026-09-18T03:19:09.365Z] batch=field-waveform-1789701506622-32 D1 FIRST_VALID_SAMPLE state=FIRST_FRAME_RECEIVED attempts=1 streak=1
[2026-09-18T03:19:09.614Z] batch=field-waveform-1789701506622-32 D1 CHANNEL_SYNC_OK state=TEST_READY attempts=1 streak=5
[2026-09-18T03:19:09.614Z] batch=field-waveform-1789701506622-32 D1 TEST_READY state=TEST_READY attempts=1 streak=5
[2026-09-18T03:19:14.015Z] batch=field-waveform-1789701506622-32 D4 FIRST_FRAME state=FIRST_FRAME_RECEIVED attempts=1 streak=1
[2026-09-18T03:19:14.016Z] batch=field-waveform-1789701506622-32 D4 FIRST_VALID_SAMPLE state=FIRST_FRAME_RECEIVED attempts=1 streak=1
[2026-09-18T03:19:14.293Z] batch=field-waveform-1789701506622-32 D4 CHANNEL_SYNC_OK state=TEST_READY attempts=1 streak=5
[2026-09-18T03:19:14.294Z] batch=field-waveform-1789701506622-32 D4 TEST_READY state=TEST_READY attempts=1 streak=5
[2026-09-18T03:20:05.436Z] batch=field-waveform-1789701506622-32 D3 MODE_SWITCH_START state=MODE_SWITCHING attempts=1 streak=0 attempt=1
[2026-09-18T03:20:05.439Z] batch=field-waveform-1789701506622-32 D3 MODE_SWITCH_OK state=MODE_SWITCH_OK attempts=1 streak=0
[2026-09-18T03:20:05.916Z] batch=field-waveform-1789701506622-32 D6 MODE_SWITCH_START state=MODE_SWITCHING attempts=1 streak=0 attempt=1
[2026-09-18T03:20:05.925Z] batch=field-waveform-1789701506622-32 D6 MODE_SWITCH_OK state=MODE_SWITCH_OK attempts=1 streak=0
[2026-09-18T03:20:05.930Z] batch=field-waveform-1789701506622-32 D2 MODE_SWITCH_START state=MODE_SWITCHING attempts=1 streak=0 attempt=1
[2026-09-18T03:20:05.932Z] batch=field-waveform-1789701506622-32 D2 MODE_SWITCH_OK state=MODE_SWITCH_OK attempts=1 streak=0
[2026-09-18T03:20:05.935Z] batch=field-waveform-1789701506622-32 D4 MODE_SWITCH_START state=MODE_SWITCHING attempts=1 streak=0 attempt=1
[2026-09-18T03:20:05.936Z] batch=field-waveform-1789701506622-32 D4 MODE_SWITCH_OK state=MODE_SWITCH_OK attempts=1 streak=0
[2026-09-18T03:20:05.939Z] batch=field-waveform-1789701506622-32 D5 MODE_SWITCH_START state=MODE_SWITCHING attempts=1 streak=0 attempt=1
[2026-09-18T03:20:05.940Z] batch=field-waveform-1789701506622-32 D5 MODE_SWITCH_OK state=MODE_SWITCH_OK attempts=1 streak=0
[2026-09-18T03:20:09.520Z] batch=field-waveform-1789701506622-32 D1 MODE_SWITCH_START state=MODE_SWITCHING attempts=1 streak=0 attempt=1
[2026-09-18T03:20:09.521Z] batch=field-waveform-1789701506622-32 D1 MODE_SWITCH_OK state=MODE_SWITCH_OK attempts=1 streak=0
[2026-09-18T03:20:15.462Z] batch=field-waveform-1789701506622-32 D3 MODE_SWITCH_START state=MODE_SWITCHING attempts=1 streak=0 attempt=1
[2026-09-18T03:20:15.464Z] batch=field-waveform-1789701506622-32 D3 MODE_SWITCH_OK state=MODE_SWITCH_OK attempts=1 streak=0
[2026-09-18T03:20:15.930Z] batch=field-waveform-1789701506622-32 D6 MODE_SWITCH_START state=MODE_SWITCHING attempts=1 streak=0 attempt=1
[2026-09-18T03:20:15.931Z] batch=field-waveform-1789701506622-32 D6 MODE_SWITCH_OK state=MODE_SWITCH_OK attempts=1 streak=0
[2026-09-18T03:20:16.039Z] batch=field-waveform-1789701506622-32 D2 MODE_SWITCH_START state=MODE_SWITCHING attempts=1 streak=0 attempt=1
[2026-09-18T03:20:16.050Z] batch=field-waveform-1789701506622-32 D2 MODE_SWITCH_OK state=MODE_SWITCH_OK attempts=1 streak=0
[2026-09-18T03:20:16.058Z] batch=field-waveform-1789701506622-32 D4 MODE_SWITCH_START state=MODE_SWITCHING attempts=1 streak=0 attempt=1
[2026-09-18T03:20:16.059Z] batch=field-waveform-1789701506622-32 D4 MODE_SWITCH_OK state=MODE_SWITCH_OK attempts=1 streak=0
[2026-09-18T03:20:16.062Z] batch=field-waveform-1789701506622-32 D5 MODE_SWITCH_START state=MODE_SWITCHING attempts=1 streak=0 attempt=1
[2026-09-18T03:20:16.063Z] batch=field-waveform-1789701506622-32 D5 MODE_SWITCH_OK state=MODE_SWITCH_OK attempts=1 streak=0
[2026-09-18T03:20:19.696Z] batch=field-waveform-1789701506622-32 D1 MODE_SWITCH_START state=MODE_SWITCHING attempts=1 streak=0 attempt=1
[2026-09-18T03:20:19.697Z] batch=field-waveform-1789701506622-32 D1 MODE_SWITCH_OK state=MODE_SWITCH_OK attempts=1 streak=0
[2026-09-18T03:20:20.683Z] batch=field-waveform-1789701506622-32 D3 FIRST_FRAME state=FIRST_FRAME_RECEIVED attempts=1 streak=1
[2026-09-18T03:20:20.684Z] batch=field-waveform-1789701506622-32 D3 FIRST_VALID_SAMPLE state=FIRST_FRAME_RECEIVED attempts=1 streak=1
[2026-09-18T03:20:20.862Z] batch=field-waveform-1789701506622-32 D3 CHANNEL_SYNC_OK state=TEST_READY attempts=1 streak=5
[2026-09-18T03:20:20.863Z] batch=field-waveform-1789701506622-32 D3 TEST_READY state=TEST_READY attempts=1 streak=5
[2026-09-18T03:20:21.246Z] batch=field-waveform-1789701506622-32 D6 FIRST_FRAME state=FIRST_FRAME_RECEIVED attempts=1 streak=1
[2026-09-18T03:20:21.246Z] batch=field-waveform-1789701506622-32 D6 FIRST_VALID_SAMPLE state=FIRST_FRAME_RECEIVED attempts=1 streak=1
[2026-09-18T03:20:21.247Z] batch=field-waveform-1789701506622-32 D2 FIRST_FRAME state=FIRST_FRAME_RECEIVED attempts=1 streak=1
[2026-09-18T03:20:21.248Z] batch=field-waveform-1789701506622-32 D2 FIRST_VALID_SAMPLE state=FIRST_FRAME_RECEIVED attempts=1 streak=1
[2026-09-18T03:20:21.249Z] batch=field-waveform-1789701506622-32 D5 FIRST_FRAME state=FIRST_FRAME_RECEIVED attempts=1 streak=1
[2026-09-18T03:20:21.249Z] batch=field-waveform-1789701506622-32 D5 FIRST_VALID_SAMPLE state=FIRST_FRAME_RECEIVED attempts=1 streak=1
[2026-09-18T03:20:21.250Z] batch=field-waveform-1789701506622-32 D4 FIRST_FRAME state=FIRST_FRAME_RECEIVED attempts=1 streak=1
[2026-09-18T03:20:21.250Z] batch=field-waveform-1789701506622-32 D4 FIRST_VALID_SAMPLE state=FIRST_FRAME_RECEIVED attempts=1 streak=1
[2026-09-18T03:20:21.377Z] batch=field-waveform-1789701506622-32 D6 CHANNEL_SYNC_OK state=TEST_READY attempts=1 streak=5
[2026-09-18T03:20:21.377Z] batch=field-waveform-1789701506622-32 D6 TEST_READY state=TEST_READY attempts=1 streak=5
[2026-09-18T03:20:21.378Z] batch=field-waveform-1789701506622-32 D2 CHANNEL_SYNC_OK state=TEST_READY attempts=1 streak=5
[2026-09-18T03:20:21.378Z] batch=field-waveform-1789701506622-32 D2 TEST_READY state=TEST_READY attempts=1 streak=5
[2026-09-18T03:20:21.379Z] batch=field-waveform-1789701506622-32 D5 CHANNEL_SYNC_OK state=TEST_READY attempts=1 streak=5
[2026-09-18T03:20:21.379Z] batch=field-waveform-1789701506622-32 D5 TEST_READY state=TEST_READY attempts=1 streak=5
[2026-09-18T03:20:21.381Z] batch=field-waveform-1789701506622-32 D4 CHANNEL_SYNC_OK state=TEST_READY attempts=1 streak=5
[2026-09-18T03:20:21.381Z] batch=field-waveform-1789701506622-32 D4 TEST_READY state=TEST_READY attempts=1 streak=5
[2026-09-18T03:20:24.887Z] batch=field-waveform-1789701506622-32 D1 FIRST_FRAME state=FIRST_FRAME_RECEIVED attempts=1 streak=1
[2026-09-18T03:20:24.888Z] batch=field-waveform-1789701506622-32 D1 FIRST_VALID_SAMPLE state=FIRST_FRAME_RECEIVED attempts=1 streak=1
[2026-09-18T03:20:25.043Z] batch=field-waveform-1789701506622-32 D1 CHANNEL_SYNC_OK state=TEST_READY attempts=1 streak=5
[2026-09-18T03:20:25.043Z] batch=field-waveform-1789701506622-32 D1 TEST_READY state=TEST_READY attempts=1 streak=5
[2026-09-18T03:20:56.757Z] batch=field-waveform-1789701506622-32 D1 MODE_SWITCH_START state=MODE_SWITCHING attempts=1 streak=0 attempt=1
[2026-09-18T03:20:56.757Z] batch=field-waveform-1789701506622-32 D1 MODE_SWITCH_OK state=MODE_SWITCH_OK attempts=1 streak=0
[2026-09-18T03:21:02.292Z] batch=field-waveform-1789701662291-33 D1 MODE_SWITCH_START state=MODE_SWITCHING attempts=1 streak=0 attempt=1
[2026-09-18T03:21:02.293Z] batch=field-waveform-1789701662291-33 D2 MODE_SWITCH_START state=MODE_SWITCHING attempts=1 streak=0 attempt=1
[2026-09-18T03:21:02.293Z] batch=field-waveform-1789701662291-33 D3 MODE_SWITCH_START state=MODE_SWITCHING attempts=1 streak=0 attempt=1
[2026-09-18T03:21:02.303Z] batch=field-waveform-1789701662291-33 D4 MODE_SWITCH_START state=MODE_SWITCHING attempts=1 streak=0 attempt=1
[2026-09-18T03:21:02.306Z] batch=field-waveform-1789701662291-33 D5 MODE_SWITCH_START state=MODE_SWITCHING attempts=1 streak=0 attempt=1
[2026-09-18T03:21:02.307Z] batch=field-waveform-1789701662291-33 D6 MODE_SWITCH_START state=MODE_SWITCHING attempts=1 streak=0 attempt=1
[2026-09-18T03:21:02.309Z] batch=field-waveform-1789701662291-33 D1 MODE_SWITCH_OK state=MODE_SWITCH_OK attempts=1 streak=0
[2026-09-18T03:21:02.309Z] batch=field-waveform-1789701662291-33 D2 MODE_SWITCH_OK state=MODE_SWITCH_OK attempts=1 streak=0
[2026-09-18T03:21:02.309Z] batch=field-waveform-1789701662291-33 D3 MODE_SWITCH_OK state=MODE_SWITCH_OK attempts=1 streak=0
[2026-09-18T03:21:02.310Z] batch=field-waveform-1789701662291-33 D4 MODE_SWITCH_OK state=MODE_SWITCH_OK attempts=1 streak=0
[2026-09-18T03:21:02.310Z] batch=field-waveform-1789701662291-33 D5 MODE_SWITCH_OK state=MODE_SWITCH_OK attempts=1 streak=0
[2026-09-18T03:21:02.310Z] batch=field-waveform-1789701662291-33 D6 MODE_SWITCH_OK state=MODE_SWITCH_OK attempts=1 streak=0
