[2026-09-18T03:03:18.179Z] batch=field-waveform-1789700580200-27 D2 MODE_SWITCH_START state=MODE_SWITCHING attempts=1 streak=0 attempt=1
[2026-09-18T03:03:18.180Z] batch=field-waveform-1789700580200-27 D2 MODE_SWITCH_OK state=MODE_SWITCH_OK attempts=1 streak=0
[2026-09-18T03:03:18.180Z] batch=field-waveform-1789700580200-27 D4 MODE_SWITCH_START state=MODE_SWITCHING attempts=1 streak=0 attempt=1
[2026-09-18T03:03:18.181Z] batch=field-waveform-1789700580200-27 D4 MODE_SWITCH_OK state=MODE_SWITCH_OK attempts=1 streak=0
[2026-09-18T03:03:18.182Z] batch=field-waveform-1789700580200-27 D3 MODE_SWITCH_START state=MODE_SWITCHING attempts=1 streak=0 attempt=1
[2026-09-18T03:03:18.184Z] batch=field-waveform-1789700580200-27 D3 MODE_SWITCH_OK state=MODE_SWITCH_OK attempts=1 streak=0
[2026-09-18T03:03:18.186Z] batch=field-waveform-1789700580200-27 D6 MODE_SWITCH_START state=MODE_SWITCHING attempts=1 streak=0 attempt=1
[2026-09-18T03:03:18.188Z] batch=field-waveform-1789700580200-27 D6 MODE_SWITCH_OK state=MODE_SWITCH_OK attempts=1 streak=0
[2026-09-18T03:03:18.190Z] batch=field-waveform-1789700580200-27 D1 MODE_SWITCH_START state=MODE_SWITCHING attempts=1 streak=0 attempt=1
[2026-09-18T03:03:18.191Z] batch=field-waveform-1789700580200-27 D1 MODE_SWITCH_OK state=MODE_SWITCH_OK attempts=1 streak=0
[2026-09-18T03:03:18.210Z] batch=field-waveform-1789700580200-27 D5 MODE_SWITCH_START state=MODE_SWITCHING attempts=1 streak=0 attempt=1
[2026-09-18T03:03:18.211Z] batch=field-waveform-1789700580200-27 D5 MODE_SWITCH_OK state=MODE_SWITCH_OK attempts=1 streak=0
[2026-09-18T03:03:28.183Z] batch=field-waveform-1789700580200-27 D2 MODE_SWITCH_START state=MODE_SWITCHING attempts=1 streak=0 attempt=1
[2026-09-18T03:03:28.185Z] batch=field-waveform-1789700580200-27 D2 MODE_SWITCH_OK state=MODE_SWITCH_OK attempts=1 streak=0
[2026-09-18T03:03:28.185Z] batch=field-waveform-1789700580200-27 D4 MODE_SWITCH_START state=MODE_SWITCHING attempts=1 streak=0 attempt=1
[2026-09-18T03:03:28.186Z] batch=field-waveform-1789700580200-27 D4 MODE_SWITCH_OK state=MODE_SWITCH_OK attempts=1 streak=0
[2026-09-18T03:03:28.187Z] batch=field-waveform-1789700580200-27 D3 MODE_SWITCH_START state=MODE_SWITCHING attempts=1 streak=0 attempt=1
[2026-09-18T03:03:28.187Z] batch=field-waveform-1789700580200-27 D3 MODE_SWITCH_OK state=MODE_SWITCH_OK attempts=1 streak=0
[2026-09-18T03:03:28.191Z] batch=field-waveform-1789700580200-27 D6 MODE_SWITCH_START state=MODE_SWITCHING attempts=1 streak=0 attempt=1
[2026-09-18T03:03:28.192Z] batch=field-waveform-1789700580200-27 D6 MODE_SWITCH_OK state=MODE_SWITCH_OK attempts=1 streak=0
[2026-09-18T03:03:28.196Z] batch=field-waveform-1789700580200-27 D1 MODE_SWITCH_START state=MODE_SWITCHING attempts=1 streak=0 attempt=1
[2026-09-18T03:03:28.197Z] batch=field-waveform-1789700580200-27 D1 MODE_SWITCH_OK state=MODE_SWITCH_OK attempts=1 streak=0
[2026-09-18T03:03:28.224Z] batch=field-waveform-1789700580200-27 D5 MODE_SWITCH_START state=MODE_SWITCHING attempts=1 streak=0 attempt=1
[2026-09-18T03:03:28.225Z] batch=field-waveform-1789700580200-27 D5 MODE_SWITCH_OK state=MODE_SWITCH_OK attempts=1 streak=0
[2026-09-18T03:03:38.197Z] batch=field-waveform-1789700580200-27 D2 MODE_SWITCH_START state=MODE_SWITCHING attempts=1 streak=0 attempt=1
[2026-09-18T03:03:38.201Z] batch=field-waveform-1789700580200-27 D2 MODE_SWITCH_OK state=MODE_SWITCH_OK attempts=1 streak=0
[2026-09-18T03:03:38.203Z] batch=field-waveform-1789700580200-27 D4 MODE_SWITCH_START state=MODE_SWITCHING attempts=1 streak=0 attempt=1
[2026-09-18T03:03:38.205Z] batch=field-waveform-1789700580200-27 D4 MODE_SWITCH_OK state=MODE_SWITCH_OK attempts=1 streak=0
[2026-09-18T03:03:38.207Z] batch=field-waveform-1789700580200-27 D3 MODE_SWITCH_START state=MODE_SWITCHING attempts=1 streak=0 attempt=1
[2026-09-18T03:03:38.208Z] batch=field-waveform-1789700580200-27 D3 MODE_SWITCH_OK state=MODE_SWITCH_OK attempts=1 streak=0
[2026-09-18T03:03:38.210Z] batch=field-waveform-1789700580200-27 D6 MODE_SWITCH_START state=MODE_SWITCHING attempts=1 streak=0 attempt=1
[2026-09-18T03:03:38.212Z] batch=field-waveform-1789700580200-27 D6 MODE_SWITCH_OK state=MODE_SWITCH_OK attempts=1 streak=0
[2026-09-18T03:03:38.231Z] batch=field-waveform-1789700580200-27 D1 MODE_SWITCH_START state=MODE_SWITCHING attempts=1 streak=0 attempt=1
[2026-09-18T03:03:38.239Z] batch=field-waveform-1789700580200-27 D1 MODE_SWITCH_OK state=MODE_SWITCH_OK attempts=1 streak=0
[2026-09-18T03:03:38.240Z] batch=field-waveform-1789700580200-27 D5 MODE_SWITCH_START state=MODE_SWITCHING attempts=1 streak=0 attempt=1
[2026-09-18T03:03:38.243Z] batch=field-waveform-1789700580200-27 D5 MODE_SWITCH_OK state=MODE_SWITCH_OK attempts=1 streak=0
[2026-09-18T03:03:43.248Z] batch=field-waveform-1789700580200-27 D2 FIRST_FRAME state=FIRST_FRAME_RECEIVED attempts=1 streak=1
[2026-09-18T03:03:43.248Z] batch=field-waveform-1789700580200-27 D2 FIRST_VALID_SAMPLE state=FIRST_FRAME_RECEIVED attempts=1 streak=1
[2026-09-18T03:03:43.269Z] batch=field-waveform-1789700580200-27 D4 FIRST_FRAME state=FIRST_FRAME_RECEIVED attempts=1 streak=1
[2026-09-18T03:03:43.270Z] batch=field-waveform-1789700580200-27 D4 FIRST_VALID_SAMPLE state=FIRST_FRAME_RECEIVED attempts=1 streak=1
[2026-09-18T03:03:43.292Z] batch=field-waveform-1789700580200-27 D3 FIRST_FRAME state=FIRST_FRAME_RECEIVED attempts=1 streak=1
[2026-09-18T03:03:43.292Z] batch=field-waveform-1789700580200-27 D3 FIRST_VALID_SAMPLE state=FIRST_FRAME_RECEIVED attempts=1 streak=1
[2026-09-18T03:03:43.293Z] batch=field-waveform-1789700580200-27 D6 FIRST_FRAME state=FIRST_FRAME_RECEIVED attempts=1 streak=1
[2026-09-18T03:03:43.294Z] batch=field-waveform-1789700580200-27 D6 FIRST_VALID_SAMPLE state=FIRST_FRAME_RECEIVED attempts=1 streak=1
[2026-09-18T03:03:43.319Z] batch=field-waveform-1789700580200-27 D5 FIRST_FRAME state=FIRST_FRAME_RECEIVED attempts=1 streak=1
[2026-09-18T03:03:43.320Z] batch=field-waveform-1789700580200-27 D5 FIRST_VALID_SAMPLE state=FIRST_FRAME_RECEIVED attempts=1 streak=1
[2026-09-18T03:03:43.323Z] batch=field-waveform-1789700580200-27 D1 FIRST_FRAME state=FIRST_FRAME_RECEIVED attempts=1 streak=1
[2026-09-18T03:03:43.323Z] batch=field-waveform-1789700580200-27 D1 FIRST_VALID_SAMPLE state=FIRST_FRAME_RECEIVED attempts=1 streak=1
[2026-09-18T03:03:43.503Z] batch=field-waveform-1789700580200-27 D2 CHANNEL_SYNC_OK state=TEST_READY attempts=1 streak=5
[2026-09-18T03:03:43.503Z] batch=field-waveform-1789700580200-27 D2 TEST_READY state=TEST_READY attempts=1 streak=5
[2026-09-18T03:03:43.519Z] batch=field-waveform-1789700580200-27 D4 CHANNEL_SYNC_OK state=TEST_READY attempts=1 streak=5
[2026-09-18T03:03:43.520Z] batch=field-waveform-1789700580200-27 D4 TEST_READY state=TEST_READY attempts=1 streak=5
[2026-09-18T03:03:43.559Z] batch=field-waveform-1789700580200-27 D3 CHANNEL_SYNC_OK state=TEST_READY attempts=1 streak=5
[2026-09-18T03:03:43.560Z] batch=field-waveform-1789700580200-27 D3 TEST_READY state=TEST_READY attempts=1 streak=5
[2026-09-18T03:03:43.560Z] batch=field-waveform-1789700580200-27 D6 CHANNEL_SYNC_OK state=TEST_READY attempts=1 streak=5
[2026-09-18T03:03:43.561Z] batch=field-waveform-1789700580200-27 D6 TEST_READY state=TEST_READY attempts=1 streak=5
[2026-09-18T03:03:43.578Z] batch=field-waveform-1789700580200-27 D5 CHANNEL_SYNC_OK state=TEST_READY attempts=1 streak=5
[2026-09-18T03:03:43.578Z] batch=field-waveform-1789700580200-27 D5 TEST_READY state=TEST_READY attempts=1 streak=5
[2026-09-18T03:03:43.579Z] batch=field-waveform-1789700580200-27 D1 CHANNEL_SYNC_OK state=TEST_READY attempts=1 streak=5
[2026-09-18T03:03:43.580Z] batch=field-waveform-1789700580200-27 D1 TEST_READY state=TEST_READY attempts=1 streak=5
[2026-09-18T03:04:48.372Z] batch=field-waveform-1789700580200-27 D2 MODE_SWITCH_START state=MODE_SWITCHING attempts=1 streak=0 attempt=1
[2026-09-18T03:04:48.373Z] batch=field-waveform-1789700580200-27 D2 MODE_SWITCH_OK state=MODE_SWITCH_OK attempts=1 streak=0
[2026-09-18T03:04:48.389Z] batch=field-waveform-1789700580200-27 D1 MODE_SWITCH_START state=MODE_SWITCHING attempts=1 streak=0 attempt=1
[2026-09-18T03:04:48.391Z] batch=field-waveform-1789700580200-27 D1 MODE_SWITCH_OK state=MODE_SWITCH_OK attempts=1 streak=0
[2026-09-18T03:04:48.394Z] batch=field-waveform-1789700580200-27 D5 MODE_SWITCH_START state=MODE_SWITCHING attempts=1 streak=0 attempt=1
[2026-09-18T03:04:48.394Z] batch=field-waveform-1789700580200-27 D5 MODE_SWITCH_OK state=MODE_SWITCH_OK attempts=1 streak=0
[2026-09-18T03:04:48.398Z] batch=field-waveform-1789700580200-27 D4 MODE_SWITCH_START state=MODE_SWITCHING attempts=1 streak=0 attempt=1
[2026-09-18T03:04:48.398Z] batch=field-waveform-1789700580200-27 D4 MODE_SWITCH_OK state=MODE_SWITCH_OK attempts=1 streak=0
[2026-09-18T03:04:48.401Z] batch=field-waveform-1789700580200-27 D3 MODE_SWITCH_START state=MODE_SWITCHING attempts=1 streak=0 attempt=1
[2026-09-18T03:04:48.402Z] batch=field-waveform-1789700580200-27 D3 MODE_SWITCH_OK state=MODE_SWITCH_OK attempts=1 streak=0
[2026-09-18T03:04:48.405Z] batch=field-waveform-1789700580200-27 D6 MODE_SWITCH_START state=MODE_SWITCHING attempts=1 streak=0 attempt=1
[2026-09-18T03:04:48.405Z] batch=field-waveform-1789700580200-27 D6 MODE_SWITCH_OK state=MODE_SWITCH_OK attempts=1 streak=0
[2026-09-18T03:04:53.474Z] batch=field-waveform-1789700580200-27 D6 FIRST_FRAME state=FIRST_FRAME_RECEIVED attempts=1 streak=1
[2026-09-18T03:04:53.474Z] batch=field-waveform-1789700580200-27 D6 FIRST_VALID_SAMPLE state=FIRST_FRAME_RECEIVED attempts=1 streak=1
[2026-09-18T03:04:53.475Z] batch=field-waveform-1789700580200-27 D2 FIRST_FRAME state=FIRST_FRAME_RECEIVED attempts=1 streak=1
[2026-09-18T03:04:53.475Z] batch=field-waveform-1789700580200-27 D2 FIRST_VALID_SAMPLE state=FIRST_FRAME_RECEIVED attempts=1 streak=1
[2026-09-18T03:04:53.476Z] batch=field-waveform-1789700580200-27 D5 FIRST_FRAME state=FIRST_FRAME_RECEIVED attempts=1 streak=1
[2026-09-18T03:04:53.477Z] batch=field-waveform-1789700580200-27 D5 FIRST_VALID_SAMPLE state=FIRST_FRAME_RECEIVED attempts=1 streak=1
[2026-09-18T03:04:53.477Z] batch=field-waveform-1789700580200-27 D1 FIRST_FRAME state=FIRST_FRAME_RECEIVED attempts=1 streak=1
[2026-09-18T03:04:53.478Z] batch=field-waveform-1789700580200-27 D1 FIRST_VALID_SAMPLE state=FIRST_FRAME_RECEIVED attempts=1 streak=1
[2026-09-18T03:04:53.478Z] batch=field-waveform-1789700580200-27 D4 FIRST_FRAME state=FIRST_FRAME_RECEIVED attempts=1 streak=1
[2026-09-18T03:04:53.478Z] batch=field-waveform-1789700580200-27 D4 FIRST_VALID_SAMPLE state=FIRST_FRAME_RECEIVED attempts=1 streak=1
[2026-09-18T03:04:53.479Z] batch=field-waveform-1789700580200-27 D3 FIRST_FRAME state=FIRST_FRAME_RECEIVED attempts=1 streak=1
[2026-09-18T03:04:53.479Z] batch=field-waveform-1789700580200-27 D3 FIRST_VALID_SAMPLE state=FIRST_FRAME_RECEIVED attempts=1 streak=1
[2026-09-18T03:04:53.708Z] batch=field-waveform-1789700580200-27 D6 CHANNEL_SYNC_OK state=TEST_READY attempts=1 streak=5
[2026-09-18T03:04:53.708Z] batch=field-waveform-1789700580200-27 D6 TEST_READY state=TEST_READY attempts=1 streak=5
[2026-09-18T03:04:53.709Z] batch=field-waveform-1789700580200-27 D5 CHANNEL_SYNC_OK state=TEST_READY attempts=1 streak=5
[2026-09-18T03:04:53.710Z] batch=field-waveform-1789700580200-27 D5 TEST_READY state=TEST_READY attempts=1 streak=5
[2026-09-18T03:04:53.711Z] batch=field-waveform-1789700580200-27 D2 CHANNEL_SYNC_OK state=TEST_READY attempts=1 streak=5
[2026-09-18T03:04:53.711Z] batch=field-waveform-1789700580200-27 D2 TEST_READY state=TEST_READY attempts=1 streak=5
[2026-09-18T03:04:53.712Z] batch=field-waveform-1789700580200-27 D1 CHANNEL_SYNC_OK state=TEST_READY attempts=1 streak=5
[2026-09-18T03:04:53.712Z] batch=field-waveform-1789700580200-27 D1 TEST_READY state=TEST_READY attempts=1 streak=5
[2026-09-18T03:04:53.813Z] batch=field-waveform-1789700580200-27 D4 CHANNEL_SYNC_OK state=TEST_READY attempts=1 streak=5
[2026-09-18T03:04:53.813Z] batch=field-waveform-1789700580200-27 D4 TEST_READY state=TEST_READY attempts=1 streak=5
[2026-09-18T03:04:53.825Z] batch=field-waveform-1789700580200-27 D3 CHANNEL_SYNC_OK state=TEST_READY attempts=1 streak=5
[2026-09-18T03:04:53.825Z] batch=field-waveform-1789700580200-27 D3 TEST_READY state=TEST_READY attempts=1 streak=5
