[2026-09-11T07:46:24.719Z] batch=field-waveform-1789112624240-19 D1 MODE_SWITCH_START state=MODE_SWITCHING attempts=1 streak=0 attempt=1
[2026-09-11T07:46:24.730Z] batch=field-waveform-1789112624240-19 D1 MODE_SWITCH_OK state=MODE_SWITCH_OK attempts=1 streak=0
[2026-09-11T07:46:24.738Z] batch=field-waveform-1789112624240-19 D3 MODE_SWITCH_START state=MODE_SWITCHING attempts=1 streak=0 attempt=1
[2026-09-11T07:46:24.754Z] batch=field-waveform-1789112624240-19 D3 MODE_SWITCH_OK state=MODE_SWITCH_OK attempts=1 streak=0
[2026-09-11T07:46:24.764Z] batch=field-waveform-1789112624240-19 D4 MODE_SWITCH_START state=MODE_SWITCHING attempts=1 streak=0 attempt=1
[2026-09-11T07:46:24.768Z] batch=field-waveform-1789112624240-19 D4 MODE_SWITCH_OK state=MODE_SWITCH_OK attempts=1 streak=0
[2026-09-11T07:46:24.776Z] batch=field-waveform-1789112624240-19 D6 MODE_SWITCH_START state=MODE_SWITCHING attempts=1 streak=0 attempt=1
[2026-09-11T07:46:24.779Z] batch=field-waveform-1789112624240-19 D6 MODE_SWITCH_OK state=MODE_SWITCH_OK attempts=1 streak=0
[2026-09-11T07:46:25.605Z] batch=field-waveform-1789112624240-19 D2 MODE_SWITCH_START state=MODE_SWITCHING attempts=1 streak=0 attempt=1
[2026-09-11T07:46:25.616Z] batch=field-waveform-1789112624240-19 D2 MODE_SWITCH_OK state=MODE_SWITCH_OK attempts=1 streak=0
[2026-09-11T07:46:25.633Z] batch=field-waveform-1789112624240-19 D5 MODE_SWITCH_START state=MODE_SWITCHING attempts=1 streak=0 attempt=1
[2026-09-11T07:46:25.636Z] batch=field-waveform-1789112624240-19 D5 MODE_SWITCH_OK state=MODE_SWITCH_OK attempts=1 streak=0
[2026-09-11T07:46:27.538Z] batch=field-waveform-1789112787537-20 D1 MODE_SWITCH_START state=MODE_SWITCHING attempts=1 streak=0 attempt=1
[2026-09-11T07:46:27.540Z] batch=field-waveform-1789112787537-20 D2 MODE_SWITCH_START state=MODE_SWITCHING attempts=1 streak=0 attempt=1
[2026-09-11T07:46:27.549Z] batch=field-waveform-1789112787537-20 D3 MODE_SWITCH_START state=MODE_SWITCHING attempts=1 streak=0 attempt=1
[2026-09-11T07:46:27.560Z] batch=field-waveform-1789112787537-20 D4 MODE_SWITCH_START state=MODE_SWITCHING attempts=1 streak=0 attempt=1
[2026-09-11T07:46:27.569Z] batch=field-waveform-1789112787537-20 D5 MODE_SWITCH_START state=MODE_SWITCHING attempts=1 streak=0 attempt=1
[2026-09-11T07:46:27.571Z] batch=field-waveform-1789112787537-20 D6 MODE_SWITCH_START state=MODE_SWITCHING attempts=1 streak=0 attempt=1
[2026-09-11T07:46:27.594Z] batch=field-waveform-1789112787537-20 D1 MODE_SWITCH_OK state=MODE_SWITCH_OK attempts=1 streak=0
[2026-09-11T07:46:27.604Z] batch=field-waveform-1789112787537-20 D2 MODE_SWITCH_OK state=MODE_SWITCH_OK attempts=1 streak=0
[2026-09-11T07:46:27.605Z] batch=field-waveform-1789112787537-20 D3 MODE_SWITCH_OK state=MODE_SWITCH_OK attempts=1 streak=0
[2026-09-11T07:46:27.605Z] batch=field-waveform-1789112787537-20 D4 MODE_SWITCH_OK state=MODE_SWITCH_OK attempts=1 streak=0
[2026-09-11T07:46:27.606Z] batch=field-waveform-1789112787537-20 D5 MODE_SWITCH_OK state=MODE_SWITCH_OK attempts=1 streak=0
[2026-09-11T07:46:27.606Z] batch=field-waveform-1789112787537-20 D6 MODE_SWITCH_OK state=MODE_SWITCH_OK attempts=1 streak=0
[2026-09-11T07:46:34.736Z] batch=field-waveform-1789112787537-20 D1 MODE_SWITCH_START state=MODE_SWITCHING attempts=1 streak=0 attempt=1
[2026-09-11T07:46:34.739Z] batch=field-waveform-1789112787537-20 D1 MODE_SWITCH_OK state=MODE_SWITCH_OK attempts=1 streak=0
[2026-09-11T07:46:34.753Z] batch=field-waveform-1789112787537-20 D3 MODE_SWITCH_START state=MODE_SWITCHING attempts=1 streak=0 attempt=1
[2026-09-11T07:46:34.760Z] batch=field-waveform-1789112787537-20 D3 MODE_SWITCH_OK state=MODE_SWITCH_OK attempts=1 streak=0
[2026-09-11T07:46:34.772Z] batch=field-waveform-1789112787537-20 D4 MODE_SWITCH_START state=MODE_SWITCHING attempts=1 streak=0 attempt=1
[2026-09-11T07:46:34.777Z] batch=field-waveform-1789112787537-20 D4 MODE_SWITCH_OK state=MODE_SWITCH_OK attempts=1 streak=0
[2026-09-11T07:46:34.782Z] batch=field-waveform-1789112787537-20 D6 MODE_SWITCH_START state=MODE_SWITCHING attempts=1 streak=0 attempt=1
[2026-09-11T07:46:34.788Z] batch=field-waveform-1789112787537-20 D6 MODE_SWITCH_OK state=MODE_SWITCH_OK attempts=1 streak=0
[2026-09-11T07:46:35.620Z] batch=field-waveform-1789112787537-20 D2 MODE_SWITCH_START state=MODE_SWITCHING attempts=1 streak=0 attempt=1
[2026-09-11T07:46:35.623Z] batch=field-waveform-1789112787537-20 D2 MODE_SWITCH_OK state=MODE_SWITCH_OK attempts=1 streak=0
[2026-09-11T07:46:35.650Z] batch=field-waveform-1789112787537-20 D5 MODE_SWITCH_START state=MODE_SWITCHING attempts=1 streak=0 attempt=1
[2026-09-11T07:46:35.653Z] batch=field-waveform-1789112787537-20 D5 MODE_SWITCH_OK state=MODE_SWITCH_OK attempts=1 streak=0
[2026-09-11T07:46:44.743Z] batch=field-waveform-1789112787537-20 D1 MODE_SWITCH_START state=MODE_SWITCHING attempts=1 streak=0 attempt=1
[2026-09-11T07:46:44.746Z] batch=field-waveform-1789112787537-20 D1 MODE_SWITCH_OK state=MODE_SWITCH_OK attempts=1 streak=0
[2026-09-11T07:46:44.766Z] batch=field-waveform-1789112787537-20 D3 MODE_SWITCH_START state=MODE_SWITCHING attempts=1 streak=0 attempt=1
[2026-09-11T07:46:44.767Z] batch=field-waveform-1789112787537-20 D3 MODE_SWITCH_OK state=MODE_SWITCH_OK attempts=1 streak=0
[2026-09-11T07:46:44.781Z] batch=field-waveform-1789112787537-20 D4 MODE_SWITCH_START state=MODE_SWITCHING attempts=1 streak=0 attempt=1
[2026-09-11T07:46:44.784Z] batch=field-waveform-1789112787537-20 D4 MODE_SWITCH_OK state=MODE_SWITCH_OK attempts=1 streak=0
[2026-09-11T07:46:44.788Z] batch=field-waveform-1789112787537-20 D6 MODE_SWITCH_START state=MODE_SWITCHING attempts=1 streak=0 attempt=1
[2026-09-11T07:46:44.795Z] batch=field-waveform-1789112787537-20 D6 MODE_SWITCH_OK state=MODE_SWITCH_OK attempts=1 streak=0
[2026-09-11T07:46:45.631Z] batch=field-waveform-1789112787537-20 D2 MODE_SWITCH_START state=MODE_SWITCHING attempts=1 streak=0 attempt=1
[2026-09-11T07:46:45.636Z] batch=field-waveform-1789112787537-20 D2 MODE_SWITCH_OK state=MODE_SWITCH_OK attempts=1 streak=0
[2026-09-11T07:46:45.662Z] batch=field-waveform-1789112787537-20 D5 MODE_SWITCH_START state=MODE_SWITCHING attempts=1 streak=0 attempt=1
[2026-09-11T07:46:45.664Z] batch=field-waveform-1789112787537-20 D5 MODE_SWITCH_OK state=MODE_SWITCH_OK attempts=1 streak=0
[2026-09-11T07:46:54.755Z] batch=field-waveform-1789112787537-20 D1 MODE_SWITCH_START state=MODE_SWITCHING attempts=1 streak=0 attempt=1
[2026-09-11T07:46:54.760Z] batch=field-waveform-1789112787537-20 D1 MODE_SWITCH_OK state=MODE_SWITCH_OK attempts=1 streak=0
[2026-09-11T07:46:54.768Z] batch=field-waveform-1789112787537-20 D3 MODE_SWITCH_START state=MODE_SWITCHING attempts=1 streak=0 attempt=1
[2026-09-11T07:46:54.772Z] batch=field-waveform-1789112787537-20 D3 MODE_SWITCH_OK state=MODE_SWITCH_OK attempts=1 streak=0
[2026-09-11T07:46:54.806Z] batch=field-waveform-1789112787537-20 D4 MODE_SWITCH_START state=MODE_SWITCHING attempts=1 streak=0 attempt=1
[2026-09-11T07:46:54.809Z] batch=field-waveform-1789112787537-20 D4 MODE_SWITCH_OK state=MODE_SWITCH_OK attempts=1 streak=0
[2026-09-11T07:46:54.809Z] batch=field-waveform-1789112787537-20 D6 MODE_SWITCH_START state=MODE_SWITCHING attempts=1 streak=0 attempt=1
[2026-09-11T07:46:54.810Z] batch=field-waveform-1789112787537-20 D6 MODE_SWITCH_OK state=MODE_SWITCH_OK attempts=1 streak=0
[2026-09-11T07:46:55.648Z] batch=field-waveform-1789112787537-20 D2 MODE_SWITCH_START state=MODE_SWITCHING attempts=1 streak=0 attempt=1
[2026-09-11T07:46:55.650Z] batch=field-waveform-1789112787537-20 D2 MODE_SWITCH_OK state=MODE_SWITCH_OK attempts=1 streak=0
[2026-09-11T07:46:55.671Z] batch=field-waveform-1789112787537-20 D5 MODE_SWITCH_START state=MODE_SWITCHING attempts=1 streak=0 attempt=1
[2026-09-11T07:46:55.672Z] batch=field-waveform-1789112787537-20 D5 MODE_SWITCH_OK state=MODE_SWITCH_OK attempts=1 streak=0
[2026-09-11T07:47:04.773Z] batch=field-waveform-1789112787537-20 D1 MODE_SWITCH_START state=MODE_SWITCHING attempts=1 streak=0 attempt=1
[2026-09-11T07:47:04.777Z] batch=field-waveform-1789112787537-20 D1 MODE_SWITCH_OK state=MODE_SWITCH_OK attempts=1 streak=0
[2026-09-11T07:47:04.778Z] batch=field-waveform-1789112787537-20 D3 MODE_SWITCH_START state=MODE_SWITCHING attempts=1 streak=0 attempt=1
[2026-09-11T07:47:04.782Z] batch=field-waveform-1789112787537-20 D3 MODE_SWITCH_OK state=MODE_SWITCH_OK attempts=1 streak=0
[2026-09-11T07:47:04.823Z] batch=field-waveform-1789112787537-20 D4 MODE_SWITCH_START state=MODE_SWITCHING attempts=1 streak=0 attempt=1
[2026-09-11T07:47:04.828Z] batch=field-waveform-1789112787537-20 D4 MODE_SWITCH_OK state=MODE_SWITCH_OK attempts=1 streak=0
[2026-09-11T07:47:04.829Z] batch=field-waveform-1789112787537-20 D6 MODE_SWITCH_START state=MODE_SWITCHING attempts=1 streak=0 attempt=1
[2026-09-11T07:47:04.830Z] batch=field-waveform-1789112787537-20 D6 MODE_SWITCH_OK state=MODE_SWITCH_OK attempts=1 streak=0
[2026-09-11T07:47:05.655Z] batch=field-waveform-1789112787537-20 D2 MODE_SWITCH_START state=MODE_SWITCHING attempts=1 streak=0 attempt=1
[2026-09-11T07:47:05.661Z] batch=field-waveform-1789112787537-20 D2 MODE_SWITCH_OK state=MODE_SWITCH_OK attempts=1 streak=0
[2026-09-11T07:47:05.675Z] batch=field-waveform-1789112787537-20 D5 MODE_SWITCH_START state=MODE_SWITCHING attempts=1 streak=0 attempt=1
[2026-09-11T07:47:05.676Z] batch=field-waveform-1789112787537-20 D5 MODE_SWITCH_OK state=MODE_SWITCH_OK attempts=1 streak=0
[2026-09-11T07:47:09.844Z] batch=field-waveform-1789112787537-20 D1 FIRST_FRAME state=FIRST_FRAME_RECEIVED attempts=1 streak=1
[2026-09-11T07:47:09.844Z] batch=field-waveform-1789112787537-20 D1 FIRST_VALID_SAMPLE state=FIRST_FRAME_RECEIVED attempts=1 streak=1
[2026-09-11T07:47:09.861Z] batch=field-waveform-1789112787537-20 D3 FIRST_FRAME state=FIRST_FRAME_RECEIVED attempts=1 streak=1
[2026-09-11T07:47:09.861Z] batch=field-waveform-1789112787537-20 D3 FIRST_VALID_SAMPLE state=FIRST_FRAME_RECEIVED attempts=1 streak=1
[2026-09-11T07:47:09.863Z] batch=field-waveform-1789112787537-20 D4 FIRST_FRAME state=FIRST_FRAME_RECEIVED attempts=1 streak=1
[2026-09-11T07:47:09.863Z] batch=field-waveform-1789112787537-20 D4 FIRST_VALID_SAMPLE state=FIRST_FRAME_RECEIVED attempts=1 streak=1
[2026-09-11T07:47:09.880Z] batch=field-waveform-1789112787537-20 D6 FIRST_FRAME state=FIRST_FRAME_RECEIVED attempts=1 streak=1
[2026-09-11T07:47:09.881Z] batch=field-waveform-1789112787537-20 D6 FIRST_VALID_SAMPLE state=FIRST_FRAME_RECEIVED attempts=1 streak=1
[2026-09-11T07:47:10.088Z] batch=field-waveform-1789112787537-20 D1 CHANNEL_SYNC_OK state=TEST_READY attempts=1 streak=5
[2026-09-11T07:47:10.089Z] batch=field-waveform-1789112787537-20 D1 TEST_READY state=TEST_READY attempts=1 streak=5
[2026-09-11T07:47:10.132Z] batch=field-waveform-1789112787537-20 D3 CHANNEL_SYNC_OK state=TEST_READY attempts=1 streak=5
[2026-09-11T07:47:10.132Z] batch=field-waveform-1789112787537-20 D3 TEST_READY state=TEST_READY attempts=1 streak=5
[2026-09-11T07:47:10.135Z] batch=field-waveform-1789112787537-20 D4 CHANNEL_SYNC_OK state=TEST_READY attempts=1 streak=5
[2026-09-11T07:47:10.135Z] batch=field-waveform-1789112787537-20 D4 TEST_READY state=TEST_READY attempts=1 streak=5
[2026-09-11T07:47:10.140Z] batch=field-waveform-1789112787537-20 D6 CHANNEL_SYNC_OK state=TEST_READY attempts=1 streak=5
[2026-09-11T07:47:10.140Z] batch=field-waveform-1789112787537-20 D6 TEST_READY state=TEST_READY attempts=1 streak=5
[2026-09-11T07:47:10.745Z] batch=field-waveform-1789112787537-20 D2 FIRST_FRAME state=FIRST_FRAME_RECEIVED attempts=1 streak=1
[2026-09-11T07:47:10.745Z] batch=field-waveform-1789112787537-20 D2 FIRST_VALID_SAMPLE state=FIRST_FRAME_RECEIVED attempts=1 streak=1
[2026-09-11T07:47:10.759Z] batch=field-waveform-1789112787537-20 D5 FIRST_FRAME state=FIRST_FRAME_RECEIVED attempts=1 streak=1
[2026-09-11T07:47:10.760Z] batch=field-waveform-1789112787537-20 D5 FIRST_VALID_SAMPLE state=FIRST_FRAME_RECEIVED attempts=1 streak=1
[2026-09-11T07:47:10.987Z] batch=field-waveform-1789112787537-20 D2 CHANNEL_SYNC_OK state=TEST_READY attempts=1 streak=5
[2026-09-11T07:47:10.988Z] batch=field-waveform-1789112787537-20 D2 TEST_READY state=TEST_READY attempts=1 streak=5
[2026-09-11T07:47:11.017Z] batch=field-waveform-1789112787537-20 D5 CHANNEL_SYNC_OK state=TEST_READY attempts=1 streak=5
[2026-09-11T07:47:11.017Z] batch=field-waveform-1789112787537-20 D5 TEST_READY state=TEST_READY attempts=1 streak=5
[2026-09-11T07:48:14.953Z] batch=field-waveform-1789112787537-20 D3 MODE_SWITCH_START state=MODE_SWITCHING attempts=1 streak=0 attempt=1
[2026-09-11T07:48:14.964Z] batch=field-waveform-1789112787537-20 D3 MODE_SWITCH_OK state=MODE_SWITCH_OK attempts=1 streak=0
[2026-09-11T07:48:14.975Z] batch=field-waveform-1789112787537-20 D4 MODE_SWITCH_START state=MODE_SWITCHING attempts=1 streak=0 attempt=1
[2026-09-11T07:48:14.995Z] batch=field-waveform-1789112787537-20 D4 MODE_SWITCH_OK state=MODE_SWITCH_OK attempts=1 streak=0
[2026-09-11T07:48:15.002Z] batch=field-waveform-1789112787537-20 D6 MODE_SWITCH_START state=MODE_SWITCHING attempts=1 streak=0 attempt=1
[2026-09-11T07:48:15.010Z] batch=field-waveform-1789112787537-20 D6 MODE_SWITCH_OK state=MODE_SWITCH_OK attempts=1 streak=0
[2026-09-11T07:48:15.024Z] batch=field-waveform-1789112787537-20 D1 MODE_SWITCH_START state=MODE_SWITCHING attempts=1 streak=0 attempt=1
[2026-09-11T07:48:15.035Z] batch=field-waveform-1789112787537-20 D1 MODE_SWITCH_OK state=MODE_SWITCH_OK attempts=1 streak=0
[2026-09-11T07:48:15.617Z] batch=field-waveform-1789112787537-20 D5 MODE_SWITCH_START state=MODE_SWITCHING attempts=1 streak=0 attempt=1
[2026-09-11T07:48:15.627Z] batch=field-waveform-1789112787537-20 D5 MODE_SWITCH_OK state=MODE_SWITCH_OK attempts=1 streak=0
[2026-09-11T07:48:15.743Z] batch=field-waveform-1789112787537-20 D2 MODE_SWITCH_START state=MODE_SWITCHING attempts=1 streak=0 attempt=1
[2026-09-11T07:48:15.751Z] batch=field-waveform-1789112787537-20 D2 MODE_SWITCH_OK state=MODE_SWITCH_OK attempts=1 streak=0
[2026-09-11T07:48:25.038Z] batch=field-waveform-1789112787537-20 D3 MODE_SWITCH_START state=MODE_SWITCHING attempts=1 streak=0 attempt=1
[2026-09-11T07:48:25.049Z] batch=field-waveform-1789112787537-20 D3 MODE_SWITCH_OK state=MODE_SWITCH_OK attempts=1 streak=0
[2026-09-11T07:48:25.055Z] batch=field-waveform-1789112787537-20 D4 MODE_SWITCH_START state=MODE_SWITCHING attempts=1 streak=0 attempt=1
[2026-09-11T07:48:25.063Z] batch=field-waveform-1789112787537-20 D4 MODE_SWITCH_OK state=MODE_SWITCH_OK attempts=1 streak=0
[2026-09-11T07:48:25.069Z] batch=field-waveform-1789112787537-20 D6 MODE_SWITCH_START state=MODE_SWITCHING attempts=1 streak=0 attempt=1
[2026-09-11T07:48:25.080Z] batch=field-waveform-1789112787537-20 D6 MODE_SWITCH_OK state=MODE_SWITCH_OK attempts=1 streak=0
[2026-09-11T07:48:25.116Z] batch=field-waveform-1789112787537-20 D1 MODE_SWITCH_START state=MODE_SWITCHING attempts=1 streak=0 attempt=1
[2026-09-11T07:48:25.118Z] batch=field-waveform-1789112787537-20 D1 MODE_SWITCH_OK state=MODE_SWITCH_OK attempts=1 streak=0
[2026-09-11T07:48:25.783Z] batch=field-waveform-1789112787537-20 D5 MODE_SWITCH_START state=MODE_SWITCHING attempts=1 streak=0 attempt=1
[2026-09-11T07:48:25.790Z] batch=field-waveform-1789112787537-20 D5 MODE_SWITCH_OK state=MODE_SWITCH_OK attempts=1 streak=0
[2026-09-11T07:48:25.797Z] batch=field-waveform-1789112787537-20 D2 MODE_SWITCH_START state=MODE_SWITCHING attempts=1 streak=0 attempt=1
[2026-09-11T07:48:25.803Z] batch=field-waveform-1789112787537-20 D2 MODE_SWITCH_OK state=MODE_SWITCH_OK attempts=1 streak=0
[2026-09-11T07:48:30.152Z] batch=field-waveform-1789112787537-20 D3 FIRST_FRAME state=FIRST_FRAME_RECEIVED attempts=1 streak=1
[2026-09-11T07:48:30.152Z] batch=field-waveform-1789112787537-20 D3 FIRST_VALID_SAMPLE state=FIRST_FRAME_RECEIVED attempts=1 streak=1
[2026-09-11T07:48:30.162Z] batch=field-waveform-1789112787537-20 D4 FIRST_FRAME state=FIRST_FRAME_RECEIVED attempts=1 streak=1
[2026-09-11T07:48:30.162Z] batch=field-waveform-1789112787537-20 D4 FIRST_VALID_SAMPLE state=FIRST_FRAME_RECEIVED attempts=1 streak=1
[2026-09-11T07:48:30.389Z] batch=field-waveform-1789112787537-20 D6 FIRST_FRAME state=FIRST_FRAME_RECEIVED attempts=1 streak=1
[2026-09-11T07:48:30.389Z] batch=field-waveform-1789112787537-20 D6 FIRST_VALID_SAMPLE state=FIRST_FRAME_RECEIVED attempts=1 streak=1
[2026-09-11T07:48:30.402Z] batch=field-waveform-1789112787537-20 D4 CHANNEL_SYNC_OK state=TEST_READY attempts=1 streak=5
[2026-09-11T07:48:30.403Z] batch=field-waveform-1789112787537-20 D4 TEST_READY state=TEST_READY attempts=1 streak=5
[2026-09-11T07:48:30.410Z] batch=field-waveform-1789112787537-20 D3 CHANNEL_SYNC_OK state=TEST_READY attempts=1 streak=5
[2026-09-11T07:48:30.410Z] batch=field-waveform-1789112787537-20 D3 TEST_READY state=TEST_READY attempts=1 streak=5
[2026-09-11T07:48:30.510Z] batch=field-waveform-1789112787537-20 D6 CHANNEL_SYNC_OK state=TEST_READY attempts=1 streak=5
[2026-09-11T07:48:30.510Z] batch=field-waveform-1789112787537-20 D6 TEST_READY state=TEST_READY attempts=1 streak=5
[2026-09-11T07:48:31.018Z] batch=field-waveform-1789112787537-20 D2 FIRST_FRAME state=FIRST_FRAME_RECEIVED attempts=1 streak=1
[2026-09-11T07:48:31.018Z] batch=field-waveform-1789112787537-20 D2 FIRST_VALID_SAMPLE state=FIRST_FRAME_RECEIVED attempts=1 streak=1
[2026-09-11T07:48:31.021Z] batch=field-waveform-1789112787537-20 D5 FIRST_FRAME state=FIRST_FRAME_RECEIVED attempts=1 streak=1
[2026-09-11T07:48:31.022Z] batch=field-waveform-1789112787537-20 D5 FIRST_VALID_SAMPLE state=FIRST_FRAME_RECEIVED attempts=1 streak=1
[2026-09-11T07:48:31.293Z] batch=field-waveform-1789112787537-20 D2 CHANNEL_SYNC_OK state=TEST_READY attempts=1 streak=5
[2026-09-11T07:48:31.293Z] batch=field-waveform-1789112787537-20 D2 TEST_READY state=TEST_READY attempts=1 streak=5
[2026-09-11T07:48:31.295Z] batch=field-waveform-1789112787537-20 D5 CHANNEL_SYNC_OK state=TEST_READY attempts=1 streak=5
[2026-09-11T07:48:31.295Z] batch=field-waveform-1789112787537-20 D5 TEST_READY state=TEST_READY attempts=1 streak=5
[2026-09-11T07:48:35.195Z] batch=field-waveform-1789112787537-20 D1 MODE_SWITCH_START state=MODE_SWITCHING attempts=1 streak=0 attempt=1
[2026-09-11T07:48:35.207Z] batch=field-waveform-1789112787537-20 D1 MODE_SWITCH_OK state=MODE_SWITCH_OK attempts=1 streak=0
[2026-09-11T07:48:40.366Z] batch=field-waveform-1789112787537-20 D1 FIRST_FRAME state=FIRST_FRAME_RECEIVED attempts=1 streak=1
[2026-09-11T07:48:40.367Z] batch=field-waveform-1789112787537-20 D1 FIRST_VALID_SAMPLE state=FIRST_FRAME_RECEIVED attempts=1 streak=1
[2026-09-11T07:48:40.526Z] batch=field-waveform-1789112787537-20 D1 CHANNEL_SYNC_OK state=TEST_READY attempts=1 streak=5
[2026-09-11T07:48:40.526Z] batch=field-waveform-1789112787537-20 D1 TEST_READY state=TEST_READY attempts=1 streak=5
[2026-09-11T07:48:57.526Z] batch=field-waveform-1789112787537-20 D3 MODE_SWITCH_START state=MODE_SWITCHING attempts=1 streak=0 attempt=1
[2026-09-11T07:48:57.537Z] batch=field-waveform-1789112787537-20 D3 MODE_SWITCH_OK state=MODE_SWITCH_OK attempts=1 streak=0
[2026-09-11T07:48:57.553Z] batch=field-waveform-1789112787537-20 D4 MODE_SWITCH_START state=MODE_SWITCHING attempts=1 streak=0 attempt=1
[2026-09-11T07:48:57.563Z] batch=field-waveform-1789112787537-20 D4 MODE_SWITCH_OK state=MODE_SWITCH_OK attempts=1 streak=0
[2026-09-11T07:48:57.572Z] batch=field-waveform-1789112787537-20 D5 MODE_SWITCH_START state=MODE_SWITCHING attempts=1 streak=0 attempt=1
[2026-09-11T07:48:57.574Z] batch=field-waveform-1789112787537-20 D5 MODE_SWITCH_OK state=MODE_SWITCH_OK attempts=1 streak=0
[2026-09-11T07:48:57.581Z] batch=field-waveform-1789112787537-20 D2 MODE_SWITCH_START state=MODE_SWITCHING attempts=1 streak=0 attempt=1
[2026-09-11T07:48:57.591Z] batch=field-waveform-1789112787537-20 D2 MODE_SWITCH_OK state=MODE_SWITCH_OK attempts=1 streak=0
[2026-09-11T07:48:57.599Z] batch=field-waveform-1789112787537-20 D6 MODE_SWITCH_START state=MODE_SWITCHING attempts=1 streak=0 attempt=1
[2026-09-11T07:48:57.606Z] batch=field-waveform-1789112787537-20 D6 MODE_SWITCH_OK state=MODE_SWITCH_OK attempts=1 streak=0
