[2026-09-10T05:52:57.653Z] batch=field-waveform-1789019417711-2 D3 MODE_SWITCH_START state=MODE_SWITCHING attempts=1 streak=0 attempt=1
[2026-09-10T05:52:57.663Z] batch=field-waveform-1789019417711-2 D3 MODE_SWITCH_OK state=MODE_SWITCH_OK attempts=1 streak=0
[2026-09-10T05:52:57.673Z] batch=field-waveform-1789019417711-2 D5 MODE_SWITCH_START state=MODE_SWITCHING attempts=1 streak=0 attempt=1
[2026-09-10T05:52:57.676Z] batch=field-waveform-1789019417711-2 D5 MODE_SWITCH_OK state=MODE_SWITCH_OK attempts=1 streak=0
[2026-09-10T05:52:57.684Z] batch=field-waveform-1789019417711-2 D4 MODE_SWITCH_START state=MODE_SWITCHING attempts=1 streak=0 attempt=1
[2026-09-10T05:52:57.687Z] batch=field-waveform-1789019417711-2 D4 MODE_SWITCH_OK state=MODE_SWITCH_OK attempts=1 streak=0
[2026-09-10T05:52:57.694Z] batch=field-waveform-1789019417711-2 D2 MODE_SWITCH_START state=MODE_SWITCHING attempts=1 streak=0 attempt=1
[2026-09-10T05:52:57.696Z] batch=field-waveform-1789019417711-2 D2 MODE_SWITCH_OK state=MODE_SWITCH_OK attempts=1 streak=0
[2026-09-10T05:52:57.705Z] batch=field-waveform-1789019417711-2 D1 MODE_SWITCH_START state=MODE_SWITCHING attempts=1 streak=0 attempt=1
[2026-09-10T05:52:57.707Z] batch=field-waveform-1789019417711-2 D1 MODE_SWITCH_OK state=MODE_SWITCH_OK attempts=1 streak=0
[2026-09-10T05:52:57.716Z] batch=field-waveform-1789019417711-2 D6 MODE_SWITCH_START state=MODE_SWITCHING attempts=1 streak=0 attempt=1
[2026-09-10T05:52:57.720Z] batch=field-waveform-1789019417711-2 D6 MODE_SWITCH_OK state=MODE_SWITCH_OK attempts=1 streak=0
[2026-09-10T05:53:03.186Z] batch=field-waveform-1789019583184-3 D1 MODE_SWITCH_START state=MODE_SWITCHING attempts=1 streak=0 attempt=1
[2026-09-10T05:53:03.197Z] batch=field-waveform-1789019583184-3 D2 MODE_SWITCH_START state=MODE_SWITCHING attempts=1 streak=0 attempt=1
[2026-09-10T05:53:03.200Z] batch=field-waveform-1789019583184-3 D3 MODE_SWITCH_START state=MODE_SWITCHING attempts=1 streak=0 attempt=1
[2026-09-10T05:53:03.202Z] batch=field-waveform-1789019583184-3 D4 MODE_SWITCH_START state=MODE_SWITCHING attempts=1 streak=0 attempt=1
[2026-09-10T05:53:03.204Z] batch=field-waveform-1789019583184-3 D5 MODE_SWITCH_START state=MODE_SWITCHING attempts=1 streak=0 attempt=1
[2026-09-10T05:53:03.208Z] batch=field-waveform-1789019583184-3 D6 MODE_SWITCH_START state=MODE_SWITCHING attempts=1 streak=0 attempt=1
[2026-09-10T05:53:03.219Z] batch=field-waveform-1789019583184-3 D1 MODE_SWITCH_OK state=MODE_SWITCH_OK attempts=1 streak=0
[2026-09-10T05:53:03.220Z] batch=field-waveform-1789019583184-3 D2 MODE_SWITCH_OK state=MODE_SWITCH_OK attempts=1 streak=0
[2026-09-10T05:53:03.226Z] batch=field-waveform-1789019583184-3 D3 MODE_SWITCH_OK state=MODE_SWITCH_OK attempts=1 streak=0
[2026-09-10T05:53:03.227Z] batch=field-waveform-1789019583184-3 D4 MODE_SWITCH_OK state=MODE_SWITCH_OK attempts=1 streak=0
[2026-09-10T05:53:03.228Z] batch=field-waveform-1789019583184-3 D5 MODE_SWITCH_OK state=MODE_SWITCH_OK attempts=1 streak=0
[2026-09-10T05:53:03.229Z] batch=field-waveform-1789019583184-3 D6 MODE_SWITCH_OK state=MODE_SWITCH_OK attempts=1 streak=0
[2026-09-10T05:53:07.679Z] batch=field-waveform-1789019583184-3 D3 MODE_SWITCH_START state=MODE_SWITCHING attempts=1 streak=0 attempt=1
[2026-09-10T05:53:07.701Z] batch=field-waveform-1789019583184-3 D3 MODE_SWITCH_OK state=MODE_SWITCH_OK attempts=1 streak=0
[2026-09-10T05:53:07.705Z] batch=field-waveform-1789019583184-3 D5 MODE_SWITCH_START state=MODE_SWITCHING attempts=1 streak=0 attempt=1
[2026-09-10T05:53:07.722Z] batch=field-waveform-1789019583184-3 D5 MODE_SWITCH_OK state=MODE_SWITCH_OK attempts=1 streak=0
[2026-09-10T05:53:07.730Z] batch=field-waveform-1789019583184-3 D4 MODE_SWITCH_START state=MODE_SWITCHING attempts=1 streak=0 attempt=1
[2026-09-10T05:53:07.739Z] batch=field-waveform-1789019583184-3 D4 MODE_SWITCH_OK state=MODE_SWITCH_OK attempts=1 streak=0
[2026-09-10T05:53:07.744Z] batch=field-waveform-1789019583184-3 D2 MODE_SWITCH_START state=MODE_SWITCHING attempts=1 streak=0 attempt=1
[2026-09-10T05:53:07.748Z] batch=field-waveform-1789019583184-3 D2 MODE_SWITCH_OK state=MODE_SWITCH_OK attempts=1 streak=0
[2026-09-10T05:53:07.749Z] batch=field-waveform-1789019583184-3 D1 MODE_SWITCH_START state=MODE_SWITCHING attempts=1 streak=0 attempt=1
[2026-09-10T05:53:07.752Z] batch=field-waveform-1789019583184-3 D1 MODE_SWITCH_OK state=MODE_SWITCH_OK attempts=1 streak=0
[2026-09-10T05:53:07.754Z] batch=field-waveform-1789019583184-3 D6 MODE_SWITCH_START state=MODE_SWITCHING attempts=1 streak=0 attempt=1
[2026-09-10T05:53:07.757Z] batch=field-waveform-1789019583184-3 D6 MODE_SWITCH_OK state=MODE_SWITCH_OK attempts=1 streak=0
[2026-09-10T05:53:17.708Z] batch=field-waveform-1789019583184-3 D3 MODE_SWITCH_START state=MODE_SWITCHING attempts=1 streak=0 attempt=1
[2026-09-10T05:53:17.714Z] batch=field-waveform-1789019583184-3 D3 MODE_SWITCH_OK state=MODE_SWITCH_OK attempts=1 streak=0
[2026-09-10T05:53:17.733Z] batch=field-waveform-1789019583184-3 D5 MODE_SWITCH_START state=MODE_SWITCHING attempts=1 streak=0 attempt=1
[2026-09-10T05:53:17.744Z] batch=field-waveform-1789019583184-3 D5 MODE_SWITCH_OK state=MODE_SWITCH_OK attempts=1 streak=0
[2026-09-10T05:53:17.746Z] batch=field-waveform-1789019583184-3 D4 MODE_SWITCH_START state=MODE_SWITCHING attempts=1 streak=0 attempt=1
[2026-09-10T05:53:17.753Z] batch=field-waveform-1789019583184-3 D4 MODE_SWITCH_OK state=MODE_SWITCH_OK attempts=1 streak=0
[2026-09-10T05:53:17.754Z] batch=field-waveform-1789019583184-3 D2 MODE_SWITCH_START state=MODE_SWITCHING attempts=1 streak=0 attempt=1
[2026-09-10T05:53:17.757Z] batch=field-waveform-1789019583184-3 D2 MODE_SWITCH_OK state=MODE_SWITCH_OK attempts=1 streak=0
[2026-09-10T05:53:17.759Z] batch=field-waveform-1789019583184-3 D1 MODE_SWITCH_START state=MODE_SWITCHING attempts=1 streak=0 attempt=1
[2026-09-10T05:53:17.761Z] batch=field-waveform-1789019583184-3 D1 MODE_SWITCH_OK state=MODE_SWITCH_OK attempts=1 streak=0
[2026-09-10T05:53:17.762Z] batch=field-waveform-1789019583184-3 D6 MODE_SWITCH_START state=MODE_SWITCHING attempts=1 streak=0 attempt=1
[2026-09-10T05:53:17.771Z] batch=field-waveform-1789019583184-3 D6 MODE_SWITCH_OK state=MODE_SWITCH_OK attempts=1 streak=0
[2026-09-10T05:53:27.728Z] batch=field-waveform-1789019583184-3 D3 MODE_SWITCH_START state=MODE_SWITCHING attempts=1 streak=0 attempt=1
[2026-09-10T05:53:27.754Z] batch=field-waveform-1789019583184-3 D3 MODE_SWITCH_OK state=MODE_SWITCH_OK attempts=1 streak=0
[2026-09-10T05:53:27.771Z] batch=field-waveform-1789019583184-3 D5 MODE_SWITCH_START state=MODE_SWITCHING attempts=1 streak=0 attempt=1
[2026-09-10T05:53:27.779Z] batch=field-waveform-1789019583184-3 D5 MODE_SWITCH_OK state=MODE_SWITCH_OK attempts=1 streak=0
[2026-09-10T05:53:27.780Z] batch=field-waveform-1789019583184-3 D4 MODE_SWITCH_START state=MODE_SWITCHING attempts=1 streak=0 attempt=1
[2026-09-10T05:53:27.783Z] batch=field-waveform-1789019583184-3 D4 MODE_SWITCH_OK state=MODE_SWITCH_OK attempts=1 streak=0
[2026-09-10T05:53:27.784Z] batch=field-waveform-1789019583184-3 D2 MODE_SWITCH_START state=MODE_SWITCHING attempts=1 streak=0 attempt=1
[2026-09-10T05:53:27.788Z] batch=field-waveform-1789019583184-3 D2 MODE_SWITCH_OK state=MODE_SWITCH_OK attempts=1 streak=0
[2026-09-10T05:53:27.793Z] batch=field-waveform-1789019583184-3 D1 MODE_SWITCH_START state=MODE_SWITCHING attempts=1 streak=0 attempt=1
[2026-09-10T05:53:27.797Z] batch=field-waveform-1789019583184-3 D1 MODE_SWITCH_OK state=MODE_SWITCH_OK attempts=1 streak=0
[2026-09-10T05:53:27.798Z] batch=field-waveform-1789019583184-3 D6 MODE_SWITCH_START state=MODE_SWITCHING attempts=1 streak=0 attempt=1
[2026-09-10T05:53:27.801Z] batch=field-waveform-1789019583184-3 D6 MODE_SWITCH_OK state=MODE_SWITCH_OK attempts=1 streak=0
[2026-09-10T05:53:32.814Z] batch=field-waveform-1789019583184-3 D3 FIRST_FRAME state=FIRST_FRAME_RECEIVED attempts=1 streak=1
[2026-09-10T05:53:32.815Z] batch=field-waveform-1789019583184-3 D3 FIRST_VALID_SAMPLE state=FIRST_FRAME_RECEIVED attempts=1 streak=1
[2026-09-10T05:53:32.838Z] batch=field-waveform-1789019583184-3 D4 FIRST_FRAME state=FIRST_FRAME_RECEIVED attempts=1 streak=1
[2026-09-10T05:53:32.839Z] batch=field-waveform-1789019583184-3 D4 FIRST_VALID_SAMPLE state=FIRST_FRAME_RECEIVED attempts=1 streak=1
[2026-09-10T05:53:32.849Z] batch=field-waveform-1789019583184-3 D2 FIRST_FRAME state=FIRST_FRAME_RECEIVED attempts=1 streak=1
[2026-09-10T05:53:32.849Z] batch=field-waveform-1789019583184-3 D2 FIRST_VALID_SAMPLE state=FIRST_FRAME_RECEIVED attempts=1 streak=1
[2026-09-10T05:53:32.859Z] batch=field-waveform-1789019583184-3 D5 FIRST_FRAME state=FIRST_FRAME_RECEIVED attempts=1 streak=1
[2026-09-10T05:53:32.860Z] batch=field-waveform-1789019583184-3 D5 FIRST_VALID_SAMPLE state=FIRST_FRAME_RECEIVED attempts=1 streak=1
[2026-09-10T05:53:32.878Z] batch=field-waveform-1789019583184-3 D1 FIRST_FRAME state=FIRST_FRAME_RECEIVED attempts=1 streak=1
[2026-09-10T05:53:32.878Z] batch=field-waveform-1789019583184-3 D1 FIRST_VALID_SAMPLE state=FIRST_FRAME_RECEIVED attempts=1 streak=1
[2026-09-10T05:53:32.899Z] batch=field-waveform-1789019583184-3 D6 FIRST_FRAME state=FIRST_FRAME_RECEIVED attempts=1 streak=1
[2026-09-10T05:53:32.899Z] batch=field-waveform-1789019583184-3 D6 FIRST_VALID_SAMPLE state=FIRST_FRAME_RECEIVED attempts=1 streak=1
[2026-09-10T05:53:33.068Z] batch=field-waveform-1789019583184-3 D3 CHANNEL_SYNC_OK state=TEST_READY attempts=1 streak=5
[2026-09-10T05:53:33.068Z] batch=field-waveform-1789019583184-3 D3 TEST_READY state=TEST_READY attempts=1 streak=5
[2026-09-10T05:53:33.089Z] batch=field-waveform-1789019583184-3 D2 CHANNEL_SYNC_OK state=TEST_READY attempts=1 streak=5
[2026-09-10T05:53:33.089Z] batch=field-waveform-1789019583184-3 D2 TEST_READY state=TEST_READY attempts=1 streak=5
[2026-09-10T05:53:33.094Z] batch=field-waveform-1789019583184-3 D4 CHANNEL_SYNC_OK state=TEST_READY attempts=1 streak=5
[2026-09-10T05:53:33.094Z] batch=field-waveform-1789019583184-3 D4 TEST_READY state=TEST_READY attempts=1 streak=5
[2026-09-10T05:53:33.116Z] batch=field-waveform-1789019583184-3 D5 CHANNEL_SYNC_OK state=TEST_READY attempts=1 streak=5
[2026-09-10T05:53:33.117Z] batch=field-waveform-1789019583184-3 D5 TEST_READY state=TEST_READY attempts=1 streak=5
[2026-09-10T05:53:33.129Z] batch=field-waveform-1789019583184-3 D1 CHANNEL_SYNC_OK state=TEST_READY attempts=1 streak=5
[2026-09-10T05:53:33.129Z] batch=field-waveform-1789019583184-3 D1 TEST_READY state=TEST_READY attempts=1 streak=5
[2026-09-10T05:53:33.169Z] batch=field-waveform-1789019583184-3 D6 CHANNEL_SYNC_OK state=TEST_READY attempts=1 streak=5
[2026-09-10T05:53:33.169Z] batch=field-waveform-1789019583184-3 D6 TEST_READY state=TEST_READY attempts=1 streak=5
[2026-09-10T05:54:40.747Z] batch=field-waveform-1789019583184-3 D1 MODE_SWITCH_START state=MODE_SWITCHING attempts=1 streak=0 attempt=1
[2026-09-10T05:54:40.759Z] batch=field-waveform-1789019583184-3 D1 MODE_SWITCH_OK state=MODE_SWITCH_OK attempts=1 streak=0
[2026-09-10T05:54:40.766Z] batch=field-waveform-1789019583184-3 D3 MODE_SWITCH_START state=MODE_SWITCHING attempts=1 streak=0 attempt=1
[2026-09-10T05:54:40.769Z] batch=field-waveform-1789019583184-3 D3 MODE_SWITCH_OK state=MODE_SWITCH_OK attempts=1 streak=0
[2026-09-10T05:54:40.775Z] batch=field-waveform-1789019583184-3 D6 MODE_SWITCH_START state=MODE_SWITCHING attempts=1 streak=0 attempt=1
[2026-09-10T05:54:40.778Z] batch=field-waveform-1789019583184-3 D6 MODE_SWITCH_OK state=MODE_SWITCH_OK attempts=1 streak=0
[2026-09-10T05:54:40.784Z] batch=field-waveform-1789019583184-3 D4 MODE_SWITCH_START state=MODE_SWITCHING attempts=1 streak=0 attempt=1
[2026-09-10T05:54:40.786Z] batch=field-waveform-1789019583184-3 D4 MODE_SWITCH_OK state=MODE_SWITCH_OK attempts=1 streak=0
[2026-09-10T05:54:40.791Z] batch=field-waveform-1789019583184-3 D2 MODE_SWITCH_START state=MODE_SWITCHING attempts=1 streak=0 attempt=1
[2026-09-10T05:54:40.796Z] batch=field-waveform-1789019583184-3 D2 MODE_SWITCH_OK state=MODE_SWITCH_OK attempts=1 streak=0
[2026-09-10T05:54:40.802Z] batch=field-waveform-1789019583184-3 D5 MODE_SWITCH_START state=MODE_SWITCHING attempts=1 streak=0 attempt=1
[2026-09-10T05:54:40.812Z] batch=field-waveform-1789019583184-3 D5 MODE_SWITCH_OK state=MODE_SWITCH_OK attempts=1 streak=0
[2026-09-10T05:54:50.803Z] batch=field-waveform-1789019583184-3 D1 MODE_SWITCH_START state=MODE_SWITCHING attempts=1 streak=0 attempt=1
[2026-09-10T05:54:50.813Z] batch=field-waveform-1789019583184-3 D1 MODE_SWITCH_OK state=MODE_SWITCH_OK attempts=1 streak=0
[2026-09-10T05:54:50.828Z] batch=field-waveform-1789019583184-3 D3 MODE_SWITCH_START state=MODE_SWITCHING attempts=1 streak=0 attempt=1
[2026-09-10T05:54:50.831Z] batch=field-waveform-1789019583184-3 D3 MODE_SWITCH_OK state=MODE_SWITCH_OK attempts=1 streak=0
[2026-09-10T05:54:50.838Z] batch=field-waveform-1789019583184-3 D6 MODE_SWITCH_START state=MODE_SWITCHING attempts=1 streak=0 attempt=1
[2026-09-10T05:54:50.840Z] batch=field-waveform-1789019583184-3 D6 MODE_SWITCH_OK state=MODE_SWITCH_OK attempts=1 streak=0
[2026-09-10T05:54:50.846Z] batch=field-waveform-1789019583184-3 D4 MODE_SWITCH_START state=MODE_SWITCHING attempts=1 streak=0 attempt=1
[2026-09-10T05:54:50.855Z] batch=field-waveform-1789019583184-3 D4 MODE_SWITCH_OK state=MODE_SWITCH_OK attempts=1 streak=0
[2026-09-10T05:54:50.862Z] batch=field-waveform-1789019583184-3 D2 MODE_SWITCH_START state=MODE_SWITCHING attempts=1 streak=0 attempt=1
[2026-09-10T05:54:50.864Z] batch=field-waveform-1789019583184-3 D2 MODE_SWITCH_OK state=MODE_SWITCH_OK attempts=1 streak=0
[2026-09-10T05:54:50.869Z] batch=field-waveform-1789019583184-3 D5 MODE_SWITCH_START state=MODE_SWITCHING attempts=1 streak=0 attempt=1
[2026-09-10T05:54:50.872Z] batch=field-waveform-1789019583184-3 D5 MODE_SWITCH_OK state=MODE_SWITCH_OK attempts=1 streak=0
[2026-09-10T05:54:55.941Z] batch=field-waveform-1789019583184-3 D1 FIRST_FRAME state=FIRST_FRAME_RECEIVED attempts=1 streak=1
[2026-09-10T05:54:55.941Z] batch=field-waveform-1789019583184-3 D1 FIRST_VALID_SAMPLE state=FIRST_FRAME_RECEIVED attempts=1 streak=1
[2026-09-10T05:54:55.946Z] batch=field-waveform-1789019583184-3 D3 FIRST_FRAME state=FIRST_FRAME_RECEIVED attempts=1 streak=1
[2026-09-10T05:54:55.946Z] batch=field-waveform-1789019583184-3 D3 FIRST_VALID_SAMPLE state=FIRST_FRAME_RECEIVED attempts=1 streak=1
[2026-09-10T05:54:55.950Z] batch=field-waveform-1789019583184-3 D4 FIRST_FRAME state=FIRST_FRAME_RECEIVED attempts=1 streak=1
[2026-09-10T05:54:55.951Z] batch=field-waveform-1789019583184-3 D4 FIRST_VALID_SAMPLE state=FIRST_FRAME_RECEIVED attempts=1 streak=1
[2026-09-10T05:54:55.957Z] batch=field-waveform-1789019583184-3 D6 FIRST_FRAME state=FIRST_FRAME_RECEIVED attempts=1 streak=1
[2026-09-10T05:54:55.957Z] batch=field-waveform-1789019583184-3 D6 FIRST_VALID_SAMPLE state=FIRST_FRAME_RECEIVED attempts=1 streak=1
[2026-09-10T05:54:55.960Z] batch=field-waveform-1789019583184-3 D5 FIRST_FRAME state=FIRST_FRAME_RECEIVED attempts=1 streak=1
[2026-09-10T05:54:55.961Z] batch=field-waveform-1789019583184-3 D5 FIRST_VALID_SAMPLE state=FIRST_FRAME_RECEIVED attempts=1 streak=1
[2026-09-10T05:54:56.301Z] batch=field-waveform-1789019583184-3 D2 FIRST_FRAME state=FIRST_FRAME_RECEIVED attempts=1 streak=1
[2026-09-10T05:54:56.301Z] batch=field-waveform-1789019583184-3 D2 FIRST_VALID_SAMPLE state=FIRST_FRAME_RECEIVED attempts=1 streak=1
[2026-09-10T05:54:56.311Z] batch=field-waveform-1789019583184-3 D2 CHANNEL_SYNC_OK state=TEST_READY attempts=1 streak=5
[2026-09-10T05:54:56.311Z] batch=field-waveform-1789019583184-3 D2 TEST_READY state=TEST_READY attempts=1 streak=5
[2026-09-10T05:54:56.325Z] batch=field-waveform-1789019583184-3 D6 CHANNEL_SYNC_OK state=TEST_READY attempts=1 streak=5
[2026-09-10T05:54:56.325Z] batch=field-waveform-1789019583184-3 D6 TEST_READY state=TEST_READY attempts=1 streak=5
[2026-09-10T05:54:56.331Z] batch=field-waveform-1789019583184-3 D1 CHANNEL_SYNC_OK state=TEST_READY attempts=1 streak=5
[2026-09-10T05:54:56.331Z] batch=field-waveform-1789019583184-3 D1 TEST_READY state=TEST_READY attempts=1 streak=5
[2026-09-10T05:54:56.339Z] batch=field-waveform-1789019583184-3 D5 CHANNEL_SYNC_OK state=TEST_READY attempts=1 streak=5
[2026-09-10T05:54:56.340Z] batch=field-waveform-1789019583184-3 D5 TEST_READY state=TEST_READY attempts=1 streak=5
[2026-09-10T05:54:56.350Z] batch=field-waveform-1789019583184-3 D3 CHANNEL_SYNC_OK state=TEST_READY attempts=1 streak=5
[2026-09-10T05:54:56.351Z] batch=field-waveform-1789019583184-3 D3 TEST_READY state=TEST_READY attempts=1 streak=5
[2026-09-10T05:54:56.358Z] batch=field-waveform-1789019583184-3 D4 CHANNEL_SYNC_OK state=TEST_READY attempts=1 streak=5
[2026-09-10T05:54:56.358Z] batch=field-waveform-1789019583184-3 D4 TEST_READY state=TEST_READY attempts=1 streak=5
