[2026-09-14T11:11:32.806Z] batch=- D1 POWER_ON state=COMMUNICATION_READY attempts=0 streak=0
[2026-09-14T11:11:32.806Z] batch=- D1 RS485_RESPONSE state=COMMUNICATION_READY attempts=0 streak=0
[2026-09-14T11:11:32.811Z] batch=- D2 POWER_ON state=COMMUNICATION_READY attempts=0 streak=0
[2026-09-14T11:11:32.811Z] batch=- D2 RS485_RESPONSE state=COMMUNICATION_READY attempts=0 streak=0
[2026-09-14T11:11:32.812Z] batch=- D3 POWER_ON state=COMMUNICATION_READY attempts=0 streak=0
[2026-09-14T11:11:32.813Z] batch=- D3 RS485_RESPONSE state=COMMUNICATION_READY attempts=0 streak=0
[2026-09-14T11:11:32.815Z] batch=- D4 POWER_ON state=COMMUNICATION_READY attempts=0 streak=0
[2026-09-14T11:11:32.816Z] batch=- D4 RS485_RESPONSE state=COMMUNICATION_READY attempts=0 streak=0
[2026-09-14T11:11:32.818Z] batch=- D5 POWER_ON state=COMMUNICATION_READY attempts=0 streak=0
[2026-09-14T11:11:32.818Z] batch=- D5 RS485_RESPONSE state=COMMUNICATION_READY attempts=0 streak=0
[2026-09-14T11:11:32.819Z] batch=- D6 POWER_ON state=COMMUNICATION_READY attempts=0 streak=0
[2026-09-14T11:11:32.820Z] batch=- D6 RS485_RESPONSE state=COMMUNICATION_READY attempts=0 streak=0
[2026-09-14T11:11:32.821Z] batch=- D1 MODE_SWITCH_START state=MODE_SWITCHING attempts=1 streak=0 attempt=1
[2026-09-14T11:11:32.823Z] batch=- D2 MODE_SWITCH_START state=MODE_SWITCHING attempts=1 streak=0 attempt=1
[2026-09-14T11:11:32.825Z] batch=- D3 MODE_SWITCH_START state=MODE_SWITCHING attempts=1 streak=0 attempt=1
[2026-09-14T11:11:32.833Z] batch=- D4 MODE_SWITCH_START state=MODE_SWITCHING attempts=1 streak=0 attempt=1
[2026-09-14T11:11:32.834Z] batch=- D5 MODE_SWITCH_START state=MODE_SWITCHING attempts=1 streak=0 attempt=1
[2026-09-14T11:11:32.835Z] batch=- D6 MODE_SWITCH_START state=MODE_SWITCHING attempts=1 streak=0 attempt=1
[2026-09-14T11:11:32.837Z] batch=- D1 MODE_SWITCH_OK state=MODE_SWITCH_OK attempts=1 streak=0
[2026-09-14T11:11:32.838Z] batch=- D2 MODE_SWITCH_OK state=MODE_SWITCH_OK attempts=1 streak=0
[2026-09-14T11:11:32.840Z] batch=- D3 MODE_SWITCH_OK state=MODE_SWITCH_OK attempts=1 streak=0
[2026-09-14T11:11:32.841Z] batch=- D4 MODE_SWITCH_OK state=MODE_SWITCH_OK attempts=1 streak=0
[2026-09-14T11:11:32.847Z] batch=- D5 MODE_SWITCH_OK state=MODE_SWITCH_OK attempts=1 streak=0
[2026-09-14T11:11:32.854Z] batch=- D6 MODE_SWITCH_OK state=MODE_SWITCH_OK attempts=1 streak=0
[2026-09-14T11:11:41.770Z] batch=field-waveform-1789384301768-1 D1 MODE_SWITCH_START state=MODE_SWITCHING attempts=1 streak=0 attempt=1
[2026-09-14T11:11:41.772Z] batch=field-waveform-1789384301768-1 D2 MODE_SWITCH_START state=MODE_SWITCHING attempts=1 streak=0 attempt=1
[2026-09-14T11:11:41.774Z] batch=field-waveform-1789384301768-1 D3 MODE_SWITCH_START state=MODE_SWITCHING attempts=1 streak=0 attempt=1
[2026-09-14T11:11:41.776Z] batch=field-waveform-1789384301768-1 D4 MODE_SWITCH_START state=MODE_SWITCHING attempts=1 streak=0 attempt=1
[2026-09-14T11:11:41.778Z] batch=field-waveform-1789384301768-1 D5 MODE_SWITCH_START state=MODE_SWITCHING attempts=1 streak=0 attempt=1
[2026-09-14T11:11:41.780Z] batch=field-waveform-1789384301768-1 D6 MODE_SWITCH_START state=MODE_SWITCHING attempts=1 streak=0 attempt=1
[2026-09-14T11:11:41.788Z] batch=field-waveform-1789384301768-1 D1 MODE_SWITCH_OK state=MODE_SWITCH_OK attempts=1 streak=0
[2026-09-14T11:11:41.790Z] batch=field-waveform-1789384301768-1 D2 MODE_SWITCH_OK state=MODE_SWITCH_OK attempts=1 streak=0
[2026-09-14T11:11:41.791Z] batch=field-waveform-1789384301768-1 D3 MODE_SWITCH_OK state=MODE_SWITCH_OK attempts=1 streak=0
[2026-09-14T11:11:41.793Z] batch=field-waveform-1789384301768-1 D4 MODE_SWITCH_OK state=MODE_SWITCH_OK attempts=1 streak=0
[2026-09-14T11:11:41.795Z] batch=field-waveform-1789384301768-1 D5 MODE_SWITCH_OK state=MODE_SWITCH_OK attempts=1 streak=0
[2026-09-14T11:11:41.796Z] batch=field-waveform-1789384301768-1 D6 MODE_SWITCH_OK state=MODE_SWITCH_OK attempts=1 streak=0
[2026-09-14T11:11:42.853Z] batch=field-waveform-1789384301768-1 D1 MODE_SWITCH_START state=MODE_SWITCHING attempts=1 streak=0 attempt=1
[2026-09-14T11:11:42.855Z] batch=field-waveform-1789384301768-1 D1 MODE_SWITCH_OK state=MODE_SWITCH_OK attempts=1 streak=0
[2026-09-14T11:11:42.857Z] batch=field-waveform-1789384301768-1 D2 MODE_SWITCH_START state=MODE_SWITCHING attempts=1 streak=0 attempt=1
[2026-09-14T11:11:42.859Z] batch=field-waveform-1789384301768-1 D2 MODE_SWITCH_OK state=MODE_SWITCH_OK attempts=1 streak=0
[2026-09-14T11:11:42.862Z] batch=field-waveform-1789384301768-1 D3 MODE_SWITCH_START state=MODE_SWITCHING attempts=1 streak=0 attempt=1
[2026-09-14T11:11:42.891Z] batch=field-waveform-1789384301768-1 D3 MODE_SWITCH_OK state=MODE_SWITCH_OK attempts=1 streak=0
[2026-09-14T11:11:42.892Z] batch=field-waveform-1789384301768-1 D4 MODE_SWITCH_START state=MODE_SWITCHING attempts=1 streak=0 attempt=1
[2026-09-14T11:11:42.893Z] batch=field-waveform-1789384301768-1 D4 MODE_SWITCH_OK state=MODE_SWITCH_OK attempts=1 streak=0
[2026-09-14T11:11:42.901Z] batch=field-waveform-1789384301768-1 D5 MODE_SWITCH_START state=MODE_SWITCHING attempts=1 streak=0 attempt=1
[2026-09-14T11:11:42.902Z] batch=field-waveform-1789384301768-1 D5 MODE_SWITCH_OK state=MODE_SWITCH_OK attempts=1 streak=0
[2026-09-14T11:11:42.904Z] batch=field-waveform-1789384301768-1 D6 MODE_SWITCH_START state=MODE_SWITCHING attempts=1 streak=0 attempt=1
[2026-09-14T11:11:42.907Z] batch=field-waveform-1789384301768-1 D6 MODE_SWITCH_OK state=MODE_SWITCH_OK attempts=1 streak=0
[2026-09-14T11:11:52.865Z] batch=field-waveform-1789384301768-1 D1 MODE_SWITCH_START state=MODE_SWITCHING attempts=1 streak=0 attempt=1
[2026-09-14T11:11:52.868Z] batch=field-waveform-1789384301768-1 D1 MODE_SWITCH_OK state=MODE_SWITCH_OK attempts=1 streak=0
[2026-09-14T11:11:52.870Z] batch=field-waveform-1789384301768-1 D2 MODE_SWITCH_START state=MODE_SWITCHING attempts=1 streak=0 attempt=1
[2026-09-14T11:11:52.872Z] batch=field-waveform-1789384301768-1 D2 MODE_SWITCH_OK state=MODE_SWITCH_OK attempts=1 streak=0
[2026-09-14T11:11:52.903Z] batch=field-waveform-1789384301768-1 D3 MODE_SWITCH_START state=MODE_SWITCHING attempts=1 streak=0 attempt=1
[2026-09-14T11:11:52.905Z] batch=field-waveform-1789384301768-1 D3 MODE_SWITCH_OK state=MODE_SWITCH_OK attempts=1 streak=0
[2026-09-14T11:11:52.908Z] batch=field-waveform-1789384301768-1 D4 MODE_SWITCH_START state=MODE_SWITCHING attempts=1 streak=0 attempt=1
[2026-09-14T11:11:52.911Z] batch=field-waveform-1789384301768-1 D4 MODE_SWITCH_OK state=MODE_SWITCH_OK attempts=1 streak=0
[2026-09-14T11:11:52.912Z] batch=field-waveform-1789384301768-1 D5 MODE_SWITCH_START state=MODE_SWITCHING attempts=1 streak=0 attempt=1
[2026-09-14T11:11:52.913Z] batch=field-waveform-1789384301768-1 D5 MODE_SWITCH_OK state=MODE_SWITCH_OK attempts=1 streak=0
[2026-09-14T11:11:52.914Z] batch=field-waveform-1789384301768-1 D6 MODE_SWITCH_START state=MODE_SWITCHING attempts=1 streak=0 attempt=1
[2026-09-14T11:11:52.916Z] batch=field-waveform-1789384301768-1 D6 MODE_SWITCH_OK state=MODE_SWITCH_OK attempts=1 streak=0
[2026-09-14T11:12:02.872Z] batch=field-waveform-1789384301768-1 D1 MODE_SWITCH_START state=MODE_SWITCHING attempts=1 streak=0 attempt=1
[2026-09-14T11:12:02.875Z] batch=field-waveform-1789384301768-1 D1 MODE_SWITCH_OK state=MODE_SWITCH_OK attempts=1 streak=0
[2026-09-14T11:12:02.879Z] batch=field-waveform-1789384301768-1 D2 MODE_SWITCH_START state=MODE_SWITCHING attempts=1 streak=0 attempt=1
[2026-09-14T11:12:02.885Z] batch=field-waveform-1789384301768-1 D2 MODE_SWITCH_OK state=MODE_SWITCH_OK attempts=1 streak=0
[2026-09-14T11:12:02.910Z] batch=field-waveform-1789384301768-1 D3 MODE_SWITCH_START state=MODE_SWITCHING attempts=1 streak=0 attempt=1
[2026-09-14T11:12:02.912Z] batch=field-waveform-1789384301768-1 D3 MODE_SWITCH_OK state=MODE_SWITCH_OK attempts=1 streak=0
[2026-09-14T11:12:02.917Z] batch=field-waveform-1789384301768-1 D4 MODE_SWITCH_START state=MODE_SWITCHING attempts=1 streak=0 attempt=1
[2026-09-14T11:12:02.920Z] batch=field-waveform-1789384301768-1 D4 MODE_SWITCH_OK state=MODE_SWITCH_OK attempts=1 streak=0
[2026-09-14T11:12:02.923Z] batch=field-waveform-1789384301768-1 D5 MODE_SWITCH_START state=MODE_SWITCHING attempts=1 streak=0 attempt=1
[2026-09-14T11:12:02.926Z] batch=field-waveform-1789384301768-1 D5 MODE_SWITCH_OK state=MODE_SWITCH_OK attempts=1 streak=0
[2026-09-14T11:12:02.927Z] batch=field-waveform-1789384301768-1 D6 MODE_SWITCH_START state=MODE_SWITCHING attempts=1 streak=0 attempt=1
[2026-09-14T11:12:02.928Z] batch=field-waveform-1789384301768-1 D6 MODE_SWITCH_OK state=MODE_SWITCH_OK attempts=1 streak=0
[2026-09-14T11:12:07.952Z] batch=field-waveform-1789384301768-1 D2 FIRST_FRAME state=FIRST_FRAME_RECEIVED attempts=1 streak=1
[2026-09-14T11:12:07.953Z] batch=field-waveform-1789384301768-1 D2 FIRST_VALID_SAMPLE state=FIRST_FRAME_RECEIVED attempts=1 streak=1
[2026-09-14T11:12:07.958Z] batch=field-waveform-1789384301768-1 D4 FIRST_FRAME state=FIRST_FRAME_RECEIVED attempts=1 streak=1
[2026-09-14T11:12:07.958Z] batch=field-waveform-1789384301768-1 D4 FIRST_VALID_SAMPLE state=FIRST_FRAME_RECEIVED attempts=1 streak=1
[2026-09-14T11:12:07.992Z] batch=field-waveform-1789384301768-1 D6 FIRST_FRAME state=FIRST_FRAME_RECEIVED attempts=1 streak=1
[2026-09-14T11:12:07.992Z] batch=field-waveform-1789384301768-1 D6 FIRST_VALID_SAMPLE state=FIRST_FRAME_RECEIVED attempts=1 streak=1
[2026-09-14T11:12:08.015Z] batch=field-waveform-1789384301768-1 D5 FIRST_FRAME state=FIRST_FRAME_RECEIVED attempts=1 streak=1
[2026-09-14T11:12:08.016Z] batch=field-waveform-1789384301768-1 D5 FIRST_VALID_SAMPLE state=FIRST_FRAME_RECEIVED attempts=1 streak=1
[2026-09-14T11:12:08.197Z] batch=field-waveform-1789384301768-1 D2 CHANNEL_SYNC_OK state=TEST_READY attempts=1 streak=5
[2026-09-14T11:12:08.197Z] batch=field-waveform-1789384301768-1 D2 TEST_READY state=TEST_READY attempts=1 streak=5
[2026-09-14T11:12:08.204Z] batch=field-waveform-1789384301768-1 D4 CHANNEL_SYNC_OK state=TEST_READY attempts=1 streak=5
[2026-09-14T11:12:08.204Z] batch=field-waveform-1789384301768-1 D4 TEST_READY state=TEST_READY attempts=1 streak=5
[2026-09-14T11:12:08.245Z] batch=field-waveform-1789384301768-1 D6 CHANNEL_SYNC_OK state=TEST_READY attempts=1 streak=5
[2026-09-14T11:12:08.246Z] batch=field-waveform-1789384301768-1 D6 TEST_READY state=TEST_READY attempts=1 streak=5
[2026-09-14T11:12:08.268Z] batch=field-waveform-1789384301768-1 D5 CHANNEL_SYNC_OK state=TEST_READY attempts=1 streak=5
[2026-09-14T11:12:08.269Z] batch=field-waveform-1789384301768-1 D5 TEST_READY state=TEST_READY attempts=1 streak=5
[2026-09-14T11:12:12.882Z] batch=field-waveform-1789384301768-1 D1 MODE_SWITCH_START state=MODE_SWITCHING attempts=1 streak=0 attempt=1
[2026-09-14T11:12:12.886Z] batch=field-waveform-1789384301768-1 D1 MODE_SWITCH_OK state=MODE_SWITCH_OK attempts=1 streak=0
[2026-09-14T11:12:12.924Z] batch=field-waveform-1789384301768-1 D3 MODE_SWITCH_START state=MODE_SWITCHING attempts=1 streak=0 attempt=1
[2026-09-14T11:12:12.926Z] batch=field-waveform-1789384301768-1 D3 MODE_SWITCH_OK state=MODE_SWITCH_OK attempts=1 streak=0
[2026-09-14T11:12:22.889Z] batch=field-waveform-1789384301768-1 D1 MODE_SWITCH_START state=MODE_SWITCHING attempts=1 streak=0 attempt=1
[2026-09-14T11:12:22.891Z] batch=field-waveform-1789384301768-1 D1 MODE_SWITCH_OK state=MODE_SWITCH_OK attempts=1 streak=0
[2026-09-14T11:12:22.930Z] batch=field-waveform-1789384301768-1 D3 MODE_SWITCH_START state=MODE_SWITCHING attempts=1 streak=0 attempt=1
[2026-09-14T11:12:22.932Z] batch=field-waveform-1789384301768-1 D3 MODE_SWITCH_OK state=MODE_SWITCH_OK attempts=1 streak=0
[2026-09-14T11:12:27.926Z] batch=field-waveform-1789384301768-1 D1 FIRST_FRAME state=FIRST_FRAME_RECEIVED attempts=1 streak=1
[2026-09-14T11:12:27.927Z] batch=field-waveform-1789384301768-1 D1 FIRST_VALID_SAMPLE state=FIRST_FRAME_RECEIVED attempts=1 streak=1
[2026-09-14T11:12:27.994Z] batch=field-waveform-1789384301768-1 D3 FIRST_FRAME state=FIRST_FRAME_RECEIVED attempts=1 streak=1
[2026-09-14T11:12:27.994Z] batch=field-waveform-1789384301768-1 D3 FIRST_VALID_SAMPLE state=FIRST_FRAME_RECEIVED attempts=1 streak=1
[2026-09-14T11:12:28.187Z] batch=field-waveform-1789384301768-1 D1 CHANNEL_SYNC_OK state=TEST_READY attempts=1 streak=5
[2026-09-14T11:12:28.187Z] batch=field-waveform-1789384301768-1 D1 TEST_READY state=TEST_READY attempts=1 streak=5
[2026-09-14T11:12:28.255Z] batch=field-waveform-1789384301768-1 D3 CHANNEL_SYNC_OK state=TEST_READY attempts=1 streak=5
[2026-09-14T11:12:28.256Z] batch=field-waveform-1789384301768-1 D3 TEST_READY state=TEST_READY attempts=1 streak=5
[2026-09-14T11:13:20.077Z] batch=field-waveform-1789384301768-1 D1 MODE_SWITCH_START state=MODE_SWITCHING attempts=1 streak=0 attempt=1
[2026-09-14T11:13:20.079Z] batch=field-waveform-1789384301768-1 D1 MODE_SWITCH_OK state=MODE_SWITCH_OK attempts=1 streak=0
[2026-09-14T11:13:20.283Z] batch=field-waveform-1789384301768-1 D2 MODE_SWITCH_START state=MODE_SWITCHING attempts=1 streak=0 attempt=1
[2026-09-14T11:13:20.285Z] batch=field-waveform-1789384301768-1 D2 MODE_SWITCH_OK state=MODE_SWITCH_OK attempts=1 streak=0
[2026-09-14T11:13:20.290Z] batch=field-waveform-1789384301768-1 D6 MODE_SWITCH_START state=MODE_SWITCHING attempts=1 streak=0 attempt=1
[2026-09-14T11:13:20.292Z] batch=field-waveform-1789384301768-1 D6 MODE_SWITCH_OK state=MODE_SWITCH_OK attempts=1 streak=0
[2026-09-14T11:13:20.295Z] batch=field-waveform-1789384301768-1 D3 MODE_SWITCH_START state=MODE_SWITCHING attempts=1 streak=0 attempt=1
[2026-09-14T11:13:20.296Z] batch=field-waveform-1789384301768-1 D3 MODE_SWITCH_OK state=MODE_SWITCH_OK attempts=1 streak=0
[2026-09-14T11:13:20.299Z] batch=field-waveform-1789384301768-1 D5 MODE_SWITCH_START state=MODE_SWITCHING attempts=1 streak=0 attempt=1
[2026-09-14T11:13:20.301Z] batch=field-waveform-1789384301768-1 D5 MODE_SWITCH_OK state=MODE_SWITCH_OK attempts=1 streak=0
[2026-09-14T11:13:20.305Z] batch=field-waveform-1789384301768-1 D4 MODE_SWITCH_START state=MODE_SWITCHING attempts=1 streak=0 attempt=1
[2026-09-14T11:13:20.306Z] batch=field-waveform-1789384301768-1 D4 MODE_SWITCH_OK state=MODE_SWITCH_OK attempts=1 streak=0
[2026-09-14T11:13:30.105Z] batch=field-waveform-1789384301768-1 D1 MODE_SWITCH_START state=MODE_SWITCHING attempts=1 streak=0 attempt=1
[2026-09-14T11:13:30.107Z] batch=field-waveform-1789384301768-1 D1 MODE_SWITCH_OK state=MODE_SWITCH_OK attempts=1 streak=0
[2026-09-14T11:13:30.299Z] batch=field-waveform-1789384301768-1 D2 MODE_SWITCH_START state=MODE_SWITCHING attempts=1 streak=0 attempt=1
[2026-09-14T11:13:30.301Z] batch=field-waveform-1789384301768-1 D2 MODE_SWITCH_OK state=MODE_SWITCH_OK attempts=1 streak=0
[2026-09-14T11:13:30.305Z] batch=field-waveform-1789384301768-1 D6 MODE_SWITCH_START state=MODE_SWITCHING attempts=1 streak=0 attempt=1
[2026-09-14T11:13:30.306Z] batch=field-waveform-1789384301768-1 D6 MODE_SWITCH_OK state=MODE_SWITCH_OK attempts=1 streak=0
[2026-09-14T11:13:30.419Z] batch=field-waveform-1789384301768-1 D3 MODE_SWITCH_START state=MODE_SWITCHING attempts=1 streak=0 attempt=1
[2026-09-14T11:13:30.420Z] batch=field-waveform-1789384301768-1 D3 MODE_SWITCH_OK state=MODE_SWITCH_OK attempts=1 streak=0
[2026-09-14T11:13:30.435Z] batch=field-waveform-1789384301768-1 D5 MODE_SWITCH_START state=MODE_SWITCHING attempts=1 streak=0 attempt=1
[2026-09-14T11:13:30.438Z] batch=field-waveform-1789384301768-1 D5 MODE_SWITCH_OK state=MODE_SWITCH_OK attempts=1 streak=0
[2026-09-14T11:13:30.441Z] batch=field-waveform-1789384301768-1 D4 MODE_SWITCH_START state=MODE_SWITCHING attempts=1 streak=0 attempt=1
[2026-09-14T11:13:30.443Z] batch=field-waveform-1789384301768-1 D4 MODE_SWITCH_OK state=MODE_SWITCH_OK attempts=1 streak=0
[2026-09-14T11:13:35.288Z] batch=field-waveform-1789384301768-1 D1 FIRST_FRAME state=FIRST_FRAME_RECEIVED attempts=1 streak=1
[2026-09-14T11:13:35.288Z] batch=field-waveform-1789384301768-1 D1 FIRST_VALID_SAMPLE state=FIRST_FRAME_RECEIVED attempts=1 streak=1
[2026-09-14T11:13:35.492Z] batch=field-waveform-1789384301768-1 D1 CHANNEL_SYNC_OK state=TEST_READY attempts=1 streak=5
[2026-09-14T11:13:35.492Z] batch=field-waveform-1789384301768-1 D1 TEST_READY state=TEST_READY attempts=1 streak=5
[2026-09-14T11:13:35.496Z] batch=field-waveform-1789384301768-1 D2 FIRST_FRAME state=FIRST_FRAME_RECEIVED attempts=1 streak=1
[2026-09-14T11:13:35.497Z] batch=field-waveform-1789384301768-1 D2 FIRST_VALID_SAMPLE state=FIRST_FRAME_RECEIVED attempts=1 streak=1
[2026-09-14T11:13:35.515Z] batch=field-waveform-1789384301768-1 D6 FIRST_FRAME state=FIRST_FRAME_RECEIVED attempts=1 streak=1
[2026-09-14T11:13:35.516Z] batch=field-waveform-1789384301768-1 D6 FIRST_VALID_SAMPLE state=FIRST_FRAME_RECEIVED attempts=1 streak=1
[2026-09-14T11:13:35.518Z] batch=field-waveform-1789384301768-1 D3 FIRST_FRAME state=FIRST_FRAME_RECEIVED attempts=1 streak=1
[2026-09-14T11:13:35.518Z] batch=field-waveform-1789384301768-1 D3 FIRST_VALID_SAMPLE state=FIRST_FRAME_RECEIVED attempts=1 streak=1
[2026-09-14T11:13:35.519Z] batch=field-waveform-1789384301768-1 D5 FIRST_FRAME state=FIRST_FRAME_RECEIVED attempts=1 streak=1
[2026-09-14T11:13:35.519Z] batch=field-waveform-1789384301768-1 D5 FIRST_VALID_SAMPLE state=FIRST_FRAME_RECEIVED attempts=1 streak=1
[2026-09-14T11:13:35.520Z] batch=field-waveform-1789384301768-1 D4 FIRST_FRAME state=FIRST_FRAME_RECEIVED attempts=1 streak=1
[2026-09-14T11:13:35.520Z] batch=field-waveform-1789384301768-1 D4 FIRST_VALID_SAMPLE state=FIRST_FRAME_RECEIVED attempts=1 streak=1
[2026-09-14T11:13:35.648Z] batch=field-waveform-1789384301768-1 D2 CHANNEL_SYNC_OK state=TEST_READY attempts=1 streak=5
[2026-09-14T11:13:35.649Z] batch=field-waveform-1789384301768-1 D2 TEST_READY state=TEST_READY attempts=1 streak=5
[2026-09-14T11:13:35.652Z] batch=field-waveform-1789384301768-1 D6 CHANNEL_SYNC_OK state=TEST_READY attempts=1 streak=5
[2026-09-14T11:13:35.652Z] batch=field-waveform-1789384301768-1 D6 TEST_READY state=TEST_READY attempts=1 streak=5
[2026-09-14T11:13:35.753Z] batch=field-waveform-1789384301768-1 D4 CHANNEL_SYNC_OK state=TEST_READY attempts=1 streak=5
[2026-09-14T11:13:35.753Z] batch=field-waveform-1789384301768-1 D4 TEST_READY state=TEST_READY attempts=1 streak=5
[2026-09-14T11:13:35.756Z] batch=field-waveform-1789384301768-1 D5 CHANNEL_SYNC_OK state=TEST_READY attempts=1 streak=5
[2026-09-14T11:13:35.757Z] batch=field-waveform-1789384301768-1 D5 TEST_READY state=TEST_READY attempts=1 streak=5
[2026-09-14T11:13:35.759Z] batch=field-waveform-1789384301768-1 D3 CHANNEL_SYNC_OK state=TEST_READY attempts=1 streak=5
[2026-09-14T11:13:35.759Z] batch=field-waveform-1789384301768-1 D3 TEST_READY state=TEST_READY attempts=1 streak=5
