[2026-09-16T00:45:15.556Z] batch=- D6 POWER_ON state=COMMUNICATION_READY attempts=0 streak=0
[2026-09-16T00:45:15.557Z] batch=- D6 RS485_RESPONSE state=COMMUNICATION_READY attempts=0 streak=0
[2026-09-16T00:45:16.320Z] batch=- D6 MODE_SWITCH_START state=MODE_SWITCHING attempts=1 streak=0 attempt=1
[2026-09-16T00:45:16.321Z] batch=- D6 MODE_SWITCH_OK state=MODE_SWITCH_OK attempts=1 streak=0
[2026-09-16T00:45:16.585Z] batch=- D1 POWER_ON state=COMMUNICATION_READY attempts=0 streak=0
[2026-09-16T00:45:16.585Z] batch=- D1 RS485_RESPONSE state=COMMUNICATION_READY attempts=0 streak=0
[2026-09-16T00:45:16.586Z] batch=- D1 MODE_SWITCH_START state=MODE_SWITCHING attempts=1 streak=0 attempt=1
[2026-09-16T00:45:16.587Z] batch=- D1 MODE_SWITCH_OK state=MODE_SWITCH_OK attempts=1 streak=0
[2026-09-16T00:45:16.588Z] batch=- D2 POWER_ON state=COMMUNICATION_READY attempts=0 streak=0
[2026-09-16T00:45:16.588Z] batch=- D2 RS485_RESPONSE state=COMMUNICATION_READY attempts=0 streak=0
[2026-09-16T00:45:16.589Z] batch=- D2 MODE_SWITCH_START state=MODE_SWITCHING attempts=1 streak=0 attempt=1
[2026-09-16T00:45:16.590Z] batch=- D2 MODE_SWITCH_OK state=MODE_SWITCH_OK attempts=1 streak=0
[2026-09-16T00:45:16.591Z] batch=- D3 POWER_ON state=COMMUNICATION_READY attempts=0 streak=0
[2026-09-16T00:45:16.591Z] batch=- D3 RS485_RESPONSE state=COMMUNICATION_READY attempts=0 streak=0
[2026-09-16T00:45:16.592Z] batch=- D3 MODE_SWITCH_START state=MODE_SWITCHING attempts=1 streak=0 attempt=1
[2026-09-16T00:45:16.593Z] batch=- D3 MODE_SWITCH_OK state=MODE_SWITCH_OK attempts=1 streak=0
[2026-09-16T00:45:16.594Z] batch=- D4 POWER_ON state=COMMUNICATION_READY attempts=0 streak=0
[2026-09-16T00:45:16.594Z] batch=- D4 RS485_RESPONSE state=COMMUNICATION_READY attempts=0 streak=0
[2026-09-16T00:45:16.595Z] batch=- D4 MODE_SWITCH_START state=MODE_SWITCHING attempts=1 streak=0 attempt=1
[2026-09-16T00:45:16.596Z] batch=- D4 MODE_SWITCH_OK state=MODE_SWITCH_OK attempts=1 streak=0
[2026-09-16T00:45:16.597Z] batch=- D5 POWER_ON state=COMMUNICATION_READY attempts=0 streak=0
[2026-09-16T00:45:16.597Z] batch=- D5 RS485_RESPONSE state=COMMUNICATION_READY attempts=0 streak=0
[2026-09-16T00:45:16.598Z] batch=- D5 MODE_SWITCH_START state=MODE_SWITCHING attempts=1 streak=0 attempt=1
[2026-09-16T00:45:16.600Z] batch=- D5 MODE_SWITCH_OK state=MODE_SWITCH_OK attempts=1 streak=0
[2026-09-16T00:45:26.335Z] batch=- D6 MODE_SWITCH_START state=MODE_SWITCHING attempts=1 streak=0 attempt=1
[2026-09-16T00:45:26.340Z] batch=- D6 MODE_SWITCH_OK state=MODE_SWITCH_OK attempts=1 streak=0
[2026-09-16T00:45:26.594Z] batch=- D1 MODE_SWITCH_START state=MODE_SWITCHING attempts=1 streak=0 attempt=1
[2026-09-16T00:45:26.597Z] batch=- D1 MODE_SWITCH_OK state=MODE_SWITCH_OK attempts=1 streak=0
[2026-09-16T00:45:26.599Z] batch=- D2 MODE_SWITCH_START state=MODE_SWITCHING attempts=1 streak=0 attempt=1
[2026-09-16T00:45:26.601Z] batch=- D2 MODE_SWITCH_OK state=MODE_SWITCH_OK attempts=1 streak=0
[2026-09-16T00:45:26.604Z] batch=- D3 MODE_SWITCH_START state=MODE_SWITCHING attempts=1 streak=0 attempt=1
[2026-09-16T00:45:26.608Z] batch=- D3 MODE_SWITCH_OK state=MODE_SWITCH_OK attempts=1 streak=0
[2026-09-16T00:45:26.612Z] batch=- D4 MODE_SWITCH_START state=MODE_SWITCHING attempts=1 streak=0 attempt=1
[2026-09-16T00:45:26.614Z] batch=- D4 MODE_SWITCH_OK state=MODE_SWITCH_OK attempts=1 streak=0
[2026-09-16T00:45:26.615Z] batch=- D5 MODE_SWITCH_START state=MODE_SWITCHING attempts=1 streak=0 attempt=1
[2026-09-16T00:45:26.616Z] batch=- D5 MODE_SWITCH_OK state=MODE_SWITCH_OK attempts=1 streak=0
[2026-09-16T00:45:36.350Z] batch=- D6 MODE_SWITCH_START state=MODE_SWITCHING attempts=1 streak=0 attempt=1
[2026-09-16T00:45:36.352Z] batch=- D6 MODE_SWITCH_OK state=MODE_SWITCH_OK attempts=1 streak=0
[2026-09-16T00:45:36.599Z] batch=- D1 MODE_SWITCH_START state=MODE_SWITCHING attempts=1 streak=0 attempt=1
[2026-09-16T00:45:36.600Z] batch=- D1 MODE_SWITCH_OK state=MODE_SWITCH_OK attempts=1 streak=0
[2026-09-16T00:45:36.603Z] batch=- D2 MODE_SWITCH_START state=MODE_SWITCHING attempts=1 streak=0 attempt=1
[2026-09-16T00:45:36.604Z] batch=- D2 MODE_SWITCH_OK state=MODE_SWITCH_OK attempts=1 streak=0
[2026-09-16T00:45:36.611Z] batch=- D3 MODE_SWITCH_START state=MODE_SWITCHING attempts=1 streak=0 attempt=1
[2026-09-16T00:45:36.612Z] batch=- D3 MODE_SWITCH_OK state=MODE_SWITCH_OK attempts=1 streak=0
[2026-09-16T00:45:36.615Z] batch=- D4 MODE_SWITCH_START state=MODE_SWITCHING attempts=1 streak=0 attempt=1
[2026-09-16T00:45:36.616Z] batch=- D4 MODE_SWITCH_OK state=MODE_SWITCH_OK attempts=1 streak=0
[2026-09-16T00:45:36.617Z] batch=- D5 MODE_SWITCH_START state=MODE_SWITCHING attempts=1 streak=0 attempt=1
[2026-09-16T00:45:36.618Z] batch=- D5 MODE_SWITCH_OK state=MODE_SWITCH_OK attempts=1 streak=0
[2026-09-16T00:45:46.354Z] batch=- D6 MODE_SWITCH_START state=MODE_SWITCHING attempts=1 streak=0 attempt=1
[2026-09-16T00:45:46.359Z] batch=- D6 MODE_SWITCH_OK state=MODE_SWITCH_OK attempts=1 streak=0
[2026-09-16T00:45:46.613Z] batch=- D1 MODE_SWITCH_START state=MODE_SWITCHING attempts=1 streak=0 attempt=1
[2026-09-16T00:45:46.615Z] batch=- D1 MODE_SWITCH_OK state=MODE_SWITCH_OK attempts=1 streak=0
[2026-09-16T00:45:46.616Z] batch=- D2 MODE_SWITCH_START state=MODE_SWITCHING attempts=1 streak=0 attempt=1
[2026-09-16T00:45:46.620Z] batch=- D2 MODE_SWITCH_OK state=MODE_SWITCH_OK attempts=1 streak=0
[2026-09-16T00:45:46.620Z] batch=- D3 MODE_SWITCH_START state=MODE_SWITCHING attempts=1 streak=0 attempt=1
[2026-09-16T00:45:46.622Z] batch=- D3 MODE_SWITCH_OK state=MODE_SWITCH_OK attempts=1 streak=0
[2026-09-16T00:45:46.623Z] batch=- D4 MODE_SWITCH_START state=MODE_SWITCHING attempts=1 streak=0 attempt=1
[2026-09-16T00:45:46.625Z] batch=- D4 MODE_SWITCH_OK state=MODE_SWITCH_OK attempts=1 streak=0
[2026-09-16T00:45:46.625Z] batch=- D5 MODE_SWITCH_START state=MODE_SWITCHING attempts=1 streak=0 attempt=1
[2026-09-16T00:45:46.626Z] batch=- D5 MODE_SWITCH_OK state=MODE_SWITCH_OK attempts=1 streak=0
[2026-09-16T00:45:56.362Z] batch=- D6 MODE_SWITCH_START state=MODE_SWITCHING attempts=1 streak=0 attempt=1
[2026-09-16T00:45:56.376Z] batch=- D6 MODE_SWITCH_OK state=MODE_SWITCH_OK attempts=1 streak=0
[2026-09-16T00:45:56.624Z] batch=- D1 MODE_SWITCH_START state=MODE_SWITCHING attempts=1 streak=0 attempt=1
[2026-09-16T00:45:56.625Z] batch=- D1 MODE_SWITCH_OK state=MODE_SWITCH_OK attempts=1 streak=0
[2026-09-16T00:45:56.626Z] batch=- D2 MODE_SWITCH_START state=MODE_SWITCHING attempts=1 streak=0 attempt=1
[2026-09-16T00:45:56.628Z] batch=- D2 MODE_SWITCH_OK state=MODE_SWITCH_OK attempts=1 streak=0
[2026-09-16T00:45:56.628Z] batch=- D3 MODE_SWITCH_START state=MODE_SWITCHING attempts=1 streak=0 attempt=1
[2026-09-16T00:45:56.630Z] batch=- D3 MODE_SWITCH_OK state=MODE_SWITCH_OK attempts=1 streak=0
[2026-09-16T00:45:56.631Z] batch=- D4 MODE_SWITCH_START state=MODE_SWITCHING attempts=1 streak=0 attempt=1
[2026-09-16T00:45:56.632Z] batch=- D4 MODE_SWITCH_OK state=MODE_SWITCH_OK attempts=1 streak=0
[2026-09-16T00:45:56.633Z] batch=- D5 MODE_SWITCH_START state=MODE_SWITCHING attempts=1 streak=0 attempt=1
[2026-09-16T00:45:56.634Z] batch=- D5 MODE_SWITCH_OK state=MODE_SWITCH_OK attempts=1 streak=0
[2026-09-16T00:46:06.380Z] batch=- D6 MODE_SWITCH_START state=MODE_SWITCHING attempts=1 streak=0 attempt=1
[2026-09-16T00:46:06.386Z] batch=- D6 MODE_SWITCH_OK state=MODE_SWITCH_OK attempts=1 streak=0
[2026-09-16T00:46:06.627Z] batch=- D1 MODE_SWITCH_START state=MODE_SWITCHING attempts=1 streak=0 attempt=1
[2026-09-16T00:46:06.630Z] batch=- D1 MODE_SWITCH_OK state=MODE_SWITCH_OK attempts=1 streak=0
[2026-09-16T00:46:06.634Z] batch=- D2 MODE_SWITCH_START state=MODE_SWITCHING attempts=1 streak=0 attempt=1
[2026-09-16T00:46:06.636Z] batch=- D2 MODE_SWITCH_OK state=MODE_SWITCH_OK attempts=1 streak=0
[2026-09-16T00:46:06.637Z] batch=- D3 MODE_SWITCH_START state=MODE_SWITCHING attempts=1 streak=0 attempt=1
[2026-09-16T00:46:06.639Z] batch=- D3 MODE_SWITCH_OK state=MODE_SWITCH_OK attempts=1 streak=0
[2026-09-16T00:46:06.641Z] batch=- D4 MODE_SWITCH_START state=MODE_SWITCHING attempts=1 streak=0 attempt=1
[2026-09-16T00:46:06.642Z] batch=- D4 MODE_SWITCH_OK state=MODE_SWITCH_OK attempts=1 streak=0
[2026-09-16T00:46:06.643Z] batch=- D5 MODE_SWITCH_START state=MODE_SWITCHING attempts=1 streak=0 attempt=1
[2026-09-16T00:46:06.645Z] batch=- D5 MODE_SWITCH_OK state=MODE_SWITCH_OK attempts=1 streak=0
[2026-09-16T00:46:16.394Z] batch=- D6 MODE_SWITCH_START state=MODE_SWITCHING attempts=1 streak=0 attempt=1
[2026-09-16T00:46:16.399Z] batch=- D6 MODE_SWITCH_OK state=MODE_SWITCH_OK attempts=1 streak=0
[2026-09-16T00:46:16.638Z] batch=- D1 MODE_SWITCH_START state=MODE_SWITCHING attempts=1 streak=0 attempt=1
[2026-09-16T00:46:16.643Z] batch=- D1 MODE_SWITCH_OK state=MODE_SWITCH_OK attempts=1 streak=0
[2026-09-16T00:46:16.645Z] batch=- D2 MODE_SWITCH_START state=MODE_SWITCHING attempts=1 streak=0 attempt=1
[2026-09-16T00:46:16.649Z] batch=- D2 MODE_SWITCH_OK state=MODE_SWITCH_OK attempts=1 streak=0
[2026-09-16T00:46:16.652Z] batch=- D3 MODE_SWITCH_START state=MODE_SWITCHING attempts=1 streak=0 attempt=1
[2026-09-16T00:46:16.655Z] batch=- D3 MODE_SWITCH_OK state=MODE_SWITCH_OK attempts=1 streak=0
[2026-09-16T00:46:16.656Z] batch=- D4 MODE_SWITCH_START state=MODE_SWITCHING attempts=1 streak=0 attempt=1
[2026-09-16T00:46:16.659Z] batch=- D4 MODE_SWITCH_OK state=MODE_SWITCH_OK attempts=1 streak=0
[2026-09-16T00:46:16.659Z] batch=- D5 MODE_SWITCH_START state=MODE_SWITCHING attempts=1 streak=0 attempt=1
[2026-09-16T00:46:16.660Z] batch=- D5 MODE_SWITCH_OK state=MODE_SWITCH_OK attempts=1 streak=0
[2026-09-16T00:46:16.901Z] batch=field-waveform-1789519576899-1 D1 MODE_SWITCH_START state=MODE_SWITCHING attempts=1 streak=0 attempt=1
[2026-09-16T00:46:16.902Z] batch=field-waveform-1789519576899-1 D2 MODE_SWITCH_START state=MODE_SWITCHING attempts=1 streak=0 attempt=1
[2026-09-16T00:46:16.904Z] batch=field-waveform-1789519576899-1 D3 MODE_SWITCH_START state=MODE_SWITCHING attempts=1 streak=0 attempt=1
[2026-09-16T00:46:16.904Z] batch=field-waveform-1789519576899-1 D4 MODE_SWITCH_START state=MODE_SWITCHING attempts=1 streak=0 attempt=1
[2026-09-16T00:46:16.905Z] batch=field-waveform-1789519576899-1 D5 MODE_SWITCH_START state=MODE_SWITCHING attempts=1 streak=0 attempt=1
[2026-09-16T00:46:16.907Z] batch=field-waveform-1789519576899-1 D6 MODE_SWITCH_START state=MODE_SWITCHING attempts=1 streak=0 attempt=1
[2026-09-16T00:46:16.913Z] batch=field-waveform-1789519576899-1 D1 MODE_SWITCH_OK state=MODE_SWITCH_OK attempts=1 streak=0
[2026-09-16T00:46:16.914Z] batch=field-waveform-1789519576899-1 D2 MODE_SWITCH_OK state=MODE_SWITCH_OK attempts=1 streak=0
[2026-09-16T00:46:16.914Z] batch=field-waveform-1789519576899-1 D3 MODE_SWITCH_OK state=MODE_SWITCH_OK attempts=1 streak=0
[2026-09-16T00:46:16.915Z] batch=field-waveform-1789519576899-1 D4 MODE_SWITCH_OK state=MODE_SWITCH_OK attempts=1 streak=0
[2026-09-16T00:46:16.915Z] batch=field-waveform-1789519576899-1 D5 MODE_SWITCH_OK state=MODE_SWITCH_OK attempts=1 streak=0
[2026-09-16T00:46:16.917Z] batch=field-waveform-1789519576899-1 D6 MODE_SWITCH_OK state=MODE_SWITCH_OK attempts=1 streak=0
[2026-09-16T00:46:26.402Z] batch=field-waveform-1789519576899-1 D6 MODE_SWITCH_START state=MODE_SWITCHING attempts=1 streak=0 attempt=1
[2026-09-16T00:46:26.406Z] batch=field-waveform-1789519576899-1 D6 MODE_SWITCH_OK state=MODE_SWITCH_OK attempts=1 streak=0
[2026-09-16T00:46:26.650Z] batch=field-waveform-1789519576899-1 D1 MODE_SWITCH_START state=MODE_SWITCHING attempts=1 streak=0 attempt=1
[2026-09-16T00:46:26.652Z] batch=field-waveform-1789519576899-1 D1 MODE_SWITCH_OK state=MODE_SWITCH_OK attempts=1 streak=0
[2026-09-16T00:46:26.653Z] batch=field-waveform-1789519576899-1 D2 MODE_SWITCH_START state=MODE_SWITCHING attempts=1 streak=0 attempt=1
[2026-09-16T00:46:26.656Z] batch=field-waveform-1789519576899-1 D2 MODE_SWITCH_OK state=MODE_SWITCH_OK attempts=1 streak=0
[2026-09-16T00:46:26.658Z] batch=field-waveform-1789519576899-1 D3 MODE_SWITCH_START state=MODE_SWITCHING attempts=1 streak=0 attempt=1
[2026-09-16T00:46:26.660Z] batch=field-waveform-1789519576899-1 D3 MODE_SWITCH_OK state=MODE_SWITCH_OK attempts=1 streak=0
[2026-09-16T00:46:26.662Z] batch=field-waveform-1789519576899-1 D4 MODE_SWITCH_START state=MODE_SWITCHING attempts=1 streak=0 attempt=1
[2026-09-16T00:46:26.666Z] batch=field-waveform-1789519576899-1 D4 MODE_SWITCH_OK state=MODE_SWITCH_OK attempts=1 streak=0
[2026-09-16T00:46:26.667Z] batch=field-waveform-1789519576899-1 D5 MODE_SWITCH_START state=MODE_SWITCHING attempts=1 streak=0 attempt=1
[2026-09-16T00:46:26.669Z] batch=field-waveform-1789519576899-1 D5 MODE_SWITCH_OK state=MODE_SWITCH_OK attempts=1 streak=0
[2026-09-16T00:46:36.417Z] batch=field-waveform-1789519576899-1 D6 MODE_SWITCH_START state=MODE_SWITCHING attempts=1 streak=0 attempt=1
[2026-09-16T00:46:36.418Z] batch=field-waveform-1789519576899-1 D6 MODE_SWITCH_OK state=MODE_SWITCH_OK attempts=1 streak=0
[2026-09-16T00:46:36.664Z] batch=field-waveform-1789519576899-1 D1 MODE_SWITCH_START state=MODE_SWITCHING attempts=1 streak=0 attempt=1
[2026-09-16T00:46:36.668Z] batch=field-waveform-1789519576899-1 D1 MODE_SWITCH_OK state=MODE_SWITCH_OK attempts=1 streak=0
[2026-09-16T00:46:36.672Z] batch=field-waveform-1789519576899-1 D2 MODE_SWITCH_START state=MODE_SWITCHING attempts=1 streak=0 attempt=1
[2026-09-16T00:46:36.675Z] batch=field-waveform-1789519576899-1 D2 MODE_SWITCH_OK state=MODE_SWITCH_OK attempts=1 streak=0
[2026-09-16T00:46:36.677Z] batch=field-waveform-1789519576899-1 D3 MODE_SWITCH_START state=MODE_SWITCHING attempts=1 streak=0 attempt=1
[2026-09-16T00:46:36.679Z] batch=field-waveform-1789519576899-1 D3 MODE_SWITCH_OK state=MODE_SWITCH_OK attempts=1 streak=0
[2026-09-16T00:46:36.682Z] batch=field-waveform-1789519576899-1 D4 MODE_SWITCH_START state=MODE_SWITCHING attempts=1 streak=0 attempt=1
[2026-09-16T00:46:36.684Z] batch=field-waveform-1789519576899-1 D4 MODE_SWITCH_OK state=MODE_SWITCH_OK attempts=1 streak=0
[2026-09-16T00:46:36.685Z] batch=field-waveform-1789519576899-1 D5 MODE_SWITCH_START state=MODE_SWITCHING attempts=1 streak=0 attempt=1
[2026-09-16T00:46:36.688Z] batch=field-waveform-1789519576899-1 D5 MODE_SWITCH_OK state=MODE_SWITCH_OK attempts=1 streak=0
[2026-09-16T00:46:46.426Z] batch=field-waveform-1789519576899-1 D6 MODE_SWITCH_START state=MODE_SWITCHING attempts=1 streak=0 attempt=1
[2026-09-16T00:46:46.429Z] batch=field-waveform-1789519576899-1 D6 MODE_SWITCH_OK state=MODE_SWITCH_OK attempts=1 streak=0
[2026-09-16T00:46:46.673Z] batch=field-waveform-1789519576899-1 D1 MODE_SWITCH_START state=MODE_SWITCHING attempts=1 streak=0 attempt=1
[2026-09-16T00:46:46.676Z] batch=field-waveform-1789519576899-1 D1 MODE_SWITCH_OK state=MODE_SWITCH_OK attempts=1 streak=0
[2026-09-16T00:46:46.680Z] batch=field-waveform-1789519576899-1 D2 MODE_SWITCH_START state=MODE_SWITCHING attempts=1 streak=0 attempt=1
[2026-09-16T00:46:46.683Z] batch=field-waveform-1789519576899-1 D2 MODE_SWITCH_OK state=MODE_SWITCH_OK attempts=1 streak=0
[2026-09-16T00:46:46.685Z] batch=field-waveform-1789519576899-1 D3 MODE_SWITCH_START state=MODE_SWITCHING attempts=1 streak=0 attempt=1
[2026-09-16T00:46:46.687Z] batch=field-waveform-1789519576899-1 D3 MODE_SWITCH_OK state=MODE_SWITCH_OK attempts=1 streak=0
[2026-09-16T00:46:46.689Z] batch=field-waveform-1789519576899-1 D4 MODE_SWITCH_START state=MODE_SWITCHING attempts=1 streak=0 attempt=1
[2026-09-16T00:46:46.691Z] batch=field-waveform-1789519576899-1 D4 MODE_SWITCH_OK state=MODE_SWITCH_OK attempts=1 streak=0
[2026-09-16T00:46:46.696Z] batch=field-waveform-1789519576899-1 D5 MODE_SWITCH_START state=MODE_SWITCHING attempts=1 streak=0 attempt=1
[2026-09-16T00:46:46.698Z] batch=field-waveform-1789519576899-1 D5 MODE_SWITCH_OK state=MODE_SWITCH_OK attempts=1 streak=0
[2026-09-16T00:46:56.432Z] batch=field-waveform-1789519576899-1 D6 MODE_SWITCH_START state=MODE_SWITCHING attempts=1 streak=0 attempt=1
[2026-09-16T00:46:56.434Z] batch=field-waveform-1789519576899-1 D6 MODE_SWITCH_OK state=MODE_SWITCH_OK attempts=1 streak=0
[2026-09-16T00:46:56.678Z] batch=field-waveform-1789519576899-1 D1 MODE_SWITCH_START state=MODE_SWITCHING attempts=1 streak=0 attempt=1
[2026-09-16T00:46:56.680Z] batch=field-waveform-1789519576899-1 D1 MODE_SWITCH_OK state=MODE_SWITCH_OK attempts=1 streak=0
[2026-09-16T00:46:56.693Z] batch=field-waveform-1789519576899-1 D2 MODE_SWITCH_START state=MODE_SWITCHING attempts=1 streak=0 attempt=1
[2026-09-16T00:46:56.695Z] batch=field-waveform-1789519576899-1 D2 MODE_SWITCH_OK state=MODE_SWITCH_OK attempts=1 streak=0
[2026-09-16T00:46:56.696Z] batch=field-waveform-1789519576899-1 D3 MODE_SWITCH_START state=MODE_SWITCHING attempts=1 streak=0 attempt=1
[2026-09-16T00:46:56.699Z] batch=field-waveform-1789519576899-1 D3 MODE_SWITCH_OK state=MODE_SWITCH_OK attempts=1 streak=0
[2026-09-16T00:46:56.700Z] batch=field-waveform-1789519576899-1 D4 MODE_SWITCH_START state=MODE_SWITCHING attempts=1 streak=0 attempt=1
[2026-09-16T00:46:56.705Z] batch=field-waveform-1789519576899-1 D4 MODE_SWITCH_OK state=MODE_SWITCH_OK attempts=1 streak=0
[2026-09-16T00:46:56.707Z] batch=field-waveform-1789519576899-1 D5 MODE_SWITCH_START state=MODE_SWITCHING attempts=1 streak=0 attempt=1
[2026-09-16T00:46:56.709Z] batch=field-waveform-1789519576899-1 D5 MODE_SWITCH_OK state=MODE_SWITCH_OK attempts=1 streak=0
[2026-09-16T00:46:57.072Z] batch=field-waveform-1789519617072-2 D1 MODE_SWITCH_START state=MODE_SWITCHING attempts=1 streak=0 attempt=1
[2026-09-16T00:46:57.073Z] batch=field-waveform-1789519617072-2 D2 MODE_SWITCH_START state=MODE_SWITCHING attempts=1 streak=0 attempt=1
[2026-09-16T00:46:57.075Z] batch=field-waveform-1789519617072-2 D3 MODE_SWITCH_START state=MODE_SWITCHING attempts=1 streak=0 attempt=1
[2026-09-16T00:46:57.077Z] batch=field-waveform-1789519617072-2 D4 MODE_SWITCH_START state=MODE_SWITCHING attempts=1 streak=0 attempt=1
[2026-09-16T00:46:57.078Z] batch=field-waveform-1789519617072-2 D5 MODE_SWITCH_START state=MODE_SWITCHING attempts=1 streak=0 attempt=1
[2026-09-16T00:46:57.079Z] batch=field-waveform-1789519617072-2 D6 MODE_SWITCH_START state=MODE_SWITCHING attempts=1 streak=0 attempt=1
[2026-09-16T00:46:57.082Z] batch=field-waveform-1789519617072-2 D1 MODE_SWITCH_OK state=MODE_SWITCH_OK attempts=1 streak=0
[2026-09-16T00:46:57.083Z] batch=field-waveform-1789519617072-2 D2 MODE_SWITCH_OK state=MODE_SWITCH_OK attempts=1 streak=0
[2026-09-16T00:46:57.083Z] batch=field-waveform-1789519617072-2 D3 MODE_SWITCH_OK state=MODE_SWITCH_OK attempts=1 streak=0
[2026-09-16T00:46:57.084Z] batch=field-waveform-1789519617072-2 D4 MODE_SWITCH_OK state=MODE_SWITCH_OK attempts=1 streak=0
[2026-09-16T00:46:57.086Z] batch=field-waveform-1789519617072-2 D5 MODE_SWITCH_OK state=MODE_SWITCH_OK attempts=1 streak=0
[2026-09-16T00:46:57.087Z] batch=field-waveform-1789519617072-2 D6 MODE_SWITCH_OK state=MODE_SWITCH_OK attempts=1 streak=0
[2026-09-16T00:47:06.443Z] batch=field-waveform-1789519617072-2 D6 MODE_SWITCH_START state=MODE_SWITCHING attempts=1 streak=0 attempt=1
[2026-09-16T00:47:06.445Z] batch=field-waveform-1789519617072-2 D6 MODE_SWITCH_OK state=MODE_SWITCH_OK attempts=1 streak=0
[2026-09-16T00:47:06.690Z] batch=field-waveform-1789519617072-2 D1 MODE_SWITCH_START state=MODE_SWITCHING attempts=1 streak=0 attempt=1
[2026-09-16T00:47:06.696Z] batch=field-waveform-1789519617072-2 D1 MODE_SWITCH_OK state=MODE_SWITCH_OK attempts=1 streak=0
[2026-09-16T00:47:06.698Z] batch=field-waveform-1789519617072-2 D2 MODE_SWITCH_START state=MODE_SWITCHING attempts=1 streak=0 attempt=1
[2026-09-16T00:47:06.700Z] batch=field-waveform-1789519617072-2 D2 MODE_SWITCH_OK state=MODE_SWITCH_OK attempts=1 streak=0
[2026-09-16T00:47:06.702Z] batch=field-waveform-1789519617072-2 D3 MODE_SWITCH_START state=MODE_SWITCHING attempts=1 streak=0 attempt=1
[2026-09-16T00:47:06.704Z] batch=field-waveform-1789519617072-2 D3 MODE_SWITCH_OK state=MODE_SWITCH_OK attempts=1 streak=0
[2026-09-16T00:47:06.707Z] batch=field-waveform-1789519617072-2 D4 MODE_SWITCH_START state=MODE_SWITCHING attempts=1 streak=0 attempt=1
[2026-09-16T00:47:06.709Z] batch=field-waveform-1789519617072-2 D4 MODE_SWITCH_OK state=MODE_SWITCH_OK attempts=1 streak=0
[2026-09-16T00:47:06.714Z] batch=field-waveform-1789519617072-2 D5 MODE_SWITCH_START state=MODE_SWITCHING attempts=1 streak=0 attempt=1
[2026-09-16T00:47:06.715Z] batch=field-waveform-1789519617072-2 D5 MODE_SWITCH_OK state=MODE_SWITCH_OK attempts=1 streak=0
[2026-09-16T00:47:16.447Z] batch=field-waveform-1789519617072-2 D6 MODE_SWITCH_START state=MODE_SWITCHING attempts=1 streak=0 attempt=1
[2026-09-16T00:47:16.448Z] batch=field-waveform-1789519617072-2 D6 MODE_SWITCH_OK state=MODE_SWITCH_OK attempts=1 streak=0
[2026-09-16T00:47:16.708Z] batch=field-waveform-1789519617072-2 D1 MODE_SWITCH_START state=MODE_SWITCHING attempts=1 streak=0 attempt=1
[2026-09-16T00:47:16.711Z] batch=field-waveform-1789519617072-2 D1 MODE_SWITCH_OK state=MODE_SWITCH_OK attempts=1 streak=0
[2026-09-16T00:47:16.712Z] batch=field-waveform-1789519617072-2 D2 MODE_SWITCH_START state=MODE_SWITCHING attempts=1 streak=0 attempt=1
[2026-09-16T00:47:16.715Z] batch=field-waveform-1789519617072-2 D2 MODE_SWITCH_OK state=MODE_SWITCH_OK attempts=1 streak=0
[2026-09-16T00:47:16.719Z] batch=field-waveform-1789519617072-2 D3 MODE_SWITCH_START state=MODE_SWITCHING attempts=1 streak=0 attempt=1
[2026-09-16T00:47:16.722Z] batch=field-waveform-1789519617072-2 D3 MODE_SWITCH_OK state=MODE_SWITCH_OK attempts=1 streak=0
[2026-09-16T00:47:16.724Z] batch=field-waveform-1789519617072-2 D4 MODE_SWITCH_START state=MODE_SWITCHING attempts=1 streak=0 attempt=1
[2026-09-16T00:47:16.726Z] batch=field-waveform-1789519617072-2 D4 MODE_SWITCH_OK state=MODE_SWITCH_OK attempts=1 streak=0
[2026-09-16T00:47:16.728Z] batch=field-waveform-1789519617072-2 D5 MODE_SWITCH_START state=MODE_SWITCHING attempts=1 streak=0 attempt=1
[2026-09-16T00:47:16.731Z] batch=field-waveform-1789519617072-2 D5 MODE_SWITCH_OK state=MODE_SWITCH_OK attempts=1 streak=0
[2026-09-16T00:47:26.452Z] batch=field-waveform-1789519617072-2 D6 MODE_SWITCH_START state=MODE_SWITCHING attempts=1 streak=0 attempt=1
[2026-09-16T00:47:26.454Z] batch=field-waveform-1789519617072-2 D6 MODE_SWITCH_OK state=MODE_SWITCH_OK attempts=1 streak=0
[2026-09-16T00:47:26.720Z] batch=field-waveform-1789519617072-2 D1 MODE_SWITCH_START state=MODE_SWITCHING attempts=1 streak=0 attempt=1
[2026-09-16T00:47:26.723Z] batch=field-waveform-1789519617072-2 D1 MODE_SWITCH_OK state=MODE_SWITCH_OK attempts=1 streak=0
[2026-09-16T00:47:26.725Z] batch=field-waveform-1789519617072-2 D2 MODE_SWITCH_START state=MODE_SWITCHING attempts=1 streak=0 attempt=1
[2026-09-16T00:47:26.727Z] batch=field-waveform-1789519617072-2 D2 MODE_SWITCH_OK state=MODE_SWITCH_OK attempts=1 streak=0
[2026-09-16T00:47:26.730Z] batch=field-waveform-1789519617072-2 D3 MODE_SWITCH_START state=MODE_SWITCHING attempts=1 streak=0 attempt=1
[2026-09-16T00:47:26.732Z] batch=field-waveform-1789519617072-2 D3 MODE_SWITCH_OK state=MODE_SWITCH_OK attempts=1 streak=0
[2026-09-16T00:47:26.735Z] batch=field-waveform-1789519617072-2 D4 MODE_SWITCH_START state=MODE_SWITCHING attempts=1 streak=0 attempt=1
[2026-09-16T00:47:26.737Z] batch=field-waveform-1789519617072-2 D4 MODE_SWITCH_OK state=MODE_SWITCH_OK attempts=1 streak=0
[2026-09-16T00:47:26.743Z] batch=field-waveform-1789519617072-2 D5 MODE_SWITCH_START state=MODE_SWITCHING attempts=1 streak=0 attempt=1
[2026-09-16T00:47:26.745Z] batch=field-waveform-1789519617072-2 D5 MODE_SWITCH_OK state=MODE_SWITCH_OK attempts=1 streak=0
[2026-09-16T00:47:36.454Z] batch=field-waveform-1789519617072-2 D6 MODE_SWITCH_START state=MODE_SWITCHING attempts=1 streak=0 attempt=1
[2026-09-16T00:47:36.458Z] batch=field-waveform-1789519617072-2 D6 MODE_SWITCH_OK state=MODE_SWITCH_OK attempts=1 streak=0
[2026-09-16T00:47:36.733Z] batch=field-waveform-1789519617072-2 D1 MODE_SWITCH_START state=MODE_SWITCHING attempts=1 streak=0 attempt=1
[2026-09-16T00:47:36.735Z] batch=field-waveform-1789519617072-2 D1 MODE_SWITCH_OK state=MODE_SWITCH_OK attempts=1 streak=0
[2026-09-16T00:47:36.736Z] batch=field-waveform-1789519617072-2 D2 MODE_SWITCH_START state=MODE_SWITCHING attempts=1 streak=0 attempt=1
[2026-09-16T00:47:36.737Z] batch=field-waveform-1789519617072-2 D2 MODE_SWITCH_OK state=MODE_SWITCH_OK attempts=1 streak=0
[2026-09-16T00:47:36.765Z] batch=field-waveform-1789519617072-2 D3 MODE_SWITCH_START state=MODE_SWITCHING attempts=1 streak=0 attempt=1
[2026-09-16T00:47:36.767Z] batch=field-waveform-1789519617072-2 D3 MODE_SWITCH_OK state=MODE_SWITCH_OK attempts=1 streak=0
[2026-09-16T00:47:36.767Z] batch=field-waveform-1789519617072-2 D4 MODE_SWITCH_START state=MODE_SWITCHING attempts=1 streak=0 attempt=1
[2026-09-16T00:47:36.768Z] batch=field-waveform-1789519617072-2 D4 MODE_SWITCH_OK state=MODE_SWITCH_OK attempts=1 streak=0
[2026-09-16T00:47:36.769Z] batch=field-waveform-1789519617072-2 D5 MODE_SWITCH_START state=MODE_SWITCHING attempts=1 streak=0 attempt=1
[2026-09-16T00:47:36.770Z] batch=field-waveform-1789519617072-2 D5 MODE_SWITCH_OK state=MODE_SWITCH_OK attempts=1 streak=0
[2026-09-16T00:47:44.768Z] batch=field-waveform-1789519617072-2 D3 FIRST_FRAME state=FIRST_FRAME_RECEIVED attempts=1 streak=1
[2026-09-16T00:47:44.768Z] batch=field-waveform-1789519617072-2 D3 FIRST_VALID_SAMPLE state=FIRST_FRAME_RECEIVED attempts=1 streak=1
[2026-09-16T00:47:44.814Z] batch=field-waveform-1789519617072-2 D2 FIRST_FRAME state=FIRST_FRAME_RECEIVED attempts=1 streak=1
[2026-09-16T00:47:44.814Z] batch=field-waveform-1789519617072-2 D2 FIRST_VALID_SAMPLE state=FIRST_FRAME_RECEIVED attempts=1 streak=1
[2026-09-16T00:47:44.823Z] batch=field-waveform-1789519617072-2 D6 FIRST_FRAME state=FIRST_FRAME_RECEIVED attempts=1 streak=1
[2026-09-16T00:47:44.823Z] batch=field-waveform-1789519617072-2 D6 FIRST_VALID_SAMPLE state=FIRST_FRAME_RECEIVED attempts=1 streak=1
[2026-09-16T00:47:44.828Z] batch=field-waveform-1789519617072-2 D4 FIRST_FRAME state=FIRST_FRAME_RECEIVED attempts=1 streak=1
[2026-09-16T00:47:44.828Z] batch=field-waveform-1789519617072-2 D4 FIRST_VALID_SAMPLE state=FIRST_FRAME_RECEIVED attempts=1 streak=1
[2026-09-16T00:47:45.018Z] batch=field-waveform-1789519617072-2 D3 CHANNEL_SYNC_OK state=TEST_READY attempts=1 streak=5
[2026-09-16T00:47:45.019Z] batch=field-waveform-1789519617072-2 D3 TEST_READY state=TEST_READY attempts=1 streak=5
[2026-09-16T00:47:45.061Z] batch=field-waveform-1789519617072-2 D2 CHANNEL_SYNC_OK state=TEST_READY attempts=1 streak=5
[2026-09-16T00:47:45.061Z] batch=field-waveform-1789519617072-2 D2 TEST_READY state=TEST_READY attempts=1 streak=5
[2026-09-16T00:47:45.072Z] batch=field-waveform-1789519617072-2 D6 CHANNEL_SYNC_OK state=TEST_READY attempts=1 streak=5
[2026-09-16T00:47:45.073Z] batch=field-waveform-1789519617072-2 D6 TEST_READY state=TEST_READY attempts=1 streak=5
[2026-09-16T00:47:45.076Z] batch=field-waveform-1789519617072-2 D4 CHANNEL_SYNC_OK state=TEST_READY attempts=1 streak=5
[2026-09-16T00:47:45.077Z] batch=field-waveform-1789519617072-2 D4 TEST_READY state=TEST_READY attempts=1 streak=5
[2026-09-16T00:47:45.702Z] batch=field-waveform-1789519617072-2 D5 FIRST_FRAME state=FIRST_FRAME_RECEIVED attempts=1 streak=1
[2026-09-16T00:47:45.703Z] batch=field-waveform-1789519617072-2 D5 FIRST_VALID_SAMPLE state=FIRST_FRAME_RECEIVED attempts=1 streak=1
[2026-09-16T00:47:45.875Z] batch=field-waveform-1789519617072-2 D5 CHANNEL_SYNC_OK state=TEST_READY attempts=1 streak=5
[2026-09-16T00:47:45.875Z] batch=field-waveform-1789519617072-2 D5 TEST_READY state=TEST_READY attempts=1 streak=5
[2026-09-16T00:47:46.747Z] batch=field-waveform-1789519617072-2 D1 MODE_SWITCH_START state=MODE_SWITCHING attempts=1 streak=0 attempt=1
[2026-09-16T00:47:46.748Z] batch=field-waveform-1789519617072-2 D1 MODE_SWITCH_OK state=MODE_SWITCH_OK attempts=1 streak=0
[2026-09-16T00:47:51.827Z] batch=field-waveform-1789519617072-2 D1 FIRST_FRAME state=FIRST_FRAME_RECEIVED attempts=1 streak=1
[2026-09-16T00:47:51.828Z] batch=field-waveform-1789519617072-2 D1 FIRST_VALID_SAMPLE state=FIRST_FRAME_RECEIVED attempts=1 streak=1
[2026-09-16T00:47:52.078Z] batch=field-waveform-1789519617072-2 D1 CHANNEL_SYNC_OK state=TEST_READY attempts=1 streak=5
[2026-09-16T00:47:52.078Z] batch=field-waveform-1789519617072-2 D1 TEST_READY state=TEST_READY attempts=1 streak=5
[2026-09-16T00:48:34.642Z] batch=field-waveform-1789519617072-2 D3 MODE_SWITCH_START state=MODE_SWITCHING attempts=1 streak=0 attempt=1
[2026-09-16T00:48:34.643Z] batch=field-waveform-1789519617072-2 D3 MODE_SWITCH_OK state=MODE_SWITCH_OK attempts=1 streak=0
[2026-09-16T00:48:34.691Z] batch=field-waveform-1789519617072-2 D6 MODE_SWITCH_START state=MODE_SWITCHING attempts=1 streak=0 attempt=1
[2026-09-16T00:48:34.694Z] batch=field-waveform-1789519617072-2 D6 MODE_SWITCH_OK state=MODE_SWITCH_OK attempts=1 streak=0
[2026-09-16T00:48:34.699Z] batch=field-waveform-1789519617072-2 D4 MODE_SWITCH_START state=MODE_SWITCHING attempts=1 streak=0 attempt=1
[2026-09-16T00:48:34.701Z] batch=field-waveform-1789519617072-2 D4 MODE_SWITCH_OK state=MODE_SWITCH_OK attempts=1 streak=0
[2026-09-16T00:48:34.711Z] batch=field-waveform-1789519617072-2 D5 MODE_SWITCH_START state=MODE_SWITCHING attempts=1 streak=0 attempt=1
[2026-09-16T00:48:34.713Z] batch=field-waveform-1789519617072-2 D5 MODE_SWITCH_OK state=MODE_SWITCH_OK attempts=1 streak=0
[2026-09-16T00:48:34.717Z] batch=field-waveform-1789519617072-2 D2 MODE_SWITCH_START state=MODE_SWITCHING attempts=1 streak=0 attempt=1
[2026-09-16T00:48:34.719Z] batch=field-waveform-1789519617072-2 D2 MODE_SWITCH_OK state=MODE_SWITCH_OK attempts=1 streak=0
[2026-09-16T00:48:36.722Z] batch=field-waveform-1789519617072-2 D1 MODE_SWITCH_START state=MODE_SWITCHING attempts=1 streak=0 attempt=1
[2026-09-16T00:48:36.725Z] batch=field-waveform-1789519617072-2 D1 MODE_SWITCH_OK state=MODE_SWITCH_OK attempts=1 streak=0
[2026-09-16T00:48:44.661Z] batch=field-waveform-1789519617072-2 D3 MODE_SWITCH_START state=MODE_SWITCHING attempts=1 streak=0 attempt=1
[2026-09-16T00:48:44.662Z] batch=field-waveform-1789519617072-2 D3 MODE_SWITCH_OK state=MODE_SWITCH_OK attempts=1 streak=0
[2026-09-16T00:48:44.731Z] batch=field-waveform-1789519617072-2 D6 MODE_SWITCH_START state=MODE_SWITCHING attempts=1 streak=0 attempt=1
[2026-09-16T00:48:44.733Z] batch=field-waveform-1789519617072-2 D6 MODE_SWITCH_OK state=MODE_SWITCH_OK attempts=1 streak=0
[2026-09-16T00:48:44.737Z] batch=field-waveform-1789519617072-2 D4 MODE_SWITCH_START state=MODE_SWITCHING attempts=1 streak=0 attempt=1
[2026-09-16T00:48:44.738Z] batch=field-waveform-1789519617072-2 D4 MODE_SWITCH_OK state=MODE_SWITCH_OK attempts=1 streak=0
[2026-09-16T00:48:44.742Z] batch=field-waveform-1789519617072-2 D5 MODE_SWITCH_START state=MODE_SWITCHING attempts=1 streak=0 attempt=1
[2026-09-16T00:48:44.743Z] batch=field-waveform-1789519617072-2 D5 MODE_SWITCH_OK state=MODE_SWITCH_OK attempts=1 streak=0
[2026-09-16T00:48:44.747Z] batch=field-waveform-1789519617072-2 D2 MODE_SWITCH_START state=MODE_SWITCHING attempts=1 streak=0 attempt=1
[2026-09-16T00:48:44.749Z] batch=field-waveform-1789519617072-2 D2 MODE_SWITCH_OK state=MODE_SWITCH_OK attempts=1 streak=0
[2026-09-16T00:48:46.785Z] batch=field-waveform-1789519617072-2 D1 MODE_SWITCH_START state=MODE_SWITCHING attempts=1 streak=0 attempt=1
[2026-09-16T00:48:46.786Z] batch=field-waveform-1789519617072-2 D1 MODE_SWITCH_OK state=MODE_SWITCH_OK attempts=1 streak=0
[2026-09-16T00:48:49.770Z] batch=field-waveform-1789519617072-2 D3 FIRST_FRAME state=FIRST_FRAME_RECEIVED attempts=1 streak=1
[2026-09-16T00:48:49.770Z] batch=field-waveform-1789519617072-2 D3 FIRST_VALID_SAMPLE state=FIRST_FRAME_RECEIVED attempts=1 streak=1
[2026-09-16T00:48:49.779Z] batch=field-waveform-1789519617072-2 D6 FIRST_FRAME state=FIRST_FRAME_RECEIVED attempts=1 streak=1
[2026-09-16T00:48:49.779Z] batch=field-waveform-1789519617072-2 D6 FIRST_VALID_SAMPLE state=FIRST_FRAME_RECEIVED attempts=1 streak=1
[2026-09-16T00:48:49.857Z] batch=field-waveform-1789519617072-2 D4 FIRST_FRAME state=FIRST_FRAME_RECEIVED attempts=1 streak=1
[2026-09-16T00:48:49.857Z] batch=field-waveform-1789519617072-2 D4 FIRST_VALID_SAMPLE state=FIRST_FRAME_RECEIVED attempts=1 streak=1
[2026-09-16T00:48:49.860Z] batch=field-waveform-1789519617072-2 D2 FIRST_FRAME state=FIRST_FRAME_RECEIVED attempts=1 streak=1
[2026-09-16T00:48:49.860Z] batch=field-waveform-1789519617072-2 D2 FIRST_VALID_SAMPLE state=FIRST_FRAME_RECEIVED attempts=1 streak=1
[2026-09-16T00:48:49.862Z] batch=field-waveform-1789519617072-2 D5 FIRST_FRAME state=FIRST_FRAME_RECEIVED attempts=1 streak=1
[2026-09-16T00:48:49.863Z] batch=field-waveform-1789519617072-2 D5 FIRST_VALID_SAMPLE state=FIRST_FRAME_RECEIVED attempts=1 streak=1
[2026-09-16T00:48:50.046Z] batch=field-waveform-1789519617072-2 D3 CHANNEL_SYNC_OK state=TEST_READY attempts=1 streak=5
[2026-09-16T00:48:50.046Z] batch=field-waveform-1789519617072-2 D3 TEST_READY state=TEST_READY attempts=1 streak=5
[2026-09-16T00:48:50.048Z] batch=field-waveform-1789519617072-2 D6 CHANNEL_SYNC_OK state=TEST_READY attempts=1 streak=5
[2026-09-16T00:48:50.048Z] batch=field-waveform-1789519617072-2 D6 TEST_READY state=TEST_READY attempts=1 streak=5
[2026-09-16T00:48:50.051Z] batch=field-waveform-1789519617072-2 D4 CHANNEL_SYNC_OK state=TEST_READY attempts=1 streak=5
[2026-09-16T00:48:50.052Z] batch=field-waveform-1789519617072-2 D4 TEST_READY state=TEST_READY attempts=1 streak=5
[2026-09-16T00:48:50.071Z] batch=field-waveform-1789519617072-2 D2 CHANNEL_SYNC_OK state=TEST_READY attempts=1 streak=5
[2026-09-16T00:48:50.072Z] batch=field-waveform-1789519617072-2 D2 TEST_READY state=TEST_READY attempts=1 streak=5
[2026-09-16T00:48:50.081Z] batch=field-waveform-1789519617072-2 D5 CHANNEL_SYNC_OK state=TEST_READY attempts=1 streak=5
[2026-09-16T00:48:50.082Z] batch=field-waveform-1789519617072-2 D5 TEST_READY state=TEST_READY attempts=1 streak=5
[2026-09-16T00:48:51.863Z] batch=field-waveform-1789519617072-2 D1 FIRST_FRAME state=FIRST_FRAME_RECEIVED attempts=1 streak=1
[2026-09-16T00:48:51.863Z] batch=field-waveform-1789519617072-2 D1 FIRST_VALID_SAMPLE state=FIRST_FRAME_RECEIVED attempts=1 streak=1
[2026-09-16T00:48:52.168Z] batch=field-waveform-1789519617072-2 D1 CHANNEL_SYNC_OK state=TEST_READY attempts=1 streak=5
[2026-09-16T00:48:52.169Z] batch=field-waveform-1789519617072-2 D1 TEST_READY state=TEST_READY attempts=1 streak=5
[2026-09-16T00:49:25.678Z] batch=field-waveform-1789519617072-2 D1 MODE_SWITCH_START state=MODE_SWITCHING attempts=1 streak=0 attempt=1
[2026-09-16T00:49:25.679Z] batch=field-waveform-1789519617072-2 D1 MODE_SWITCH_OK state=MODE_SWITCH_OK attempts=1 streak=0
