[2026-09-09T08:37:19.734Z] batch=field-waveform-1788943039733-11 D1 MODE_SWITCH_START state=MODE_SWITCHING attempts=1 streak=0 attempt=1
[2026-09-09T08:37:19.746Z] batch=field-waveform-1788943039733-11 D2 MODE_SWITCH_START state=MODE_SWITCHING attempts=1 streak=0 attempt=1
[2026-09-09T08:37:19.749Z] batch=field-waveform-1788943039733-11 D3 MODE_SWITCH_START state=MODE_SWITCHING attempts=1 streak=0 attempt=1
[2026-09-09T08:37:19.750Z] batch=field-waveform-1788943039733-11 D4 MODE_SWITCH_START state=MODE_SWITCHING attempts=1 streak=0 attempt=1
[2026-09-09T08:37:19.752Z] batch=field-waveform-1788943039733-11 D5 MODE_SWITCH_START state=MODE_SWITCHING attempts=1 streak=0 attempt=1
[2026-09-09T08:37:19.753Z] batch=field-waveform-1788943039733-11 D6 MODE_SWITCH_START state=MODE_SWITCHING attempts=1 streak=0 attempt=1
[2026-09-09T08:37:19.767Z] batch=field-waveform-1788943039733-11 D1 MODE_SWITCH_OK state=MODE_SWITCH_OK attempts=1 streak=0
[2026-09-09T08:37:19.770Z] batch=field-waveform-1788943039733-11 D2 MODE_SWITCH_OK state=MODE_SWITCH_OK attempts=1 streak=0
[2026-09-09T08:37:19.771Z] batch=field-waveform-1788943039733-11 D3 MODE_SWITCH_OK state=MODE_SWITCH_OK attempts=1 streak=0
[2026-09-09T08:37:19.772Z] batch=field-waveform-1788943039733-11 D4 MODE_SWITCH_OK state=MODE_SWITCH_OK attempts=1 streak=0
[2026-09-09T08:37:19.772Z] batch=field-waveform-1788943039733-11 D5 MODE_SWITCH_OK state=MODE_SWITCH_OK attempts=1 streak=0
[2026-09-09T08:37:19.773Z] batch=field-waveform-1788943039733-11 D6 MODE_SWITCH_OK state=MODE_SWITCH_OK attempts=1 streak=0
[2026-09-09T08:37:21.956Z] batch=field-waveform-1788943039733-11 D1 MODE_SWITCH_START state=MODE_SWITCHING attempts=1 streak=0 attempt=1
[2026-09-09T08:37:21.961Z] batch=field-waveform-1788943039733-11 D1 MODE_SWITCH_OK state=MODE_SWITCH_OK attempts=1 streak=0
[2026-09-09T08:37:21.982Z] batch=field-waveform-1788943039733-11 D5 MODE_SWITCH_START state=MODE_SWITCHING attempts=1 streak=0 attempt=1
[2026-09-09T08:37:21.985Z] batch=field-waveform-1788943039733-11 D5 MODE_SWITCH_OK state=MODE_SWITCH_OK attempts=1 streak=0
[2026-09-09T08:37:21.988Z] batch=field-waveform-1788943039733-11 D4 MODE_SWITCH_START state=MODE_SWITCHING attempts=1 streak=0 attempt=1
[2026-09-09T08:37:21.994Z] batch=field-waveform-1788943039733-11 D4 MODE_SWITCH_OK state=MODE_SWITCH_OK attempts=1 streak=0
[2026-09-09T08:37:21.998Z] batch=field-waveform-1788943039733-11 D3 MODE_SWITCH_START state=MODE_SWITCHING attempts=1 streak=0 attempt=1
[2026-09-09T08:37:22.000Z] batch=field-waveform-1788943039733-11 D3 MODE_SWITCH_OK state=MODE_SWITCH_OK attempts=1 streak=0
[2026-09-09T08:37:22.002Z] batch=field-waveform-1788943039733-11 D6 MODE_SWITCH_START state=MODE_SWITCHING attempts=1 streak=0 attempt=1
[2026-09-09T08:37:22.008Z] batch=field-waveform-1788943039733-11 D6 MODE_SWITCH_OK state=MODE_SWITCH_OK attempts=1 streak=0
[2026-09-09T08:37:22.011Z] batch=field-waveform-1788943039733-11 D2 MODE_SWITCH_START state=MODE_SWITCHING attempts=1 streak=0 attempt=1
[2026-09-09T08:37:22.019Z] batch=field-waveform-1788943039733-11 D2 MODE_SWITCH_OK state=MODE_SWITCH_OK attempts=1 streak=0
[2026-09-09T08:37:27.745Z] batch=field-waveform-1788943047745-12 D1 MODE_SWITCH_START state=MODE_SWITCHING attempts=1 streak=0 attempt=1
[2026-09-09T08:37:27.747Z] batch=field-waveform-1788943047745-12 D2 MODE_SWITCH_START state=MODE_SWITCHING attempts=1 streak=0 attempt=1
[2026-09-09T08:37:27.749Z] batch=field-waveform-1788943047745-12 D3 MODE_SWITCH_START state=MODE_SWITCHING attempts=1 streak=0 attempt=1
[2026-09-09T08:37:27.756Z] batch=field-waveform-1788943047745-12 D4 MODE_SWITCH_START state=MODE_SWITCHING attempts=1 streak=0 attempt=1
[2026-09-09T08:37:27.757Z] batch=field-waveform-1788943047745-12 D5 MODE_SWITCH_START state=MODE_SWITCHING attempts=1 streak=0 attempt=1
[2026-09-09T08:37:27.764Z] batch=field-waveform-1788943047745-12 D6 MODE_SWITCH_START state=MODE_SWITCHING attempts=1 streak=0 attempt=1
[2026-09-09T08:37:27.769Z] batch=field-waveform-1788943047745-12 D1 MODE_SWITCH_OK state=MODE_SWITCH_OK attempts=1 streak=0
[2026-09-09T08:37:27.778Z] batch=field-waveform-1788943047745-12 D2 MODE_SWITCH_OK state=MODE_SWITCH_OK attempts=1 streak=0
[2026-09-09T08:37:27.780Z] batch=field-waveform-1788943047745-12 D3 MODE_SWITCH_OK state=MODE_SWITCH_OK attempts=1 streak=0
[2026-09-09T08:37:27.781Z] batch=field-waveform-1788943047745-12 D4 MODE_SWITCH_OK state=MODE_SWITCH_OK attempts=1 streak=0
[2026-09-09T08:37:27.790Z] batch=field-waveform-1788943047745-12 D5 MODE_SWITCH_OK state=MODE_SWITCH_OK attempts=1 streak=0
[2026-09-09T08:37:27.790Z] batch=field-waveform-1788943047745-12 D6 MODE_SWITCH_OK state=MODE_SWITCH_OK attempts=1 streak=0
[2026-09-09T08:37:31.979Z] batch=field-waveform-1788943047745-12 D1 MODE_SWITCH_START state=MODE_SWITCHING attempts=1 streak=0 attempt=1
[2026-09-09T08:37:31.984Z] batch=field-waveform-1788943047745-12 D1 MODE_SWITCH_OK state=MODE_SWITCH_OK attempts=1 streak=0
[2026-09-09T08:37:31.986Z] batch=field-waveform-1788943047745-12 D5 MODE_SWITCH_START state=MODE_SWITCHING attempts=1 streak=0 attempt=1
[2026-09-09T08:37:31.993Z] batch=field-waveform-1788943047745-12 D5 MODE_SWITCH_OK state=MODE_SWITCH_OK attempts=1 streak=0
[2026-09-09T08:37:31.996Z] batch=field-waveform-1788943047745-12 D4 MODE_SWITCH_START state=MODE_SWITCHING attempts=1 streak=0 attempt=1
[2026-09-09T08:37:31.999Z] batch=field-waveform-1788943047745-12 D4 MODE_SWITCH_OK state=MODE_SWITCH_OK attempts=1 streak=0
[2026-09-09T08:37:32.001Z] batch=field-waveform-1788943047745-12 D3 MODE_SWITCH_START state=MODE_SWITCHING attempts=1 streak=0 attempt=1
[2026-09-09T08:37:32.003Z] batch=field-waveform-1788943047745-12 D3 MODE_SWITCH_OK state=MODE_SWITCH_OK attempts=1 streak=0
[2026-09-09T08:37:32.009Z] batch=field-waveform-1788943047745-12 D6 MODE_SWITCH_START state=MODE_SWITCHING attempts=1 streak=0 attempt=1
[2026-09-09T08:37:32.012Z] batch=field-waveform-1788943047745-12 D6 MODE_SWITCH_OK state=MODE_SWITCH_OK attempts=1 streak=0
[2026-09-09T08:37:32.023Z] batch=field-waveform-1788943047745-12 D2 MODE_SWITCH_START state=MODE_SWITCHING attempts=1 streak=0 attempt=1
[2026-09-09T08:37:32.025Z] batch=field-waveform-1788943047745-12 D2 MODE_SWITCH_OK state=MODE_SWITCH_OK attempts=1 streak=0
[2026-09-09T08:37:41.991Z] batch=field-waveform-1788943047745-12 D1 MODE_SWITCH_START state=MODE_SWITCHING attempts=1 streak=0 attempt=1
[2026-09-09T08:37:42.018Z] batch=field-waveform-1788943047745-12 D1 MODE_SWITCH_OK state=MODE_SWITCH_OK attempts=1 streak=0
[2026-09-09T08:37:42.022Z] batch=field-waveform-1788943047745-12 D5 MODE_SWITCH_START state=MODE_SWITCHING attempts=1 streak=0 attempt=1
[2026-09-09T08:37:42.033Z] batch=field-waveform-1788943047745-12 D5 MODE_SWITCH_OK state=MODE_SWITCH_OK attempts=1 streak=0
[2026-09-09T08:37:42.035Z] batch=field-waveform-1788943047745-12 D4 MODE_SWITCH_START state=MODE_SWITCHING attempts=1 streak=0 attempt=1
[2026-09-09T08:37:42.037Z] batch=field-waveform-1788943047745-12 D4 MODE_SWITCH_OK state=MODE_SWITCH_OK attempts=1 streak=0
[2026-09-09T08:37:42.038Z] batch=field-waveform-1788943047745-12 D3 MODE_SWITCH_START state=MODE_SWITCHING attempts=1 streak=0 attempt=1
[2026-09-09T08:37:42.041Z] batch=field-waveform-1788943047745-12 D3 MODE_SWITCH_OK state=MODE_SWITCH_OK attempts=1 streak=0
[2026-09-09T08:37:42.042Z] batch=field-waveform-1788943047745-12 D6 MODE_SWITCH_START state=MODE_SWITCHING attempts=1 streak=0 attempt=1
[2026-09-09T08:37:42.052Z] batch=field-waveform-1788943047745-12 D6 MODE_SWITCH_OK state=MODE_SWITCH_OK attempts=1 streak=0
[2026-09-09T08:37:42.054Z] batch=field-waveform-1788943047745-12 D2 MODE_SWITCH_START state=MODE_SWITCHING attempts=1 streak=0 attempt=1
[2026-09-09T08:37:42.056Z] batch=field-waveform-1788943047745-12 D2 MODE_SWITCH_OK state=MODE_SWITCH_OK attempts=1 streak=0
[2026-09-09T08:37:52.019Z] batch=field-waveform-1788943047745-12 D1 MODE_SWITCH_START state=MODE_SWITCHING attempts=1 streak=0 attempt=1
[2026-09-09T08:37:52.024Z] batch=field-waveform-1788943047745-12 D1 MODE_SWITCH_OK state=MODE_SWITCH_OK attempts=1 streak=0
[2026-09-09T08:37:52.035Z] batch=field-waveform-1788943047745-12 D5 MODE_SWITCH_START state=MODE_SWITCHING attempts=1 streak=0 attempt=1
[2026-09-09T08:37:52.043Z] batch=field-waveform-1788943047745-12 D5 MODE_SWITCH_OK state=MODE_SWITCH_OK attempts=1 streak=0
[2026-09-09T08:37:52.044Z] batch=field-waveform-1788943047745-12 D4 MODE_SWITCH_START state=MODE_SWITCHING attempts=1 streak=0 attempt=1
[2026-09-09T08:37:52.064Z] batch=field-waveform-1788943047745-12 D4 MODE_SWITCH_OK state=MODE_SWITCH_OK attempts=1 streak=0
[2026-09-09T08:37:52.065Z] batch=field-waveform-1788943047745-12 D3 MODE_SWITCH_START state=MODE_SWITCHING attempts=1 streak=0 attempt=1
[2026-09-09T08:37:52.067Z] batch=field-waveform-1788943047745-12 D3 MODE_SWITCH_OK state=MODE_SWITCH_OK attempts=1 streak=0
[2026-09-09T08:37:52.070Z] batch=field-waveform-1788943047745-12 D6 MODE_SWITCH_START state=MODE_SWITCHING attempts=1 streak=0 attempt=1
[2026-09-09T08:37:52.072Z] batch=field-waveform-1788943047745-12 D6 MODE_SWITCH_OK state=MODE_SWITCH_OK attempts=1 streak=0
[2026-09-09T08:37:52.072Z] batch=field-waveform-1788943047745-12 D2 MODE_SWITCH_START state=MODE_SWITCHING attempts=1 streak=0 attempt=1
[2026-09-09T08:37:52.074Z] batch=field-waveform-1788943047745-12 D2 MODE_SWITCH_OK state=MODE_SWITCH_OK attempts=1 streak=0
[2026-09-09T08:37:57.082Z] batch=field-waveform-1788943047745-12 D1 FIRST_FRAME state=FIRST_FRAME_RECEIVED attempts=1 streak=1
[2026-09-09T08:37:57.083Z] batch=field-waveform-1788943047745-12 D1 FIRST_VALID_SAMPLE state=FIRST_FRAME_RECEIVED attempts=1 streak=1
[2026-09-09T08:37:57.106Z] batch=field-waveform-1788943047745-12 D5 FIRST_FRAME state=FIRST_FRAME_RECEIVED attempts=1 streak=1
[2026-09-09T08:37:57.106Z] batch=field-waveform-1788943047745-12 D5 FIRST_VALID_SAMPLE state=FIRST_FRAME_RECEIVED attempts=1 streak=1
[2026-09-09T08:37:57.118Z] batch=field-waveform-1788943047745-12 D4 FIRST_FRAME state=FIRST_FRAME_RECEIVED attempts=1 streak=1
[2026-09-09T08:37:57.119Z] batch=field-waveform-1788943047745-12 D4 FIRST_VALID_SAMPLE state=FIRST_FRAME_RECEIVED attempts=1 streak=1
[2026-09-09T08:37:57.126Z] batch=field-waveform-1788943047745-12 D2 FIRST_FRAME state=FIRST_FRAME_RECEIVED attempts=1 streak=1
[2026-09-09T08:37:57.126Z] batch=field-waveform-1788943047745-12 D2 FIRST_VALID_SAMPLE state=FIRST_FRAME_RECEIVED attempts=1 streak=1
[2026-09-09T08:37:57.145Z] batch=field-waveform-1788943047745-12 D6 FIRST_FRAME state=FIRST_FRAME_RECEIVED attempts=1 streak=1
[2026-09-09T08:37:57.145Z] batch=field-waveform-1788943047745-12 D6 FIRST_VALID_SAMPLE state=FIRST_FRAME_RECEIVED attempts=1 streak=1
[2026-09-09T08:37:57.146Z] batch=field-waveform-1788943047745-12 D3 FIRST_FRAME state=FIRST_FRAME_RECEIVED attempts=1 streak=1
[2026-09-09T08:37:57.147Z] batch=field-waveform-1788943047745-12 D3 FIRST_VALID_SAMPLE state=FIRST_FRAME_RECEIVED attempts=1 streak=1
[2026-09-09T08:37:57.353Z] batch=field-waveform-1788943047745-12 D5 CHANNEL_SYNC_OK state=TEST_READY attempts=1 streak=5
[2026-09-09T08:37:57.353Z] batch=field-waveform-1788943047745-12 D5 TEST_READY state=TEST_READY attempts=1 streak=5
[2026-09-09T08:37:57.354Z] batch=field-waveform-1788943047745-12 D1 CHANNEL_SYNC_OK state=TEST_READY attempts=1 streak=5
[2026-09-09T08:37:57.354Z] batch=field-waveform-1788943047745-12 D1 TEST_READY state=TEST_READY attempts=1 streak=5
[2026-09-09T08:37:57.368Z] batch=field-waveform-1788943047745-12 D4 CHANNEL_SYNC_OK state=TEST_READY attempts=1 streak=5
[2026-09-09T08:37:57.368Z] batch=field-waveform-1788943047745-12 D4 TEST_READY state=TEST_READY attempts=1 streak=5
[2026-09-09T08:37:57.369Z] batch=field-waveform-1788943047745-12 D2 CHANNEL_SYNC_OK state=TEST_READY attempts=1 streak=5
[2026-09-09T08:37:57.369Z] batch=field-waveform-1788943047745-12 D2 TEST_READY state=TEST_READY attempts=1 streak=5
[2026-09-09T08:37:57.380Z] batch=field-waveform-1788943047745-12 D6 CHANNEL_SYNC_OK state=TEST_READY attempts=1 streak=5
[2026-09-09T08:37:57.380Z] batch=field-waveform-1788943047745-12 D6 TEST_READY state=TEST_READY attempts=1 streak=5
[2026-09-09T08:37:57.394Z] batch=field-waveform-1788943047745-12 D3 CHANNEL_SYNC_OK state=TEST_READY attempts=1 streak=5
[2026-09-09T08:37:57.394Z] batch=field-waveform-1788943047745-12 D3 TEST_READY state=TEST_READY attempts=1 streak=5
[2026-09-09T08:39:02.752Z] batch=field-waveform-1788943047745-12 D1 MODE_SWITCH_START state=MODE_SWITCHING attempts=1 streak=0 attempt=1
[2026-09-09T08:39:02.762Z] batch=field-waveform-1788943047745-12 D1 MODE_SWITCH_OK state=MODE_SWITCH_OK attempts=1 streak=0
[2026-09-09T08:39:02.772Z] batch=field-waveform-1788943047745-12 D2 MODE_SWITCH_START state=MODE_SWITCHING attempts=1 streak=0 attempt=1
[2026-09-09T08:39:02.775Z] batch=field-waveform-1788943047745-12 D2 MODE_SWITCH_OK state=MODE_SWITCH_OK attempts=1 streak=0
[2026-09-09T08:39:02.781Z] batch=field-waveform-1788943047745-12 D3 MODE_SWITCH_START state=MODE_SWITCHING attempts=1 streak=0 attempt=1
[2026-09-09T08:39:02.782Z] batch=field-waveform-1788943047745-12 D3 MODE_SWITCH_OK state=MODE_SWITCH_OK attempts=1 streak=0
[2026-09-09T08:39:02.789Z] batch=field-waveform-1788943047745-12 D4 MODE_SWITCH_START state=MODE_SWITCHING attempts=1 streak=0 attempt=1
[2026-09-09T08:39:02.794Z] batch=field-waveform-1788943047745-12 D4 MODE_SWITCH_OK state=MODE_SWITCH_OK attempts=1 streak=0
[2026-09-09T08:39:02.800Z] batch=field-waveform-1788943047745-12 D6 MODE_SWITCH_START state=MODE_SWITCHING attempts=1 streak=0 attempt=1
[2026-09-09T08:39:02.804Z] batch=field-waveform-1788943047745-12 D6 MODE_SWITCH_OK state=MODE_SWITCH_OK attempts=1 streak=0
[2026-09-09T08:39:02.811Z] batch=field-waveform-1788943047745-12 D5 MODE_SWITCH_START state=MODE_SWITCHING attempts=1 streak=0 attempt=1
[2026-09-09T08:39:02.813Z] batch=field-waveform-1788943047745-12 D5 MODE_SWITCH_OK state=MODE_SWITCH_OK attempts=1 streak=0
[2026-09-09T08:39:12.908Z] batch=field-waveform-1788943047745-12 D1 MODE_SWITCH_START state=MODE_SWITCHING attempts=1 streak=0 attempt=1
[2026-09-09T08:39:12.919Z] batch=field-waveform-1788943047745-12 D1 MODE_SWITCH_OK state=MODE_SWITCH_OK attempts=1 streak=0
[2026-09-09T08:39:12.926Z] batch=field-waveform-1788943047745-12 D2 MODE_SWITCH_START state=MODE_SWITCHING attempts=1 streak=0 attempt=1
[2026-09-09T08:39:12.930Z] batch=field-waveform-1788943047745-12 D2 MODE_SWITCH_OK state=MODE_SWITCH_OK attempts=1 streak=0
[2026-09-09T08:39:12.944Z] batch=field-waveform-1788943047745-12 D3 MODE_SWITCH_START state=MODE_SWITCHING attempts=1 streak=0 attempt=1
[2026-09-09T08:39:12.951Z] batch=field-waveform-1788943047745-12 D3 MODE_SWITCH_OK state=MODE_SWITCH_OK attempts=1 streak=0
[2026-09-09T08:39:12.958Z] batch=field-waveform-1788943047745-12 D4 MODE_SWITCH_START state=MODE_SWITCHING attempts=1 streak=0 attempt=1
[2026-09-09T08:39:12.961Z] batch=field-waveform-1788943047745-12 D4 MODE_SWITCH_OK state=MODE_SWITCH_OK attempts=1 streak=0
[2026-09-09T08:39:12.969Z] batch=field-waveform-1788943047745-12 D6 MODE_SWITCH_START state=MODE_SWITCHING attempts=1 streak=0 attempt=1
[2026-09-09T08:39:12.970Z] batch=field-waveform-1788943047745-12 D6 MODE_SWITCH_OK state=MODE_SWITCH_OK attempts=1 streak=0
[2026-09-09T08:39:12.977Z] batch=field-waveform-1788943047745-12 D5 MODE_SWITCH_START state=MODE_SWITCHING attempts=1 streak=0 attempt=1
[2026-09-09T08:39:12.980Z] batch=field-waveform-1788943047745-12 D5 MODE_SWITCH_OK state=MODE_SWITCH_OK attempts=1 streak=0
[2026-09-09T08:39:18.100Z] batch=field-waveform-1788943047745-12 D1 FIRST_FRAME state=FIRST_FRAME_RECEIVED attempts=1 streak=1
[2026-09-09T08:39:18.100Z] batch=field-waveform-1788943047745-12 D1 FIRST_VALID_SAMPLE state=FIRST_FRAME_RECEIVED attempts=1 streak=1
[2026-09-09T08:39:18.111Z] batch=field-waveform-1788943047745-12 D2 FIRST_FRAME state=FIRST_FRAME_RECEIVED attempts=1 streak=1
[2026-09-09T08:39:18.111Z] batch=field-waveform-1788943047745-12 D2 FIRST_VALID_SAMPLE state=FIRST_FRAME_RECEIVED attempts=1 streak=1
[2026-09-09T08:39:18.117Z] batch=field-waveform-1788943047745-12 D6 FIRST_FRAME state=FIRST_FRAME_RECEIVED attempts=1 streak=1
[2026-09-09T08:39:18.117Z] batch=field-waveform-1788943047745-12 D6 FIRST_VALID_SAMPLE state=FIRST_FRAME_RECEIVED attempts=1 streak=1
[2026-09-09T08:39:18.119Z] batch=field-waveform-1788943047745-12 D3 FIRST_FRAME state=FIRST_FRAME_RECEIVED attempts=1 streak=1
[2026-09-09T08:39:18.119Z] batch=field-waveform-1788943047745-12 D3 FIRST_VALID_SAMPLE state=FIRST_FRAME_RECEIVED attempts=1 streak=1
[2026-09-09T08:39:18.121Z] batch=field-waveform-1788943047745-12 D5 FIRST_FRAME state=FIRST_FRAME_RECEIVED attempts=1 streak=1
[2026-09-09T08:39:18.121Z] batch=field-waveform-1788943047745-12 D5 FIRST_VALID_SAMPLE state=FIRST_FRAME_RECEIVED attempts=1 streak=1
[2026-09-09T08:39:18.125Z] batch=field-waveform-1788943047745-12 D4 FIRST_FRAME state=FIRST_FRAME_RECEIVED attempts=1 streak=1
[2026-09-09T08:39:18.125Z] batch=field-waveform-1788943047745-12 D4 FIRST_VALID_SAMPLE state=FIRST_FRAME_RECEIVED attempts=1 streak=1
[2026-09-09T08:39:18.291Z] batch=field-waveform-1788943047745-12 D6 CHANNEL_SYNC_OK state=TEST_READY attempts=1 streak=5
[2026-09-09T08:39:18.291Z] batch=field-waveform-1788943047745-12 D6 TEST_READY state=TEST_READY attempts=1 streak=5
[2026-09-09T08:39:18.293Z] batch=field-waveform-1788943047745-12 D3 CHANNEL_SYNC_OK state=TEST_READY attempts=1 streak=5
[2026-09-09T08:39:18.294Z] batch=field-waveform-1788943047745-12 D3 TEST_READY state=TEST_READY attempts=1 streak=5
[2026-09-09T08:39:18.299Z] batch=field-waveform-1788943047745-12 D5 CHANNEL_SYNC_OK state=TEST_READY attempts=1 streak=5
[2026-09-09T08:39:18.299Z] batch=field-waveform-1788943047745-12 D5 TEST_READY state=TEST_READY attempts=1 streak=5
[2026-09-09T08:39:18.308Z] batch=field-waveform-1788943047745-12 D4 CHANNEL_SYNC_OK state=TEST_READY attempts=1 streak=5
[2026-09-09T08:39:18.308Z] batch=field-waveform-1788943047745-12 D4 TEST_READY state=TEST_READY attempts=1 streak=5
[2026-09-09T08:39:18.318Z] batch=field-waveform-1788943047745-12 D1 CHANNEL_SYNC_OK state=TEST_READY attempts=1 streak=5
[2026-09-09T08:39:18.319Z] batch=field-waveform-1788943047745-12 D1 TEST_READY state=TEST_READY attempts=1 streak=5
[2026-09-09T08:39:18.322Z] batch=field-waveform-1788943047745-12 D2 CHANNEL_SYNC_OK state=TEST_READY attempts=1 streak=5
[2026-09-09T08:39:18.322Z] batch=field-waveform-1788943047745-12 D2 TEST_READY state=TEST_READY attempts=1 streak=5
[2026-09-09T08:39:53.439Z] batch=field-waveform-1788943047745-12 D4 MODE_SWITCH_START state=MODE_SWITCHING attempts=1 streak=0 attempt=1
[2026-09-09T08:39:53.455Z] batch=field-waveform-1788943047745-12 D4 MODE_SWITCH_OK state=MODE_SWITCH_OK attempts=1 streak=0
