[2026-09-14T08:09:05.875Z] batch=field-waveform-1789373186215-1 D5 MODE_SWITCH_START state=MODE_SWITCHING attempts=1 streak=0 attempt=1
[2026-09-14T08:09:05.877Z] batch=field-waveform-1789373186215-1 D5 MODE_SWITCH_OK state=MODE_SWITCH_OK attempts=1 streak=0
[2026-09-14T08:09:05.886Z] batch=field-waveform-1789373186215-1 D4 MODE_SWITCH_START state=MODE_SWITCHING attempts=1 streak=0 attempt=1
[2026-09-14T08:09:05.888Z] batch=field-waveform-1789373186215-1 D4 MODE_SWITCH_OK state=MODE_SWITCH_OK attempts=1 streak=0
[2026-09-14T08:09:05.894Z] batch=field-waveform-1789373186215-1 D6 MODE_SWITCH_START state=MODE_SWITCHING attempts=1 streak=0 attempt=1
[2026-09-14T08:09:05.897Z] batch=field-waveform-1789373186215-1 D6 MODE_SWITCH_OK state=MODE_SWITCH_OK attempts=1 streak=0
[2026-09-14T08:09:05.903Z] batch=field-waveform-1789373186215-1 D2 MODE_SWITCH_START state=MODE_SWITCHING attempts=1 streak=0 attempt=1
[2026-09-14T08:09:05.905Z] batch=field-waveform-1789373186215-1 D2 MODE_SWITCH_OK state=MODE_SWITCH_OK attempts=1 streak=0
[2026-09-14T08:09:05.913Z] batch=field-waveform-1789373186215-1 D1 MODE_SWITCH_START state=MODE_SWITCHING attempts=1 streak=0 attempt=1
[2026-09-14T08:09:05.917Z] batch=field-waveform-1789373186215-1 D1 MODE_SWITCH_OK state=MODE_SWITCH_OK attempts=1 streak=0
[2026-09-14T08:09:05.924Z] batch=field-waveform-1789373186215-1 D3 MODE_SWITCH_START state=MODE_SWITCHING attempts=1 streak=0 attempt=1
[2026-09-14T08:09:05.924Z] batch=field-waveform-1789373186215-1 D3 MODE_SWITCH_OK state=MODE_SWITCH_OK attempts=1 streak=0
[2026-09-14T08:09:16.182Z] batch=field-waveform-1789373186215-1 D5 MODE_SWITCH_START state=MODE_SWITCHING attempts=1 streak=0 attempt=1
[2026-09-14T08:09:16.187Z] batch=field-waveform-1789373186215-1 D5 MODE_SWITCH_OK state=MODE_SWITCH_OK attempts=1 streak=0
[2026-09-14T08:09:16.195Z] batch=field-waveform-1789373186215-1 D4 MODE_SWITCH_START state=MODE_SWITCHING attempts=1 streak=0 attempt=1
[2026-09-14T08:09:16.198Z] batch=field-waveform-1789373186215-1 D4 MODE_SWITCH_OK state=MODE_SWITCH_OK attempts=1 streak=0
[2026-09-14T08:09:16.208Z] batch=field-waveform-1789373186215-1 D6 MODE_SWITCH_START state=MODE_SWITCHING attempts=1 streak=0 attempt=1
[2026-09-14T08:09:16.211Z] batch=field-waveform-1789373186215-1 D6 MODE_SWITCH_OK state=MODE_SWITCH_OK attempts=1 streak=0
[2026-09-14T08:09:16.221Z] batch=field-waveform-1789373186215-1 D2 MODE_SWITCH_START state=MODE_SWITCHING attempts=1 streak=0 attempt=1
[2026-09-14T08:09:16.226Z] batch=field-waveform-1789373186215-1 D2 MODE_SWITCH_OK state=MODE_SWITCH_OK attempts=1 streak=0
[2026-09-14T08:09:16.238Z] batch=field-waveform-1789373186215-1 D1 MODE_SWITCH_START state=MODE_SWITCHING attempts=1 streak=0 attempt=1
[2026-09-14T08:09:16.242Z] batch=field-waveform-1789373186215-1 D1 MODE_SWITCH_OK state=MODE_SWITCH_OK attempts=1 streak=0
[2026-09-14T08:09:16.250Z] batch=field-waveform-1789373186215-1 D3 MODE_SWITCH_START state=MODE_SWITCHING attempts=1 streak=0 attempt=1
[2026-09-14T08:09:16.261Z] batch=field-waveform-1789373186215-1 D3 MODE_SWITCH_OK state=MODE_SWITCH_OK attempts=1 streak=0
[2026-09-14T08:09:26.415Z] batch=field-waveform-1789373186215-1 D5 MODE_SWITCH_START state=MODE_SWITCHING attempts=1 streak=0 attempt=1
[2026-09-14T08:09:26.417Z] batch=field-waveform-1789373186215-1 D5 MODE_SWITCH_OK state=MODE_SWITCH_OK attempts=1 streak=0
[2026-09-14T08:09:26.422Z] batch=field-waveform-1789373186215-1 D4 MODE_SWITCH_START state=MODE_SWITCHING attempts=1 streak=0 attempt=1
[2026-09-14T08:09:26.424Z] batch=field-waveform-1789373186215-1 D4 MODE_SWITCH_OK state=MODE_SWITCH_OK attempts=1 streak=0
[2026-09-14T08:09:26.432Z] batch=field-waveform-1789373186215-1 D6 MODE_SWITCH_START state=MODE_SWITCHING attempts=1 streak=0 attempt=1
[2026-09-14T08:09:26.433Z] batch=field-waveform-1789373186215-1 D6 MODE_SWITCH_OK state=MODE_SWITCH_OK attempts=1 streak=0
[2026-09-14T08:09:26.441Z] batch=field-waveform-1789373186215-1 D2 MODE_SWITCH_START state=MODE_SWITCHING attempts=1 streak=0 attempt=1
[2026-09-14T08:09:26.443Z] batch=field-waveform-1789373186215-1 D2 MODE_SWITCH_OK state=MODE_SWITCH_OK attempts=1 streak=0
[2026-09-14T08:09:26.452Z] batch=field-waveform-1789373186215-1 D1 MODE_SWITCH_START state=MODE_SWITCHING attempts=1 streak=0 attempt=1
[2026-09-14T08:09:26.454Z] batch=field-waveform-1789373186215-1 D1 MODE_SWITCH_OK state=MODE_SWITCH_OK attempts=1 streak=0
[2026-09-14T08:09:26.462Z] batch=field-waveform-1789373186215-1 D3 MODE_SWITCH_START state=MODE_SWITCHING attempts=1 streak=0 attempt=1
[2026-09-14T08:09:26.463Z] batch=field-waveform-1789373186215-1 D3 MODE_SWITCH_OK state=MODE_SWITCH_OK attempts=1 streak=0
[2026-09-14T08:09:36.501Z] batch=field-waveform-1789373186215-1 D5 MODE_SWITCH_START state=MODE_SWITCHING attempts=1 streak=0 attempt=1
[2026-09-14T08:09:36.504Z] batch=field-waveform-1789373186215-1 D5 MODE_SWITCH_OK state=MODE_SWITCH_OK attempts=1 streak=0
[2026-09-14T08:09:36.514Z] batch=field-waveform-1789373186215-1 D4 MODE_SWITCH_START state=MODE_SWITCHING attempts=1 streak=0 attempt=1
[2026-09-14T08:09:36.518Z] batch=field-waveform-1789373186215-1 D4 MODE_SWITCH_OK state=MODE_SWITCH_OK attempts=1 streak=0
[2026-09-14T08:09:36.525Z] batch=field-waveform-1789373186215-1 D6 MODE_SWITCH_START state=MODE_SWITCHING attempts=1 streak=0 attempt=1
[2026-09-14T08:09:36.527Z] batch=field-waveform-1789373186215-1 D6 MODE_SWITCH_OK state=MODE_SWITCH_OK attempts=1 streak=0
[2026-09-14T08:09:36.536Z] batch=field-waveform-1789373186215-1 D2 MODE_SWITCH_START state=MODE_SWITCHING attempts=1 streak=0 attempt=1
[2026-09-14T08:09:36.538Z] batch=field-waveform-1789373186215-1 D2 MODE_SWITCH_OK state=MODE_SWITCH_OK attempts=1 streak=0
[2026-09-14T08:09:36.544Z] batch=field-waveform-1789373186215-1 D1 MODE_SWITCH_START state=MODE_SWITCHING attempts=1 streak=0 attempt=1
[2026-09-14T08:09:36.547Z] batch=field-waveform-1789373186215-1 D1 MODE_SWITCH_OK state=MODE_SWITCH_OK attempts=1 streak=0
[2026-09-14T08:09:36.556Z] batch=field-waveform-1789373186215-1 D3 MODE_SWITCH_START state=MODE_SWITCHING attempts=1 streak=0 attempt=1
[2026-09-14T08:09:36.560Z] batch=field-waveform-1789373186215-1 D3 MODE_SWITCH_OK state=MODE_SWITCH_OK attempts=1 streak=0
[2026-09-14T08:09:46.167Z] batch=field-waveform-1789373386165-2 D1 MODE_SWITCH_START state=MODE_SWITCHING attempts=1 streak=0 attempt=1
[2026-09-14T08:09:46.171Z] batch=field-waveform-1789373386165-2 D2 MODE_SWITCH_START state=MODE_SWITCHING attempts=1 streak=0 attempt=1
[2026-09-14T08:09:46.173Z] batch=field-waveform-1789373386165-2 D3 MODE_SWITCH_START state=MODE_SWITCHING attempts=1 streak=0 attempt=1
[2026-09-14T08:09:46.179Z] batch=field-waveform-1789373386165-2 D4 MODE_SWITCH_START state=MODE_SWITCHING attempts=1 streak=0 attempt=1
[2026-09-14T08:09:46.181Z] batch=field-waveform-1789373386165-2 D5 MODE_SWITCH_START state=MODE_SWITCHING attempts=1 streak=0 attempt=1
[2026-09-14T08:09:46.182Z] batch=field-waveform-1789373386165-2 D6 MODE_SWITCH_START state=MODE_SWITCHING attempts=1 streak=0 attempt=1
[2026-09-14T08:09:46.186Z] batch=field-waveform-1789373386165-2 D1 MODE_SWITCH_OK state=MODE_SWITCH_OK attempts=1 streak=0
[2026-09-14T08:09:46.187Z] batch=field-waveform-1789373386165-2 D2 MODE_SWITCH_OK state=MODE_SWITCH_OK attempts=1 streak=0
[2026-09-14T08:09:46.188Z] batch=field-waveform-1789373386165-2 D3 MODE_SWITCH_OK state=MODE_SWITCH_OK attempts=1 streak=0
[2026-09-14T08:09:46.188Z] batch=field-waveform-1789373386165-2 D4 MODE_SWITCH_OK state=MODE_SWITCH_OK attempts=1 streak=0
[2026-09-14T08:09:46.189Z] batch=field-waveform-1789373386165-2 D5 MODE_SWITCH_OK state=MODE_SWITCH_OK attempts=1 streak=0
[2026-09-14T08:09:46.189Z] batch=field-waveform-1789373386165-2 D6 MODE_SWITCH_OK state=MODE_SWITCH_OK attempts=1 streak=0
[2026-09-14T08:09:46.514Z] batch=field-waveform-1789373386165-2 D5 MODE_SWITCH_START state=MODE_SWITCHING attempts=1 streak=0 attempt=1
[2026-09-14T08:09:46.517Z] batch=field-waveform-1789373386165-2 D5 MODE_SWITCH_OK state=MODE_SWITCH_OK attempts=1 streak=0
[2026-09-14T08:09:46.520Z] batch=field-waveform-1789373386165-2 D4 MODE_SWITCH_START state=MODE_SWITCHING attempts=1 streak=0 attempt=1
[2026-09-14T08:09:46.522Z] batch=field-waveform-1789373386165-2 D4 MODE_SWITCH_OK state=MODE_SWITCH_OK attempts=1 streak=0
[2026-09-14T08:09:46.536Z] batch=field-waveform-1789373386165-2 D6 MODE_SWITCH_START state=MODE_SWITCHING attempts=1 streak=0 attempt=1
[2026-09-14T08:09:46.539Z] batch=field-waveform-1789373386165-2 D6 MODE_SWITCH_OK state=MODE_SWITCH_OK attempts=1 streak=0
[2026-09-14T08:09:46.542Z] batch=field-waveform-1789373386165-2 D2 MODE_SWITCH_START state=MODE_SWITCHING attempts=1 streak=0 attempt=1
[2026-09-14T08:09:46.544Z] batch=field-waveform-1789373386165-2 D2 MODE_SWITCH_OK state=MODE_SWITCH_OK attempts=1 streak=0
[2026-09-14T08:09:46.551Z] batch=field-waveform-1789373386165-2 D1 MODE_SWITCH_START state=MODE_SWITCHING attempts=1 streak=0 attempt=1
[2026-09-14T08:09:46.553Z] batch=field-waveform-1789373386165-2 D1 MODE_SWITCH_OK state=MODE_SWITCH_OK attempts=1 streak=0
[2026-09-14T08:09:46.566Z] batch=field-waveform-1789373386165-2 D3 MODE_SWITCH_START state=MODE_SWITCHING attempts=1 streak=0 attempt=1
[2026-09-14T08:09:46.567Z] batch=field-waveform-1789373386165-2 D3 MODE_SWITCH_OK state=MODE_SWITCH_OK attempts=1 streak=0
[2026-09-14T08:09:56.523Z] batch=field-waveform-1789373386165-2 D5 MODE_SWITCH_START state=MODE_SWITCHING attempts=1 streak=0 attempt=1
[2026-09-14T08:09:56.525Z] batch=field-waveform-1789373386165-2 D5 MODE_SWITCH_OK state=MODE_SWITCH_OK attempts=1 streak=0
[2026-09-14T08:09:56.526Z] batch=field-waveform-1789373386165-2 D4 MODE_SWITCH_START state=MODE_SWITCHING attempts=1 streak=0 attempt=1
[2026-09-14T08:09:56.528Z] batch=field-waveform-1789373386165-2 D4 MODE_SWITCH_OK state=MODE_SWITCH_OK attempts=1 streak=0
[2026-09-14T08:09:56.554Z] batch=field-waveform-1789373386165-2 D6 MODE_SWITCH_START state=MODE_SWITCHING attempts=1 streak=0 attempt=1
[2026-09-14T08:09:56.556Z] batch=field-waveform-1789373386165-2 D6 MODE_SWITCH_OK state=MODE_SWITCH_OK attempts=1 streak=0
[2026-09-14T08:09:56.557Z] batch=field-waveform-1789373386165-2 D2 MODE_SWITCH_START state=MODE_SWITCHING attempts=1 streak=0 attempt=1
[2026-09-14T08:09:56.559Z] batch=field-waveform-1789373386165-2 D2 MODE_SWITCH_OK state=MODE_SWITCH_OK attempts=1 streak=0
[2026-09-14T08:09:56.561Z] batch=field-waveform-1789373386165-2 D1 MODE_SWITCH_START state=MODE_SWITCHING attempts=1 streak=0 attempt=1
[2026-09-14T08:09:56.563Z] batch=field-waveform-1789373386165-2 D1 MODE_SWITCH_OK state=MODE_SWITCH_OK attempts=1 streak=0
[2026-09-14T08:09:56.568Z] batch=field-waveform-1789373386165-2 D3 MODE_SWITCH_START state=MODE_SWITCHING attempts=1 streak=0 attempt=1
[2026-09-14T08:09:56.569Z] batch=field-waveform-1789373386165-2 D3 MODE_SWITCH_OK state=MODE_SWITCH_OK attempts=1 streak=0
[2026-09-14T08:10:06.571Z] batch=field-waveform-1789373386165-2 D5 MODE_SWITCH_START state=MODE_SWITCHING attempts=1 streak=0 attempt=1
[2026-09-14T08:10:06.585Z] batch=field-waveform-1789373386165-2 D5 MODE_SWITCH_OK state=MODE_SWITCH_OK attempts=1 streak=0
[2026-09-14T08:10:06.587Z] batch=field-waveform-1789373386165-2 D4 MODE_SWITCH_START state=MODE_SWITCHING attempts=1 streak=0 attempt=1
[2026-09-14T08:10:06.597Z] batch=field-waveform-1789373386165-2 D4 MODE_SWITCH_OK state=MODE_SWITCH_OK attempts=1 streak=0
[2026-09-14T08:10:06.601Z] batch=field-waveform-1789373386165-2 D6 MODE_SWITCH_START state=MODE_SWITCHING attempts=1 streak=0 attempt=1
[2026-09-14T08:10:06.610Z] batch=field-waveform-1789373386165-2 D6 MODE_SWITCH_OK state=MODE_SWITCH_OK attempts=1 streak=0
[2026-09-14T08:10:06.614Z] batch=field-waveform-1789373386165-2 D2 MODE_SWITCH_START state=MODE_SWITCHING attempts=1 streak=0 attempt=1
[2026-09-14T08:10:06.618Z] batch=field-waveform-1789373386165-2 D2 MODE_SWITCH_OK state=MODE_SWITCH_OK attempts=1 streak=0
[2026-09-14T08:10:06.620Z] batch=field-waveform-1789373386165-2 D1 MODE_SWITCH_START state=MODE_SWITCHING attempts=1 streak=0 attempt=1
[2026-09-14T08:10:06.631Z] batch=field-waveform-1789373386165-2 D1 MODE_SWITCH_OK state=MODE_SWITCH_OK attempts=1 streak=0
[2026-09-14T08:10:06.637Z] batch=field-waveform-1789373386165-2 D3 MODE_SWITCH_START state=MODE_SWITCHING attempts=1 streak=0 attempt=1
[2026-09-14T08:10:06.648Z] batch=field-waveform-1789373386165-2 D3 MODE_SWITCH_OK state=MODE_SWITCH_OK attempts=1 streak=0
[2026-09-14T08:10:16.599Z] batch=field-waveform-1789373386165-2 D5 MODE_SWITCH_START state=MODE_SWITCHING attempts=1 streak=0 attempt=1
[2026-09-14T08:10:16.608Z] batch=field-waveform-1789373386165-2 D5 MODE_SWITCH_OK state=MODE_SWITCH_OK attempts=1 streak=0
[2026-09-14T08:10:16.610Z] batch=field-waveform-1789373386165-2 D4 MODE_SWITCH_START state=MODE_SWITCHING attempts=1 streak=0 attempt=1
[2026-09-14T08:10:16.611Z] batch=field-waveform-1789373386165-2 D4 MODE_SWITCH_OK state=MODE_SWITCH_OK attempts=1 streak=0
[2026-09-14T08:10:16.615Z] batch=field-waveform-1789373386165-2 D6 MODE_SWITCH_START state=MODE_SWITCHING attempts=1 streak=0 attempt=1
[2026-09-14T08:10:16.619Z] batch=field-waveform-1789373386165-2 D6 MODE_SWITCH_OK state=MODE_SWITCH_OK attempts=1 streak=0
[2026-09-14T08:10:16.623Z] batch=field-waveform-1789373386165-2 D2 MODE_SWITCH_START state=MODE_SWITCHING attempts=1 streak=0 attempt=1
[2026-09-14T08:10:16.637Z] batch=field-waveform-1789373386165-2 D2 MODE_SWITCH_OK state=MODE_SWITCH_OK attempts=1 streak=0
[2026-09-14T08:10:16.641Z] batch=field-waveform-1789373386165-2 D1 MODE_SWITCH_START state=MODE_SWITCHING attempts=1 streak=0 attempt=1
[2026-09-14T08:10:16.642Z] batch=field-waveform-1789373386165-2 D1 MODE_SWITCH_OK state=MODE_SWITCH_OK attempts=1 streak=0
[2026-09-14T08:10:16.652Z] batch=field-waveform-1789373386165-2 D3 MODE_SWITCH_START state=MODE_SWITCHING attempts=1 streak=0 attempt=1
[2026-09-14T08:10:16.659Z] batch=field-waveform-1789373386165-2 D3 MODE_SWITCH_OK state=MODE_SWITCH_OK attempts=1 streak=0
[2026-09-14T08:10:26.641Z] batch=field-waveform-1789373386165-2 D5 MODE_SWITCH_START state=MODE_SWITCHING attempts=1 streak=0 attempt=1
[2026-09-14T08:10:26.646Z] batch=field-waveform-1789373386165-2 D5 MODE_SWITCH_OK state=MODE_SWITCH_OK attempts=1 streak=0
[2026-09-14T08:10:26.648Z] batch=field-waveform-1789373386165-2 D4 MODE_SWITCH_START state=MODE_SWITCHING attempts=1 streak=0 attempt=1
[2026-09-14T08:10:26.651Z] batch=field-waveform-1789373386165-2 D4 MODE_SWITCH_OK state=MODE_SWITCH_OK attempts=1 streak=0
[2026-09-14T08:10:26.652Z] batch=field-waveform-1789373386165-2 D6 MODE_SWITCH_START state=MODE_SWITCHING attempts=1 streak=0 attempt=1
[2026-09-14T08:10:26.655Z] batch=field-waveform-1789373386165-2 D6 MODE_SWITCH_OK state=MODE_SWITCH_OK attempts=1 streak=0
[2026-09-14T08:10:26.660Z] batch=field-waveform-1789373386165-2 D2 MODE_SWITCH_START state=MODE_SWITCHING attempts=1 streak=0 attempt=1
[2026-09-14T08:10:26.663Z] batch=field-waveform-1789373386165-2 D2 MODE_SWITCH_OK state=MODE_SWITCH_OK attempts=1 streak=0
[2026-09-14T08:10:26.690Z] batch=field-waveform-1789373386165-2 D1 MODE_SWITCH_START state=MODE_SWITCHING attempts=1 streak=0 attempt=1
[2026-09-14T08:10:26.700Z] batch=field-waveform-1789373386165-2 D1 MODE_SWITCH_OK state=MODE_SWITCH_OK attempts=1 streak=0
[2026-09-14T08:10:26.701Z] batch=field-waveform-1789373386165-2 D3 MODE_SWITCH_START state=MODE_SWITCHING attempts=1 streak=0 attempt=1
[2026-09-14T08:10:26.702Z] batch=field-waveform-1789373386165-2 D3 MODE_SWITCH_OK state=MODE_SWITCH_OK attempts=1 streak=0
[2026-09-14T08:10:36.657Z] batch=field-waveform-1789373386165-2 D5 MODE_SWITCH_START state=MODE_SWITCHING attempts=1 streak=0 attempt=1
[2026-09-14T08:10:36.659Z] batch=field-waveform-1789373386165-2 D5 MODE_SWITCH_OK state=MODE_SWITCH_OK attempts=1 streak=0
[2026-09-14T08:10:36.659Z] batch=field-waveform-1789373386165-2 D4 MODE_SWITCH_START state=MODE_SWITCHING attempts=1 streak=0 attempt=1
[2026-09-14T08:10:36.672Z] batch=field-waveform-1789373386165-2 D4 MODE_SWITCH_OK state=MODE_SWITCH_OK attempts=1 streak=0
[2026-09-14T08:10:36.675Z] batch=field-waveform-1789373386165-2 D6 MODE_SWITCH_START state=MODE_SWITCHING attempts=1 streak=0 attempt=1
[2026-09-14T08:10:36.679Z] batch=field-waveform-1789373386165-2 D6 MODE_SWITCH_OK state=MODE_SWITCH_OK attempts=1 streak=0
[2026-09-14T08:10:36.687Z] batch=field-waveform-1789373386165-2 D2 MODE_SWITCH_START state=MODE_SWITCHING attempts=1 streak=0 attempt=1
[2026-09-14T08:10:36.692Z] batch=field-waveform-1789373386165-2 D2 MODE_SWITCH_OK state=MODE_SWITCH_OK attempts=1 streak=0
[2026-09-14T08:10:36.701Z] batch=field-waveform-1789373386165-2 D1 MODE_SWITCH_START state=MODE_SWITCHING attempts=1 streak=0 attempt=1
[2026-09-14T08:10:36.704Z] batch=field-waveform-1789373386165-2 D1 MODE_SWITCH_OK state=MODE_SWITCH_OK attempts=1 streak=0
[2026-09-14T08:10:36.706Z] batch=field-waveform-1789373386165-2 D3 MODE_SWITCH_START state=MODE_SWITCHING attempts=1 streak=0 attempt=1
[2026-09-14T08:10:36.707Z] batch=field-waveform-1789373386165-2 D3 MODE_SWITCH_OK state=MODE_SWITCH_OK attempts=1 streak=0
[2026-09-14T08:10:41.761Z] batch=field-waveform-1789373386165-2 D5 FIRST_FRAME state=FIRST_FRAME_RECEIVED attempts=1 streak=1
[2026-09-14T08:10:41.762Z] batch=field-waveform-1789373386165-2 D5 FIRST_VALID_SAMPLE state=FIRST_FRAME_RECEIVED attempts=1 streak=1
[2026-09-14T08:10:41.777Z] batch=field-waveform-1789373386165-2 D2 FIRST_FRAME state=FIRST_FRAME_RECEIVED attempts=1 streak=1
[2026-09-14T08:10:41.778Z] batch=field-waveform-1789373386165-2 D2 FIRST_VALID_SAMPLE state=FIRST_FRAME_RECEIVED attempts=1 streak=1
[2026-09-14T08:10:41.802Z] batch=field-waveform-1789373386165-2 D6 FIRST_FRAME state=FIRST_FRAME_RECEIVED attempts=1 streak=1
[2026-09-14T08:10:41.803Z] batch=field-waveform-1789373386165-2 D6 FIRST_VALID_SAMPLE state=FIRST_FRAME_RECEIVED attempts=1 streak=1
[2026-09-14T08:10:41.810Z] batch=field-waveform-1789373386165-2 D4 FIRST_FRAME state=FIRST_FRAME_RECEIVED attempts=1 streak=1
[2026-09-14T08:10:41.812Z] batch=field-waveform-1789373386165-2 D4 FIRST_VALID_SAMPLE state=FIRST_FRAME_RECEIVED attempts=1 streak=1
[2026-09-14T08:10:41.819Z] batch=field-waveform-1789373386165-2 D1 FIRST_FRAME state=FIRST_FRAME_RECEIVED attempts=1 streak=1
[2026-09-14T08:10:41.821Z] batch=field-waveform-1789373386165-2 D1 FIRST_VALID_SAMPLE state=FIRST_FRAME_RECEIVED attempts=1 streak=1
[2026-09-14T08:10:41.829Z] batch=field-waveform-1789373386165-2 D3 FIRST_FRAME state=FIRST_FRAME_RECEIVED attempts=1 streak=1
[2026-09-14T08:10:41.829Z] batch=field-waveform-1789373386165-2 D3 FIRST_VALID_SAMPLE state=FIRST_FRAME_RECEIVED attempts=1 streak=1
[2026-09-14T08:10:42.007Z] batch=field-waveform-1789373386165-2 D5 CHANNEL_SYNC_OK state=TEST_READY attempts=1 streak=5
[2026-09-14T08:10:42.008Z] batch=field-waveform-1789373386165-2 D5 TEST_READY state=TEST_READY attempts=1 streak=5
[2026-09-14T08:10:42.027Z] batch=field-waveform-1789373386165-2 D2 CHANNEL_SYNC_OK state=TEST_READY attempts=1 streak=5
[2026-09-14T08:10:42.028Z] batch=field-waveform-1789373386165-2 D2 TEST_READY state=TEST_READY attempts=1 streak=5
[2026-09-14T08:10:42.040Z] batch=field-waveform-1789373386165-2 D6 CHANNEL_SYNC_OK state=TEST_READY attempts=1 streak=5
[2026-09-14T08:10:42.040Z] batch=field-waveform-1789373386165-2 D6 TEST_READY state=TEST_READY attempts=1 streak=5
[2026-09-14T08:10:42.045Z] batch=field-waveform-1789373386165-2 D4 CHANNEL_SYNC_OK state=TEST_READY attempts=1 streak=5
[2026-09-14T08:10:42.045Z] batch=field-waveform-1789373386165-2 D4 TEST_READY state=TEST_READY attempts=1 streak=5
[2026-09-14T08:10:42.124Z] batch=field-waveform-1789373386165-2 D3 CHANNEL_SYNC_OK state=TEST_READY attempts=1 streak=5
[2026-09-14T08:10:42.124Z] batch=field-waveform-1789373386165-2 D3 TEST_READY state=TEST_READY attempts=1 streak=5
[2026-09-14T08:10:42.137Z] batch=field-waveform-1789373386165-2 D1 CHANNEL_SYNC_OK state=TEST_READY attempts=1 streak=5
[2026-09-14T08:10:42.138Z] batch=field-waveform-1789373386165-2 D1 TEST_READY state=TEST_READY attempts=1 streak=5
[2026-09-14T08:20:56.361Z] batch=field-waveform-1789374056357-3 D1 MODE_SWITCH_START state=MODE_SWITCHING attempts=1 streak=0 attempt=1
[2026-09-14T08:20:56.366Z] batch=field-waveform-1789374056357-3 D2 MODE_SWITCH_START state=MODE_SWITCHING attempts=1 streak=0 attempt=1
[2026-09-14T08:20:56.372Z] batch=field-waveform-1789374056357-3 D3 MODE_SWITCH_START state=MODE_SWITCHING attempts=1 streak=0 attempt=1
[2026-09-14T08:20:56.384Z] batch=field-waveform-1789374056357-3 D4 MODE_SWITCH_START state=MODE_SWITCHING attempts=1 streak=0 attempt=1
[2026-09-14T08:20:56.388Z] batch=field-waveform-1789374056357-3 D5 MODE_SWITCH_START state=MODE_SWITCHING attempts=1 streak=0 attempt=1
[2026-09-14T08:20:56.395Z] batch=field-waveform-1789374056357-3 D6 MODE_SWITCH_START state=MODE_SWITCHING attempts=1 streak=0 attempt=1
[2026-09-14T08:20:56.408Z] batch=field-waveform-1789374056357-3 D1 MODE_SWITCH_OK state=MODE_SWITCH_OK attempts=1 streak=0
[2026-09-14T08:20:56.417Z] batch=field-waveform-1789374056357-3 D2 MODE_SWITCH_OK state=MODE_SWITCH_OK attempts=1 streak=0
[2026-09-14T08:20:56.421Z] batch=field-waveform-1789374056357-3 D3 MODE_SWITCH_OK state=MODE_SWITCH_OK attempts=1 streak=0
[2026-09-14T08:20:56.424Z] batch=field-waveform-1789374056357-3 D4 MODE_SWITCH_OK state=MODE_SWITCH_OK attempts=1 streak=0
[2026-09-14T08:20:56.426Z] batch=field-waveform-1789374056357-3 D5 MODE_SWITCH_OK state=MODE_SWITCH_OK attempts=1 streak=0
[2026-09-14T08:20:56.427Z] batch=field-waveform-1789374056357-3 D6 MODE_SWITCH_OK state=MODE_SWITCH_OK attempts=1 streak=0
[2026-09-14T08:20:56.431Z] batch=field-waveform-1789374056357-3 D3 FIRST_FRAME state=FIRST_FRAME_RECEIVED attempts=1 streak=1
[2026-09-14T08:20:56.431Z] batch=field-waveform-1789374056357-3 D3 FIRST_VALID_SAMPLE state=FIRST_FRAME_RECEIVED attempts=1 streak=1
[2026-09-14T08:20:56.436Z] batch=field-waveform-1789374056357-3 D5 FIRST_FRAME state=FIRST_FRAME_RECEIVED attempts=1 streak=1
[2026-09-14T08:20:56.436Z] batch=field-waveform-1789374056357-3 D5 FIRST_VALID_SAMPLE state=FIRST_FRAME_RECEIVED attempts=1 streak=1
[2026-09-14T08:20:56.438Z] batch=field-waveform-1789374056357-3 D6 FIRST_FRAME state=FIRST_FRAME_RECEIVED attempts=1 streak=1
[2026-09-14T08:20:56.438Z] batch=field-waveform-1789374056357-3 D6 FIRST_VALID_SAMPLE state=FIRST_FRAME_RECEIVED attempts=1 streak=1
[2026-09-14T08:20:56.449Z] batch=field-waveform-1789374056357-3 D4 FIRST_FRAME state=FIRST_FRAME_RECEIVED attempts=1 streak=1
[2026-09-14T08:20:56.450Z] batch=field-waveform-1789374056357-3 D4 FIRST_VALID_SAMPLE state=FIRST_FRAME_RECEIVED attempts=1 streak=1
[2026-09-14T08:21:06.007Z] batch=field-waveform-1789374056357-3 D2 MODE_SWITCH_START state=MODE_SWITCHING attempts=1 streak=0 attempt=1
[2026-09-14T08:21:06.011Z] batch=field-waveform-1789374056357-3 D2 MODE_SWITCH_OK state=MODE_SWITCH_OK attempts=1 streak=0
[2026-09-14T08:21:06.224Z] batch=field-waveform-1789374056357-3 D1 MODE_SWITCH_START state=MODE_SWITCHING attempts=1 streak=0 attempt=1
[2026-09-14T08:21:06.226Z] batch=field-waveform-1789374056357-3 D1 MODE_SWITCH_OK state=MODE_SWITCH_OK attempts=1 streak=0
[2026-09-14T08:21:06.439Z] batch=field-waveform-1789374056357-3 D3 MODE_SWITCH_START state=MODE_SWITCHING attempts=1 streak=0 attempt=1
[2026-09-14T08:21:06.442Z] batch=field-waveform-1789374056357-3 D3 MODE_SWITCH_OK state=MODE_SWITCH_OK attempts=1 streak=0
[2026-09-14T08:21:06.446Z] batch=field-waveform-1789374056357-3 D5 MODE_SWITCH_START state=MODE_SWITCHING attempts=1 streak=0 attempt=1
[2026-09-14T08:21:06.448Z] batch=field-waveform-1789374056357-3 D5 MODE_SWITCH_OK state=MODE_SWITCH_OK attempts=1 streak=0
[2026-09-14T08:21:06.450Z] batch=field-waveform-1789374056357-3 D6 MODE_SWITCH_START state=MODE_SWITCHING attempts=1 streak=0 attempt=1
[2026-09-14T08:21:06.456Z] batch=field-waveform-1789374056357-3 D6 MODE_SWITCH_OK state=MODE_SWITCH_OK attempts=1 streak=0
[2026-09-14T08:21:06.459Z] batch=field-waveform-1789374056357-3 D4 MODE_SWITCH_START state=MODE_SWITCHING attempts=1 streak=0 attempt=1
[2026-09-14T08:21:06.462Z] batch=field-waveform-1789374056357-3 D4 MODE_SWITCH_OK state=MODE_SWITCH_OK attempts=1 streak=0
[2026-09-14T08:21:16.013Z] batch=field-waveform-1789374056357-3 D2 MODE_SWITCH_START state=MODE_SWITCHING attempts=1 streak=0 attempt=1
[2026-09-14T08:21:16.016Z] batch=field-waveform-1789374056357-3 D2 MODE_SWITCH_OK state=MODE_SWITCH_OK attempts=1 streak=0
[2026-09-14T08:21:16.230Z] batch=field-waveform-1789374056357-3 D1 MODE_SWITCH_START state=MODE_SWITCHING attempts=1 streak=0 attempt=1
[2026-09-14T08:21:16.231Z] batch=field-waveform-1789374056357-3 D1 MODE_SWITCH_OK state=MODE_SWITCH_OK attempts=1 streak=0
[2026-09-14T08:21:16.444Z] batch=field-waveform-1789374056357-3 D3 MODE_SWITCH_START state=MODE_SWITCHING attempts=1 streak=0 attempt=1
[2026-09-14T08:21:16.452Z] batch=field-waveform-1789374056357-3 D3 MODE_SWITCH_OK state=MODE_SWITCH_OK attempts=1 streak=0
[2026-09-14T08:21:16.455Z] batch=field-waveform-1789374056357-3 D5 MODE_SWITCH_START state=MODE_SWITCHING attempts=1 streak=0 attempt=1
[2026-09-14T08:21:16.464Z] batch=field-waveform-1789374056357-3 D5 MODE_SWITCH_OK state=MODE_SWITCH_OK attempts=1 streak=0
[2026-09-14T08:21:16.467Z] batch=field-waveform-1789374056357-3 D6 MODE_SWITCH_START state=MODE_SWITCHING attempts=1 streak=0 attempt=1
[2026-09-14T08:21:16.482Z] batch=field-waveform-1789374056357-3 D6 MODE_SWITCH_OK state=MODE_SWITCH_OK attempts=1 streak=0
[2026-09-14T08:21:16.483Z] batch=field-waveform-1789374056357-3 D4 MODE_SWITCH_START state=MODE_SWITCHING attempts=1 streak=0 attempt=1
[2026-09-14T08:21:16.501Z] batch=field-waveform-1789374056357-3 D4 MODE_SWITCH_OK state=MODE_SWITCH_OK attempts=1 streak=0
[2026-09-14T08:21:26.022Z] batch=field-waveform-1789374056357-3 D2 MODE_SWITCH_START state=MODE_SWITCHING attempts=1 streak=0 attempt=1
[2026-09-14T08:21:26.028Z] batch=field-waveform-1789374056357-3 D2 MODE_SWITCH_OK state=MODE_SWITCH_OK attempts=1 streak=0
[2026-09-14T08:21:26.235Z] batch=field-waveform-1789374056357-3 D1 MODE_SWITCH_START state=MODE_SWITCHING attempts=1 streak=0 attempt=1
[2026-09-14T08:21:26.244Z] batch=field-waveform-1789374056357-3 D1 MODE_SWITCH_OK state=MODE_SWITCH_OK attempts=1 streak=0
[2026-09-14T08:21:26.460Z] batch=field-waveform-1789374056357-3 D3 MODE_SWITCH_START state=MODE_SWITCHING attempts=1 streak=0 attempt=1
[2026-09-14T08:21:26.462Z] batch=field-waveform-1789374056357-3 D3 MODE_SWITCH_OK state=MODE_SWITCH_OK attempts=1 streak=0
[2026-09-14T08:21:26.492Z] batch=field-waveform-1789374056357-3 D5 MODE_SWITCH_START state=MODE_SWITCHING attempts=1 streak=0 attempt=1
[2026-09-14T08:21:26.495Z] batch=field-waveform-1789374056357-3 D5 MODE_SWITCH_OK state=MODE_SWITCH_OK attempts=1 streak=0
[2026-09-14T08:21:26.496Z] batch=field-waveform-1789374056357-3 D6 MODE_SWITCH_START state=MODE_SWITCHING attempts=1 streak=0 attempt=1
[2026-09-14T08:21:26.497Z] batch=field-waveform-1789374056357-3 D6 MODE_SWITCH_OK state=MODE_SWITCH_OK attempts=1 streak=0
[2026-09-14T08:21:26.505Z] batch=field-waveform-1789374056357-3 D4 MODE_SWITCH_START state=MODE_SWITCHING attempts=1 streak=0 attempt=1
[2026-09-14T08:21:26.511Z] batch=field-waveform-1789374056357-3 D4 MODE_SWITCH_OK state=MODE_SWITCH_OK attempts=1 streak=0
[2026-09-14T08:21:36.031Z] batch=field-waveform-1789374056357-3 D2 MODE_SWITCH_START state=MODE_SWITCHING attempts=1 streak=0 attempt=1
[2026-09-14T08:21:36.034Z] batch=field-waveform-1789374056357-3 D2 MODE_SWITCH_OK state=MODE_SWITCH_OK attempts=1 streak=0
[2026-09-14T08:21:36.245Z] batch=field-waveform-1789374056357-3 D1 MODE_SWITCH_START state=MODE_SWITCHING attempts=1 streak=0 attempt=1
[2026-09-14T08:21:36.251Z] batch=field-waveform-1789374056357-3 D1 MODE_SWITCH_OK state=MODE_SWITCH_OK attempts=1 streak=0
[2026-09-14T08:21:36.474Z] batch=field-waveform-1789374056357-3 D3 MODE_SWITCH_START state=MODE_SWITCHING attempts=1 streak=0 attempt=1
[2026-09-14T08:21:36.476Z] batch=field-waveform-1789374056357-3 D3 MODE_SWITCH_OK state=MODE_SWITCH_OK attempts=1 streak=0
[2026-09-14T08:21:36.503Z] batch=field-waveform-1789374056357-3 D5 MODE_SWITCH_START state=MODE_SWITCHING attempts=1 streak=0 attempt=1
[2026-09-14T08:21:36.505Z] batch=field-waveform-1789374056357-3 D5 MODE_SWITCH_OK state=MODE_SWITCH_OK attempts=1 streak=0
[2026-09-14T08:21:36.509Z] batch=field-waveform-1789374056357-3 D6 MODE_SWITCH_START state=MODE_SWITCHING attempts=1 streak=0 attempt=1
[2026-09-14T08:21:36.512Z] batch=field-waveform-1789374056357-3 D6 MODE_SWITCH_OK state=MODE_SWITCH_OK attempts=1 streak=0
[2026-09-14T08:21:36.516Z] batch=field-waveform-1789374056357-3 D4 MODE_SWITCH_START state=MODE_SWITCHING attempts=1 streak=0 attempt=1
[2026-09-14T08:21:36.519Z] batch=field-waveform-1789374056357-3 D4 MODE_SWITCH_OK state=MODE_SWITCH_OK attempts=1 streak=0
[2026-09-14T08:21:46.074Z] batch=field-waveform-1789374056357-3 D2 MODE_SWITCH_START state=MODE_SWITCHING attempts=1 streak=0 attempt=1
[2026-09-14T08:21:46.076Z] batch=field-waveform-1789374056357-3 D2 MODE_SWITCH_OK state=MODE_SWITCH_OK attempts=1 streak=0
[2026-09-14T08:21:46.257Z] batch=field-waveform-1789374056357-3 D1 MODE_SWITCH_START state=MODE_SWITCHING attempts=1 streak=0 attempt=1
[2026-09-14T08:21:46.272Z] batch=field-waveform-1789374056357-3 D1 MODE_SWITCH_OK state=MODE_SWITCH_OK attempts=1 streak=0
[2026-09-14T08:21:46.480Z] batch=field-waveform-1789374056357-3 D3 MODE_SWITCH_START state=MODE_SWITCHING attempts=1 streak=0 attempt=1
[2026-09-14T08:21:46.487Z] batch=field-waveform-1789374056357-3 D3 MODE_SWITCH_OK state=MODE_SWITCH_OK attempts=1 streak=0
[2026-09-14T08:21:46.512Z] batch=field-waveform-1789374056357-3 D5 MODE_SWITCH_START state=MODE_SWITCHING attempts=1 streak=0 attempt=1
[2026-09-14T08:21:46.523Z] batch=field-waveform-1789374056357-3 D5 MODE_SWITCH_OK state=MODE_SWITCH_OK attempts=1 streak=0
[2026-09-14T08:21:46.532Z] batch=field-waveform-1789374056357-3 D6 MODE_SWITCH_START state=MODE_SWITCHING attempts=1 streak=0 attempt=1
[2026-09-14T08:21:46.538Z] batch=field-waveform-1789374056357-3 D6 MODE_SWITCH_OK state=MODE_SWITCH_OK attempts=1 streak=0
[2026-09-14T08:21:46.541Z] batch=field-waveform-1789374056357-3 D4 MODE_SWITCH_START state=MODE_SWITCHING attempts=1 streak=0 attempt=1
[2026-09-14T08:21:46.544Z] batch=field-waveform-1789374056357-3 D4 MODE_SWITCH_OK state=MODE_SWITCH_OK attempts=1 streak=0
[2026-09-14T08:21:51.144Z] batch=field-waveform-1789374056357-3 D2 FIRST_FRAME state=FIRST_FRAME_RECEIVED attempts=1 streak=1
[2026-09-14T08:21:51.145Z] batch=field-waveform-1789374056357-3 D2 FIRST_VALID_SAMPLE state=FIRST_FRAME_RECEIVED attempts=1 streak=1
[2026-09-14T08:21:51.312Z] batch=field-waveform-1789374056357-3 D1 FIRST_FRAME state=FIRST_FRAME_RECEIVED attempts=1 streak=1
[2026-09-14T08:21:51.313Z] batch=field-waveform-1789374056357-3 D1 FIRST_VALID_SAMPLE state=FIRST_FRAME_RECEIVED attempts=1 streak=1
[2026-09-14T08:21:51.403Z] batch=field-waveform-1789374056357-3 D2 CHANNEL_SYNC_OK state=TEST_READY attempts=1 streak=5
[2026-09-14T08:21:51.404Z] batch=field-waveform-1789374056357-3 D2 TEST_READY state=TEST_READY attempts=1 streak=5
[2026-09-14T08:21:51.555Z] batch=field-waveform-1789374056357-3 D3 FIRST_FRAME state=FIRST_FRAME_RECEIVED attempts=1 streak=1
[2026-09-14T08:21:51.555Z] batch=field-waveform-1789374056357-3 D3 FIRST_VALID_SAMPLE state=FIRST_FRAME_RECEIVED attempts=1 streak=1
[2026-09-14T08:21:51.613Z] batch=field-waveform-1789374056357-3 D1 CHANNEL_SYNC_OK state=TEST_READY attempts=1 streak=5
[2026-09-14T08:21:51.613Z] batch=field-waveform-1789374056357-3 D1 TEST_READY state=TEST_READY attempts=1 streak=5
[2026-09-14T08:21:51.640Z] batch=field-waveform-1789374056357-3 D5 FIRST_FRAME state=FIRST_FRAME_RECEIVED attempts=1 streak=1
[2026-09-14T08:21:51.642Z] batch=field-waveform-1789374056357-3 D5 FIRST_VALID_SAMPLE state=FIRST_FRAME_RECEIVED attempts=1 streak=1
[2026-09-14T08:21:51.655Z] batch=field-waveform-1789374056357-3 D6 FIRST_FRAME state=FIRST_FRAME_RECEIVED attempts=1 streak=1
[2026-09-14T08:21:51.656Z] batch=field-waveform-1789374056357-3 D6 FIRST_VALID_SAMPLE state=FIRST_FRAME_RECEIVED attempts=1 streak=1
[2026-09-14T08:21:51.669Z] batch=field-waveform-1789374056357-3 D4 FIRST_FRAME state=FIRST_FRAME_RECEIVED attempts=1 streak=1
[2026-09-14T08:21:51.670Z] batch=field-waveform-1789374056357-3 D4 FIRST_VALID_SAMPLE state=FIRST_FRAME_RECEIVED attempts=1 streak=1
[2026-09-14T08:21:51.854Z] batch=field-waveform-1789374056357-3 D3 CHANNEL_SYNC_OK state=TEST_READY attempts=1 streak=5
[2026-09-14T08:21:51.855Z] batch=field-waveform-1789374056357-3 D3 TEST_READY state=TEST_READY attempts=1 streak=5
[2026-09-14T08:21:51.856Z] batch=field-waveform-1789374056357-3 D5 CHANNEL_SYNC_OK state=TEST_READY attempts=1 streak=5
[2026-09-14T08:21:51.857Z] batch=field-waveform-1789374056357-3 D5 TEST_READY state=TEST_READY attempts=1 streak=5
[2026-09-14T08:21:51.877Z] batch=field-waveform-1789374056357-3 D6 CHANNEL_SYNC_OK state=TEST_READY attempts=1 streak=5
[2026-09-14T08:21:51.879Z] batch=field-waveform-1789374056357-3 D6 TEST_READY state=TEST_READY attempts=1 streak=5
[2026-09-14T08:21:51.921Z] batch=field-waveform-1789374056357-3 D4 CHANNEL_SYNC_OK state=TEST_READY attempts=1 streak=5
[2026-09-14T08:21:51.922Z] batch=field-waveform-1789374056357-3 D4 TEST_READY state=TEST_READY attempts=1 streak=5
[2026-09-14T08:22:52.685Z] batch=field-waveform-1789374172683-4 D1 MODE_SWITCH_START state=MODE_SWITCHING attempts=1 streak=0 attempt=1
[2026-09-14T08:22:52.688Z] batch=field-waveform-1789374172683-4 D2 MODE_SWITCH_START state=MODE_SWITCHING attempts=1 streak=0 attempt=1
[2026-09-14T08:22:52.691Z] batch=field-waveform-1789374172683-4 D3 MODE_SWITCH_START state=MODE_SWITCHING attempts=1 streak=0 attempt=1
[2026-09-14T08:22:52.697Z] batch=field-waveform-1789374172683-4 D4 MODE_SWITCH_START state=MODE_SWITCHING attempts=1 streak=0 attempt=1
[2026-09-14T08:22:52.699Z] batch=field-waveform-1789374172683-4 D5 MODE_SWITCH_START state=MODE_SWITCHING attempts=1 streak=0 attempt=1
[2026-09-14T08:22:52.701Z] batch=field-waveform-1789374172683-4 D6 MODE_SWITCH_START state=MODE_SWITCHING attempts=1 streak=0 attempt=1
[2026-09-14T08:22:52.704Z] batch=field-waveform-1789374172683-4 D1 MODE_SWITCH_OK state=MODE_SWITCH_OK attempts=1 streak=0
[2026-09-14T08:22:52.704Z] batch=field-waveform-1789374172683-4 D2 MODE_SWITCH_OK state=MODE_SWITCH_OK attempts=1 streak=0
[2026-09-14T08:22:52.705Z] batch=field-waveform-1789374172683-4 D3 MODE_SWITCH_OK state=MODE_SWITCH_OK attempts=1 streak=0
[2026-09-14T08:22:52.706Z] batch=field-waveform-1789374172683-4 D4 MODE_SWITCH_OK state=MODE_SWITCH_OK attempts=1 streak=0
[2026-09-14T08:22:52.707Z] batch=field-waveform-1789374172683-4 D5 MODE_SWITCH_OK state=MODE_SWITCH_OK attempts=1 streak=0
[2026-09-14T08:22:52.707Z] batch=field-waveform-1789374172683-4 D6 MODE_SWITCH_OK state=MODE_SWITCH_OK attempts=1 streak=0
[2026-09-14T08:22:52.729Z] batch=field-waveform-1789374172683-4 D5 FIRST_FRAME state=FIRST_FRAME_RECEIVED attempts=1 streak=1
[2026-09-14T08:22:52.729Z] batch=field-waveform-1789374172683-4 D5 FIRST_VALID_SAMPLE state=FIRST_FRAME_RECEIVED attempts=1 streak=1
[2026-09-14T08:22:52.730Z] batch=field-waveform-1789374172683-4 D1 FIRST_FRAME state=FIRST_FRAME_RECEIVED attempts=1 streak=1
[2026-09-14T08:22:52.730Z] batch=field-waveform-1789374172683-4 D1 FIRST_VALID_SAMPLE state=FIRST_FRAME_RECEIVED attempts=1 streak=1
[2026-09-14T08:22:52.731Z] batch=field-waveform-1789374172683-4 D6 FIRST_FRAME state=FIRST_FRAME_RECEIVED attempts=1 streak=1
[2026-09-14T08:22:52.731Z] batch=field-waveform-1789374172683-4 D6 FIRST_VALID_SAMPLE state=FIRST_FRAME_RECEIVED attempts=1 streak=1
[2026-09-14T08:22:52.732Z] batch=field-waveform-1789374172683-4 D4 FIRST_FRAME state=FIRST_FRAME_RECEIVED attempts=1 streak=1
[2026-09-14T08:22:52.732Z] batch=field-waveform-1789374172683-4 D4 FIRST_VALID_SAMPLE state=FIRST_FRAME_RECEIVED attempts=1 streak=1
[2026-09-14T08:22:56.009Z] batch=field-waveform-1789374172683-4 D2 MODE_SWITCH_START state=MODE_SWITCHING attempts=1 streak=0 attempt=1
[2026-09-14T08:22:56.011Z] batch=field-waveform-1789374172683-4 D2 MODE_SWITCH_OK state=MODE_SWITCH_OK attempts=1 streak=0
[2026-09-14T08:22:56.437Z] batch=field-waveform-1789374172683-4 D3 MODE_SWITCH_START state=MODE_SWITCHING attempts=1 streak=0 attempt=1
[2026-09-14T08:22:56.439Z] batch=field-waveform-1789374172683-4 D3 MODE_SWITCH_OK state=MODE_SWITCH_OK attempts=1 streak=0
[2026-09-14T08:23:02.732Z] batch=field-waveform-1789374172683-4 D5 MODE_SWITCH_START state=MODE_SWITCHING attempts=1 streak=0 attempt=1
[2026-09-14T08:23:02.738Z] batch=field-waveform-1789374172683-4 D5 MODE_SWITCH_OK state=MODE_SWITCH_OK attempts=1 streak=0
[2026-09-14T08:23:02.757Z] batch=field-waveform-1789374172683-4 D1 MODE_SWITCH_START state=MODE_SWITCHING attempts=1 streak=0 attempt=1
[2026-09-14T08:23:02.758Z] batch=field-waveform-1789374172683-4 D1 MODE_SWITCH_OK state=MODE_SWITCH_OK attempts=1 streak=0
[2026-09-14T08:23:02.758Z] batch=field-waveform-1789374172683-4 D6 MODE_SWITCH_START state=MODE_SWITCHING attempts=1 streak=0 attempt=1
[2026-09-14T08:23:02.759Z] batch=field-waveform-1789374172683-4 D6 MODE_SWITCH_OK state=MODE_SWITCH_OK attempts=1 streak=0
[2026-09-14T08:23:02.760Z] batch=field-waveform-1789374172683-4 D4 MODE_SWITCH_START state=MODE_SWITCHING attempts=1 streak=0 attempt=1
[2026-09-14T08:23:02.761Z] batch=field-waveform-1789374172683-4 D4 MODE_SWITCH_OK state=MODE_SWITCH_OK attempts=1 streak=0
[2026-09-14T08:23:06.012Z] batch=field-waveform-1789374172683-4 D2 MODE_SWITCH_START state=MODE_SWITCHING attempts=1 streak=0 attempt=1
[2026-09-14T08:23:06.015Z] batch=field-waveform-1789374172683-4 D2 MODE_SWITCH_OK state=MODE_SWITCH_OK attempts=1 streak=0
[2026-09-14T08:23:06.448Z] batch=field-waveform-1789374172683-4 D3 MODE_SWITCH_START state=MODE_SWITCHING attempts=1 streak=0 attempt=1
[2026-09-14T08:23:06.450Z] batch=field-waveform-1789374172683-4 D3 MODE_SWITCH_OK state=MODE_SWITCH_OK attempts=1 streak=0
[2026-09-14T08:23:12.757Z] batch=field-waveform-1789374172683-4 D5 MODE_SWITCH_START state=MODE_SWITCHING attempts=1 streak=0 attempt=1
[2026-09-14T08:23:12.760Z] batch=field-waveform-1789374172683-4 D5 MODE_SWITCH_OK state=MODE_SWITCH_OK attempts=1 streak=0
[2026-09-14T08:23:12.764Z] batch=field-waveform-1789374172683-4 D1 MODE_SWITCH_START state=MODE_SWITCHING attempts=1 streak=0 attempt=1
[2026-09-14T08:23:12.764Z] batch=field-waveform-1789374172683-4 D1 MODE_SWITCH_OK state=MODE_SWITCH_OK attempts=1 streak=0
[2026-09-14T08:23:12.765Z] batch=field-waveform-1789374172683-4 D6 MODE_SWITCH_START state=MODE_SWITCHING attempts=1 streak=0 attempt=1
[2026-09-14T08:23:12.766Z] batch=field-waveform-1789374172683-4 D6 MODE_SWITCH_OK state=MODE_SWITCH_OK attempts=1 streak=0
[2026-09-14T08:23:12.767Z] batch=field-waveform-1789374172683-4 D4 MODE_SWITCH_START state=MODE_SWITCHING attempts=1 streak=0 attempt=1
[2026-09-14T08:23:12.768Z] batch=field-waveform-1789374172683-4 D4 MODE_SWITCH_OK state=MODE_SWITCH_OK attempts=1 streak=0
[2026-09-14T08:23:16.021Z] batch=field-waveform-1789374172683-4 D2 MODE_SWITCH_START state=MODE_SWITCHING attempts=1 streak=0 attempt=1
[2026-09-14T08:23:16.022Z] batch=field-waveform-1789374172683-4 D2 MODE_SWITCH_OK state=MODE_SWITCH_OK attempts=1 streak=0
[2026-09-14T08:23:16.451Z] batch=field-waveform-1789374172683-4 D3 MODE_SWITCH_START state=MODE_SWITCHING attempts=1 streak=0 attempt=1
[2026-09-14T08:23:16.453Z] batch=field-waveform-1789374172683-4 D3 MODE_SWITCH_OK state=MODE_SWITCH_OK attempts=1 streak=0
[2026-09-14T08:23:22.773Z] batch=field-waveform-1789374172683-4 D5 MODE_SWITCH_START state=MODE_SWITCHING attempts=1 streak=0 attempt=1
[2026-09-14T08:23:22.775Z] batch=field-waveform-1789374172683-4 D5 MODE_SWITCH_OK state=MODE_SWITCH_OK attempts=1 streak=0
[2026-09-14T08:23:22.776Z] batch=field-waveform-1789374172683-4 D1 MODE_SWITCH_START state=MODE_SWITCHING attempts=1 streak=0 attempt=1
[2026-09-14T08:23:22.778Z] batch=field-waveform-1789374172683-4 D1 MODE_SWITCH_OK state=MODE_SWITCH_OK attempts=1 streak=0
[2026-09-14T08:23:22.779Z] batch=field-waveform-1789374172683-4 D6 MODE_SWITCH_START state=MODE_SWITCHING attempts=1 streak=0 attempt=1
[2026-09-14T08:23:22.780Z] batch=field-waveform-1789374172683-4 D6 MODE_SWITCH_OK state=MODE_SWITCH_OK attempts=1 streak=0
[2026-09-14T08:23:22.781Z] batch=field-waveform-1789374172683-4 D4 MODE_SWITCH_START state=MODE_SWITCHING attempts=1 streak=0 attempt=1
[2026-09-14T08:23:22.785Z] batch=field-waveform-1789374172683-4 D4 MODE_SWITCH_OK state=MODE_SWITCH_OK attempts=1 streak=0
[2026-09-14T08:23:26.025Z] batch=field-waveform-1789374172683-4 D2 MODE_SWITCH_START state=MODE_SWITCHING attempts=1 streak=0 attempt=1
[2026-09-14T08:23:26.028Z] batch=field-waveform-1789374172683-4 D2 MODE_SWITCH_OK state=MODE_SWITCH_OK attempts=1 streak=0
[2026-09-14T08:23:26.470Z] batch=field-waveform-1789374172683-4 D3 MODE_SWITCH_START state=MODE_SWITCHING attempts=1 streak=0 attempt=1
[2026-09-14T08:23:26.471Z] batch=field-waveform-1789374172683-4 D3 MODE_SWITCH_OK state=MODE_SWITCH_OK attempts=1 streak=0
[2026-09-14T08:23:32.796Z] batch=field-waveform-1789374172683-4 D5 MODE_SWITCH_START state=MODE_SWITCHING attempts=1 streak=0 attempt=1
[2026-09-14T08:23:32.798Z] batch=field-waveform-1789374172683-4 D5 MODE_SWITCH_OK state=MODE_SWITCH_OK attempts=1 streak=0
[2026-09-14T08:23:32.799Z] batch=field-waveform-1789374172683-4 D1 MODE_SWITCH_START state=MODE_SWITCHING attempts=1 streak=0 attempt=1
[2026-09-14T08:23:32.800Z] batch=field-waveform-1789374172683-4 D1 MODE_SWITCH_OK state=MODE_SWITCH_OK attempts=1 streak=0
[2026-09-14T08:23:32.800Z] batch=field-waveform-1789374172683-4 D6 MODE_SWITCH_START state=MODE_SWITCHING attempts=1 streak=0 attempt=1
[2026-09-14T08:23:32.801Z] batch=field-waveform-1789374172683-4 D6 MODE_SWITCH_OK state=MODE_SWITCH_OK attempts=1 streak=0
[2026-09-14T08:23:32.802Z] batch=field-waveform-1789374172683-4 D4 MODE_SWITCH_START state=MODE_SWITCHING attempts=1 streak=0 attempt=1
[2026-09-14T08:23:32.803Z] batch=field-waveform-1789374172683-4 D4 MODE_SWITCH_OK state=MODE_SWITCH_OK attempts=1 streak=0
[2026-09-14T08:23:36.029Z] batch=field-waveform-1789374172683-4 D2 MODE_SWITCH_START state=MODE_SWITCHING attempts=1 streak=0 attempt=1
[2026-09-14T08:23:36.031Z] batch=field-waveform-1789374172683-4 D2 MODE_SWITCH_OK state=MODE_SWITCH_OK attempts=1 streak=0
[2026-09-14T08:23:36.473Z] batch=field-waveform-1789374172683-4 D3 MODE_SWITCH_START state=MODE_SWITCHING attempts=1 streak=0 attempt=1
[2026-09-14T08:23:36.474Z] batch=field-waveform-1789374172683-4 D3 MODE_SWITCH_OK state=MODE_SWITCH_OK attempts=1 streak=0
[2026-09-14T08:23:41.192Z] batch=field-waveform-1789374172683-4 D2 FIRST_FRAME state=FIRST_FRAME_RECEIVED attempts=1 streak=1
[2026-09-14T08:23:41.192Z] batch=field-waveform-1789374172683-4 D2 FIRST_VALID_SAMPLE state=FIRST_FRAME_RECEIVED attempts=1 streak=1
[2026-09-14T08:23:41.379Z] batch=field-waveform-1789374172683-4 D2 CHANNEL_SYNC_OK state=TEST_READY attempts=1 streak=5
[2026-09-14T08:23:41.381Z] batch=field-waveform-1789374172683-4 D2 TEST_READY state=TEST_READY attempts=1 streak=5
[2026-09-14T08:23:41.596Z] batch=field-waveform-1789374172683-4 D3 FIRST_FRAME state=FIRST_FRAME_RECEIVED attempts=1 streak=1
[2026-09-14T08:23:41.597Z] batch=field-waveform-1789374172683-4 D3 FIRST_VALID_SAMPLE state=FIRST_FRAME_RECEIVED attempts=1 streak=1
[2026-09-14T08:23:41.812Z] batch=field-waveform-1789374172683-4 D3 CHANNEL_SYNC_OK state=TEST_READY attempts=1 streak=5
[2026-09-14T08:23:41.813Z] batch=field-waveform-1789374172683-4 D3 TEST_READY state=TEST_READY attempts=1 streak=5
[2026-09-14T08:23:42.812Z] batch=field-waveform-1789374172683-4 D5 MODE_SWITCH_START state=MODE_SWITCHING attempts=1 streak=0 attempt=1
[2026-09-14T08:23:42.821Z] batch=field-waveform-1789374172683-4 D5 MODE_SWITCH_OK state=MODE_SWITCH_OK attempts=1 streak=0
[2026-09-14T08:23:42.825Z] batch=field-waveform-1789374172683-4 D1 MODE_SWITCH_START state=MODE_SWITCHING attempts=1 streak=0 attempt=1
[2026-09-14T08:23:42.827Z] batch=field-waveform-1789374172683-4 D1 MODE_SWITCH_OK state=MODE_SWITCH_OK attempts=1 streak=0
[2026-09-14T08:23:42.830Z] batch=field-waveform-1789374172683-4 D6 MODE_SWITCH_START state=MODE_SWITCHING attempts=1 streak=0 attempt=1
[2026-09-14T08:23:42.832Z] batch=field-waveform-1789374172683-4 D6 MODE_SWITCH_OK state=MODE_SWITCH_OK attempts=1 streak=0
[2026-09-14T08:23:42.833Z] batch=field-waveform-1789374172683-4 D4 MODE_SWITCH_START state=MODE_SWITCHING attempts=1 streak=0 attempt=1
[2026-09-14T08:23:42.838Z] batch=field-waveform-1789374172683-4 D4 MODE_SWITCH_OK state=MODE_SWITCH_OK attempts=1 streak=0
[2026-09-14T08:23:52.827Z] batch=field-waveform-1789374172683-4 D5 MODE_SWITCH_START state=MODE_SWITCHING attempts=1 streak=0 attempt=1
[2026-09-14T08:23:52.832Z] batch=field-waveform-1789374172683-4 D5 MODE_SWITCH_OK state=MODE_SWITCH_OK attempts=1 streak=0
[2026-09-14T08:23:52.898Z] batch=field-waveform-1789374172683-4 D1 MODE_SWITCH_START state=MODE_SWITCHING attempts=1 streak=0 attempt=1
[2026-09-14T08:23:52.899Z] batch=field-waveform-1789374172683-4 D1 MODE_SWITCH_OK state=MODE_SWITCH_OK attempts=1 streak=0
[2026-09-14T08:23:52.900Z] batch=field-waveform-1789374172683-4 D6 MODE_SWITCH_START state=MODE_SWITCHING attempts=1 streak=0 attempt=1
[2026-09-14T08:23:52.902Z] batch=field-waveform-1789374172683-4 D6 MODE_SWITCH_OK state=MODE_SWITCH_OK attempts=1 streak=0
[2026-09-14T08:23:52.902Z] batch=field-waveform-1789374172683-4 D4 MODE_SWITCH_START state=MODE_SWITCHING attempts=1 streak=0 attempt=1
[2026-09-14T08:23:52.908Z] batch=field-waveform-1789374172683-4 D4 MODE_SWITCH_OK state=MODE_SWITCH_OK attempts=1 streak=0
[2026-09-14T08:23:55.506Z] batch=field-waveform-1789374172683-4 D2 MODE_SWITCH_START state=MODE_SWITCHING attempts=1 streak=0 attempt=1
[2026-09-14T08:23:55.537Z] batch=field-waveform-1789374172683-4 D2 MODE_SWITCH_OK state=MODE_SWITCH_OK attempts=1 streak=0
[2026-09-14T08:23:55.541Z] batch=field-waveform-1789374172683-4 D3 MODE_SWITCH_START state=MODE_SWITCHING attempts=1 streak=0 attempt=1
[2026-09-14T08:23:55.556Z] batch=field-waveform-1789374172683-4 D3 MODE_SWITCH_OK state=MODE_SWITCH_OK attempts=1 streak=0
[2026-09-14T08:24:02.835Z] batch=field-waveform-1789374172683-4 D5 MODE_SWITCH_START state=MODE_SWITCHING attempts=1 streak=0 attempt=1
[2026-09-14T08:24:02.839Z] batch=field-waveform-1789374172683-4 D5 MODE_SWITCH_OK state=MODE_SWITCH_OK attempts=1 streak=0
[2026-09-14T08:24:02.931Z] batch=field-waveform-1789374172683-4 D1 MODE_SWITCH_START state=MODE_SWITCHING attempts=1 streak=0 attempt=1
[2026-09-14T08:24:02.939Z] batch=field-waveform-1789374172683-4 D1 MODE_SWITCH_OK state=MODE_SWITCH_OK attempts=1 streak=0
[2026-09-14T08:24:02.943Z] batch=field-waveform-1789374172683-4 D6 MODE_SWITCH_START state=MODE_SWITCHING attempts=1 streak=0 attempt=1
[2026-09-14T08:24:02.946Z] batch=field-waveform-1789374172683-4 D6 MODE_SWITCH_OK state=MODE_SWITCH_OK attempts=1 streak=0
[2026-09-14T08:24:02.948Z] batch=field-waveform-1789374172683-4 D4 MODE_SWITCH_START state=MODE_SWITCHING attempts=1 streak=0 attempt=1
[2026-09-14T08:24:02.950Z] batch=field-waveform-1789374172683-4 D4 MODE_SWITCH_OK state=MODE_SWITCH_OK attempts=1 streak=0
[2026-09-14T08:24:05.543Z] batch=field-waveform-1789374172683-4 D2 MODE_SWITCH_START state=MODE_SWITCHING attempts=1 streak=0 attempt=1
[2026-09-14T08:24:05.545Z] batch=field-waveform-1789374172683-4 D2 MODE_SWITCH_OK state=MODE_SWITCH_OK attempts=1 streak=0
[2026-09-14T08:24:05.610Z] batch=field-waveform-1789374172683-4 D3 MODE_SWITCH_START state=MODE_SWITCHING attempts=1 streak=0 attempt=1
[2026-09-14T08:24:05.622Z] batch=field-waveform-1789374172683-4 D3 MODE_SWITCH_OK state=MODE_SWITCH_OK attempts=1 streak=0
[2026-09-14T08:24:10.520Z] batch=field-waveform-1789374172683-4 D6 FIRST_FRAME state=FIRST_FRAME_RECEIVED attempts=1 streak=1
[2026-09-14T08:24:10.521Z] batch=field-waveform-1789374172683-4 D6 FIRST_VALID_SAMPLE state=FIRST_FRAME_RECEIVED attempts=1 streak=1
[2026-09-14T08:24:10.593Z] batch=field-waveform-1789374172683-4 D1 FIRST_FRAME state=FIRST_FRAME_RECEIVED attempts=1 streak=1
[2026-09-14T08:24:10.594Z] batch=field-waveform-1789374172683-4 D1 FIRST_VALID_SAMPLE state=FIRST_FRAME_RECEIVED attempts=1 streak=1
[2026-09-14T08:24:10.660Z] batch=field-waveform-1789374172683-4 D5 FIRST_FRAME state=FIRST_FRAME_RECEIVED attempts=1 streak=1
[2026-09-14T08:24:10.661Z] batch=field-waveform-1789374172683-4 D5 FIRST_VALID_SAMPLE state=FIRST_FRAME_RECEIVED attempts=1 streak=1
[2026-09-14T08:24:10.681Z] batch=field-waveform-1789374172683-4 D4 FIRST_FRAME state=FIRST_FRAME_RECEIVED attempts=1 streak=1
[2026-09-14T08:24:10.681Z] batch=field-waveform-1789374172683-4 D4 FIRST_VALID_SAMPLE state=FIRST_FRAME_RECEIVED attempts=1 streak=1
[2026-09-14T08:24:10.780Z] batch=field-waveform-1789374172683-4 D2 FIRST_FRAME state=FIRST_FRAME_RECEIVED attempts=1 streak=1
[2026-09-14T08:24:10.780Z] batch=field-waveform-1789374172683-4 D2 FIRST_VALID_SAMPLE state=FIRST_FRAME_RECEIVED attempts=1 streak=1
[2026-09-14T08:24:10.814Z] batch=field-waveform-1789374172683-4 D1 CHANNEL_SYNC_OK state=TEST_READY attempts=1 streak=5
[2026-09-14T08:24:10.815Z] batch=field-waveform-1789374172683-4 D1 TEST_READY state=TEST_READY attempts=1 streak=5
[2026-09-14T08:24:10.828Z] batch=field-waveform-1789374172683-4 D3 FIRST_FRAME state=FIRST_FRAME_RECEIVED attempts=1 streak=1
[2026-09-14T08:24:10.829Z] batch=field-waveform-1789374172683-4 D3 FIRST_VALID_SAMPLE state=FIRST_FRAME_RECEIVED attempts=1 streak=1
[2026-09-14T08:24:10.879Z] batch=field-waveform-1789374172683-4 D6 CHANNEL_SYNC_OK state=TEST_READY attempts=1 streak=5
[2026-09-14T08:24:10.880Z] batch=field-waveform-1789374172683-4 D6 TEST_READY state=TEST_READY attempts=1 streak=5
[2026-09-14T08:24:10.883Z] batch=field-waveform-1789374172683-4 D4 CHANNEL_SYNC_OK state=TEST_READY attempts=1 streak=5
[2026-09-14T08:24:10.889Z] batch=field-waveform-1789374172683-4 D4 TEST_READY state=TEST_READY attempts=1 streak=5
[2026-09-14T08:24:10.898Z] batch=field-waveform-1789374172683-4 D5 CHANNEL_SYNC_OK state=TEST_READY attempts=1 streak=5
[2026-09-14T08:24:10.898Z] batch=field-waveform-1789374172683-4 D5 TEST_READY state=TEST_READY attempts=1 streak=5
[2026-09-14T08:24:10.910Z] batch=field-waveform-1789374172683-4 D2 CHANNEL_SYNC_OK state=TEST_READY attempts=1 streak=5
[2026-09-14T08:24:10.911Z] batch=field-waveform-1789374172683-4 D2 TEST_READY state=TEST_READY attempts=1 streak=5
[2026-09-14T08:24:11.230Z] batch=field-waveform-1789374172683-4 D3 CHANNEL_SYNC_OK state=TEST_READY attempts=1 streak=5
[2026-09-14T08:24:11.231Z] batch=field-waveform-1789374172683-4 D3 TEST_READY state=TEST_READY attempts=1 streak=5
[2026-09-14T08:24:53.240Z] batch=field-waveform-1789374172683-4 D6 MODE_SWITCH_START state=MODE_SWITCHING attempts=1 streak=0 attempt=1
[2026-09-14T08:24:53.243Z] batch=field-waveform-1789374172683-4 D6 MODE_SWITCH_OK state=MODE_SWITCH_OK attempts=1 streak=0
[2026-09-14T08:24:53.245Z] batch=field-waveform-1789374172683-4 D5 MODE_SWITCH_START state=MODE_SWITCHING attempts=1 streak=0 attempt=1
[2026-09-14T08:24:53.246Z] batch=field-waveform-1789374172683-4 D5 MODE_SWITCH_OK state=MODE_SWITCH_OK attempts=1 streak=0
[2026-09-14T08:24:53.256Z] batch=field-waveform-1789374172683-4 D1 MODE_SWITCH_START state=MODE_SWITCHING attempts=1 streak=0 attempt=1
[2026-09-14T08:24:53.257Z] batch=field-waveform-1789374172683-4 D1 MODE_SWITCH_OK state=MODE_SWITCH_OK attempts=1 streak=0
[2026-09-14T08:24:53.264Z] batch=field-waveform-1789374172683-4 D4 MODE_SWITCH_START state=MODE_SWITCHING attempts=1 streak=0 attempt=1
[2026-09-14T08:24:53.270Z] batch=field-waveform-1789374172683-4 D4 MODE_SWITCH_OK state=MODE_SWITCH_OK attempts=1 streak=0
[2026-09-14T08:24:55.526Z] batch=field-waveform-1789374172683-4 D3 MODE_SWITCH_START state=MODE_SWITCHING attempts=1 streak=0 attempt=1
[2026-09-14T08:24:55.529Z] batch=field-waveform-1789374172683-4 D3 MODE_SWITCH_OK state=MODE_SWITCH_OK attempts=1 streak=0
[2026-09-14T08:24:55.535Z] batch=field-waveform-1789374172683-4 D2 MODE_SWITCH_START state=MODE_SWITCHING attempts=1 streak=0 attempt=1
[2026-09-14T08:24:55.540Z] batch=field-waveform-1789374172683-4 D2 MODE_SWITCH_OK state=MODE_SWITCH_OK attempts=1 streak=0
[2026-09-14T08:25:03.636Z] batch=field-waveform-1789374172683-4 D6 MODE_SWITCH_START state=MODE_SWITCHING attempts=1 streak=0 attempt=1
[2026-09-14T08:25:03.637Z] batch=field-waveform-1789374172683-4 D6 MODE_SWITCH_OK state=MODE_SWITCH_OK attempts=1 streak=0
[2026-09-14T08:25:03.648Z] batch=field-waveform-1789374172683-4 D5 MODE_SWITCH_START state=MODE_SWITCHING attempts=1 streak=0 attempt=1
[2026-09-14T08:25:03.651Z] batch=field-waveform-1789374172683-4 D5 MODE_SWITCH_OK state=MODE_SWITCH_OK attempts=1 streak=0
[2026-09-14T08:25:03.654Z] batch=field-waveform-1789374172683-4 D1 MODE_SWITCH_START state=MODE_SWITCHING attempts=1 streak=0 attempt=1
[2026-09-14T08:25:03.661Z] batch=field-waveform-1789374172683-4 D1 MODE_SWITCH_OK state=MODE_SWITCH_OK attempts=1 streak=0
[2026-09-14T08:25:03.665Z] batch=field-waveform-1789374172683-4 D4 MODE_SWITCH_START state=MODE_SWITCHING attempts=1 streak=0 attempt=1
[2026-09-14T08:25:03.668Z] batch=field-waveform-1789374172683-4 D4 MODE_SWITCH_OK state=MODE_SWITCH_OK attempts=1 streak=0
[2026-09-14T08:25:05.586Z] batch=field-waveform-1789374172683-4 D3 MODE_SWITCH_START state=MODE_SWITCHING attempts=1 streak=0 attempt=1
[2026-09-14T08:25:05.587Z] batch=field-waveform-1789374172683-4 D3 MODE_SWITCH_OK state=MODE_SWITCH_OK attempts=1 streak=0
[2026-09-14T08:25:05.593Z] batch=field-waveform-1789374172683-4 D2 MODE_SWITCH_START state=MODE_SWITCHING attempts=1 streak=0 attempt=1
[2026-09-14T08:25:05.597Z] batch=field-waveform-1789374172683-4 D2 MODE_SWITCH_OK state=MODE_SWITCH_OK attempts=1 streak=0
[2026-09-14T08:25:08.930Z] batch=field-waveform-1789374172683-4 D1 FIRST_FRAME state=FIRST_FRAME_RECEIVED attempts=1 streak=1
[2026-09-14T08:25:08.931Z] batch=field-waveform-1789374172683-4 D1 FIRST_VALID_SAMPLE state=FIRST_FRAME_RECEIVED attempts=1 streak=1
[2026-09-14T08:25:08.939Z] batch=field-waveform-1789374172683-4 D5 FIRST_FRAME state=FIRST_FRAME_RECEIVED attempts=1 streak=1
[2026-09-14T08:25:08.939Z] batch=field-waveform-1789374172683-4 D5 FIRST_VALID_SAMPLE state=FIRST_FRAME_RECEIVED attempts=1 streak=1
[2026-09-14T08:25:08.943Z] batch=field-waveform-1789374172683-4 D4 FIRST_FRAME state=FIRST_FRAME_RECEIVED attempts=1 streak=1
[2026-09-14T08:25:08.943Z] batch=field-waveform-1789374172683-4 D4 FIRST_VALID_SAMPLE state=FIRST_FRAME_RECEIVED attempts=1 streak=1
[2026-09-14T08:25:09.505Z] batch=field-waveform-1789374172683-4 D1 CHANNEL_SYNC_OK state=TEST_READY attempts=1 streak=5
[2026-09-14T08:25:09.506Z] batch=field-waveform-1789374172683-4 D1 TEST_READY state=TEST_READY attempts=1 streak=5
[2026-09-14T08:25:09.522Z] batch=field-waveform-1789374172683-4 D5 CHANNEL_SYNC_OK state=TEST_READY attempts=1 streak=5
[2026-09-14T08:25:09.522Z] batch=field-waveform-1789374172683-4 D5 TEST_READY state=TEST_READY attempts=1 streak=5
[2026-09-14T08:25:09.534Z] batch=field-waveform-1789374172683-4 D4 CHANNEL_SYNC_OK state=TEST_READY attempts=1 streak=5
[2026-09-14T08:25:09.535Z] batch=field-waveform-1789374172683-4 D4 TEST_READY state=TEST_READY attempts=1 streak=5
[2026-09-14T08:25:10.998Z] batch=field-waveform-1789374172683-4 D3 FIRST_FRAME state=FIRST_FRAME_RECEIVED attempts=1 streak=1
[2026-09-14T08:25:11.000Z] batch=field-waveform-1789374172683-4 D3 FIRST_VALID_SAMPLE state=FIRST_FRAME_RECEIVED attempts=1 streak=1
[2026-09-14T08:25:11.007Z] batch=field-waveform-1789374172683-4 D3 CHANNEL_SYNC_OK state=TEST_READY attempts=1 streak=5
[2026-09-14T08:25:11.008Z] batch=field-waveform-1789374172683-4 D3 TEST_READY state=TEST_READY attempts=1 streak=5
[2026-09-14T08:25:11.009Z] batch=field-waveform-1789374172683-4 D2 FIRST_FRAME state=FIRST_FRAME_RECEIVED attempts=1 streak=1
[2026-09-14T08:25:11.010Z] batch=field-waveform-1789374172683-4 D2 FIRST_VALID_SAMPLE state=FIRST_FRAME_RECEIVED attempts=1 streak=1
[2026-09-14T08:25:11.014Z] batch=field-waveform-1789374172683-4 D2 CHANNEL_SYNC_OK state=TEST_READY attempts=1 streak=5
[2026-09-14T08:25:11.014Z] batch=field-waveform-1789374172683-4 D2 TEST_READY state=TEST_READY attempts=1 streak=5
[2026-09-14T08:25:13.759Z] batch=field-waveform-1789374172683-4 D6 MODE_SWITCH_START state=MODE_SWITCHING attempts=1 streak=0 attempt=1
[2026-09-14T08:25:13.761Z] batch=field-waveform-1789374172683-4 D6 MODE_SWITCH_OK state=MODE_SWITCH_OK attempts=1 streak=0
[2026-09-14T08:25:18.990Z] batch=field-waveform-1789374172683-4 D6 FIRST_FRAME state=FIRST_FRAME_RECEIVED attempts=1 streak=1
[2026-09-14T08:25:18.991Z] batch=field-waveform-1789374172683-4 D6 FIRST_VALID_SAMPLE state=FIRST_FRAME_RECEIVED attempts=1 streak=1
[2026-09-14T08:25:19.142Z] batch=field-waveform-1789374172683-4 D6 CHANNEL_SYNC_OK state=TEST_READY attempts=1 streak=5
[2026-09-14T08:25:19.143Z] batch=field-waveform-1789374172683-4 D6 TEST_READY state=TEST_READY attempts=1 streak=5
[2026-09-14T08:25:43.343Z] batch=field-waveform-1789374172683-4 D5 MODE_SWITCH_START state=MODE_SWITCHING attempts=1 streak=0 attempt=1
[2026-09-14T08:25:43.361Z] batch=field-waveform-1789374172683-4 D5 MODE_SWITCH_OK state=MODE_SWITCH_OK attempts=1 streak=0
[2026-09-14T08:25:43.382Z] batch=field-waveform-1789374172683-4 D4 MODE_SWITCH_START state=MODE_SWITCHING attempts=1 streak=0 attempt=1
[2026-09-14T08:25:43.387Z] batch=field-waveform-1789374172683-4 D4 MODE_SWITCH_OK state=MODE_SWITCH_OK attempts=1 streak=0
[2026-09-14T08:25:43.398Z] batch=field-waveform-1789374172683-4 D2 MODE_SWITCH_START state=MODE_SWITCHING attempts=1 streak=0 attempt=1
[2026-09-14T08:25:43.410Z] batch=field-waveform-1789374172683-4 D2 MODE_SWITCH_OK state=MODE_SWITCH_OK attempts=1 streak=0
[2026-09-14T08:25:43.420Z] batch=field-waveform-1789374172683-4 D1 MODE_SWITCH_START state=MODE_SWITCHING attempts=1 streak=0 attempt=1
[2026-09-14T08:25:43.421Z] batch=field-waveform-1789374172683-4 D1 MODE_SWITCH_OK state=MODE_SWITCH_OK attempts=1 streak=0
[2026-09-14T08:25:43.430Z] batch=field-waveform-1789374172683-4 D3 MODE_SWITCH_START state=MODE_SWITCHING attempts=1 streak=0 attempt=1
[2026-09-14T08:25:43.432Z] batch=field-waveform-1789374172683-4 D3 MODE_SWITCH_OK state=MODE_SWITCH_OK attempts=1 streak=0
[2026-09-14T08:25:44.175Z] batch=field-waveform-1789374172683-4 D6 MODE_SWITCH_START state=MODE_SWITCHING attempts=1 streak=0 attempt=1
[2026-09-14T08:25:44.181Z] batch=field-waveform-1789374172683-4 D6 MODE_SWITCH_OK state=MODE_SWITCH_OK attempts=1 streak=0
