[2026-09-17T02:11:59.503Z] batch=- D2 POWER_ON state=COMMUNICATION_READY attempts=0 streak=0
[2026-09-17T02:11:59.504Z] batch=- D2 RS485_RESPONSE state=COMMUNICATION_READY attempts=0 streak=0
[2026-09-17T02:11:59.506Z] batch=- D3 POWER_ON state=COMMUNICATION_READY attempts=0 streak=0
[2026-09-17T02:11:59.506Z] batch=- D3 RS485_RESPONSE state=COMMUNICATION_READY attempts=0 streak=0
[2026-09-17T02:11:59.508Z] batch=- D4 POWER_ON state=COMMUNICATION_READY attempts=0 streak=0
[2026-09-17T02:11:59.508Z] batch=- D4 RS485_RESPONSE state=COMMUNICATION_READY attempts=0 streak=0
[2026-09-17T02:11:59.509Z] batch=- D5 POWER_ON state=COMMUNICATION_READY attempts=0 streak=0
[2026-09-17T02:11:59.509Z] batch=- D5 RS485_RESPONSE state=COMMUNICATION_READY attempts=0 streak=0
[2026-09-17T02:11:59.510Z] batch=- D6 POWER_ON state=COMMUNICATION_READY attempts=0 streak=0
[2026-09-17T02:11:59.510Z] batch=- D6 RS485_RESPONSE state=COMMUNICATION_READY attempts=0 streak=0
[2026-09-17T02:11:59.515Z] batch=field-waveform-1789611119512-1 D2 MODE_SWITCH_START state=MODE_SWITCHING attempts=1 streak=0 attempt=1
[2026-09-17T02:11:59.516Z] batch=field-waveform-1789611119512-1 D3 MODE_SWITCH_START state=MODE_SWITCHING attempts=1 streak=0 attempt=1
[2026-09-17T02:11:59.517Z] batch=field-waveform-1789611119512-1 D4 MODE_SWITCH_START state=MODE_SWITCHING attempts=1 streak=0 attempt=1
[2026-09-17T02:11:59.518Z] batch=field-waveform-1789611119512-1 D5 MODE_SWITCH_START state=MODE_SWITCHING attempts=1 streak=0 attempt=1
[2026-09-17T02:11:59.518Z] batch=field-waveform-1789611119512-1 D6 MODE_SWITCH_START state=MODE_SWITCHING attempts=1 streak=0 attempt=1
[2026-09-17T02:11:59.522Z] batch=field-waveform-1789611119512-1 D2 MODE_SWITCH_OK state=MODE_SWITCH_OK attempts=1 streak=0
[2026-09-17T02:11:59.523Z] batch=field-waveform-1789611119512-1 D3 MODE_SWITCH_OK state=MODE_SWITCH_OK attempts=1 streak=0
[2026-09-17T02:11:59.523Z] batch=field-waveform-1789611119512-1 D4 MODE_SWITCH_OK state=MODE_SWITCH_OK attempts=1 streak=0
[2026-09-17T02:11:59.524Z] batch=field-waveform-1789611119512-1 D5 MODE_SWITCH_OK state=MODE_SWITCH_OK attempts=1 streak=0
[2026-09-17T02:11:59.525Z] batch=field-waveform-1789611119512-1 D6 MODE_SWITCH_OK state=MODE_SWITCH_OK attempts=1 streak=0
[2026-09-17T02:11:59.547Z] batch=field-waveform-1789611119512-1 D3 FIRST_FRAME state=FIRST_FRAME_RECEIVED attempts=1 streak=1
[2026-09-17T02:11:59.547Z] batch=field-waveform-1789611119512-1 D3 FIRST_VALID_SAMPLE state=FIRST_FRAME_RECEIVED attempts=1 streak=1
[2026-09-17T02:11:59.549Z] batch=field-waveform-1789611119512-1 D4 FIRST_FRAME state=FIRST_FRAME_RECEIVED attempts=1 streak=1
[2026-09-17T02:11:59.550Z] batch=field-waveform-1789611119512-1 D4 FIRST_VALID_SAMPLE state=FIRST_FRAME_RECEIVED attempts=1 streak=1
[2026-09-17T02:11:59.557Z] batch=field-waveform-1789611119512-1 D2 FIRST_FRAME state=FIRST_FRAME_RECEIVED attempts=1 streak=1
[2026-09-17T02:11:59.557Z] batch=field-waveform-1789611119512-1 D2 FIRST_VALID_SAMPLE state=FIRST_FRAME_RECEIVED attempts=1 streak=1
[2026-09-17T02:11:59.667Z] batch=field-waveform-1789611119512-1 D6 FIRST_FRAME state=FIRST_FRAME_RECEIVED attempts=1 streak=1
[2026-09-17T02:11:59.667Z] batch=field-waveform-1789611119512-1 D6 FIRST_VALID_SAMPLE state=FIRST_FRAME_RECEIVED attempts=1 streak=1
[2026-09-17T02:11:59.854Z] batch=field-waveform-1789611119512-1 D6 CHANNEL_SYNC_OK state=TEST_READY attempts=1 streak=5
[2026-09-17T02:11:59.854Z] batch=field-waveform-1789611119512-1 D6 TEST_READY state=TEST_READY attempts=1 streak=5
[2026-09-17T02:12:00.231Z] batch=field-waveform-1789611119512-1 D2 MODE_SWITCH_START state=MODE_SWITCHING attempts=1 streak=1 attempt=1
[2026-09-17T02:12:00.231Z] batch=field-waveform-1789611119512-1 D3 MODE_SWITCH_START state=MODE_SWITCHING attempts=1 streak=1 attempt=1
[2026-09-17T02:12:00.232Z] batch=field-waveform-1789611119512-1 D4 MODE_SWITCH_START state=MODE_SWITCHING attempts=1 streak=1 attempt=1
[2026-09-17T02:12:00.233Z] batch=field-waveform-1789611119512-1 D5 MODE_SWITCH_START state=MODE_SWITCHING attempts=1 streak=0 attempt=1
[2026-09-17T02:12:00.233Z] batch=field-waveform-1789611119512-1 D6 MODE_SWITCH_START state=TEST_READY attempts=1 streak=11 attempt=1
[2026-09-17T02:12:00.234Z] batch=field-waveform-1789611119512-1 D2 MODE_SWITCH_OK state=MODE_SWITCH_OK attempts=1 streak=1
[2026-09-17T02:12:00.235Z] batch=field-waveform-1789611119512-1 D3 MODE_SWITCH_OK state=MODE_SWITCH_OK attempts=1 streak=1
[2026-09-17T02:12:00.235Z] batch=field-waveform-1789611119512-1 D4 MODE_SWITCH_OK state=MODE_SWITCH_OK attempts=1 streak=1
[2026-09-17T02:12:00.235Z] batch=field-waveform-1789611119512-1 D5 MODE_SWITCH_OK state=MODE_SWITCH_OK attempts=1 streak=0
[2026-09-17T02:12:00.236Z] batch=field-waveform-1789611119512-1 D6 MODE_SWITCH_OK state=TEST_READY attempts=1 streak=11
[2026-09-17T02:12:01.505Z] batch=field-waveform-1789611119512-1 D1 POWER_ON state=COMMUNICATION_READY attempts=0 streak=0
[2026-09-17T02:12:01.505Z] batch=field-waveform-1789611119512-1 D1 RS485_RESPONSE state=COMMUNICATION_READY attempts=0 streak=0
[2026-09-17T02:12:01.506Z] batch=field-waveform-1789611119512-1 D1 MODE_SWITCH_START state=MODE_SWITCHING attempts=1 streak=0 attempt=1
[2026-09-17T02:12:01.508Z] batch=field-waveform-1789611119512-1 D1 MODE_SWITCH_OK state=MODE_SWITCH_OK attempts=1 streak=0
[2026-09-17T02:12:01.517Z] batch=field-waveform-1789611119512-1 D1 FIRST_FRAME state=FIRST_FRAME_RECEIVED attempts=1 streak=1
[2026-09-17T02:12:01.517Z] batch=field-waveform-1789611119512-1 D1 FIRST_VALID_SAMPLE state=FIRST_FRAME_RECEIVED attempts=1 streak=1
[2026-09-17T02:12:06.023Z] batch=field-waveform-1789611126022-2 D1 MODE_SWITCH_START state=MODE_SWITCHING attempts=1 streak=0 attempt=1
[2026-09-17T02:12:06.024Z] batch=field-waveform-1789611126022-2 D2 MODE_SWITCH_START state=MODE_SWITCHING attempts=1 streak=0 attempt=1
[2026-09-17T02:12:06.025Z] batch=field-waveform-1789611126022-2 D3 MODE_SWITCH_START state=MODE_SWITCHING attempts=1 streak=0 attempt=1
[2026-09-17T02:12:06.026Z] batch=field-waveform-1789611126022-2 D4 MODE_SWITCH_START state=MODE_SWITCHING attempts=1 streak=0 attempt=1
[2026-09-17T02:12:06.026Z] batch=field-waveform-1789611126022-2 D5 MODE_SWITCH_START state=MODE_SWITCHING attempts=1 streak=0 attempt=1
[2026-09-17T02:12:06.027Z] batch=field-waveform-1789611126022-2 D6 MODE_SWITCH_START state=MODE_SWITCHING attempts=1 streak=0 attempt=1
[2026-09-17T02:12:06.029Z] batch=field-waveform-1789611126022-2 D1 MODE_SWITCH_OK state=MODE_SWITCH_OK attempts=1 streak=0
[2026-09-17T02:12:06.029Z] batch=field-waveform-1789611126022-2 D2 MODE_SWITCH_OK state=MODE_SWITCH_OK attempts=1 streak=0
[2026-09-17T02:12:06.030Z] batch=field-waveform-1789611126022-2 D3 MODE_SWITCH_OK state=MODE_SWITCH_OK attempts=1 streak=0
[2026-09-17T02:12:06.030Z] batch=field-waveform-1789611126022-2 D4 MODE_SWITCH_OK state=MODE_SWITCH_OK attempts=1 streak=0
[2026-09-17T02:12:06.030Z] batch=field-waveform-1789611126022-2 D5 MODE_SWITCH_OK state=MODE_SWITCH_OK attempts=1 streak=0
[2026-09-17T02:12:06.031Z] batch=field-waveform-1789611126022-2 D6 MODE_SWITCH_OK state=MODE_SWITCH_OK attempts=1 streak=0
[2026-09-17T02:12:09.534Z] batch=field-waveform-1789611126022-2 D2 MODE_SWITCH_START state=MODE_SWITCHING attempts=1 streak=0 attempt=1
[2026-09-17T02:12:09.537Z] batch=field-waveform-1789611126022-2 D2 MODE_SWITCH_OK state=MODE_SWITCH_OK attempts=1 streak=0
[2026-09-17T02:12:09.538Z] batch=field-waveform-1789611126022-2 D3 MODE_SWITCH_START state=MODE_SWITCHING attempts=1 streak=0 attempt=1
[2026-09-17T02:12:09.539Z] batch=field-waveform-1789611126022-2 D3 MODE_SWITCH_OK state=MODE_SWITCH_OK attempts=1 streak=0
[2026-09-17T02:12:09.541Z] batch=field-waveform-1789611126022-2 D4 MODE_SWITCH_START state=MODE_SWITCHING attempts=1 streak=0 attempt=1
[2026-09-17T02:12:09.542Z] batch=field-waveform-1789611126022-2 D4 MODE_SWITCH_OK state=MODE_SWITCH_OK attempts=1 streak=0
[2026-09-17T02:12:09.543Z] batch=field-waveform-1789611126022-2 D5 MODE_SWITCH_START state=MODE_SWITCHING attempts=1 streak=0 attempt=1
[2026-09-17T02:12:09.545Z] batch=field-waveform-1789611126022-2 D5 MODE_SWITCH_OK state=MODE_SWITCH_OK attempts=1 streak=0
[2026-09-17T02:12:09.546Z] batch=field-waveform-1789611126022-2 D6 MODE_SWITCH_START state=MODE_SWITCHING attempts=1 streak=0 attempt=1
[2026-09-17T02:12:09.547Z] batch=field-waveform-1789611126022-2 D6 MODE_SWITCH_OK state=MODE_SWITCH_OK attempts=1 streak=0
[2026-09-17T02:12:11.512Z] batch=field-waveform-1789611126022-2 D1 MODE_SWITCH_START state=MODE_SWITCHING attempts=1 streak=0 attempt=1
[2026-09-17T02:12:11.514Z] batch=field-waveform-1789611126022-2 D1 MODE_SWITCH_OK state=MODE_SWITCH_OK attempts=1 streak=0
[2026-09-17T02:12:19.540Z] batch=field-waveform-1789611126022-2 D2 MODE_SWITCH_START state=MODE_SWITCHING attempts=1 streak=0 attempt=1
[2026-09-17T02:12:19.542Z] batch=field-waveform-1789611126022-2 D2 MODE_SWITCH_OK state=MODE_SWITCH_OK attempts=1 streak=0
[2026-09-17T02:12:19.544Z] batch=field-waveform-1789611126022-2 D3 MODE_SWITCH_START state=MODE_SWITCHING attempts=1 streak=0 attempt=1
[2026-09-17T02:12:19.545Z] batch=field-waveform-1789611126022-2 D3 MODE_SWITCH_OK state=MODE_SWITCH_OK attempts=1 streak=0
[2026-09-17T02:12:19.547Z] batch=field-waveform-1789611126022-2 D4 MODE_SWITCH_START state=MODE_SWITCHING attempts=1 streak=0 attempt=1
[2026-09-17T02:12:19.548Z] batch=field-waveform-1789611126022-2 D4 MODE_SWITCH_OK state=MODE_SWITCH_OK attempts=1 streak=0
[2026-09-17T02:12:19.549Z] batch=field-waveform-1789611126022-2 D5 MODE_SWITCH_START state=MODE_SWITCHING attempts=1 streak=0 attempt=1
[2026-09-17T02:12:19.550Z] batch=field-waveform-1789611126022-2 D5 MODE_SWITCH_OK state=MODE_SWITCH_OK attempts=1 streak=0
[2026-09-17T02:12:19.552Z] batch=field-waveform-1789611126022-2 D6 MODE_SWITCH_START state=MODE_SWITCHING attempts=1 streak=0 attempt=1
[2026-09-17T02:12:19.553Z] batch=field-waveform-1789611126022-2 D6 MODE_SWITCH_OK state=MODE_SWITCH_OK attempts=1 streak=0
[2026-09-17T02:12:21.523Z] batch=field-waveform-1789611126022-2 D1 MODE_SWITCH_START state=MODE_SWITCHING attempts=1 streak=0 attempt=1
[2026-09-17T02:12:21.527Z] batch=field-waveform-1789611126022-2 D1 MODE_SWITCH_OK state=MODE_SWITCH_OK attempts=1 streak=0
[2026-09-17T02:12:29.559Z] batch=field-waveform-1789611126022-2 D2 MODE_SWITCH_START state=MODE_SWITCHING attempts=1 streak=0 attempt=1
[2026-09-17T02:12:29.564Z] batch=field-waveform-1789611126022-2 D2 MODE_SWITCH_OK state=MODE_SWITCH_OK attempts=1 streak=0
[2026-09-17T02:12:29.568Z] batch=field-waveform-1789611126022-2 D3 MODE_SWITCH_START state=MODE_SWITCHING attempts=1 streak=0 attempt=1
[2026-09-17T02:12:29.572Z] batch=field-waveform-1789611126022-2 D3 MODE_SWITCH_OK state=MODE_SWITCH_OK attempts=1 streak=0
[2026-09-17T02:12:29.576Z] batch=field-waveform-1789611126022-2 D4 MODE_SWITCH_START state=MODE_SWITCHING attempts=1 streak=0 attempt=1
[2026-09-17T02:12:29.584Z] batch=field-waveform-1789611126022-2 D4 MODE_SWITCH_OK state=MODE_SWITCH_OK attempts=1 streak=0
[2026-09-17T02:12:29.587Z] batch=field-waveform-1789611126022-2 D5 MODE_SWITCH_START state=MODE_SWITCHING attempts=1 streak=0 attempt=1
[2026-09-17T02:12:29.591Z] batch=field-waveform-1789611126022-2 D5 MODE_SWITCH_OK state=MODE_SWITCH_OK attempts=1 streak=0
[2026-09-17T02:12:29.594Z] batch=field-waveform-1789611126022-2 D6 MODE_SWITCH_START state=MODE_SWITCHING attempts=1 streak=0 attempt=1
[2026-09-17T02:12:29.598Z] batch=field-waveform-1789611126022-2 D6 MODE_SWITCH_OK state=MODE_SWITCH_OK attempts=1 streak=0
[2026-09-17T02:12:31.538Z] batch=field-waveform-1789611126022-2 D1 MODE_SWITCH_START state=MODE_SWITCHING attempts=1 streak=0 attempt=1
[2026-09-17T02:12:31.540Z] batch=field-waveform-1789611126022-2 D1 MODE_SWITCH_OK state=MODE_SWITCH_OK attempts=1 streak=0
[2026-09-17T02:12:39.574Z] batch=field-waveform-1789611126022-2 D2 MODE_SWITCH_START state=MODE_SWITCHING attempts=1 streak=0 attempt=1
[2026-09-17T02:12:39.577Z] batch=field-waveform-1789611126022-2 D2 MODE_SWITCH_OK state=MODE_SWITCH_OK attempts=1 streak=0
[2026-09-17T02:12:39.579Z] batch=field-waveform-1789611126022-2 D3 MODE_SWITCH_START state=MODE_SWITCHING attempts=1 streak=0 attempt=1
[2026-09-17T02:12:39.581Z] batch=field-waveform-1789611126022-2 D3 MODE_SWITCH_OK state=MODE_SWITCH_OK attempts=1 streak=0
[2026-09-17T02:12:39.602Z] batch=field-waveform-1789611126022-2 D4 MODE_SWITCH_START state=MODE_SWITCHING attempts=1 streak=0 attempt=1
[2026-09-17T02:12:39.605Z] batch=field-waveform-1789611126022-2 D4 MODE_SWITCH_OK state=MODE_SWITCH_OK attempts=1 streak=0
[2026-09-17T02:12:39.607Z] batch=field-waveform-1789611126022-2 D5 MODE_SWITCH_START state=MODE_SWITCHING attempts=1 streak=0 attempt=1
[2026-09-17T02:12:39.608Z] batch=field-waveform-1789611126022-2 D5 MODE_SWITCH_OK state=MODE_SWITCH_OK attempts=1 streak=0
[2026-09-17T02:12:39.617Z] batch=field-waveform-1789611126022-2 D6 MODE_SWITCH_START state=MODE_SWITCHING attempts=1 streak=0 attempt=1
[2026-09-17T02:12:39.626Z] batch=field-waveform-1789611126022-2 D6 MODE_SWITCH_OK state=MODE_SWITCH_OK attempts=1 streak=0
[2026-09-17T02:12:41.548Z] batch=field-waveform-1789611126022-2 D1 MODE_SWITCH_START state=MODE_SWITCHING attempts=1 streak=0 attempt=1
[2026-09-17T02:12:41.550Z] batch=field-waveform-1789611126022-2 D1 MODE_SWITCH_OK state=MODE_SWITCH_OK attempts=1 streak=0
[2026-09-17T02:12:49.585Z] batch=field-waveform-1789611126022-2 D2 MODE_SWITCH_START state=MODE_SWITCHING attempts=1 streak=0 attempt=1
[2026-09-17T02:12:49.587Z] batch=field-waveform-1789611126022-2 D2 MODE_SWITCH_OK state=MODE_SWITCH_OK attempts=1 streak=0
[2026-09-17T02:12:49.588Z] batch=field-waveform-1789611126022-2 D3 MODE_SWITCH_START state=MODE_SWITCHING attempts=1 streak=0 attempt=1
[2026-09-17T02:12:49.593Z] batch=field-waveform-1789611126022-2 D3 MODE_SWITCH_OK state=MODE_SWITCH_OK attempts=1 streak=0
[2026-09-17T02:12:49.607Z] batch=field-waveform-1789611126022-2 D4 MODE_SWITCH_START state=MODE_SWITCHING attempts=1 streak=0 attempt=1
[2026-09-17T02:12:49.608Z] batch=field-waveform-1789611126022-2 D4 MODE_SWITCH_OK state=MODE_SWITCH_OK attempts=1 streak=0
[2026-09-17T02:12:49.612Z] batch=field-waveform-1789611126022-2 D5 MODE_SWITCH_START state=MODE_SWITCHING attempts=1 streak=0 attempt=1
[2026-09-17T02:12:49.613Z] batch=field-waveform-1789611126022-2 D5 MODE_SWITCH_OK state=MODE_SWITCH_OK attempts=1 streak=0
[2026-09-17T02:12:49.632Z] batch=field-waveform-1789611126022-2 D6 MODE_SWITCH_START state=MODE_SWITCHING attempts=1 streak=0 attempt=1
[2026-09-17T02:12:49.634Z] batch=field-waveform-1789611126022-2 D6 MODE_SWITCH_OK state=MODE_SWITCH_OK attempts=1 streak=0
[2026-09-17T02:12:51.555Z] batch=field-waveform-1789611126022-2 D1 MODE_SWITCH_START state=MODE_SWITCHING attempts=1 streak=0 attempt=1
[2026-09-17T02:12:51.557Z] batch=field-waveform-1789611126022-2 D1 MODE_SWITCH_OK state=MODE_SWITCH_OK attempts=1 streak=0
[2026-09-17T02:12:54.661Z] batch=field-waveform-1789611126022-2 D3 FIRST_FRAME state=FIRST_FRAME_RECEIVED attempts=1 streak=1
[2026-09-17T02:12:54.661Z] batch=field-waveform-1789611126022-2 D3 FIRST_VALID_SAMPLE state=FIRST_FRAME_RECEIVED attempts=1 streak=1
[2026-09-17T02:12:54.699Z] batch=field-waveform-1789611126022-2 D2 FIRST_FRAME state=FIRST_FRAME_RECEIVED attempts=1 streak=1
[2026-09-17T02:12:54.699Z] batch=field-waveform-1789611126022-2 D2 FIRST_VALID_SAMPLE state=FIRST_FRAME_RECEIVED attempts=1 streak=1
[2026-09-17T02:12:54.700Z] batch=field-waveform-1789611126022-2 D6 FIRST_FRAME state=FIRST_FRAME_RECEIVED attempts=1 streak=1
[2026-09-17T02:12:54.700Z] batch=field-waveform-1789611126022-2 D6 FIRST_VALID_SAMPLE state=FIRST_FRAME_RECEIVED attempts=1 streak=1
[2026-09-17T02:12:54.702Z] batch=field-waveform-1789611126022-2 D4 FIRST_FRAME state=FIRST_FRAME_RECEIVED attempts=1 streak=1
[2026-09-17T02:12:54.702Z] batch=field-waveform-1789611126022-2 D4 FIRST_VALID_SAMPLE state=FIRST_FRAME_RECEIVED attempts=1 streak=1
[2026-09-17T02:12:54.703Z] batch=field-waveform-1789611126022-2 D5 FIRST_FRAME state=FIRST_FRAME_RECEIVED attempts=1 streak=1
[2026-09-17T02:12:54.704Z] batch=field-waveform-1789611126022-2 D5 FIRST_VALID_SAMPLE state=FIRST_FRAME_RECEIVED attempts=1 streak=1
[2026-09-17T02:12:54.921Z] batch=field-waveform-1789611126022-2 D3 CHANNEL_SYNC_OK state=TEST_READY attempts=1 streak=5
[2026-09-17T02:12:54.921Z] batch=field-waveform-1789611126022-2 D3 TEST_READY state=TEST_READY attempts=1 streak=5
[2026-09-17T02:12:54.926Z] batch=field-waveform-1789611126022-2 D2 CHANNEL_SYNC_OK state=TEST_READY attempts=1 streak=5
[2026-09-17T02:12:54.927Z] batch=field-waveform-1789611126022-2 D2 TEST_READY state=TEST_READY attempts=1 streak=5
[2026-09-17T02:12:54.930Z] batch=field-waveform-1789611126022-2 D6 CHANNEL_SYNC_OK state=TEST_READY attempts=1 streak=5
[2026-09-17T02:12:54.930Z] batch=field-waveform-1789611126022-2 D6 TEST_READY state=TEST_READY attempts=1 streak=5
[2026-09-17T02:12:54.960Z] batch=field-waveform-1789611126022-2 D4 CHANNEL_SYNC_OK state=TEST_READY attempts=1 streak=5
[2026-09-17T02:12:54.960Z] batch=field-waveform-1789611126022-2 D4 TEST_READY state=TEST_READY attempts=1 streak=5
[2026-09-17T02:12:54.961Z] batch=field-waveform-1789611126022-2 D5 CHANNEL_SYNC_OK state=TEST_READY attempts=1 streak=5
[2026-09-17T02:12:54.961Z] batch=field-waveform-1789611126022-2 D5 TEST_READY state=TEST_READY attempts=1 streak=5
[2026-09-17T02:12:56.603Z] batch=field-waveform-1789611126022-2 D1 FIRST_FRAME state=FIRST_FRAME_RECEIVED attempts=1 streak=1
[2026-09-17T02:12:56.603Z] batch=field-waveform-1789611126022-2 D1 FIRST_VALID_SAMPLE state=FIRST_FRAME_RECEIVED attempts=1 streak=1
[2026-09-17T02:12:56.854Z] batch=field-waveform-1789611126022-2 D1 CHANNEL_SYNC_OK state=TEST_READY attempts=1 streak=5
[2026-09-17T02:12:56.855Z] batch=field-waveform-1789611126022-2 D1 TEST_READY state=TEST_READY attempts=1 streak=5
[2026-09-17T02:14:04.492Z] batch=field-waveform-1789611126022-2 D4 MODE_SWITCH_START state=MODE_SWITCHING attempts=1 streak=0 attempt=1
[2026-09-17T02:14:04.495Z] batch=field-waveform-1789611126022-2 D4 MODE_SWITCH_OK state=MODE_SWITCH_OK attempts=1 streak=0
[2026-09-17T02:14:04.497Z] batch=field-waveform-1789611126022-2 D3 MODE_SWITCH_START state=MODE_SWITCHING attempts=1 streak=0 attempt=1
[2026-09-17T02:14:04.503Z] batch=field-waveform-1789611126022-2 D3 MODE_SWITCH_OK state=MODE_SWITCH_OK attempts=1 streak=0
[2026-09-17T02:14:04.506Z] batch=field-waveform-1789611126022-2 D1 MODE_SWITCH_START state=MODE_SWITCHING attempts=1 streak=0 attempt=1
[2026-09-17T02:14:04.507Z] batch=field-waveform-1789611126022-2 D1 MODE_SWITCH_OK state=MODE_SWITCH_OK attempts=1 streak=0
[2026-09-17T02:14:04.628Z] batch=field-waveform-1789611126022-2 D5 MODE_SWITCH_START state=MODE_SWITCHING attempts=1 streak=0 attempt=1
[2026-09-17T02:14:04.629Z] batch=field-waveform-1789611126022-2 D5 MODE_SWITCH_OK state=MODE_SWITCH_OK attempts=1 streak=0
[2026-09-17T02:14:04.631Z] batch=field-waveform-1789611126022-2 D2 MODE_SWITCH_START state=MODE_SWITCHING attempts=1 streak=0 attempt=1
[2026-09-17T02:14:04.637Z] batch=field-waveform-1789611126022-2 D2 MODE_SWITCH_OK state=MODE_SWITCH_OK attempts=1 streak=0
[2026-09-17T02:14:04.639Z] batch=field-waveform-1789611126022-2 D6 MODE_SWITCH_START state=MODE_SWITCHING attempts=1 streak=0 attempt=1
[2026-09-17T02:14:04.640Z] batch=field-waveform-1789611126022-2 D6 MODE_SWITCH_OK state=MODE_SWITCH_OK attempts=1 streak=0
[2026-09-17T02:14:10.045Z] batch=field-waveform-1789611250043-3 D1 MODE_SWITCH_START state=MODE_SWITCHING attempts=1 streak=0 attempt=1
[2026-09-17T02:14:10.046Z] batch=field-waveform-1789611250043-3 D2 MODE_SWITCH_START state=MODE_SWITCHING attempts=1 streak=0 attempt=1
[2026-09-17T02:14:10.047Z] batch=field-waveform-1789611250043-3 D3 MODE_SWITCH_START state=MODE_SWITCHING attempts=1 streak=0 attempt=1
[2026-09-17T02:14:10.049Z] batch=field-waveform-1789611250043-3 D4 MODE_SWITCH_START state=MODE_SWITCHING attempts=1 streak=0 attempt=1
[2026-09-17T02:14:10.050Z] batch=field-waveform-1789611250043-3 D5 MODE_SWITCH_START state=MODE_SWITCHING attempts=1 streak=0 attempt=1
[2026-09-17T02:14:10.051Z] batch=field-waveform-1789611250043-3 D6 MODE_SWITCH_START state=MODE_SWITCHING attempts=1 streak=0 attempt=1
[2026-09-17T02:14:10.056Z] batch=field-waveform-1789611250043-3 D1 MODE_SWITCH_OK state=MODE_SWITCH_OK attempts=1 streak=0
[2026-09-17T02:14:10.058Z] batch=field-waveform-1789611250043-3 D2 MODE_SWITCH_OK state=MODE_SWITCH_OK attempts=1 streak=0
[2026-09-17T02:14:10.059Z] batch=field-waveform-1789611250043-3 D3 MODE_SWITCH_OK state=MODE_SWITCH_OK attempts=1 streak=0
[2026-09-17T02:14:10.061Z] batch=field-waveform-1789611250043-3 D4 MODE_SWITCH_OK state=MODE_SWITCH_OK attempts=1 streak=0
[2026-09-17T02:14:10.063Z] batch=field-waveform-1789611250043-3 D5 MODE_SWITCH_OK state=MODE_SWITCH_OK attempts=1 streak=0
[2026-09-17T02:14:10.066Z] batch=field-waveform-1789611250043-3 D6 MODE_SWITCH_OK state=MODE_SWITCH_OK attempts=1 streak=0
[2026-09-17T02:14:14.515Z] batch=field-waveform-1789611250043-3 D4 MODE_SWITCH_START state=MODE_SWITCHING attempts=1 streak=0 attempt=1
[2026-09-17T02:14:14.520Z] batch=field-waveform-1789611250043-3 D4 MODE_SWITCH_OK state=MODE_SWITCH_OK attempts=1 streak=0
[2026-09-17T02:14:14.525Z] batch=field-waveform-1789611250043-3 D3 MODE_SWITCH_START state=MODE_SWITCHING attempts=1 streak=0 attempt=1
[2026-09-17T02:14:14.543Z] batch=field-waveform-1789611250043-3 D3 MODE_SWITCH_OK state=MODE_SWITCH_OK attempts=1 streak=0
[2026-09-17T02:14:14.549Z] batch=field-waveform-1789611250043-3 D1 MODE_SWITCH_START state=MODE_SWITCHING attempts=1 streak=0 attempt=1
[2026-09-17T02:14:14.553Z] batch=field-waveform-1789611250043-3 D1 MODE_SWITCH_OK state=MODE_SWITCH_OK attempts=1 streak=0
[2026-09-17T02:14:14.641Z] batch=field-waveform-1789611250043-3 D5 MODE_SWITCH_START state=MODE_SWITCHING attempts=1 streak=0 attempt=1
[2026-09-17T02:14:14.642Z] batch=field-waveform-1789611250043-3 D5 MODE_SWITCH_OK state=MODE_SWITCH_OK attempts=1 streak=0
[2026-09-17T02:14:14.643Z] batch=field-waveform-1789611250043-3 D2 MODE_SWITCH_START state=MODE_SWITCHING attempts=1 streak=0 attempt=1
[2026-09-17T02:14:14.645Z] batch=field-waveform-1789611250043-3 D2 MODE_SWITCH_OK state=MODE_SWITCH_OK attempts=1 streak=0
[2026-09-17T02:14:14.646Z] batch=field-waveform-1789611250043-3 D6 MODE_SWITCH_START state=MODE_SWITCHING attempts=1 streak=0 attempt=1
[2026-09-17T02:14:14.647Z] batch=field-waveform-1789611250043-3 D6 MODE_SWITCH_OK state=MODE_SWITCH_OK attempts=1 streak=0
[2026-09-17T02:14:24.524Z] batch=field-waveform-1789611250043-3 D4 MODE_SWITCH_START state=MODE_SWITCHING attempts=1 streak=0 attempt=1
[2026-09-17T02:14:24.528Z] batch=field-waveform-1789611250043-3 D4 MODE_SWITCH_OK state=MODE_SWITCH_OK attempts=1 streak=0
[2026-09-17T02:14:24.553Z] batch=field-waveform-1789611250043-3 D3 MODE_SWITCH_START state=MODE_SWITCHING attempts=1 streak=0 attempt=1
[2026-09-17T02:14:24.559Z] batch=field-waveform-1789611250043-3 D3 MODE_SWITCH_OK state=MODE_SWITCH_OK attempts=1 streak=0
[2026-09-17T02:14:24.563Z] batch=field-waveform-1789611250043-3 D1 MODE_SWITCH_START state=MODE_SWITCHING attempts=1 streak=0 attempt=1
[2026-09-17T02:14:24.568Z] batch=field-waveform-1789611250043-3 D1 MODE_SWITCH_OK state=MODE_SWITCH_OK attempts=1 streak=0
[2026-09-17T02:14:24.659Z] batch=field-waveform-1789611250043-3 D5 MODE_SWITCH_START state=MODE_SWITCHING attempts=1 streak=0 attempt=1
[2026-09-17T02:14:24.678Z] batch=field-waveform-1789611250043-3 D5 MODE_SWITCH_OK state=MODE_SWITCH_OK attempts=1 streak=0
[2026-09-17T02:14:24.692Z] batch=field-waveform-1789611250043-3 D2 MODE_SWITCH_START state=MODE_SWITCHING attempts=1 streak=0 attempt=1
[2026-09-17T02:14:24.707Z] batch=field-waveform-1789611250043-3 D2 MODE_SWITCH_OK state=MODE_SWITCH_OK attempts=1 streak=0
[2026-09-17T02:14:24.709Z] batch=field-waveform-1789611250043-3 D6 MODE_SWITCH_START state=MODE_SWITCHING attempts=1 streak=0 attempt=1
[2026-09-17T02:14:24.711Z] batch=field-waveform-1789611250043-3 D6 MODE_SWITCH_OK state=MODE_SWITCH_OK attempts=1 streak=0
[2026-09-17T02:14:34.533Z] batch=field-waveform-1789611250043-3 D4 MODE_SWITCH_START state=MODE_SWITCHING attempts=1 streak=0 attempt=1
[2026-09-17T02:14:34.534Z] batch=field-waveform-1789611250043-3 D4 MODE_SWITCH_OK state=MODE_SWITCH_OK attempts=1 streak=0
[2026-09-17T02:14:34.564Z] batch=field-waveform-1789611250043-3 D3 MODE_SWITCH_START state=MODE_SWITCHING attempts=1 streak=0 attempt=1
[2026-09-17T02:14:34.568Z] batch=field-waveform-1789611250043-3 D3 MODE_SWITCH_OK state=MODE_SWITCH_OK attempts=1 streak=0
[2026-09-17T02:14:34.575Z] batch=field-waveform-1789611250043-3 D1 MODE_SWITCH_START state=MODE_SWITCHING attempts=1 streak=0 attempt=1
[2026-09-17T02:14:34.583Z] batch=field-waveform-1789611250043-3 D1 MODE_SWITCH_OK state=MODE_SWITCH_OK attempts=1 streak=0
[2026-09-17T02:14:34.702Z] batch=field-waveform-1789611250043-3 D5 MODE_SWITCH_START state=MODE_SWITCHING attempts=1 streak=0 attempt=1
[2026-09-17T02:14:34.713Z] batch=field-waveform-1789611250043-3 D5 MODE_SWITCH_OK state=MODE_SWITCH_OK attempts=1 streak=0
[2026-09-17T02:14:34.720Z] batch=field-waveform-1789611250043-3 D2 MODE_SWITCH_START state=MODE_SWITCHING attempts=1 streak=0 attempt=1
[2026-09-17T02:14:34.725Z] batch=field-waveform-1789611250043-3 D2 MODE_SWITCH_OK state=MODE_SWITCH_OK attempts=1 streak=0
[2026-09-17T02:14:34.728Z] batch=field-waveform-1789611250043-3 D6 MODE_SWITCH_START state=MODE_SWITCHING attempts=1 streak=0 attempt=1
[2026-09-17T02:14:34.731Z] batch=field-waveform-1789611250043-3 D6 MODE_SWITCH_OK state=MODE_SWITCH_OK attempts=1 streak=0
[2026-09-17T02:14:44.539Z] batch=field-waveform-1789611250043-3 D4 MODE_SWITCH_START state=MODE_SWITCHING attempts=1 streak=0 attempt=1
[2026-09-17T02:14:44.541Z] batch=field-waveform-1789611250043-3 D4 MODE_SWITCH_OK state=MODE_SWITCH_OK attempts=1 streak=0
[2026-09-17T02:14:44.579Z] batch=field-waveform-1789611250043-3 D3 MODE_SWITCH_START state=MODE_SWITCHING attempts=1 streak=0 attempt=1
[2026-09-17T02:14:44.581Z] batch=field-waveform-1789611250043-3 D3 MODE_SWITCH_OK state=MODE_SWITCH_OK attempts=1 streak=0
[2026-09-17T02:14:44.585Z] batch=field-waveform-1789611250043-3 D1 MODE_SWITCH_START state=MODE_SWITCHING attempts=1 streak=0 attempt=1
[2026-09-17T02:14:44.588Z] batch=field-waveform-1789611250043-3 D1 MODE_SWITCH_OK state=MODE_SWITCH_OK attempts=1 streak=0
[2026-09-17T02:14:44.717Z] batch=field-waveform-1789611250043-3 D5 MODE_SWITCH_START state=MODE_SWITCHING attempts=1 streak=0 attempt=1
[2026-09-17T02:14:44.719Z] batch=field-waveform-1789611250043-3 D5 MODE_SWITCH_OK state=MODE_SWITCH_OK attempts=1 streak=0
[2026-09-17T02:14:44.739Z] batch=field-waveform-1789611250043-3 D2 MODE_SWITCH_START state=MODE_SWITCHING attempts=1 streak=0 attempt=1
[2026-09-17T02:14:44.740Z] batch=field-waveform-1789611250043-3 D2 MODE_SWITCH_OK state=MODE_SWITCH_OK attempts=1 streak=0
[2026-09-17T02:14:44.741Z] batch=field-waveform-1789611250043-3 D6 MODE_SWITCH_START state=MODE_SWITCHING attempts=1 streak=0 attempt=1
[2026-09-17T02:14:44.747Z] batch=field-waveform-1789611250043-3 D6 MODE_SWITCH_OK state=MODE_SWITCH_OK attempts=1 streak=0
[2026-09-17T02:14:54.552Z] batch=field-waveform-1789611250043-3 D4 MODE_SWITCH_START state=MODE_SWITCHING attempts=1 streak=0 attempt=1
[2026-09-17T02:14:54.556Z] batch=field-waveform-1789611250043-3 D4 MODE_SWITCH_OK state=MODE_SWITCH_OK attempts=1 streak=0
[2026-09-17T02:14:54.587Z] batch=field-waveform-1789611250043-3 D3 MODE_SWITCH_START state=MODE_SWITCHING attempts=1 streak=0 attempt=1
[2026-09-17T02:14:54.589Z] batch=field-waveform-1789611250043-3 D3 MODE_SWITCH_OK state=MODE_SWITCH_OK attempts=1 streak=0
[2026-09-17T02:14:54.590Z] batch=field-waveform-1789611250043-3 D1 MODE_SWITCH_START state=MODE_SWITCHING attempts=1 streak=0 attempt=1
[2026-09-17T02:14:54.591Z] batch=field-waveform-1789611250043-3 D1 MODE_SWITCH_OK state=MODE_SWITCH_OK attempts=1 streak=0
[2026-09-17T02:14:54.721Z] batch=field-waveform-1789611250043-3 D5 MODE_SWITCH_START state=MODE_SWITCHING attempts=1 streak=0 attempt=1
[2026-09-17T02:14:54.722Z] batch=field-waveform-1789611250043-3 D5 MODE_SWITCH_OK state=MODE_SWITCH_OK attempts=1 streak=0
[2026-09-17T02:14:54.748Z] batch=field-waveform-1789611250043-3 D2 MODE_SWITCH_START state=MODE_SWITCHING attempts=1 streak=0 attempt=1
[2026-09-17T02:14:54.755Z] batch=field-waveform-1789611250043-3 D2 MODE_SWITCH_OK state=MODE_SWITCH_OK attempts=1 streak=0
[2026-09-17T02:14:54.757Z] batch=field-waveform-1789611250043-3 D6 MODE_SWITCH_START state=MODE_SWITCHING attempts=1 streak=0 attempt=1
[2026-09-17T02:14:54.759Z] batch=field-waveform-1789611250043-3 D6 MODE_SWITCH_OK state=MODE_SWITCH_OK attempts=1 streak=0
[2026-09-17T02:15:04.566Z] batch=field-waveform-1789611250043-3 D4 MODE_SWITCH_START state=MODE_SWITCHING attempts=1 streak=0 attempt=1
[2026-09-17T02:15:04.568Z] batch=field-waveform-1789611250043-3 D4 MODE_SWITCH_OK state=MODE_SWITCH_OK attempts=1 streak=0
[2026-09-17T02:15:04.594Z] batch=field-waveform-1789611250043-3 D3 MODE_SWITCH_START state=MODE_SWITCHING attempts=1 streak=0 attempt=1
[2026-09-17T02:15:04.598Z] batch=field-waveform-1789611250043-3 D3 MODE_SWITCH_OK state=MODE_SWITCH_OK attempts=1 streak=0
[2026-09-17T02:15:04.600Z] batch=field-waveform-1789611250043-3 D1 MODE_SWITCH_START state=MODE_SWITCHING attempts=1 streak=0 attempt=1
[2026-09-17T02:15:04.601Z] batch=field-waveform-1789611250043-3 D1 MODE_SWITCH_OK state=MODE_SWITCH_OK attempts=1 streak=0
[2026-09-17T02:15:04.749Z] batch=field-waveform-1789611250043-3 D5 MODE_SWITCH_START state=MODE_SWITCHING attempts=1 streak=0 attempt=1
[2026-09-17T02:15:04.753Z] batch=field-waveform-1789611250043-3 D5 MODE_SWITCH_OK state=MODE_SWITCH_OK attempts=1 streak=0
[2026-09-17T02:15:04.766Z] batch=field-waveform-1789611250043-3 D2 MODE_SWITCH_START state=MODE_SWITCHING attempts=1 streak=0 attempt=1
[2026-09-17T02:15:04.768Z] batch=field-waveform-1789611250043-3 D2 MODE_SWITCH_OK state=MODE_SWITCH_OK attempts=1 streak=0
[2026-09-17T02:15:04.769Z] batch=field-waveform-1789611250043-3 D6 MODE_SWITCH_START state=MODE_SWITCHING attempts=1 streak=0 attempt=1
[2026-09-17T02:15:04.770Z] batch=field-waveform-1789611250043-3 D6 MODE_SWITCH_OK state=MODE_SWITCH_OK attempts=1 streak=0
[2026-09-17T02:15:04.803Z] batch=field-waveform-1789611250043-3 D2 FIRST_FRAME state=FIRST_FRAME_RECEIVED attempts=1 streak=1
[2026-09-17T02:15:04.805Z] batch=field-waveform-1789611250043-3 D2 FIRST_VALID_SAMPLE state=FIRST_FRAME_RECEIVED attempts=1 streak=1
[2026-09-17T02:15:04.807Z] batch=field-waveform-1789611250043-3 D6 FIRST_FRAME state=FIRST_FRAME_RECEIVED attempts=1 streak=1
[2026-09-17T02:15:04.807Z] batch=field-waveform-1789611250043-3 D6 FIRST_VALID_SAMPLE state=FIRST_FRAME_RECEIVED attempts=1 streak=1
[2026-09-17T02:15:09.635Z] batch=field-waveform-1789611250043-3 D4 FIRST_FRAME state=FIRST_FRAME_RECEIVED attempts=1 streak=1
[2026-09-17T02:15:09.635Z] batch=field-waveform-1789611250043-3 D4 FIRST_VALID_SAMPLE state=FIRST_FRAME_RECEIVED attempts=1 streak=1
[2026-09-17T02:15:09.640Z] batch=field-waveform-1789611250043-3 D3 FIRST_FRAME state=FIRST_FRAME_RECEIVED attempts=1 streak=1
[2026-09-17T02:15:09.640Z] batch=field-waveform-1789611250043-3 D3 FIRST_VALID_SAMPLE state=FIRST_FRAME_RECEIVED attempts=1 streak=1
[2026-09-17T02:15:09.644Z] batch=field-waveform-1789611250043-3 D1 FIRST_FRAME state=FIRST_FRAME_RECEIVED attempts=1 streak=1
[2026-09-17T02:15:09.645Z] batch=field-waveform-1789611250043-3 D1 FIRST_VALID_SAMPLE state=FIRST_FRAME_RECEIVED attempts=1 streak=1
[2026-09-17T02:15:09.810Z] batch=field-waveform-1789611250043-3 D5 FIRST_FRAME state=FIRST_FRAME_RECEIVED attempts=1 streak=1
[2026-09-17T02:15:09.810Z] batch=field-waveform-1789611250043-3 D5 FIRST_VALID_SAMPLE state=FIRST_FRAME_RECEIVED attempts=1 streak=1
[2026-09-17T02:15:09.881Z] batch=field-waveform-1789611250043-3 D4 CHANNEL_SYNC_OK state=TEST_READY attempts=1 streak=5
[2026-09-17T02:15:09.882Z] batch=field-waveform-1789611250043-3 D4 TEST_READY state=TEST_READY attempts=1 streak=5
[2026-09-17T02:15:09.891Z] batch=field-waveform-1789611250043-3 D3 CHANNEL_SYNC_OK state=TEST_READY attempts=1 streak=5
[2026-09-17T02:15:09.891Z] batch=field-waveform-1789611250043-3 D3 TEST_READY state=TEST_READY attempts=1 streak=5
[2026-09-17T02:15:09.897Z] batch=field-waveform-1789611250043-3 D1 CHANNEL_SYNC_OK state=TEST_READY attempts=1 streak=5
[2026-09-17T02:15:09.898Z] batch=field-waveform-1789611250043-3 D1 TEST_READY state=TEST_READY attempts=1 streak=5
[2026-09-17T02:15:10.037Z] batch=field-waveform-1789611250043-3 D2 CHANNEL_SYNC_OK state=TEST_READY attempts=1 streak=5
[2026-09-17T02:15:10.038Z] batch=field-waveform-1789611250043-3 D2 TEST_READY state=TEST_READY attempts=1 streak=5
[2026-09-17T02:15:10.039Z] batch=field-waveform-1789611250043-3 D6 CHANNEL_SYNC_OK state=TEST_READY attempts=1 streak=5
[2026-09-17T02:15:10.040Z] batch=field-waveform-1789611250043-3 D6 TEST_READY state=TEST_READY attempts=1 streak=5
[2026-09-17T02:15:10.050Z] batch=field-waveform-1789611250043-3 D5 CHANNEL_SYNC_OK state=TEST_READY attempts=1 streak=5
[2026-09-17T02:15:10.050Z] batch=field-waveform-1789611250043-3 D5 TEST_READY state=TEST_READY attempts=1 streak=5
[2026-09-17T02:16:02.087Z] batch=field-waveform-1789611250043-3 D4 MODE_SWITCH_START state=MODE_SWITCHING attempts=1 streak=0 attempt=1
[2026-09-17T02:16:02.090Z] batch=field-waveform-1789611250043-3 D4 MODE_SWITCH_OK state=MODE_SWITCH_OK attempts=1 streak=0
[2026-09-17T02:16:02.093Z] batch=field-waveform-1789611250043-3 D3 MODE_SWITCH_START state=MODE_SWITCHING attempts=1 streak=0 attempt=1
[2026-09-17T02:16:02.094Z] batch=field-waveform-1789611250043-3 D3 MODE_SWITCH_OK state=MODE_SWITCH_OK attempts=1 streak=0
[2026-09-17T02:16:02.098Z] batch=field-waveform-1789611250043-3 D2 MODE_SWITCH_START state=MODE_SWITCHING attempts=1 streak=0 attempt=1
[2026-09-17T02:16:02.099Z] batch=field-waveform-1789611250043-3 D2 MODE_SWITCH_OK state=MODE_SWITCH_OK attempts=1 streak=0
[2026-09-17T02:16:02.104Z] batch=field-waveform-1789611250043-3 D6 MODE_SWITCH_START state=MODE_SWITCHING attempts=1 streak=0 attempt=1
[2026-09-17T02:16:02.105Z] batch=field-waveform-1789611250043-3 D6 MODE_SWITCH_OK state=MODE_SWITCH_OK attempts=1 streak=0
[2026-09-17T02:16:02.108Z] batch=field-waveform-1789611250043-3 D5 MODE_SWITCH_START state=MODE_SWITCHING attempts=1 streak=0 attempt=1
[2026-09-17T02:16:02.109Z] batch=field-waveform-1789611250043-3 D5 MODE_SWITCH_OK state=MODE_SWITCH_OK attempts=1 streak=0
[2026-09-17T02:16:02.112Z] batch=field-waveform-1789611250043-3 D1 MODE_SWITCH_START state=MODE_SWITCHING attempts=1 streak=0 attempt=1
[2026-09-17T02:16:02.113Z] batch=field-waveform-1789611250043-3 D1 MODE_SWITCH_OK state=MODE_SWITCH_OK attempts=1 streak=0
[2026-09-17T02:16:12.327Z] batch=field-waveform-1789611250043-3 D4 MODE_SWITCH_START state=MODE_SWITCHING attempts=1 streak=0 attempt=1
[2026-09-17T02:16:12.329Z] batch=field-waveform-1789611250043-3 D4 MODE_SWITCH_OK state=MODE_SWITCH_OK attempts=1 streak=0
[2026-09-17T02:16:12.332Z] batch=field-waveform-1789611250043-3 D3 MODE_SWITCH_START state=MODE_SWITCHING attempts=1 streak=0 attempt=1
[2026-09-17T02:16:12.333Z] batch=field-waveform-1789611250043-3 D3 MODE_SWITCH_OK state=MODE_SWITCH_OK attempts=1 streak=0
[2026-09-17T02:16:12.336Z] batch=field-waveform-1789611250043-3 D2 MODE_SWITCH_START state=MODE_SWITCHING attempts=1 streak=0 attempt=1
[2026-09-17T02:16:12.337Z] batch=field-waveform-1789611250043-3 D2 MODE_SWITCH_OK state=MODE_SWITCH_OK attempts=1 streak=0
[2026-09-17T02:16:12.340Z] batch=field-waveform-1789611250043-3 D6 MODE_SWITCH_START state=MODE_SWITCHING attempts=1 streak=0 attempt=1
[2026-09-17T02:16:12.342Z] batch=field-waveform-1789611250043-3 D6 MODE_SWITCH_OK state=MODE_SWITCH_OK attempts=1 streak=0
[2026-09-17T02:16:12.345Z] batch=field-waveform-1789611250043-3 D5 MODE_SWITCH_START state=MODE_SWITCHING attempts=1 streak=0 attempt=1
[2026-09-17T02:16:12.346Z] batch=field-waveform-1789611250043-3 D5 MODE_SWITCH_OK state=MODE_SWITCH_OK attempts=1 streak=0
[2026-09-17T02:16:12.348Z] batch=field-waveform-1789611250043-3 D1 MODE_SWITCH_START state=MODE_SWITCHING attempts=1 streak=0 attempt=1
[2026-09-17T02:16:12.351Z] batch=field-waveform-1789611250043-3 D1 MODE_SWITCH_OK state=MODE_SWITCH_OK attempts=1 streak=0
[2026-09-17T02:16:22.416Z] batch=field-waveform-1789611250043-3 D4 MODE_SWITCH_START state=MODE_SWITCHING attempts=1 streak=0 attempt=1
[2026-09-17T02:16:22.418Z] batch=field-waveform-1789611250043-3 D4 MODE_SWITCH_OK state=MODE_SWITCH_OK attempts=1 streak=0
[2026-09-17T02:16:22.424Z] batch=field-waveform-1789611250043-3 D3 MODE_SWITCH_START state=MODE_SWITCHING attempts=1 streak=0 attempt=1
[2026-09-17T02:16:22.425Z] batch=field-waveform-1789611250043-3 D3 MODE_SWITCH_OK state=MODE_SWITCH_OK attempts=1 streak=0
[2026-09-17T02:16:22.429Z] batch=field-waveform-1789611250043-3 D2 MODE_SWITCH_START state=MODE_SWITCHING attempts=1 streak=0 attempt=1
[2026-09-17T02:16:22.432Z] batch=field-waveform-1789611250043-3 D2 MODE_SWITCH_OK state=MODE_SWITCH_OK attempts=1 streak=0
[2026-09-17T02:16:22.436Z] batch=field-waveform-1789611250043-3 D6 MODE_SWITCH_START state=MODE_SWITCHING attempts=1 streak=0 attempt=1
[2026-09-17T02:16:22.438Z] batch=field-waveform-1789611250043-3 D6 MODE_SWITCH_OK state=MODE_SWITCH_OK attempts=1 streak=0
[2026-09-17T02:16:22.441Z] batch=field-waveform-1789611250043-3 D5 MODE_SWITCH_START state=MODE_SWITCHING attempts=1 streak=0 attempt=1
[2026-09-17T02:16:22.443Z] batch=field-waveform-1789611250043-3 D5 MODE_SWITCH_OK state=MODE_SWITCH_OK attempts=1 streak=0
[2026-09-17T02:16:22.445Z] batch=field-waveform-1789611250043-3 D1 MODE_SWITCH_START state=MODE_SWITCHING attempts=1 streak=0 attempt=1
[2026-09-17T02:16:22.447Z] batch=field-waveform-1789611250043-3 D1 MODE_SWITCH_OK state=MODE_SWITCH_OK attempts=1 streak=0
[2026-09-17T02:16:32.580Z] batch=field-waveform-1789611250043-3 D4 MODE_SWITCH_START state=MODE_SWITCHING attempts=1 streak=0 attempt=1
[2026-09-17T02:16:32.614Z] batch=field-waveform-1789611250043-3 D4 MODE_SWITCH_OK state=MODE_SWITCH_OK attempts=1 streak=0
[2026-09-17T02:16:32.618Z] batch=field-waveform-1789611250043-3 D3 MODE_SWITCH_START state=MODE_SWITCHING attempts=1 streak=0 attempt=1
[2026-09-17T02:16:32.624Z] batch=field-waveform-1789611250043-3 D3 MODE_SWITCH_OK state=MODE_SWITCH_OK attempts=1 streak=0
[2026-09-17T02:16:32.629Z] batch=field-waveform-1789611250043-3 D2 MODE_SWITCH_START state=MODE_SWITCHING attempts=1 streak=0 attempt=1
[2026-09-17T02:16:32.632Z] batch=field-waveform-1789611250043-3 D2 MODE_SWITCH_OK state=MODE_SWITCH_OK attempts=1 streak=0
[2026-09-17T02:16:32.636Z] batch=field-waveform-1789611250043-3 D6 MODE_SWITCH_START state=MODE_SWITCHING attempts=1 streak=0 attempt=1
[2026-09-17T02:16:32.642Z] batch=field-waveform-1789611250043-3 D6 MODE_SWITCH_OK state=MODE_SWITCH_OK attempts=1 streak=0
[2026-09-17T02:16:32.646Z] batch=field-waveform-1789611250043-3 D5 MODE_SWITCH_START state=MODE_SWITCHING attempts=1 streak=0 attempt=1
[2026-09-17T02:16:32.648Z] batch=field-waveform-1789611250043-3 D5 MODE_SWITCH_OK state=MODE_SWITCH_OK attempts=1 streak=0
[2026-09-17T02:16:32.652Z] batch=field-waveform-1789611250043-3 D1 MODE_SWITCH_START state=MODE_SWITCHING attempts=1 streak=0 attempt=1
[2026-09-17T02:16:32.653Z] batch=field-waveform-1789611250043-3 D1 MODE_SWITCH_OK state=MODE_SWITCH_OK attempts=1 streak=0
[2026-09-17T02:16:42.724Z] batch=field-waveform-1789611250043-3 D4 MODE_SWITCH_START state=MODE_SWITCHING attempts=1 streak=0 attempt=1
[2026-09-17T02:16:42.726Z] batch=field-waveform-1789611250043-3 D4 MODE_SWITCH_OK state=MODE_SWITCH_OK attempts=1 streak=0
[2026-09-17T02:16:42.730Z] batch=field-waveform-1789611250043-3 D3 MODE_SWITCH_START state=MODE_SWITCHING attempts=1 streak=0 attempt=1
[2026-09-17T02:16:42.732Z] batch=field-waveform-1789611250043-3 D3 MODE_SWITCH_OK state=MODE_SWITCH_OK attempts=1 streak=0
[2026-09-17T02:16:42.735Z] batch=field-waveform-1789611250043-3 D2 MODE_SWITCH_START state=MODE_SWITCHING attempts=1 streak=0 attempt=1
[2026-09-17T02:16:42.736Z] batch=field-waveform-1789611250043-3 D2 MODE_SWITCH_OK state=MODE_SWITCH_OK attempts=1 streak=0
[2026-09-17T02:16:42.739Z] batch=field-waveform-1789611250043-3 D6 MODE_SWITCH_START state=MODE_SWITCHING attempts=1 streak=0 attempt=1
[2026-09-17T02:16:42.740Z] batch=field-waveform-1789611250043-3 D6 MODE_SWITCH_OK state=MODE_SWITCH_OK attempts=1 streak=0
[2026-09-17T02:16:42.743Z] batch=field-waveform-1789611250043-3 D5 MODE_SWITCH_START state=MODE_SWITCHING attempts=1 streak=0 attempt=1
[2026-09-17T02:16:42.744Z] batch=field-waveform-1789611250043-3 D5 MODE_SWITCH_OK state=MODE_SWITCH_OK attempts=1 streak=0
[2026-09-17T02:16:42.748Z] batch=field-waveform-1789611250043-3 D1 MODE_SWITCH_START state=MODE_SWITCHING attempts=1 streak=0 attempt=1
[2026-09-17T02:16:42.749Z] batch=field-waveform-1789611250043-3 D1 MODE_SWITCH_OK state=MODE_SWITCH_OK attempts=1 streak=0
[2026-09-17T02:16:52.791Z] batch=field-waveform-1789611250043-3 D4 MODE_SWITCH_START state=MODE_SWITCHING attempts=1 streak=0 attempt=1
[2026-09-17T02:16:52.796Z] batch=field-waveform-1789611250043-3 D4 MODE_SWITCH_OK state=MODE_SWITCH_OK attempts=1 streak=0
[2026-09-17T02:16:52.799Z] batch=field-waveform-1789611250043-3 D3 MODE_SWITCH_START state=MODE_SWITCHING attempts=1 streak=0 attempt=1
[2026-09-17T02:16:52.800Z] batch=field-waveform-1789611250043-3 D3 MODE_SWITCH_OK state=MODE_SWITCH_OK attempts=1 streak=0
[2026-09-17T02:16:52.804Z] batch=field-waveform-1789611250043-3 D2 MODE_SWITCH_START state=MODE_SWITCHING attempts=1 streak=0 attempt=1
[2026-09-17T02:16:52.805Z] batch=field-waveform-1789611250043-3 D2 MODE_SWITCH_OK state=MODE_SWITCH_OK attempts=1 streak=0
[2026-09-17T02:16:52.808Z] batch=field-waveform-1789611250043-3 D6 MODE_SWITCH_START state=MODE_SWITCHING attempts=1 streak=0 attempt=1
[2026-09-17T02:16:52.809Z] batch=field-waveform-1789611250043-3 D6 MODE_SWITCH_OK state=MODE_SWITCH_OK attempts=1 streak=0
[2026-09-17T02:16:52.812Z] batch=field-waveform-1789611250043-3 D5 MODE_SWITCH_START state=MODE_SWITCHING attempts=1 streak=0 attempt=1
[2026-09-17T02:16:52.814Z] batch=field-waveform-1789611250043-3 D5 MODE_SWITCH_OK state=MODE_SWITCH_OK attempts=1 streak=0
[2026-09-17T02:16:52.817Z] batch=field-waveform-1789611250043-3 D1 MODE_SWITCH_START state=MODE_SWITCHING attempts=1 streak=0 attempt=1
[2026-09-17T02:16:52.818Z] batch=field-waveform-1789611250043-3 D1 MODE_SWITCH_OK state=MODE_SWITCH_OK attempts=1 streak=0
[2026-09-17T02:17:02.867Z] batch=field-waveform-1789611250043-3 D4 MODE_SWITCH_START state=MODE_SWITCHING attempts=1 streak=0 attempt=1
[2026-09-17T02:17:02.869Z] batch=field-waveform-1789611250043-3 D4 MODE_SWITCH_OK state=MODE_SWITCH_OK attempts=1 streak=0
[2026-09-17T02:17:02.873Z] batch=field-waveform-1789611250043-3 D3 MODE_SWITCH_START state=MODE_SWITCHING attempts=1 streak=0 attempt=1
[2026-09-17T02:17:02.879Z] batch=field-waveform-1789611250043-3 D3 MODE_SWITCH_OK state=MODE_SWITCH_OK attempts=1 streak=0
[2026-09-17T02:17:02.883Z] batch=field-waveform-1789611250043-3 D2 MODE_SWITCH_START state=MODE_SWITCHING attempts=1 streak=0 attempt=1
[2026-09-17T02:17:02.884Z] batch=field-waveform-1789611250043-3 D2 MODE_SWITCH_OK state=MODE_SWITCH_OK attempts=1 streak=0
[2026-09-17T02:17:02.888Z] batch=field-waveform-1789611250043-3 D6 MODE_SWITCH_START state=MODE_SWITCHING attempts=1 streak=0 attempt=1
[2026-09-17T02:17:02.890Z] batch=field-waveform-1789611250043-3 D6 MODE_SWITCH_OK state=MODE_SWITCH_OK attempts=1 streak=0
[2026-09-17T02:17:02.899Z] batch=field-waveform-1789611250043-3 D5 MODE_SWITCH_START state=MODE_SWITCHING attempts=1 streak=0 attempt=1
[2026-09-17T02:17:02.901Z] batch=field-waveform-1789611250043-3 D5 MODE_SWITCH_OK state=MODE_SWITCH_OK attempts=1 streak=0
[2026-09-17T02:17:02.904Z] batch=field-waveform-1789611250043-3 D1 MODE_SWITCH_START state=MODE_SWITCHING attempts=1 streak=0 attempt=1
[2026-09-17T02:17:02.905Z] batch=field-waveform-1789611250043-3 D1 MODE_SWITCH_OK state=MODE_SWITCH_OK attempts=1 streak=0
[2026-09-17T02:17:13.070Z] batch=field-waveform-1789611250043-3 D4 MODE_SWITCH_START state=MODE_SWITCHING attempts=1 streak=0 attempt=1
[2026-09-17T02:17:13.073Z] batch=field-waveform-1789611250043-3 D4 MODE_SWITCH_OK state=MODE_SWITCH_OK attempts=1 streak=0
[2026-09-17T02:17:13.079Z] batch=field-waveform-1789611250043-3 D3 MODE_SWITCH_START state=MODE_SWITCHING attempts=1 streak=0 attempt=1
[2026-09-17T02:17:13.082Z] batch=field-waveform-1789611250043-3 D3 MODE_SWITCH_OK state=MODE_SWITCH_OK attempts=1 streak=0
[2026-09-17T02:17:13.090Z] batch=field-waveform-1789611250043-3 D2 MODE_SWITCH_START state=MODE_SWITCHING attempts=1 streak=0 attempt=1
[2026-09-17T02:17:13.095Z] batch=field-waveform-1789611250043-3 D2 MODE_SWITCH_OK state=MODE_SWITCH_OK attempts=1 streak=0
[2026-09-17T02:17:13.104Z] batch=field-waveform-1789611250043-3 D6 MODE_SWITCH_START state=MODE_SWITCHING attempts=1 streak=0 attempt=1
[2026-09-17T02:17:13.105Z] batch=field-waveform-1789611250043-3 D6 MODE_SWITCH_OK state=MODE_SWITCH_OK attempts=1 streak=0
[2026-09-17T02:17:13.110Z] batch=field-waveform-1789611250043-3 D5 MODE_SWITCH_START state=MODE_SWITCHING attempts=1 streak=0 attempt=1
[2026-09-17T02:17:13.112Z] batch=field-waveform-1789611250043-3 D5 MODE_SWITCH_OK state=MODE_SWITCH_OK attempts=1 streak=0
[2026-09-17T02:17:13.115Z] batch=field-waveform-1789611250043-3 D1 MODE_SWITCH_START state=MODE_SWITCHING attempts=1 streak=0 attempt=1
[2026-09-17T02:17:13.119Z] batch=field-waveform-1789611250043-3 D1 MODE_SWITCH_OK state=MODE_SWITCH_OK attempts=1 streak=0
[2026-09-17T02:17:23.123Z] batch=field-waveform-1789611250043-3 D4 MODE_SWITCH_START state=MODE_SWITCHING attempts=1 streak=0 attempt=1
[2026-09-17T02:17:23.126Z] batch=field-waveform-1789611250043-3 D4 MODE_SWITCH_OK state=MODE_SWITCH_OK attempts=1 streak=0
[2026-09-17T02:17:23.130Z] batch=field-waveform-1789611250043-3 D3 MODE_SWITCH_START state=MODE_SWITCHING attempts=1 streak=0 attempt=1
[2026-09-17T02:17:23.131Z] batch=field-waveform-1789611250043-3 D3 MODE_SWITCH_OK state=MODE_SWITCH_OK attempts=1 streak=0
[2026-09-17T02:17:23.134Z] batch=field-waveform-1789611250043-3 D2 MODE_SWITCH_START state=MODE_SWITCHING attempts=1 streak=0 attempt=1
[2026-09-17T02:17:23.135Z] batch=field-waveform-1789611250043-3 D2 MODE_SWITCH_OK state=MODE_SWITCH_OK attempts=1 streak=0
[2026-09-17T02:17:23.138Z] batch=field-waveform-1789611250043-3 D6 MODE_SWITCH_START state=MODE_SWITCHING attempts=1 streak=0 attempt=1
[2026-09-17T02:17:23.139Z] batch=field-waveform-1789611250043-3 D6 MODE_SWITCH_OK state=MODE_SWITCH_OK attempts=1 streak=0
[2026-09-17T02:17:23.142Z] batch=field-waveform-1789611250043-3 D5 MODE_SWITCH_START state=MODE_SWITCHING attempts=1 streak=0 attempt=1
[2026-09-17T02:17:23.143Z] batch=field-waveform-1789611250043-3 D5 MODE_SWITCH_OK state=MODE_SWITCH_OK attempts=1 streak=0
[2026-09-17T02:17:23.146Z] batch=field-waveform-1789611250043-3 D1 MODE_SWITCH_START state=MODE_SWITCHING attempts=1 streak=0 attempt=1
[2026-09-17T02:17:23.147Z] batch=field-waveform-1789611250043-3 D1 MODE_SWITCH_OK state=MODE_SWITCH_OK attempts=1 streak=0
[2026-09-17T02:17:33.263Z] batch=field-waveform-1789611250043-3 D4 MODE_SWITCH_START state=MODE_SWITCHING attempts=1 streak=0 attempt=1
[2026-09-17T02:17:33.267Z] batch=field-waveform-1789611250043-3 D4 MODE_SWITCH_OK state=MODE_SWITCH_OK attempts=1 streak=0
[2026-09-17T02:17:33.271Z] batch=field-waveform-1789611250043-3 D3 MODE_SWITCH_START state=MODE_SWITCHING attempts=1 streak=0 attempt=1
[2026-09-17T02:17:33.273Z] batch=field-waveform-1789611250043-3 D3 MODE_SWITCH_OK state=MODE_SWITCH_OK attempts=1 streak=0
[2026-09-17T02:17:33.277Z] batch=field-waveform-1789611250043-3 D2 MODE_SWITCH_START state=MODE_SWITCHING attempts=1 streak=0 attempt=1
[2026-09-17T02:17:33.279Z] batch=field-waveform-1789611250043-3 D2 MODE_SWITCH_OK state=MODE_SWITCH_OK attempts=1 streak=0
[2026-09-17T02:17:33.283Z] batch=field-waveform-1789611250043-3 D6 MODE_SWITCH_START state=MODE_SWITCHING attempts=1 streak=0 attempt=1
[2026-09-17T02:17:33.284Z] batch=field-waveform-1789611250043-3 D6 MODE_SWITCH_OK state=MODE_SWITCH_OK attempts=1 streak=0
[2026-09-17T02:17:33.287Z] batch=field-waveform-1789611250043-3 D5 MODE_SWITCH_START state=MODE_SWITCHING attempts=1 streak=0 attempt=1
[2026-09-17T02:17:33.289Z] batch=field-waveform-1789611250043-3 D5 MODE_SWITCH_OK state=MODE_SWITCH_OK attempts=1 streak=0
[2026-09-17T02:17:33.291Z] batch=field-waveform-1789611250043-3 D1 MODE_SWITCH_START state=MODE_SWITCHING attempts=1 streak=0 attempt=1
[2026-09-17T02:17:33.293Z] batch=field-waveform-1789611250043-3 D1 MODE_SWITCH_OK state=MODE_SWITCH_OK attempts=1 streak=0
[2026-09-17T02:17:43.508Z] batch=field-waveform-1789611250043-3 D4 MODE_SWITCH_START state=MODE_SWITCHING attempts=1 streak=0 attempt=1
[2026-09-17T02:17:43.510Z] batch=field-waveform-1789611250043-3 D4 MODE_SWITCH_OK state=MODE_SWITCH_OK attempts=1 streak=0
[2026-09-17T02:17:43.513Z] batch=field-waveform-1789611250043-3 D3 MODE_SWITCH_START state=MODE_SWITCHING attempts=1 streak=0 attempt=1
[2026-09-17T02:17:43.514Z] batch=field-waveform-1789611250043-3 D3 MODE_SWITCH_OK state=MODE_SWITCH_OK attempts=1 streak=0
[2026-09-17T02:17:43.520Z] batch=field-waveform-1789611250043-3 D2 MODE_SWITCH_START state=MODE_SWITCHING attempts=1 streak=0 attempt=1
[2026-09-17T02:17:43.522Z] batch=field-waveform-1789611250043-3 D2 MODE_SWITCH_OK state=MODE_SWITCH_OK attempts=1 streak=0
[2026-09-17T02:17:43.527Z] batch=field-waveform-1789611250043-3 D6 MODE_SWITCH_START state=MODE_SWITCHING attempts=1 streak=0 attempt=1
[2026-09-17T02:17:43.528Z] batch=field-waveform-1789611250043-3 D6 MODE_SWITCH_OK state=MODE_SWITCH_OK attempts=1 streak=0
[2026-09-17T02:17:43.531Z] batch=field-waveform-1789611250043-3 D5 MODE_SWITCH_START state=MODE_SWITCHING attempts=1 streak=0 attempt=1
[2026-09-17T02:17:43.532Z] batch=field-waveform-1789611250043-3 D5 MODE_SWITCH_OK state=MODE_SWITCH_OK attempts=1 streak=0
[2026-09-17T02:17:43.534Z] batch=field-waveform-1789611250043-3 D1 MODE_SWITCH_START state=MODE_SWITCHING attempts=1 streak=0 attempt=1
[2026-09-17T02:17:43.535Z] batch=field-waveform-1789611250043-3 D1 MODE_SWITCH_OK state=MODE_SWITCH_OK attempts=1 streak=0
[2026-09-17T02:17:46.814Z] batch=field-waveform-1789611466812-4 D1 MODE_SWITCH_START state=MODE_SWITCHING attempts=1 streak=0 attempt=1
[2026-09-17T02:17:46.816Z] batch=field-waveform-1789611466812-4 D2 MODE_SWITCH_START state=MODE_SWITCHING attempts=1 streak=0 attempt=1
[2026-09-17T02:17:46.818Z] batch=field-waveform-1789611466812-4 D3 MODE_SWITCH_START state=MODE_SWITCHING attempts=1 streak=0 attempt=1
[2026-09-17T02:17:46.819Z] batch=field-waveform-1789611466812-4 D4 MODE_SWITCH_START state=MODE_SWITCHING attempts=1 streak=0 attempt=1
[2026-09-17T02:17:46.820Z] batch=field-waveform-1789611466812-4 D5 MODE_SWITCH_START state=MODE_SWITCHING attempts=1 streak=0 attempt=1
[2026-09-17T02:17:46.822Z] batch=field-waveform-1789611466812-4 D6 MODE_SWITCH_START state=MODE_SWITCHING attempts=1 streak=0 attempt=1
[2026-09-17T02:17:46.827Z] batch=field-waveform-1789611466812-4 D1 MODE_SWITCH_OK state=MODE_SWITCH_OK attempts=1 streak=0
[2026-09-17T02:17:46.829Z] batch=field-waveform-1789611466812-4 D2 MODE_SWITCH_OK state=MODE_SWITCH_OK attempts=1 streak=0
[2026-09-17T02:17:46.830Z] batch=field-waveform-1789611466812-4 D3 MODE_SWITCH_OK state=MODE_SWITCH_OK attempts=1 streak=0
[2026-09-17T02:17:46.831Z] batch=field-waveform-1789611466812-4 D4 MODE_SWITCH_OK state=MODE_SWITCH_OK attempts=1 streak=0
[2026-09-17T02:17:46.833Z] batch=field-waveform-1789611466812-4 D5 MODE_SWITCH_OK state=MODE_SWITCH_OK attempts=1 streak=0
[2026-09-17T02:17:46.834Z] batch=field-waveform-1789611466812-4 D6 MODE_SWITCH_OK state=MODE_SWITCH_OK attempts=1 streak=0
[2026-09-17T02:17:53.524Z] batch=field-waveform-1789611466812-4 D4 MODE_SWITCH_START state=MODE_SWITCHING attempts=1 streak=0 attempt=1
[2026-09-17T02:17:53.539Z] batch=field-waveform-1789611466812-4 D4 MODE_SWITCH_OK state=MODE_SWITCH_OK attempts=1 streak=0
[2026-09-17T02:17:53.542Z] batch=field-waveform-1789611466812-4 D3 MODE_SWITCH_START state=MODE_SWITCHING attempts=1 streak=0 attempt=1
[2026-09-17T02:17:53.550Z] batch=field-waveform-1789611466812-4 D3 MODE_SWITCH_OK state=MODE_SWITCH_OK attempts=1 streak=0
[2026-09-17T02:17:53.557Z] batch=field-waveform-1789611466812-4 D2 MODE_SWITCH_START state=MODE_SWITCHING attempts=1 streak=0 attempt=1
[2026-09-17T02:17:53.559Z] batch=field-waveform-1789611466812-4 D2 MODE_SWITCH_OK state=MODE_SWITCH_OK attempts=1 streak=0
[2026-09-17T02:17:53.562Z] batch=field-waveform-1789611466812-4 D6 MODE_SWITCH_START state=MODE_SWITCHING attempts=1 streak=0 attempt=1
[2026-09-17T02:17:53.568Z] batch=field-waveform-1789611466812-4 D6 MODE_SWITCH_OK state=MODE_SWITCH_OK attempts=1 streak=0
[2026-09-17T02:17:53.571Z] batch=field-waveform-1789611466812-4 D5 MODE_SWITCH_START state=MODE_SWITCHING attempts=1 streak=0 attempt=1
[2026-09-17T02:17:53.574Z] batch=field-waveform-1789611466812-4 D5 MODE_SWITCH_OK state=MODE_SWITCH_OK attempts=1 streak=0
[2026-09-17T02:17:53.581Z] batch=field-waveform-1789611466812-4 D1 MODE_SWITCH_START state=MODE_SWITCHING attempts=1 streak=0 attempt=1
[2026-09-17T02:17:53.586Z] batch=field-waveform-1789611466812-4 D1 MODE_SWITCH_OK state=MODE_SWITCH_OK attempts=1 streak=0
[2026-09-17T02:18:03.540Z] batch=field-waveform-1789611466812-4 D4 MODE_SWITCH_START state=MODE_SWITCHING attempts=1 streak=0 attempt=1
[2026-09-17T02:18:03.541Z] batch=field-waveform-1789611466812-4 D4 MODE_SWITCH_OK state=MODE_SWITCH_OK attempts=1 streak=0
[2026-09-17T02:18:03.556Z] batch=field-waveform-1789611466812-4 D3 MODE_SWITCH_START state=MODE_SWITCHING attempts=1 streak=0 attempt=1
[2026-09-17T02:18:03.558Z] batch=field-waveform-1789611466812-4 D3 MODE_SWITCH_OK state=MODE_SWITCH_OK attempts=1 streak=0
[2026-09-17T02:18:03.560Z] batch=field-waveform-1789611466812-4 D2 MODE_SWITCH_START state=MODE_SWITCHING attempts=1 streak=0 attempt=1
[2026-09-17T02:18:03.561Z] batch=field-waveform-1789611466812-4 D2 MODE_SWITCH_OK state=MODE_SWITCH_OK attempts=1 streak=0
[2026-09-17T02:18:03.572Z] batch=field-waveform-1789611466812-4 D6 MODE_SWITCH_START state=MODE_SWITCHING attempts=1 streak=0 attempt=1
[2026-09-17T02:18:03.574Z] batch=field-waveform-1789611466812-4 D6 MODE_SWITCH_OK state=MODE_SWITCH_OK attempts=1 streak=0
[2026-09-17T02:18:03.575Z] batch=field-waveform-1789611466812-4 D5 MODE_SWITCH_START state=MODE_SWITCHING attempts=1 streak=0 attempt=1
[2026-09-17T02:18:03.577Z] batch=field-waveform-1789611466812-4 D5 MODE_SWITCH_OK state=MODE_SWITCH_OK attempts=1 streak=0
[2026-09-17T02:18:03.586Z] batch=field-waveform-1789611466812-4 D1 MODE_SWITCH_START state=MODE_SWITCHING attempts=1 streak=0 attempt=1
[2026-09-17T02:18:03.590Z] batch=field-waveform-1789611466812-4 D1 MODE_SWITCH_OK state=MODE_SWITCH_OK attempts=1 streak=0
[2026-09-17T02:18:13.555Z] batch=field-waveform-1789611466812-4 D4 MODE_SWITCH_START state=MODE_SWITCHING attempts=1 streak=0 attempt=1
[2026-09-17T02:18:13.560Z] batch=field-waveform-1789611466812-4 D4 MODE_SWITCH_OK state=MODE_SWITCH_OK attempts=1 streak=0
[2026-09-17T02:18:13.564Z] batch=field-waveform-1789611466812-4 D3 MODE_SWITCH_START state=MODE_SWITCHING attempts=1 streak=0 attempt=1
[2026-09-17T02:18:13.565Z] batch=field-waveform-1789611466812-4 D3 MODE_SWITCH_OK state=MODE_SWITCH_OK attempts=1 streak=0
[2026-09-17T02:18:13.567Z] batch=field-waveform-1789611466812-4 D2 MODE_SWITCH_START state=MODE_SWITCHING attempts=1 streak=0 attempt=1
[2026-09-17T02:18:13.568Z] batch=field-waveform-1789611466812-4 D2 MODE_SWITCH_OK state=MODE_SWITCH_OK attempts=1 streak=0
[2026-09-17T02:18:13.585Z] batch=field-waveform-1789611466812-4 D6 MODE_SWITCH_START state=MODE_SWITCHING attempts=1 streak=0 attempt=1
[2026-09-17T02:18:13.587Z] batch=field-waveform-1789611466812-4 D6 MODE_SWITCH_OK state=MODE_SWITCH_OK attempts=1 streak=0
[2026-09-17T02:18:13.588Z] batch=field-waveform-1789611466812-4 D5 MODE_SWITCH_START state=MODE_SWITCHING attempts=1 streak=0 attempt=1
[2026-09-17T02:18:13.590Z] batch=field-waveform-1789611466812-4 D5 MODE_SWITCH_OK state=MODE_SWITCH_OK attempts=1 streak=0
[2026-09-17T02:18:13.592Z] batch=field-waveform-1789611466812-4 D1 MODE_SWITCH_START state=MODE_SWITCHING attempts=1 streak=0 attempt=1
[2026-09-17T02:18:13.593Z] batch=field-waveform-1789611466812-4 D1 MODE_SWITCH_OK state=MODE_SWITCH_OK attempts=1 streak=0
[2026-09-17T02:18:23.576Z] batch=field-waveform-1789611466812-4 D4 MODE_SWITCH_START state=MODE_SWITCHING attempts=1 streak=0 attempt=1
[2026-09-17T02:18:23.578Z] batch=field-waveform-1789611466812-4 D4 MODE_SWITCH_OK state=MODE_SWITCH_OK attempts=1 streak=0
[2026-09-17T02:18:23.579Z] batch=field-waveform-1789611466812-4 D3 MODE_SWITCH_START state=MODE_SWITCHING attempts=1 streak=0 attempt=1
[2026-09-17T02:18:23.580Z] batch=field-waveform-1789611466812-4 D3 MODE_SWITCH_OK state=MODE_SWITCH_OK attempts=1 streak=0
[2026-09-17T02:18:23.581Z] batch=field-waveform-1789611466812-4 D2 MODE_SWITCH_START state=MODE_SWITCHING attempts=1 streak=0 attempt=1
[2026-09-17T02:18:23.583Z] batch=field-waveform-1789611466812-4 D2 MODE_SWITCH_OK state=MODE_SWITCH_OK attempts=1 streak=0
[2026-09-17T02:18:23.592Z] batch=field-waveform-1789611466812-4 D6 MODE_SWITCH_START state=MODE_SWITCHING attempts=1 streak=0 attempt=1
[2026-09-17T02:18:23.594Z] batch=field-waveform-1789611466812-4 D6 MODE_SWITCH_OK state=MODE_SWITCH_OK attempts=1 streak=0
[2026-09-17T02:18:23.595Z] batch=field-waveform-1789611466812-4 D5 MODE_SWITCH_START state=MODE_SWITCHING attempts=1 streak=0 attempt=1
[2026-09-17T02:18:23.596Z] batch=field-waveform-1789611466812-4 D5 MODE_SWITCH_OK state=MODE_SWITCH_OK attempts=1 streak=0
[2026-09-17T02:18:23.597Z] batch=field-waveform-1789611466812-4 D1 MODE_SWITCH_START state=MODE_SWITCHING attempts=1 streak=0 attempt=1
[2026-09-17T02:18:23.598Z] batch=field-waveform-1789611466812-4 D1 MODE_SWITCH_OK state=MODE_SWITCH_OK attempts=1 streak=0
[2026-09-17T02:18:25.738Z] batch=field-waveform-1789611505736-5 D1 MODE_SWITCH_START state=MODE_SWITCHING attempts=1 streak=0 attempt=1
[2026-09-17T02:18:25.740Z] batch=field-waveform-1789611505736-5 D2 MODE_SWITCH_START state=MODE_SWITCHING attempts=1 streak=0 attempt=1
[2026-09-17T02:18:25.742Z] batch=field-waveform-1789611505736-5 D3 MODE_SWITCH_START state=MODE_SWITCHING attempts=1 streak=0 attempt=1
[2026-09-17T02:18:25.743Z] batch=field-waveform-1789611505736-5 D4 MODE_SWITCH_START state=MODE_SWITCHING attempts=1 streak=0 attempt=1
[2026-09-17T02:18:25.744Z] batch=field-waveform-1789611505736-5 D5 MODE_SWITCH_START state=MODE_SWITCHING attempts=1 streak=0 attempt=1
[2026-09-17T02:18:25.746Z] batch=field-waveform-1789611505736-5 D6 MODE_SWITCH_START state=MODE_SWITCHING attempts=1 streak=0 attempt=1
[2026-09-17T02:18:25.749Z] batch=field-waveform-1789611505736-5 D1 MODE_SWITCH_OK state=MODE_SWITCH_OK attempts=1 streak=0
[2026-09-17T02:18:25.750Z] batch=field-waveform-1789611505736-5 D2 MODE_SWITCH_OK state=MODE_SWITCH_OK attempts=1 streak=0
[2026-09-17T02:18:25.752Z] batch=field-waveform-1789611505736-5 D3 MODE_SWITCH_OK state=MODE_SWITCH_OK attempts=1 streak=0
[2026-09-17T02:18:25.754Z] batch=field-waveform-1789611505736-5 D4 MODE_SWITCH_OK state=MODE_SWITCH_OK attempts=1 streak=0
[2026-09-17T02:18:25.756Z] batch=field-waveform-1789611505736-5 D5 MODE_SWITCH_OK state=MODE_SWITCH_OK attempts=1 streak=0
[2026-09-17T02:18:25.757Z] batch=field-waveform-1789611505736-5 D6 MODE_SWITCH_OK state=MODE_SWITCH_OK attempts=1 streak=0
[2026-09-17T02:18:33.585Z] batch=field-waveform-1789611505736-5 D4 MODE_SWITCH_START state=MODE_SWITCHING attempts=1 streak=0 attempt=1
[2026-09-17T02:18:33.587Z] batch=field-waveform-1789611505736-5 D4 MODE_SWITCH_OK state=MODE_SWITCH_OK attempts=1 streak=0
[2026-09-17T02:18:33.588Z] batch=field-waveform-1789611505736-5 D3 MODE_SWITCH_START state=MODE_SWITCHING attempts=1 streak=0 attempt=1
[2026-09-17T02:18:33.589Z] batch=field-waveform-1789611505736-5 D3 MODE_SWITCH_OK state=MODE_SWITCH_OK attempts=1 streak=0
[2026-09-17T02:18:33.590Z] batch=field-waveform-1789611505736-5 D2 MODE_SWITCH_START state=MODE_SWITCHING attempts=1 streak=0 attempt=1
[2026-09-17T02:18:33.594Z] batch=field-waveform-1789611505736-5 D2 MODE_SWITCH_OK state=MODE_SWITCH_OK attempts=1 streak=0
[2026-09-17T02:18:33.597Z] batch=field-waveform-1789611505736-5 D6 MODE_SWITCH_START state=MODE_SWITCHING attempts=1 streak=0 attempt=1
[2026-09-17T02:18:33.598Z] batch=field-waveform-1789611505736-5 D6 MODE_SWITCH_OK state=MODE_SWITCH_OK attempts=1 streak=0
[2026-09-17T02:18:33.599Z] batch=field-waveform-1789611505736-5 D5 MODE_SWITCH_START state=MODE_SWITCHING attempts=1 streak=0 attempt=1
[2026-09-17T02:18:33.600Z] batch=field-waveform-1789611505736-5 D5 MODE_SWITCH_OK state=MODE_SWITCH_OK attempts=1 streak=0
[2026-09-17T02:18:33.602Z] batch=field-waveform-1789611505736-5 D1 MODE_SWITCH_START state=MODE_SWITCHING attempts=1 streak=0 attempt=1
[2026-09-17T02:18:33.603Z] batch=field-waveform-1789611505736-5 D1 MODE_SWITCH_OK state=MODE_SWITCH_OK attempts=1 streak=0
[2026-09-17T02:18:43.594Z] batch=field-waveform-1789611505736-5 D4 MODE_SWITCH_START state=MODE_SWITCHING attempts=1 streak=0 attempt=1
[2026-09-17T02:18:43.596Z] batch=field-waveform-1789611505736-5 D4 MODE_SWITCH_OK state=MODE_SWITCH_OK attempts=1 streak=0
[2026-09-17T02:18:43.597Z] batch=field-waveform-1789611505736-5 D3 MODE_SWITCH_START state=MODE_SWITCHING attempts=1 streak=0 attempt=1
[2026-09-17T02:18:43.598Z] batch=field-waveform-1789611505736-5 D3 MODE_SWITCH_OK state=MODE_SWITCH_OK attempts=1 streak=0
[2026-09-17T02:18:43.601Z] batch=field-waveform-1789611505736-5 D2 MODE_SWITCH_START state=MODE_SWITCHING attempts=1 streak=0 attempt=1
[2026-09-17T02:18:43.602Z] batch=field-waveform-1789611505736-5 D2 MODE_SWITCH_OK state=MODE_SWITCH_OK attempts=1 streak=0
[2026-09-17T02:18:43.603Z] batch=field-waveform-1789611505736-5 D6 MODE_SWITCH_START state=MODE_SWITCHING attempts=1 streak=0 attempt=1
[2026-09-17T02:18:43.604Z] batch=field-waveform-1789611505736-5 D6 MODE_SWITCH_OK state=MODE_SWITCH_OK attempts=1 streak=0
[2026-09-17T02:18:43.605Z] batch=field-waveform-1789611505736-5 D5 MODE_SWITCH_START state=MODE_SWITCHING attempts=1 streak=0 attempt=1
[2026-09-17T02:18:43.606Z] batch=field-waveform-1789611505736-5 D5 MODE_SWITCH_OK state=MODE_SWITCH_OK attempts=1 streak=0
[2026-09-17T02:18:43.607Z] batch=field-waveform-1789611505736-5 D1 MODE_SWITCH_START state=MODE_SWITCHING attempts=1 streak=0 attempt=1
[2026-09-17T02:18:43.608Z] batch=field-waveform-1789611505736-5 D1 MODE_SWITCH_OK state=MODE_SWITCH_OK attempts=1 streak=0
[2026-09-17T02:18:53.609Z] batch=field-waveform-1789611505736-5 D4 MODE_SWITCH_START state=MODE_SWITCHING attempts=1 streak=0 attempt=1
[2026-09-17T02:18:53.612Z] batch=field-waveform-1789611505736-5 D4 MODE_SWITCH_OK state=MODE_SWITCH_OK attempts=1 streak=0
[2026-09-17T02:18:53.613Z] batch=field-waveform-1789611505736-5 D3 MODE_SWITCH_START state=MODE_SWITCHING attempts=1 streak=0 attempt=1
[2026-09-17T02:18:53.614Z] batch=field-waveform-1789611505736-5 D3 MODE_SWITCH_OK state=MODE_SWITCH_OK attempts=1 streak=0
[2026-09-17T02:18:53.615Z] batch=field-waveform-1789611505736-5 D2 MODE_SWITCH_START state=MODE_SWITCHING attempts=1 streak=0 attempt=1
[2026-09-17T02:18:53.616Z] batch=field-waveform-1789611505736-5 D2 MODE_SWITCH_OK state=MODE_SWITCH_OK attempts=1 streak=0
[2026-09-17T02:18:53.617Z] batch=field-waveform-1789611505736-5 D6 MODE_SWITCH_START state=MODE_SWITCHING attempts=1 streak=0 attempt=1
[2026-09-17T02:18:53.619Z] batch=field-waveform-1789611505736-5 D6 MODE_SWITCH_OK state=MODE_SWITCH_OK attempts=1 streak=0
[2026-09-17T02:18:53.620Z] batch=field-waveform-1789611505736-5 D5 MODE_SWITCH_START state=MODE_SWITCHING attempts=1 streak=0 attempt=1
[2026-09-17T02:18:53.621Z] batch=field-waveform-1789611505736-5 D5 MODE_SWITCH_OK state=MODE_SWITCH_OK attempts=1 streak=0
[2026-09-17T02:18:53.624Z] batch=field-waveform-1789611505736-5 D1 MODE_SWITCH_START state=MODE_SWITCHING attempts=1 streak=0 attempt=1
[2026-09-17T02:18:53.626Z] batch=field-waveform-1789611505736-5 D1 MODE_SWITCH_OK state=MODE_SWITCH_OK attempts=1 streak=0
[2026-09-17T02:19:03.618Z] batch=field-waveform-1789611505736-5 D4 MODE_SWITCH_START state=MODE_SWITCHING attempts=1 streak=0 attempt=1
[2026-09-17T02:19:03.620Z] batch=field-waveform-1789611505736-5 D4 MODE_SWITCH_OK state=MODE_SWITCH_OK attempts=1 streak=0
[2026-09-17T02:19:03.621Z] batch=field-waveform-1789611505736-5 D3 MODE_SWITCH_START state=MODE_SWITCHING attempts=1 streak=0 attempt=1
[2026-09-17T02:19:03.623Z] batch=field-waveform-1789611505736-5 D3 MODE_SWITCH_OK state=MODE_SWITCH_OK attempts=1 streak=0
[2026-09-17T02:19:03.625Z] batch=field-waveform-1789611505736-5 D2 MODE_SWITCH_START state=MODE_SWITCHING attempts=1 streak=0 attempt=1
[2026-09-17T02:19:03.627Z] batch=field-waveform-1789611505736-5 D2 MODE_SWITCH_OK state=MODE_SWITCH_OK attempts=1 streak=0
[2026-09-17T02:19:03.629Z] batch=field-waveform-1789611505736-5 D6 MODE_SWITCH_START state=MODE_SWITCHING attempts=1 streak=0 attempt=1
[2026-09-17T02:19:03.635Z] batch=field-waveform-1789611505736-5 D6 MODE_SWITCH_OK state=MODE_SWITCH_OK attempts=1 streak=0
[2026-09-17T02:19:03.637Z] batch=field-waveform-1789611505736-5 D5 MODE_SWITCH_START state=MODE_SWITCHING attempts=1 streak=0 attempt=1
[2026-09-17T02:19:03.638Z] batch=field-waveform-1789611505736-5 D5 MODE_SWITCH_OK state=MODE_SWITCH_OK attempts=1 streak=0
[2026-09-17T02:19:03.640Z] batch=field-waveform-1789611505736-5 D1 MODE_SWITCH_START state=MODE_SWITCHING attempts=1 streak=0 attempt=1
[2026-09-17T02:19:03.641Z] batch=field-waveform-1789611505736-5 D1 MODE_SWITCH_OK state=MODE_SWITCH_OK attempts=1 streak=0
[2026-09-17T02:19:13.628Z] batch=field-waveform-1789611505736-5 D4 MODE_SWITCH_START state=MODE_SWITCHING attempts=1 streak=0 attempt=1
[2026-09-17T02:19:13.629Z] batch=field-waveform-1789611505736-5 D4 MODE_SWITCH_OK state=MODE_SWITCH_OK attempts=1 streak=0
[2026-09-17T02:19:13.630Z] batch=field-waveform-1789611505736-5 D3 MODE_SWITCH_START state=MODE_SWITCHING attempts=1 streak=0 attempt=1
[2026-09-17T02:19:13.631Z] batch=field-waveform-1789611505736-5 D3 MODE_SWITCH_OK state=MODE_SWITCH_OK attempts=1 streak=0
[2026-09-17T02:19:13.632Z] batch=field-waveform-1789611505736-5 D2 MODE_SWITCH_START state=MODE_SWITCHING attempts=1 streak=0 attempt=1
[2026-09-17T02:19:13.633Z] batch=field-waveform-1789611505736-5 D2 MODE_SWITCH_OK state=MODE_SWITCH_OK attempts=1 streak=0
[2026-09-17T02:19:13.636Z] batch=field-waveform-1789611505736-5 D6 MODE_SWITCH_START state=MODE_SWITCHING attempts=1 streak=0 attempt=1
[2026-09-17T02:19:13.639Z] batch=field-waveform-1789611505736-5 D6 MODE_SWITCH_OK state=MODE_SWITCH_OK attempts=1 streak=0
[2026-09-17T02:19:13.660Z] batch=field-waveform-1789611505736-5 D5 MODE_SWITCH_START state=MODE_SWITCHING attempts=1 streak=0 attempt=1
[2026-09-17T02:19:13.662Z] batch=field-waveform-1789611505736-5 D5 MODE_SWITCH_OK state=MODE_SWITCH_OK attempts=1 streak=0
[2026-09-17T02:19:13.663Z] batch=field-waveform-1789611505736-5 D1 MODE_SWITCH_START state=MODE_SWITCHING attempts=1 streak=0 attempt=1
[2026-09-17T02:19:13.664Z] batch=field-waveform-1789611505736-5 D1 MODE_SWITCH_OK state=MODE_SWITCH_OK attempts=1 streak=0
[2026-09-17T02:19:23.632Z] batch=field-waveform-1789611505736-5 D4 MODE_SWITCH_START state=MODE_SWITCHING attempts=1 streak=0 attempt=1
[2026-09-17T02:19:23.637Z] batch=field-waveform-1789611505736-5 D4 MODE_SWITCH_OK state=MODE_SWITCH_OK attempts=1 streak=0
[2026-09-17T02:19:23.639Z] batch=field-waveform-1789611505736-5 D3 MODE_SWITCH_START state=MODE_SWITCHING attempts=1 streak=0 attempt=1
[2026-09-17T02:19:23.640Z] batch=field-waveform-1789611505736-5 D3 MODE_SWITCH_OK state=MODE_SWITCH_OK attempts=1 streak=0
[2026-09-17T02:19:23.648Z] batch=field-waveform-1789611505736-5 D2 MODE_SWITCH_START state=MODE_SWITCHING attempts=1 streak=0 attempt=1
[2026-09-17T02:19:23.650Z] batch=field-waveform-1789611505736-5 D2 MODE_SWITCH_OK state=MODE_SWITCH_OK attempts=1 streak=0
[2026-09-17T02:19:23.651Z] batch=field-waveform-1789611505736-5 D6 MODE_SWITCH_START state=MODE_SWITCHING attempts=1 streak=0 attempt=1
[2026-09-17T02:19:23.652Z] batch=field-waveform-1789611505736-5 D6 MODE_SWITCH_OK state=MODE_SWITCH_OK attempts=1 streak=0
[2026-09-17T02:19:23.675Z] batch=field-waveform-1789611505736-5 D5 MODE_SWITCH_START state=MODE_SWITCHING attempts=1 streak=0 attempt=1
[2026-09-17T02:19:23.677Z] batch=field-waveform-1789611505736-5 D5 MODE_SWITCH_OK state=MODE_SWITCH_OK attempts=1 streak=0
[2026-09-17T02:19:23.680Z] batch=field-waveform-1789611505736-5 D1 MODE_SWITCH_START state=MODE_SWITCHING attempts=1 streak=0 attempt=1
[2026-09-17T02:19:23.681Z] batch=field-waveform-1789611505736-5 D1 MODE_SWITCH_OK state=MODE_SWITCH_OK attempts=1 streak=0
[2026-09-17T02:19:33.645Z] batch=field-waveform-1789611505736-5 D4 MODE_SWITCH_START state=MODE_SWITCHING attempts=1 streak=0 attempt=1
[2026-09-17T02:19:33.648Z] batch=field-waveform-1789611505736-5 D4 MODE_SWITCH_OK state=MODE_SWITCH_OK attempts=1 streak=0
[2026-09-17T02:19:33.650Z] batch=field-waveform-1789611505736-5 D3 MODE_SWITCH_START state=MODE_SWITCHING attempts=1 streak=0 attempt=1
[2026-09-17T02:19:33.655Z] batch=field-waveform-1789611505736-5 D3 MODE_SWITCH_OK state=MODE_SWITCH_OK attempts=1 streak=0
[2026-09-17T02:19:33.658Z] batch=field-waveform-1789611505736-5 D2 MODE_SWITCH_START state=MODE_SWITCHING attempts=1 streak=0 attempt=1
[2026-09-17T02:19:33.660Z] batch=field-waveform-1789611505736-5 D2 MODE_SWITCH_OK state=MODE_SWITCH_OK attempts=1 streak=0
[2026-09-17T02:19:33.662Z] batch=field-waveform-1789611505736-5 D6 MODE_SWITCH_START state=MODE_SWITCHING attempts=1 streak=0 attempt=1
[2026-09-17T02:19:33.663Z] batch=field-waveform-1789611505736-5 D6 MODE_SWITCH_OK state=MODE_SWITCH_OK attempts=1 streak=0
[2026-09-17T02:19:33.687Z] batch=field-waveform-1789611505736-5 D5 MODE_SWITCH_START state=MODE_SWITCHING attempts=1 streak=0 attempt=1
[2026-09-17T02:19:33.689Z] batch=field-waveform-1789611505736-5 D5 MODE_SWITCH_OK state=MODE_SWITCH_OK attempts=1 streak=0
[2026-09-17T02:19:33.691Z] batch=field-waveform-1789611505736-5 D1 MODE_SWITCH_START state=MODE_SWITCHING attempts=1 streak=0 attempt=1
[2026-09-17T02:19:33.693Z] batch=field-waveform-1789611505736-5 D1 MODE_SWITCH_OK state=MODE_SWITCH_OK attempts=1 streak=0
[2026-09-17T02:19:43.654Z] batch=field-waveform-1789611505736-5 D4 MODE_SWITCH_START state=MODE_SWITCHING attempts=1 streak=0 attempt=1
[2026-09-17T02:19:43.661Z] batch=field-waveform-1789611505736-5 D4 MODE_SWITCH_OK state=MODE_SWITCH_OK attempts=1 streak=0
[2026-09-17T02:19:43.665Z] batch=field-waveform-1789611505736-5 D3 MODE_SWITCH_START state=MODE_SWITCHING attempts=1 streak=0 attempt=1
[2026-09-17T02:19:43.667Z] batch=field-waveform-1789611505736-5 D3 MODE_SWITCH_OK state=MODE_SWITCH_OK attempts=1 streak=0
[2026-09-17T02:19:43.669Z] batch=field-waveform-1789611505736-5 D2 MODE_SWITCH_START state=MODE_SWITCHING attempts=1 streak=0 attempt=1
[2026-09-17T02:19:43.671Z] batch=field-waveform-1789611505736-5 D2 MODE_SWITCH_OK state=MODE_SWITCH_OK attempts=1 streak=0
[2026-09-17T02:19:43.673Z] batch=field-waveform-1789611505736-5 D6 MODE_SWITCH_START state=MODE_SWITCHING attempts=1 streak=0 attempt=1
[2026-09-17T02:19:43.675Z] batch=field-waveform-1789611505736-5 D6 MODE_SWITCH_OK state=MODE_SWITCH_OK attempts=1 streak=0
[2026-09-17T02:19:43.699Z] batch=field-waveform-1789611505736-5 D5 MODE_SWITCH_START state=MODE_SWITCHING attempts=1 streak=0 attempt=1
[2026-09-17T02:19:43.702Z] batch=field-waveform-1789611505736-5 D5 MODE_SWITCH_OK state=MODE_SWITCH_OK attempts=1 streak=0
[2026-09-17T02:19:43.704Z] batch=field-waveform-1789611505736-5 D1 MODE_SWITCH_START state=MODE_SWITCHING attempts=1 streak=0 attempt=1
[2026-09-17T02:19:43.706Z] batch=field-waveform-1789611505736-5 D1 MODE_SWITCH_OK state=MODE_SWITCH_OK attempts=1 streak=0
[2026-09-17T02:19:53.693Z] batch=field-waveform-1789611505736-5 D4 MODE_SWITCH_START state=MODE_SWITCHING attempts=1 streak=0 attempt=1
[2026-09-17T02:19:53.695Z] batch=field-waveform-1789611505736-5 D4 MODE_SWITCH_OK state=MODE_SWITCH_OK attempts=1 streak=0
[2026-09-17T02:19:53.696Z] batch=field-waveform-1789611505736-5 D3 MODE_SWITCH_START state=MODE_SWITCHING attempts=1 streak=0 attempt=1
[2026-09-17T02:19:53.698Z] batch=field-waveform-1789611505736-5 D3 MODE_SWITCH_OK state=MODE_SWITCH_OK attempts=1 streak=0
[2026-09-17T02:19:53.699Z] batch=field-waveform-1789611505736-5 D2 MODE_SWITCH_START state=MODE_SWITCHING attempts=1 streak=0 attempt=1
[2026-09-17T02:19:53.703Z] batch=field-waveform-1789611505736-5 D2 MODE_SWITCH_OK state=MODE_SWITCH_OK attempts=1 streak=0
[2026-09-17T02:19:53.704Z] batch=field-waveform-1789611505736-5 D6 MODE_SWITCH_START state=MODE_SWITCHING attempts=1 streak=0 attempt=1
[2026-09-17T02:19:53.705Z] batch=field-waveform-1789611505736-5 D6 MODE_SWITCH_OK state=MODE_SWITCH_OK attempts=1 streak=0
[2026-09-17T02:19:53.722Z] batch=field-waveform-1789611505736-5 D5 MODE_SWITCH_START state=MODE_SWITCHING attempts=1 streak=0 attempt=1
[2026-09-17T02:19:53.725Z] batch=field-waveform-1789611505736-5 D5 MODE_SWITCH_OK state=MODE_SWITCH_OK attempts=1 streak=0
[2026-09-17T02:19:53.727Z] batch=field-waveform-1789611505736-5 D1 MODE_SWITCH_START state=MODE_SWITCHING attempts=1 streak=0 attempt=1
[2026-09-17T02:19:53.728Z] batch=field-waveform-1789611505736-5 D1 MODE_SWITCH_OK state=MODE_SWITCH_OK attempts=1 streak=0
[2026-09-17T02:20:03.704Z] batch=field-waveform-1789611505736-5 D4 MODE_SWITCH_START state=MODE_SWITCHING attempts=1 streak=0 attempt=1
[2026-09-17T02:20:03.705Z] batch=field-waveform-1789611505736-5 D4 MODE_SWITCH_OK state=MODE_SWITCH_OK attempts=1 streak=0
[2026-09-17T02:20:03.706Z] batch=field-waveform-1789611505736-5 D3 MODE_SWITCH_START state=MODE_SWITCHING attempts=1 streak=0 attempt=1
[2026-09-17T02:20:03.707Z] batch=field-waveform-1789611505736-5 D3 MODE_SWITCH_OK state=MODE_SWITCH_OK attempts=1 streak=0
[2026-09-17T02:20:03.711Z] batch=field-waveform-1789611505736-5 D2 MODE_SWITCH_START state=MODE_SWITCHING attempts=1 streak=0 attempt=1
[2026-09-17T02:20:03.712Z] batch=field-waveform-1789611505736-5 D2 MODE_SWITCH_OK state=MODE_SWITCH_OK attempts=1 streak=0
[2026-09-17T02:20:03.712Z] batch=field-waveform-1789611505736-5 D6 MODE_SWITCH_START state=MODE_SWITCHING attempts=1 streak=0 attempt=1
[2026-09-17T02:20:03.713Z] batch=field-waveform-1789611505736-5 D6 MODE_SWITCH_OK state=MODE_SWITCH_OK attempts=1 streak=0
[2026-09-17T02:20:03.728Z] batch=field-waveform-1789611505736-5 D5 MODE_SWITCH_START state=MODE_SWITCHING attempts=1 streak=0 attempt=1
[2026-09-17T02:20:03.729Z] batch=field-waveform-1789611505736-5 D5 MODE_SWITCH_OK state=MODE_SWITCH_OK attempts=1 streak=0
[2026-09-17T02:20:03.792Z] batch=field-waveform-1789611505736-5 D1 MODE_SWITCH_START state=MODE_SWITCHING attempts=1 streak=0 attempt=1
[2026-09-17T02:20:03.796Z] batch=field-waveform-1789611505736-5 D1 MODE_SWITCH_OK state=MODE_SWITCH_OK attempts=1 streak=0
[2026-09-17T02:20:13.718Z] batch=field-waveform-1789611505736-5 D4 MODE_SWITCH_START state=MODE_SWITCHING attempts=1 streak=0 attempt=1
[2026-09-17T02:20:13.722Z] batch=field-waveform-1789611505736-5 D4 MODE_SWITCH_OK state=MODE_SWITCH_OK attempts=1 streak=0
[2026-09-17T02:20:13.724Z] batch=field-waveform-1789611505736-5 D3 MODE_SWITCH_START state=MODE_SWITCHING attempts=1 streak=0 attempt=1
[2026-09-17T02:20:13.727Z] batch=field-waveform-1789611505736-5 D3 MODE_SWITCH_OK state=MODE_SWITCH_OK attempts=1 streak=0
[2026-09-17T02:20:13.729Z] batch=field-waveform-1789611505736-5 D2 MODE_SWITCH_START state=MODE_SWITCHING attempts=1 streak=0 attempt=1
[2026-09-17T02:20:13.732Z] batch=field-waveform-1789611505736-5 D2 MODE_SWITCH_OK state=MODE_SWITCH_OK attempts=1 streak=0
[2026-09-17T02:20:13.735Z] batch=field-waveform-1789611505736-5 D6 MODE_SWITCH_START state=MODE_SWITCHING attempts=1 streak=0 attempt=1
[2026-09-17T02:20:13.739Z] batch=field-waveform-1789611505736-5 D6 MODE_SWITCH_OK state=MODE_SWITCH_OK attempts=1 streak=0
[2026-09-17T02:20:13.743Z] batch=field-waveform-1789611505736-5 D5 MODE_SWITCH_START state=MODE_SWITCHING attempts=1 streak=0 attempt=1
[2026-09-17T02:20:13.745Z] batch=field-waveform-1789611505736-5 D5 MODE_SWITCH_OK state=MODE_SWITCH_OK attempts=1 streak=0
[2026-09-17T02:20:13.809Z] batch=field-waveform-1789611505736-5 D1 MODE_SWITCH_START state=MODE_SWITCHING attempts=1 streak=0 attempt=1
[2026-09-17T02:20:13.811Z] batch=field-waveform-1789611505736-5 D1 MODE_SWITCH_OK state=MODE_SWITCH_OK attempts=1 streak=0
[2026-09-17T02:20:23.724Z] batch=field-waveform-1789611505736-5 D4 MODE_SWITCH_START state=MODE_SWITCHING attempts=1 streak=0 attempt=1
[2026-09-17T02:20:23.725Z] batch=field-waveform-1789611505736-5 D4 MODE_SWITCH_OK state=MODE_SWITCH_OK attempts=1 streak=0
[2026-09-17T02:20:23.727Z] batch=field-waveform-1789611505736-5 D3 MODE_SWITCH_START state=MODE_SWITCHING attempts=1 streak=0 attempt=1
[2026-09-17T02:20:23.728Z] batch=field-waveform-1789611505736-5 D3 MODE_SWITCH_OK state=MODE_SWITCH_OK attempts=1 streak=0
[2026-09-17T02:20:23.737Z] batch=field-waveform-1789611505736-5 D2 MODE_SWITCH_START state=MODE_SWITCHING attempts=1 streak=0 attempt=1
[2026-09-17T02:20:23.740Z] batch=field-waveform-1789611505736-5 D2 MODE_SWITCH_OK state=MODE_SWITCH_OK attempts=1 streak=0
[2026-09-17T02:20:23.741Z] batch=field-waveform-1789611505736-5 D6 MODE_SWITCH_START state=MODE_SWITCHING attempts=1 streak=0 attempt=1
[2026-09-17T02:20:23.742Z] batch=field-waveform-1789611505736-5 D6 MODE_SWITCH_OK state=MODE_SWITCH_OK attempts=1 streak=0
[2026-09-17T02:20:23.752Z] batch=field-waveform-1789611505736-5 D5 MODE_SWITCH_START state=MODE_SWITCHING attempts=1 streak=0 attempt=1
[2026-09-17T02:20:23.754Z] batch=field-waveform-1789611505736-5 D5 MODE_SWITCH_OK state=MODE_SWITCH_OK attempts=1 streak=0
[2026-09-17T02:20:23.812Z] batch=field-waveform-1789611505736-5 D1 MODE_SWITCH_START state=MODE_SWITCHING attempts=1 streak=0 attempt=1
[2026-09-17T02:20:23.815Z] batch=field-waveform-1789611505736-5 D1 MODE_SWITCH_OK state=MODE_SWITCH_OK attempts=1 streak=0
[2026-09-17T02:20:33.822Z] batch=field-waveform-1789611505736-5 D4 MODE_SWITCH_START state=MODE_SWITCHING attempts=1 streak=0 attempt=1
[2026-09-17T02:20:33.824Z] batch=field-waveform-1789611505736-5 D4 MODE_SWITCH_OK state=MODE_SWITCH_OK attempts=1 streak=0
[2026-09-17T02:20:33.825Z] batch=field-waveform-1789611505736-5 D3 MODE_SWITCH_START state=MODE_SWITCHING attempts=1 streak=0 attempt=1
[2026-09-17T02:20:33.826Z] batch=field-waveform-1789611505736-5 D3 MODE_SWITCH_OK state=MODE_SWITCH_OK attempts=1 streak=0
[2026-09-17T02:20:33.828Z] batch=field-waveform-1789611505736-5 D2 MODE_SWITCH_START state=MODE_SWITCHING attempts=1 streak=0 attempt=1
[2026-09-17T02:20:33.831Z] batch=field-waveform-1789611505736-5 D2 MODE_SWITCH_OK state=MODE_SWITCH_OK attempts=1 streak=0
[2026-09-17T02:20:33.832Z] batch=field-waveform-1789611505736-5 D6 MODE_SWITCH_START state=MODE_SWITCHING attempts=1 streak=0 attempt=1
[2026-09-17T02:20:33.834Z] batch=field-waveform-1789611505736-5 D6 MODE_SWITCH_OK state=MODE_SWITCH_OK attempts=1 streak=0
[2026-09-17T02:20:33.839Z] batch=field-waveform-1789611505736-5 D5 MODE_SWITCH_START state=MODE_SWITCHING attempts=1 streak=0 attempt=1
[2026-09-17T02:20:33.841Z] batch=field-waveform-1789611505736-5 D5 MODE_SWITCH_OK state=MODE_SWITCH_OK attempts=1 streak=0
[2026-09-17T02:20:33.842Z] batch=field-waveform-1789611505736-5 D1 MODE_SWITCH_START state=MODE_SWITCHING attempts=1 streak=0 attempt=1
[2026-09-17T02:20:33.844Z] batch=field-waveform-1789611505736-5 D1 MODE_SWITCH_OK state=MODE_SWITCH_OK attempts=1 streak=0
[2026-09-17T02:20:43.854Z] batch=field-waveform-1789611505736-5 D4 MODE_SWITCH_START state=MODE_SWITCHING attempts=1 streak=0 attempt=1
[2026-09-17T02:20:43.856Z] batch=field-waveform-1789611505736-5 D4 MODE_SWITCH_OK state=MODE_SWITCH_OK attempts=1 streak=0
[2026-09-17T02:20:43.857Z] batch=field-waveform-1789611505736-5 D3 MODE_SWITCH_START state=MODE_SWITCHING attempts=1 streak=0 attempt=1
[2026-09-17T02:20:43.858Z] batch=field-waveform-1789611505736-5 D3 MODE_SWITCH_OK state=MODE_SWITCH_OK attempts=1 streak=0
[2026-09-17T02:20:43.859Z] batch=field-waveform-1789611505736-5 D2 MODE_SWITCH_START state=MODE_SWITCHING attempts=1 streak=0 attempt=1
[2026-09-17T02:20:43.861Z] batch=field-waveform-1789611505736-5 D2 MODE_SWITCH_OK state=MODE_SWITCH_OK attempts=1 streak=0
[2026-09-17T02:20:43.862Z] batch=field-waveform-1789611505736-5 D6 MODE_SWITCH_START state=MODE_SWITCHING attempts=1 streak=0 attempt=1
[2026-09-17T02:20:43.863Z] batch=field-waveform-1789611505736-5 D6 MODE_SWITCH_OK state=MODE_SWITCH_OK attempts=1 streak=0
[2026-09-17T02:20:43.865Z] batch=field-waveform-1789611505736-5 D5 MODE_SWITCH_START state=MODE_SWITCHING attempts=1 streak=0 attempt=1
[2026-09-17T02:20:43.866Z] batch=field-waveform-1789611505736-5 D5 MODE_SWITCH_OK state=MODE_SWITCH_OK attempts=1 streak=0
[2026-09-17T02:20:43.867Z] batch=field-waveform-1789611505736-5 D1 MODE_SWITCH_START state=MODE_SWITCHING attempts=1 streak=0 attempt=1
[2026-09-17T02:20:43.868Z] batch=field-waveform-1789611505736-5 D1 MODE_SWITCH_OK state=MODE_SWITCH_OK attempts=1 streak=0
[2026-09-17T02:20:53.869Z] batch=field-waveform-1789611505736-5 D4 MODE_SWITCH_START state=MODE_SWITCHING attempts=1 streak=0 attempt=1
[2026-09-17T02:20:53.871Z] batch=field-waveform-1789611505736-5 D4 MODE_SWITCH_OK state=MODE_SWITCH_OK attempts=1 streak=0
[2026-09-17T02:20:53.872Z] batch=field-waveform-1789611505736-5 D3 MODE_SWITCH_START state=MODE_SWITCHING attempts=1 streak=0 attempt=1
[2026-09-17T02:20:53.875Z] batch=field-waveform-1789611505736-5 D3 MODE_SWITCH_OK state=MODE_SWITCH_OK attempts=1 streak=0
[2026-09-17T02:20:53.875Z] batch=field-waveform-1789611505736-5 D2 MODE_SWITCH_START state=MODE_SWITCHING attempts=1 streak=0 attempt=1
[2026-09-17T02:20:53.878Z] batch=field-waveform-1789611505736-5 D2 MODE_SWITCH_OK state=MODE_SWITCH_OK attempts=1 streak=0
[2026-09-17T02:20:53.879Z] batch=field-waveform-1789611505736-5 D6 MODE_SWITCH_START state=MODE_SWITCHING attempts=1 streak=0 attempt=1
[2026-09-17T02:20:53.879Z] batch=field-waveform-1789611505736-5 D6 MODE_SWITCH_OK state=MODE_SWITCH_OK attempts=1 streak=0
[2026-09-17T02:20:53.880Z] batch=field-waveform-1789611505736-5 D5 MODE_SWITCH_START state=MODE_SWITCHING attempts=1 streak=0 attempt=1
[2026-09-17T02:20:53.881Z] batch=field-waveform-1789611505736-5 D5 MODE_SWITCH_OK state=MODE_SWITCH_OK attempts=1 streak=0
[2026-09-17T02:20:53.967Z] batch=field-waveform-1789611505736-5 D1 MODE_SWITCH_START state=MODE_SWITCHING attempts=1 streak=0 attempt=1
[2026-09-17T02:20:53.975Z] batch=field-waveform-1789611505736-5 D1 MODE_SWITCH_OK state=MODE_SWITCH_OK attempts=1 streak=0
