[2026-09-10T01:41:47.030Z] batch=field-waveform-1789004327509-23 D5 MODE_SWITCH_START state=MODE_SWITCHING attempts=1 streak=0 attempt=1
[2026-09-10T01:41:47.042Z] batch=field-waveform-1789004327509-23 D5 MODE_SWITCH_OK state=MODE_SWITCH_OK attempts=1 streak=0
[2026-09-10T01:41:47.051Z] batch=field-waveform-1789004327509-23 D3 MODE_SWITCH_START state=MODE_SWITCHING attempts=1 streak=0 attempt=1
[2026-09-10T01:41:47.063Z] batch=field-waveform-1789004327509-23 D3 MODE_SWITCH_OK state=MODE_SWITCH_OK attempts=1 streak=0
[2026-09-10T01:41:47.072Z] batch=field-waveform-1789004327509-23 D4 MODE_SWITCH_START state=MODE_SWITCHING attempts=1 streak=0 attempt=1
[2026-09-10T01:41:47.085Z] batch=field-waveform-1789004327509-23 D4 MODE_SWITCH_OK state=MODE_SWITCH_OK attempts=1 streak=0
[2026-09-10T01:41:47.658Z] batch=field-waveform-1789004327509-23 D2 MODE_SWITCH_START state=MODE_SWITCHING attempts=1 streak=0 attempt=1
[2026-09-10T01:41:47.667Z] batch=field-waveform-1789004327509-23 D2 MODE_SWITCH_OK state=MODE_SWITCH_OK attempts=1 streak=0
[2026-09-10T01:41:47.678Z] batch=field-waveform-1789004327509-23 D6 MODE_SWITCH_START state=MODE_SWITCHING attempts=1 streak=0 attempt=1
[2026-09-10T01:41:47.689Z] batch=field-waveform-1789004327509-23 D6 MODE_SWITCH_OK state=MODE_SWITCH_OK attempts=1 streak=0
[2026-09-10T01:41:48.237Z] batch=field-waveform-1789004327509-23 D1 MODE_SWITCH_START state=MODE_SWITCHING attempts=1 streak=0 attempt=1
[2026-09-10T01:41:48.247Z] batch=field-waveform-1789004327509-23 D1 MODE_SWITCH_OK state=MODE_SWITCH_OK attempts=1 streak=0
[2026-09-10T01:41:57.222Z] batch=field-waveform-1789004327509-23 D5 MODE_SWITCH_START state=MODE_SWITCHING attempts=1 streak=0 attempt=1
[2026-09-10T01:41:57.234Z] batch=field-waveform-1789004327509-23 D5 MODE_SWITCH_OK state=MODE_SWITCH_OK attempts=1 streak=0
[2026-09-10T01:41:57.251Z] batch=field-waveform-1789004327509-23 D3 MODE_SWITCH_START state=MODE_SWITCHING attempts=1 streak=0 attempt=1
[2026-09-10T01:41:57.255Z] batch=field-waveform-1789004327509-23 D3 MODE_SWITCH_OK state=MODE_SWITCH_OK attempts=1 streak=0
[2026-09-10T01:41:57.270Z] batch=field-waveform-1789004327509-23 D4 MODE_SWITCH_START state=MODE_SWITCHING attempts=1 streak=0 attempt=1
[2026-09-10T01:41:57.273Z] batch=field-waveform-1789004327509-23 D4 MODE_SWITCH_OK state=MODE_SWITCH_OK attempts=1 streak=0
[2026-09-10T01:41:57.678Z] batch=field-waveform-1789004327509-23 D2 MODE_SWITCH_START state=MODE_SWITCHING attempts=1 streak=0 attempt=1
[2026-09-10T01:41:57.688Z] batch=field-waveform-1789004327509-23 D2 MODE_SWITCH_OK state=MODE_SWITCH_OK attempts=1 streak=0
[2026-09-10T01:41:57.699Z] batch=field-waveform-1789004327509-23 D6 MODE_SWITCH_START state=MODE_SWITCHING attempts=1 streak=0 attempt=1
[2026-09-10T01:41:57.701Z] batch=field-waveform-1789004327509-23 D6 MODE_SWITCH_OK state=MODE_SWITCH_OK attempts=1 streak=0
[2026-09-10T01:41:58.486Z] batch=field-waveform-1789004327509-23 D1 MODE_SWITCH_START state=MODE_SWITCHING attempts=1 streak=0 attempt=1
[2026-09-10T01:41:58.496Z] batch=field-waveform-1789004327509-23 D1 MODE_SWITCH_OK state=MODE_SWITCH_OK attempts=1 streak=0
[2026-09-10T01:42:07.428Z] batch=field-waveform-1789004327509-23 D5 MODE_SWITCH_START state=MODE_SWITCHING attempts=1 streak=0 attempt=1
[2026-09-10T01:42:07.440Z] batch=field-waveform-1789004327509-23 D5 MODE_SWITCH_OK state=MODE_SWITCH_OK attempts=1 streak=0
[2026-09-10T01:42:07.458Z] batch=field-waveform-1789004327509-23 D3 MODE_SWITCH_START state=MODE_SWITCHING attempts=1 streak=0 attempt=1
[2026-09-10T01:42:07.461Z] batch=field-waveform-1789004327509-23 D3 MODE_SWITCH_OK state=MODE_SWITCH_OK attempts=1 streak=0
[2026-09-10T01:42:07.470Z] batch=field-waveform-1789004327509-23 D4 MODE_SWITCH_START state=MODE_SWITCHING attempts=1 streak=0 attempt=1
[2026-09-10T01:42:07.475Z] batch=field-waveform-1789004327509-23 D4 MODE_SWITCH_OK state=MODE_SWITCH_OK attempts=1 streak=0
[2026-09-10T01:42:07.755Z] batch=field-waveform-1789004327509-23 D2 MODE_SWITCH_START state=MODE_SWITCHING attempts=1 streak=0 attempt=1
[2026-09-10T01:42:07.765Z] batch=field-waveform-1789004327509-23 D2 MODE_SWITCH_OK state=MODE_SWITCH_OK attempts=1 streak=0
[2026-09-10T01:42:07.782Z] batch=field-waveform-1789004327509-23 D6 MODE_SWITCH_START state=MODE_SWITCHING attempts=1 streak=0 attempt=1
[2026-09-10T01:42:07.786Z] batch=field-waveform-1789004327509-23 D6 MODE_SWITCH_OK state=MODE_SWITCH_OK attempts=1 streak=0
[2026-09-10T01:42:08.569Z] batch=field-waveform-1789004327509-23 D1 MODE_SWITCH_START state=MODE_SWITCHING attempts=1 streak=0 attempt=1
[2026-09-10T01:42:08.581Z] batch=field-waveform-1789004327509-23 D1 MODE_SWITCH_OK state=MODE_SWITCH_OK attempts=1 streak=0
[2026-09-10T01:42:17.465Z] batch=field-waveform-1789004327509-23 D5 MODE_SWITCH_START state=MODE_SWITCHING attempts=1 streak=0 attempt=1
[2026-09-10T01:42:17.467Z] batch=field-waveform-1789004327509-23 D5 MODE_SWITCH_OK state=MODE_SWITCH_OK attempts=1 streak=0
[2026-09-10T01:42:17.476Z] batch=field-waveform-1789004327509-23 D3 MODE_SWITCH_START state=MODE_SWITCHING attempts=1 streak=0 attempt=1
[2026-09-10T01:42:17.480Z] batch=field-waveform-1789004327509-23 D3 MODE_SWITCH_OK state=MODE_SWITCH_OK attempts=1 streak=0
[2026-09-10T01:42:17.490Z] batch=field-waveform-1789004327509-23 D4 MODE_SWITCH_START state=MODE_SWITCHING attempts=1 streak=0 attempt=1
[2026-09-10T01:42:17.502Z] batch=field-waveform-1789004327509-23 D4 MODE_SWITCH_OK state=MODE_SWITCH_OK attempts=1 streak=0
[2026-09-10T01:42:17.774Z] batch=field-waveform-1789004327509-23 D2 MODE_SWITCH_START state=MODE_SWITCHING attempts=1 streak=0 attempt=1
[2026-09-10T01:42:17.785Z] batch=field-waveform-1789004327509-23 D2 MODE_SWITCH_OK state=MODE_SWITCH_OK attempts=1 streak=0
[2026-09-10T01:42:17.796Z] batch=field-waveform-1789004327509-23 D6 MODE_SWITCH_START state=MODE_SWITCHING attempts=1 streak=0 attempt=1
[2026-09-10T01:42:17.798Z] batch=field-waveform-1789004327509-23 D6 MODE_SWITCH_OK state=MODE_SWITCH_OK attempts=1 streak=0
[2026-09-10T01:42:18.598Z] batch=field-waveform-1789004327509-23 D1 MODE_SWITCH_START state=MODE_SWITCHING attempts=1 streak=0 attempt=1
[2026-09-10T01:42:18.601Z] batch=field-waveform-1789004327509-23 D1 MODE_SWITCH_OK state=MODE_SWITCH_OK attempts=1 streak=0
[2026-09-10T01:42:27.576Z] batch=field-waveform-1789004327509-23 D5 MODE_SWITCH_START state=MODE_SWITCHING attempts=1 streak=0 attempt=1
[2026-09-10T01:42:27.588Z] batch=field-waveform-1789004327509-23 D5 MODE_SWITCH_OK state=MODE_SWITCH_OK attempts=1 streak=0
[2026-09-10T01:42:27.606Z] batch=field-waveform-1789004327509-23 D3 MODE_SWITCH_START state=MODE_SWITCHING attempts=1 streak=0 attempt=1
[2026-09-10T01:42:27.609Z] batch=field-waveform-1789004327509-23 D3 MODE_SWITCH_OK state=MODE_SWITCH_OK attempts=1 streak=0
[2026-09-10T01:42:27.620Z] batch=field-waveform-1789004327509-23 D4 MODE_SWITCH_START state=MODE_SWITCHING attempts=1 streak=0 attempt=1
[2026-09-10T01:42:27.627Z] batch=field-waveform-1789004327509-23 D4 MODE_SWITCH_OK state=MODE_SWITCH_OK attempts=1 streak=0
[2026-09-10T01:42:27.903Z] batch=field-waveform-1789004327509-23 D2 MODE_SWITCH_START state=MODE_SWITCHING attempts=1 streak=0 attempt=1
[2026-09-10T01:42:27.913Z] batch=field-waveform-1789004327509-23 D2 MODE_SWITCH_OK state=MODE_SWITCH_OK attempts=1 streak=0
[2026-09-10T01:42:27.925Z] batch=field-waveform-1789004327509-23 D6 MODE_SWITCH_START state=MODE_SWITCHING attempts=1 streak=0 attempt=1
[2026-09-10T01:42:27.934Z] batch=field-waveform-1789004327509-23 D6 MODE_SWITCH_OK state=MODE_SWITCH_OK attempts=1 streak=0
[2026-09-10T01:42:28.622Z] batch=field-waveform-1789004327509-23 D1 MODE_SWITCH_START state=MODE_SWITCHING attempts=1 streak=0 attempt=1
[2026-09-10T01:42:28.638Z] batch=field-waveform-1789004327509-23 D1 MODE_SWITCH_OK state=MODE_SWITCH_OK attempts=1 streak=0
[2026-09-10T01:42:37.610Z] batch=field-waveform-1789004327509-23 D5 MODE_SWITCH_START state=MODE_SWITCHING attempts=1 streak=0 attempt=1
[2026-09-10T01:42:37.614Z] batch=field-waveform-1789004327509-23 D5 MODE_SWITCH_OK state=MODE_SWITCH_OK attempts=1 streak=0
[2026-09-10T01:42:37.623Z] batch=field-waveform-1789004327509-23 D3 MODE_SWITCH_START state=MODE_SWITCHING attempts=1 streak=0 attempt=1
[2026-09-10T01:42:37.629Z] batch=field-waveform-1789004327509-23 D3 MODE_SWITCH_OK state=MODE_SWITCH_OK attempts=1 streak=0
[2026-09-10T01:42:37.639Z] batch=field-waveform-1789004327509-23 D4 MODE_SWITCH_START state=MODE_SWITCHING attempts=1 streak=0 attempt=1
[2026-09-10T01:42:37.656Z] batch=field-waveform-1789004327509-23 D4 MODE_SWITCH_OK state=MODE_SWITCH_OK attempts=1 streak=0
[2026-09-10T01:42:37.936Z] batch=field-waveform-1789004327509-23 D2 MODE_SWITCH_START state=MODE_SWITCHING attempts=1 streak=0 attempt=1
[2026-09-10T01:42:37.947Z] batch=field-waveform-1789004327509-23 D2 MODE_SWITCH_OK state=MODE_SWITCH_OK attempts=1 streak=0
[2026-09-10T01:42:37.956Z] batch=field-waveform-1789004327509-23 D6 MODE_SWITCH_START state=MODE_SWITCHING attempts=1 streak=0 attempt=1
[2026-09-10T01:42:37.957Z] batch=field-waveform-1789004327509-23 D6 MODE_SWITCH_OK state=MODE_SWITCH_OK attempts=1 streak=0
[2026-09-10T01:42:38.890Z] batch=field-waveform-1789004327509-23 D1 MODE_SWITCH_START state=MODE_SWITCHING attempts=1 streak=0 attempt=1
[2026-09-10T01:42:38.893Z] batch=field-waveform-1789004327509-23 D1 MODE_SWITCH_OK state=MODE_SWITCH_OK attempts=1 streak=0
[2026-09-10T01:42:47.677Z] batch=field-waveform-1789004327509-23 D5 MODE_SWITCH_START state=MODE_SWITCHING attempts=1 streak=0 attempt=1
[2026-09-10T01:42:47.689Z] batch=field-waveform-1789004327509-23 D5 MODE_SWITCH_OK state=MODE_SWITCH_OK attempts=1 streak=0
[2026-09-10T01:42:47.697Z] batch=field-waveform-1789004327509-23 D3 MODE_SWITCH_START state=MODE_SWITCHING attempts=1 streak=0 attempt=1
[2026-09-10T01:42:47.703Z] batch=field-waveform-1789004327509-23 D3 MODE_SWITCH_OK state=MODE_SWITCH_OK attempts=1 streak=0
[2026-09-10T01:42:47.712Z] batch=field-waveform-1789004327509-23 D4 MODE_SWITCH_START state=MODE_SWITCHING attempts=1 streak=0 attempt=1
[2026-09-10T01:42:47.714Z] batch=field-waveform-1789004327509-23 D4 MODE_SWITCH_OK state=MODE_SWITCH_OK attempts=1 streak=0
[2026-09-10T01:42:47.997Z] batch=field-waveform-1789004327509-23 D2 MODE_SWITCH_START state=MODE_SWITCHING attempts=1 streak=0 attempt=1
[2026-09-10T01:42:48.008Z] batch=field-waveform-1789004327509-23 D2 MODE_SWITCH_OK state=MODE_SWITCH_OK attempts=1 streak=0
[2026-09-10T01:42:48.018Z] batch=field-waveform-1789004327509-23 D6 MODE_SWITCH_START state=MODE_SWITCHING attempts=1 streak=0 attempt=1
[2026-09-10T01:42:48.027Z] batch=field-waveform-1789004327509-23 D6 MODE_SWITCH_OK state=MODE_SWITCH_OK attempts=1 streak=0
[2026-09-10T01:42:48.992Z] batch=field-waveform-1789004327509-23 D1 MODE_SWITCH_START state=MODE_SWITCHING attempts=1 streak=0 attempt=1
[2026-09-10T01:42:48.994Z] batch=field-waveform-1789004327509-23 D1 MODE_SWITCH_OK state=MODE_SWITCH_OK attempts=1 streak=0
[2026-09-10T01:42:57.724Z] batch=field-waveform-1789004327509-23 D5 MODE_SWITCH_START state=MODE_SWITCHING attempts=1 streak=0 attempt=1
[2026-09-10T01:42:57.738Z] batch=field-waveform-1789004327509-23 D5 MODE_SWITCH_OK state=MODE_SWITCH_OK attempts=1 streak=0
[2026-09-10T01:42:57.748Z] batch=field-waveform-1789004327509-23 D3 MODE_SWITCH_START state=MODE_SWITCHING attempts=1 streak=0 attempt=1
[2026-09-10T01:42:57.751Z] batch=field-waveform-1789004327509-23 D3 MODE_SWITCH_OK state=MODE_SWITCH_OK attempts=1 streak=0
[2026-09-10T01:42:57.761Z] batch=field-waveform-1789004327509-23 D4 MODE_SWITCH_START state=MODE_SWITCHING attempts=1 streak=0 attempt=1
[2026-09-10T01:42:57.764Z] batch=field-waveform-1789004327509-23 D4 MODE_SWITCH_OK state=MODE_SWITCH_OK attempts=1 streak=0
[2026-09-10T01:42:58.098Z] batch=field-waveform-1789004327509-23 D2 MODE_SWITCH_START state=MODE_SWITCHING attempts=1 streak=0 attempt=1
[2026-09-10T01:42:58.117Z] batch=field-waveform-1789004327509-23 D2 MODE_SWITCH_OK state=MODE_SWITCH_OK attempts=1 streak=0
[2026-09-10T01:42:58.126Z] batch=field-waveform-1789004327509-23 D6 MODE_SWITCH_START state=MODE_SWITCHING attempts=1 streak=0 attempt=1
[2026-09-10T01:42:58.133Z] batch=field-waveform-1789004327509-23 D6 MODE_SWITCH_OK state=MODE_SWITCH_OK attempts=1 streak=0
[2026-09-10T01:42:59.209Z] batch=field-waveform-1789004327509-23 D1 MODE_SWITCH_START state=MODE_SWITCHING attempts=1 streak=0 attempt=1
[2026-09-10T01:42:59.220Z] batch=field-waveform-1789004327509-23 D1 MODE_SWITCH_OK state=MODE_SWITCH_OK attempts=1 streak=0
[2026-09-10T01:43:07.858Z] batch=field-waveform-1789004327509-23 D5 MODE_SWITCH_START state=MODE_SWITCHING attempts=1 streak=0 attempt=1
[2026-09-10T01:43:07.869Z] batch=field-waveform-1789004327509-23 D5 MODE_SWITCH_OK state=MODE_SWITCH_OK attempts=1 streak=0
[2026-09-10T01:43:07.878Z] batch=field-waveform-1789004327509-23 D3 MODE_SWITCH_START state=MODE_SWITCHING attempts=1 streak=0 attempt=1
[2026-09-10T01:43:07.889Z] batch=field-waveform-1789004327509-23 D3 MODE_SWITCH_OK state=MODE_SWITCH_OK attempts=1 streak=0
[2026-09-10T01:43:07.910Z] batch=field-waveform-1789004327509-23 D4 MODE_SWITCH_START state=MODE_SWITCHING attempts=1 streak=0 attempt=1
[2026-09-10T01:43:07.912Z] batch=field-waveform-1789004327509-23 D4 MODE_SWITCH_OK state=MODE_SWITCH_OK attempts=1 streak=0
[2026-09-10T01:43:08.193Z] batch=field-waveform-1789004327509-23 D2 MODE_SWITCH_START state=MODE_SWITCHING attempts=1 streak=0 attempt=1
[2026-09-10T01:43:08.203Z] batch=field-waveform-1789004327509-23 D2 MODE_SWITCH_OK state=MODE_SWITCH_OK attempts=1 streak=0
[2026-09-10T01:43:08.213Z] batch=field-waveform-1789004327509-23 D6 MODE_SWITCH_START state=MODE_SWITCHING attempts=1 streak=0 attempt=1
[2026-09-10T01:43:08.224Z] batch=field-waveform-1789004327509-23 D6 MODE_SWITCH_OK state=MODE_SWITCH_OK attempts=1 streak=0
[2026-09-10T01:43:09.285Z] batch=field-waveform-1789004327509-23 D1 MODE_SWITCH_START state=MODE_SWITCHING attempts=1 streak=0 attempt=1
[2026-09-10T01:43:09.292Z] batch=field-waveform-1789004327509-23 D1 MODE_SWITCH_OK state=MODE_SWITCH_OK attempts=1 streak=0
[2026-09-10T01:43:17.926Z] batch=field-waveform-1789004327509-23 D5 MODE_SWITCH_START state=MODE_SWITCHING attempts=1 streak=0 attempt=1
[2026-09-10T01:43:17.929Z] batch=field-waveform-1789004327509-23 D5 MODE_SWITCH_OK state=MODE_SWITCH_OK attempts=1 streak=0
[2026-09-10T01:43:17.939Z] batch=field-waveform-1789004327509-23 D3 MODE_SWITCH_START state=MODE_SWITCHING attempts=1 streak=0 attempt=1
[2026-09-10T01:43:17.954Z] batch=field-waveform-1789004327509-23 D3 MODE_SWITCH_OK state=MODE_SWITCH_OK attempts=1 streak=0
[2026-09-10T01:43:17.964Z] batch=field-waveform-1789004327509-23 D4 MODE_SWITCH_START state=MODE_SWITCHING attempts=1 streak=0 attempt=1
[2026-09-10T01:43:17.965Z] batch=field-waveform-1789004327509-23 D4 MODE_SWITCH_OK state=MODE_SWITCH_OK attempts=1 streak=0
[2026-09-10T01:43:18.264Z] batch=field-waveform-1789004327509-23 D2 MODE_SWITCH_START state=MODE_SWITCHING attempts=1 streak=0 attempt=1
[2026-09-10T01:43:18.275Z] batch=field-waveform-1789004327509-23 D2 MODE_SWITCH_OK state=MODE_SWITCH_OK attempts=1 streak=0
[2026-09-10T01:43:18.292Z] batch=field-waveform-1789004327509-23 D6 MODE_SWITCH_START state=MODE_SWITCHING attempts=1 streak=0 attempt=1
[2026-09-10T01:43:18.295Z] batch=field-waveform-1789004327509-23 D6 MODE_SWITCH_OK state=MODE_SWITCH_OK attempts=1 streak=0
[2026-09-10T01:43:19.655Z] batch=field-waveform-1789004327509-23 D1 MODE_SWITCH_START state=MODE_SWITCHING attempts=1 streak=0 attempt=1
[2026-09-10T01:43:19.670Z] batch=field-waveform-1789004327509-23 D1 MODE_SWITCH_OK state=MODE_SWITCH_OK attempts=1 streak=0
[2026-09-10T01:43:28.156Z] batch=field-waveform-1789004327509-23 D5 MODE_SWITCH_START state=MODE_SWITCHING attempts=1 streak=0 attempt=1
[2026-09-10T01:43:28.158Z] batch=field-waveform-1789004327509-23 D5 MODE_SWITCH_OK state=MODE_SWITCH_OK attempts=1 streak=0
[2026-09-10T01:43:28.167Z] batch=field-waveform-1789004327509-23 D3 MODE_SWITCH_START state=MODE_SWITCHING attempts=1 streak=0 attempt=1
[2026-09-10T01:43:28.170Z] batch=field-waveform-1789004327509-23 D3 MODE_SWITCH_OK state=MODE_SWITCH_OK attempts=1 streak=0
[2026-09-10T01:43:28.181Z] batch=field-waveform-1789004327509-23 D4 MODE_SWITCH_START state=MODE_SWITCHING attempts=1 streak=0 attempt=1
[2026-09-10T01:43:28.191Z] batch=field-waveform-1789004327509-23 D4 MODE_SWITCH_OK state=MODE_SWITCH_OK attempts=1 streak=0
[2026-09-10T01:43:28.455Z] batch=field-waveform-1789004327509-23 D2 MODE_SWITCH_START state=MODE_SWITCHING attempts=1 streak=0 attempt=1
[2026-09-10T01:43:28.459Z] batch=field-waveform-1789004327509-23 D2 MODE_SWITCH_OK state=MODE_SWITCH_OK attempts=1 streak=0
[2026-09-10T01:43:28.469Z] batch=field-waveform-1789004327509-23 D6 MODE_SWITCH_START state=MODE_SWITCHING attempts=1 streak=0 attempt=1
[2026-09-10T01:43:28.471Z] batch=field-waveform-1789004327509-23 D6 MODE_SWITCH_OK state=MODE_SWITCH_OK attempts=1 streak=0
[2026-09-10T01:43:29.772Z] batch=field-waveform-1789004327509-23 D1 MODE_SWITCH_START state=MODE_SWITCHING attempts=1 streak=0 attempt=1
[2026-09-10T01:43:29.781Z] batch=field-waveform-1789004327509-23 D1 MODE_SWITCH_OK state=MODE_SWITCH_OK attempts=1 streak=0
[2026-09-10T01:43:38.423Z] batch=field-waveform-1789004327509-23 D5 MODE_SWITCH_START state=MODE_SWITCHING attempts=1 streak=0 attempt=1
[2026-09-10T01:43:38.424Z] batch=field-waveform-1789004327509-23 D5 MODE_SWITCH_OK state=MODE_SWITCH_OK attempts=1 streak=0
[2026-09-10T01:43:38.434Z] batch=field-waveform-1789004327509-23 D3 MODE_SWITCH_START state=MODE_SWITCHING attempts=1 streak=0 attempt=1
[2026-09-10T01:43:38.435Z] batch=field-waveform-1789004327509-23 D3 MODE_SWITCH_OK state=MODE_SWITCH_OK attempts=1 streak=0
[2026-09-10T01:43:38.445Z] batch=field-waveform-1789004327509-23 D4 MODE_SWITCH_START state=MODE_SWITCHING attempts=1 streak=0 attempt=1
[2026-09-10T01:43:38.446Z] batch=field-waveform-1789004327509-23 D4 MODE_SWITCH_OK state=MODE_SWITCH_OK attempts=1 streak=0
[2026-09-10T01:43:38.709Z] batch=field-waveform-1789004327509-23 D2 MODE_SWITCH_START state=MODE_SWITCHING attempts=1 streak=0 attempt=1
[2026-09-10T01:43:38.710Z] batch=field-waveform-1789004327509-23 D2 MODE_SWITCH_OK state=MODE_SWITCH_OK attempts=1 streak=0
[2026-09-10T01:43:38.720Z] batch=field-waveform-1789004327509-23 D6 MODE_SWITCH_START state=MODE_SWITCHING attempts=1 streak=0 attempt=1
[2026-09-10T01:43:38.722Z] batch=field-waveform-1789004327509-23 D6 MODE_SWITCH_OK state=MODE_SWITCH_OK attempts=1 streak=0
[2026-09-10T01:43:39.950Z] batch=field-waveform-1789004327509-23 D1 MODE_SWITCH_START state=MODE_SWITCHING attempts=1 streak=0 attempt=1
[2026-09-10T01:43:39.952Z] batch=field-waveform-1789004327509-23 D1 MODE_SWITCH_OK state=MODE_SWITCH_OK attempts=1 streak=0
[2026-09-10T01:43:48.481Z] batch=field-waveform-1789004327509-23 D5 MODE_SWITCH_START state=MODE_SWITCHING attempts=1 streak=0 attempt=1
[2026-09-10T01:43:48.492Z] batch=field-waveform-1789004327509-23 D5 MODE_SWITCH_OK state=MODE_SWITCH_OK attempts=1 streak=0
[2026-09-10T01:43:48.504Z] batch=field-waveform-1789004327509-23 D3 MODE_SWITCH_START state=MODE_SWITCHING attempts=1 streak=0 attempt=1
[2026-09-10T01:43:48.514Z] batch=field-waveform-1789004327509-23 D3 MODE_SWITCH_OK state=MODE_SWITCH_OK attempts=1 streak=0
[2026-09-10T01:43:48.523Z] batch=field-waveform-1789004327509-23 D4 MODE_SWITCH_START state=MODE_SWITCHING attempts=1 streak=0 attempt=1
[2026-09-10T01:43:48.536Z] batch=field-waveform-1789004327509-23 D4 MODE_SWITCH_OK state=MODE_SWITCH_OK attempts=1 streak=0
[2026-09-10T01:43:48.831Z] batch=field-waveform-1789004327509-23 D2 MODE_SWITCH_START state=MODE_SWITCHING attempts=1 streak=0 attempt=1
[2026-09-10T01:43:48.840Z] batch=field-waveform-1789004327509-23 D2 MODE_SWITCH_OK state=MODE_SWITCH_OK attempts=1 streak=0
[2026-09-10T01:43:48.851Z] batch=field-waveform-1789004327509-23 D6 MODE_SWITCH_START state=MODE_SWITCHING attempts=1 streak=0 attempt=1
[2026-09-10T01:43:48.863Z] batch=field-waveform-1789004327509-23 D6 MODE_SWITCH_OK state=MODE_SWITCH_OK attempts=1 streak=0
[2026-09-10T01:43:50.188Z] batch=field-waveform-1789004327509-23 D1 MODE_SWITCH_START state=MODE_SWITCHING attempts=1 streak=0 attempt=1
[2026-09-10T01:43:50.198Z] batch=field-waveform-1789004327509-23 D1 MODE_SWITCH_OK state=MODE_SWITCH_OK attempts=1 streak=0
[2026-09-10T01:43:58.525Z] batch=field-waveform-1789004327509-23 D5 MODE_SWITCH_START state=MODE_SWITCHING attempts=1 streak=0 attempt=1
[2026-09-10T01:43:58.535Z] batch=field-waveform-1789004327509-23 D5 MODE_SWITCH_OK state=MODE_SWITCH_OK attempts=1 streak=0
[2026-09-10T01:43:58.552Z] batch=field-waveform-1789004327509-23 D3 MODE_SWITCH_START state=MODE_SWITCHING attempts=1 streak=0 attempt=1
[2026-09-10T01:43:58.555Z] batch=field-waveform-1789004327509-23 D3 MODE_SWITCH_OK state=MODE_SWITCH_OK attempts=1 streak=0
[2026-09-10T01:43:58.569Z] batch=field-waveform-1789004327509-23 D4 MODE_SWITCH_START state=MODE_SWITCHING attempts=1 streak=0 attempt=1
[2026-09-10T01:43:58.572Z] batch=field-waveform-1789004327509-23 D4 MODE_SWITCH_OK state=MODE_SWITCH_OK attempts=1 streak=0
[2026-09-10T01:43:59.094Z] batch=field-waveform-1789004327509-23 D2 MODE_SWITCH_START state=MODE_SWITCHING attempts=1 streak=0 attempt=1
[2026-09-10T01:43:59.105Z] batch=field-waveform-1789004327509-23 D2 MODE_SWITCH_OK state=MODE_SWITCH_OK attempts=1 streak=0
[2026-09-10T01:43:59.115Z] batch=field-waveform-1789004327509-23 D6 MODE_SWITCH_START state=MODE_SWITCHING attempts=1 streak=0 attempt=1
[2026-09-10T01:43:59.125Z] batch=field-waveform-1789004327509-23 D6 MODE_SWITCH_OK state=MODE_SWITCH_OK attempts=1 streak=0
[2026-09-10T01:44:00.239Z] batch=field-waveform-1789004327509-23 D1 MODE_SWITCH_START state=MODE_SWITCHING attempts=1 streak=0 attempt=1
[2026-09-10T01:44:00.249Z] batch=field-waveform-1789004327509-23 D1 MODE_SWITCH_OK state=MODE_SWITCH_OK attempts=1 streak=0
[2026-09-10T01:44:08.593Z] batch=field-waveform-1789004327509-23 D5 MODE_SWITCH_START state=MODE_SWITCHING attempts=1 streak=0 attempt=1
[2026-09-10T01:44:08.596Z] batch=field-waveform-1789004327509-23 D5 MODE_SWITCH_OK state=MODE_SWITCH_OK attempts=1 streak=0
[2026-09-10T01:44:08.604Z] batch=field-waveform-1789004327509-23 D3 MODE_SWITCH_START state=MODE_SWITCHING attempts=1 streak=0 attempt=1
[2026-09-10T01:44:08.614Z] batch=field-waveform-1789004327509-23 D3 MODE_SWITCH_OK state=MODE_SWITCH_OK attempts=1 streak=0
[2026-09-10T01:44:08.626Z] batch=field-waveform-1789004327509-23 D4 MODE_SWITCH_START state=MODE_SWITCHING attempts=1 streak=0 attempt=1
[2026-09-10T01:44:08.633Z] batch=field-waveform-1789004327509-23 D4 MODE_SWITCH_OK state=MODE_SWITCH_OK attempts=1 streak=0
[2026-09-10T01:44:09.154Z] batch=field-waveform-1789004327509-23 D2 MODE_SWITCH_START state=MODE_SWITCHING attempts=1 streak=0 attempt=1
[2026-09-10T01:44:09.163Z] batch=field-waveform-1789004327509-23 D2 MODE_SWITCH_OK state=MODE_SWITCH_OK attempts=1 streak=0
[2026-09-10T01:44:09.173Z] batch=field-waveform-1789004327509-23 D6 MODE_SWITCH_START state=MODE_SWITCHING attempts=1 streak=0 attempt=1
[2026-09-10T01:44:09.184Z] batch=field-waveform-1789004327509-23 D6 MODE_SWITCH_OK state=MODE_SWITCH_OK attempts=1 streak=0
[2026-09-10T01:44:10.263Z] batch=field-waveform-1789004327509-23 D1 MODE_SWITCH_START state=MODE_SWITCHING attempts=1 streak=0 attempt=1
[2026-09-10T01:44:10.274Z] batch=field-waveform-1789004327509-23 D1 MODE_SWITCH_OK state=MODE_SWITCH_OK attempts=1 streak=0
[2026-09-10T01:44:18.755Z] batch=field-waveform-1789004327509-23 D5 MODE_SWITCH_START state=MODE_SWITCHING attempts=1 streak=0 attempt=1
[2026-09-10T01:44:18.765Z] batch=field-waveform-1789004327509-23 D5 MODE_SWITCH_OK state=MODE_SWITCH_OK attempts=1 streak=0
[2026-09-10T01:44:18.776Z] batch=field-waveform-1789004327509-23 D3 MODE_SWITCH_START state=MODE_SWITCHING attempts=1 streak=0 attempt=1
[2026-09-10T01:44:18.793Z] batch=field-waveform-1789004327509-23 D3 MODE_SWITCH_OK state=MODE_SWITCH_OK attempts=1 streak=0
[2026-09-10T01:44:18.803Z] batch=field-waveform-1789004327509-23 D4 MODE_SWITCH_START state=MODE_SWITCHING attempts=1 streak=0 attempt=1
[2026-09-10T01:44:18.805Z] batch=field-waveform-1789004327509-23 D4 MODE_SWITCH_OK state=MODE_SWITCH_OK attempts=1 streak=0
[2026-09-10T01:44:19.385Z] batch=field-waveform-1789004327509-23 D2 MODE_SWITCH_START state=MODE_SWITCHING attempts=1 streak=0 attempt=1
[2026-09-10T01:44:19.397Z] batch=field-waveform-1789004327509-23 D2 MODE_SWITCH_OK state=MODE_SWITCH_OK attempts=1 streak=0
[2026-09-10T01:44:19.407Z] batch=field-waveform-1789004327509-23 D6 MODE_SWITCH_START state=MODE_SWITCHING attempts=1 streak=0 attempt=1
[2026-09-10T01:44:19.412Z] batch=field-waveform-1789004327509-23 D6 MODE_SWITCH_OK state=MODE_SWITCH_OK attempts=1 streak=0
[2026-09-10T01:44:20.490Z] batch=field-waveform-1789004327509-23 D1 MODE_SWITCH_START state=MODE_SWITCHING attempts=1 streak=0 attempt=1
[2026-09-10T01:44:20.499Z] batch=field-waveform-1789004327509-23 D1 MODE_SWITCH_OK state=MODE_SWITCH_OK attempts=1 streak=0
[2026-09-10T01:44:28.818Z] batch=field-waveform-1789004327509-23 D5 MODE_SWITCH_START state=MODE_SWITCHING attempts=1 streak=0 attempt=1
[2026-09-10T01:44:28.832Z] batch=field-waveform-1789004327509-23 D5 MODE_SWITCH_OK state=MODE_SWITCH_OK attempts=1 streak=0
[2026-09-10T01:44:28.841Z] batch=field-waveform-1789004327509-23 D3 MODE_SWITCH_START state=MODE_SWITCHING attempts=1 streak=0 attempt=1
[2026-09-10T01:44:28.857Z] batch=field-waveform-1789004327509-23 D3 MODE_SWITCH_OK state=MODE_SWITCH_OK attempts=1 streak=0
[2026-09-10T01:44:28.874Z] batch=field-waveform-1789004327509-23 D4 MODE_SWITCH_START state=MODE_SWITCHING attempts=1 streak=0 attempt=1
[2026-09-10T01:44:28.877Z] batch=field-waveform-1789004327509-23 D4 MODE_SWITCH_OK state=MODE_SWITCH_OK attempts=1 streak=0
[2026-09-10T01:44:28.880Z] batch=field-waveform-1789004668879-24 D1 MODE_SWITCH_START state=MODE_SWITCHING attempts=1 streak=0 attempt=1
[2026-09-10T01:44:28.889Z] batch=field-waveform-1789004668879-24 D2 MODE_SWITCH_START state=MODE_SWITCHING attempts=1 streak=0 attempt=1
[2026-09-10T01:44:28.900Z] batch=field-waveform-1789004668879-24 D3 MODE_SWITCH_START state=MODE_SWITCHING attempts=1 streak=0 attempt=1
[2026-09-10T01:44:28.910Z] batch=field-waveform-1789004668879-24 D4 MODE_SWITCH_START state=MODE_SWITCHING attempts=1 streak=0 attempt=1
[2026-09-10T01:44:28.915Z] batch=field-waveform-1789004668879-24 D5 MODE_SWITCH_START state=MODE_SWITCHING attempts=1 streak=0 attempt=1
[2026-09-10T01:44:28.916Z] batch=field-waveform-1789004668879-24 D6 MODE_SWITCH_START state=MODE_SWITCHING attempts=1 streak=0 attempt=1
[2026-09-10T01:44:28.921Z] batch=field-waveform-1789004668879-24 D1 MODE_SWITCH_OK state=MODE_SWITCH_OK attempts=1 streak=0
[2026-09-10T01:44:28.921Z] batch=field-waveform-1789004668879-24 D2 MODE_SWITCH_OK state=MODE_SWITCH_OK attempts=1 streak=0
[2026-09-10T01:44:28.924Z] batch=field-waveform-1789004668879-24 D3 MODE_SWITCH_OK state=MODE_SWITCH_OK attempts=1 streak=0
[2026-09-10T01:44:28.926Z] batch=field-waveform-1789004668879-24 D4 MODE_SWITCH_OK state=MODE_SWITCH_OK attempts=1 streak=0
[2026-09-10T01:44:28.941Z] batch=field-waveform-1789004668879-24 D5 MODE_SWITCH_OK state=MODE_SWITCH_OK attempts=1 streak=0
[2026-09-10T01:44:28.948Z] batch=field-waveform-1789004668879-24 D6 MODE_SWITCH_OK state=MODE_SWITCH_OK attempts=1 streak=0
[2026-09-10T01:44:29.401Z] batch=field-waveform-1789004668879-24 D2 MODE_SWITCH_START state=MODE_SWITCHING attempts=1 streak=0 attempt=1
[2026-09-10T01:44:29.415Z] batch=field-waveform-1789004668879-24 D2 MODE_SWITCH_OK state=MODE_SWITCH_OK attempts=1 streak=0
[2026-09-10T01:44:29.433Z] batch=field-waveform-1789004668879-24 D6 MODE_SWITCH_START state=MODE_SWITCHING attempts=1 streak=0 attempt=1
[2026-09-10T01:44:29.444Z] batch=field-waveform-1789004668879-24 D6 MODE_SWITCH_OK state=MODE_SWITCH_OK attempts=1 streak=0
[2026-09-10T01:44:30.515Z] batch=field-waveform-1789004668879-24 D1 MODE_SWITCH_START state=MODE_SWITCHING attempts=1 streak=0 attempt=1
[2026-09-10T01:44:30.524Z] batch=field-waveform-1789004668879-24 D1 MODE_SWITCH_OK state=MODE_SWITCH_OK attempts=1 streak=0
[2026-09-10T01:44:38.835Z] batch=field-waveform-1789004668879-24 D5 MODE_SWITCH_START state=MODE_SWITCHING attempts=1 streak=0 attempt=1
[2026-09-10T01:44:38.839Z] batch=field-waveform-1789004668879-24 D5 MODE_SWITCH_OK state=MODE_SWITCH_OK attempts=1 streak=0
[2026-09-10T01:44:38.862Z] batch=field-waveform-1789004668879-24 D3 MODE_SWITCH_START state=MODE_SWITCHING attempts=1 streak=0 attempt=1
[2026-09-10T01:44:38.874Z] batch=field-waveform-1789004668879-24 D3 MODE_SWITCH_OK state=MODE_SWITCH_OK attempts=1 streak=0
[2026-09-10T01:44:38.876Z] batch=field-waveform-1789004668879-24 D4 MODE_SWITCH_START state=MODE_SWITCHING attempts=1 streak=0 attempt=1
[2026-09-10T01:44:38.879Z] batch=field-waveform-1789004668879-24 D4 MODE_SWITCH_OK state=MODE_SWITCH_OK attempts=1 streak=0
[2026-09-10T01:44:39.419Z] batch=field-waveform-1789004668879-24 D2 MODE_SWITCH_START state=MODE_SWITCHING attempts=1 streak=0 attempt=1
[2026-09-10T01:44:39.427Z] batch=field-waveform-1789004668879-24 D2 MODE_SWITCH_OK state=MODE_SWITCH_OK attempts=1 streak=0
[2026-09-10T01:44:39.445Z] batch=field-waveform-1789004668879-24 D6 MODE_SWITCH_START state=MODE_SWITCHING attempts=1 streak=0 attempt=1
[2026-09-10T01:44:39.461Z] batch=field-waveform-1789004668879-24 D6 MODE_SWITCH_OK state=MODE_SWITCH_OK attempts=1 streak=0
[2026-09-10T01:44:40.535Z] batch=field-waveform-1789004668879-24 D1 MODE_SWITCH_START state=MODE_SWITCHING attempts=1 streak=0 attempt=1
[2026-09-10T01:44:40.539Z] batch=field-waveform-1789004668879-24 D1 MODE_SWITCH_OK state=MODE_SWITCH_OK attempts=1 streak=0
[2026-09-10T01:44:48.846Z] batch=field-waveform-1789004668879-24 D5 MODE_SWITCH_START state=MODE_SWITCHING attempts=1 streak=0 attempt=1
[2026-09-10T01:44:48.870Z] batch=field-waveform-1789004668879-24 D5 MODE_SWITCH_OK state=MODE_SWITCH_OK attempts=1 streak=0
[2026-09-10T01:44:48.874Z] batch=field-waveform-1789004668879-24 D3 MODE_SWITCH_START state=MODE_SWITCHING attempts=1 streak=0 attempt=1
[2026-09-10T01:44:48.877Z] batch=field-waveform-1789004668879-24 D3 MODE_SWITCH_OK state=MODE_SWITCH_OK attempts=1 streak=0
[2026-09-10T01:44:48.882Z] batch=field-waveform-1789004668879-24 D4 MODE_SWITCH_START state=MODE_SWITCHING attempts=1 streak=0 attempt=1
[2026-09-10T01:44:48.886Z] batch=field-waveform-1789004668879-24 D4 MODE_SWITCH_OK state=MODE_SWITCH_OK attempts=1 streak=0
[2026-09-10T01:44:49.430Z] batch=field-waveform-1789004668879-24 D2 MODE_SWITCH_START state=MODE_SWITCHING attempts=1 streak=0 attempt=1
[2026-09-10T01:44:49.452Z] batch=field-waveform-1789004668879-24 D2 MODE_SWITCH_OK state=MODE_SWITCH_OK attempts=1 streak=0
[2026-09-10T01:44:49.475Z] batch=field-waveform-1789004668879-24 D6 MODE_SWITCH_START state=MODE_SWITCHING attempts=1 streak=0 attempt=1
[2026-09-10T01:44:49.476Z] batch=field-waveform-1789004668879-24 D6 MODE_SWITCH_OK state=MODE_SWITCH_OK attempts=1 streak=0
[2026-09-10T01:44:50.547Z] batch=field-waveform-1789004668879-24 D1 MODE_SWITCH_START state=MODE_SWITCHING attempts=1 streak=0 attempt=1
[2026-09-10T01:44:50.552Z] batch=field-waveform-1789004668879-24 D1 MODE_SWITCH_OK state=MODE_SWITCH_OK attempts=1 streak=0
[2026-09-10T01:44:55.613Z] batch=field-waveform-1789004668879-24 D1 FIRST_FRAME state=FIRST_FRAME_RECEIVED attempts=1 streak=1
[2026-09-10T01:44:55.614Z] batch=field-waveform-1789004668879-24 D1 FIRST_VALID_SAMPLE state=FIRST_FRAME_RECEIVED attempts=1 streak=1
[2026-09-10T01:44:55.874Z] batch=field-waveform-1789004668879-24 D1 CHANNEL_SYNC_OK state=TEST_READY attempts=1 streak=5
[2026-09-10T01:44:55.874Z] batch=field-waveform-1789004668879-24 D1 TEST_READY state=TEST_READY attempts=1 streak=5
[2026-09-10T01:44:58.878Z] batch=field-waveform-1789004668879-24 D5 MODE_SWITCH_START state=MODE_SWITCHING attempts=1 streak=0 attempt=1
[2026-09-10T01:44:58.889Z] batch=field-waveform-1789004668879-24 D5 MODE_SWITCH_OK state=MODE_SWITCH_OK attempts=1 streak=0
[2026-09-10T01:44:58.891Z] batch=field-waveform-1789004668879-24 D3 MODE_SWITCH_START state=MODE_SWITCHING attempts=1 streak=0 attempt=1
[2026-09-10T01:44:58.894Z] batch=field-waveform-1789004668879-24 D3 MODE_SWITCH_OK state=MODE_SWITCH_OK attempts=1 streak=0
[2026-09-10T01:44:58.900Z] batch=field-waveform-1789004668879-24 D4 MODE_SWITCH_START state=MODE_SWITCHING attempts=1 streak=0 attempt=1
[2026-09-10T01:44:58.906Z] batch=field-waveform-1789004668879-24 D4 MODE_SWITCH_OK state=MODE_SWITCH_OK attempts=1 streak=0
[2026-09-10T01:44:59.466Z] batch=field-waveform-1789004668879-24 D2 MODE_SWITCH_START state=MODE_SWITCHING attempts=1 streak=0 attempt=1
[2026-09-10T01:44:59.469Z] batch=field-waveform-1789004668879-24 D2 MODE_SWITCH_OK state=MODE_SWITCH_OK attempts=1 streak=0
[2026-09-10T01:44:59.477Z] batch=field-waveform-1789004668879-24 D6 MODE_SWITCH_START state=MODE_SWITCHING attempts=1 streak=0 attempt=1
[2026-09-10T01:44:59.491Z] batch=field-waveform-1789004668879-24 D6 MODE_SWITCH_OK state=MODE_SWITCH_OK attempts=1 streak=0
[2026-09-10T01:45:03.952Z] batch=field-waveform-1789004668879-24 D3 FIRST_FRAME state=FIRST_FRAME_RECEIVED attempts=1 streak=1
[2026-09-10T01:45:03.952Z] batch=field-waveform-1789004668879-24 D3 FIRST_VALID_SAMPLE state=FIRST_FRAME_RECEIVED attempts=1 streak=1
[2026-09-10T01:45:03.960Z] batch=field-waveform-1789004668879-24 D5 FIRST_FRAME state=FIRST_FRAME_RECEIVED attempts=1 streak=1
[2026-09-10T01:45:03.960Z] batch=field-waveform-1789004668879-24 D5 FIRST_VALID_SAMPLE state=FIRST_FRAME_RECEIVED attempts=1 streak=1
[2026-09-10T01:45:03.988Z] batch=field-waveform-1789004668879-24 D4 FIRST_FRAME state=FIRST_FRAME_RECEIVED attempts=1 streak=1
[2026-09-10T01:45:03.988Z] batch=field-waveform-1789004668879-24 D4 FIRST_VALID_SAMPLE state=FIRST_FRAME_RECEIVED attempts=1 streak=1
[2026-09-10T01:45:04.202Z] batch=field-waveform-1789004668879-24 D3 CHANNEL_SYNC_OK state=TEST_READY attempts=1 streak=5
[2026-09-10T01:45:04.202Z] batch=field-waveform-1789004668879-24 D3 TEST_READY state=TEST_READY attempts=1 streak=5
[2026-09-10T01:45:04.213Z] batch=field-waveform-1789004668879-24 D5 CHANNEL_SYNC_OK state=TEST_READY attempts=1 streak=5
[2026-09-10T01:45:04.213Z] batch=field-waveform-1789004668879-24 D5 TEST_READY state=TEST_READY attempts=1 streak=5
[2026-09-10T01:45:04.229Z] batch=field-waveform-1789004668879-24 D4 CHANNEL_SYNC_OK state=TEST_READY attempts=1 streak=5
[2026-09-10T01:45:04.229Z] batch=field-waveform-1789004668879-24 D4 TEST_READY state=TEST_READY attempts=1 streak=5
[2026-09-10T01:45:04.526Z] batch=field-waveform-1789004668879-24 D2 FIRST_FRAME state=FIRST_FRAME_RECEIVED attempts=1 streak=1
[2026-09-10T01:45:04.526Z] batch=field-waveform-1789004668879-24 D2 FIRST_VALID_SAMPLE state=FIRST_FRAME_RECEIVED attempts=1 streak=1
[2026-09-10T01:45:04.536Z] batch=field-waveform-1789004668879-24 D6 FIRST_FRAME state=FIRST_FRAME_RECEIVED attempts=1 streak=1
[2026-09-10T01:45:04.537Z] batch=field-waveform-1789004668879-24 D6 FIRST_VALID_SAMPLE state=FIRST_FRAME_RECEIVED attempts=1 streak=1
[2026-09-10T01:45:04.777Z] batch=field-waveform-1789004668879-24 D2 CHANNEL_SYNC_OK state=TEST_READY attempts=1 streak=5
[2026-09-10T01:45:04.777Z] batch=field-waveform-1789004668879-24 D2 TEST_READY state=TEST_READY attempts=1 streak=5
[2026-09-10T01:45:04.792Z] batch=field-waveform-1789004668879-24 D6 CHANNEL_SYNC_OK state=TEST_READY attempts=1 streak=5
[2026-09-10T01:45:04.792Z] batch=field-waveform-1789004668879-24 D6 TEST_READY state=TEST_READY attempts=1 streak=5
[2026-09-10T01:46:07.313Z] batch=field-waveform-1789004668879-24 D1 MODE_SWITCH_START state=MODE_SWITCHING attempts=1 streak=0 attempt=1
[2026-09-10T01:46:07.316Z] batch=field-waveform-1789004668879-24 D1 MODE_SWITCH_OK state=MODE_SWITCH_OK attempts=1 streak=0
[2026-09-10T01:46:07.718Z] batch=field-waveform-1789004668879-24 D5 MODE_SWITCH_START state=MODE_SWITCHING attempts=1 streak=0 attempt=1
[2026-09-10T01:46:07.729Z] batch=field-waveform-1789004668879-24 D5 MODE_SWITCH_OK state=MODE_SWITCH_OK attempts=1 streak=0
[2026-09-10T01:46:07.736Z] batch=field-waveform-1789004668879-24 D6 MODE_SWITCH_START state=MODE_SWITCHING attempts=1 streak=0 attempt=1
[2026-09-10T01:46:07.738Z] batch=field-waveform-1789004668879-24 D6 MODE_SWITCH_OK state=MODE_SWITCH_OK attempts=1 streak=0
[2026-09-10T01:46:07.848Z] batch=field-waveform-1789004668879-24 D2 MODE_SWITCH_START state=MODE_SWITCHING attempts=1 streak=0 attempt=1
[2026-09-10T01:46:07.857Z] batch=field-waveform-1789004668879-24 D2 MODE_SWITCH_OK state=MODE_SWITCH_OK attempts=1 streak=0
[2026-09-10T01:46:07.865Z] batch=field-waveform-1789004668879-24 D4 MODE_SWITCH_START state=MODE_SWITCHING attempts=1 streak=0 attempt=1
[2026-09-10T01:46:07.874Z] batch=field-waveform-1789004668879-24 D4 MODE_SWITCH_OK state=MODE_SWITCH_OK attempts=1 streak=0
[2026-09-10T01:46:08.081Z] batch=field-waveform-1789004668879-24 D3 MODE_SWITCH_START state=MODE_SWITCHING attempts=1 streak=0 attempt=1
[2026-09-10T01:46:08.091Z] batch=field-waveform-1789004668879-24 D3 MODE_SWITCH_OK state=MODE_SWITCH_OK attempts=1 streak=0
[2026-09-10T01:46:17.328Z] batch=field-waveform-1789004668879-24 D1 MODE_SWITCH_START state=MODE_SWITCHING attempts=1 streak=0 attempt=1
[2026-09-10T01:46:17.338Z] batch=field-waveform-1789004668879-24 D1 MODE_SWITCH_OK state=MODE_SWITCH_OK attempts=1 streak=0
[2026-09-10T01:46:17.736Z] batch=field-waveform-1789004668879-24 D5 MODE_SWITCH_START state=MODE_SWITCHING attempts=1 streak=0 attempt=1
[2026-09-10T01:46:17.746Z] batch=field-waveform-1789004668879-24 D5 MODE_SWITCH_OK state=MODE_SWITCH_OK attempts=1 streak=0
[2026-09-10T01:46:17.756Z] batch=field-waveform-1789004668879-24 D6 MODE_SWITCH_START state=MODE_SWITCHING attempts=1 streak=0 attempt=1
[2026-09-10T01:46:17.766Z] batch=field-waveform-1789004668879-24 D6 MODE_SWITCH_OK state=MODE_SWITCH_OK attempts=1 streak=0
[2026-09-10T01:46:17.870Z] batch=field-waveform-1789004668879-24 D2 MODE_SWITCH_START state=MODE_SWITCHING attempts=1 streak=0 attempt=1
[2026-09-10T01:46:17.878Z] batch=field-waveform-1789004668879-24 D2 MODE_SWITCH_OK state=MODE_SWITCH_OK attempts=1 streak=0
[2026-09-10T01:46:17.887Z] batch=field-waveform-1789004668879-24 D4 MODE_SWITCH_START state=MODE_SWITCHING attempts=1 streak=0 attempt=1
[2026-09-10T01:46:17.890Z] batch=field-waveform-1789004668879-24 D4 MODE_SWITCH_OK state=MODE_SWITCH_OK attempts=1 streak=0
[2026-09-10T01:46:18.165Z] batch=field-waveform-1789004668879-24 D3 MODE_SWITCH_START state=MODE_SWITCHING attempts=1 streak=0 attempt=1
[2026-09-10T01:46:18.175Z] batch=field-waveform-1789004668879-24 D3 MODE_SWITCH_OK state=MODE_SWITCH_OK attempts=1 streak=0
[2026-09-10T01:46:22.503Z] batch=field-waveform-1789004668879-24 D1 FIRST_FRAME state=FIRST_FRAME_RECEIVED attempts=1 streak=1
[2026-09-10T01:46:22.503Z] batch=field-waveform-1789004668879-24 D1 FIRST_VALID_SAMPLE state=FIRST_FRAME_RECEIVED attempts=1 streak=1
[2026-09-10T01:46:22.661Z] batch=field-waveform-1789004668879-24 D1 CHANNEL_SYNC_OK state=TEST_READY attempts=1 streak=5
[2026-09-10T01:46:22.662Z] batch=field-waveform-1789004668879-24 D1 TEST_READY state=TEST_READY attempts=1 streak=5
[2026-09-10T01:46:22.891Z] batch=field-waveform-1789004668879-24 D5 FIRST_FRAME state=FIRST_FRAME_RECEIVED attempts=1 streak=1
[2026-09-10T01:46:22.892Z] batch=field-waveform-1789004668879-24 D5 FIRST_VALID_SAMPLE state=FIRST_FRAME_RECEIVED attempts=1 streak=1
[2026-09-10T01:46:22.893Z] batch=field-waveform-1789004668879-24 D6 FIRST_FRAME state=FIRST_FRAME_RECEIVED attempts=1 streak=1
[2026-09-10T01:46:22.893Z] batch=field-waveform-1789004668879-24 D6 FIRST_VALID_SAMPLE state=FIRST_FRAME_RECEIVED attempts=1 streak=1
[2026-09-10T01:46:23.109Z] batch=field-waveform-1789004668879-24 D2 FIRST_FRAME state=FIRST_FRAME_RECEIVED attempts=1 streak=1
[2026-09-10T01:46:23.110Z] batch=field-waveform-1789004668879-24 D2 FIRST_VALID_SAMPLE state=FIRST_FRAME_RECEIVED attempts=1 streak=1
[2026-09-10T01:46:23.113Z] batch=field-waveform-1789004668879-24 D4 FIRST_FRAME state=FIRST_FRAME_RECEIVED attempts=1 streak=1
[2026-09-10T01:46:23.113Z] batch=field-waveform-1789004668879-24 D4 FIRST_VALID_SAMPLE state=FIRST_FRAME_RECEIVED attempts=1 streak=1
[2026-09-10T01:46:23.128Z] batch=field-waveform-1789004668879-24 D5 CHANNEL_SYNC_OK state=TEST_READY attempts=1 streak=5
[2026-09-10T01:46:23.129Z] batch=field-waveform-1789004668879-24 D5 TEST_READY state=TEST_READY attempts=1 streak=5
[2026-09-10T01:46:23.132Z] batch=field-waveform-1789004668879-24 D6 CHANNEL_SYNC_OK state=TEST_READY attempts=1 streak=5
[2026-09-10T01:46:23.132Z] batch=field-waveform-1789004668879-24 D6 TEST_READY state=TEST_READY attempts=1 streak=5
[2026-09-10T01:46:23.451Z] batch=field-waveform-1789004668879-24 D2 CHANNEL_SYNC_OK state=TEST_READY attempts=1 streak=5
[2026-09-10T01:46:23.451Z] batch=field-waveform-1789004668879-24 D2 TEST_READY state=TEST_READY attempts=1 streak=5
[2026-09-10T01:46:23.454Z] batch=field-waveform-1789004668879-24 D4 CHANNEL_SYNC_OK state=TEST_READY attempts=1 streak=5
[2026-09-10T01:46:23.454Z] batch=field-waveform-1789004668879-24 D4 TEST_READY state=TEST_READY attempts=1 streak=5
[2026-09-10T01:46:23.461Z] batch=field-waveform-1789004668879-24 D3 FIRST_FRAME state=FIRST_FRAME_RECEIVED attempts=1 streak=1
[2026-09-10T01:46:23.462Z] batch=field-waveform-1789004668879-24 D3 FIRST_VALID_SAMPLE state=FIRST_FRAME_RECEIVED attempts=1 streak=1
[2026-09-10T01:46:23.680Z] batch=field-waveform-1789004668879-24 D3 CHANNEL_SYNC_OK state=TEST_READY attempts=1 streak=5
[2026-09-10T01:46:23.681Z] batch=field-waveform-1789004668879-24 D3 TEST_READY state=TEST_READY attempts=1 streak=5
[2026-09-10T01:46:58.363Z] batch=field-waveform-1789004668879-24 D3 MODE_SWITCH_START state=MODE_SWITCHING attempts=1 streak=0 attempt=1
[2026-09-10T01:46:58.373Z] batch=field-waveform-1789004668879-24 D3 MODE_SWITCH_OK state=MODE_SWITCH_OK attempts=1 streak=0
