[2026-09-10T09:49:51.039Z] batch=field-waveform-1789033785456-12 D4 MODE_SWITCH_START state=MODE_SWITCHING attempts=1 streak=0 attempt=1
[2026-09-10T09:49:51.048Z] batch=field-waveform-1789033785456-12 D4 MODE_SWITCH_OK state=MODE_SWITCH_OK attempts=1 streak=0
[2026-09-10T09:49:51.050Z] batch=field-waveform-1789033785456-12 D3 MODE_SWITCH_START state=MODE_SWITCHING attempts=1 streak=0 attempt=1
[2026-09-10T09:49:51.062Z] batch=field-waveform-1789033785456-12 D3 MODE_SWITCH_OK state=MODE_SWITCH_OK attempts=1 streak=0
[2026-09-10T09:49:51.064Z] batch=field-waveform-1789033785456-12 D5 MODE_SWITCH_START state=MODE_SWITCHING attempts=1 streak=0 attempt=1
[2026-09-10T09:49:51.078Z] batch=field-waveform-1789033785456-12 D5 MODE_SWITCH_OK state=MODE_SWITCH_OK attempts=1 streak=0
[2026-09-10T09:49:51.089Z] batch=field-waveform-1789033785456-12 D2 MODE_SWITCH_START state=MODE_SWITCHING attempts=1 streak=0 attempt=1
[2026-09-10T09:49:51.096Z] batch=field-waveform-1789033785456-12 D2 MODE_SWITCH_OK state=MODE_SWITCH_OK attempts=1 streak=0
[2026-09-10T09:49:51.097Z] batch=field-waveform-1789033785456-12 D1 MODE_SWITCH_START state=MODE_SWITCHING attempts=1 streak=0 attempt=1
[2026-09-10T09:49:51.098Z] batch=field-waveform-1789033785456-12 D1 MODE_SWITCH_OK state=MODE_SWITCH_OK attempts=1 streak=0
[2026-09-10T09:49:51.101Z] batch=field-waveform-1789033785456-12 D6 MODE_SWITCH_START state=MODE_SWITCHING attempts=1 streak=0 attempt=1
[2026-09-10T09:49:51.105Z] batch=field-waveform-1789033785456-12 D6 MODE_SWITCH_OK state=MODE_SWITCH_OK attempts=1 streak=0
[2026-09-10T09:50:01.059Z] batch=field-waveform-1789033785456-12 D4 MODE_SWITCH_START state=MODE_SWITCHING attempts=1 streak=0 attempt=1
[2026-09-10T09:50:01.083Z] batch=field-waveform-1789033785456-12 D4 MODE_SWITCH_OK state=MODE_SWITCH_OK attempts=1 streak=0
[2026-09-10T09:50:01.084Z] batch=field-waveform-1789033785456-12 D3 MODE_SWITCH_START state=MODE_SWITCHING attempts=1 streak=0 attempt=1
[2026-09-10T09:50:01.087Z] batch=field-waveform-1789033785456-12 D3 MODE_SWITCH_OK state=MODE_SWITCH_OK attempts=1 streak=0
[2026-09-10T09:50:01.089Z] batch=field-waveform-1789033785456-12 D5 MODE_SWITCH_START state=MODE_SWITCHING attempts=1 streak=0 attempt=1
[2026-09-10T09:50:01.091Z] batch=field-waveform-1789033785456-12 D5 MODE_SWITCH_OK state=MODE_SWITCH_OK attempts=1 streak=0
[2026-09-10T09:50:01.096Z] batch=field-waveform-1789033785456-12 D2 MODE_SWITCH_START state=MODE_SWITCHING attempts=1 streak=0 attempt=1
[2026-09-10T09:50:01.099Z] batch=field-waveform-1789033785456-12 D2 MODE_SWITCH_OK state=MODE_SWITCH_OK attempts=1 streak=0
[2026-09-10T09:50:01.100Z] batch=field-waveform-1789033785456-12 D1 MODE_SWITCH_START state=MODE_SWITCHING attempts=1 streak=0 attempt=1
[2026-09-10T09:50:01.101Z] batch=field-waveform-1789033785456-12 D1 MODE_SWITCH_OK state=MODE_SWITCH_OK attempts=1 streak=0
[2026-09-10T09:50:01.106Z] batch=field-waveform-1789033785456-12 D6 MODE_SWITCH_START state=MODE_SWITCHING attempts=1 streak=0 attempt=1
[2026-09-10T09:50:01.107Z] batch=field-waveform-1789033785456-12 D6 MODE_SWITCH_OK state=MODE_SWITCH_OK attempts=1 streak=0
[2026-09-10T09:50:11.086Z] batch=field-waveform-1789033785456-12 D4 MODE_SWITCH_START state=MODE_SWITCHING attempts=1 streak=0 attempt=1
[2026-09-10T09:50:11.091Z] batch=field-waveform-1789033785456-12 D4 MODE_SWITCH_OK state=MODE_SWITCH_OK attempts=1 streak=0
[2026-09-10T09:50:11.093Z] batch=field-waveform-1789033785456-12 D3 MODE_SWITCH_START state=MODE_SWITCHING attempts=1 streak=0 attempt=1
[2026-09-10T09:50:11.096Z] batch=field-waveform-1789033785456-12 D3 MODE_SWITCH_OK state=MODE_SWITCH_OK attempts=1 streak=0
[2026-09-10T09:50:11.098Z] batch=field-waveform-1789033785456-12 D5 MODE_SWITCH_START state=MODE_SWITCHING attempts=1 streak=0 attempt=1
[2026-09-10T09:50:11.109Z] batch=field-waveform-1789033785456-12 D5 MODE_SWITCH_OK state=MODE_SWITCH_OK attempts=1 streak=0
[2026-09-10T09:50:11.112Z] batch=field-waveform-1789033785456-12 D2 MODE_SWITCH_START state=MODE_SWITCHING attempts=1 streak=0 attempt=1
[2026-09-10T09:50:11.114Z] batch=field-waveform-1789033785456-12 D2 MODE_SWITCH_OK state=MODE_SWITCH_OK attempts=1 streak=0
[2026-09-10T09:50:11.116Z] batch=field-waveform-1789033785456-12 D1 MODE_SWITCH_START state=MODE_SWITCHING attempts=1 streak=0 attempt=1
[2026-09-10T09:50:11.125Z] batch=field-waveform-1789033785456-12 D1 MODE_SWITCH_OK state=MODE_SWITCH_OK attempts=1 streak=0
[2026-09-10T09:50:11.126Z] batch=field-waveform-1789033785456-12 D6 MODE_SWITCH_START state=MODE_SWITCHING attempts=1 streak=0 attempt=1
[2026-09-10T09:50:11.127Z] batch=field-waveform-1789033785456-12 D6 MODE_SWITCH_OK state=MODE_SWITCH_OK attempts=1 streak=0
[2026-09-10T09:50:16.146Z] batch=field-waveform-1789033785456-12 D5 FIRST_FRAME state=FIRST_FRAME_RECEIVED attempts=1 streak=1
[2026-09-10T09:50:16.146Z] batch=field-waveform-1789033785456-12 D5 FIRST_VALID_SAMPLE state=FIRST_FRAME_RECEIVED attempts=1 streak=1
[2026-09-10T09:50:16.169Z] batch=field-waveform-1789033785456-12 D2 FIRST_FRAME state=FIRST_FRAME_RECEIVED attempts=1 streak=1
[2026-09-10T09:50:16.170Z] batch=field-waveform-1789033785456-12 D2 FIRST_VALID_SAMPLE state=FIRST_FRAME_RECEIVED attempts=1 streak=1
[2026-09-10T09:50:16.176Z] batch=field-waveform-1789033785456-12 D1 FIRST_FRAME state=FIRST_FRAME_RECEIVED attempts=1 streak=1
[2026-09-10T09:50:16.176Z] batch=field-waveform-1789033785456-12 D1 FIRST_VALID_SAMPLE state=FIRST_FRAME_RECEIVED attempts=1 streak=1
[2026-09-10T09:50:16.181Z] batch=field-waveform-1789033785456-12 D4 FIRST_FRAME state=FIRST_FRAME_RECEIVED attempts=1 streak=1
[2026-09-10T09:50:16.181Z] batch=field-waveform-1789033785456-12 D4 FIRST_VALID_SAMPLE state=FIRST_FRAME_RECEIVED attempts=1 streak=1
[2026-09-10T09:50:16.183Z] batch=field-waveform-1789033785456-12 D6 FIRST_FRAME state=FIRST_FRAME_RECEIVED attempts=1 streak=1
[2026-09-10T09:50:16.184Z] batch=field-waveform-1789033785456-12 D6 FIRST_VALID_SAMPLE state=FIRST_FRAME_RECEIVED attempts=1 streak=1
[2026-09-10T09:50:16.190Z] batch=field-waveform-1789033785456-12 D3 FIRST_FRAME state=FIRST_FRAME_RECEIVED attempts=1 streak=1
[2026-09-10T09:50:16.190Z] batch=field-waveform-1789033785456-12 D3 FIRST_VALID_SAMPLE state=FIRST_FRAME_RECEIVED attempts=1 streak=1
[2026-09-10T09:50:16.402Z] batch=field-waveform-1789033785456-12 D5 CHANNEL_SYNC_OK state=TEST_READY attempts=1 streak=5
[2026-09-10T09:50:16.402Z] batch=field-waveform-1789033785456-12 D5 TEST_READY state=TEST_READY attempts=1 streak=5
[2026-09-10T09:50:16.422Z] batch=field-waveform-1789033785456-12 D2 CHANNEL_SYNC_OK state=TEST_READY attempts=1 streak=5
[2026-09-10T09:50:16.422Z] batch=field-waveform-1789033785456-12 D2 TEST_READY state=TEST_READY attempts=1 streak=5
[2026-09-10T09:50:16.432Z] batch=field-waveform-1789033785456-12 D4 CHANNEL_SYNC_OK state=TEST_READY attempts=1 streak=5
[2026-09-10T09:50:16.432Z] batch=field-waveform-1789033785456-12 D4 TEST_READY state=TEST_READY attempts=1 streak=5
[2026-09-10T09:50:16.434Z] batch=field-waveform-1789033785456-12 D1 CHANNEL_SYNC_OK state=TEST_READY attempts=1 streak=5
[2026-09-10T09:50:16.434Z] batch=field-waveform-1789033785456-12 D1 TEST_READY state=TEST_READY attempts=1 streak=5
[2026-09-10T09:50:16.441Z] batch=field-waveform-1789033785456-12 D3 CHANNEL_SYNC_OK state=TEST_READY attempts=1 streak=5
[2026-09-10T09:50:16.441Z] batch=field-waveform-1789033785456-12 D3 TEST_READY state=TEST_READY attempts=1 streak=5
[2026-09-10T09:50:16.447Z] batch=field-waveform-1789033785456-12 D6 CHANNEL_SYNC_OK state=TEST_READY attempts=1 streak=5
[2026-09-10T09:50:16.447Z] batch=field-waveform-1789033785456-12 D6 TEST_READY state=TEST_READY attempts=1 streak=5
[2026-09-10T09:50:27.235Z] batch=field-waveform-1789033785456-12 D2 MODE_SWITCH_START state=MODE_SWITCHING attempts=1 streak=0 attempt=1
[2026-09-10T09:50:27.236Z] batch=field-waveform-1789033785456-12 D2 MODE_SWITCH_OK state=MODE_SWITCH_OK attempts=1 streak=0
[2026-09-10T09:50:27.238Z] batch=field-waveform-1789033785456-12 D4 MODE_SWITCH_START state=MODE_SWITCHING attempts=1 streak=0 attempt=1
[2026-09-10T09:50:27.239Z] batch=field-waveform-1789033785456-12 D4 MODE_SWITCH_OK state=MODE_SWITCH_OK attempts=1 streak=0
[2026-09-10T09:50:27.240Z] batch=field-waveform-1789033785456-12 D1 MODE_SWITCH_START state=MODE_SWITCHING attempts=1 streak=0 attempt=1
[2026-09-10T09:50:27.241Z] batch=field-waveform-1789033785456-12 D1 MODE_SWITCH_OK state=MODE_SWITCH_OK attempts=1 streak=0
[2026-09-10T09:50:27.242Z] batch=field-waveform-1789033785456-12 D6 MODE_SWITCH_START state=MODE_SWITCHING attempts=1 streak=0 attempt=1
[2026-09-10T09:50:27.244Z] batch=field-waveform-1789033785456-12 D6 MODE_SWITCH_OK state=MODE_SWITCH_OK attempts=1 streak=0
[2026-09-10T09:50:27.253Z] batch=field-waveform-1789033785456-12 D3 MODE_SWITCH_START state=MODE_SWITCHING attempts=1 streak=0 attempt=1
[2026-09-10T09:50:27.255Z] batch=field-waveform-1789033785456-12 D3 MODE_SWITCH_OK state=MODE_SWITCH_OK attempts=1 streak=0
[2026-09-10T09:50:32.293Z] batch=field-waveform-1789033785456-12 D2 FIRST_FRAME state=FIRST_FRAME_RECEIVED attempts=1 streak=1
[2026-09-10T09:50:32.294Z] batch=field-waveform-1789033785456-12 D2 FIRST_VALID_SAMPLE state=FIRST_FRAME_RECEIVED attempts=1 streak=1
[2026-09-10T09:50:32.309Z] batch=field-waveform-1789033785456-12 D4 FIRST_FRAME state=FIRST_FRAME_RECEIVED attempts=1 streak=1
[2026-09-10T09:50:32.309Z] batch=field-waveform-1789033785456-12 D4 FIRST_VALID_SAMPLE state=FIRST_FRAME_RECEIVED attempts=1 streak=1
[2026-09-10T09:50:32.311Z] batch=field-waveform-1789033785456-12 D1 FIRST_FRAME state=FIRST_FRAME_RECEIVED attempts=1 streak=1
[2026-09-10T09:50:32.311Z] batch=field-waveform-1789033785456-12 D1 FIRST_VALID_SAMPLE state=FIRST_FRAME_RECEIVED attempts=1 streak=1
[2026-09-10T09:50:32.318Z] batch=field-waveform-1789033785456-12 D6 FIRST_FRAME state=FIRST_FRAME_RECEIVED attempts=1 streak=1
[2026-09-10T09:50:32.319Z] batch=field-waveform-1789033785456-12 D6 FIRST_VALID_SAMPLE state=FIRST_FRAME_RECEIVED attempts=1 streak=1
[2026-09-10T09:50:32.343Z] batch=field-waveform-1789033785456-12 D3 FIRST_FRAME state=FIRST_FRAME_RECEIVED attempts=1 streak=1
[2026-09-10T09:50:32.344Z] batch=field-waveform-1789033785456-12 D3 FIRST_VALID_SAMPLE state=FIRST_FRAME_RECEIVED attempts=1 streak=1
[2026-09-10T09:50:32.546Z] batch=field-waveform-1789033785456-12 D2 CHANNEL_SYNC_OK state=TEST_READY attempts=1 streak=5
[2026-09-10T09:50:32.546Z] batch=field-waveform-1789033785456-12 D2 TEST_READY state=TEST_READY attempts=1 streak=5
[2026-09-10T09:50:32.557Z] batch=field-waveform-1789033785456-12 D4 CHANNEL_SYNC_OK state=TEST_READY attempts=1 streak=5
[2026-09-10T09:50:32.557Z] batch=field-waveform-1789033785456-12 D4 TEST_READY state=TEST_READY attempts=1 streak=5
[2026-09-10T09:50:32.561Z] batch=field-waveform-1789033785456-12 D1 CHANNEL_SYNC_OK state=TEST_READY attempts=1 streak=5
[2026-09-10T09:50:32.561Z] batch=field-waveform-1789033785456-12 D1 TEST_READY state=TEST_READY attempts=1 streak=5
[2026-09-10T09:50:32.578Z] batch=field-waveform-1789033785456-12 D3 CHANNEL_SYNC_OK state=TEST_READY attempts=1 streak=5
[2026-09-10T09:50:32.578Z] batch=field-waveform-1789033785456-12 D3 TEST_READY state=TEST_READY attempts=1 streak=5
[2026-09-10T09:50:32.580Z] batch=field-waveform-1789033785456-12 D6 CHANNEL_SYNC_OK state=TEST_READY attempts=1 streak=5
[2026-09-10T09:50:32.580Z] batch=field-waveform-1789033785456-12 D6 TEST_READY state=TEST_READY attempts=1 streak=5
[2026-09-10T09:51:24.348Z] batch=field-waveform-1789033785456-12 D1 MODE_SWITCH_START state=MODE_SWITCHING attempts=1 streak=0 attempt=1
[2026-09-10T09:51:24.358Z] batch=field-waveform-1789033785456-12 D1 MODE_SWITCH_OK state=MODE_SWITCH_OK attempts=1 streak=0
[2026-09-10T09:51:24.365Z] batch=field-waveform-1789033785456-12 D2 MODE_SWITCH_START state=MODE_SWITCHING attempts=1 streak=0 attempt=1
[2026-09-10T09:51:24.372Z] batch=field-waveform-1789033785456-12 D2 MODE_SWITCH_OK state=MODE_SWITCH_OK attempts=1 streak=0
[2026-09-10T09:51:24.381Z] batch=field-waveform-1789033785456-12 D6 MODE_SWITCH_START state=MODE_SWITCHING attempts=1 streak=0 attempt=1
[2026-09-10T09:51:24.383Z] batch=field-waveform-1789033785456-12 D6 MODE_SWITCH_OK state=MODE_SWITCH_OK attempts=1 streak=0
[2026-09-10T09:51:24.390Z] batch=field-waveform-1789033785456-12 D3 MODE_SWITCH_START state=MODE_SWITCHING attempts=1 streak=0 attempt=1
[2026-09-10T09:51:24.392Z] batch=field-waveform-1789033785456-12 D3 MODE_SWITCH_OK state=MODE_SWITCH_OK attempts=1 streak=0
[2026-09-10T09:51:24.399Z] batch=field-waveform-1789033785456-12 D4 MODE_SWITCH_START state=MODE_SWITCHING attempts=1 streak=0 attempt=1
[2026-09-10T09:51:24.401Z] batch=field-waveform-1789033785456-12 D4 MODE_SWITCH_OK state=MODE_SWITCH_OK attempts=1 streak=0
[2026-09-10T09:51:24.408Z] batch=field-waveform-1789033785456-12 D5 MODE_SWITCH_START state=MODE_SWITCHING attempts=1 streak=0 attempt=1
[2026-09-10T09:51:24.411Z] batch=field-waveform-1789033785456-12 D5 MODE_SWITCH_OK state=MODE_SWITCH_OK attempts=1 streak=0
[2026-09-10T09:51:34.365Z] batch=field-waveform-1789033785456-12 D1 MODE_SWITCH_START state=MODE_SWITCHING attempts=1 streak=0 attempt=1
[2026-09-10T09:51:34.376Z] batch=field-waveform-1789033785456-12 D1 MODE_SWITCH_OK state=MODE_SWITCH_OK attempts=1 streak=0
[2026-09-10T09:51:34.390Z] batch=field-waveform-1789033785456-12 D2 MODE_SWITCH_START state=MODE_SWITCHING attempts=1 streak=0 attempt=1
[2026-09-10T09:51:34.391Z] batch=field-waveform-1789033785456-12 D2 MODE_SWITCH_OK state=MODE_SWITCH_OK attempts=1 streak=0
[2026-09-10T09:51:34.398Z] batch=field-waveform-1789033785456-12 D6 MODE_SWITCH_START state=MODE_SWITCHING attempts=1 streak=0 attempt=1
[2026-09-10T09:51:34.400Z] batch=field-waveform-1789033785456-12 D6 MODE_SWITCH_OK state=MODE_SWITCH_OK attempts=1 streak=0
[2026-09-10T09:51:34.405Z] batch=field-waveform-1789033785456-12 D3 MODE_SWITCH_START state=MODE_SWITCHING attempts=1 streak=0 attempt=1
[2026-09-10T09:51:34.407Z] batch=field-waveform-1789033785456-12 D3 MODE_SWITCH_OK state=MODE_SWITCH_OK attempts=1 streak=0
[2026-09-10T09:51:34.413Z] batch=field-waveform-1789033785456-12 D4 MODE_SWITCH_START state=MODE_SWITCHING attempts=1 streak=0 attempt=1
[2026-09-10T09:51:34.417Z] batch=field-waveform-1789033785456-12 D4 MODE_SWITCH_OK state=MODE_SWITCH_OK attempts=1 streak=0
[2026-09-10T09:51:34.423Z] batch=field-waveform-1789033785456-12 D5 MODE_SWITCH_START state=MODE_SWITCHING attempts=1 streak=0 attempt=1
[2026-09-10T09:51:34.425Z] batch=field-waveform-1789033785456-12 D5 MODE_SWITCH_OK state=MODE_SWITCH_OK attempts=1 streak=0
[2026-09-10T09:51:39.624Z] batch=field-waveform-1789033785456-12 D1 FIRST_FRAME state=FIRST_FRAME_RECEIVED attempts=1 streak=1
[2026-09-10T09:51:39.624Z] batch=field-waveform-1789033785456-12 D1 FIRST_VALID_SAMPLE state=FIRST_FRAME_RECEIVED attempts=1 streak=1
[2026-09-10T09:51:39.638Z] batch=field-waveform-1789033785456-12 D6 FIRST_FRAME state=FIRST_FRAME_RECEIVED attempts=1 streak=1
[2026-09-10T09:51:39.638Z] batch=field-waveform-1789033785456-12 D6 FIRST_VALID_SAMPLE state=FIRST_FRAME_RECEIVED attempts=1 streak=1
[2026-09-10T09:51:39.641Z] batch=field-waveform-1789033785456-12 D2 FIRST_FRAME state=FIRST_FRAME_RECEIVED attempts=1 streak=1
[2026-09-10T09:51:39.641Z] batch=field-waveform-1789033785456-12 D2 FIRST_VALID_SAMPLE state=FIRST_FRAME_RECEIVED attempts=1 streak=1
[2026-09-10T09:51:39.644Z] batch=field-waveform-1789033785456-12 D4 FIRST_FRAME state=FIRST_FRAME_RECEIVED attempts=1 streak=1
[2026-09-10T09:51:39.644Z] batch=field-waveform-1789033785456-12 D4 FIRST_VALID_SAMPLE state=FIRST_FRAME_RECEIVED attempts=1 streak=1
[2026-09-10T09:51:39.657Z] batch=field-waveform-1789033785456-12 D3 FIRST_FRAME state=FIRST_FRAME_RECEIVED attempts=1 streak=1
[2026-09-10T09:51:39.657Z] batch=field-waveform-1789033785456-12 D3 FIRST_VALID_SAMPLE state=FIRST_FRAME_RECEIVED attempts=1 streak=1
[2026-09-10T09:51:39.660Z] batch=field-waveform-1789033785456-12 D5 FIRST_FRAME state=FIRST_FRAME_RECEIVED attempts=1 streak=1
[2026-09-10T09:51:39.660Z] batch=field-waveform-1789033785456-12 D5 FIRST_VALID_SAMPLE state=FIRST_FRAME_RECEIVED attempts=1 streak=1
[2026-09-10T09:51:39.888Z] batch=field-waveform-1789033785456-12 D1 CHANNEL_SYNC_OK state=TEST_READY attempts=1 streak=5
[2026-09-10T09:51:39.888Z] batch=field-waveform-1789033785456-12 D1 TEST_READY state=TEST_READY attempts=1 streak=5
[2026-09-10T09:51:39.891Z] batch=field-waveform-1789033785456-12 D4 CHANNEL_SYNC_OK state=TEST_READY attempts=1 streak=5
[2026-09-10T09:51:39.891Z] batch=field-waveform-1789033785456-12 D4 TEST_READY state=TEST_READY attempts=1 streak=5
[2026-09-10T09:51:39.893Z] batch=field-waveform-1789033785456-12 D3 CHANNEL_SYNC_OK state=TEST_READY attempts=1 streak=5
[2026-09-10T09:51:39.893Z] batch=field-waveform-1789033785456-12 D3 TEST_READY state=TEST_READY attempts=1 streak=5
[2026-09-10T09:51:39.894Z] batch=field-waveform-1789033785456-12 D6 CHANNEL_SYNC_OK state=TEST_READY attempts=1 streak=5
[2026-09-10T09:51:39.894Z] batch=field-waveform-1789033785456-12 D6 TEST_READY state=TEST_READY attempts=1 streak=5
[2026-09-10T09:51:39.900Z] batch=field-waveform-1789033785456-12 D5 CHANNEL_SYNC_OK state=TEST_READY attempts=1 streak=5
[2026-09-10T09:51:39.901Z] batch=field-waveform-1789033785456-12 D5 TEST_READY state=TEST_READY attempts=1 streak=5
[2026-09-10T09:51:39.902Z] batch=field-waveform-1789033785456-12 D2 CHANNEL_SYNC_OK state=TEST_READY attempts=1 streak=5
[2026-09-10T09:51:39.902Z] batch=field-waveform-1789033785456-12 D2 TEST_READY state=TEST_READY attempts=1 streak=5
