[2026-09-10T09:57:51.628Z] batch=field-waveform-1789034251789-14 D1 MODE_SWITCH_START state=MODE_SWITCHING attempts=1 streak=0 attempt=1
[2026-09-10T09:57:51.630Z] batch=field-waveform-1789034251789-14 D1 MODE_SWITCH_OK state=MODE_SWITCH_OK attempts=1 streak=0
[2026-09-10T09:57:51.650Z] batch=field-waveform-1789034251789-14 D4 MODE_SWITCH_START state=MODE_SWITCHING attempts=1 streak=0 attempt=1
[2026-09-10T09:57:51.651Z] batch=field-waveform-1789034251789-14 D4 MODE_SWITCH_OK state=MODE_SWITCH_OK attempts=1 streak=0
[2026-09-10T09:57:51.912Z] batch=field-waveform-1789034251789-14 D2 MODE_SWITCH_START state=MODE_SWITCHING attempts=1 streak=0 attempt=1
[2026-09-10T09:57:51.934Z] batch=field-waveform-1789034251789-14 D2 MODE_SWITCH_OK state=MODE_SWITCH_OK attempts=1 streak=0
[2026-09-10T09:57:51.938Z] batch=field-waveform-1789034251789-14 D5 MODE_SWITCH_START state=MODE_SWITCHING attempts=1 streak=0 attempt=1
[2026-09-10T09:57:51.940Z] batch=field-waveform-1789034251789-14 D5 MODE_SWITCH_OK state=MODE_SWITCH_OK attempts=1 streak=0
[2026-09-10T09:57:51.941Z] batch=field-waveform-1789034251789-14 D6 MODE_SWITCH_START state=MODE_SWITCHING attempts=1 streak=0 attempt=1
[2026-09-10T09:57:51.943Z] batch=field-waveform-1789034251789-14 D6 MODE_SWITCH_OK state=MODE_SWITCH_OK attempts=1 streak=0
[2026-09-10T09:57:51.944Z] batch=field-waveform-1789034251789-14 D3 MODE_SWITCH_START state=MODE_SWITCHING attempts=1 streak=0 attempt=1
[2026-09-10T09:57:51.945Z] batch=field-waveform-1789034251789-14 D3 MODE_SWITCH_OK state=MODE_SWITCH_OK attempts=1 streak=0
[2026-09-10T09:58:01.646Z] batch=field-waveform-1789034251789-14 D1 MODE_SWITCH_START state=MODE_SWITCHING attempts=1 streak=0 attempt=1
[2026-09-10T09:58:01.653Z] batch=field-waveform-1789034251789-14 D1 MODE_SWITCH_OK state=MODE_SWITCH_OK attempts=1 streak=0
[2026-09-10T09:58:01.658Z] batch=field-waveform-1789034251789-14 D4 MODE_SWITCH_START state=MODE_SWITCHING attempts=1 streak=0 attempt=1
[2026-09-10T09:58:01.679Z] batch=field-waveform-1789034251789-14 D4 MODE_SWITCH_OK state=MODE_SWITCH_OK attempts=1 streak=0
[2026-09-10T09:58:01.937Z] batch=field-waveform-1789034251789-14 D2 MODE_SWITCH_START state=MODE_SWITCHING attempts=1 streak=0 attempt=1
[2026-09-10T09:58:01.949Z] batch=field-waveform-1789034251789-14 D2 MODE_SWITCH_OK state=MODE_SWITCH_OK attempts=1 streak=0
[2026-09-10T09:58:01.950Z] batch=field-waveform-1789034251789-14 D5 MODE_SWITCH_START state=MODE_SWITCHING attempts=1 streak=0 attempt=1
[2026-09-10T09:58:01.952Z] batch=field-waveform-1789034251789-14 D5 MODE_SWITCH_OK state=MODE_SWITCH_OK attempts=1 streak=0
[2026-09-10T09:58:01.953Z] batch=field-waveform-1789034251789-14 D6 MODE_SWITCH_START state=MODE_SWITCHING attempts=1 streak=0 attempt=1
[2026-09-10T09:58:01.953Z] batch=field-waveform-1789034251789-14 D6 MODE_SWITCH_OK state=MODE_SWITCH_OK attempts=1 streak=0
[2026-09-10T09:58:01.954Z] batch=field-waveform-1789034251789-14 D3 MODE_SWITCH_START state=MODE_SWITCHING attempts=1 streak=0 attempt=1
[2026-09-10T09:58:01.955Z] batch=field-waveform-1789034251789-14 D3 MODE_SWITCH_OK state=MODE_SWITCH_OK attempts=1 streak=0
[2026-09-10T09:58:11.668Z] batch=field-waveform-1789034251789-14 D1 MODE_SWITCH_START state=MODE_SWITCHING attempts=1 streak=0 attempt=1
[2026-09-10T09:58:11.672Z] batch=field-waveform-1789034251789-14 D1 MODE_SWITCH_OK state=MODE_SWITCH_OK attempts=1 streak=0
[2026-09-10T09:58:11.680Z] batch=field-waveform-1789034251789-14 D4 MODE_SWITCH_START state=MODE_SWITCHING attempts=1 streak=0 attempt=1
[2026-09-10T09:58:11.682Z] batch=field-waveform-1789034251789-14 D4 MODE_SWITCH_OK state=MODE_SWITCH_OK attempts=1 streak=0
[2026-09-10T09:58:11.961Z] batch=field-waveform-1789034251789-14 D2 MODE_SWITCH_START state=MODE_SWITCHING attempts=1 streak=0 attempt=1
[2026-09-10T09:58:11.984Z] batch=field-waveform-1789034251789-14 D2 MODE_SWITCH_OK state=MODE_SWITCH_OK attempts=1 streak=0
[2026-09-10T09:58:11.988Z] batch=field-waveform-1789034251789-14 D5 MODE_SWITCH_START state=MODE_SWITCHING attempts=1 streak=0 attempt=1
[2026-09-10T09:58:11.990Z] batch=field-waveform-1789034251789-14 D5 MODE_SWITCH_OK state=MODE_SWITCH_OK attempts=1 streak=0
[2026-09-10T09:58:11.991Z] batch=field-waveform-1789034251789-14 D6 MODE_SWITCH_START state=MODE_SWITCHING attempts=1 streak=0 attempt=1
[2026-09-10T09:58:11.994Z] batch=field-waveform-1789034251789-14 D6 MODE_SWITCH_OK state=MODE_SWITCH_OK attempts=1 streak=0
[2026-09-10T09:58:11.995Z] batch=field-waveform-1789034251789-14 D3 MODE_SWITCH_START state=MODE_SWITCHING attempts=1 streak=0 attempt=1
[2026-09-10T09:58:12.000Z] batch=field-waveform-1789034251789-14 D3 MODE_SWITCH_OK state=MODE_SWITCH_OK attempts=1 streak=0
[2026-09-10T09:58:21.681Z] batch=field-waveform-1789034251789-14 D1 MODE_SWITCH_START state=MODE_SWITCHING attempts=1 streak=0 attempt=1
[2026-09-10T09:58:21.685Z] batch=field-waveform-1789034251789-14 D1 MODE_SWITCH_OK state=MODE_SWITCH_OK attempts=1 streak=0
[2026-09-10T09:58:21.694Z] batch=field-waveform-1789034251789-14 D4 MODE_SWITCH_START state=MODE_SWITCHING attempts=1 streak=0 attempt=1
[2026-09-10T09:58:21.695Z] batch=field-waveform-1789034251789-14 D4 MODE_SWITCH_OK state=MODE_SWITCH_OK attempts=1 streak=0
[2026-09-10T09:58:21.988Z] batch=field-waveform-1789034251789-14 D2 MODE_SWITCH_START state=MODE_SWITCHING attempts=1 streak=0 attempt=1
[2026-09-10T09:58:21.992Z] batch=field-waveform-1789034251789-14 D2 MODE_SWITCH_OK state=MODE_SWITCH_OK attempts=1 streak=0
[2026-09-10T09:58:21.993Z] batch=field-waveform-1789034251789-14 D5 MODE_SWITCH_START state=MODE_SWITCHING attempts=1 streak=0 attempt=1
[2026-09-10T09:58:21.994Z] batch=field-waveform-1789034251789-14 D5 MODE_SWITCH_OK state=MODE_SWITCH_OK attempts=1 streak=0
[2026-09-10T09:58:21.995Z] batch=field-waveform-1789034251789-14 D6 MODE_SWITCH_START state=MODE_SWITCHING attempts=1 streak=0 attempt=1
[2026-09-10T09:58:22.000Z] batch=field-waveform-1789034251789-14 D6 MODE_SWITCH_OK state=MODE_SWITCH_OK attempts=1 streak=0
[2026-09-10T09:58:22.001Z] batch=field-waveform-1789034251789-14 D3 MODE_SWITCH_START state=MODE_SWITCHING attempts=1 streak=0 attempt=1
[2026-09-10T09:58:22.002Z] batch=field-waveform-1789034251789-14 D3 MODE_SWITCH_OK state=MODE_SWITCH_OK attempts=1 streak=0
[2026-09-10T09:58:26.738Z] batch=field-waveform-1789034251789-14 D1 FIRST_FRAME state=FIRST_FRAME_RECEIVED attempts=1 streak=1
[2026-09-10T09:58:26.739Z] batch=field-waveform-1789034251789-14 D1 FIRST_VALID_SAMPLE state=FIRST_FRAME_RECEIVED attempts=1 streak=1
[2026-09-10T09:58:26.762Z] batch=field-waveform-1789034251789-14 D4 FIRST_FRAME state=FIRST_FRAME_RECEIVED attempts=1 streak=1
[2026-09-10T09:58:26.763Z] batch=field-waveform-1789034251789-14 D4 FIRST_VALID_SAMPLE state=FIRST_FRAME_RECEIVED attempts=1 streak=1
[2026-09-10T09:58:26.987Z] batch=field-waveform-1789034251789-14 D1 CHANNEL_SYNC_OK state=TEST_READY attempts=1 streak=5
[2026-09-10T09:58:26.987Z] batch=field-waveform-1789034251789-14 D1 TEST_READY state=TEST_READY attempts=1 streak=5
[2026-09-10T09:58:26.997Z] batch=field-waveform-1789034251789-14 D4 CHANNEL_SYNC_OK state=TEST_READY attempts=1 streak=5
[2026-09-10T09:58:26.997Z] batch=field-waveform-1789034251789-14 D4 TEST_READY state=TEST_READY attempts=1 streak=5
[2026-09-10T09:58:27.032Z] batch=field-waveform-1789034251789-14 D5 FIRST_FRAME state=FIRST_FRAME_RECEIVED attempts=1 streak=1
[2026-09-10T09:58:27.033Z] batch=field-waveform-1789034251789-14 D5 FIRST_VALID_SAMPLE state=FIRST_FRAME_RECEIVED attempts=1 streak=1
[2026-09-10T09:58:27.068Z] batch=field-waveform-1789034251789-14 D2 FIRST_FRAME state=FIRST_FRAME_RECEIVED attempts=1 streak=1
[2026-09-10T09:58:27.068Z] batch=field-waveform-1789034251789-14 D2 FIRST_VALID_SAMPLE state=FIRST_FRAME_RECEIVED attempts=1 streak=1
[2026-09-10T09:58:27.070Z] batch=field-waveform-1789034251789-14 D3 FIRST_FRAME state=FIRST_FRAME_RECEIVED attempts=1 streak=1
[2026-09-10T09:58:27.070Z] batch=field-waveform-1789034251789-14 D3 FIRST_VALID_SAMPLE state=FIRST_FRAME_RECEIVED attempts=1 streak=1
[2026-09-10T09:58:27.083Z] batch=field-waveform-1789034251789-14 D6 FIRST_FRAME state=FIRST_FRAME_RECEIVED attempts=1 streak=1
[2026-09-10T09:58:27.083Z] batch=field-waveform-1789034251789-14 D6 FIRST_VALID_SAMPLE state=FIRST_FRAME_RECEIVED attempts=1 streak=1
[2026-09-10T09:58:27.289Z] batch=field-waveform-1789034251789-14 D5 CHANNEL_SYNC_OK state=TEST_READY attempts=1 streak=5
[2026-09-10T09:58:27.290Z] batch=field-waveform-1789034251789-14 D5 TEST_READY state=TEST_READY attempts=1 streak=5
[2026-09-10T09:58:27.328Z] batch=field-waveform-1789034251789-14 D3 CHANNEL_SYNC_OK state=TEST_READY attempts=1 streak=5
[2026-09-10T09:58:27.328Z] batch=field-waveform-1789034251789-14 D3 TEST_READY state=TEST_READY attempts=1 streak=5
[2026-09-10T09:58:27.329Z] batch=field-waveform-1789034251789-14 D2 CHANNEL_SYNC_OK state=TEST_READY attempts=1 streak=5
[2026-09-10T09:58:27.330Z] batch=field-waveform-1789034251789-14 D2 TEST_READY state=TEST_READY attempts=1 streak=5
[2026-09-10T09:58:27.336Z] batch=field-waveform-1789034251789-14 D6 CHANNEL_SYNC_OK state=TEST_READY attempts=1 streak=5
[2026-09-10T09:58:27.336Z] batch=field-waveform-1789034251789-14 D6 TEST_READY state=TEST_READY attempts=1 streak=5
[2026-09-10T09:59:19.307Z] batch=field-waveform-1789034251789-14 D6 MODE_SWITCH_START state=MODE_SWITCHING attempts=1 streak=0 attempt=1
[2026-09-10T09:59:19.318Z] batch=field-waveform-1789034251789-14 D6 MODE_SWITCH_OK state=MODE_SWITCH_OK attempts=1 streak=0
[2026-09-10T09:59:19.324Z] batch=field-waveform-1789034251789-14 D3 MODE_SWITCH_START state=MODE_SWITCHING attempts=1 streak=0 attempt=1
[2026-09-10T09:59:19.326Z] batch=field-waveform-1789034251789-14 D3 MODE_SWITCH_OK state=MODE_SWITCH_OK attempts=1 streak=0
[2026-09-10T09:59:19.332Z] batch=field-waveform-1789034251789-14 D2 MODE_SWITCH_START state=MODE_SWITCHING attempts=1 streak=0 attempt=1
[2026-09-10T09:59:19.335Z] batch=field-waveform-1789034251789-14 D2 MODE_SWITCH_OK state=MODE_SWITCH_OK attempts=1 streak=0
[2026-09-10T09:59:19.341Z] batch=field-waveform-1789034251789-14 D1 MODE_SWITCH_START state=MODE_SWITCHING attempts=1 streak=0 attempt=1
[2026-09-10T09:59:19.354Z] batch=field-waveform-1789034251789-14 D1 MODE_SWITCH_OK state=MODE_SWITCH_OK attempts=1 streak=0
[2026-09-10T09:59:19.361Z] batch=field-waveform-1789034251789-14 D4 MODE_SWITCH_START state=MODE_SWITCHING attempts=1 streak=0 attempt=1
[2026-09-10T09:59:19.364Z] batch=field-waveform-1789034251789-14 D4 MODE_SWITCH_OK state=MODE_SWITCH_OK attempts=1 streak=0
[2026-09-10T09:59:19.484Z] batch=field-waveform-1789034251789-14 D5 MODE_SWITCH_START state=MODE_SWITCHING attempts=1 streak=0 attempt=1
[2026-09-10T09:59:19.493Z] batch=field-waveform-1789034251789-14 D5 MODE_SWITCH_OK state=MODE_SWITCH_OK attempts=1 streak=0
[2026-09-10T09:59:29.507Z] batch=field-waveform-1789034251789-14 D6 MODE_SWITCH_START state=MODE_SWITCHING attempts=1 streak=0 attempt=1
[2026-09-10T09:59:29.511Z] batch=field-waveform-1789034251789-14 D6 MODE_SWITCH_OK state=MODE_SWITCH_OK attempts=1 streak=0
[2026-09-10T09:59:29.517Z] batch=field-waveform-1789034251789-14 D3 MODE_SWITCH_START state=MODE_SWITCHING attempts=1 streak=0 attempt=1
[2026-09-10T09:59:29.524Z] batch=field-waveform-1789034251789-14 D3 MODE_SWITCH_OK state=MODE_SWITCH_OK attempts=1 streak=0
[2026-09-10T09:59:29.531Z] batch=field-waveform-1789034251789-14 D2 MODE_SWITCH_START state=MODE_SWITCHING attempts=1 streak=0 attempt=1
[2026-09-10T09:59:29.546Z] batch=field-waveform-1789034251789-14 D2 MODE_SWITCH_OK state=MODE_SWITCH_OK attempts=1 streak=0
[2026-09-10T09:59:29.553Z] batch=field-waveform-1789034251789-14 D1 MODE_SWITCH_START state=MODE_SWITCHING attempts=1 streak=0 attempt=1
[2026-09-10T09:59:29.556Z] batch=field-waveform-1789034251789-14 D1 MODE_SWITCH_OK state=MODE_SWITCH_OK attempts=1 streak=0
[2026-09-10T09:59:29.563Z] batch=field-waveform-1789034251789-14 D4 MODE_SWITCH_START state=MODE_SWITCHING attempts=1 streak=0 attempt=1
[2026-09-10T09:59:29.566Z] batch=field-waveform-1789034251789-14 D4 MODE_SWITCH_OK state=MODE_SWITCH_OK attempts=1 streak=0
[2026-09-10T09:59:29.573Z] batch=field-waveform-1789034251789-14 D5 MODE_SWITCH_START state=MODE_SWITCHING attempts=1 streak=0 attempt=1
[2026-09-10T09:59:29.576Z] batch=field-waveform-1789034251789-14 D5 MODE_SWITCH_OK state=MODE_SWITCH_OK attempts=1 streak=0
[2026-09-10T09:59:34.590Z] batch=field-waveform-1789034251789-14 D6 FIRST_FRAME state=FIRST_FRAME_RECEIVED attempts=1 streak=1
[2026-09-10T09:59:34.591Z] batch=field-waveform-1789034251789-14 D6 FIRST_VALID_SAMPLE state=FIRST_FRAME_RECEIVED attempts=1 streak=1
[2026-09-10T09:59:34.607Z] batch=field-waveform-1789034251789-14 D3 FIRST_FRAME state=FIRST_FRAME_RECEIVED attempts=1 streak=1
[2026-09-10T09:59:34.608Z] batch=field-waveform-1789034251789-14 D3 FIRST_VALID_SAMPLE state=FIRST_FRAME_RECEIVED attempts=1 streak=1
[2026-09-10T09:59:34.914Z] batch=field-waveform-1789034251789-14 D1 FIRST_FRAME state=FIRST_FRAME_RECEIVED attempts=1 streak=1
[2026-09-10T09:59:34.914Z] batch=field-waveform-1789034251789-14 D1 FIRST_VALID_SAMPLE state=FIRST_FRAME_RECEIVED attempts=1 streak=1
[2026-09-10T09:59:34.921Z] batch=field-waveform-1789034251789-14 D1 CHANNEL_SYNC_OK state=TEST_READY attempts=1 streak=5
[2026-09-10T09:59:34.921Z] batch=field-waveform-1789034251789-14 D1 TEST_READY state=TEST_READY attempts=1 streak=5
[2026-09-10T09:59:34.926Z] batch=field-waveform-1789034251789-14 D2 FIRST_FRAME state=FIRST_FRAME_RECEIVED attempts=1 streak=1
[2026-09-10T09:59:34.926Z] batch=field-waveform-1789034251789-14 D2 FIRST_VALID_SAMPLE state=FIRST_FRAME_RECEIVED attempts=1 streak=1
[2026-09-10T09:59:34.930Z] batch=field-waveform-1789034251789-14 D2 CHANNEL_SYNC_OK state=TEST_READY attempts=1 streak=5
[2026-09-10T09:59:34.930Z] batch=field-waveform-1789034251789-14 D2 TEST_READY state=TEST_READY attempts=1 streak=5
[2026-09-10T09:59:34.931Z] batch=field-waveform-1789034251789-14 D5 FIRST_FRAME state=FIRST_FRAME_RECEIVED attempts=1 streak=1
[2026-09-10T09:59:34.932Z] batch=field-waveform-1789034251789-14 D5 FIRST_VALID_SAMPLE state=FIRST_FRAME_RECEIVED attempts=1 streak=1
[2026-09-10T09:59:34.935Z] batch=field-waveform-1789034251789-14 D5 CHANNEL_SYNC_OK state=TEST_READY attempts=1 streak=5
[2026-09-10T09:59:34.935Z] batch=field-waveform-1789034251789-14 D5 TEST_READY state=TEST_READY attempts=1 streak=5
[2026-09-10T09:59:34.949Z] batch=field-waveform-1789034251789-14 D6 CHANNEL_SYNC_OK state=TEST_READY attempts=1 streak=5
[2026-09-10T09:59:34.950Z] batch=field-waveform-1789034251789-14 D6 TEST_READY state=TEST_READY attempts=1 streak=5
[2026-09-10T09:59:34.954Z] batch=field-waveform-1789034251789-14 D3 CHANNEL_SYNC_OK state=TEST_READY attempts=1 streak=5
[2026-09-10T09:59:34.955Z] batch=field-waveform-1789034251789-14 D3 TEST_READY state=TEST_READY attempts=1 streak=5
[2026-09-10T09:59:34.959Z] batch=field-waveform-1789034251789-14 D4 FIRST_FRAME state=FIRST_FRAME_RECEIVED attempts=1 streak=1
[2026-09-10T09:59:34.959Z] batch=field-waveform-1789034251789-14 D4 FIRST_VALID_SAMPLE state=FIRST_FRAME_RECEIVED attempts=1 streak=1
[2026-09-10T09:59:34.968Z] batch=field-waveform-1789034251789-14 D4 CHANNEL_SYNC_OK state=TEST_READY attempts=1 streak=5
[2026-09-10T09:59:34.968Z] batch=field-waveform-1789034251789-14 D4 TEST_READY state=TEST_READY attempts=1 streak=5
