[2026-09-10T06:44:22.796Z] batch=field-waveform-1789022492200-14 D1 MODE_SWITCH_START state=MODE_SWITCHING attempts=1 streak=0 attempt=1
[2026-09-10T06:44:22.806Z] batch=field-waveform-1789022492200-14 D1 MODE_SWITCH_OK state=MODE_SWITCH_OK attempts=1 streak=0
[2026-09-10T06:44:22.817Z] batch=field-waveform-1789022492200-14 D6 MODE_SWITCH_START state=MODE_SWITCHING attempts=1 streak=0 attempt=1
[2026-09-10T06:44:22.828Z] batch=field-waveform-1789022492200-14 D6 MODE_SWITCH_OK state=MODE_SWITCH_OK attempts=1 streak=0
[2026-09-10T06:44:22.837Z] batch=field-waveform-1789022492200-14 D2 MODE_SWITCH_START state=MODE_SWITCHING attempts=1 streak=0 attempt=1
[2026-09-10T06:44:22.843Z] batch=field-waveform-1789022492200-14 D2 MODE_SWITCH_OK state=MODE_SWITCH_OK attempts=1 streak=0
[2026-09-10T06:44:22.850Z] batch=field-waveform-1789022492200-14 D4 MODE_SWITCH_START state=MODE_SWITCHING attempts=1 streak=0 attempt=1
[2026-09-10T06:44:22.858Z] batch=field-waveform-1789022492200-14 D4 MODE_SWITCH_OK state=MODE_SWITCH_OK attempts=1 streak=0
[2026-09-10T06:44:23.358Z] batch=field-waveform-1789022492200-14 D3 MODE_SWITCH_START state=MODE_SWITCHING attempts=1 streak=0 attempt=1
[2026-09-10T06:44:23.368Z] batch=field-waveform-1789022492200-14 D3 MODE_SWITCH_OK state=MODE_SWITCH_OK attempts=1 streak=0
[2026-09-10T06:44:23.375Z] batch=field-waveform-1789022492200-14 D5 MODE_SWITCH_START state=MODE_SWITCHING attempts=1 streak=0 attempt=1
[2026-09-10T06:44:23.388Z] batch=field-waveform-1789022492200-14 D5 MODE_SWITCH_OK state=MODE_SWITCH_OK attempts=1 streak=0
[2026-09-10T06:44:33.116Z] batch=field-waveform-1789022492200-14 D1 MODE_SWITCH_START state=MODE_SWITCHING attempts=1 streak=0 attempt=1
[2026-09-10T06:44:33.123Z] batch=field-waveform-1789022492200-14 D1 MODE_SWITCH_OK state=MODE_SWITCH_OK attempts=1 streak=0
[2026-09-10T06:44:33.130Z] batch=field-waveform-1789022492200-14 D6 MODE_SWITCH_START state=MODE_SWITCHING attempts=1 streak=0 attempt=1
[2026-09-10T06:44:33.140Z] batch=field-waveform-1789022492200-14 D6 MODE_SWITCH_OK state=MODE_SWITCH_OK attempts=1 streak=0
[2026-09-10T06:44:33.147Z] batch=field-waveform-1789022492200-14 D2 MODE_SWITCH_START state=MODE_SWITCHING attempts=1 streak=0 attempt=1
[2026-09-10T06:44:33.152Z] batch=field-waveform-1789022492200-14 D2 MODE_SWITCH_OK state=MODE_SWITCH_OK attempts=1 streak=0
[2026-09-10T06:44:33.161Z] batch=field-waveform-1789022492200-14 D4 MODE_SWITCH_START state=MODE_SWITCHING attempts=1 streak=0 attempt=1
[2026-09-10T06:44:33.165Z] batch=field-waveform-1789022492200-14 D4 MODE_SWITCH_OK state=MODE_SWITCH_OK attempts=1 streak=0
[2026-09-10T06:44:33.629Z] batch=field-waveform-1789022492200-14 D3 MODE_SWITCH_START state=MODE_SWITCHING attempts=1 streak=0 attempt=1
[2026-09-10T06:44:33.639Z] batch=field-waveform-1789022492200-14 D3 MODE_SWITCH_OK state=MODE_SWITCH_OK attempts=1 streak=0
[2026-09-10T06:44:33.655Z] batch=field-waveform-1789022492200-14 D5 MODE_SWITCH_START state=MODE_SWITCHING attempts=1 streak=0 attempt=1
[2026-09-10T06:44:33.659Z] batch=field-waveform-1789022492200-14 D5 MODE_SWITCH_OK state=MODE_SWITCH_OK attempts=1 streak=0
[2026-09-10T06:44:41.794Z] batch=field-waveform-1789022681792-15 D1 MODE_SWITCH_START state=MODE_SWITCHING attempts=1 streak=0 attempt=1
[2026-09-10T06:44:41.795Z] batch=field-waveform-1789022681792-15 D2 MODE_SWITCH_START state=MODE_SWITCHING attempts=1 streak=0 attempt=1
[2026-09-10T06:44:41.802Z] batch=field-waveform-1789022681792-15 D3 MODE_SWITCH_START state=MODE_SWITCHING attempts=1 streak=0 attempt=1
[2026-09-10T06:44:41.802Z] batch=field-waveform-1789022681792-15 D4 MODE_SWITCH_START state=MODE_SWITCHING attempts=1 streak=0 attempt=1
[2026-09-10T06:44:41.803Z] batch=field-waveform-1789022681792-15 D5 MODE_SWITCH_START state=MODE_SWITCHING attempts=1 streak=0 attempt=1
[2026-09-10T06:44:41.804Z] batch=field-waveform-1789022681792-15 D6 MODE_SWITCH_START state=MODE_SWITCHING attempts=1 streak=0 attempt=1
[2026-09-10T06:44:41.813Z] batch=field-waveform-1789022681792-15 D1 MODE_SWITCH_OK state=MODE_SWITCH_OK attempts=1 streak=0
[2026-09-10T06:44:41.823Z] batch=field-waveform-1789022681792-15 D2 MODE_SWITCH_OK state=MODE_SWITCH_OK attempts=1 streak=0
[2026-09-10T06:44:41.832Z] batch=field-waveform-1789022681792-15 D3 MODE_SWITCH_OK state=MODE_SWITCH_OK attempts=1 streak=0
[2026-09-10T06:44:41.833Z] batch=field-waveform-1789022681792-15 D4 MODE_SWITCH_OK state=MODE_SWITCH_OK attempts=1 streak=0
[2026-09-10T06:44:41.841Z] batch=field-waveform-1789022681792-15 D5 MODE_SWITCH_OK state=MODE_SWITCH_OK attempts=1 streak=0
[2026-09-10T06:44:41.842Z] batch=field-waveform-1789022681792-15 D6 MODE_SWITCH_OK state=MODE_SWITCH_OK attempts=1 streak=0
[2026-09-10T06:44:43.132Z] batch=field-waveform-1789022681792-15 D1 MODE_SWITCH_START state=MODE_SWITCHING attempts=1 streak=0 attempt=1
[2026-09-10T06:44:43.136Z] batch=field-waveform-1789022681792-15 D1 MODE_SWITCH_OK state=MODE_SWITCH_OK attempts=1 streak=0
[2026-09-10T06:44:43.140Z] batch=field-waveform-1789022681792-15 D6 MODE_SWITCH_START state=MODE_SWITCHING attempts=1 streak=0 attempt=1
[2026-09-10T06:44:43.142Z] batch=field-waveform-1789022681792-15 D6 MODE_SWITCH_OK state=MODE_SWITCH_OK attempts=1 streak=0
[2026-09-10T06:44:43.153Z] batch=field-waveform-1789022681792-15 D2 MODE_SWITCH_START state=MODE_SWITCHING attempts=1 streak=0 attempt=1
[2026-09-10T06:44:43.155Z] batch=field-waveform-1789022681792-15 D2 MODE_SWITCH_OK state=MODE_SWITCH_OK attempts=1 streak=0
[2026-09-10T06:44:43.165Z] batch=field-waveform-1789022681792-15 D4 MODE_SWITCH_START state=MODE_SWITCHING attempts=1 streak=0 attempt=1
[2026-09-10T06:44:43.169Z] batch=field-waveform-1789022681792-15 D4 MODE_SWITCH_OK state=MODE_SWITCH_OK attempts=1 streak=0
[2026-09-10T06:44:43.645Z] batch=field-waveform-1789022681792-15 D3 MODE_SWITCH_START state=MODE_SWITCHING attempts=1 streak=0 attempt=1
[2026-09-10T06:44:43.652Z] batch=field-waveform-1789022681792-15 D3 MODE_SWITCH_OK state=MODE_SWITCH_OK attempts=1 streak=0
[2026-09-10T06:44:43.659Z] batch=field-waveform-1789022681792-15 D5 MODE_SWITCH_START state=MODE_SWITCHING attempts=1 streak=0 attempt=1
[2026-09-10T06:44:43.670Z] batch=field-waveform-1789022681792-15 D5 MODE_SWITCH_OK state=MODE_SWITCH_OK attempts=1 streak=0
[2026-09-10T06:44:53.144Z] batch=field-waveform-1789022681792-15 D1 MODE_SWITCH_START state=MODE_SWITCHING attempts=1 streak=0 attempt=1
[2026-09-10T06:44:53.147Z] batch=field-waveform-1789022681792-15 D1 MODE_SWITCH_OK state=MODE_SWITCH_OK attempts=1 streak=0
[2026-09-10T06:44:53.149Z] batch=field-waveform-1789022681792-15 D6 MODE_SWITCH_START state=MODE_SWITCHING attempts=1 streak=0 attempt=1
[2026-09-10T06:44:53.165Z] batch=field-waveform-1789022681792-15 D6 MODE_SWITCH_OK state=MODE_SWITCH_OK attempts=1 streak=0
[2026-09-10T06:44:53.166Z] batch=field-waveform-1789022681792-15 D2 MODE_SWITCH_START state=MODE_SWITCHING attempts=1 streak=0 attempt=1
[2026-09-10T06:44:53.173Z] batch=field-waveform-1789022681792-15 D2 MODE_SWITCH_OK state=MODE_SWITCH_OK attempts=1 streak=0
[2026-09-10T06:44:53.175Z] batch=field-waveform-1789022681792-15 D4 MODE_SWITCH_START state=MODE_SWITCHING attempts=1 streak=0 attempt=1
[2026-09-10T06:44:53.176Z] batch=field-waveform-1789022681792-15 D4 MODE_SWITCH_OK state=MODE_SWITCH_OK attempts=1 streak=0
[2026-09-10T06:44:53.664Z] batch=field-waveform-1789022681792-15 D3 MODE_SWITCH_START state=MODE_SWITCHING attempts=1 streak=0 attempt=1
[2026-09-10T06:44:53.674Z] batch=field-waveform-1789022681792-15 D3 MODE_SWITCH_OK state=MODE_SWITCH_OK attempts=1 streak=0
[2026-09-10T06:44:53.676Z] batch=field-waveform-1789022681792-15 D5 MODE_SWITCH_START state=MODE_SWITCHING attempts=1 streak=0 attempt=1
[2026-09-10T06:44:53.677Z] batch=field-waveform-1789022681792-15 D5 MODE_SWITCH_OK state=MODE_SWITCH_OK attempts=1 streak=0
[2026-09-10T06:45:03.151Z] batch=field-waveform-1789022681792-15 D1 MODE_SWITCH_START state=MODE_SWITCHING attempts=1 streak=0 attempt=1
[2026-09-10T06:45:03.156Z] batch=field-waveform-1789022681792-15 D1 MODE_SWITCH_OK state=MODE_SWITCH_OK attempts=1 streak=0
[2026-09-10T06:45:03.180Z] batch=field-waveform-1789022681792-15 D6 MODE_SWITCH_START state=MODE_SWITCHING attempts=1 streak=0 attempt=1
[2026-09-10T06:45:03.187Z] batch=field-waveform-1789022681792-15 D6 MODE_SWITCH_OK state=MODE_SWITCH_OK attempts=1 streak=0
[2026-09-10T06:45:03.188Z] batch=field-waveform-1789022681792-15 D2 MODE_SWITCH_START state=MODE_SWITCHING attempts=1 streak=0 attempt=1
[2026-09-10T06:45:03.189Z] batch=field-waveform-1789022681792-15 D2 MODE_SWITCH_OK state=MODE_SWITCH_OK attempts=1 streak=0
[2026-09-10T06:45:03.190Z] batch=field-waveform-1789022681792-15 D4 MODE_SWITCH_START state=MODE_SWITCHING attempts=1 streak=0 attempt=1
[2026-09-10T06:45:03.196Z] batch=field-waveform-1789022681792-15 D4 MODE_SWITCH_OK state=MODE_SWITCH_OK attempts=1 streak=0
[2026-09-10T06:45:03.687Z] batch=field-waveform-1789022681792-15 D3 MODE_SWITCH_START state=MODE_SWITCHING attempts=1 streak=0 attempt=1
[2026-09-10T06:45:03.691Z] batch=field-waveform-1789022681792-15 D3 MODE_SWITCH_OK state=MODE_SWITCH_OK attempts=1 streak=0
[2026-09-10T06:45:03.709Z] batch=field-waveform-1789022681792-15 D5 MODE_SWITCH_START state=MODE_SWITCHING attempts=1 streak=0 attempt=1
[2026-09-10T06:45:03.726Z] batch=field-waveform-1789022681792-15 D5 MODE_SWITCH_OK state=MODE_SWITCH_OK attempts=1 streak=0
[2026-09-10T06:45:08.220Z] batch=field-waveform-1789022681792-15 D6 FIRST_FRAME state=FIRST_FRAME_RECEIVED attempts=1 streak=1
[2026-09-10T06:45:08.221Z] batch=field-waveform-1789022681792-15 D6 FIRST_VALID_SAMPLE state=FIRST_FRAME_RECEIVED attempts=1 streak=1
[2026-09-10T06:45:08.250Z] batch=field-waveform-1789022681792-15 D1 FIRST_FRAME state=FIRST_FRAME_RECEIVED attempts=1 streak=1
[2026-09-10T06:45:08.251Z] batch=field-waveform-1789022681792-15 D1 FIRST_VALID_SAMPLE state=FIRST_FRAME_RECEIVED attempts=1 streak=1
[2026-09-10T06:45:08.260Z] batch=field-waveform-1789022681792-15 D2 FIRST_FRAME state=FIRST_FRAME_RECEIVED attempts=1 streak=1
[2026-09-10T06:45:08.261Z] batch=field-waveform-1789022681792-15 D2 FIRST_VALID_SAMPLE state=FIRST_FRAME_RECEIVED attempts=1 streak=1
[2026-09-10T06:45:08.284Z] batch=field-waveform-1789022681792-15 D4 FIRST_FRAME state=FIRST_FRAME_RECEIVED attempts=1 streak=1
[2026-09-10T06:45:08.284Z] batch=field-waveform-1789022681792-15 D4 FIRST_VALID_SAMPLE state=FIRST_FRAME_RECEIVED attempts=1 streak=1
[2026-09-10T06:45:08.475Z] batch=field-waveform-1789022681792-15 D6 CHANNEL_SYNC_OK state=TEST_READY attempts=1 streak=5
[2026-09-10T06:45:08.475Z] batch=field-waveform-1789022681792-15 D6 TEST_READY state=TEST_READY attempts=1 streak=5
[2026-09-10T06:45:08.503Z] batch=field-waveform-1789022681792-15 D1 CHANNEL_SYNC_OK state=TEST_READY attempts=1 streak=5
[2026-09-10T06:45:08.503Z] batch=field-waveform-1789022681792-15 D1 TEST_READY state=TEST_READY attempts=1 streak=5
[2026-09-10T06:45:08.519Z] batch=field-waveform-1789022681792-15 D2 CHANNEL_SYNC_OK state=TEST_READY attempts=1 streak=5
[2026-09-10T06:45:08.519Z] batch=field-waveform-1789022681792-15 D2 TEST_READY state=TEST_READY attempts=1 streak=5
[2026-09-10T06:45:08.544Z] batch=field-waveform-1789022681792-15 D4 CHANNEL_SYNC_OK state=TEST_READY attempts=1 streak=5
[2026-09-10T06:45:08.544Z] batch=field-waveform-1789022681792-15 D4 TEST_READY state=TEST_READY attempts=1 streak=5
[2026-09-10T06:45:08.750Z] batch=field-waveform-1789022681792-15 D3 FIRST_FRAME state=FIRST_FRAME_RECEIVED attempts=1 streak=1
[2026-09-10T06:45:08.750Z] batch=field-waveform-1789022681792-15 D3 FIRST_VALID_SAMPLE state=FIRST_FRAME_RECEIVED attempts=1 streak=1
[2026-09-10T06:45:08.769Z] batch=field-waveform-1789022681792-15 D5 FIRST_FRAME state=FIRST_FRAME_RECEIVED attempts=1 streak=1
[2026-09-10T06:45:08.769Z] batch=field-waveform-1789022681792-15 D5 FIRST_VALID_SAMPLE state=FIRST_FRAME_RECEIVED attempts=1 streak=1
[2026-09-10T06:45:09.038Z] batch=field-waveform-1789022681792-15 D3 CHANNEL_SYNC_OK state=TEST_READY attempts=1 streak=5
[2026-09-10T06:45:09.038Z] batch=field-waveform-1789022681792-15 D3 TEST_READY state=TEST_READY attempts=1 streak=5
[2026-09-10T06:45:09.047Z] batch=field-waveform-1789022681792-15 D5 CHANNEL_SYNC_OK state=TEST_READY attempts=1 streak=5
[2026-09-10T06:45:09.047Z] batch=field-waveform-1789022681792-15 D5 TEST_READY state=TEST_READY attempts=1 streak=5
[2026-09-10T06:46:19.832Z] batch=field-waveform-1789022681792-15 D3 MODE_SWITCH_START state=MODE_SWITCHING attempts=1 streak=0 attempt=1
[2026-09-10T06:46:19.844Z] batch=field-waveform-1789022681792-15 D3 MODE_SWITCH_OK state=MODE_SWITCH_OK attempts=1 streak=0
[2026-09-10T06:46:19.850Z] batch=field-waveform-1789022681792-15 D1 MODE_SWITCH_START state=MODE_SWITCHING attempts=1 streak=0 attempt=1
[2026-09-10T06:46:19.853Z] batch=field-waveform-1789022681792-15 D1 MODE_SWITCH_OK state=MODE_SWITCH_OK attempts=1 streak=0
[2026-09-10T06:46:19.858Z] batch=field-waveform-1789022681792-15 D2 MODE_SWITCH_START state=MODE_SWITCHING attempts=1 streak=0 attempt=1
[2026-09-10T06:46:19.860Z] batch=field-waveform-1789022681792-15 D2 MODE_SWITCH_OK state=MODE_SWITCH_OK attempts=1 streak=0
[2026-09-10T06:46:19.865Z] batch=field-waveform-1789022681792-15 D4 MODE_SWITCH_START state=MODE_SWITCHING attempts=1 streak=0 attempt=1
[2026-09-10T06:46:19.868Z] batch=field-waveform-1789022681792-15 D4 MODE_SWITCH_OK state=MODE_SWITCH_OK attempts=1 streak=0
[2026-09-10T06:46:19.874Z] batch=field-waveform-1789022681792-15 D5 MODE_SWITCH_START state=MODE_SWITCHING attempts=1 streak=0 attempt=1
[2026-09-10T06:46:19.875Z] batch=field-waveform-1789022681792-15 D5 MODE_SWITCH_OK state=MODE_SWITCH_OK attempts=1 streak=0
[2026-09-10T06:46:19.882Z] batch=field-waveform-1789022681792-15 D6 MODE_SWITCH_START state=MODE_SWITCHING attempts=1 streak=0 attempt=1
[2026-09-10T06:46:19.885Z] batch=field-waveform-1789022681792-15 D6 MODE_SWITCH_OK state=MODE_SWITCH_OK attempts=1 streak=0
[2026-09-10T06:46:30.143Z] batch=field-waveform-1789022681792-15 D3 MODE_SWITCH_START state=MODE_SWITCHING attempts=1 streak=0 attempt=1
[2026-09-10T06:46:30.153Z] batch=field-waveform-1789022681792-15 D3 MODE_SWITCH_OK state=MODE_SWITCH_OK attempts=1 streak=0
[2026-09-10T06:46:30.169Z] batch=field-waveform-1789022681792-15 D1 MODE_SWITCH_START state=MODE_SWITCHING attempts=1 streak=0 attempt=1
[2026-09-10T06:46:30.170Z] batch=field-waveform-1789022681792-15 D1 MODE_SWITCH_OK state=MODE_SWITCH_OK attempts=1 streak=0
[2026-09-10T06:46:30.178Z] batch=field-waveform-1789022681792-15 D2 MODE_SWITCH_START state=MODE_SWITCHING attempts=1 streak=0 attempt=1
[2026-09-10T06:46:30.179Z] batch=field-waveform-1789022681792-15 D2 MODE_SWITCH_OK state=MODE_SWITCH_OK attempts=1 streak=0
[2026-09-10T06:46:30.184Z] batch=field-waveform-1789022681792-15 D4 MODE_SWITCH_START state=MODE_SWITCHING attempts=1 streak=0 attempt=1
[2026-09-10T06:46:30.189Z] batch=field-waveform-1789022681792-15 D4 MODE_SWITCH_OK state=MODE_SWITCH_OK attempts=1 streak=0
[2026-09-10T06:46:30.195Z] batch=field-waveform-1789022681792-15 D5 MODE_SWITCH_START state=MODE_SWITCHING attempts=1 streak=0 attempt=1
[2026-09-10T06:46:30.197Z] batch=field-waveform-1789022681792-15 D5 MODE_SWITCH_OK state=MODE_SWITCH_OK attempts=1 streak=0
[2026-09-10T06:46:30.202Z] batch=field-waveform-1789022681792-15 D6 MODE_SWITCH_START state=MODE_SWITCHING attempts=1 streak=0 attempt=1
[2026-09-10T06:46:30.203Z] batch=field-waveform-1789022681792-15 D6 MODE_SWITCH_OK state=MODE_SWITCH_OK attempts=1 streak=0
[2026-09-10T06:46:35.277Z] batch=field-waveform-1789022681792-15 D1 FIRST_FRAME state=FIRST_FRAME_RECEIVED attempts=1 streak=1
[2026-09-10T06:46:35.278Z] batch=field-waveform-1789022681792-15 D1 FIRST_VALID_SAMPLE state=FIRST_FRAME_RECEIVED attempts=1 streak=1
[2026-09-10T06:46:35.279Z] batch=field-waveform-1789022681792-15 D3 FIRST_FRAME state=FIRST_FRAME_RECEIVED attempts=1 streak=1
[2026-09-10T06:46:35.280Z] batch=field-waveform-1789022681792-15 D3 FIRST_VALID_SAMPLE state=FIRST_FRAME_RECEIVED attempts=1 streak=1
[2026-09-10T06:46:35.282Z] batch=field-waveform-1789022681792-15 D4 FIRST_FRAME state=FIRST_FRAME_RECEIVED attempts=1 streak=1
[2026-09-10T06:46:35.282Z] batch=field-waveform-1789022681792-15 D4 FIRST_VALID_SAMPLE state=FIRST_FRAME_RECEIVED attempts=1 streak=1
[2026-09-10T06:46:35.283Z] batch=field-waveform-1789022681792-15 D5 FIRST_FRAME state=FIRST_FRAME_RECEIVED attempts=1 streak=1
[2026-09-10T06:46:35.283Z] batch=field-waveform-1789022681792-15 D5 FIRST_VALID_SAMPLE state=FIRST_FRAME_RECEIVED attempts=1 streak=1
[2026-09-10T06:46:35.284Z] batch=field-waveform-1789022681792-15 D6 FIRST_FRAME state=FIRST_FRAME_RECEIVED attempts=1 streak=1
[2026-09-10T06:46:35.284Z] batch=field-waveform-1789022681792-15 D6 FIRST_VALID_SAMPLE state=FIRST_FRAME_RECEIVED attempts=1 streak=1
[2026-09-10T06:46:35.374Z] batch=field-waveform-1789022681792-15 D2 FIRST_FRAME state=FIRST_FRAME_RECEIVED attempts=1 streak=1
[2026-09-10T06:46:35.374Z] batch=field-waveform-1789022681792-15 D2 FIRST_VALID_SAMPLE state=FIRST_FRAME_RECEIVED attempts=1 streak=1
[2026-09-10T06:46:35.528Z] batch=field-waveform-1789022681792-15 D4 CHANNEL_SYNC_OK state=TEST_READY attempts=1 streak=5
[2026-09-10T06:46:35.528Z] batch=field-waveform-1789022681792-15 D4 TEST_READY state=TEST_READY attempts=1 streak=5
[2026-09-10T06:46:35.531Z] batch=field-waveform-1789022681792-15 D5 CHANNEL_SYNC_OK state=TEST_READY attempts=1 streak=5
[2026-09-10T06:46:35.531Z] batch=field-waveform-1789022681792-15 D5 TEST_READY state=TEST_READY attempts=1 streak=5
[2026-09-10T06:46:35.533Z] batch=field-waveform-1789022681792-15 D6 CHANNEL_SYNC_OK state=TEST_READY attempts=1 streak=5
[2026-09-10T06:46:35.533Z] batch=field-waveform-1789022681792-15 D6 TEST_READY state=TEST_READY attempts=1 streak=5
[2026-09-10T06:46:35.535Z] batch=field-waveform-1789022681792-15 D1 CHANNEL_SYNC_OK state=TEST_READY attempts=1 streak=5
[2026-09-10T06:46:35.535Z] batch=field-waveform-1789022681792-15 D1 TEST_READY state=TEST_READY attempts=1 streak=5
[2026-09-10T06:46:35.549Z] batch=field-waveform-1789022681792-15 D3 CHANNEL_SYNC_OK state=TEST_READY attempts=1 streak=5
[2026-09-10T06:46:35.549Z] batch=field-waveform-1789022681792-15 D3 TEST_READY state=TEST_READY attempts=1 streak=5
[2026-09-10T06:46:35.678Z] batch=field-waveform-1789022681792-15 D2 CHANNEL_SYNC_OK state=TEST_READY attempts=1 streak=5
[2026-09-10T06:46:35.678Z] batch=field-waveform-1789022681792-15 D2 TEST_READY state=TEST_READY attempts=1 streak=5
[2026-09-10T06:47:10.762Z] batch=field-waveform-1789022681792-15 D6 MODE_SWITCH_START state=MODE_SWITCHING attempts=1 streak=0 attempt=1
[2026-09-10T06:47:10.773Z] batch=field-waveform-1789022681792-15 D6 MODE_SWITCH_OK state=MODE_SWITCH_OK attempts=1 streak=0
[2026-09-10T06:47:10.788Z] batch=field-waveform-1789022681792-15 D3 MODE_SWITCH_START state=MODE_SWITCHING attempts=1 streak=0 attempt=1
[2026-09-10T06:47:10.790Z] batch=field-waveform-1789022681792-15 D3 MODE_SWITCH_OK state=MODE_SWITCH_OK attempts=1 streak=0
[2026-09-10T06:47:10.798Z] batch=field-waveform-1789022681792-15 D1 MODE_SWITCH_START state=MODE_SWITCHING attempts=1 streak=0 attempt=1
[2026-09-10T06:47:10.799Z] batch=field-waveform-1789022681792-15 D1 MODE_SWITCH_OK state=MODE_SWITCH_OK attempts=1 streak=0
[2026-09-10T06:47:10.806Z] batch=field-waveform-1789022681792-15 D2 MODE_SWITCH_START state=MODE_SWITCHING attempts=1 streak=0 attempt=1
[2026-09-10T06:47:10.809Z] batch=field-waveform-1789022681792-15 D2 MODE_SWITCH_OK state=MODE_SWITCH_OK attempts=1 streak=0
[2026-09-10T06:47:10.816Z] batch=field-waveform-1789022681792-15 D4 MODE_SWITCH_START state=MODE_SWITCHING attempts=1 streak=0 attempt=1
[2026-09-10T06:47:10.819Z] batch=field-waveform-1789022681792-15 D4 MODE_SWITCH_OK state=MODE_SWITCH_OK attempts=1 streak=0
[2026-09-10T06:47:10.827Z] batch=field-waveform-1789022681792-15 D5 MODE_SWITCH_START state=MODE_SWITCHING attempts=1 streak=0 attempt=1
[2026-09-10T06:47:10.828Z] batch=field-waveform-1789022681792-15 D5 MODE_SWITCH_OK state=MODE_SWITCH_OK attempts=1 streak=0
