[2026-09-11T08:54:09.206Z] batch=field-waveform-1789116838839-29 D2 MODE_SWITCH_START state=MODE_SWITCHING attempts=1 streak=0 attempt=1
[2026-09-11T08:54:09.216Z] batch=field-waveform-1789116838839-29 D2 MODE_SWITCH_OK state=MODE_SWITCH_OK attempts=1 streak=0
[2026-09-11T08:54:09.217Z] batch=field-waveform-1789116838839-29 D4 MODE_SWITCH_START state=MODE_SWITCHING attempts=1 streak=0 attempt=1
[2026-09-11T08:54:09.219Z] batch=field-waveform-1789116838839-29 D4 MODE_SWITCH_OK state=MODE_SWITCH_OK attempts=1 streak=0
[2026-09-11T08:54:09.219Z] batch=field-waveform-1789116838839-29 D3 MODE_SWITCH_START state=MODE_SWITCHING attempts=1 streak=0 attempt=1
[2026-09-11T08:54:09.220Z] batch=field-waveform-1789116838839-29 D3 MODE_SWITCH_OK state=MODE_SWITCH_OK attempts=1 streak=0
[2026-09-11T08:54:09.221Z] batch=field-waveform-1789116838839-29 D5 MODE_SWITCH_START state=MODE_SWITCHING attempts=1 streak=0 attempt=1
[2026-09-11T08:54:09.223Z] batch=field-waveform-1789116838839-29 D5 MODE_SWITCH_OK state=MODE_SWITCH_OK attempts=1 streak=0
[2026-09-11T08:54:09.224Z] batch=field-waveform-1789116838839-29 D6 MODE_SWITCH_START state=MODE_SWITCHING attempts=1 streak=0 attempt=1
[2026-09-11T08:54:09.225Z] batch=field-waveform-1789116838839-29 D6 MODE_SWITCH_OK state=MODE_SWITCH_OK attempts=1 streak=0
[2026-09-11T08:54:09.499Z] batch=field-waveform-1789116838839-29 D1 MODE_SWITCH_START state=MODE_SWITCHING attempts=1 streak=0 attempt=1
[2026-09-11T08:54:09.504Z] batch=field-waveform-1789116838839-29 D1 MODE_SWITCH_OK state=MODE_SWITCH_OK attempts=1 streak=0
[2026-09-11T08:54:19.224Z] batch=field-waveform-1789116838839-29 D2 MODE_SWITCH_START state=MODE_SWITCHING attempts=1 streak=0 attempt=1
[2026-09-11T08:54:19.227Z] batch=field-waveform-1789116838839-29 D2 MODE_SWITCH_OK state=MODE_SWITCH_OK attempts=1 streak=0
[2026-09-11T08:54:19.229Z] batch=field-waveform-1789116838839-29 D4 MODE_SWITCH_START state=MODE_SWITCHING attempts=1 streak=0 attempt=1
[2026-09-11T08:54:19.231Z] batch=field-waveform-1789116838839-29 D4 MODE_SWITCH_OK state=MODE_SWITCH_OK attempts=1 streak=0
[2026-09-11T08:54:19.232Z] batch=field-waveform-1789116838839-29 D3 MODE_SWITCH_START state=MODE_SWITCHING attempts=1 streak=0 attempt=1
[2026-09-11T08:54:19.237Z] batch=field-waveform-1789116838839-29 D3 MODE_SWITCH_OK state=MODE_SWITCH_OK attempts=1 streak=0
[2026-09-11T08:54:19.238Z] batch=field-waveform-1789116838839-29 D5 MODE_SWITCH_START state=MODE_SWITCHING attempts=1 streak=0 attempt=1
[2026-09-11T08:54:19.239Z] batch=field-waveform-1789116838839-29 D5 MODE_SWITCH_OK state=MODE_SWITCH_OK attempts=1 streak=0
[2026-09-11T08:54:19.240Z] batch=field-waveform-1789116838839-29 D6 MODE_SWITCH_START state=MODE_SWITCHING attempts=1 streak=0 attempt=1
[2026-09-11T08:54:19.242Z] batch=field-waveform-1789116838839-29 D6 MODE_SWITCH_OK state=MODE_SWITCH_OK attempts=1 streak=0
[2026-09-11T08:54:19.507Z] batch=field-waveform-1789116838839-29 D1 MODE_SWITCH_START state=MODE_SWITCHING attempts=1 streak=0 attempt=1
[2026-09-11T08:54:19.511Z] batch=field-waveform-1789116838839-29 D1 MODE_SWITCH_OK state=MODE_SWITCH_OK attempts=1 streak=0
[2026-09-11T08:54:29.233Z] batch=field-waveform-1789116838839-29 D2 MODE_SWITCH_START state=MODE_SWITCHING attempts=1 streak=0 attempt=1
[2026-09-11T08:54:29.237Z] batch=field-waveform-1789116838839-29 D2 MODE_SWITCH_OK state=MODE_SWITCH_OK attempts=1 streak=0
[2026-09-11T08:54:29.239Z] batch=field-waveform-1789116838839-29 D4 MODE_SWITCH_START state=MODE_SWITCHING attempts=1 streak=0 attempt=1
[2026-09-11T08:54:29.240Z] batch=field-waveform-1789116838839-29 D4 MODE_SWITCH_OK state=MODE_SWITCH_OK attempts=1 streak=0
[2026-09-11T08:54:29.246Z] batch=field-waveform-1789116838839-29 D3 MODE_SWITCH_START state=MODE_SWITCHING attempts=1 streak=0 attempt=1
[2026-09-11T08:54:29.250Z] batch=field-waveform-1789116838839-29 D3 MODE_SWITCH_OK state=MODE_SWITCH_OK attempts=1 streak=0
[2026-09-11T08:54:29.252Z] batch=field-waveform-1789116838839-29 D5 MODE_SWITCH_START state=MODE_SWITCHING attempts=1 streak=0 attempt=1
[2026-09-11T08:54:29.254Z] batch=field-waveform-1789116838839-29 D5 MODE_SWITCH_OK state=MODE_SWITCH_OK attempts=1 streak=0
[2026-09-11T08:54:29.255Z] batch=field-waveform-1789116838839-29 D6 MODE_SWITCH_START state=MODE_SWITCHING attempts=1 streak=0 attempt=1
[2026-09-11T08:54:29.258Z] batch=field-waveform-1789116838839-29 D6 MODE_SWITCH_OK state=MODE_SWITCH_OK attempts=1 streak=0
[2026-09-11T08:54:29.514Z] batch=field-waveform-1789116838839-29 D1 MODE_SWITCH_START state=MODE_SWITCHING attempts=1 streak=0 attempt=1
[2026-09-11T08:54:29.518Z] batch=field-waveform-1789116838839-29 D1 MODE_SWITCH_OK state=MODE_SWITCH_OK attempts=1 streak=0
[2026-09-11T08:54:39.240Z] batch=field-waveform-1789116838839-29 D2 MODE_SWITCH_START state=MODE_SWITCHING attempts=1 streak=0 attempt=1
[2026-09-11T08:54:39.244Z] batch=field-waveform-1789116838839-29 D2 MODE_SWITCH_OK state=MODE_SWITCH_OK attempts=1 streak=0
[2026-09-11T08:54:39.246Z] batch=field-waveform-1789116838839-29 D4 MODE_SWITCH_START state=MODE_SWITCHING attempts=1 streak=0 attempt=1
[2026-09-11T08:54:39.267Z] batch=field-waveform-1789116838839-29 D4 MODE_SWITCH_OK state=MODE_SWITCH_OK attempts=1 streak=0
[2026-09-11T08:54:39.269Z] batch=field-waveform-1789116838839-29 D3 MODE_SWITCH_START state=MODE_SWITCHING attempts=1 streak=0 attempt=1
[2026-09-11T08:54:39.272Z] batch=field-waveform-1789116838839-29 D3 MODE_SWITCH_OK state=MODE_SWITCH_OK attempts=1 streak=0
[2026-09-11T08:54:39.273Z] batch=field-waveform-1789116838839-29 D5 MODE_SWITCH_START state=MODE_SWITCHING attempts=1 streak=0 attempt=1
[2026-09-11T08:54:39.275Z] batch=field-waveform-1789116838839-29 D5 MODE_SWITCH_OK state=MODE_SWITCH_OK attempts=1 streak=0
[2026-09-11T08:54:39.277Z] batch=field-waveform-1789116838839-29 D6 MODE_SWITCH_START state=MODE_SWITCHING attempts=1 streak=0 attempt=1
[2026-09-11T08:54:39.278Z] batch=field-waveform-1789116838839-29 D6 MODE_SWITCH_OK state=MODE_SWITCH_OK attempts=1 streak=0
[2026-09-11T08:54:39.524Z] batch=field-waveform-1789116838839-29 D1 FIRST_FRAME state=FIRST_FRAME_RECEIVED attempts=1 streak=1
[2026-09-11T08:54:39.524Z] batch=field-waveform-1789116838839-29 D1 FIRST_VALID_SAMPLE state=FIRST_FRAME_RECEIVED attempts=1 streak=1
[2026-09-11T08:54:39.773Z] batch=field-waveform-1789116838839-29 D1 CHANNEL_SYNC_OK state=TEST_READY attempts=1 streak=5
[2026-09-11T08:54:39.773Z] batch=field-waveform-1789116838839-29 D1 TEST_READY state=TEST_READY attempts=1 streak=5
[2026-09-11T08:54:44.281Z] batch=field-waveform-1789116838839-29 D2 FIRST_FRAME state=FIRST_FRAME_RECEIVED attempts=1 streak=1
[2026-09-11T08:54:44.282Z] batch=field-waveform-1789116838839-29 D2 FIRST_VALID_SAMPLE state=FIRST_FRAME_RECEIVED attempts=1 streak=1
[2026-09-11T08:54:44.306Z] batch=field-waveform-1789116838839-29 D3 FIRST_FRAME state=FIRST_FRAME_RECEIVED attempts=1 streak=1
[2026-09-11T08:54:44.307Z] batch=field-waveform-1789116838839-29 D3 FIRST_VALID_SAMPLE state=FIRST_FRAME_RECEIVED attempts=1 streak=1
[2026-09-11T08:54:44.314Z] batch=field-waveform-1789116838839-29 D6 FIRST_FRAME state=FIRST_FRAME_RECEIVED attempts=1 streak=1
[2026-09-11T08:54:44.314Z] batch=field-waveform-1789116838839-29 D6 FIRST_VALID_SAMPLE state=FIRST_FRAME_RECEIVED attempts=1 streak=1
[2026-09-11T08:54:44.324Z] batch=field-waveform-1789116838839-29 D4 FIRST_FRAME state=FIRST_FRAME_RECEIVED attempts=1 streak=1
[2026-09-11T08:54:44.324Z] batch=field-waveform-1789116838839-29 D4 FIRST_VALID_SAMPLE state=FIRST_FRAME_RECEIVED attempts=1 streak=1
[2026-09-11T08:54:44.343Z] batch=field-waveform-1789116838839-29 D5 FIRST_FRAME state=FIRST_FRAME_RECEIVED attempts=1 streak=1
[2026-09-11T08:54:44.343Z] batch=field-waveform-1789116838839-29 D5 FIRST_VALID_SAMPLE state=FIRST_FRAME_RECEIVED attempts=1 streak=1
[2026-09-11T08:54:44.566Z] batch=field-waveform-1789116838839-29 D2 CHANNEL_SYNC_OK state=TEST_READY attempts=1 streak=5
[2026-09-11T08:54:44.566Z] batch=field-waveform-1789116838839-29 D2 TEST_READY state=TEST_READY attempts=1 streak=5
[2026-09-11T08:54:44.570Z] batch=field-waveform-1789116838839-29 D4 CHANNEL_SYNC_OK state=TEST_READY attempts=1 streak=5
[2026-09-11T08:54:44.570Z] batch=field-waveform-1789116838839-29 D4 TEST_READY state=TEST_READY attempts=1 streak=5
[2026-09-11T08:54:44.582Z] batch=field-waveform-1789116838839-29 D6 CHANNEL_SYNC_OK state=TEST_READY attempts=1 streak=5
[2026-09-11T08:54:44.582Z] batch=field-waveform-1789116838839-29 D6 TEST_READY state=TEST_READY attempts=1 streak=5
[2026-09-11T08:54:44.587Z] batch=field-waveform-1789116838839-29 D3 CHANNEL_SYNC_OK state=TEST_READY attempts=1 streak=5
[2026-09-11T08:54:44.587Z] batch=field-waveform-1789116838839-29 D3 TEST_READY state=TEST_READY attempts=1 streak=5
[2026-09-11T08:54:44.593Z] batch=field-waveform-1789116838839-29 D5 CHANNEL_SYNC_OK state=TEST_READY attempts=1 streak=5
[2026-09-11T08:54:44.593Z] batch=field-waveform-1789116838839-29 D5 TEST_READY state=TEST_READY attempts=1 streak=5
[2026-09-11T08:55:36.912Z] batch=field-waveform-1789116838839-29 D3 MODE_SWITCH_START state=MODE_SWITCHING attempts=1 streak=0 attempt=1
[2026-09-11T08:55:36.918Z] batch=field-waveform-1789116838839-29 D3 MODE_SWITCH_OK state=MODE_SWITCH_OK attempts=1 streak=0
[2026-09-11T08:55:37.236Z] batch=field-waveform-1789116838839-29 D2 MODE_SWITCH_START state=MODE_SWITCHING attempts=1 streak=0 attempt=1
[2026-09-11T08:55:37.239Z] batch=field-waveform-1789116838839-29 D2 MODE_SWITCH_OK state=MODE_SWITCH_OK attempts=1 streak=0
[2026-09-11T08:55:37.249Z] batch=field-waveform-1789116838839-29 D6 MODE_SWITCH_START state=MODE_SWITCHING attempts=1 streak=0 attempt=1
[2026-09-11T08:55:37.262Z] batch=field-waveform-1789116838839-29 D6 MODE_SWITCH_OK state=MODE_SWITCH_OK attempts=1 streak=0
[2026-09-11T08:55:37.278Z] batch=field-waveform-1789116838839-29 D4 MODE_SWITCH_START state=MODE_SWITCHING attempts=1 streak=0 attempt=1
[2026-09-11T08:55:37.286Z] batch=field-waveform-1789116838839-29 D4 MODE_SWITCH_OK state=MODE_SWITCH_OK attempts=1 streak=0
[2026-09-11T08:55:37.292Z] batch=field-waveform-1789116838839-29 D5 MODE_SWITCH_START state=MODE_SWITCHING attempts=1 streak=0 attempt=1
[2026-09-11T08:55:37.297Z] batch=field-waveform-1789116838839-29 D5 MODE_SWITCH_OK state=MODE_SWITCH_OK attempts=1 streak=0
[2026-09-11T08:55:39.697Z] batch=field-waveform-1789116838839-29 D1 MODE_SWITCH_START state=MODE_SWITCHING attempts=1 streak=0 attempt=1
[2026-09-11T08:55:39.703Z] batch=field-waveform-1789116838839-29 D1 MODE_SWITCH_OK state=MODE_SWITCH_OK attempts=1 streak=0
[2026-09-11T08:55:47.077Z] batch=field-waveform-1789116838839-29 D3 MODE_SWITCH_START state=MODE_SWITCHING attempts=1 streak=0 attempt=1
[2026-09-11T08:55:47.088Z] batch=field-waveform-1789116838839-29 D3 MODE_SWITCH_OK state=MODE_SWITCH_OK attempts=1 streak=0
[2026-09-11T08:55:47.297Z] batch=field-waveform-1789116838839-29 D2 MODE_SWITCH_START state=MODE_SWITCHING attempts=1 streak=0 attempt=1
[2026-09-11T08:55:47.300Z] batch=field-waveform-1789116838839-29 D2 MODE_SWITCH_OK state=MODE_SWITCH_OK attempts=1 streak=0
[2026-09-11T08:55:47.307Z] batch=field-waveform-1789116838839-29 D6 MODE_SWITCH_START state=MODE_SWITCHING attempts=1 streak=0 attempt=1
[2026-09-11T08:55:47.308Z] batch=field-waveform-1789116838839-29 D6 MODE_SWITCH_OK state=MODE_SWITCH_OK attempts=1 streak=0
[2026-09-11T08:55:47.315Z] batch=field-waveform-1789116838839-29 D4 MODE_SWITCH_START state=MODE_SWITCHING attempts=1 streak=0 attempt=1
[2026-09-11T08:55:47.319Z] batch=field-waveform-1789116838839-29 D4 MODE_SWITCH_OK state=MODE_SWITCH_OK attempts=1 streak=0
[2026-09-11T08:55:47.325Z] batch=field-waveform-1789116838839-29 D5 MODE_SWITCH_START state=MODE_SWITCHING attempts=1 streak=0 attempt=1
[2026-09-11T08:55:47.327Z] batch=field-waveform-1789116838839-29 D5 MODE_SWITCH_OK state=MODE_SWITCH_OK attempts=1 streak=0
[2026-09-11T08:55:49.762Z] batch=field-waveform-1789116838839-29 D1 MODE_SWITCH_START state=MODE_SWITCHING attempts=1 streak=0 attempt=1
[2026-09-11T08:55:49.773Z] batch=field-waveform-1789116838839-29 D1 MODE_SWITCH_OK state=MODE_SWITCH_OK attempts=1 streak=0
[2026-09-11T08:55:52.172Z] batch=field-waveform-1789116838839-29 D3 FIRST_FRAME state=FIRST_FRAME_RECEIVED attempts=1 streak=1
[2026-09-11T08:55:52.173Z] batch=field-waveform-1789116838839-29 D3 FIRST_VALID_SAMPLE state=FIRST_FRAME_RECEIVED attempts=1 streak=1
[2026-09-11T08:55:52.646Z] batch=field-waveform-1789116838839-29 D6 FIRST_FRAME state=FIRST_FRAME_RECEIVED attempts=1 streak=1
[2026-09-11T08:55:52.646Z] batch=field-waveform-1789116838839-29 D6 FIRST_VALID_SAMPLE state=FIRST_FRAME_RECEIVED attempts=1 streak=1
[2026-09-11T08:55:52.649Z] batch=field-waveform-1789116838839-29 D6 CHANNEL_SYNC_OK state=TEST_READY attempts=1 streak=5
[2026-09-11T08:55:52.649Z] batch=field-waveform-1789116838839-29 D6 TEST_READY state=TEST_READY attempts=1 streak=5
[2026-09-11T08:55:52.656Z] batch=field-waveform-1789116838839-29 D2 FIRST_FRAME state=FIRST_FRAME_RECEIVED attempts=1 streak=1
[2026-09-11T08:55:52.657Z] batch=field-waveform-1789116838839-29 D2 FIRST_VALID_SAMPLE state=FIRST_FRAME_RECEIVED attempts=1 streak=1
[2026-09-11T08:55:52.660Z] batch=field-waveform-1789116838839-29 D2 CHANNEL_SYNC_OK state=TEST_READY attempts=1 streak=5
[2026-09-11T08:55:52.660Z] batch=field-waveform-1789116838839-29 D2 TEST_READY state=TEST_READY attempts=1 streak=5
[2026-09-11T08:55:52.662Z] batch=field-waveform-1789116838839-29 D4 FIRST_FRAME state=FIRST_FRAME_RECEIVED attempts=1 streak=1
[2026-09-11T08:55:52.662Z] batch=field-waveform-1789116838839-29 D4 FIRST_VALID_SAMPLE state=FIRST_FRAME_RECEIVED attempts=1 streak=1
[2026-09-11T08:55:52.675Z] batch=field-waveform-1789116838839-29 D4 CHANNEL_SYNC_OK state=TEST_READY attempts=1 streak=5
[2026-09-11T08:55:52.675Z] batch=field-waveform-1789116838839-29 D4 TEST_READY state=TEST_READY attempts=1 streak=5
[2026-09-11T08:55:52.676Z] batch=field-waveform-1789116838839-29 D3 CHANNEL_SYNC_OK state=TEST_READY attempts=1 streak=5
[2026-09-11T08:55:52.676Z] batch=field-waveform-1789116838839-29 D3 TEST_READY state=TEST_READY attempts=1 streak=5
[2026-09-11T08:55:52.677Z] batch=field-waveform-1789116838839-29 D5 FIRST_FRAME state=FIRST_FRAME_RECEIVED attempts=1 streak=1
[2026-09-11T08:55:52.677Z] batch=field-waveform-1789116838839-29 D5 FIRST_VALID_SAMPLE state=FIRST_FRAME_RECEIVED attempts=1 streak=1
[2026-09-11T08:55:52.680Z] batch=field-waveform-1789116838839-29 D5 CHANNEL_SYNC_OK state=TEST_READY attempts=1 streak=5
[2026-09-11T08:55:52.680Z] batch=field-waveform-1789116838839-29 D5 TEST_READY state=TEST_READY attempts=1 streak=5
[2026-09-11T08:55:54.864Z] batch=field-waveform-1789116838839-29 D1 FIRST_FRAME state=FIRST_FRAME_RECEIVED attempts=1 streak=1
[2026-09-11T08:55:54.865Z] batch=field-waveform-1789116838839-29 D1 FIRST_VALID_SAMPLE state=FIRST_FRAME_RECEIVED attempts=1 streak=1
[2026-09-11T08:55:55.164Z] batch=field-waveform-1789116838839-29 D1 CHANNEL_SYNC_OK state=TEST_READY attempts=1 streak=5
[2026-09-11T08:55:55.164Z] batch=field-waveform-1789116838839-29 D1 TEST_READY state=TEST_READY attempts=1 streak=5
[2026-09-11T08:56:28.077Z] batch=field-waveform-1789116838839-29 D1 MODE_SWITCH_START state=MODE_SWITCHING attempts=1 streak=0 attempt=1
[2026-09-11T08:56:28.086Z] batch=field-waveform-1789116838839-29 D1 MODE_SWITCH_OK state=MODE_SWITCH_OK attempts=1 streak=0
[2026-09-11T08:56:36.595Z] batch=field-waveform-1789116838839-29 D3 MODE_SWITCH_START state=MODE_SWITCHING attempts=1 streak=0 attempt=1
[2026-09-11T08:56:36.605Z] batch=field-waveform-1789116838839-29 D3 MODE_SWITCH_OK state=MODE_SWITCH_OK attempts=1 streak=0
[2026-09-11T08:56:37.663Z] batch=field-waveform-1789116838839-29 D6 MODE_SWITCH_START state=MODE_SWITCHING attempts=1 streak=0 attempt=1
[2026-09-11T08:56:37.665Z] batch=field-waveform-1789116838839-29 D6 MODE_SWITCH_OK state=MODE_SWITCH_OK attempts=1 streak=0
[2026-09-11T08:56:37.682Z] batch=field-waveform-1789116838839-29 D5 MODE_SWITCH_START state=MODE_SWITCHING attempts=1 streak=0 attempt=1
[2026-09-11T08:56:37.690Z] batch=field-waveform-1789116838839-29 D5 MODE_SWITCH_OK state=MODE_SWITCH_OK attempts=1 streak=0
[2026-09-11T08:56:37.698Z] batch=field-waveform-1789116838839-29 D2 MODE_SWITCH_START state=MODE_SWITCHING attempts=1 streak=0 attempt=1
[2026-09-11T08:56:37.704Z] batch=field-waveform-1789116838839-29 D2 MODE_SWITCH_OK state=MODE_SWITCH_OK attempts=1 streak=0
[2026-09-11T08:56:37.712Z] batch=field-waveform-1789116838839-29 D4 MODE_SWITCH_START state=MODE_SWITCHING attempts=1 streak=0 attempt=1
[2026-09-11T08:56:37.728Z] batch=field-waveform-1789116838839-29 D4 MODE_SWITCH_OK state=MODE_SWITCH_OK attempts=1 streak=0
[2026-09-11T08:56:38.553Z] batch=field-waveform-1789116838839-29 D1 MODE_SWITCH_START state=MODE_SWITCHING attempts=1 streak=0 attempt=1
[2026-09-11T08:56:38.568Z] batch=field-waveform-1789116838839-29 D1 MODE_SWITCH_OK state=MODE_SWITCH_OK attempts=1 streak=0
[2026-09-11T08:56:46.767Z] batch=field-waveform-1789116838839-29 D3 MODE_SWITCH_START state=MODE_SWITCHING attempts=1 streak=0 attempt=1
[2026-09-11T08:56:46.777Z] batch=field-waveform-1789116838839-29 D3 MODE_SWITCH_OK state=MODE_SWITCH_OK attempts=1 streak=0
[2026-09-11T08:56:47.720Z] batch=field-waveform-1789116838839-29 D6 MODE_SWITCH_START state=MODE_SWITCHING attempts=1 streak=0 attempt=1
[2026-09-11T08:56:47.735Z] batch=field-waveform-1789116838839-29 D6 MODE_SWITCH_OK state=MODE_SWITCH_OK attempts=1 streak=0
[2026-09-11T08:56:47.744Z] batch=field-waveform-1789116838839-29 D5 MODE_SWITCH_START state=MODE_SWITCHING attempts=1 streak=0 attempt=1
[2026-09-11T08:56:47.753Z] batch=field-waveform-1789116838839-29 D5 MODE_SWITCH_OK state=MODE_SWITCH_OK attempts=1 streak=0
[2026-09-11T08:56:48.055Z] batch=field-waveform-1789116838839-29 D2 MODE_SWITCH_START state=MODE_SWITCHING attempts=1 streak=0 attempt=1
[2026-09-11T08:56:48.066Z] batch=field-waveform-1789116838839-29 D2 MODE_SWITCH_OK state=MODE_SWITCH_OK attempts=1 streak=0
[2026-09-11T08:56:48.083Z] batch=field-waveform-1789116838839-29 D4 MODE_SWITCH_START state=MODE_SWITCHING attempts=1 streak=0 attempt=1
[2026-09-11T08:56:48.084Z] batch=field-waveform-1789116838839-29 D4 MODE_SWITCH_OK state=MODE_SWITCH_OK attempts=1 streak=0
[2026-09-11T08:56:48.829Z] batch=field-waveform-1789116838839-29 D1 MODE_SWITCH_START state=MODE_SWITCHING attempts=1 streak=0 attempt=1
[2026-09-11T08:56:48.838Z] batch=field-waveform-1789116838839-29 D1 MODE_SWITCH_OK state=MODE_SWITCH_OK attempts=1 streak=0
[2026-09-11T08:56:56.827Z] batch=field-waveform-1789116838839-29 D3 MODE_SWITCH_START state=MODE_SWITCHING attempts=1 streak=0 attempt=1
[2026-09-11T08:56:56.838Z] batch=field-waveform-1789116838839-29 D3 MODE_SWITCH_OK state=MODE_SWITCH_OK attempts=1 streak=0
[2026-09-11T08:56:57.853Z] batch=field-waveform-1789116838839-29 D6 MODE_SWITCH_START state=MODE_SWITCHING attempts=1 streak=0 attempt=1
[2026-09-11T08:56:57.862Z] batch=field-waveform-1789116838839-29 D6 MODE_SWITCH_OK state=MODE_SWITCH_OK attempts=1 streak=0
[2026-09-11T08:56:57.872Z] batch=field-waveform-1789116838839-29 D5 MODE_SWITCH_START state=MODE_SWITCHING attempts=1 streak=0 attempt=1
[2026-09-11T08:56:57.875Z] batch=field-waveform-1789116838839-29 D5 MODE_SWITCH_OK state=MODE_SWITCH_OK attempts=1 streak=0
[2026-09-11T08:56:58.369Z] batch=field-waveform-1789116838839-29 D2 MODE_SWITCH_START state=MODE_SWITCHING attempts=1 streak=0 attempt=1
[2026-09-11T08:56:58.380Z] batch=field-waveform-1789116838839-29 D2 MODE_SWITCH_OK state=MODE_SWITCH_OK attempts=1 streak=0
[2026-09-11T08:56:58.397Z] batch=field-waveform-1789116838839-29 D4 MODE_SWITCH_START state=MODE_SWITCHING attempts=1 streak=0 attempt=1
[2026-09-11T08:56:58.409Z] batch=field-waveform-1789116838839-29 D4 MODE_SWITCH_OK state=MODE_SWITCH_OK attempts=1 streak=0
[2026-09-11T08:56:59.216Z] batch=field-waveform-1789116838839-29 D1 MODE_SWITCH_START state=MODE_SWITCHING attempts=1 streak=0 attempt=1
[2026-09-11T08:56:59.227Z] batch=field-waveform-1789116838839-29 D1 MODE_SWITCH_OK state=MODE_SWITCH_OK attempts=1 streak=0
[2026-09-11T08:57:06.875Z] batch=field-waveform-1789116838839-29 D3 MODE_SWITCH_START state=MODE_SWITCHING attempts=1 streak=0 attempt=1
[2026-09-11T08:57:06.884Z] batch=field-waveform-1789116838839-29 D3 MODE_SWITCH_OK state=MODE_SWITCH_OK attempts=1 streak=0
[2026-09-11T08:57:07.934Z] batch=field-waveform-1789116838839-29 D6 MODE_SWITCH_START state=MODE_SWITCHING attempts=1 streak=0 attempt=1
[2026-09-11T08:57:07.946Z] batch=field-waveform-1789116838839-29 D6 MODE_SWITCH_OK state=MODE_SWITCH_OK attempts=1 streak=0
[2026-09-11T08:57:07.954Z] batch=field-waveform-1789116838839-29 D5 MODE_SWITCH_START state=MODE_SWITCHING attempts=1 streak=0 attempt=1
[2026-09-11T08:57:07.962Z] batch=field-waveform-1789116838839-29 D5 MODE_SWITCH_OK state=MODE_SWITCH_OK attempts=1 streak=0
[2026-09-11T08:57:08.455Z] batch=field-waveform-1789116838839-29 D2 MODE_SWITCH_START state=MODE_SWITCHING attempts=1 streak=0 attempt=1
[2026-09-11T08:57:08.467Z] batch=field-waveform-1789116838839-29 D2 MODE_SWITCH_OK state=MODE_SWITCH_OK attempts=1 streak=0
[2026-09-11T08:57:08.475Z] batch=field-waveform-1789116838839-29 D4 MODE_SWITCH_START state=MODE_SWITCHING attempts=1 streak=0 attempt=1
[2026-09-11T08:57:08.478Z] batch=field-waveform-1789116838839-29 D4 MODE_SWITCH_OK state=MODE_SWITCH_OK attempts=1 streak=0
[2026-09-11T08:57:09.475Z] batch=field-waveform-1789116838839-29 D1 MODE_SWITCH_START state=MODE_SWITCHING attempts=1 streak=0 attempt=1
[2026-09-11T08:57:09.485Z] batch=field-waveform-1789116838839-29 D1 MODE_SWITCH_OK state=MODE_SWITCH_OK attempts=1 streak=0
[2026-09-11T08:57:17.034Z] batch=field-waveform-1789116838839-29 D3 MODE_SWITCH_START state=MODE_SWITCHING attempts=1 streak=0 attempt=1
[2026-09-11T08:57:17.044Z] batch=field-waveform-1789116838839-29 D3 MODE_SWITCH_OK state=MODE_SWITCH_OK attempts=1 streak=0
[2026-09-11T08:57:18.077Z] batch=field-waveform-1789116838839-29 D6 MODE_SWITCH_START state=MODE_SWITCHING attempts=1 streak=0 attempt=1
[2026-09-11T08:57:18.088Z] batch=field-waveform-1789116838839-29 D6 MODE_SWITCH_OK state=MODE_SWITCH_OK attempts=1 streak=0
[2026-09-11T08:57:18.105Z] batch=field-waveform-1789116838839-29 D5 MODE_SWITCH_START state=MODE_SWITCHING attempts=1 streak=0 attempt=1
[2026-09-11T08:57:18.106Z] batch=field-waveform-1789116838839-29 D5 MODE_SWITCH_OK state=MODE_SWITCH_OK attempts=1 streak=0
[2026-09-11T08:57:18.867Z] batch=field-waveform-1789116838839-29 D2 MODE_SWITCH_START state=MODE_SWITCHING attempts=1 streak=0 attempt=1
[2026-09-11T08:57:18.876Z] batch=field-waveform-1789116838839-29 D2 MODE_SWITCH_OK state=MODE_SWITCH_OK attempts=1 streak=0
[2026-09-11T08:57:18.888Z] batch=field-waveform-1789116838839-29 D4 MODE_SWITCH_START state=MODE_SWITCHING attempts=1 streak=0 attempt=1
[2026-09-11T08:57:18.899Z] batch=field-waveform-1789116838839-29 D4 MODE_SWITCH_OK state=MODE_SWITCH_OK attempts=1 streak=0
[2026-09-11T08:57:19.549Z] batch=field-waveform-1789116838839-29 D1 MODE_SWITCH_START state=MODE_SWITCHING attempts=1 streak=0 attempt=1
[2026-09-11T08:57:19.551Z] batch=field-waveform-1789116838839-29 D1 MODE_SWITCH_OK state=MODE_SWITCH_OK attempts=1 streak=0
