[2026-09-10T10:00:19.641Z] batch=field-waveform-1789034251789-14 D6 MODE_SWITCH_START state=MODE_SWITCHING attempts=1 streak=0 attempt=1
[2026-09-10T10:00:19.650Z] batch=field-waveform-1789034251789-14 D6 MODE_SWITCH_OK state=MODE_SWITCH_OK attempts=1 streak=0
[2026-09-10T10:00:20.127Z] batch=field-waveform-1789034251789-14 D2 MODE_SWITCH_START state=MODE_SWITCHING attempts=1 streak=0 attempt=1
[2026-09-10T10:00:20.130Z] batch=field-waveform-1789034251789-14 D2 MODE_SWITCH_OK state=MODE_SWITCH_OK attempts=1 streak=0
[2026-09-10T10:00:20.143Z] batch=field-waveform-1789034251789-14 D5 MODE_SWITCH_START state=MODE_SWITCHING attempts=1 streak=0 attempt=1
[2026-09-10T10:00:20.147Z] batch=field-waveform-1789034251789-14 D5 MODE_SWITCH_OK state=MODE_SWITCH_OK attempts=1 streak=0
[2026-09-10T10:00:20.164Z] batch=field-waveform-1789034251789-14 D4 MODE_SWITCH_START state=MODE_SWITCHING attempts=1 streak=0 attempt=1
[2026-09-10T10:00:20.168Z] batch=field-waveform-1789034251789-14 D4 MODE_SWITCH_OK state=MODE_SWITCH_OK attempts=1 streak=0
[2026-09-10T10:00:20.177Z] batch=field-waveform-1789034251789-14 D3 MODE_SWITCH_START state=MODE_SWITCHING attempts=1 streak=0 attempt=1
[2026-09-10T10:00:20.184Z] batch=field-waveform-1789034251789-14 D3 MODE_SWITCH_OK state=MODE_SWITCH_OK attempts=1 streak=0
[2026-09-10T10:00:20.193Z] batch=field-waveform-1789034251789-14 D1 MODE_SWITCH_START state=MODE_SWITCHING attempts=1 streak=0 attempt=1
[2026-09-10T10:00:20.196Z] batch=field-waveform-1789034251789-14 D1 MODE_SWITCH_OK state=MODE_SWITCH_OK attempts=1 streak=0
[2026-09-10T10:00:29.790Z] batch=field-waveform-1789034251789-14 D6 MODE_SWITCH_START state=MODE_SWITCHING attempts=1 streak=0 attempt=1
[2026-09-10T10:00:29.801Z] batch=field-waveform-1789034251789-14 D6 MODE_SWITCH_OK state=MODE_SWITCH_OK attempts=1 streak=0
[2026-09-10T10:00:30.455Z] batch=field-waveform-1789034251789-14 D2 MODE_SWITCH_START state=MODE_SWITCHING attempts=1 streak=0 attempt=1
[2026-09-10T10:00:30.457Z] batch=field-waveform-1789034251789-14 D2 MODE_SWITCH_OK state=MODE_SWITCH_OK attempts=1 streak=0
[2026-09-10T10:00:30.465Z] batch=field-waveform-1789034251789-14 D5 MODE_SWITCH_START state=MODE_SWITCHING attempts=1 streak=0 attempt=1
[2026-09-10T10:00:30.467Z] batch=field-waveform-1789034251789-14 D5 MODE_SWITCH_OK state=MODE_SWITCH_OK attempts=1 streak=0
[2026-09-10T10:00:30.475Z] batch=field-waveform-1789034251789-14 D4 MODE_SWITCH_START state=MODE_SWITCHING attempts=1 streak=0 attempt=1
[2026-09-10T10:00:30.478Z] batch=field-waveform-1789034251789-14 D4 MODE_SWITCH_OK state=MODE_SWITCH_OK attempts=1 streak=0
[2026-09-10T10:00:30.487Z] batch=field-waveform-1789034251789-14 D3 MODE_SWITCH_START state=MODE_SWITCHING attempts=1 streak=0 attempt=1
[2026-09-10T10:00:30.498Z] batch=field-waveform-1789034251789-14 D3 MODE_SWITCH_OK state=MODE_SWITCH_OK attempts=1 streak=0
[2026-09-10T10:00:30.506Z] batch=field-waveform-1789034251789-14 D1 MODE_SWITCH_START state=MODE_SWITCHING attempts=1 streak=0 attempt=1
[2026-09-10T10:00:30.510Z] batch=field-waveform-1789034251789-14 D1 MODE_SWITCH_OK state=MODE_SWITCH_OK attempts=1 streak=0
[2026-09-10T10:00:39.926Z] batch=field-waveform-1789034251789-14 D6 MODE_SWITCH_START state=MODE_SWITCHING attempts=1 streak=0 attempt=1
[2026-09-10T10:00:39.935Z] batch=field-waveform-1789034251789-14 D6 MODE_SWITCH_OK state=MODE_SWITCH_OK attempts=1 streak=0
[2026-09-10T10:00:40.675Z] batch=field-waveform-1789034251789-14 D2 MODE_SWITCH_START state=MODE_SWITCHING attempts=1 streak=0 attempt=1
[2026-09-10T10:00:40.677Z] batch=field-waveform-1789034251789-14 D2 MODE_SWITCH_OK state=MODE_SWITCH_OK attempts=1 streak=0
[2026-09-10T10:00:40.685Z] batch=field-waveform-1789034251789-14 D5 MODE_SWITCH_START state=MODE_SWITCHING attempts=1 streak=0 attempt=1
[2026-09-10T10:00:40.695Z] batch=field-waveform-1789034251789-14 D5 MODE_SWITCH_OK state=MODE_SWITCH_OK attempts=1 streak=0
[2026-09-10T10:00:40.703Z] batch=field-waveform-1789034251789-14 D4 MODE_SWITCH_START state=MODE_SWITCHING attempts=1 streak=0 attempt=1
[2026-09-10T10:00:40.707Z] batch=field-waveform-1789034251789-14 D4 MODE_SWITCH_OK state=MODE_SWITCH_OK attempts=1 streak=0
[2026-09-10T10:00:40.715Z] batch=field-waveform-1789034251789-14 D3 MODE_SWITCH_START state=MODE_SWITCHING attempts=1 streak=0 attempt=1
[2026-09-10T10:00:40.717Z] batch=field-waveform-1789034251789-14 D3 MODE_SWITCH_OK state=MODE_SWITCH_OK attempts=1 streak=0
[2026-09-10T10:00:40.725Z] batch=field-waveform-1789034251789-14 D1 MODE_SWITCH_START state=MODE_SWITCHING attempts=1 streak=0 attempt=1
[2026-09-10T10:00:40.727Z] batch=field-waveform-1789034251789-14 D1 MODE_SWITCH_OK state=MODE_SWITCH_OK attempts=1 streak=0
[2026-09-10T10:00:49.993Z] batch=field-waveform-1789034251789-14 D6 MODE_SWITCH_START state=MODE_SWITCHING attempts=1 streak=0 attempt=1
[2026-09-10T10:00:50.004Z] batch=field-waveform-1789034251789-14 D6 MODE_SWITCH_OK state=MODE_SWITCH_OK attempts=1 streak=0
[2026-09-10T10:00:50.761Z] batch=field-waveform-1789034251789-14 D2 MODE_SWITCH_START state=MODE_SWITCHING attempts=1 streak=0 attempt=1
[2026-09-10T10:00:50.771Z] batch=field-waveform-1789034251789-14 D2 MODE_SWITCH_OK state=MODE_SWITCH_OK attempts=1 streak=0
[2026-09-10T10:00:50.787Z] batch=field-waveform-1789034251789-14 D5 MODE_SWITCH_START state=MODE_SWITCHING attempts=1 streak=0 attempt=1
[2026-09-10T10:00:50.789Z] batch=field-waveform-1789034251789-14 D5 MODE_SWITCH_OK state=MODE_SWITCH_OK attempts=1 streak=0
[2026-09-10T10:00:50.797Z] batch=field-waveform-1789034251789-14 D4 MODE_SWITCH_START state=MODE_SWITCHING attempts=1 streak=0 attempt=1
[2026-09-10T10:00:50.800Z] batch=field-waveform-1789034251789-14 D4 MODE_SWITCH_OK state=MODE_SWITCH_OK attempts=1 streak=0
[2026-09-10T10:00:50.808Z] batch=field-waveform-1789034251789-14 D3 MODE_SWITCH_START state=MODE_SWITCHING attempts=1 streak=0 attempt=1
[2026-09-10T10:00:50.814Z] batch=field-waveform-1789034251789-14 D3 MODE_SWITCH_OK state=MODE_SWITCH_OK attempts=1 streak=0
[2026-09-10T10:00:50.823Z] batch=field-waveform-1789034251789-14 D1 MODE_SWITCH_START state=MODE_SWITCHING attempts=1 streak=0 attempt=1
[2026-09-10T10:00:50.825Z] batch=field-waveform-1789034251789-14 D1 MODE_SWITCH_OK state=MODE_SWITCH_OK attempts=1 streak=0
[2026-09-10T10:01:00.196Z] batch=field-waveform-1789034251789-14 D6 MODE_SWITCH_START state=MODE_SWITCHING attempts=1 streak=0 attempt=1
[2026-09-10T10:01:00.203Z] batch=field-waveform-1789034251789-14 D6 MODE_SWITCH_OK state=MODE_SWITCH_OK attempts=1 streak=0
[2026-09-10T10:01:01.003Z] batch=field-waveform-1789034251789-14 D2 MODE_SWITCH_START state=MODE_SWITCHING attempts=1 streak=0 attempt=1
[2026-09-10T10:01:01.012Z] batch=field-waveform-1789034251789-14 D2 MODE_SWITCH_OK state=MODE_SWITCH_OK attempts=1 streak=0
[2026-09-10T10:01:01.021Z] batch=field-waveform-1789034251789-14 D5 MODE_SWITCH_START state=MODE_SWITCHING attempts=1 streak=0 attempt=1
[2026-09-10T10:01:01.024Z] batch=field-waveform-1789034251789-14 D5 MODE_SWITCH_OK state=MODE_SWITCH_OK attempts=1 streak=0
[2026-09-10T10:01:01.043Z] batch=field-waveform-1789034251789-14 D4 MODE_SWITCH_START state=MODE_SWITCHING attempts=1 streak=0 attempt=1
[2026-09-10T10:01:01.047Z] batch=field-waveform-1789034251789-14 D4 MODE_SWITCH_OK state=MODE_SWITCH_OK attempts=1 streak=0
[2026-09-10T10:01:01.056Z] batch=field-waveform-1789034251789-14 D3 MODE_SWITCH_START state=MODE_SWITCHING attempts=1 streak=0 attempt=1
[2026-09-10T10:01:01.061Z] batch=field-waveform-1789034251789-14 D3 MODE_SWITCH_OK state=MODE_SWITCH_OK attempts=1 streak=0
[2026-09-10T10:01:01.070Z] batch=field-waveform-1789034251789-14 D1 MODE_SWITCH_START state=MODE_SWITCHING attempts=1 streak=0 attempt=1
[2026-09-10T10:01:01.073Z] batch=field-waveform-1789034251789-14 D1 MODE_SWITCH_OK state=MODE_SWITCH_OK attempts=1 streak=0
[2026-09-10T10:01:10.234Z] batch=field-waveform-1789034251789-14 D6 MODE_SWITCH_START state=MODE_SWITCHING attempts=1 streak=0 attempt=1
[2026-09-10T10:01:10.245Z] batch=field-waveform-1789034251789-14 D6 MODE_SWITCH_OK state=MODE_SWITCH_OK attempts=1 streak=0
[2026-09-10T10:01:11.045Z] batch=field-waveform-1789034251789-14 D2 MODE_SWITCH_START state=MODE_SWITCHING attempts=1 streak=0 attempt=1
[2026-09-10T10:01:11.055Z] batch=field-waveform-1789034251789-14 D2 MODE_SWITCH_OK state=MODE_SWITCH_OK attempts=1 streak=0
[2026-09-10T10:01:11.063Z] batch=field-waveform-1789034251789-14 D5 MODE_SWITCH_START state=MODE_SWITCHING attempts=1 streak=0 attempt=1
[2026-09-10T10:01:11.073Z] batch=field-waveform-1789034251789-14 D5 MODE_SWITCH_OK state=MODE_SWITCH_OK attempts=1 streak=0
[2026-09-10T10:01:11.082Z] batch=field-waveform-1789034251789-14 D4 MODE_SWITCH_START state=MODE_SWITCHING attempts=1 streak=0 attempt=1
[2026-09-10T10:01:11.084Z] batch=field-waveform-1789034251789-14 D4 MODE_SWITCH_OK state=MODE_SWITCH_OK attempts=1 streak=0
[2026-09-10T10:01:11.093Z] batch=field-waveform-1789034251789-14 D3 MODE_SWITCH_START state=MODE_SWITCHING attempts=1 streak=0 attempt=1
[2026-09-10T10:01:11.097Z] batch=field-waveform-1789034251789-14 D3 MODE_SWITCH_OK state=MODE_SWITCH_OK attempts=1 streak=0
[2026-09-10T10:01:11.105Z] batch=field-waveform-1789034251789-14 D1 MODE_SWITCH_START state=MODE_SWITCHING attempts=1 streak=0 attempt=1
[2026-09-10T10:01:11.112Z] batch=field-waveform-1789034251789-14 D1 MODE_SWITCH_OK state=MODE_SWITCH_OK attempts=1 streak=0
[2026-09-10T10:01:20.547Z] batch=field-waveform-1789034251789-14 D6 MODE_SWITCH_START state=MODE_SWITCHING attempts=1 streak=0 attempt=1
[2026-09-10T10:01:20.559Z] batch=field-waveform-1789034251789-14 D6 MODE_SWITCH_OK state=MODE_SWITCH_OK attempts=1 streak=0
[2026-09-10T10:01:21.456Z] batch=field-waveform-1789034251789-14 D2 MODE_SWITCH_START state=MODE_SWITCHING attempts=1 streak=0 attempt=1
[2026-09-10T10:01:21.467Z] batch=field-waveform-1789034251789-14 D2 MODE_SWITCH_OK state=MODE_SWITCH_OK attempts=1 streak=0
[2026-09-10T10:01:21.476Z] batch=field-waveform-1789034251789-14 D5 MODE_SWITCH_START state=MODE_SWITCHING attempts=1 streak=0 attempt=1
[2026-09-10T10:01:21.477Z] batch=field-waveform-1789034251789-14 D5 MODE_SWITCH_OK state=MODE_SWITCH_OK attempts=1 streak=0
[2026-09-10T10:01:21.486Z] batch=field-waveform-1789034251789-14 D4 MODE_SWITCH_START state=MODE_SWITCHING attempts=1 streak=0 attempt=1
[2026-09-10T10:01:21.488Z] batch=field-waveform-1789034251789-14 D4 MODE_SWITCH_OK state=MODE_SWITCH_OK attempts=1 streak=0
[2026-09-10T10:01:21.496Z] batch=field-waveform-1789034251789-14 D3 MODE_SWITCH_START state=MODE_SWITCHING attempts=1 streak=0 attempt=1
[2026-09-10T10:01:21.507Z] batch=field-waveform-1789034251789-14 D3 MODE_SWITCH_OK state=MODE_SWITCH_OK attempts=1 streak=0
[2026-09-10T10:01:21.517Z] batch=field-waveform-1789034251789-14 D1 MODE_SWITCH_START state=MODE_SWITCHING attempts=1 streak=0 attempt=1
[2026-09-10T10:01:21.518Z] batch=field-waveform-1789034251789-14 D1 MODE_SWITCH_OK state=MODE_SWITCH_OK attempts=1 streak=0
[2026-09-10T10:01:30.669Z] batch=field-waveform-1789034251789-14 D6 MODE_SWITCH_START state=MODE_SWITCHING attempts=1 streak=0 attempt=1
[2026-09-10T10:01:30.681Z] batch=field-waveform-1789034251789-14 D6 MODE_SWITCH_OK state=MODE_SWITCH_OK attempts=1 streak=0
[2026-09-10T10:01:31.795Z] batch=field-waveform-1789034251789-14 D2 MODE_SWITCH_START state=MODE_SWITCHING attempts=1 streak=0 attempt=1
[2026-09-10T10:01:31.798Z] batch=field-waveform-1789034251789-14 D2 MODE_SWITCH_OK state=MODE_SWITCH_OK attempts=1 streak=0
[2026-09-10T10:01:31.821Z] batch=field-waveform-1789034251789-14 D5 MODE_SWITCH_START state=MODE_SWITCHING attempts=1 streak=0 attempt=1
[2026-09-10T10:01:31.824Z] batch=field-waveform-1789034251789-14 D5 MODE_SWITCH_OK state=MODE_SWITCH_OK attempts=1 streak=0
[2026-09-10T10:01:31.839Z] batch=field-waveform-1789034251789-14 D4 MODE_SWITCH_START state=MODE_SWITCHING attempts=1 streak=0 attempt=1
[2026-09-10T10:01:31.843Z] batch=field-waveform-1789034251789-14 D4 MODE_SWITCH_OK state=MODE_SWITCH_OK attempts=1 streak=0
[2026-09-10T10:01:31.851Z] batch=field-waveform-1789034251789-14 D3 MODE_SWITCH_START state=MODE_SWITCHING attempts=1 streak=0 attempt=1
[2026-09-10T10:01:31.852Z] batch=field-waveform-1789034251789-14 D3 MODE_SWITCH_OK state=MODE_SWITCH_OK attempts=1 streak=0
[2026-09-10T10:01:31.861Z] batch=field-waveform-1789034251789-14 D1 MODE_SWITCH_START state=MODE_SWITCHING attempts=1 streak=0 attempt=1
[2026-09-10T10:01:31.864Z] batch=field-waveform-1789034251789-14 D1 MODE_SWITCH_OK state=MODE_SWITCH_OK attempts=1 streak=0
[2026-09-10T10:01:34.619Z] batch=field-waveform-1789034494618-15 D1 MODE_SWITCH_START state=MODE_SWITCHING attempts=1 streak=0 attempt=1
[2026-09-10T10:01:34.631Z] batch=field-waveform-1789034494618-15 D2 MODE_SWITCH_START state=MODE_SWITCHING attempts=1 streak=0 attempt=1
[2026-09-10T10:01:34.632Z] batch=field-waveform-1789034494618-15 D3 MODE_SWITCH_START state=MODE_SWITCHING attempts=1 streak=0 attempt=1
[2026-09-10T10:01:34.639Z] batch=field-waveform-1789034494618-15 D4 MODE_SWITCH_START state=MODE_SWITCHING attempts=1 streak=0 attempt=1
[2026-09-10T10:01:34.640Z] batch=field-waveform-1789034494618-15 D5 MODE_SWITCH_START state=MODE_SWITCHING attempts=1 streak=0 attempt=1
[2026-09-10T10:01:34.641Z] batch=field-waveform-1789034494618-15 D6 MODE_SWITCH_START state=MODE_SWITCHING attempts=1 streak=0 attempt=1
[2026-09-10T10:01:34.654Z] batch=field-waveform-1789034494618-15 D1 MODE_SWITCH_OK state=MODE_SWITCH_OK attempts=1 streak=0
[2026-09-10T10:01:34.655Z] batch=field-waveform-1789034494618-15 D2 MODE_SWITCH_OK state=MODE_SWITCH_OK attempts=1 streak=0
[2026-09-10T10:01:34.655Z] batch=field-waveform-1789034494618-15 D3 MODE_SWITCH_OK state=MODE_SWITCH_OK attempts=1 streak=0
[2026-09-10T10:01:34.656Z] batch=field-waveform-1789034494618-15 D4 MODE_SWITCH_OK state=MODE_SWITCH_OK attempts=1 streak=0
[2026-09-10T10:01:34.656Z] batch=field-waveform-1789034494618-15 D5 MODE_SWITCH_OK state=MODE_SWITCH_OK attempts=1 streak=0
[2026-09-10T10:01:34.657Z] batch=field-waveform-1789034494618-15 D6 MODE_SWITCH_OK state=MODE_SWITCH_OK attempts=1 streak=0
[2026-09-10T10:01:40.686Z] batch=field-waveform-1789034494618-15 D6 MODE_SWITCH_START state=MODE_SWITCHING attempts=1 streak=0 attempt=1
[2026-09-10T10:01:40.690Z] batch=field-waveform-1789034494618-15 D6 MODE_SWITCH_OK state=MODE_SWITCH_OK attempts=1 streak=0
[2026-09-10T10:01:41.800Z] batch=field-waveform-1789034494618-15 D2 MODE_SWITCH_START state=MODE_SWITCHING attempts=1 streak=0 attempt=1
[2026-09-10T10:01:41.806Z] batch=field-waveform-1789034494618-15 D2 MODE_SWITCH_OK state=MODE_SWITCH_OK attempts=1 streak=0
[2026-09-10T10:01:41.827Z] batch=field-waveform-1789034494618-15 D5 MODE_SWITCH_START state=MODE_SWITCHING attempts=1 streak=0 attempt=1
[2026-09-10T10:01:41.829Z] batch=field-waveform-1789034494618-15 D5 MODE_SWITCH_OK state=MODE_SWITCH_OK attempts=1 streak=0
[2026-09-10T10:01:41.849Z] batch=field-waveform-1789034494618-15 D4 MODE_SWITCH_START state=MODE_SWITCHING attempts=1 streak=0 attempt=1
[2026-09-10T10:01:41.854Z] batch=field-waveform-1789034494618-15 D4 MODE_SWITCH_OK state=MODE_SWITCH_OK attempts=1 streak=0
[2026-09-10T10:01:41.854Z] batch=field-waveform-1789034494618-15 D3 MODE_SWITCH_START state=MODE_SWITCHING attempts=1 streak=0 attempt=1
[2026-09-10T10:01:41.856Z] batch=field-waveform-1789034494618-15 D3 MODE_SWITCH_OK state=MODE_SWITCH_OK attempts=1 streak=0
[2026-09-10T10:01:41.872Z] batch=field-waveform-1789034494618-15 D1 MODE_SWITCH_START state=MODE_SWITCHING attempts=1 streak=0 attempt=1
[2026-09-10T10:01:41.876Z] batch=field-waveform-1789034494618-15 D1 MODE_SWITCH_OK state=MODE_SWITCH_OK attempts=1 streak=0
[2026-09-10T10:01:50.713Z] batch=field-waveform-1789034494618-15 D6 MODE_SWITCH_START state=MODE_SWITCHING attempts=1 streak=0 attempt=1
[2026-09-10T10:01:50.718Z] batch=field-waveform-1789034494618-15 D6 MODE_SWITCH_OK state=MODE_SWITCH_OK attempts=1 streak=0
[2026-09-10T10:01:51.814Z] batch=field-waveform-1789034494618-15 D2 MODE_SWITCH_START state=MODE_SWITCHING attempts=1 streak=0 attempt=1
[2026-09-10T10:01:51.820Z] batch=field-waveform-1789034494618-15 D2 MODE_SWITCH_OK state=MODE_SWITCH_OK attempts=1 streak=0
[2026-09-10T10:01:51.837Z] batch=field-waveform-1789034494618-15 D5 MODE_SWITCH_START state=MODE_SWITCHING attempts=1 streak=0 attempt=1
[2026-09-10T10:01:51.842Z] batch=field-waveform-1789034494618-15 D5 MODE_SWITCH_OK state=MODE_SWITCH_OK attempts=1 streak=0
[2026-09-10T10:01:51.860Z] batch=field-waveform-1789034494618-15 D4 MODE_SWITCH_START state=MODE_SWITCHING attempts=1 streak=0 attempt=1
[2026-09-10T10:01:51.862Z] batch=field-waveform-1789034494618-15 D4 MODE_SWITCH_OK state=MODE_SWITCH_OK attempts=1 streak=0
[2026-09-10T10:01:51.863Z] batch=field-waveform-1789034494618-15 D3 MODE_SWITCH_START state=MODE_SWITCHING attempts=1 streak=0 attempt=1
[2026-09-10T10:01:51.868Z] batch=field-waveform-1789034494618-15 D3 MODE_SWITCH_OK state=MODE_SWITCH_OK attempts=1 streak=0
[2026-09-10T10:01:51.892Z] batch=field-waveform-1789034494618-15 D1 MODE_SWITCH_START state=MODE_SWITCHING attempts=1 streak=0 attempt=1
[2026-09-10T10:01:51.904Z] batch=field-waveform-1789034494618-15 D1 MODE_SWITCH_OK state=MODE_SWITCH_OK attempts=1 streak=0
[2026-09-10T10:02:00.733Z] batch=field-waveform-1789034494618-15 D6 MODE_SWITCH_START state=MODE_SWITCHING attempts=1 streak=0 attempt=1
[2026-09-10T10:02:00.738Z] batch=field-waveform-1789034494618-15 D6 MODE_SWITCH_OK state=MODE_SWITCH_OK attempts=1 streak=0
[2026-09-10T10:02:01.876Z] batch=field-waveform-1789034494618-15 D2 MODE_SWITCH_START state=MODE_SWITCHING attempts=1 streak=0 attempt=1
[2026-09-10T10:02:01.887Z] batch=field-waveform-1789034494618-15 D2 MODE_SWITCH_OK state=MODE_SWITCH_OK attempts=1 streak=0
[2026-09-10T10:02:01.888Z] batch=field-waveform-1789034494618-15 D5 MODE_SWITCH_START state=MODE_SWITCHING attempts=1 streak=0 attempt=1
[2026-09-10T10:02:01.889Z] batch=field-waveform-1789034494618-15 D5 MODE_SWITCH_OK state=MODE_SWITCH_OK attempts=1 streak=0
[2026-09-10T10:02:01.890Z] batch=field-waveform-1789034494618-15 D4 MODE_SWITCH_START state=MODE_SWITCHING attempts=1 streak=0 attempt=1
[2026-09-10T10:02:01.891Z] batch=field-waveform-1789034494618-15 D4 MODE_SWITCH_OK state=MODE_SWITCH_OK attempts=1 streak=0
[2026-09-10T10:02:01.892Z] batch=field-waveform-1789034494618-15 D3 MODE_SWITCH_START state=MODE_SWITCHING attempts=1 streak=0 attempt=1
[2026-09-10T10:02:01.893Z] batch=field-waveform-1789034494618-15 D3 MODE_SWITCH_OK state=MODE_SWITCH_OK attempts=1 streak=0
[2026-09-10T10:02:01.908Z] batch=field-waveform-1789034494618-15 D1 MODE_SWITCH_START state=MODE_SWITCHING attempts=1 streak=0 attempt=1
[2026-09-10T10:02:01.909Z] batch=field-waveform-1789034494618-15 D1 MODE_SWITCH_OK state=MODE_SWITCH_OK attempts=1 streak=0
[2026-09-10T10:02:05.774Z] batch=field-waveform-1789034494618-15 D6 FIRST_FRAME state=FIRST_FRAME_RECEIVED attempts=1 streak=1
[2026-09-10T10:02:05.775Z] batch=field-waveform-1789034494618-15 D6 FIRST_VALID_SAMPLE state=FIRST_FRAME_RECEIVED attempts=1 streak=1
[2026-09-10T10:02:06.022Z] batch=field-waveform-1789034494618-15 D6 CHANNEL_SYNC_OK state=TEST_READY attempts=1 streak=5
[2026-09-10T10:02:06.022Z] batch=field-waveform-1789034494618-15 D6 TEST_READY state=TEST_READY attempts=1 streak=5
[2026-09-10T10:02:06.923Z] batch=field-waveform-1789034494618-15 D2 FIRST_FRAME state=FIRST_FRAME_RECEIVED attempts=1 streak=1
[2026-09-10T10:02:06.923Z] batch=field-waveform-1789034494618-15 D2 FIRST_VALID_SAMPLE state=FIRST_FRAME_RECEIVED attempts=1 streak=1
[2026-09-10T10:02:06.964Z] batch=field-waveform-1789034494618-15 D5 FIRST_FRAME state=FIRST_FRAME_RECEIVED attempts=1 streak=1
[2026-09-10T10:02:06.965Z] batch=field-waveform-1789034494618-15 D5 FIRST_VALID_SAMPLE state=FIRST_FRAME_RECEIVED attempts=1 streak=1
[2026-09-10T10:02:06.981Z] batch=field-waveform-1789034494618-15 D4 FIRST_FRAME state=FIRST_FRAME_RECEIVED attempts=1 streak=1
[2026-09-10T10:02:06.981Z] batch=field-waveform-1789034494618-15 D4 FIRST_VALID_SAMPLE state=FIRST_FRAME_RECEIVED attempts=1 streak=1
[2026-09-10T10:02:07.003Z] batch=field-waveform-1789034494618-15 D1 FIRST_FRAME state=FIRST_FRAME_RECEIVED attempts=1 streak=1
[2026-09-10T10:02:07.003Z] batch=field-waveform-1789034494618-15 D1 FIRST_VALID_SAMPLE state=FIRST_FRAME_RECEIVED attempts=1 streak=1
[2026-09-10T10:02:07.172Z] batch=field-waveform-1789034494618-15 D2 CHANNEL_SYNC_OK state=TEST_READY attempts=1 streak=5
[2026-09-10T10:02:07.172Z] batch=field-waveform-1789034494618-15 D2 TEST_READY state=TEST_READY attempts=1 streak=5
[2026-09-10T10:02:07.207Z] batch=field-waveform-1789034494618-15 D5 CHANNEL_SYNC_OK state=TEST_READY attempts=1 streak=5
[2026-09-10T10:02:07.208Z] batch=field-waveform-1789034494618-15 D5 TEST_READY state=TEST_READY attempts=1 streak=5
[2026-09-10T10:02:07.235Z] batch=field-waveform-1789034494618-15 D4 CHANNEL_SYNC_OK state=TEST_READY attempts=1 streak=5
[2026-09-10T10:02:07.235Z] batch=field-waveform-1789034494618-15 D4 TEST_READY state=TEST_READY attempts=1 streak=5
[2026-09-10T10:02:07.253Z] batch=field-waveform-1789034494618-15 D1 CHANNEL_SYNC_OK state=TEST_READY attempts=1 streak=5
[2026-09-10T10:02:07.253Z] batch=field-waveform-1789034494618-15 D1 TEST_READY state=TEST_READY attempts=1 streak=5
[2026-09-10T10:02:09.190Z] batch=field-waveform-1789034529189-16 D1 MODE_SWITCH_START state=MODE_SWITCHING attempts=1 streak=0 attempt=1
[2026-09-10T10:02:09.191Z] batch=field-waveform-1789034529189-16 D2 MODE_SWITCH_START state=MODE_SWITCHING attempts=1 streak=0 attempt=1
[2026-09-10T10:02:09.193Z] batch=field-waveform-1789034529189-16 D3 MODE_SWITCH_START state=MODE_SWITCHING attempts=1 streak=0 attempt=1
[2026-09-10T10:02:09.194Z] batch=field-waveform-1789034529189-16 D4 MODE_SWITCH_START state=MODE_SWITCHING attempts=1 streak=0 attempt=1
[2026-09-10T10:02:09.195Z] batch=field-waveform-1789034529189-16 D5 MODE_SWITCH_START state=MODE_SWITCHING attempts=1 streak=0 attempt=1
[2026-09-10T10:02:09.196Z] batch=field-waveform-1789034529189-16 D6 MODE_SWITCH_START state=MODE_SWITCHING attempts=1 streak=0 attempt=1
[2026-09-10T10:02:09.203Z] batch=field-waveform-1789034529189-16 D1 MODE_SWITCH_OK state=MODE_SWITCH_OK attempts=1 streak=0
[2026-09-10T10:02:09.204Z] batch=field-waveform-1789034529189-16 D2 MODE_SWITCH_OK state=MODE_SWITCH_OK attempts=1 streak=0
[2026-09-10T10:02:09.212Z] batch=field-waveform-1789034529189-16 D3 MODE_SWITCH_OK state=MODE_SWITCH_OK attempts=1 streak=0
[2026-09-10T10:02:09.223Z] batch=field-waveform-1789034529189-16 D4 MODE_SWITCH_OK state=MODE_SWITCH_OK attempts=1 streak=0
[2026-09-10T10:02:09.224Z] batch=field-waveform-1789034529189-16 D5 MODE_SWITCH_OK state=MODE_SWITCH_OK attempts=1 streak=0
[2026-09-10T10:02:09.225Z] batch=field-waveform-1789034529189-16 D6 MODE_SWITCH_OK state=MODE_SWITCH_OK attempts=1 streak=0
[2026-09-10T10:02:09.232Z] batch=field-waveform-1789034529189-16 D1 FIRST_FRAME state=FIRST_FRAME_RECEIVED attempts=1 streak=1
[2026-09-10T10:02:09.232Z] batch=field-waveform-1789034529189-16 D1 FIRST_VALID_SAMPLE state=FIRST_FRAME_RECEIVED attempts=1 streak=1
[2026-09-10T10:02:09.236Z] batch=field-waveform-1789034529189-16 D5 FIRST_FRAME state=FIRST_FRAME_RECEIVED attempts=1 streak=1
[2026-09-10T10:02:09.236Z] batch=field-waveform-1789034529189-16 D5 FIRST_VALID_SAMPLE state=FIRST_FRAME_RECEIVED attempts=1 streak=1
[2026-09-10T10:02:09.240Z] batch=field-waveform-1789034529189-16 D6 FIRST_FRAME state=FIRST_FRAME_RECEIVED attempts=1 streak=1
[2026-09-10T10:02:09.241Z] batch=field-waveform-1789034529189-16 D6 FIRST_VALID_SAMPLE state=FIRST_FRAME_RECEIVED attempts=1 streak=1
[2026-09-10T10:02:11.902Z] batch=field-waveform-1789034529189-16 D2 MODE_SWITCH_START state=MODE_SWITCHING attempts=1 streak=0 attempt=1
[2026-09-10T10:02:11.907Z] batch=field-waveform-1789034529189-16 D2 MODE_SWITCH_OK state=MODE_SWITCH_OK attempts=1 streak=0
[2026-09-10T10:02:11.907Z] batch=field-waveform-1789034529189-16 D4 MODE_SWITCH_START state=MODE_SWITCHING attempts=1 streak=0 attempt=1
[2026-09-10T10:02:11.909Z] batch=field-waveform-1789034529189-16 D4 MODE_SWITCH_OK state=MODE_SWITCH_OK attempts=1 streak=0
[2026-09-10T10:02:11.910Z] batch=field-waveform-1789034529189-16 D3 MODE_SWITCH_START state=MODE_SWITCHING attempts=1 streak=0 attempt=1
[2026-09-10T10:02:11.910Z] batch=field-waveform-1789034529189-16 D3 MODE_SWITCH_OK state=MODE_SWITCH_OK attempts=1 streak=0
[2026-09-10T10:02:19.236Z] batch=field-waveform-1789034529189-16 D1 MODE_SWITCH_START state=MODE_SWITCHING attempts=1 streak=0 attempt=1
[2026-09-10T10:02:19.263Z] batch=field-waveform-1789034529189-16 D1 MODE_SWITCH_OK state=MODE_SWITCH_OK attempts=1 streak=0
[2026-09-10T10:02:19.264Z] batch=field-waveform-1789034529189-16 D5 MODE_SWITCH_START state=MODE_SWITCHING attempts=1 streak=0 attempt=1
[2026-09-10T10:02:19.266Z] batch=field-waveform-1789034529189-16 D5 MODE_SWITCH_OK state=MODE_SWITCH_OK attempts=1 streak=0
[2026-09-10T10:02:19.267Z] batch=field-waveform-1789034529189-16 D6 MODE_SWITCH_START state=MODE_SWITCHING attempts=1 streak=0 attempt=1
[2026-09-10T10:02:19.269Z] batch=field-waveform-1789034529189-16 D6 MODE_SWITCH_OK state=MODE_SWITCH_OK attempts=1 streak=0
[2026-09-10T10:02:21.909Z] batch=field-waveform-1789034529189-16 D2 MODE_SWITCH_START state=MODE_SWITCHING attempts=1 streak=0 attempt=1
[2026-09-10T10:02:21.914Z] batch=field-waveform-1789034529189-16 D2 MODE_SWITCH_OK state=MODE_SWITCH_OK attempts=1 streak=0
[2026-09-10T10:02:21.915Z] batch=field-waveform-1789034529189-16 D4 MODE_SWITCH_START state=MODE_SWITCHING attempts=1 streak=0 attempt=1
[2026-09-10T10:02:21.916Z] batch=field-waveform-1789034529189-16 D4 MODE_SWITCH_OK state=MODE_SWITCH_OK attempts=1 streak=0
[2026-09-10T10:02:21.916Z] batch=field-waveform-1789034529189-16 D3 MODE_SWITCH_START state=MODE_SWITCHING attempts=1 streak=0 attempt=1
[2026-09-10T10:02:21.917Z] batch=field-waveform-1789034529189-16 D3 MODE_SWITCH_OK state=MODE_SWITCH_OK attempts=1 streak=0
[2026-09-10T10:02:29.278Z] batch=field-waveform-1789034529189-16 D1 MODE_SWITCH_START state=MODE_SWITCHING attempts=1 streak=0 attempt=1
[2026-09-10T10:02:29.290Z] batch=field-waveform-1789034529189-16 D1 MODE_SWITCH_OK state=MODE_SWITCH_OK attempts=1 streak=0
[2026-09-10T10:02:29.291Z] batch=field-waveform-1789034529189-16 D5 MODE_SWITCH_START state=MODE_SWITCHING attempts=1 streak=0 attempt=1
[2026-09-10T10:02:29.292Z] batch=field-waveform-1789034529189-16 D5 MODE_SWITCH_OK state=MODE_SWITCH_OK attempts=1 streak=0
[2026-09-10T10:02:29.293Z] batch=field-waveform-1789034529189-16 D6 MODE_SWITCH_START state=MODE_SWITCHING attempts=1 streak=0 attempt=1
[2026-09-10T10:02:29.294Z] batch=field-waveform-1789034529189-16 D6 MODE_SWITCH_OK state=MODE_SWITCH_OK attempts=1 streak=0
[2026-09-10T10:02:31.923Z] batch=field-waveform-1789034529189-16 D2 MODE_SWITCH_START state=MODE_SWITCHING attempts=1 streak=0 attempt=1
[2026-09-10T10:02:31.933Z] batch=field-waveform-1789034529189-16 D2 MODE_SWITCH_OK state=MODE_SWITCH_OK attempts=1 streak=0
[2026-09-10T10:02:31.934Z] batch=field-waveform-1789034529189-16 D4 MODE_SWITCH_START state=MODE_SWITCHING attempts=1 streak=0 attempt=1
[2026-09-10T10:02:31.945Z] batch=field-waveform-1789034529189-16 D4 MODE_SWITCH_OK state=MODE_SWITCH_OK attempts=1 streak=0
[2026-09-10T10:02:31.946Z] batch=field-waveform-1789034529189-16 D3 MODE_SWITCH_START state=MODE_SWITCHING attempts=1 streak=0 attempt=1
[2026-09-10T10:02:31.948Z] batch=field-waveform-1789034529189-16 D3 MODE_SWITCH_OK state=MODE_SWITCH_OK attempts=1 streak=0
[2026-09-10T10:02:39.292Z] batch=field-waveform-1789034529189-16 D1 MODE_SWITCH_START state=MODE_SWITCHING attempts=1 streak=0 attempt=1
[2026-09-10T10:02:39.296Z] batch=field-waveform-1789034529189-16 D1 MODE_SWITCH_OK state=MODE_SWITCH_OK attempts=1 streak=0
[2026-09-10T10:02:39.297Z] batch=field-waveform-1789034529189-16 D5 MODE_SWITCH_START state=MODE_SWITCHING attempts=1 streak=0 attempt=1
[2026-09-10T10:02:39.298Z] batch=field-waveform-1789034529189-16 D5 MODE_SWITCH_OK state=MODE_SWITCH_OK attempts=1 streak=0
[2026-09-10T10:02:39.299Z] batch=field-waveform-1789034529189-16 D6 MODE_SWITCH_START state=MODE_SWITCHING attempts=1 streak=0 attempt=1
[2026-09-10T10:02:39.300Z] batch=field-waveform-1789034529189-16 D6 MODE_SWITCH_OK state=MODE_SWITCH_OK attempts=1 streak=0
[2026-09-10T10:02:41.938Z] batch=field-waveform-1789034529189-16 D2 MODE_SWITCH_START state=MODE_SWITCHING attempts=1 streak=0 attempt=1
[2026-09-10T10:02:41.954Z] batch=field-waveform-1789034529189-16 D2 MODE_SWITCH_OK state=MODE_SWITCH_OK attempts=1 streak=0
[2026-09-10T10:02:41.956Z] batch=field-waveform-1789034529189-16 D4 MODE_SWITCH_START state=MODE_SWITCHING attempts=1 streak=0 attempt=1
[2026-09-10T10:02:41.967Z] batch=field-waveform-1789034529189-16 D4 MODE_SWITCH_OK state=MODE_SWITCH_OK attempts=1 streak=0
[2026-09-10T10:02:41.969Z] batch=field-waveform-1789034529189-16 D3 MODE_SWITCH_START state=MODE_SWITCHING attempts=1 streak=0 attempt=1
[2026-09-10T10:02:41.971Z] batch=field-waveform-1789034529189-16 D3 MODE_SWITCH_OK state=MODE_SWITCH_OK attempts=1 streak=0
[2026-09-10T10:02:49.298Z] batch=field-waveform-1789034529189-16 D1 MODE_SWITCH_START state=MODE_SWITCHING attempts=1 streak=0 attempt=1
[2026-09-10T10:02:49.310Z] batch=field-waveform-1789034529189-16 D1 MODE_SWITCH_OK state=MODE_SWITCH_OK attempts=1 streak=0
[2026-09-10T10:02:49.310Z] batch=field-waveform-1789034529189-16 D5 MODE_SWITCH_START state=MODE_SWITCHING attempts=1 streak=0 attempt=1
[2026-09-10T10:02:49.316Z] batch=field-waveform-1789034529189-16 D5 MODE_SWITCH_OK state=MODE_SWITCH_OK attempts=1 streak=0
[2026-09-10T10:02:49.317Z] batch=field-waveform-1789034529189-16 D6 MODE_SWITCH_START state=MODE_SWITCHING attempts=1 streak=0 attempt=1
[2026-09-10T10:02:49.319Z] batch=field-waveform-1789034529189-16 D6 MODE_SWITCH_OK state=MODE_SWITCH_OK attempts=1 streak=0
[2026-09-10T10:02:51.960Z] batch=field-waveform-1789034529189-16 D2 MODE_SWITCH_START state=MODE_SWITCHING attempts=1 streak=0 attempt=1
[2026-09-10T10:02:51.963Z] batch=field-waveform-1789034529189-16 D2 MODE_SWITCH_OK state=MODE_SWITCH_OK attempts=1 streak=0
[2026-09-10T10:02:51.969Z] batch=field-waveform-1789034529189-16 D4 MODE_SWITCH_START state=MODE_SWITCHING attempts=1 streak=0 attempt=1
[2026-09-10T10:02:51.971Z] batch=field-waveform-1789034529189-16 D4 MODE_SWITCH_OK state=MODE_SWITCH_OK attempts=1 streak=0
[2026-09-10T10:02:51.972Z] batch=field-waveform-1789034529189-16 D3 MODE_SWITCH_START state=MODE_SWITCHING attempts=1 streak=0 attempt=1
[2026-09-10T10:02:51.973Z] batch=field-waveform-1789034529189-16 D3 MODE_SWITCH_OK state=MODE_SWITCH_OK attempts=1 streak=0
[2026-09-10T10:02:57.023Z] batch=field-waveform-1789034529189-16 D4 FIRST_FRAME state=FIRST_FRAME_RECEIVED attempts=1 streak=1
[2026-09-10T10:02:57.024Z] batch=field-waveform-1789034529189-16 D4 FIRST_VALID_SAMPLE state=FIRST_FRAME_RECEIVED attempts=1 streak=1
[2026-09-10T10:02:57.050Z] batch=field-waveform-1789034529189-16 D2 FIRST_FRAME state=FIRST_FRAME_RECEIVED attempts=1 streak=1
[2026-09-10T10:02:57.051Z] batch=field-waveform-1789034529189-16 D2 FIRST_VALID_SAMPLE state=FIRST_FRAME_RECEIVED attempts=1 streak=1
[2026-09-10T10:02:57.059Z] batch=field-waveform-1789034529189-16 D3 FIRST_FRAME state=FIRST_FRAME_RECEIVED attempts=1 streak=1
[2026-09-10T10:02:57.060Z] batch=field-waveform-1789034529189-16 D3 FIRST_VALID_SAMPLE state=FIRST_FRAME_RECEIVED attempts=1 streak=1
[2026-09-10T10:02:57.270Z] batch=field-waveform-1789034529189-16 D4 CHANNEL_SYNC_OK state=TEST_READY attempts=1 streak=5
[2026-09-10T10:02:57.271Z] batch=field-waveform-1789034529189-16 D4 TEST_READY state=TEST_READY attempts=1 streak=5
[2026-09-10T10:02:57.331Z] batch=field-waveform-1789034529189-16 D3 CHANNEL_SYNC_OK state=TEST_READY attempts=1 streak=5
[2026-09-10T10:02:57.332Z] batch=field-waveform-1789034529189-16 D3 TEST_READY state=TEST_READY attempts=1 streak=5
[2026-09-10T10:02:57.358Z] batch=field-waveform-1789034529189-16 D2 CHANNEL_SYNC_OK state=TEST_READY attempts=1 streak=5
[2026-09-10T10:02:57.358Z] batch=field-waveform-1789034529189-16 D2 TEST_READY state=TEST_READY attempts=1 streak=5
[2026-09-10T10:02:59.323Z] batch=field-waveform-1789034529189-16 D1 MODE_SWITCH_START state=MODE_SWITCHING attempts=1 streak=0 attempt=1
[2026-09-10T10:02:59.339Z] batch=field-waveform-1789034529189-16 D1 MODE_SWITCH_OK state=MODE_SWITCH_OK attempts=1 streak=0
[2026-09-10T10:02:59.344Z] batch=field-waveform-1789034529189-16 D5 MODE_SWITCH_START state=MODE_SWITCHING attempts=1 streak=0 attempt=1
[2026-09-10T10:02:59.348Z] batch=field-waveform-1789034529189-16 D5 MODE_SWITCH_OK state=MODE_SWITCH_OK attempts=1 streak=0
[2026-09-10T10:02:59.349Z] batch=field-waveform-1789034529189-16 D6 MODE_SWITCH_START state=MODE_SWITCHING attempts=1 streak=0 attempt=1
[2026-09-10T10:02:59.350Z] batch=field-waveform-1789034529189-16 D6 MODE_SWITCH_OK state=MODE_SWITCH_OK attempts=1 streak=0
[2026-09-10T10:03:09.348Z] batch=field-waveform-1789034529189-16 D1 MODE_SWITCH_START state=MODE_SWITCHING attempts=1 streak=0 attempt=1
[2026-09-10T10:03:09.350Z] batch=field-waveform-1789034529189-16 D1 MODE_SWITCH_OK state=MODE_SWITCH_OK attempts=1 streak=0
[2026-09-10T10:03:09.351Z] batch=field-waveform-1789034529189-16 D5 MODE_SWITCH_START state=MODE_SWITCHING attempts=1 streak=0 attempt=1
[2026-09-10T10:03:09.353Z] batch=field-waveform-1789034529189-16 D5 MODE_SWITCH_OK state=MODE_SWITCH_OK attempts=1 streak=0
[2026-09-10T10:03:09.353Z] batch=field-waveform-1789034529189-16 D6 MODE_SWITCH_START state=MODE_SWITCHING attempts=1 streak=0 attempt=1
[2026-09-10T10:03:09.355Z] batch=field-waveform-1789034529189-16 D6 MODE_SWITCH_OK state=MODE_SWITCH_OK attempts=1 streak=0
[2026-09-10T10:03:14.388Z] batch=field-waveform-1789034529189-16 D6 FIRST_FRAME state=FIRST_FRAME_RECEIVED attempts=1 streak=1
[2026-09-10T10:03:14.389Z] batch=field-waveform-1789034529189-16 D6 FIRST_VALID_SAMPLE state=FIRST_FRAME_RECEIVED attempts=1 streak=1
[2026-09-10T10:03:14.402Z] batch=field-waveform-1789034529189-16 D1 FIRST_FRAME state=FIRST_FRAME_RECEIVED attempts=1 streak=1
[2026-09-10T10:03:14.402Z] batch=field-waveform-1789034529189-16 D1 FIRST_VALID_SAMPLE state=FIRST_FRAME_RECEIVED attempts=1 streak=1
[2026-09-10T10:03:14.420Z] batch=field-waveform-1789034529189-16 D5 FIRST_FRAME state=FIRST_FRAME_RECEIVED attempts=1 streak=1
[2026-09-10T10:03:14.421Z] batch=field-waveform-1789034529189-16 D5 FIRST_VALID_SAMPLE state=FIRST_FRAME_RECEIVED attempts=1 streak=1
[2026-09-10T10:03:14.680Z] batch=field-waveform-1789034529189-16 D1 CHANNEL_SYNC_OK state=TEST_READY attempts=1 streak=5
[2026-09-10T10:03:14.680Z] batch=field-waveform-1789034529189-16 D1 TEST_READY state=TEST_READY attempts=1 streak=5
[2026-09-10T10:03:14.692Z] batch=field-waveform-1789034529189-16 D5 CHANNEL_SYNC_OK state=TEST_READY attempts=1 streak=5
[2026-09-10T10:03:14.692Z] batch=field-waveform-1789034529189-16 D5 TEST_READY state=TEST_READY attempts=1 streak=5
[2026-09-10T10:03:14.696Z] batch=field-waveform-1789034529189-16 D6 CHANNEL_SYNC_OK state=TEST_READY attempts=1 streak=5
[2026-09-10T10:03:14.696Z] batch=field-waveform-1789034529189-16 D6 TEST_READY state=TEST_READY attempts=1 streak=5
[2026-09-10T10:04:08.978Z] batch=field-waveform-1789034529189-16 D1 MODE_SWITCH_START state=MODE_SWITCHING attempts=1 streak=0 attempt=1
[2026-09-10T10:04:08.981Z] batch=field-waveform-1789034529189-16 D1 MODE_SWITCH_OK state=MODE_SWITCH_OK attempts=1 streak=0
[2026-09-10T10:04:08.985Z] batch=field-waveform-1789034529189-16 D4 MODE_SWITCH_START state=MODE_SWITCHING attempts=1 streak=0 attempt=1
[2026-09-10T10:04:08.992Z] batch=field-waveform-1789034529189-16 D4 MODE_SWITCH_OK state=MODE_SWITCH_OK attempts=1 streak=0
[2026-09-10T10:04:08.998Z] batch=field-waveform-1789034529189-16 D3 MODE_SWITCH_START state=MODE_SWITCHING attempts=1 streak=0 attempt=1
[2026-09-10T10:04:08.999Z] batch=field-waveform-1789034529189-16 D3 MODE_SWITCH_OK state=MODE_SWITCH_OK attempts=1 streak=0
[2026-09-10T10:04:09.004Z] batch=field-waveform-1789034529189-16 D2 MODE_SWITCH_START state=MODE_SWITCHING attempts=1 streak=0 attempt=1
[2026-09-10T10:04:09.007Z] batch=field-waveform-1789034529189-16 D2 MODE_SWITCH_OK state=MODE_SWITCH_OK attempts=1 streak=0
[2026-09-10T10:04:09.244Z] batch=field-waveform-1789034529189-16 D6 MODE_SWITCH_START state=MODE_SWITCHING attempts=1 streak=0 attempt=1
[2026-09-10T10:04:09.246Z] batch=field-waveform-1789034529189-16 D6 MODE_SWITCH_OK state=MODE_SWITCH_OK attempts=1 streak=0
[2026-09-10T10:04:09.252Z] batch=field-waveform-1789034529189-16 D5 MODE_SWITCH_START state=MODE_SWITCHING attempts=1 streak=0 attempt=1
[2026-09-10T10:04:09.255Z] batch=field-waveform-1789034529189-16 D5 MODE_SWITCH_OK state=MODE_SWITCH_OK attempts=1 streak=0
[2026-09-10T10:04:19.114Z] batch=field-waveform-1789034529189-16 D1 MODE_SWITCH_START state=MODE_SWITCHING attempts=1 streak=0 attempt=1
[2026-09-10T10:04:19.116Z] batch=field-waveform-1789034529189-16 D1 MODE_SWITCH_OK state=MODE_SWITCH_OK attempts=1 streak=0
[2026-09-10T10:04:19.120Z] batch=field-waveform-1789034529189-16 D4 MODE_SWITCH_START state=MODE_SWITCHING attempts=1 streak=0 attempt=1
[2026-09-10T10:04:19.122Z] batch=field-waveform-1789034529189-16 D4 MODE_SWITCH_OK state=MODE_SWITCH_OK attempts=1 streak=0
[2026-09-10T10:04:19.126Z] batch=field-waveform-1789034529189-16 D3 MODE_SWITCH_START state=MODE_SWITCHING attempts=1 streak=0 attempt=1
[2026-09-10T10:04:19.135Z] batch=field-waveform-1789034529189-16 D3 MODE_SWITCH_OK state=MODE_SWITCH_OK attempts=1 streak=0
[2026-09-10T10:04:19.139Z] batch=field-waveform-1789034529189-16 D2 MODE_SWITCH_START state=MODE_SWITCHING attempts=1 streak=0 attempt=1
[2026-09-10T10:04:19.141Z] batch=field-waveform-1789034529189-16 D2 MODE_SWITCH_OK state=MODE_SWITCH_OK attempts=1 streak=0
[2026-09-10T10:04:19.373Z] batch=field-waveform-1789034529189-16 D6 MODE_SWITCH_START state=MODE_SWITCHING attempts=1 streak=0 attempt=1
[2026-09-10T10:04:19.384Z] batch=field-waveform-1789034529189-16 D6 MODE_SWITCH_OK state=MODE_SWITCH_OK attempts=1 streak=0
[2026-09-10T10:04:19.396Z] batch=field-waveform-1789034529189-16 D5 MODE_SWITCH_START state=MODE_SWITCHING attempts=1 streak=0 attempt=1
[2026-09-10T10:04:19.397Z] batch=field-waveform-1789034529189-16 D5 MODE_SWITCH_OK state=MODE_SWITCH_OK attempts=1 streak=0
[2026-09-10T10:04:24.294Z] batch=field-waveform-1789034529189-16 D3 FIRST_FRAME state=FIRST_FRAME_RECEIVED attempts=1 streak=1
[2026-09-10T10:04:24.295Z] batch=field-waveform-1789034529189-16 D3 FIRST_VALID_SAMPLE state=FIRST_FRAME_RECEIVED attempts=1 streak=1
[2026-09-10T10:04:24.297Z] batch=field-waveform-1789034529189-16 D1 FIRST_FRAME state=FIRST_FRAME_RECEIVED attempts=1 streak=1
[2026-09-10T10:04:24.297Z] batch=field-waveform-1789034529189-16 D1 FIRST_VALID_SAMPLE state=FIRST_FRAME_RECEIVED attempts=1 streak=1
[2026-09-10T10:04:24.304Z] batch=field-waveform-1789034529189-16 D4 FIRST_FRAME state=FIRST_FRAME_RECEIVED attempts=1 streak=1
[2026-09-10T10:04:24.304Z] batch=field-waveform-1789034529189-16 D4 FIRST_VALID_SAMPLE state=FIRST_FRAME_RECEIVED attempts=1 streak=1
[2026-09-10T10:04:24.530Z] batch=field-waveform-1789034529189-16 D6 FIRST_FRAME state=FIRST_FRAME_RECEIVED attempts=1 streak=1
[2026-09-10T10:04:24.530Z] batch=field-waveform-1789034529189-16 D6 FIRST_VALID_SAMPLE state=FIRST_FRAME_RECEIVED attempts=1 streak=1
[2026-09-10T10:04:24.540Z] batch=field-waveform-1789034529189-16 D3 CHANNEL_SYNC_OK state=TEST_READY attempts=1 streak=5
[2026-09-10T10:04:24.540Z] batch=field-waveform-1789034529189-16 D3 TEST_READY state=TEST_READY attempts=1 streak=5
[2026-09-10T10:04:24.542Z] batch=field-waveform-1789034529189-16 D1 CHANNEL_SYNC_OK state=TEST_READY attempts=1 streak=5
[2026-09-10T10:04:24.542Z] batch=field-waveform-1789034529189-16 D1 TEST_READY state=TEST_READY attempts=1 streak=5
[2026-09-10T10:04:24.543Z] batch=field-waveform-1789034529189-16 D4 CHANNEL_SYNC_OK state=TEST_READY attempts=1 streak=5
[2026-09-10T10:04:24.543Z] batch=field-waveform-1789034529189-16 D4 TEST_READY state=TEST_READY attempts=1 streak=5
[2026-09-10T10:04:24.544Z] batch=field-waveform-1789034529189-16 D5 FIRST_FRAME state=FIRST_FRAME_RECEIVED attempts=1 streak=1
[2026-09-10T10:04:24.544Z] batch=field-waveform-1789034529189-16 D5 FIRST_VALID_SAMPLE state=FIRST_FRAME_RECEIVED attempts=1 streak=1
[2026-09-10T10:04:24.829Z] batch=field-waveform-1789034529189-16 D6 CHANNEL_SYNC_OK state=TEST_READY attempts=1 streak=5
[2026-09-10T10:04:24.829Z] batch=field-waveform-1789034529189-16 D6 TEST_READY state=TEST_READY attempts=1 streak=5
[2026-09-10T10:04:24.834Z] batch=field-waveform-1789034529189-16 D5 CHANNEL_SYNC_OK state=TEST_READY attempts=1 streak=5
[2026-09-10T10:04:24.834Z] batch=field-waveform-1789034529189-16 D5 TEST_READY state=TEST_READY attempts=1 streak=5
[2026-09-10T10:04:29.226Z] batch=field-waveform-1789034529189-16 D2 MODE_SWITCH_START state=MODE_SWITCHING attempts=1 streak=0 attempt=1
[2026-09-10T10:04:29.229Z] batch=field-waveform-1789034529189-16 D2 MODE_SWITCH_OK state=MODE_SWITCH_OK attempts=1 streak=0
[2026-09-10T10:04:34.486Z] batch=field-waveform-1789034529189-16 D2 FIRST_FRAME state=FIRST_FRAME_RECEIVED attempts=1 streak=1
[2026-09-10T10:04:34.486Z] batch=field-waveform-1789034529189-16 D2 FIRST_VALID_SAMPLE state=FIRST_FRAME_RECEIVED attempts=1 streak=1
[2026-09-10T10:04:34.592Z] batch=field-waveform-1789034529189-16 D2 CHANNEL_SYNC_OK state=TEST_READY attempts=1 streak=5
[2026-09-10T10:04:34.593Z] batch=field-waveform-1789034529189-16 D2 TEST_READY state=TEST_READY attempts=1 streak=5
[2026-09-10T10:04:59.572Z] batch=field-waveform-1789034529189-16 D2 MODE_SWITCH_START state=MODE_SWITCHING attempts=1 streak=0 attempt=1
[2026-09-10T10:04:59.583Z] batch=field-waveform-1789034529189-16 D2 MODE_SWITCH_OK state=MODE_SWITCH_OK attempts=1 streak=0
[2026-09-10T10:05:09.572Z] batch=field-waveform-1789034529189-16 D1 MODE_SWITCH_START state=MODE_SWITCHING attempts=1 streak=0 attempt=1
[2026-09-10T10:05:09.591Z] batch=field-waveform-1789034529189-16 D1 MODE_SWITCH_OK state=MODE_SWITCH_OK attempts=1 streak=0
[2026-09-10T10:05:09.597Z] batch=field-waveform-1789034529189-16 D4 MODE_SWITCH_START state=MODE_SWITCHING attempts=1 streak=0 attempt=1
[2026-09-10T10:05:09.607Z] batch=field-waveform-1789034529189-16 D4 MODE_SWITCH_OK state=MODE_SWITCH_OK attempts=1 streak=0
[2026-09-10T10:05:09.625Z] batch=field-waveform-1789034529189-16 D6 MODE_SWITCH_START state=MODE_SWITCHING attempts=1 streak=0 attempt=1
[2026-09-10T10:05:09.627Z] batch=field-waveform-1789034529189-16 D6 MODE_SWITCH_OK state=MODE_SWITCH_OK attempts=1 streak=0
[2026-09-10T10:05:09.637Z] batch=field-waveform-1789034529189-16 D5 MODE_SWITCH_START state=MODE_SWITCHING attempts=1 streak=0 attempt=1
[2026-09-10T10:05:09.658Z] batch=field-waveform-1789034529189-16 D5 MODE_SWITCH_OK state=MODE_SWITCH_OK attempts=1 streak=0
[2026-09-10T10:05:09.665Z] batch=field-waveform-1789034529189-16 D3 MODE_SWITCH_START state=MODE_SWITCHING attempts=1 streak=0 attempt=1
[2026-09-10T10:05:09.671Z] batch=field-waveform-1789034529189-16 D3 MODE_SWITCH_OK state=MODE_SWITCH_OK attempts=1 streak=0
[2026-09-10T10:05:09.842Z] batch=field-waveform-1789034529189-16 D2 MODE_SWITCH_START state=MODE_SWITCHING attempts=1 streak=0 attempt=1
[2026-09-10T10:05:09.851Z] batch=field-waveform-1789034529189-16 D2 MODE_SWITCH_OK state=MODE_SWITCH_OK attempts=1 streak=0
