[2026-09-10T08:24:09.216Z] batch=field-waveform-1789028488640-5 D1 MODE_SWITCH_START state=MODE_SWITCHING attempts=1 streak=0 attempt=1
[2026-09-10T08:24:09.221Z] batch=field-waveform-1789028488640-5 D1 MODE_SWITCH_OK state=MODE_SWITCH_OK attempts=1 streak=0
[2026-09-10T08:24:09.550Z] batch=field-waveform-1789028488640-5 D3 MODE_SWITCH_START state=MODE_SWITCHING attempts=1 streak=0 attempt=1
[2026-09-10T08:24:09.561Z] batch=field-waveform-1789028488640-5 D3 MODE_SWITCH_OK state=MODE_SWITCH_OK attempts=1 streak=0
[2026-09-10T08:24:09.569Z] batch=field-waveform-1789028488640-5 D6 MODE_SWITCH_START state=MODE_SWITCHING attempts=1 streak=0 attempt=1
[2026-09-10T08:24:09.573Z] batch=field-waveform-1789028488640-5 D6 MODE_SWITCH_OK state=MODE_SWITCH_OK attempts=1 streak=0
[2026-09-10T08:24:09.579Z] batch=field-waveform-1789028488640-5 D4 MODE_SWITCH_START state=MODE_SWITCHING attempts=1 streak=0 attempt=1
[2026-09-10T08:24:09.581Z] batch=field-waveform-1789028488640-5 D4 MODE_SWITCH_OK state=MODE_SWITCH_OK attempts=1 streak=0
[2026-09-10T08:24:09.588Z] batch=field-waveform-1789028488640-5 D5 MODE_SWITCH_START state=MODE_SWITCHING attempts=1 streak=0 attempt=1
[2026-09-10T08:24:09.590Z] batch=field-waveform-1789028488640-5 D5 MODE_SWITCH_OK state=MODE_SWITCH_OK attempts=1 streak=0
[2026-09-10T08:24:09.598Z] batch=field-waveform-1789028488640-5 D2 MODE_SWITCH_START state=MODE_SWITCHING attempts=1 streak=0 attempt=1
[2026-09-10T08:24:09.599Z] batch=field-waveform-1789028488640-5 D2 MODE_SWITCH_OK state=MODE_SWITCH_OK attempts=1 streak=0
[2026-09-10T08:24:19.245Z] batch=field-waveform-1789028488640-5 D1 MODE_SWITCH_START state=MODE_SWITCHING attempts=1 streak=0 attempt=1
[2026-09-10T08:24:19.259Z] batch=field-waveform-1789028488640-5 D1 MODE_SWITCH_OK state=MODE_SWITCH_OK attempts=1 streak=0
[2026-09-10T08:24:19.626Z] batch=field-waveform-1789028488640-5 D3 MODE_SWITCH_START state=MODE_SWITCHING attempts=1 streak=0 attempt=1
[2026-09-10T08:24:19.637Z] batch=field-waveform-1789028488640-5 D3 MODE_SWITCH_OK state=MODE_SWITCH_OK attempts=1 streak=0
[2026-09-10T08:24:19.645Z] batch=field-waveform-1789028488640-5 D6 MODE_SWITCH_START state=MODE_SWITCHING attempts=1 streak=0 attempt=1
[2026-09-10T08:24:19.649Z] batch=field-waveform-1789028488640-5 D6 MODE_SWITCH_OK state=MODE_SWITCH_OK attempts=1 streak=0
[2026-09-10T08:24:19.662Z] batch=field-waveform-1789028488640-5 D4 MODE_SWITCH_START state=MODE_SWITCHING attempts=1 streak=0 attempt=1
[2026-09-10T08:24:19.672Z] batch=field-waveform-1789028488640-5 D4 MODE_SWITCH_OK state=MODE_SWITCH_OK attempts=1 streak=0
[2026-09-10T08:24:19.692Z] batch=field-waveform-1789028488640-5 D5 MODE_SWITCH_START state=MODE_SWITCHING attempts=1 streak=0 attempt=1
[2026-09-10T08:24:19.699Z] batch=field-waveform-1789028488640-5 D5 MODE_SWITCH_OK state=MODE_SWITCH_OK attempts=1 streak=0
[2026-09-10T08:24:19.706Z] batch=field-waveform-1789028488640-5 D2 MODE_SWITCH_START state=MODE_SWITCHING attempts=1 streak=0 attempt=1
[2026-09-10T08:24:19.710Z] batch=field-waveform-1789028488640-5 D2 MODE_SWITCH_OK state=MODE_SWITCH_OK attempts=1 streak=0
[2026-09-10T08:24:29.359Z] batch=field-waveform-1789028488640-5 D1 MODE_SWITCH_START state=MODE_SWITCHING attempts=1 streak=0 attempt=1
[2026-09-10T08:24:29.373Z] batch=field-waveform-1789028488640-5 D1 MODE_SWITCH_OK state=MODE_SWITCH_OK attempts=1 streak=0
[2026-09-10T08:24:29.896Z] batch=field-waveform-1789028488640-5 D3 MODE_SWITCH_START state=MODE_SWITCHING attempts=1 streak=0 attempt=1
[2026-09-10T08:24:29.907Z] batch=field-waveform-1789028488640-5 D3 MODE_SWITCH_OK state=MODE_SWITCH_OK attempts=1 streak=0
[2026-09-10T08:24:29.917Z] batch=field-waveform-1789028488640-5 D6 MODE_SWITCH_START state=MODE_SWITCHING attempts=1 streak=0 attempt=1
[2026-09-10T08:24:29.919Z] batch=field-waveform-1789028488640-5 D6 MODE_SWITCH_OK state=MODE_SWITCH_OK attempts=1 streak=0
[2026-09-10T08:24:29.925Z] batch=field-waveform-1789028488640-5 D4 MODE_SWITCH_START state=MODE_SWITCHING attempts=1 streak=0 attempt=1
[2026-09-10T08:24:29.928Z] batch=field-waveform-1789028488640-5 D4 MODE_SWITCH_OK state=MODE_SWITCH_OK attempts=1 streak=0
[2026-09-10T08:24:29.936Z] batch=field-waveform-1789028488640-5 D5 MODE_SWITCH_START state=MODE_SWITCHING attempts=1 streak=0 attempt=1
[2026-09-10T08:24:29.939Z] batch=field-waveform-1789028488640-5 D5 MODE_SWITCH_OK state=MODE_SWITCH_OK attempts=1 streak=0
[2026-09-10T08:24:29.946Z] batch=field-waveform-1789028488640-5 D2 MODE_SWITCH_START state=MODE_SWITCHING attempts=1 streak=0 attempt=1
[2026-09-10T08:24:29.949Z] batch=field-waveform-1789028488640-5 D2 MODE_SWITCH_OK state=MODE_SWITCH_OK attempts=1 streak=0
[2026-09-10T08:24:39.651Z] batch=field-waveform-1789028488640-5 D1 MODE_SWITCH_START state=MODE_SWITCHING attempts=1 streak=0 attempt=1
[2026-09-10T08:24:39.661Z] batch=field-waveform-1789028488640-5 D1 MODE_SWITCH_OK state=MODE_SWITCH_OK attempts=1 streak=0
[2026-09-10T08:24:40.016Z] batch=field-waveform-1789028488640-5 D3 MODE_SWITCH_START state=MODE_SWITCHING attempts=1 streak=0 attempt=1
[2026-09-10T08:24:40.028Z] batch=field-waveform-1789028488640-5 D3 MODE_SWITCH_OK state=MODE_SWITCH_OK attempts=1 streak=0
[2026-09-10T08:24:40.035Z] batch=field-waveform-1789028488640-5 D6 MODE_SWITCH_START state=MODE_SWITCHING attempts=1 streak=0 attempt=1
[2026-09-10T08:24:40.047Z] batch=field-waveform-1789028488640-5 D6 MODE_SWITCH_OK state=MODE_SWITCH_OK attempts=1 streak=0
[2026-09-10T08:24:40.067Z] batch=field-waveform-1789028488640-5 D4 MODE_SWITCH_START state=MODE_SWITCHING attempts=1 streak=0 attempt=1
[2026-09-10T08:24:40.068Z] batch=field-waveform-1789028488640-5 D4 MODE_SWITCH_OK state=MODE_SWITCH_OK attempts=1 streak=0
[2026-09-10T08:24:40.076Z] batch=field-waveform-1789028488640-5 D5 MODE_SWITCH_START state=MODE_SWITCHING attempts=1 streak=0 attempt=1
[2026-09-10T08:24:40.079Z] batch=field-waveform-1789028488640-5 D5 MODE_SWITCH_OK state=MODE_SWITCH_OK attempts=1 streak=0
[2026-09-10T08:24:40.086Z] batch=field-waveform-1789028488640-5 D2 MODE_SWITCH_START state=MODE_SWITCHING attempts=1 streak=0 attempt=1
[2026-09-10T08:24:40.090Z] batch=field-waveform-1789028488640-5 D2 MODE_SWITCH_OK state=MODE_SWITCH_OK attempts=1 streak=0
[2026-09-10T08:24:49.939Z] batch=field-waveform-1789028488640-5 D1 MODE_SWITCH_START state=MODE_SWITCHING attempts=1 streak=0 attempt=1
[2026-09-10T08:24:49.951Z] batch=field-waveform-1789028488640-5 D1 MODE_SWITCH_OK state=MODE_SWITCH_OK attempts=1 streak=0
[2026-09-10T08:24:50.583Z] batch=field-waveform-1789028488640-5 D3 MODE_SWITCH_START state=MODE_SWITCHING attempts=1 streak=0 attempt=1
[2026-09-10T08:24:50.589Z] batch=field-waveform-1789028488640-5 D3 MODE_SWITCH_OK state=MODE_SWITCH_OK attempts=1 streak=0
[2026-09-10T08:24:50.595Z] batch=field-waveform-1789028488640-5 D6 MODE_SWITCH_START state=MODE_SWITCHING attempts=1 streak=0 attempt=1
[2026-09-10T08:24:50.599Z] batch=field-waveform-1789028488640-5 D6 MODE_SWITCH_OK state=MODE_SWITCH_OK attempts=1 streak=0
[2026-09-10T08:24:50.605Z] batch=field-waveform-1789028488640-5 D4 MODE_SWITCH_START state=MODE_SWITCHING attempts=1 streak=0 attempt=1
[2026-09-10T08:24:50.607Z] batch=field-waveform-1789028488640-5 D4 MODE_SWITCH_OK state=MODE_SWITCH_OK attempts=1 streak=0
[2026-09-10T08:24:50.614Z] batch=field-waveform-1789028488640-5 D5 MODE_SWITCH_START state=MODE_SWITCHING attempts=1 streak=0 attempt=1
[2026-09-10T08:24:50.618Z] batch=field-waveform-1789028488640-5 D5 MODE_SWITCH_OK state=MODE_SWITCH_OK attempts=1 streak=0
[2026-09-10T08:24:50.626Z] batch=field-waveform-1789028488640-5 D2 MODE_SWITCH_START state=MODE_SWITCHING attempts=1 streak=0 attempt=1
[2026-09-10T08:24:50.628Z] batch=field-waveform-1789028488640-5 D2 MODE_SWITCH_OK state=MODE_SWITCH_OK attempts=1 streak=0
[2026-09-10T08:25:00.042Z] batch=field-waveform-1789028488640-5 D1 MODE_SWITCH_START state=MODE_SWITCHING attempts=1 streak=0 attempt=1
[2026-09-10T08:25:00.056Z] batch=field-waveform-1789028488640-5 D1 MODE_SWITCH_OK state=MODE_SWITCH_OK attempts=1 streak=0
[2026-09-10T08:25:00.726Z] batch=field-waveform-1789028488640-5 D3 MODE_SWITCH_START state=MODE_SWITCHING attempts=1 streak=0 attempt=1
[2026-09-10T08:25:00.735Z] batch=field-waveform-1789028488640-5 D3 MODE_SWITCH_OK state=MODE_SWITCH_OK attempts=1 streak=0
[2026-09-10T08:25:00.750Z] batch=field-waveform-1789028488640-5 D6 MODE_SWITCH_START state=MODE_SWITCHING attempts=1 streak=0 attempt=1
[2026-09-10T08:25:00.751Z] batch=field-waveform-1789028488640-5 D6 MODE_SWITCH_OK state=MODE_SWITCH_OK attempts=1 streak=0
[2026-09-10T08:25:00.759Z] batch=field-waveform-1789028488640-5 D4 MODE_SWITCH_START state=MODE_SWITCHING attempts=1 streak=0 attempt=1
[2026-09-10T08:25:00.761Z] batch=field-waveform-1789028488640-5 D4 MODE_SWITCH_OK state=MODE_SWITCH_OK attempts=1 streak=0
[2026-09-10T08:25:00.767Z] batch=field-waveform-1789028488640-5 D5 MODE_SWITCH_START state=MODE_SWITCHING attempts=1 streak=0 attempt=1
[2026-09-10T08:25:00.769Z] batch=field-waveform-1789028488640-5 D5 MODE_SWITCH_OK state=MODE_SWITCH_OK attempts=1 streak=0
[2026-09-10T08:25:00.780Z] batch=field-waveform-1789028488640-5 D2 MODE_SWITCH_START state=MODE_SWITCHING attempts=1 streak=0 attempt=1
[2026-09-10T08:25:00.782Z] batch=field-waveform-1789028488640-5 D2 MODE_SWITCH_OK state=MODE_SWITCH_OK attempts=1 streak=0
[2026-09-10T08:25:02.298Z] batch=field-waveform-1789028702297-6 D1 MODE_SWITCH_START state=MODE_SWITCHING attempts=1 streak=0 attempt=1
[2026-09-10T08:25:02.302Z] batch=field-waveform-1789028702297-6 D2 MODE_SWITCH_START state=MODE_SWITCHING attempts=1 streak=0 attempt=1
[2026-09-10T08:25:02.303Z] batch=field-waveform-1789028702297-6 D3 MODE_SWITCH_START state=MODE_SWITCHING attempts=1 streak=0 attempt=1
[2026-09-10T08:25:02.303Z] batch=field-waveform-1789028702297-6 D4 MODE_SWITCH_START state=MODE_SWITCHING attempts=1 streak=0 attempt=1
[2026-09-10T08:25:02.309Z] batch=field-waveform-1789028702297-6 D5 MODE_SWITCH_START state=MODE_SWITCHING attempts=1 streak=0 attempt=1
[2026-09-10T08:25:02.311Z] batch=field-waveform-1789028702297-6 D6 MODE_SWITCH_START state=MODE_SWITCHING attempts=1 streak=0 attempt=1
[2026-09-10T08:25:02.327Z] batch=field-waveform-1789028702297-6 D1 MODE_SWITCH_OK state=MODE_SWITCH_OK attempts=1 streak=0
[2026-09-10T08:25:02.328Z] batch=field-waveform-1789028702297-6 D2 MODE_SWITCH_OK state=MODE_SWITCH_OK attempts=1 streak=0
[2026-09-10T08:25:02.328Z] batch=field-waveform-1789028702297-6 D3 MODE_SWITCH_OK state=MODE_SWITCH_OK attempts=1 streak=0
[2026-09-10T08:25:02.329Z] batch=field-waveform-1789028702297-6 D4 MODE_SWITCH_OK state=MODE_SWITCH_OK attempts=1 streak=0
[2026-09-10T08:25:02.330Z] batch=field-waveform-1789028702297-6 D5 MODE_SWITCH_OK state=MODE_SWITCH_OK attempts=1 streak=0
[2026-09-10T08:25:02.330Z] batch=field-waveform-1789028702297-6 D6 MODE_SWITCH_OK state=MODE_SWITCH_OK attempts=1 streak=0
[2026-09-10T08:25:10.072Z] batch=field-waveform-1789028702297-6 D1 MODE_SWITCH_START state=MODE_SWITCHING attempts=1 streak=0 attempt=1
[2026-09-10T08:25:10.099Z] batch=field-waveform-1789028702297-6 D1 MODE_SWITCH_OK state=MODE_SWITCH_OK attempts=1 streak=0
[2026-09-10T08:25:10.749Z] batch=field-waveform-1789028702297-6 D3 MODE_SWITCH_START state=MODE_SWITCHING attempts=1 streak=0 attempt=1
[2026-09-10T08:25:10.752Z] batch=field-waveform-1789028702297-6 D3 MODE_SWITCH_OK state=MODE_SWITCH_OK attempts=1 streak=0
[2026-09-10T08:25:10.754Z] batch=field-waveform-1789028702297-6 D6 MODE_SWITCH_START state=MODE_SWITCHING attempts=1 streak=0 attempt=1
[2026-09-10T08:25:10.757Z] batch=field-waveform-1789028702297-6 D6 MODE_SWITCH_OK state=MODE_SWITCH_OK attempts=1 streak=0
[2026-09-10T08:25:10.762Z] batch=field-waveform-1789028702297-6 D4 MODE_SWITCH_START state=MODE_SWITCHING attempts=1 streak=0 attempt=1
[2026-09-10T08:25:10.769Z] batch=field-waveform-1789028702297-6 D4 MODE_SWITCH_OK state=MODE_SWITCH_OK attempts=1 streak=0
[2026-09-10T08:25:10.771Z] batch=field-waveform-1789028702297-6 D5 MODE_SWITCH_START state=MODE_SWITCHING attempts=1 streak=0 attempt=1
[2026-09-10T08:25:10.772Z] batch=field-waveform-1789028702297-6 D5 MODE_SWITCH_OK state=MODE_SWITCH_OK attempts=1 streak=0
[2026-09-10T08:25:10.784Z] batch=field-waveform-1789028702297-6 D2 MODE_SWITCH_START state=MODE_SWITCHING attempts=1 streak=0 attempt=1
[2026-09-10T08:25:10.786Z] batch=field-waveform-1789028702297-6 D2 MODE_SWITCH_OK state=MODE_SWITCH_OK attempts=1 streak=0
[2026-09-10T08:25:20.106Z] batch=field-waveform-1789028702297-6 D1 MODE_SWITCH_START state=MODE_SWITCHING attempts=1 streak=0 attempt=1
[2026-09-10T08:25:20.119Z] batch=field-waveform-1789028702297-6 D1 MODE_SWITCH_OK state=MODE_SWITCH_OK attempts=1 streak=0
[2026-09-10T08:25:20.753Z] batch=field-waveform-1789028702297-6 D3 MODE_SWITCH_START state=MODE_SWITCHING attempts=1 streak=0 attempt=1
[2026-09-10T08:25:20.764Z] batch=field-waveform-1789028702297-6 D3 MODE_SWITCH_OK state=MODE_SWITCH_OK attempts=1 streak=0
[2026-09-10T08:25:20.765Z] batch=field-waveform-1789028702297-6 D6 MODE_SWITCH_START state=MODE_SWITCHING attempts=1 streak=0 attempt=1
[2026-09-10T08:25:20.768Z] batch=field-waveform-1789028702297-6 D6 MODE_SWITCH_OK state=MODE_SWITCH_OK attempts=1 streak=0
[2026-09-10T08:25:20.784Z] batch=field-waveform-1789028702297-6 D4 MODE_SWITCH_START state=MODE_SWITCHING attempts=1 streak=0 attempt=1
[2026-09-10T08:25:20.787Z] batch=field-waveform-1789028702297-6 D4 MODE_SWITCH_OK state=MODE_SWITCH_OK attempts=1 streak=0
[2026-09-10T08:25:20.788Z] batch=field-waveform-1789028702297-6 D5 MODE_SWITCH_START state=MODE_SWITCHING attempts=1 streak=0 attempt=1
[2026-09-10T08:25:20.789Z] batch=field-waveform-1789028702297-6 D5 MODE_SWITCH_OK state=MODE_SWITCH_OK attempts=1 streak=0
[2026-09-10T08:25:20.790Z] batch=field-waveform-1789028702297-6 D2 MODE_SWITCH_START state=MODE_SWITCHING attempts=1 streak=0 attempt=1
[2026-09-10T08:25:20.791Z] batch=field-waveform-1789028702297-6 D2 MODE_SWITCH_OK state=MODE_SWITCH_OK attempts=1 streak=0
[2026-09-10T08:25:30.130Z] batch=field-waveform-1789028702297-6 D1 MODE_SWITCH_START state=MODE_SWITCHING attempts=1 streak=0 attempt=1
[2026-09-10T08:25:30.133Z] batch=field-waveform-1789028702297-6 D1 MODE_SWITCH_OK state=MODE_SWITCH_OK attempts=1 streak=0
[2026-09-10T08:25:30.780Z] batch=field-waveform-1789028702297-6 D3 MODE_SWITCH_START state=MODE_SWITCHING attempts=1 streak=0 attempt=1
[2026-09-10T08:25:30.783Z] batch=field-waveform-1789028702297-6 D3 MODE_SWITCH_OK state=MODE_SWITCH_OK attempts=1 streak=0
[2026-09-10T08:25:30.784Z] batch=field-waveform-1789028702297-6 D6 MODE_SWITCH_START state=MODE_SWITCHING attempts=1 streak=0 attempt=1
[2026-09-10T08:25:30.785Z] batch=field-waveform-1789028702297-6 D6 MODE_SWITCH_OK state=MODE_SWITCH_OK attempts=1 streak=0
[2026-09-10T08:25:30.788Z] batch=field-waveform-1789028702297-6 D4 MODE_SWITCH_START state=MODE_SWITCHING attempts=1 streak=0 attempt=1
[2026-09-10T08:25:30.789Z] batch=field-waveform-1789028702297-6 D4 MODE_SWITCH_OK state=MODE_SWITCH_OK attempts=1 streak=0
[2026-09-10T08:25:30.790Z] batch=field-waveform-1789028702297-6 D5 MODE_SWITCH_START state=MODE_SWITCHING attempts=1 streak=0 attempt=1
[2026-09-10T08:25:30.800Z] batch=field-waveform-1789028702297-6 D5 MODE_SWITCH_OK state=MODE_SWITCH_OK attempts=1 streak=0
[2026-09-10T08:25:30.802Z] batch=field-waveform-1789028702297-6 D2 MODE_SWITCH_START state=MODE_SWITCHING attempts=1 streak=0 attempt=1
[2026-09-10T08:25:30.803Z] batch=field-waveform-1789028702297-6 D2 MODE_SWITCH_OK state=MODE_SWITCH_OK attempts=1 streak=0
[2026-09-10T08:25:40.147Z] batch=field-waveform-1789028702297-6 D1 MODE_SWITCH_START state=MODE_SWITCHING attempts=1 streak=0 attempt=1
[2026-09-10T08:25:40.158Z] batch=field-waveform-1789028702297-6 D1 MODE_SWITCH_OK state=MODE_SWITCH_OK attempts=1 streak=0
[2026-09-10T08:25:40.788Z] batch=field-waveform-1789028702297-6 D3 MODE_SWITCH_START state=MODE_SWITCHING attempts=1 streak=0 attempt=1
[2026-09-10T08:25:40.796Z] batch=field-waveform-1789028702297-6 D3 MODE_SWITCH_OK state=MODE_SWITCH_OK attempts=1 streak=0
[2026-09-10T08:25:40.797Z] batch=field-waveform-1789028702297-6 D6 MODE_SWITCH_START state=MODE_SWITCHING attempts=1 streak=0 attempt=1
[2026-09-10T08:25:40.799Z] batch=field-waveform-1789028702297-6 D6 MODE_SWITCH_OK state=MODE_SWITCH_OK attempts=1 streak=0
[2026-09-10T08:25:40.802Z] batch=field-waveform-1789028702297-6 D4 MODE_SWITCH_START state=MODE_SWITCHING attempts=1 streak=0 attempt=1
[2026-09-10T08:25:40.804Z] batch=field-waveform-1789028702297-6 D4 MODE_SWITCH_OK state=MODE_SWITCH_OK attempts=1 streak=0
[2026-09-10T08:25:40.804Z] batch=field-waveform-1789028702297-6 D5 MODE_SWITCH_START state=MODE_SWITCHING attempts=1 streak=0 attempt=1
[2026-09-10T08:25:40.805Z] batch=field-waveform-1789028702297-6 D5 MODE_SWITCH_OK state=MODE_SWITCH_OK attempts=1 streak=0
[2026-09-10T08:25:40.806Z] batch=field-waveform-1789028702297-6 D2 MODE_SWITCH_START state=MODE_SWITCHING attempts=1 streak=0 attempt=1
[2026-09-10T08:25:40.807Z] batch=field-waveform-1789028702297-6 D2 MODE_SWITCH_OK state=MODE_SWITCH_OK attempts=1 streak=0
[2026-09-10T08:25:50.160Z] batch=field-waveform-1789028702297-6 D1 MODE_SWITCH_START state=MODE_SWITCHING attempts=1 streak=0 attempt=1
[2026-09-10T08:25:50.163Z] batch=field-waveform-1789028702297-6 D1 MODE_SWITCH_OK state=MODE_SWITCH_OK attempts=1 streak=0
[2026-09-10T08:25:50.362Z] batch=field-waveform-1789028702297-6 D3 FIRST_FRAME state=FIRST_FRAME_RECEIVED attempts=1 streak=1
[2026-09-10T08:25:50.362Z] batch=field-waveform-1789028702297-6 D3 FIRST_VALID_SAMPLE state=FIRST_FRAME_RECEIVED attempts=1 streak=1
[2026-09-10T08:25:50.381Z] batch=field-waveform-1789028702297-6 D6 FIRST_FRAME state=FIRST_FRAME_RECEIVED attempts=1 streak=1
[2026-09-10T08:25:50.382Z] batch=field-waveform-1789028702297-6 D6 FIRST_VALID_SAMPLE state=FIRST_FRAME_RECEIVED attempts=1 streak=1
[2026-09-10T08:25:50.383Z] batch=field-waveform-1789028702297-6 D5 FIRST_FRAME state=FIRST_FRAME_RECEIVED attempts=1 streak=1
[2026-09-10T08:25:50.384Z] batch=field-waveform-1789028702297-6 D5 FIRST_VALID_SAMPLE state=FIRST_FRAME_RECEIVED attempts=1 streak=1
[2026-09-10T08:25:50.414Z] batch=field-waveform-1789028702297-6 D4 FIRST_FRAME state=FIRST_FRAME_RECEIVED attempts=1 streak=1
[2026-09-10T08:25:50.414Z] batch=field-waveform-1789028702297-6 D4 FIRST_VALID_SAMPLE state=FIRST_FRAME_RECEIVED attempts=1 streak=1
[2026-09-10T08:25:50.631Z] batch=field-waveform-1789028702297-6 D6 CHANNEL_SYNC_OK state=TEST_READY attempts=1 streak=5
[2026-09-10T08:25:50.632Z] batch=field-waveform-1789028702297-6 D6 TEST_READY state=TEST_READY attempts=1 streak=5
[2026-09-10T08:25:50.636Z] batch=field-waveform-1789028702297-6 D3 CHANNEL_SYNC_OK state=TEST_READY attempts=1 streak=5
[2026-09-10T08:25:50.637Z] batch=field-waveform-1789028702297-6 D3 TEST_READY state=TEST_READY attempts=1 streak=5
[2026-09-10T08:25:50.641Z] batch=field-waveform-1789028702297-6 D5 CHANNEL_SYNC_OK state=TEST_READY attempts=1 streak=5
[2026-09-10T08:25:50.641Z] batch=field-waveform-1789028702297-6 D5 TEST_READY state=TEST_READY attempts=1 streak=5
[2026-09-10T08:25:50.659Z] batch=field-waveform-1789028702297-6 D4 CHANNEL_SYNC_OK state=TEST_READY attempts=1 streak=5
[2026-09-10T08:25:50.659Z] batch=field-waveform-1789028702297-6 D4 TEST_READY state=TEST_READY attempts=1 streak=5
[2026-09-10T08:25:50.822Z] batch=field-waveform-1789028702297-6 D2 MODE_SWITCH_START state=MODE_SWITCHING attempts=1 streak=0 attempt=1
[2026-09-10T08:25:50.829Z] batch=field-waveform-1789028702297-6 D2 MODE_SWITCH_OK state=MODE_SWITCH_OK attempts=1 streak=0
[2026-09-10T08:25:55.271Z] batch=field-waveform-1789028702297-6 D1 FIRST_FRAME state=FIRST_FRAME_RECEIVED attempts=1 streak=1
[2026-09-10T08:25:55.272Z] batch=field-waveform-1789028702297-6 D1 FIRST_VALID_SAMPLE state=FIRST_FRAME_RECEIVED attempts=1 streak=1
[2026-09-10T08:25:55.515Z] batch=field-waveform-1789028702297-6 D1 CHANNEL_SYNC_OK state=TEST_READY attempts=1 streak=5
[2026-09-10T08:25:55.515Z] batch=field-waveform-1789028702297-6 D1 TEST_READY state=TEST_READY attempts=1 streak=5
[2026-09-10T08:25:55.923Z] batch=field-waveform-1789028702297-6 D2 FIRST_FRAME state=FIRST_FRAME_RECEIVED attempts=1 streak=1
[2026-09-10T08:25:55.923Z] batch=field-waveform-1789028702297-6 D2 FIRST_VALID_SAMPLE state=FIRST_FRAME_RECEIVED attempts=1 streak=1
[2026-09-10T08:25:56.149Z] batch=field-waveform-1789028702297-6 D2 CHANNEL_SYNC_OK state=TEST_READY attempts=1 streak=5
[2026-09-10T08:25:56.149Z] batch=field-waveform-1789028702297-6 D2 TEST_READY state=TEST_READY attempts=1 streak=5
[2026-09-10T08:26:40.607Z] batch=field-waveform-1789028702297-6 D1 MODE_SWITCH_START state=MODE_SWITCHING attempts=1 streak=0 attempt=1
[2026-09-10T08:26:40.624Z] batch=field-waveform-1789028702297-6 D1 MODE_SWITCH_OK state=MODE_SWITCH_OK attempts=1 streak=0
[2026-09-10T08:26:40.639Z] batch=field-waveform-1789028702297-6 D6 MODE_SWITCH_START state=MODE_SWITCHING attempts=1 streak=0 attempt=1
[2026-09-10T08:26:40.660Z] batch=field-waveform-1789028702297-6 D6 MODE_SWITCH_OK state=MODE_SWITCH_OK attempts=1 streak=0
[2026-09-10T08:26:40.668Z] batch=field-waveform-1789028702297-6 D4 MODE_SWITCH_START state=MODE_SWITCHING attempts=1 streak=0 attempt=1
[2026-09-10T08:26:40.680Z] batch=field-waveform-1789028702297-6 D4 MODE_SWITCH_OK state=MODE_SWITCH_OK attempts=1 streak=0
[2026-09-10T08:26:40.691Z] batch=field-waveform-1789028702297-6 D3 MODE_SWITCH_START state=MODE_SWITCHING attempts=1 streak=0 attempt=1
[2026-09-10T08:26:40.696Z] batch=field-waveform-1789028702297-6 D3 MODE_SWITCH_OK state=MODE_SWITCH_OK attempts=1 streak=0
[2026-09-10T08:26:40.715Z] batch=field-waveform-1789028702297-6 D5 MODE_SWITCH_START state=MODE_SWITCHING attempts=1 streak=0 attempt=1
[2026-09-10T08:26:40.733Z] batch=field-waveform-1789028702297-6 D5 MODE_SWITCH_OK state=MODE_SWITCH_OK attempts=1 streak=0
[2026-09-10T08:26:41.208Z] batch=field-waveform-1789028702297-6 D2 MODE_SWITCH_START state=MODE_SWITCHING attempts=1 streak=0 attempt=1
[2026-09-10T08:26:41.213Z] batch=field-waveform-1789028702297-6 D2 MODE_SWITCH_OK state=MODE_SWITCH_OK attempts=1 streak=0
[2026-09-10T08:26:50.828Z] batch=field-waveform-1789028702297-6 D1 MODE_SWITCH_START state=MODE_SWITCHING attempts=1 streak=0 attempt=1
[2026-09-10T08:26:50.830Z] batch=field-waveform-1789028702297-6 D1 MODE_SWITCH_OK state=MODE_SWITCH_OK attempts=1 streak=0
[2026-09-10T08:26:50.837Z] batch=field-waveform-1789028702297-6 D6 MODE_SWITCH_START state=MODE_SWITCHING attempts=1 streak=0 attempt=1
[2026-09-10T08:26:50.839Z] batch=field-waveform-1789028702297-6 D6 MODE_SWITCH_OK state=MODE_SWITCH_OK attempts=1 streak=0
[2026-09-10T08:26:50.855Z] batch=field-waveform-1789028702297-6 D4 MODE_SWITCH_START state=MODE_SWITCHING attempts=1 streak=0 attempt=1
[2026-09-10T08:26:50.863Z] batch=field-waveform-1789028702297-6 D4 MODE_SWITCH_OK state=MODE_SWITCH_OK attempts=1 streak=0
[2026-09-10T08:26:50.870Z] batch=field-waveform-1789028702297-6 D3 MODE_SWITCH_START state=MODE_SWITCHING attempts=1 streak=0 attempt=1
[2026-09-10T08:26:50.875Z] batch=field-waveform-1789028702297-6 D3 MODE_SWITCH_OK state=MODE_SWITCH_OK attempts=1 streak=0
[2026-09-10T08:26:50.883Z] batch=field-waveform-1789028702297-6 D5 MODE_SWITCH_START state=MODE_SWITCHING attempts=1 streak=0 attempt=1
[2026-09-10T08:26:50.888Z] batch=field-waveform-1789028702297-6 D5 MODE_SWITCH_OK state=MODE_SWITCH_OK attempts=1 streak=0
[2026-09-10T08:26:51.317Z] batch=field-waveform-1789028702297-6 D2 MODE_SWITCH_START state=MODE_SWITCHING attempts=1 streak=0 attempt=1
[2026-09-10T08:26:51.326Z] batch=field-waveform-1789028702297-6 D2 MODE_SWITCH_OK state=MODE_SWITCH_OK attempts=1 streak=0
[2026-09-10T08:26:55.992Z] batch=field-waveform-1789028702297-6 D1 FIRST_FRAME state=FIRST_FRAME_RECEIVED attempts=1 streak=1
[2026-09-10T08:26:55.992Z] batch=field-waveform-1789028702297-6 D1 FIRST_VALID_SAMPLE state=FIRST_FRAME_RECEIVED attempts=1 streak=1
[2026-09-10T08:26:56.000Z] batch=field-waveform-1789028702297-6 D6 FIRST_FRAME state=FIRST_FRAME_RECEIVED attempts=1 streak=1
[2026-09-10T08:26:56.000Z] batch=field-waveform-1789028702297-6 D6 FIRST_VALID_SAMPLE state=FIRST_FRAME_RECEIVED attempts=1 streak=1
[2026-09-10T08:26:56.010Z] batch=field-waveform-1789028702297-6 D4 FIRST_FRAME state=FIRST_FRAME_RECEIVED attempts=1 streak=1
[2026-09-10T08:26:56.011Z] batch=field-waveform-1789028702297-6 D4 FIRST_VALID_SAMPLE state=FIRST_FRAME_RECEIVED attempts=1 streak=1
[2026-09-10T08:26:56.014Z] batch=field-waveform-1789028702297-6 D5 FIRST_FRAME state=FIRST_FRAME_RECEIVED attempts=1 streak=1
[2026-09-10T08:26:56.014Z] batch=field-waveform-1789028702297-6 D5 FIRST_VALID_SAMPLE state=FIRST_FRAME_RECEIVED attempts=1 streak=1
[2026-09-10T08:26:56.016Z] batch=field-waveform-1789028702297-6 D3 FIRST_FRAME state=FIRST_FRAME_RECEIVED attempts=1 streak=1
[2026-09-10T08:26:56.016Z] batch=field-waveform-1789028702297-6 D3 FIRST_VALID_SAMPLE state=FIRST_FRAME_RECEIVED attempts=1 streak=1
[2026-09-10T08:26:56.159Z] batch=field-waveform-1789028702297-6 D6 CHANNEL_SYNC_OK state=TEST_READY attempts=1 streak=5
[2026-09-10T08:26:56.159Z] batch=field-waveform-1789028702297-6 D6 TEST_READY state=TEST_READY attempts=1 streak=5
[2026-09-10T08:26:56.191Z] batch=field-waveform-1789028702297-6 D5 CHANNEL_SYNC_OK state=TEST_READY attempts=1 streak=5
[2026-09-10T08:26:56.191Z] batch=field-waveform-1789028702297-6 D5 TEST_READY state=TEST_READY attempts=1 streak=5
[2026-09-10T08:26:56.192Z] batch=field-waveform-1789028702297-6 D1 CHANNEL_SYNC_OK state=TEST_READY attempts=1 streak=5
[2026-09-10T08:26:56.192Z] batch=field-waveform-1789028702297-6 D1 TEST_READY state=TEST_READY attempts=1 streak=5
[2026-09-10T08:26:56.193Z] batch=field-waveform-1789028702297-6 D4 CHANNEL_SYNC_OK state=TEST_READY attempts=1 streak=5
[2026-09-10T08:26:56.194Z] batch=field-waveform-1789028702297-6 D4 TEST_READY state=TEST_READY attempts=1 streak=5
[2026-09-10T08:26:56.529Z] batch=field-waveform-1789028702297-6 D3 CHANNEL_SYNC_OK state=TEST_READY attempts=1 streak=5
[2026-09-10T08:26:56.529Z] batch=field-waveform-1789028702297-6 D3 TEST_READY state=TEST_READY attempts=1 streak=5
[2026-09-10T08:26:56.545Z] batch=field-waveform-1789028702297-6 D2 FIRST_FRAME state=FIRST_FRAME_RECEIVED attempts=1 streak=1
[2026-09-10T08:26:56.545Z] batch=field-waveform-1789028702297-6 D2 FIRST_VALID_SAMPLE state=FIRST_FRAME_RECEIVED attempts=1 streak=1
[2026-09-10T08:26:56.794Z] batch=field-waveform-1789028702297-6 D2 CHANNEL_SYNC_OK state=TEST_READY attempts=1 streak=5
[2026-09-10T08:26:56.795Z] batch=field-waveform-1789028702297-6 D2 TEST_READY state=TEST_READY attempts=1 streak=5
