[2026-09-16T02:17:20.120Z] batch=field-waveform-1789525034451-3 D4 MODE_SWITCH_START state=MODE_SWITCHING attempts=1 streak=0 attempt=1
[2026-09-16T02:17:20.122Z] batch=field-waveform-1789525034451-3 D4 MODE_SWITCH_OK state=MODE_SWITCH_OK attempts=1 streak=0
[2026-09-16T02:17:20.125Z] batch=field-waveform-1789525034451-3 D3 MODE_SWITCH_START state=MODE_SWITCHING attempts=1 streak=0 attempt=1
[2026-09-16T02:17:20.127Z] batch=field-waveform-1789525034451-3 D3 MODE_SWITCH_OK state=MODE_SWITCH_OK attempts=1 streak=0
[2026-09-16T02:17:20.130Z] batch=field-waveform-1789525034451-3 D2 MODE_SWITCH_START state=MODE_SWITCHING attempts=1 streak=0 attempt=1
[2026-09-16T02:17:20.131Z] batch=field-waveform-1789525034451-3 D2 MODE_SWITCH_OK state=MODE_SWITCH_OK attempts=1 streak=0
[2026-09-16T02:17:20.138Z] batch=field-waveform-1789525034451-3 D1 MODE_SWITCH_START state=MODE_SWITCHING attempts=1 streak=0 attempt=1
[2026-09-16T02:17:20.140Z] batch=field-waveform-1789525034451-3 D1 MODE_SWITCH_OK state=MODE_SWITCH_OK attempts=1 streak=0
[2026-09-16T02:17:20.141Z] batch=field-waveform-1789525034451-3 D6 MODE_SWITCH_START state=MODE_SWITCHING attempts=1 streak=0 attempt=1
[2026-09-16T02:17:20.142Z] batch=field-waveform-1789525034451-3 D6 MODE_SWITCH_OK state=MODE_SWITCH_OK attempts=1 streak=0
[2026-09-16T02:17:20.154Z] batch=field-waveform-1789525034451-3 D5 MODE_SWITCH_START state=MODE_SWITCHING attempts=1 streak=0 attempt=1
[2026-09-16T02:17:20.155Z] batch=field-waveform-1789525034451-3 D5 MODE_SWITCH_OK state=MODE_SWITCH_OK attempts=1 streak=0
[2026-09-16T02:17:30.124Z] batch=field-waveform-1789525034451-3 D4 MODE_SWITCH_START state=MODE_SWITCHING attempts=1 streak=0 attempt=1
[2026-09-16T02:17:30.128Z] batch=field-waveform-1789525034451-3 D4 MODE_SWITCH_OK state=MODE_SWITCH_OK attempts=1 streak=0
[2026-09-16T02:17:30.130Z] batch=field-waveform-1789525034451-3 D3 MODE_SWITCH_START state=MODE_SWITCHING attempts=1 streak=0 attempt=1
[2026-09-16T02:17:30.131Z] batch=field-waveform-1789525034451-3 D3 MODE_SWITCH_OK state=MODE_SWITCH_OK attempts=1 streak=0
[2026-09-16T02:17:30.142Z] batch=field-waveform-1789525034451-3 D2 MODE_SWITCH_START state=MODE_SWITCHING attempts=1 streak=0 attempt=1
[2026-09-16T02:17:30.145Z] batch=field-waveform-1789525034451-3 D2 MODE_SWITCH_OK state=MODE_SWITCH_OK attempts=1 streak=0
[2026-09-16T02:17:30.145Z] batch=field-waveform-1789525034451-3 D1 MODE_SWITCH_START state=MODE_SWITCHING attempts=1 streak=0 attempt=1
[2026-09-16T02:17:30.146Z] batch=field-waveform-1789525034451-3 D1 MODE_SWITCH_OK state=MODE_SWITCH_OK attempts=1 streak=0
[2026-09-16T02:17:30.147Z] batch=field-waveform-1789525034451-3 D6 MODE_SWITCH_START state=MODE_SWITCHING attempts=1 streak=0 attempt=1
[2026-09-16T02:17:30.148Z] batch=field-waveform-1789525034451-3 D6 MODE_SWITCH_OK state=MODE_SWITCH_OK attempts=1 streak=0
[2026-09-16T02:17:30.155Z] batch=field-waveform-1789525034451-3 D5 MODE_SWITCH_START state=MODE_SWITCHING attempts=1 streak=0 attempt=1
[2026-09-16T02:17:30.159Z] batch=field-waveform-1789525034451-3 D5 MODE_SWITCH_OK state=MODE_SWITCH_OK attempts=1 streak=0
[2026-09-16T02:17:40.132Z] batch=field-waveform-1789525034451-3 D4 MODE_SWITCH_START state=MODE_SWITCHING attempts=1 streak=0 attempt=1
[2026-09-16T02:17:40.136Z] batch=field-waveform-1789525034451-3 D4 MODE_SWITCH_OK state=MODE_SWITCH_OK attempts=1 streak=0
[2026-09-16T02:17:40.138Z] batch=field-waveform-1789525034451-3 D3 MODE_SWITCH_START state=MODE_SWITCHING attempts=1 streak=0 attempt=1
[2026-09-16T02:17:40.140Z] batch=field-waveform-1789525034451-3 D3 MODE_SWITCH_OK state=MODE_SWITCH_OK attempts=1 streak=0
[2026-09-16T02:17:40.147Z] batch=field-waveform-1789525034451-3 D2 MODE_SWITCH_START state=MODE_SWITCHING attempts=1 streak=0 attempt=1
[2026-09-16T02:17:40.150Z] batch=field-waveform-1789525034451-3 D2 MODE_SWITCH_OK state=MODE_SWITCH_OK attempts=1 streak=0
[2026-09-16T02:17:40.152Z] batch=field-waveform-1789525034451-3 D1 MODE_SWITCH_START state=MODE_SWITCHING attempts=1 streak=0 attempt=1
[2026-09-16T02:17:40.153Z] batch=field-waveform-1789525034451-3 D1 MODE_SWITCH_OK state=MODE_SWITCH_OK attempts=1 streak=0
[2026-09-16T02:17:40.159Z] batch=field-waveform-1789525034451-3 D6 MODE_SWITCH_START state=MODE_SWITCHING attempts=1 streak=0 attempt=1
[2026-09-16T02:17:40.161Z] batch=field-waveform-1789525034451-3 D6 MODE_SWITCH_OK state=MODE_SWITCH_OK attempts=1 streak=0
[2026-09-16T02:17:40.163Z] batch=field-waveform-1789525034451-3 D5 MODE_SWITCH_START state=MODE_SWITCHING attempts=1 streak=0 attempt=1
[2026-09-16T02:17:40.164Z] batch=field-waveform-1789525034451-3 D5 MODE_SWITCH_OK state=MODE_SWITCH_OK attempts=1 streak=0
[2026-09-16T02:17:45.188Z] batch=field-waveform-1789525034451-3 D4 FIRST_FRAME state=FIRST_FRAME_RECEIVED attempts=1 streak=1
[2026-09-16T02:17:45.188Z] batch=field-waveform-1789525034451-3 D4 FIRST_VALID_SAMPLE state=FIRST_FRAME_RECEIVED attempts=1 streak=1
[2026-09-16T02:17:45.210Z] batch=field-waveform-1789525034451-3 D2 FIRST_FRAME state=FIRST_FRAME_RECEIVED attempts=1 streak=1
[2026-09-16T02:17:45.211Z] batch=field-waveform-1789525034451-3 D2 FIRST_VALID_SAMPLE state=FIRST_FRAME_RECEIVED attempts=1 streak=1
[2026-09-16T02:17:45.211Z] batch=field-waveform-1789525034451-3 D3 FIRST_FRAME state=FIRST_FRAME_RECEIVED attempts=1 streak=1
[2026-09-16T02:17:45.212Z] batch=field-waveform-1789525034451-3 D3 FIRST_VALID_SAMPLE state=FIRST_FRAME_RECEIVED attempts=1 streak=1
[2026-09-16T02:17:45.222Z] batch=field-waveform-1789525034451-3 D5 FIRST_FRAME state=FIRST_FRAME_RECEIVED attempts=1 streak=1
[2026-09-16T02:17:45.223Z] batch=field-waveform-1789525034451-3 D5 FIRST_VALID_SAMPLE state=FIRST_FRAME_RECEIVED attempts=1 streak=1
[2026-09-16T02:17:45.225Z] batch=field-waveform-1789525034451-3 D1 FIRST_FRAME state=FIRST_FRAME_RECEIVED attempts=1 streak=1
[2026-09-16T02:17:45.225Z] batch=field-waveform-1789525034451-3 D1 FIRST_VALID_SAMPLE state=FIRST_FRAME_RECEIVED attempts=1 streak=1
[2026-09-16T02:17:45.231Z] batch=field-waveform-1789525034451-3 D6 FIRST_FRAME state=FIRST_FRAME_RECEIVED attempts=1 streak=1
[2026-09-16T02:17:45.232Z] batch=field-waveform-1789525034451-3 D6 FIRST_VALID_SAMPLE state=FIRST_FRAME_RECEIVED attempts=1 streak=1
[2026-09-16T02:17:45.426Z] batch=field-waveform-1789525034451-3 D4 CHANNEL_SYNC_OK state=TEST_READY attempts=1 streak=5
[2026-09-16T02:17:45.426Z] batch=field-waveform-1789525034451-3 D4 TEST_READY state=TEST_READY attempts=1 streak=5
[2026-09-16T02:17:45.457Z] batch=field-waveform-1789525034451-3 D2 CHANNEL_SYNC_OK state=TEST_READY attempts=1 streak=5
[2026-09-16T02:17:45.458Z] batch=field-waveform-1789525034451-3 D2 TEST_READY state=TEST_READY attempts=1 streak=5
[2026-09-16T02:17:45.481Z] batch=field-waveform-1789525034451-3 D3 CHANNEL_SYNC_OK state=TEST_READY attempts=1 streak=5
[2026-09-16T02:17:45.481Z] batch=field-waveform-1789525034451-3 D3 TEST_READY state=TEST_READY attempts=1 streak=5
[2026-09-16T02:17:45.482Z] batch=field-waveform-1789525034451-3 D5 CHANNEL_SYNC_OK state=TEST_READY attempts=1 streak=5
[2026-09-16T02:17:45.482Z] batch=field-waveform-1789525034451-3 D5 TEST_READY state=TEST_READY attempts=1 streak=5
[2026-09-16T02:17:45.483Z] batch=field-waveform-1789525034451-3 D1 CHANNEL_SYNC_OK state=TEST_READY attempts=1 streak=5
[2026-09-16T02:17:45.483Z] batch=field-waveform-1789525034451-3 D1 TEST_READY state=TEST_READY attempts=1 streak=5
[2026-09-16T02:17:45.484Z] batch=field-waveform-1789525034451-3 D6 CHANNEL_SYNC_OK state=TEST_READY attempts=1 streak=5
[2026-09-16T02:17:45.485Z] batch=field-waveform-1789525034451-3 D6 TEST_READY state=TEST_READY attempts=1 streak=5
[2026-09-16T02:17:56.343Z] batch=field-waveform-1789525034451-3 D2 MODE_SWITCH_START state=MODE_SWITCHING attempts=1 streak=0 attempt=1
[2026-09-16T02:17:56.347Z] batch=field-waveform-1789525034451-3 D2 MODE_SWITCH_OK state=MODE_SWITCH_OK attempts=1 streak=0
[2026-09-16T02:17:56.348Z] batch=field-waveform-1789525034451-3 D3 MODE_SWITCH_START state=MODE_SWITCHING attempts=1 streak=0 attempt=1
[2026-09-16T02:17:56.349Z] batch=field-waveform-1789525034451-3 D3 MODE_SWITCH_OK state=MODE_SWITCH_OK attempts=1 streak=0
[2026-09-16T02:17:56.350Z] batch=field-waveform-1789525034451-3 D5 MODE_SWITCH_START state=MODE_SWITCHING attempts=1 streak=0 attempt=1
[2026-09-16T02:17:56.350Z] batch=field-waveform-1789525034451-3 D5 MODE_SWITCH_OK state=MODE_SWITCH_OK attempts=1 streak=0
[2026-09-16T02:17:56.352Z] batch=field-waveform-1789525034451-3 D1 MODE_SWITCH_START state=MODE_SWITCHING attempts=1 streak=0 attempt=1
[2026-09-16T02:17:56.353Z] batch=field-waveform-1789525034451-3 D1 MODE_SWITCH_OK state=MODE_SWITCH_OK attempts=1 streak=0
[2026-09-16T02:17:56.363Z] batch=field-waveform-1789525034451-3 D6 MODE_SWITCH_START state=MODE_SWITCHING attempts=1 streak=0 attempt=1
[2026-09-16T02:17:56.364Z] batch=field-waveform-1789525034451-3 D6 MODE_SWITCH_OK state=MODE_SWITCH_OK attempts=1 streak=0
[2026-09-16T02:17:56.365Z] batch=field-waveform-1789525034451-3 D4 MODE_SWITCH_START state=MODE_SWITCHING attempts=1 streak=0 attempt=1
[2026-09-16T02:17:56.367Z] batch=field-waveform-1789525034451-3 D4 MODE_SWITCH_OK state=MODE_SWITCH_OK attempts=1 streak=0
[2026-09-16T02:18:01.402Z] batch=field-waveform-1789525034451-3 D2 FIRST_FRAME state=FIRST_FRAME_RECEIVED attempts=1 streak=1
[2026-09-16T02:18:01.402Z] batch=field-waveform-1789525034451-3 D2 FIRST_VALID_SAMPLE state=FIRST_FRAME_RECEIVED attempts=1 streak=1
[2026-09-16T02:18:01.403Z] batch=field-waveform-1789525034451-3 D3 FIRST_FRAME state=FIRST_FRAME_RECEIVED attempts=1 streak=1
[2026-09-16T02:18:01.403Z] batch=field-waveform-1789525034451-3 D3 FIRST_VALID_SAMPLE state=FIRST_FRAME_RECEIVED attempts=1 streak=1
[2026-09-16T02:18:01.405Z] batch=field-waveform-1789525034451-3 D5 FIRST_FRAME state=FIRST_FRAME_RECEIVED attempts=1 streak=1
[2026-09-16T02:18:01.406Z] batch=field-waveform-1789525034451-3 D5 FIRST_VALID_SAMPLE state=FIRST_FRAME_RECEIVED attempts=1 streak=1
[2026-09-16T02:18:01.415Z] batch=field-waveform-1789525034451-3 D1 FIRST_FRAME state=FIRST_FRAME_RECEIVED attempts=1 streak=1
[2026-09-16T02:18:01.416Z] batch=field-waveform-1789525034451-3 D1 FIRST_VALID_SAMPLE state=FIRST_FRAME_RECEIVED attempts=1 streak=1
[2026-09-16T02:18:01.425Z] batch=field-waveform-1789525034451-3 D6 FIRST_FRAME state=FIRST_FRAME_RECEIVED attempts=1 streak=1
[2026-09-16T02:18:01.425Z] batch=field-waveform-1789525034451-3 D6 FIRST_VALID_SAMPLE state=FIRST_FRAME_RECEIVED attempts=1 streak=1
[2026-09-16T02:18:01.434Z] batch=field-waveform-1789525034451-3 D4 FIRST_FRAME state=FIRST_FRAME_RECEIVED attempts=1 streak=1
[2026-09-16T02:18:01.435Z] batch=field-waveform-1789525034451-3 D4 FIRST_VALID_SAMPLE state=FIRST_FRAME_RECEIVED attempts=1 streak=1
[2026-09-16T02:18:01.646Z] batch=field-waveform-1789525034451-3 D2 CHANNEL_SYNC_OK state=TEST_READY attempts=1 streak=5
[2026-09-16T02:18:01.646Z] batch=field-waveform-1789525034451-3 D2 TEST_READY state=TEST_READY attempts=1 streak=5
[2026-09-16T02:18:01.652Z] batch=field-waveform-1789525034451-3 D3 CHANNEL_SYNC_OK state=TEST_READY attempts=1 streak=5
[2026-09-16T02:18:01.652Z] batch=field-waveform-1789525034451-3 D3 TEST_READY state=TEST_READY attempts=1 streak=5
[2026-09-16T02:18:01.660Z] batch=field-waveform-1789525034451-3 D5 CHANNEL_SYNC_OK state=TEST_READY attempts=1 streak=5
[2026-09-16T02:18:01.660Z] batch=field-waveform-1789525034451-3 D5 TEST_READY state=TEST_READY attempts=1 streak=5
[2026-09-16T02:18:01.677Z] batch=field-waveform-1789525034451-3 D1 CHANNEL_SYNC_OK state=TEST_READY attempts=1 streak=5
[2026-09-16T02:18:01.677Z] batch=field-waveform-1789525034451-3 D1 TEST_READY state=TEST_READY attempts=1 streak=5
[2026-09-16T02:18:01.678Z] batch=field-waveform-1789525034451-3 D6 CHANNEL_SYNC_OK state=TEST_READY attempts=1 streak=5
[2026-09-16T02:18:01.678Z] batch=field-waveform-1789525034451-3 D6 TEST_READY state=TEST_READY attempts=1 streak=5
[2026-09-16T02:18:01.680Z] batch=field-waveform-1789525034451-3 D4 CHANNEL_SYNC_OK state=TEST_READY attempts=1 streak=5
[2026-09-16T02:18:01.680Z] batch=field-waveform-1789525034451-3 D4 TEST_READY state=TEST_READY attempts=1 streak=5
[2026-09-16T02:18:54.594Z] batch=field-waveform-1789525034451-3 D3 MODE_SWITCH_START state=MODE_SWITCHING attempts=1 streak=0 attempt=1
[2026-09-16T02:18:54.595Z] batch=field-waveform-1789525034451-3 D3 MODE_SWITCH_OK state=MODE_SWITCH_OK attempts=1 streak=0
[2026-09-16T02:18:54.598Z] batch=field-waveform-1789525034451-3 D1 MODE_SWITCH_START state=MODE_SWITCHING attempts=1 streak=0 attempt=1
[2026-09-16T02:18:54.599Z] batch=field-waveform-1789525034451-3 D1 MODE_SWITCH_OK state=MODE_SWITCH_OK attempts=1 streak=0
[2026-09-16T02:18:54.602Z] batch=field-waveform-1789525034451-3 D5 MODE_SWITCH_START state=MODE_SWITCHING attempts=1 streak=0 attempt=1
[2026-09-16T02:18:54.606Z] batch=field-waveform-1789525034451-3 D5 MODE_SWITCH_OK state=MODE_SWITCH_OK attempts=1 streak=0
[2026-09-16T02:18:54.608Z] batch=field-waveform-1789525034451-3 D4 MODE_SWITCH_START state=MODE_SWITCHING attempts=1 streak=0 attempt=1
[2026-09-16T02:18:54.609Z] batch=field-waveform-1789525034451-3 D4 MODE_SWITCH_OK state=MODE_SWITCH_OK attempts=1 streak=0
[2026-09-16T02:18:54.612Z] batch=field-waveform-1789525034451-3 D6 MODE_SWITCH_START state=MODE_SWITCHING attempts=1 streak=0 attempt=1
[2026-09-16T02:18:54.613Z] batch=field-waveform-1789525034451-3 D6 MODE_SWITCH_OK state=MODE_SWITCH_OK attempts=1 streak=0
[2026-09-16T02:18:54.615Z] batch=field-waveform-1789525034451-3 D2 MODE_SWITCH_START state=MODE_SWITCHING attempts=1 streak=0 attempt=1
[2026-09-16T02:18:54.616Z] batch=field-waveform-1789525034451-3 D2 MODE_SWITCH_OK state=MODE_SWITCH_OK attempts=1 streak=0
[2026-09-16T02:19:04.806Z] batch=field-waveform-1789525034451-3 D3 MODE_SWITCH_START state=MODE_SWITCHING attempts=1 streak=0 attempt=1
[2026-09-16T02:19:04.816Z] batch=field-waveform-1789525034451-3 D3 MODE_SWITCH_OK state=MODE_SWITCH_OK attempts=1 streak=0
[2026-09-16T02:19:04.832Z] batch=field-waveform-1789525034451-3 D1 MODE_SWITCH_START state=MODE_SWITCHING attempts=1 streak=0 attempt=1
[2026-09-16T02:19:04.835Z] batch=field-waveform-1789525034451-3 D1 MODE_SWITCH_OK state=MODE_SWITCH_OK attempts=1 streak=0
[2026-09-16T02:19:04.838Z] batch=field-waveform-1789525034451-3 D5 MODE_SWITCH_START state=MODE_SWITCHING attempts=1 streak=0 attempt=1
[2026-09-16T02:19:04.840Z] batch=field-waveform-1789525034451-3 D5 MODE_SWITCH_OK state=MODE_SWITCH_OK attempts=1 streak=0
[2026-09-16T02:19:04.849Z] batch=field-waveform-1789525034451-3 D4 MODE_SWITCH_START state=MODE_SWITCHING attempts=1 streak=0 attempt=1
[2026-09-16T02:19:04.852Z] batch=field-waveform-1789525034451-3 D4 MODE_SWITCH_OK state=MODE_SWITCH_OK attempts=1 streak=0
[2026-09-16T02:19:04.856Z] batch=field-waveform-1789525034451-3 D6 MODE_SWITCH_START state=MODE_SWITCHING attempts=1 streak=0 attempt=1
[2026-09-16T02:19:04.858Z] batch=field-waveform-1789525034451-3 D6 MODE_SWITCH_OK state=MODE_SWITCH_OK attempts=1 streak=0
[2026-09-16T02:19:04.866Z] batch=field-waveform-1789525034451-3 D2 MODE_SWITCH_START state=MODE_SWITCHING attempts=1 streak=0 attempt=1
[2026-09-16T02:19:04.866Z] batch=field-waveform-1789525034451-3 D2 MODE_SWITCH_OK state=MODE_SWITCH_OK attempts=1 streak=0
[2026-09-16T02:19:09.957Z] batch=field-waveform-1789525034451-3 D3 FIRST_FRAME state=FIRST_FRAME_RECEIVED attempts=1 streak=1
[2026-09-16T02:19:09.957Z] batch=field-waveform-1789525034451-3 D3 FIRST_VALID_SAMPLE state=FIRST_FRAME_RECEIVED attempts=1 streak=1
[2026-09-16T02:19:09.974Z] batch=field-waveform-1789525034451-3 D1 FIRST_FRAME state=FIRST_FRAME_RECEIVED attempts=1 streak=1
[2026-09-16T02:19:09.975Z] batch=field-waveform-1789525034451-3 D1 FIRST_VALID_SAMPLE state=FIRST_FRAME_RECEIVED attempts=1 streak=1
[2026-09-16T02:19:09.976Z] batch=field-waveform-1789525034451-3 D5 FIRST_FRAME state=FIRST_FRAME_RECEIVED attempts=1 streak=1
[2026-09-16T02:19:09.976Z] batch=field-waveform-1789525034451-3 D5 FIRST_VALID_SAMPLE state=FIRST_FRAME_RECEIVED attempts=1 streak=1
[2026-09-16T02:19:09.977Z] batch=field-waveform-1789525034451-3 D4 FIRST_FRAME state=FIRST_FRAME_RECEIVED attempts=1 streak=1
[2026-09-16T02:19:09.977Z] batch=field-waveform-1789525034451-3 D4 FIRST_VALID_SAMPLE state=FIRST_FRAME_RECEIVED attempts=1 streak=1
[2026-09-16T02:19:10.069Z] batch=field-waveform-1789525034451-3 D2 FIRST_FRAME state=FIRST_FRAME_RECEIVED attempts=1 streak=1
[2026-09-16T02:19:10.069Z] batch=field-waveform-1789525034451-3 D2 FIRST_VALID_SAMPLE state=FIRST_FRAME_RECEIVED attempts=1 streak=1
[2026-09-16T02:19:10.072Z] batch=field-waveform-1789525034451-3 D6 FIRST_FRAME state=FIRST_FRAME_RECEIVED attempts=1 streak=1
[2026-09-16T02:19:10.073Z] batch=field-waveform-1789525034451-3 D6 FIRST_VALID_SAMPLE state=FIRST_FRAME_RECEIVED attempts=1 streak=1
[2026-09-16T02:19:10.337Z] batch=field-waveform-1789525034451-3 D3 CHANNEL_SYNC_OK state=TEST_READY attempts=1 streak=5
[2026-09-16T02:19:10.337Z] batch=field-waveform-1789525034451-3 D3 TEST_READY state=TEST_READY attempts=1 streak=5
[2026-09-16T02:19:10.340Z] batch=field-waveform-1789525034451-3 D4 CHANNEL_SYNC_OK state=TEST_READY attempts=1 streak=5
[2026-09-16T02:19:10.341Z] batch=field-waveform-1789525034451-3 D4 TEST_READY state=TEST_READY attempts=1 streak=5
[2026-09-16T02:19:10.344Z] batch=field-waveform-1789525034451-3 D1 CHANNEL_SYNC_OK state=TEST_READY attempts=1 streak=5
[2026-09-16T02:19:10.344Z] batch=field-waveform-1789525034451-3 D1 TEST_READY state=TEST_READY attempts=1 streak=5
[2026-09-16T02:19:10.345Z] batch=field-waveform-1789525034451-3 D5 CHANNEL_SYNC_OK state=TEST_READY attempts=1 streak=5
[2026-09-16T02:19:10.345Z] batch=field-waveform-1789525034451-3 D5 TEST_READY state=TEST_READY attempts=1 streak=5
[2026-09-16T02:19:10.349Z] batch=field-waveform-1789525034451-3 D2 CHANNEL_SYNC_OK state=TEST_READY attempts=1 streak=5
[2026-09-16T02:19:10.349Z] batch=field-waveform-1789525034451-3 D2 TEST_READY state=TEST_READY attempts=1 streak=5
[2026-09-16T02:19:10.351Z] batch=field-waveform-1789525034451-3 D6 CHANNEL_SYNC_OK state=TEST_READY attempts=1 streak=5
[2026-09-16T02:19:10.351Z] batch=field-waveform-1789525034451-3 D6 TEST_READY state=TEST_READY attempts=1 streak=5
