[2026-09-18T03:11:31.970Z] batch=field-waveform-1789701091969-30 D1 MODE_SWITCH_START state=MODE_SWITCHING attempts=1 streak=0 attempt=1
[2026-09-18T03:11:31.972Z] batch=field-waveform-1789701091969-30 D2 MODE_SWITCH_START state=MODE_SWITCHING attempts=1 streak=0 attempt=1
[2026-09-18T03:11:31.974Z] batch=field-waveform-1789701091969-30 D3 MODE_SWITCH_START state=MODE_SWITCHING attempts=1 streak=0 attempt=1
[2026-09-18T03:11:31.975Z] batch=field-waveform-1789701091969-30 D4 MODE_SWITCH_START state=MODE_SWITCHING attempts=1 streak=0 attempt=1
[2026-09-18T03:11:31.976Z] batch=field-waveform-1789701091969-30 D5 MODE_SWITCH_START state=MODE_SWITCHING attempts=1 streak=0 attempt=1
[2026-09-18T03:11:31.976Z] batch=field-waveform-1789701091969-30 D6 MODE_SWITCH_START state=MODE_SWITCHING attempts=1 streak=0 attempt=1
[2026-09-18T03:11:31.979Z] batch=field-waveform-1789701091969-30 D1 MODE_SWITCH_OK state=MODE_SWITCH_OK attempts=1 streak=0
[2026-09-18T03:11:31.980Z] batch=field-waveform-1789701091969-30 D2 MODE_SWITCH_OK state=MODE_SWITCH_OK attempts=1 streak=0
[2026-09-18T03:11:31.980Z] batch=field-waveform-1789701091969-30 D3 MODE_SWITCH_OK state=MODE_SWITCH_OK attempts=1 streak=0
[2026-09-18T03:11:31.981Z] batch=field-waveform-1789701091969-30 D4 MODE_SWITCH_OK state=MODE_SWITCH_OK attempts=1 streak=0
[2026-09-18T03:11:31.981Z] batch=field-waveform-1789701091969-30 D5 MODE_SWITCH_OK state=MODE_SWITCH_OK attempts=1 streak=0
[2026-09-18T03:11:31.981Z] batch=field-waveform-1789701091969-30 D6 MODE_SWITCH_OK state=MODE_SWITCH_OK attempts=1 streak=0
[2026-09-18T03:11:34.265Z] batch=field-waveform-1789701091969-30 D6 MODE_SWITCH_START state=MODE_SWITCHING attempts=1 streak=0 attempt=1
[2026-09-18T03:11:34.266Z] batch=field-waveform-1789701091969-30 D6 MODE_SWITCH_OK state=MODE_SWITCH_OK attempts=1 streak=0
[2026-09-18T03:11:34.266Z] batch=field-waveform-1789701091969-30 D2 MODE_SWITCH_START state=MODE_SWITCHING attempts=1 streak=0 attempt=1
[2026-09-18T03:11:34.267Z] batch=field-waveform-1789701091969-30 D2 MODE_SWITCH_OK state=MODE_SWITCH_OK attempts=1 streak=0
[2026-09-18T03:11:34.268Z] batch=field-waveform-1789701091969-30 D5 MODE_SWITCH_START state=MODE_SWITCHING attempts=1 streak=0 attempt=1
[2026-09-18T03:11:34.268Z] batch=field-waveform-1789701091969-30 D5 MODE_SWITCH_OK state=MODE_SWITCH_OK attempts=1 streak=0
[2026-09-18T03:11:34.269Z] batch=field-waveform-1789701091969-30 D1 MODE_SWITCH_START state=MODE_SWITCHING attempts=1 streak=0 attempt=1
[2026-09-18T03:11:34.269Z] batch=field-waveform-1789701091969-30 D1 MODE_SWITCH_OK state=MODE_SWITCH_OK attempts=1 streak=0
[2026-09-18T03:11:34.270Z] batch=field-waveform-1789701091969-30 D3 MODE_SWITCH_START state=MODE_SWITCHING attempts=1 streak=0 attempt=1
[2026-09-18T03:11:34.270Z] batch=field-waveform-1789701091969-30 D3 MODE_SWITCH_OK state=MODE_SWITCH_OK attempts=1 streak=0
[2026-09-18T03:11:34.271Z] batch=field-waveform-1789701091969-30 D4 MODE_SWITCH_START state=MODE_SWITCHING attempts=1 streak=0 attempt=1
[2026-09-18T03:11:34.271Z] batch=field-waveform-1789701091969-30 D4 MODE_SWITCH_OK state=MODE_SWITCH_OK attempts=1 streak=0
[2026-09-18T03:11:44.273Z] batch=field-waveform-1789701091969-30 D6 MODE_SWITCH_START state=MODE_SWITCHING attempts=1 streak=0 attempt=1
[2026-09-18T03:11:44.274Z] batch=field-waveform-1789701091969-30 D6 MODE_SWITCH_OK state=MODE_SWITCH_OK attempts=1 streak=0
[2026-09-18T03:11:44.275Z] batch=field-waveform-1789701091969-30 D2 MODE_SWITCH_START state=MODE_SWITCHING attempts=1 streak=0 attempt=1
[2026-09-18T03:11:44.277Z] batch=field-waveform-1789701091969-30 D2 MODE_SWITCH_OK state=MODE_SWITCH_OK attempts=1 streak=0
[2026-09-18T03:11:44.278Z] batch=field-waveform-1789701091969-30 D5 MODE_SWITCH_START state=MODE_SWITCHING attempts=1 streak=0 attempt=1
[2026-09-18T03:11:44.279Z] batch=field-waveform-1789701091969-30 D5 MODE_SWITCH_OK state=MODE_SWITCH_OK attempts=1 streak=0
[2026-09-18T03:11:44.281Z] batch=field-waveform-1789701091969-30 D1 MODE_SWITCH_START state=MODE_SWITCHING attempts=1 streak=0 attempt=1
[2026-09-18T03:11:44.283Z] batch=field-waveform-1789701091969-30 D1 MODE_SWITCH_OK state=MODE_SWITCH_OK attempts=1 streak=0
[2026-09-18T03:11:44.284Z] batch=field-waveform-1789701091969-30 D3 MODE_SWITCH_START state=MODE_SWITCHING attempts=1 streak=0 attempt=1
[2026-09-18T03:11:44.285Z] batch=field-waveform-1789701091969-30 D3 MODE_SWITCH_OK state=MODE_SWITCH_OK attempts=1 streak=0
[2026-09-18T03:11:44.286Z] batch=field-waveform-1789701091969-30 D4 MODE_SWITCH_START state=MODE_SWITCHING attempts=1 streak=0 attempt=1
[2026-09-18T03:11:44.288Z] batch=field-waveform-1789701091969-30 D4 MODE_SWITCH_OK state=MODE_SWITCH_OK attempts=1 streak=0
[2026-09-18T03:11:54.290Z] batch=field-waveform-1789701091969-30 D6 MODE_SWITCH_START state=MODE_SWITCHING attempts=1 streak=0 attempt=1
[2026-09-18T03:11:54.292Z] batch=field-waveform-1789701091969-30 D6 MODE_SWITCH_OK state=MODE_SWITCH_OK attempts=1 streak=0
[2026-09-18T03:11:54.293Z] batch=field-waveform-1789701091969-30 D2 MODE_SWITCH_START state=MODE_SWITCHING attempts=1 streak=0 attempt=1
[2026-09-18T03:11:54.295Z] batch=field-waveform-1789701091969-30 D2 MODE_SWITCH_OK state=MODE_SWITCH_OK attempts=1 streak=0
[2026-09-18T03:11:54.296Z] batch=field-waveform-1789701091969-30 D5 MODE_SWITCH_START state=MODE_SWITCHING attempts=1 streak=0 attempt=1
[2026-09-18T03:11:54.298Z] batch=field-waveform-1789701091969-30 D5 MODE_SWITCH_OK state=MODE_SWITCH_OK attempts=1 streak=0
[2026-09-18T03:11:54.299Z] batch=field-waveform-1789701091969-30 D1 MODE_SWITCH_START state=MODE_SWITCHING attempts=1 streak=0 attempt=1
[2026-09-18T03:11:54.300Z] batch=field-waveform-1789701091969-30 D1 MODE_SWITCH_OK state=MODE_SWITCH_OK attempts=1 streak=0
[2026-09-18T03:11:54.302Z] batch=field-waveform-1789701091969-30 D3 MODE_SWITCH_START state=MODE_SWITCHING attempts=1 streak=0 attempt=1
[2026-09-18T03:11:54.303Z] batch=field-waveform-1789701091969-30 D3 MODE_SWITCH_OK state=MODE_SWITCH_OK attempts=1 streak=0
[2026-09-18T03:11:54.304Z] batch=field-waveform-1789701091969-30 D4 MODE_SWITCH_START state=MODE_SWITCHING attempts=1 streak=0 attempt=1
[2026-09-18T03:11:54.309Z] batch=field-waveform-1789701091969-30 D4 MODE_SWITCH_OK state=MODE_SWITCH_OK attempts=1 streak=0
[2026-09-18T03:11:59.331Z] batch=field-waveform-1789701091969-30 D2 FIRST_FRAME state=FIRST_FRAME_RECEIVED attempts=1 streak=1
[2026-09-18T03:11:59.331Z] batch=field-waveform-1789701091969-30 D2 FIRST_VALID_SAMPLE state=FIRST_FRAME_RECEIVED attempts=1 streak=1
[2026-09-18T03:11:59.334Z] batch=field-waveform-1789701091969-30 D5 FIRST_FRAME state=FIRST_FRAME_RECEIVED attempts=1 streak=1
[2026-09-18T03:11:59.335Z] batch=field-waveform-1789701091969-30 D5 FIRST_VALID_SAMPLE state=FIRST_FRAME_RECEIVED attempts=1 streak=1
[2026-09-18T03:11:59.384Z] batch=field-waveform-1789701091969-30 D3 FIRST_FRAME state=FIRST_FRAME_RECEIVED attempts=1 streak=1
[2026-09-18T03:11:59.385Z] batch=field-waveform-1789701091969-30 D3 FIRST_VALID_SAMPLE state=FIRST_FRAME_RECEIVED attempts=1 streak=1
[2026-09-18T03:11:59.386Z] batch=field-waveform-1789701091969-30 D6 FIRST_FRAME state=FIRST_FRAME_RECEIVED attempts=1 streak=1
[2026-09-18T03:11:59.386Z] batch=field-waveform-1789701091969-30 D6 FIRST_VALID_SAMPLE state=FIRST_FRAME_RECEIVED attempts=1 streak=1
[2026-09-18T03:11:59.398Z] batch=field-waveform-1789701091969-30 D4 FIRST_FRAME state=FIRST_FRAME_RECEIVED attempts=1 streak=1
[2026-09-18T03:11:59.398Z] batch=field-waveform-1789701091969-30 D4 FIRST_VALID_SAMPLE state=FIRST_FRAME_RECEIVED attempts=1 streak=1
[2026-09-18T03:11:59.578Z] batch=field-waveform-1789701091969-30 D2 CHANNEL_SYNC_OK state=TEST_READY attempts=1 streak=5
[2026-09-18T03:11:59.579Z] batch=field-waveform-1789701091969-30 D2 TEST_READY state=TEST_READY attempts=1 streak=5
[2026-09-18T03:11:59.586Z] batch=field-waveform-1789701091969-30 D5 CHANNEL_SYNC_OK state=TEST_READY attempts=1 streak=5
[2026-09-18T03:11:59.586Z] batch=field-waveform-1789701091969-30 D5 TEST_READY state=TEST_READY attempts=1 streak=5
[2026-09-18T03:11:59.628Z] batch=field-waveform-1789701091969-30 D6 CHANNEL_SYNC_OK state=TEST_READY attempts=1 streak=5
[2026-09-18T03:11:59.628Z] batch=field-waveform-1789701091969-30 D6 TEST_READY state=TEST_READY attempts=1 streak=5
[2026-09-18T03:11:59.636Z] batch=field-waveform-1789701091969-30 D3 CHANNEL_SYNC_OK state=TEST_READY attempts=1 streak=5
[2026-09-18T03:11:59.636Z] batch=field-waveform-1789701091969-30 D3 TEST_READY state=TEST_READY attempts=1 streak=5
[2026-09-18T03:11:59.650Z] batch=field-waveform-1789701091969-30 D4 CHANNEL_SYNC_OK state=TEST_READY attempts=1 streak=5
[2026-09-18T03:11:59.650Z] batch=field-waveform-1789701091969-30 D4 TEST_READY state=TEST_READY attempts=1 streak=5
[2026-09-18T03:12:04.336Z] batch=field-waveform-1789701091969-30 D1 MODE_SWITCH_START state=MODE_SWITCHING attempts=1 streak=0 attempt=1
[2026-09-18T03:12:04.338Z] batch=field-waveform-1789701091969-30 D1 MODE_SWITCH_OK state=MODE_SWITCH_OK attempts=1 streak=0
[2026-09-18T03:12:13.705Z] batch=field-waveform-1789701091969-30 D6 MODE_SWITCH_START state=MODE_SWITCHING attempts=1 streak=0 attempt=1
[2026-09-18T03:12:13.708Z] batch=field-waveform-1789701091969-30 D6 MODE_SWITCH_OK state=MODE_SWITCH_OK attempts=1 streak=0
[2026-09-18T03:12:13.709Z] batch=field-waveform-1789701091969-30 D3 MODE_SWITCH_START state=MODE_SWITCHING attempts=1 streak=0 attempt=1
[2026-09-18T03:12:13.711Z] batch=field-waveform-1789701091969-30 D3 MODE_SWITCH_OK state=MODE_SWITCH_OK attempts=1 streak=0
[2026-09-18T03:12:14.344Z] batch=field-waveform-1789701091969-30 D1 MODE_SWITCH_START state=MODE_SWITCHING attempts=1 streak=0 attempt=1
[2026-09-18T03:12:14.346Z] batch=field-waveform-1789701091969-30 D1 MODE_SWITCH_OK state=MODE_SWITCH_OK attempts=1 streak=0
[2026-09-18T03:12:18.762Z] batch=field-waveform-1789701091969-30 D6 FIRST_FRAME state=FIRST_FRAME_RECEIVED attempts=1 streak=1
[2026-09-18T03:12:18.762Z] batch=field-waveform-1789701091969-30 D6 FIRST_VALID_SAMPLE state=FIRST_FRAME_RECEIVED attempts=1 streak=1
[2026-09-18T03:12:18.764Z] batch=field-waveform-1789701091969-30 D3 FIRST_FRAME state=FIRST_FRAME_RECEIVED attempts=1 streak=1
[2026-09-18T03:12:18.764Z] batch=field-waveform-1789701091969-30 D3 FIRST_VALID_SAMPLE state=FIRST_FRAME_RECEIVED attempts=1 streak=1
[2026-09-18T03:12:19.009Z] batch=field-waveform-1789701091969-30 D6 CHANNEL_SYNC_OK state=TEST_READY attempts=1 streak=5
[2026-09-18T03:12:19.009Z] batch=field-waveform-1789701091969-30 D6 TEST_READY state=TEST_READY attempts=1 streak=5
[2026-09-18T03:12:19.016Z] batch=field-waveform-1789701091969-30 D3 CHANNEL_SYNC_OK state=TEST_READY attempts=1 streak=5
[2026-09-18T03:12:19.016Z] batch=field-waveform-1789701091969-30 D3 TEST_READY state=TEST_READY attempts=1 streak=5
[2026-09-18T03:12:19.460Z] batch=field-waveform-1789701091969-30 D1 FIRST_FRAME state=FIRST_FRAME_RECEIVED attempts=1 streak=1
[2026-09-18T03:12:19.461Z] batch=field-waveform-1789701091969-30 D1 FIRST_VALID_SAMPLE state=FIRST_FRAME_RECEIVED attempts=1 streak=1
[2026-09-18T03:12:19.676Z] batch=field-waveform-1789701091969-30 D1 CHANNEL_SYNC_OK state=TEST_READY attempts=1 streak=5
[2026-09-18T03:12:19.676Z] batch=field-waveform-1789701091969-30 D1 TEST_READY state=TEST_READY attempts=1 streak=5
[2026-09-18T03:13:10.317Z] batch=field-waveform-1789701091969-30 D1 MODE_SWITCH_START state=MODE_SWITCHING attempts=1 streak=0 attempt=1
[2026-09-18T03:13:10.318Z] batch=field-waveform-1789701091969-30 D1 MODE_SWITCH_OK state=MODE_SWITCH_OK attempts=1 streak=0
[2026-09-18T03:13:10.321Z] batch=field-waveform-1789701091969-30 D6 MODE_SWITCH_START state=MODE_SWITCHING attempts=1 streak=0 attempt=1
[2026-09-18T03:13:10.322Z] batch=field-waveform-1789701091969-30 D6 MODE_SWITCH_OK state=MODE_SWITCH_OK attempts=1 streak=0
[2026-09-18T03:13:10.324Z] batch=field-waveform-1789701091969-30 D3 MODE_SWITCH_START state=MODE_SWITCHING attempts=1 streak=0 attempt=1
[2026-09-18T03:13:10.325Z] batch=field-waveform-1789701091969-30 D3 MODE_SWITCH_OK state=MODE_SWITCH_OK attempts=1 streak=0
[2026-09-18T03:13:10.449Z] batch=field-waveform-1789701091969-30 D2 MODE_SWITCH_START state=MODE_SWITCHING attempts=1 streak=0 attempt=1
[2026-09-18T03:13:10.450Z] batch=field-waveform-1789701091969-30 D2 MODE_SWITCH_OK state=MODE_SWITCH_OK attempts=1 streak=0
[2026-09-18T03:13:10.453Z] batch=field-waveform-1789701091969-30 D5 MODE_SWITCH_START state=MODE_SWITCHING attempts=1 streak=0 attempt=1
[2026-09-18T03:13:10.454Z] batch=field-waveform-1789701091969-30 D5 MODE_SWITCH_OK state=MODE_SWITCH_OK attempts=1 streak=0
[2026-09-18T03:13:10.457Z] batch=field-waveform-1789701091969-30 D4 MODE_SWITCH_START state=MODE_SWITCHING attempts=1 streak=0 attempt=1
[2026-09-18T03:13:10.458Z] batch=field-waveform-1789701091969-30 D4 MODE_SWITCH_OK state=MODE_SWITCH_OK attempts=1 streak=0
[2026-09-18T03:13:20.444Z] batch=field-waveform-1789701091969-30 D1 MODE_SWITCH_START state=MODE_SWITCHING attempts=1 streak=0 attempt=1
[2026-09-18T03:13:20.446Z] batch=field-waveform-1789701091969-30 D1 MODE_SWITCH_OK state=MODE_SWITCH_OK attempts=1 streak=0
[2026-09-18T03:13:20.449Z] batch=field-waveform-1789701091969-30 D6 MODE_SWITCH_START state=MODE_SWITCHING attempts=1 streak=0 attempt=1
[2026-09-18T03:13:20.452Z] batch=field-waveform-1789701091969-30 D6 MODE_SWITCH_OK state=MODE_SWITCH_OK attempts=1 streak=0
[2026-09-18T03:13:20.455Z] batch=field-waveform-1789701091969-30 D3 MODE_SWITCH_START state=MODE_SWITCHING attempts=1 streak=0 attempt=1
[2026-09-18T03:13:20.456Z] batch=field-waveform-1789701091969-30 D3 MODE_SWITCH_OK state=MODE_SWITCH_OK attempts=1 streak=0
[2026-09-18T03:13:20.661Z] batch=field-waveform-1789701091969-30 D2 MODE_SWITCH_START state=MODE_SWITCHING attempts=1 streak=0 attempt=1
[2026-09-18T03:13:20.662Z] batch=field-waveform-1789701091969-30 D2 MODE_SWITCH_OK state=MODE_SWITCH_OK attempts=1 streak=0
[2026-09-18T03:13:20.665Z] batch=field-waveform-1789701091969-30 D5 MODE_SWITCH_START state=MODE_SWITCHING attempts=1 streak=0 attempt=1
[2026-09-18T03:13:20.666Z] batch=field-waveform-1789701091969-30 D5 MODE_SWITCH_OK state=MODE_SWITCH_OK attempts=1 streak=0
[2026-09-18T03:13:20.672Z] batch=field-waveform-1789701091969-30 D4 MODE_SWITCH_START state=MODE_SWITCHING attempts=1 streak=0 attempt=1
[2026-09-18T03:13:20.674Z] batch=field-waveform-1789701091969-30 D4 MODE_SWITCH_OK state=MODE_SWITCH_OK attempts=1 streak=0
[2026-09-18T03:13:25.779Z] batch=field-waveform-1789701091969-30 D3 FIRST_FRAME state=FIRST_FRAME_RECEIVED attempts=1 streak=1
[2026-09-18T03:13:25.780Z] batch=field-waveform-1789701091969-30 D3 FIRST_VALID_SAMPLE state=FIRST_FRAME_RECEIVED attempts=1 streak=1
[2026-09-18T03:13:25.781Z] batch=field-waveform-1789701091969-30 D3 CHANNEL_SYNC_OK state=TEST_READY attempts=1 streak=5
[2026-09-18T03:13:25.781Z] batch=field-waveform-1789701091969-30 D3 TEST_READY state=TEST_READY attempts=1 streak=5
[2026-09-18T03:13:25.782Z] batch=field-waveform-1789701091969-30 D6 FIRST_FRAME state=FIRST_FRAME_RECEIVED attempts=1 streak=1
[2026-09-18T03:13:25.782Z] batch=field-waveform-1789701091969-30 D6 FIRST_VALID_SAMPLE state=FIRST_FRAME_RECEIVED attempts=1 streak=1
[2026-09-18T03:13:25.783Z] batch=field-waveform-1789701091969-30 D6 CHANNEL_SYNC_OK state=TEST_READY attempts=1 streak=5
[2026-09-18T03:13:25.784Z] batch=field-waveform-1789701091969-30 D6 TEST_READY state=TEST_READY attempts=1 streak=5
[2026-09-18T03:13:25.784Z] batch=field-waveform-1789701091969-30 D1 FIRST_FRAME state=FIRST_FRAME_RECEIVED attempts=1 streak=1
[2026-09-18T03:13:25.784Z] batch=field-waveform-1789701091969-30 D1 FIRST_VALID_SAMPLE state=FIRST_FRAME_RECEIVED attempts=1 streak=1
[2026-09-18T03:13:25.785Z] batch=field-waveform-1789701091969-30 D1 CHANNEL_SYNC_OK state=TEST_READY attempts=1 streak=5
[2026-09-18T03:13:25.786Z] batch=field-waveform-1789701091969-30 D1 TEST_READY state=TEST_READY attempts=1 streak=5
[2026-09-18T03:13:25.788Z] batch=field-waveform-1789701091969-30 D2 FIRST_FRAME state=FIRST_FRAME_RECEIVED attempts=1 streak=1
[2026-09-18T03:13:25.789Z] batch=field-waveform-1789701091969-30 D2 FIRST_VALID_SAMPLE state=FIRST_FRAME_RECEIVED attempts=1 streak=1
[2026-09-18T03:13:25.789Z] batch=field-waveform-1789701091969-30 D5 FIRST_FRAME state=FIRST_FRAME_RECEIVED attempts=1 streak=1
[2026-09-18T03:13:25.790Z] batch=field-waveform-1789701091969-30 D5 FIRST_VALID_SAMPLE state=FIRST_FRAME_RECEIVED attempts=1 streak=1
[2026-09-18T03:13:25.791Z] batch=field-waveform-1789701091969-30 D4 FIRST_FRAME state=FIRST_FRAME_RECEIVED attempts=1 streak=1
[2026-09-18T03:13:25.791Z] batch=field-waveform-1789701091969-30 D4 FIRST_VALID_SAMPLE state=FIRST_FRAME_RECEIVED attempts=1 streak=1
[2026-09-18T03:13:25.992Z] batch=field-waveform-1789701091969-30 D2 CHANNEL_SYNC_OK state=TEST_READY attempts=1 streak=5
[2026-09-18T03:13:25.992Z] batch=field-waveform-1789701091969-30 D2 TEST_READY state=TEST_READY attempts=1 streak=5
[2026-09-18T03:13:25.994Z] batch=field-waveform-1789701091969-30 D5 CHANNEL_SYNC_OK state=TEST_READY attempts=1 streak=5
[2026-09-18T03:13:25.994Z] batch=field-waveform-1789701091969-30 D5 TEST_READY state=TEST_READY attempts=1 streak=5
[2026-09-18T03:13:26.098Z] batch=field-waveform-1789701091969-30 D4 CHANNEL_SYNC_OK state=TEST_READY attempts=1 streak=5
[2026-09-18T03:13:26.098Z] batch=field-waveform-1789701091969-30 D4 TEST_READY state=TEST_READY attempts=1 streak=5
