[2026-09-14T11:26:14.346Z] batch=field-waveform-1789384995788-5 D2 MODE_SWITCH_START state=MODE_SWITCHING attempts=1 streak=0 attempt=1
[2026-09-14T11:26:14.348Z] batch=field-waveform-1789384995788-5 D2 MODE_SWITCH_OK state=MODE_SWITCH_OK attempts=1 streak=0
[2026-09-14T11:26:14.354Z] batch=field-waveform-1789384995788-5 D4 MODE_SWITCH_START state=MODE_SWITCHING attempts=1 streak=0 attempt=1
[2026-09-14T11:26:14.356Z] batch=field-waveform-1789384995788-5 D4 MODE_SWITCH_OK state=MODE_SWITCH_OK attempts=1 streak=0
[2026-09-14T11:26:14.361Z] batch=field-waveform-1789384995788-5 D3 MODE_SWITCH_START state=MODE_SWITCHING attempts=1 streak=0 attempt=1
[2026-09-14T11:26:14.363Z] batch=field-waveform-1789384995788-5 D3 MODE_SWITCH_OK state=MODE_SWITCH_OK attempts=1 streak=0
[2026-09-14T11:26:14.370Z] batch=field-waveform-1789384995788-5 D6 MODE_SWITCH_START state=MODE_SWITCHING attempts=1 streak=0 attempt=1
[2026-09-14T11:26:14.371Z] batch=field-waveform-1789384995788-5 D6 MODE_SWITCH_OK state=MODE_SWITCH_OK attempts=1 streak=0
[2026-09-14T11:26:14.376Z] batch=field-waveform-1789384995788-5 D5 MODE_SWITCH_START state=MODE_SWITCHING attempts=1 streak=0 attempt=1
[2026-09-14T11:26:14.377Z] batch=field-waveform-1789384995788-5 D5 MODE_SWITCH_OK state=MODE_SWITCH_OK attempts=1 streak=0
[2026-09-14T11:26:14.383Z] batch=field-waveform-1789384995788-5 D1 MODE_SWITCH_START state=MODE_SWITCHING attempts=1 streak=0 attempt=1
[2026-09-14T11:26:14.384Z] batch=field-waveform-1789384995788-5 D1 MODE_SWITCH_OK state=MODE_SWITCH_OK attempts=1 streak=0
[2026-09-14T11:26:24.419Z] batch=field-waveform-1789384995788-5 D2 MODE_SWITCH_START state=MODE_SWITCHING attempts=1 streak=0 attempt=1
[2026-09-14T11:26:24.422Z] batch=field-waveform-1789384995788-5 D2 MODE_SWITCH_OK state=MODE_SWITCH_OK attempts=1 streak=0
[2026-09-14T11:26:24.429Z] batch=field-waveform-1789384995788-5 D4 MODE_SWITCH_START state=MODE_SWITCHING attempts=1 streak=0 attempt=1
[2026-09-14T11:26:24.430Z] batch=field-waveform-1789384995788-5 D4 MODE_SWITCH_OK state=MODE_SWITCH_OK attempts=1 streak=0
[2026-09-14T11:26:24.436Z] batch=field-waveform-1789384995788-5 D3 MODE_SWITCH_START state=MODE_SWITCHING attempts=1 streak=0 attempt=1
[2026-09-14T11:26:24.437Z] batch=field-waveform-1789384995788-5 D3 MODE_SWITCH_OK state=MODE_SWITCH_OK attempts=1 streak=0
[2026-09-14T11:26:24.445Z] batch=field-waveform-1789384995788-5 D6 MODE_SWITCH_START state=MODE_SWITCHING attempts=1 streak=0 attempt=1
[2026-09-14T11:26:24.446Z] batch=field-waveform-1789384995788-5 D6 MODE_SWITCH_OK state=MODE_SWITCH_OK attempts=1 streak=0
[2026-09-14T11:26:24.451Z] batch=field-waveform-1789384995788-5 D5 MODE_SWITCH_START state=MODE_SWITCHING attempts=1 streak=0 attempt=1
[2026-09-14T11:26:24.453Z] batch=field-waveform-1789384995788-5 D5 MODE_SWITCH_OK state=MODE_SWITCH_OK attempts=1 streak=0
[2026-09-14T11:26:24.458Z] batch=field-waveform-1789384995788-5 D1 MODE_SWITCH_START state=MODE_SWITCHING attempts=1 streak=0 attempt=1
[2026-09-14T11:26:24.459Z] batch=field-waveform-1789384995788-5 D1 MODE_SWITCH_OK state=MODE_SWITCH_OK attempts=1 streak=0
[2026-09-14T11:26:34.621Z] batch=field-waveform-1789384995788-5 D2 MODE_SWITCH_START state=MODE_SWITCHING attempts=1 streak=0 attempt=1
[2026-09-14T11:26:34.622Z] batch=field-waveform-1789384995788-5 D2 MODE_SWITCH_OK state=MODE_SWITCH_OK attempts=1 streak=0
[2026-09-14T11:26:34.628Z] batch=field-waveform-1789384995788-5 D4 MODE_SWITCH_START state=MODE_SWITCHING attempts=1 streak=0 attempt=1
[2026-09-14T11:26:34.629Z] batch=field-waveform-1789384995788-5 D4 MODE_SWITCH_OK state=MODE_SWITCH_OK attempts=1 streak=0
[2026-09-14T11:26:34.634Z] batch=field-waveform-1789384995788-5 D3 MODE_SWITCH_START state=MODE_SWITCHING attempts=1 streak=0 attempt=1
[2026-09-14T11:26:34.635Z] batch=field-waveform-1789384995788-5 D3 MODE_SWITCH_OK state=MODE_SWITCH_OK attempts=1 streak=0
[2026-09-14T11:26:34.640Z] batch=field-waveform-1789384995788-5 D6 MODE_SWITCH_START state=MODE_SWITCHING attempts=1 streak=0 attempt=1
[2026-09-14T11:26:34.641Z] batch=field-waveform-1789384995788-5 D6 MODE_SWITCH_OK state=MODE_SWITCH_OK attempts=1 streak=0
[2026-09-14T11:26:34.647Z] batch=field-waveform-1789384995788-5 D5 MODE_SWITCH_START state=MODE_SWITCHING attempts=1 streak=0 attempt=1
[2026-09-14T11:26:34.647Z] batch=field-waveform-1789384995788-5 D5 MODE_SWITCH_OK state=MODE_SWITCH_OK attempts=1 streak=0
[2026-09-14T11:26:34.653Z] batch=field-waveform-1789384995788-5 D1 MODE_SWITCH_START state=MODE_SWITCHING attempts=1 streak=0 attempt=1
[2026-09-14T11:26:34.654Z] batch=field-waveform-1789384995788-5 D1 MODE_SWITCH_OK state=MODE_SWITCH_OK attempts=1 streak=0
[2026-09-14T11:26:44.886Z] batch=field-waveform-1789384995788-5 D2 MODE_SWITCH_START state=MODE_SWITCHING attempts=1 streak=0 attempt=1
[2026-09-14T11:26:44.888Z] batch=field-waveform-1789384995788-5 D2 MODE_SWITCH_OK state=MODE_SWITCH_OK attempts=1 streak=0
[2026-09-14T11:26:44.893Z] batch=field-waveform-1789384995788-5 D4 MODE_SWITCH_START state=MODE_SWITCHING attempts=1 streak=0 attempt=1
[2026-09-14T11:26:44.894Z] batch=field-waveform-1789384995788-5 D4 MODE_SWITCH_OK state=MODE_SWITCH_OK attempts=1 streak=0
[2026-09-14T11:26:44.899Z] batch=field-waveform-1789384995788-5 D3 MODE_SWITCH_START state=MODE_SWITCHING attempts=1 streak=0 attempt=1
[2026-09-14T11:26:44.900Z] batch=field-waveform-1789384995788-5 D3 MODE_SWITCH_OK state=MODE_SWITCH_OK attempts=1 streak=0
[2026-09-14T11:26:44.907Z] batch=field-waveform-1789384995788-5 D6 MODE_SWITCH_START state=MODE_SWITCHING attempts=1 streak=0 attempt=1
[2026-09-14T11:26:44.908Z] batch=field-waveform-1789384995788-5 D6 MODE_SWITCH_OK state=MODE_SWITCH_OK attempts=1 streak=0
[2026-09-14T11:26:44.915Z] batch=field-waveform-1789384995788-5 D5 MODE_SWITCH_START state=MODE_SWITCHING attempts=1 streak=0 attempt=1
[2026-09-14T11:26:44.916Z] batch=field-waveform-1789384995788-5 D5 MODE_SWITCH_OK state=MODE_SWITCH_OK attempts=1 streak=0
[2026-09-14T11:26:44.923Z] batch=field-waveform-1789384995788-5 D1 MODE_SWITCH_START state=MODE_SWITCHING attempts=1 streak=0 attempt=1
[2026-09-14T11:26:44.924Z] batch=field-waveform-1789384995788-5 D1 MODE_SWITCH_OK state=MODE_SWITCH_OK attempts=1 streak=0
[2026-09-14T11:26:54.934Z] batch=field-waveform-1789384995788-5 D2 MODE_SWITCH_START state=MODE_SWITCHING attempts=1 streak=0 attempt=1
[2026-09-14T11:26:54.936Z] batch=field-waveform-1789384995788-5 D2 MODE_SWITCH_OK state=MODE_SWITCH_OK attempts=1 streak=0
[2026-09-14T11:26:54.940Z] batch=field-waveform-1789384995788-5 D4 MODE_SWITCH_START state=MODE_SWITCHING attempts=1 streak=0 attempt=1
[2026-09-14T11:26:54.942Z] batch=field-waveform-1789384995788-5 D4 MODE_SWITCH_OK state=MODE_SWITCH_OK attempts=1 streak=0
[2026-09-14T11:26:54.947Z] batch=field-waveform-1789384995788-5 D3 MODE_SWITCH_START state=MODE_SWITCHING attempts=1 streak=0 attempt=1
[2026-09-14T11:26:54.948Z] batch=field-waveform-1789384995788-5 D3 MODE_SWITCH_OK state=MODE_SWITCH_OK attempts=1 streak=0
[2026-09-14T11:26:54.953Z] batch=field-waveform-1789384995788-5 D6 MODE_SWITCH_START state=MODE_SWITCHING attempts=1 streak=0 attempt=1
[2026-09-14T11:26:54.954Z] batch=field-waveform-1789384995788-5 D6 MODE_SWITCH_OK state=MODE_SWITCH_OK attempts=1 streak=0
[2026-09-14T11:26:54.961Z] batch=field-waveform-1789384995788-5 D5 MODE_SWITCH_START state=MODE_SWITCHING attempts=1 streak=0 attempt=1
[2026-09-14T11:26:54.961Z] batch=field-waveform-1789384995788-5 D5 MODE_SWITCH_OK state=MODE_SWITCH_OK attempts=1 streak=0
[2026-09-14T11:26:54.966Z] batch=field-waveform-1789384995788-5 D1 MODE_SWITCH_START state=MODE_SWITCHING attempts=1 streak=0 attempt=1
[2026-09-14T11:26:54.967Z] batch=field-waveform-1789384995788-5 D1 MODE_SWITCH_OK state=MODE_SWITCH_OK attempts=1 streak=0
[2026-09-14T11:27:04.958Z] batch=field-waveform-1789384995788-5 D2 MODE_SWITCH_START state=MODE_SWITCHING attempts=1 streak=0 attempt=1
[2026-09-14T11:27:04.959Z] batch=field-waveform-1789384995788-5 D2 MODE_SWITCH_OK state=MODE_SWITCH_OK attempts=1 streak=0
[2026-09-14T11:27:05.126Z] batch=field-waveform-1789384995788-5 D4 MODE_SWITCH_START state=MODE_SWITCHING attempts=1 streak=0 attempt=1
[2026-09-14T11:27:05.127Z] batch=field-waveform-1789384995788-5 D4 MODE_SWITCH_OK state=MODE_SWITCH_OK attempts=1 streak=0
[2026-09-14T11:27:05.136Z] batch=field-waveform-1789384995788-5 D3 MODE_SWITCH_START state=MODE_SWITCHING attempts=1 streak=0 attempt=1
[2026-09-14T11:27:05.137Z] batch=field-waveform-1789384995788-5 D3 MODE_SWITCH_OK state=MODE_SWITCH_OK attempts=1 streak=0
[2026-09-14T11:27:05.143Z] batch=field-waveform-1789384995788-5 D6 MODE_SWITCH_START state=MODE_SWITCHING attempts=1 streak=0 attempt=1
[2026-09-14T11:27:05.144Z] batch=field-waveform-1789384995788-5 D6 MODE_SWITCH_OK state=MODE_SWITCH_OK attempts=1 streak=0
[2026-09-14T11:27:05.150Z] batch=field-waveform-1789384995788-5 D5 MODE_SWITCH_START state=MODE_SWITCHING attempts=1 streak=0 attempt=1
[2026-09-14T11:27:05.151Z] batch=field-waveform-1789384995788-5 D5 MODE_SWITCH_OK state=MODE_SWITCH_OK attempts=1 streak=0
[2026-09-14T11:27:05.155Z] batch=field-waveform-1789384995788-5 D1 MODE_SWITCH_START state=MODE_SWITCHING attempts=1 streak=0 attempt=1
[2026-09-14T11:27:05.156Z] batch=field-waveform-1789384995788-5 D1 MODE_SWITCH_OK state=MODE_SWITCH_OK attempts=1 streak=0
[2026-09-14T11:27:15.009Z] batch=field-waveform-1789384995788-5 D2 MODE_SWITCH_START state=MODE_SWITCHING attempts=1 streak=0 attempt=1
[2026-09-14T11:27:15.010Z] batch=field-waveform-1789384995788-5 D2 MODE_SWITCH_OK state=MODE_SWITCH_OK attempts=1 streak=0
[2026-09-14T11:27:15.312Z] batch=field-waveform-1789384995788-5 D4 MODE_SWITCH_START state=MODE_SWITCHING attempts=1 streak=0 attempt=1
[2026-09-14T11:27:15.314Z] batch=field-waveform-1789384995788-5 D4 MODE_SWITCH_OK state=MODE_SWITCH_OK attempts=1 streak=0
[2026-09-14T11:27:15.321Z] batch=field-waveform-1789384995788-5 D3 MODE_SWITCH_START state=MODE_SWITCHING attempts=1 streak=0 attempt=1
[2026-09-14T11:27:15.324Z] batch=field-waveform-1789384995788-5 D3 MODE_SWITCH_OK state=MODE_SWITCH_OK attempts=1 streak=0
[2026-09-14T11:27:15.331Z] batch=field-waveform-1789384995788-5 D6 MODE_SWITCH_START state=MODE_SWITCHING attempts=1 streak=0 attempt=1
[2026-09-14T11:27:15.334Z] batch=field-waveform-1789384995788-5 D6 MODE_SWITCH_OK state=MODE_SWITCH_OK attempts=1 streak=0
[2026-09-14T11:27:15.342Z] batch=field-waveform-1789384995788-5 D5 MODE_SWITCH_START state=MODE_SWITCHING attempts=1 streak=0 attempt=1
[2026-09-14T11:27:15.344Z] batch=field-waveform-1789384995788-5 D5 MODE_SWITCH_OK state=MODE_SWITCH_OK attempts=1 streak=0
[2026-09-14T11:27:15.352Z] batch=field-waveform-1789384995788-5 D1 MODE_SWITCH_START state=MODE_SWITCHING attempts=1 streak=0 attempt=1
[2026-09-14T11:27:15.353Z] batch=field-waveform-1789384995788-5 D1 MODE_SWITCH_OK state=MODE_SWITCH_OK attempts=1 streak=0
[2026-09-14T11:27:25.073Z] batch=field-waveform-1789384995788-5 D2 MODE_SWITCH_START state=MODE_SWITCHING attempts=1 streak=0 attempt=1
[2026-09-14T11:27:25.075Z] batch=field-waveform-1789384995788-5 D2 MODE_SWITCH_OK state=MODE_SWITCH_OK attempts=1 streak=0
[2026-09-14T11:27:25.525Z] batch=field-waveform-1789384995788-5 D4 MODE_SWITCH_START state=MODE_SWITCHING attempts=1 streak=0 attempt=1
[2026-09-14T11:27:25.526Z] batch=field-waveform-1789384995788-5 D4 MODE_SWITCH_OK state=MODE_SWITCH_OK attempts=1 streak=0
[2026-09-14T11:27:25.534Z] batch=field-waveform-1789384995788-5 D3 MODE_SWITCH_START state=MODE_SWITCHING attempts=1 streak=0 attempt=1
[2026-09-14T11:27:25.535Z] batch=field-waveform-1789384995788-5 D3 MODE_SWITCH_OK state=MODE_SWITCH_OK attempts=1 streak=0
[2026-09-14T11:27:25.540Z] batch=field-waveform-1789384995788-5 D6 MODE_SWITCH_START state=MODE_SWITCHING attempts=1 streak=0 attempt=1
[2026-09-14T11:27:25.541Z] batch=field-waveform-1789384995788-5 D6 MODE_SWITCH_OK state=MODE_SWITCH_OK attempts=1 streak=0
[2026-09-14T11:27:25.546Z] batch=field-waveform-1789384995788-5 D5 MODE_SWITCH_START state=MODE_SWITCHING attempts=1 streak=0 attempt=1
[2026-09-14T11:27:25.547Z] batch=field-waveform-1789384995788-5 D5 MODE_SWITCH_OK state=MODE_SWITCH_OK attempts=1 streak=0
[2026-09-14T11:27:25.552Z] batch=field-waveform-1789384995788-5 D1 MODE_SWITCH_START state=MODE_SWITCHING attempts=1 streak=0 attempt=1
[2026-09-14T11:27:25.553Z] batch=field-waveform-1789384995788-5 D1 MODE_SWITCH_OK state=MODE_SWITCH_OK attempts=1 streak=0
[2026-09-14T11:27:35.089Z] batch=field-waveform-1789384995788-5 D2 MODE_SWITCH_START state=MODE_SWITCHING attempts=1 streak=0 attempt=1
[2026-09-14T11:27:35.090Z] batch=field-waveform-1789384995788-5 D2 MODE_SWITCH_OK state=MODE_SWITCH_OK attempts=1 streak=0
[2026-09-14T11:27:35.831Z] batch=field-waveform-1789384995788-5 D4 MODE_SWITCH_START state=MODE_SWITCHING attempts=1 streak=0 attempt=1
[2026-09-14T11:27:35.836Z] batch=field-waveform-1789384995788-5 D4 MODE_SWITCH_OK state=MODE_SWITCH_OK attempts=1 streak=0
[2026-09-14T11:27:35.844Z] batch=field-waveform-1789384995788-5 D3 MODE_SWITCH_START state=MODE_SWITCHING attempts=1 streak=0 attempt=1
[2026-09-14T11:27:35.844Z] batch=field-waveform-1789384995788-5 D3 MODE_SWITCH_OK state=MODE_SWITCH_OK attempts=1 streak=0
[2026-09-14T11:27:35.849Z] batch=field-waveform-1789384995788-5 D6 MODE_SWITCH_START state=MODE_SWITCHING attempts=1 streak=0 attempt=1
[2026-09-14T11:27:35.850Z] batch=field-waveform-1789384995788-5 D6 MODE_SWITCH_OK state=MODE_SWITCH_OK attempts=1 streak=0
[2026-09-14T11:27:35.856Z] batch=field-waveform-1789384995788-5 D5 MODE_SWITCH_START state=MODE_SWITCHING attempts=1 streak=0 attempt=1
[2026-09-14T11:27:35.857Z] batch=field-waveform-1789384995788-5 D5 MODE_SWITCH_OK state=MODE_SWITCH_OK attempts=1 streak=0
[2026-09-14T11:27:35.861Z] batch=field-waveform-1789384995788-5 D1 MODE_SWITCH_START state=MODE_SWITCHING attempts=1 streak=0 attempt=1
[2026-09-14T11:27:35.862Z] batch=field-waveform-1789384995788-5 D1 MODE_SWITCH_OK state=MODE_SWITCH_OK attempts=1 streak=0
[2026-09-14T11:27:45.127Z] batch=field-waveform-1789384995788-5 D2 MODE_SWITCH_START state=MODE_SWITCHING attempts=1 streak=0 attempt=1
[2026-09-14T11:27:45.129Z] batch=field-waveform-1789384995788-5 D2 MODE_SWITCH_OK state=MODE_SWITCH_OK attempts=1 streak=0
[2026-09-14T11:27:45.865Z] batch=field-waveform-1789384995788-5 D4 MODE_SWITCH_START state=MODE_SWITCHING attempts=1 streak=0 attempt=1
[2026-09-14T11:27:45.866Z] batch=field-waveform-1789384995788-5 D4 MODE_SWITCH_OK state=MODE_SWITCH_OK attempts=1 streak=0
[2026-09-14T11:27:45.871Z] batch=field-waveform-1789384995788-5 D3 MODE_SWITCH_START state=MODE_SWITCHING attempts=1 streak=0 attempt=1
[2026-09-14T11:27:45.872Z] batch=field-waveform-1789384995788-5 D3 MODE_SWITCH_OK state=MODE_SWITCH_OK attempts=1 streak=0
[2026-09-14T11:27:45.879Z] batch=field-waveform-1789384995788-5 D6 MODE_SWITCH_START state=MODE_SWITCHING attempts=1 streak=0 attempt=1
[2026-09-14T11:27:45.880Z] batch=field-waveform-1789384995788-5 D6 MODE_SWITCH_OK state=MODE_SWITCH_OK attempts=1 streak=0
[2026-09-14T11:27:46.216Z] batch=field-waveform-1789384995788-5 D5 MODE_SWITCH_START state=MODE_SWITCHING attempts=1 streak=0 attempt=1
[2026-09-14T11:27:46.217Z] batch=field-waveform-1789384995788-5 D5 MODE_SWITCH_OK state=MODE_SWITCH_OK attempts=1 streak=0
[2026-09-14T11:27:46.224Z] batch=field-waveform-1789384995788-5 D1 MODE_SWITCH_START state=MODE_SWITCHING attempts=1 streak=0 attempt=1
[2026-09-14T11:27:46.225Z] batch=field-waveform-1789384995788-5 D1 MODE_SWITCH_OK state=MODE_SWITCH_OK attempts=1 streak=0
[2026-09-14T11:27:55.155Z] batch=field-waveform-1789384995788-5 D2 MODE_SWITCH_START state=MODE_SWITCHING attempts=1 streak=0 attempt=1
[2026-09-14T11:27:55.157Z] batch=field-waveform-1789384995788-5 D2 MODE_SWITCH_OK state=MODE_SWITCH_OK attempts=1 streak=0
[2026-09-14T11:27:56.074Z] batch=field-waveform-1789384995788-5 D4 MODE_SWITCH_START state=MODE_SWITCHING attempts=1 streak=0 attempt=1
[2026-09-14T11:27:56.075Z] batch=field-waveform-1789384995788-5 D4 MODE_SWITCH_OK state=MODE_SWITCH_OK attempts=1 streak=0
[2026-09-14T11:27:56.080Z] batch=field-waveform-1789384995788-5 D3 MODE_SWITCH_START state=MODE_SWITCHING attempts=1 streak=0 attempt=1
[2026-09-14T11:27:56.095Z] batch=field-waveform-1789384995788-5 D3 MODE_SWITCH_OK state=MODE_SWITCH_OK attempts=1 streak=0
[2026-09-14T11:27:56.104Z] batch=field-waveform-1789384995788-5 D6 MODE_SWITCH_START state=MODE_SWITCHING attempts=1 streak=0 attempt=1
[2026-09-14T11:27:56.105Z] batch=field-waveform-1789384995788-5 D6 MODE_SWITCH_OK state=MODE_SWITCH_OK attempts=1 streak=0
[2026-09-14T11:27:56.417Z] batch=field-waveform-1789384995788-5 D5 MODE_SWITCH_START state=MODE_SWITCHING attempts=1 streak=0 attempt=1
[2026-09-14T11:27:56.419Z] batch=field-waveform-1789384995788-5 D5 MODE_SWITCH_OK state=MODE_SWITCH_OK attempts=1 streak=0
[2026-09-14T11:27:56.425Z] batch=field-waveform-1789384995788-5 D1 MODE_SWITCH_START state=MODE_SWITCHING attempts=1 streak=0 attempt=1
[2026-09-14T11:27:56.426Z] batch=field-waveform-1789384995788-5 D1 MODE_SWITCH_OK state=MODE_SWITCH_OK attempts=1 streak=0
[2026-09-14T11:28:01.603Z] batch=field-waveform-1789385281601-6 D1 MODE_SWITCH_START state=MODE_SWITCHING attempts=1 streak=0 attempt=1
[2026-09-14T11:28:01.605Z] batch=field-waveform-1789385281601-6 D2 MODE_SWITCH_START state=MODE_SWITCHING attempts=1 streak=0 attempt=1
[2026-09-14T11:28:01.609Z] batch=field-waveform-1789385281601-6 D3 MODE_SWITCH_START state=MODE_SWITCHING attempts=1 streak=0 attempt=1
[2026-09-14T11:28:01.611Z] batch=field-waveform-1789385281601-6 D4 MODE_SWITCH_START state=MODE_SWITCHING attempts=1 streak=0 attempt=1
[2026-09-14T11:28:01.611Z] batch=field-waveform-1789385281601-6 D5 MODE_SWITCH_START state=MODE_SWITCHING attempts=1 streak=0 attempt=1
[2026-09-14T11:28:01.612Z] batch=field-waveform-1789385281601-6 D6 MODE_SWITCH_START state=MODE_SWITCHING attempts=1 streak=0 attempt=1
[2026-09-14T11:28:01.614Z] batch=field-waveform-1789385281601-6 D1 MODE_SWITCH_OK state=MODE_SWITCH_OK attempts=1 streak=0
[2026-09-14T11:28:01.615Z] batch=field-waveform-1789385281601-6 D2 MODE_SWITCH_OK state=MODE_SWITCH_OK attempts=1 streak=0
[2026-09-14T11:28:01.615Z] batch=field-waveform-1789385281601-6 D3 MODE_SWITCH_OK state=MODE_SWITCH_OK attempts=1 streak=0
[2026-09-14T11:28:01.616Z] batch=field-waveform-1789385281601-6 D4 MODE_SWITCH_OK state=MODE_SWITCH_OK attempts=1 streak=0
[2026-09-14T11:28:01.616Z] batch=field-waveform-1789385281601-6 D5 MODE_SWITCH_OK state=MODE_SWITCH_OK attempts=1 streak=0
[2026-09-14T11:28:01.616Z] batch=field-waveform-1789385281601-6 D6 MODE_SWITCH_OK state=MODE_SWITCH_OK attempts=1 streak=0
[2026-09-14T11:28:05.173Z] batch=field-waveform-1789385281601-6 D2 MODE_SWITCH_START state=MODE_SWITCHING attempts=1 streak=0 attempt=1
[2026-09-14T11:28:05.177Z] batch=field-waveform-1789385281601-6 D2 MODE_SWITCH_OK state=MODE_SWITCH_OK attempts=1 streak=0
[2026-09-14T11:28:06.084Z] batch=field-waveform-1789385281601-6 D4 MODE_SWITCH_START state=MODE_SWITCHING attempts=1 streak=0 attempt=1
[2026-09-14T11:28:06.086Z] batch=field-waveform-1789385281601-6 D4 MODE_SWITCH_OK state=MODE_SWITCH_OK attempts=1 streak=0
[2026-09-14T11:28:06.106Z] batch=field-waveform-1789385281601-6 D3 MODE_SWITCH_START state=MODE_SWITCHING attempts=1 streak=0 attempt=1
[2026-09-14T11:28:06.107Z] batch=field-waveform-1789385281601-6 D3 MODE_SWITCH_OK state=MODE_SWITCH_OK attempts=1 streak=0
[2026-09-14T11:28:06.109Z] batch=field-waveform-1789385281601-6 D6 MODE_SWITCH_START state=MODE_SWITCHING attempts=1 streak=0 attempt=1
[2026-09-14T11:28:06.112Z] batch=field-waveform-1789385281601-6 D6 MODE_SWITCH_OK state=MODE_SWITCH_OK attempts=1 streak=0
[2026-09-14T11:28:06.427Z] batch=field-waveform-1789385281601-6 D5 MODE_SWITCH_START state=MODE_SWITCHING attempts=1 streak=0 attempt=1
[2026-09-14T11:28:06.429Z] batch=field-waveform-1789385281601-6 D5 MODE_SWITCH_OK state=MODE_SWITCH_OK attempts=1 streak=0
[2026-09-14T11:28:06.432Z] batch=field-waveform-1789385281601-6 D1 MODE_SWITCH_START state=MODE_SWITCHING attempts=1 streak=0 attempt=1
[2026-09-14T11:28:06.433Z] batch=field-waveform-1789385281601-6 D1 MODE_SWITCH_OK state=MODE_SWITCH_OK attempts=1 streak=0
[2026-09-14T11:28:15.189Z] batch=field-waveform-1789385281601-6 D2 MODE_SWITCH_START state=MODE_SWITCHING attempts=1 streak=0 attempt=1
[2026-09-14T11:28:15.190Z] batch=field-waveform-1789385281601-6 D2 MODE_SWITCH_OK state=MODE_SWITCH_OK attempts=1 streak=0
[2026-09-14T11:28:16.088Z] batch=field-waveform-1789385281601-6 D4 MODE_SWITCH_START state=MODE_SWITCHING attempts=1 streak=0 attempt=1
[2026-09-14T11:28:16.092Z] batch=field-waveform-1789385281601-6 D4 MODE_SWITCH_OK state=MODE_SWITCH_OK attempts=1 streak=0
[2026-09-14T11:28:16.107Z] batch=field-waveform-1789385281601-6 D3 MODE_SWITCH_START state=MODE_SWITCHING attempts=1 streak=0 attempt=1
[2026-09-14T11:28:16.108Z] batch=field-waveform-1789385281601-6 D3 MODE_SWITCH_OK state=MODE_SWITCH_OK attempts=1 streak=0
[2026-09-14T11:28:16.123Z] batch=field-waveform-1789385281601-6 D6 MODE_SWITCH_START state=MODE_SWITCHING attempts=1 streak=0 attempt=1
[2026-09-14T11:28:16.124Z] batch=field-waveform-1789385281601-6 D6 MODE_SWITCH_OK state=MODE_SWITCH_OK attempts=1 streak=0
[2026-09-14T11:28:16.445Z] batch=field-waveform-1789385281601-6 D5 MODE_SWITCH_START state=MODE_SWITCHING attempts=1 streak=0 attempt=1
[2026-09-14T11:28:16.447Z] batch=field-waveform-1789385281601-6 D5 MODE_SWITCH_OK state=MODE_SWITCH_OK attempts=1 streak=0
[2026-09-14T11:28:16.448Z] batch=field-waveform-1789385281601-6 D1 MODE_SWITCH_START state=MODE_SWITCHING attempts=1 streak=0 attempt=1
[2026-09-14T11:28:16.451Z] batch=field-waveform-1789385281601-6 D1 MODE_SWITCH_OK state=MODE_SWITCH_OK attempts=1 streak=0
[2026-09-14T11:28:25.194Z] batch=field-waveform-1789385281601-6 D2 MODE_SWITCH_START state=MODE_SWITCHING attempts=1 streak=0 attempt=1
[2026-09-14T11:28:25.196Z] batch=field-waveform-1789385281601-6 D2 MODE_SWITCH_OK state=MODE_SWITCH_OK attempts=1 streak=0
[2026-09-14T11:28:26.103Z] batch=field-waveform-1789385281601-6 D4 MODE_SWITCH_START state=MODE_SWITCHING attempts=1 streak=0 attempt=1
[2026-09-14T11:28:26.103Z] batch=field-waveform-1789385281601-6 D4 MODE_SWITCH_OK state=MODE_SWITCH_OK attempts=1 streak=0
[2026-09-14T11:28:26.119Z] batch=field-waveform-1789385281601-6 D3 MODE_SWITCH_START state=MODE_SWITCHING attempts=1 streak=0 attempt=1
[2026-09-14T11:28:26.119Z] batch=field-waveform-1789385281601-6 D3 MODE_SWITCH_OK state=MODE_SWITCH_OK attempts=1 streak=0
[2026-09-14T11:28:26.134Z] batch=field-waveform-1789385281601-6 D6 MODE_SWITCH_START state=MODE_SWITCHING attempts=1 streak=0 attempt=1
[2026-09-14T11:28:26.135Z] batch=field-waveform-1789385281601-6 D6 MODE_SWITCH_OK state=MODE_SWITCH_OK attempts=1 streak=0
[2026-09-14T11:28:26.454Z] batch=field-waveform-1789385281601-6 D5 MODE_SWITCH_START state=MODE_SWITCHING attempts=1 streak=0 attempt=1
[2026-09-14T11:28:26.456Z] batch=field-waveform-1789385281601-6 D5 MODE_SWITCH_OK state=MODE_SWITCH_OK attempts=1 streak=0
[2026-09-14T11:28:26.458Z] batch=field-waveform-1789385281601-6 D1 MODE_SWITCH_START state=MODE_SWITCHING attempts=1 streak=0 attempt=1
[2026-09-14T11:28:26.460Z] batch=field-waveform-1789385281601-6 D1 MODE_SWITCH_OK state=MODE_SWITCH_OK attempts=1 streak=0
[2026-09-14T11:28:30.256Z] batch=field-waveform-1789385281601-6 D2 FIRST_FRAME state=FIRST_FRAME_RECEIVED attempts=1 streak=1
[2026-09-14T11:28:30.256Z] batch=field-waveform-1789385281601-6 D2 FIRST_VALID_SAMPLE state=FIRST_FRAME_RECEIVED attempts=1 streak=1
[2026-09-14T11:28:30.520Z] batch=field-waveform-1789385281601-6 D2 CHANNEL_SYNC_OK state=TEST_READY attempts=1 streak=5
[2026-09-14T11:28:30.520Z] batch=field-waveform-1789385281601-6 D2 TEST_READY state=TEST_READY attempts=1 streak=5
[2026-09-14T11:28:31.149Z] batch=field-waveform-1789385281601-6 D4 FIRST_FRAME state=FIRST_FRAME_RECEIVED attempts=1 streak=1
[2026-09-14T11:28:31.150Z] batch=field-waveform-1789385281601-6 D4 FIRST_VALID_SAMPLE state=FIRST_FRAME_RECEIVED attempts=1 streak=1
[2026-09-14T11:28:31.163Z] batch=field-waveform-1789385281601-6 D6 FIRST_FRAME state=FIRST_FRAME_RECEIVED attempts=1 streak=1
[2026-09-14T11:28:31.163Z] batch=field-waveform-1789385281601-6 D6 FIRST_VALID_SAMPLE state=FIRST_FRAME_RECEIVED attempts=1 streak=1
[2026-09-14T11:28:31.170Z] batch=field-waveform-1789385281601-6 D3 FIRST_FRAME state=FIRST_FRAME_RECEIVED attempts=1 streak=1
[2026-09-14T11:28:31.170Z] batch=field-waveform-1789385281601-6 D3 FIRST_VALID_SAMPLE state=FIRST_FRAME_RECEIVED attempts=1 streak=1
[2026-09-14T11:28:31.415Z] batch=field-waveform-1789385281601-6 D4 CHANNEL_SYNC_OK state=TEST_READY attempts=1 streak=5
[2026-09-14T11:28:31.416Z] batch=field-waveform-1789385281601-6 D4 TEST_READY state=TEST_READY attempts=1 streak=5
[2026-09-14T11:28:31.416Z] batch=field-waveform-1789385281601-6 D6 CHANNEL_SYNC_OK state=TEST_READY attempts=1 streak=5
[2026-09-14T11:28:31.417Z] batch=field-waveform-1789385281601-6 D6 TEST_READY state=TEST_READY attempts=1 streak=5
[2026-09-14T11:28:31.419Z] batch=field-waveform-1789385281601-6 D3 CHANNEL_SYNC_OK state=TEST_READY attempts=1 streak=5
[2026-09-14T11:28:31.419Z] batch=field-waveform-1789385281601-6 D3 TEST_READY state=TEST_READY attempts=1 streak=5
[2026-09-14T11:28:31.536Z] batch=field-waveform-1789385281601-6 D5 FIRST_FRAME state=FIRST_FRAME_RECEIVED attempts=1 streak=1
[2026-09-14T11:28:31.536Z] batch=field-waveform-1789385281601-6 D5 FIRST_VALID_SAMPLE state=FIRST_FRAME_RECEIVED attempts=1 streak=1
[2026-09-14T11:28:31.538Z] batch=field-waveform-1789385281601-6 D1 FIRST_FRAME state=FIRST_FRAME_RECEIVED attempts=1 streak=1
[2026-09-14T11:28:31.539Z] batch=field-waveform-1789385281601-6 D1 FIRST_VALID_SAMPLE state=FIRST_FRAME_RECEIVED attempts=1 streak=1
[2026-09-14T11:28:31.754Z] batch=field-waveform-1789385281601-6 D5 CHANNEL_SYNC_OK state=TEST_READY attempts=1 streak=5
[2026-09-14T11:28:31.754Z] batch=field-waveform-1789385281601-6 D5 TEST_READY state=TEST_READY attempts=1 streak=5
[2026-09-14T11:28:31.781Z] batch=field-waveform-1789385281601-6 D1 CHANNEL_SYNC_OK state=TEST_READY attempts=1 streak=5
[2026-09-14T11:28:31.781Z] batch=field-waveform-1789385281601-6 D1 TEST_READY state=TEST_READY attempts=1 streak=5
[2026-09-14T11:28:42.677Z] batch=field-waveform-1789385281601-6 D1 MODE_SWITCH_START state=MODE_SWITCHING attempts=1 streak=0 attempt=1
[2026-09-14T11:28:42.678Z] batch=field-waveform-1789385281601-6 D1 MODE_SWITCH_OK state=MODE_SWITCH_OK attempts=1 streak=0
[2026-09-14T11:28:42.679Z] batch=field-waveform-1789385281601-6 D6 MODE_SWITCH_START state=MODE_SWITCHING attempts=1 streak=0 attempt=1
[2026-09-14T11:28:42.681Z] batch=field-waveform-1789385281601-6 D6 MODE_SWITCH_OK state=MODE_SWITCH_OK attempts=1 streak=0
[2026-09-14T11:28:42.681Z] batch=field-waveform-1789385281601-6 D3 MODE_SWITCH_START state=MODE_SWITCHING attempts=1 streak=0 attempt=1
[2026-09-14T11:28:42.682Z] batch=field-waveform-1789385281601-6 D3 MODE_SWITCH_OK state=MODE_SWITCH_OK attempts=1 streak=0
[2026-09-14T11:28:42.804Z] batch=field-waveform-1789385281601-6 D4 MODE_SWITCH_START state=MODE_SWITCHING attempts=1 streak=0 attempt=1
[2026-09-14T11:28:42.805Z] batch=field-waveform-1789385281601-6 D4 MODE_SWITCH_OK state=MODE_SWITCH_OK attempts=1 streak=0
[2026-09-14T11:28:48.665Z] batch=field-waveform-1789385281601-6 D1 FIRST_FRAME state=FIRST_FRAME_RECEIVED attempts=1 streak=1
[2026-09-14T11:28:48.665Z] batch=field-waveform-1789385281601-6 D1 FIRST_VALID_SAMPLE state=FIRST_FRAME_RECEIVED attempts=1 streak=1
[2026-09-14T11:28:48.668Z] batch=field-waveform-1789385281601-6 D6 FIRST_FRAME state=FIRST_FRAME_RECEIVED attempts=1 streak=1
[2026-09-14T11:28:48.668Z] batch=field-waveform-1789385281601-6 D6 FIRST_VALID_SAMPLE state=FIRST_FRAME_RECEIVED attempts=1 streak=1
[2026-09-14T11:28:48.678Z] batch=field-waveform-1789385281601-6 D3 FIRST_FRAME state=FIRST_FRAME_RECEIVED attempts=1 streak=1
[2026-09-14T11:28:48.678Z] batch=field-waveform-1789385281601-6 D3 FIRST_VALID_SAMPLE state=FIRST_FRAME_RECEIVED attempts=1 streak=1
[2026-09-14T11:28:48.710Z] batch=field-waveform-1789385281601-6 D4 FIRST_FRAME state=FIRST_FRAME_RECEIVED attempts=1 streak=1
[2026-09-14T11:28:48.710Z] batch=field-waveform-1789385281601-6 D4 FIRST_VALID_SAMPLE state=FIRST_FRAME_RECEIVED attempts=1 streak=1
[2026-09-14T11:28:48.924Z] batch=field-waveform-1789385281601-6 D1 CHANNEL_SYNC_OK state=TEST_READY attempts=1 streak=5
[2026-09-14T11:28:48.926Z] batch=field-waveform-1789385281601-6 D1 TEST_READY state=TEST_READY attempts=1 streak=5
[2026-09-14T11:28:48.928Z] batch=field-waveform-1789385281601-6 D6 CHANNEL_SYNC_OK state=TEST_READY attempts=1 streak=5
[2026-09-14T11:28:48.930Z] batch=field-waveform-1789385281601-6 D6 TEST_READY state=TEST_READY attempts=1 streak=5
[2026-09-14T11:28:48.938Z] batch=field-waveform-1789385281601-6 D3 CHANNEL_SYNC_OK state=TEST_READY attempts=1 streak=5
[2026-09-14T11:28:48.939Z] batch=field-waveform-1789385281601-6 D3 TEST_READY state=TEST_READY attempts=1 streak=5
[2026-09-14T11:28:48.967Z] batch=field-waveform-1789385281601-6 D4 CHANNEL_SYNC_OK state=TEST_READY attempts=1 streak=5
[2026-09-14T11:28:48.968Z] batch=field-waveform-1789385281601-6 D4 TEST_READY state=TEST_READY attempts=1 streak=5
[2026-09-14T11:29:39.480Z] batch=field-waveform-1789385281601-6 D3 MODE_SWITCH_START state=MODE_SWITCHING attempts=1 streak=0 attempt=1
[2026-09-14T11:29:39.481Z] batch=field-waveform-1789385281601-6 D3 MODE_SWITCH_OK state=MODE_SWITCH_OK attempts=1 streak=0
[2026-09-14T11:29:39.484Z] batch=field-waveform-1789385281601-6 D4 MODE_SWITCH_START state=MODE_SWITCHING attempts=1 streak=0 attempt=1
[2026-09-14T11:29:39.486Z] batch=field-waveform-1789385281601-6 D4 MODE_SWITCH_OK state=MODE_SWITCH_OK attempts=1 streak=0
[2026-09-14T11:29:39.489Z] batch=field-waveform-1789385281601-6 D1 MODE_SWITCH_START state=MODE_SWITCHING attempts=1 streak=0 attempt=1
[2026-09-14T11:29:39.489Z] batch=field-waveform-1789385281601-6 D1 MODE_SWITCH_OK state=MODE_SWITCH_OK attempts=1 streak=0
[2026-09-14T11:29:39.493Z] batch=field-waveform-1789385281601-6 D6 MODE_SWITCH_START state=MODE_SWITCHING attempts=1 streak=0 attempt=1
[2026-09-14T11:29:39.496Z] batch=field-waveform-1789385281601-6 D6 MODE_SWITCH_OK state=MODE_SWITCH_OK attempts=1 streak=0
[2026-09-14T11:29:39.499Z] batch=field-waveform-1789385281601-6 D2 MODE_SWITCH_START state=MODE_SWITCHING attempts=1 streak=0 attempt=1
[2026-09-14T11:29:39.500Z] batch=field-waveform-1789385281601-6 D2 MODE_SWITCH_OK state=MODE_SWITCH_OK attempts=1 streak=0
[2026-09-14T11:29:39.614Z] batch=field-waveform-1789385281601-6 D5 MODE_SWITCH_START state=MODE_SWITCHING attempts=1 streak=0 attempt=1
[2026-09-14T11:29:39.615Z] batch=field-waveform-1789385281601-6 D5 MODE_SWITCH_OK state=MODE_SWITCH_OK attempts=1 streak=0
[2026-09-14T11:29:49.587Z] batch=field-waveform-1789385281601-6 D3 MODE_SWITCH_START state=MODE_SWITCHING attempts=1 streak=0 attempt=1
[2026-09-14T11:29:49.589Z] batch=field-waveform-1789385281601-6 D3 MODE_SWITCH_OK state=MODE_SWITCH_OK attempts=1 streak=0
[2026-09-14T11:29:49.593Z] batch=field-waveform-1789385281601-6 D4 MODE_SWITCH_START state=MODE_SWITCHING attempts=1 streak=0 attempt=1
[2026-09-14T11:29:49.594Z] batch=field-waveform-1789385281601-6 D4 MODE_SWITCH_OK state=MODE_SWITCH_OK attempts=1 streak=0
[2026-09-14T11:29:49.597Z] batch=field-waveform-1789385281601-6 D1 MODE_SWITCH_START state=MODE_SWITCHING attempts=1 streak=0 attempt=1
[2026-09-14T11:29:49.597Z] batch=field-waveform-1789385281601-6 D1 MODE_SWITCH_OK state=MODE_SWITCH_OK attempts=1 streak=0
[2026-09-14T11:29:49.601Z] batch=field-waveform-1789385281601-6 D6 MODE_SWITCH_START state=MODE_SWITCHING attempts=1 streak=0 attempt=1
[2026-09-14T11:29:49.602Z] batch=field-waveform-1789385281601-6 D6 MODE_SWITCH_OK state=MODE_SWITCH_OK attempts=1 streak=0
[2026-09-14T11:29:49.605Z] batch=field-waveform-1789385281601-6 D2 MODE_SWITCH_START state=MODE_SWITCHING attempts=1 streak=0 attempt=1
[2026-09-14T11:29:49.606Z] batch=field-waveform-1789385281601-6 D2 MODE_SWITCH_OK state=MODE_SWITCH_OK attempts=1 streak=0
[2026-09-14T11:29:49.809Z] batch=field-waveform-1789385281601-6 D5 MODE_SWITCH_START state=MODE_SWITCHING attempts=1 streak=0 attempt=1
[2026-09-14T11:29:49.810Z] batch=field-waveform-1789385281601-6 D5 MODE_SWITCH_OK state=MODE_SWITCH_OK attempts=1 streak=0
[2026-09-14T11:29:54.783Z] batch=field-waveform-1789385281601-6 D3 FIRST_FRAME state=FIRST_FRAME_RECEIVED attempts=1 streak=1
[2026-09-14T11:29:54.784Z] batch=field-waveform-1789385281601-6 D3 FIRST_VALID_SAMPLE state=FIRST_FRAME_RECEIVED attempts=1 streak=1
[2026-09-14T11:29:54.792Z] batch=field-waveform-1789385281601-6 D6 FIRST_FRAME state=FIRST_FRAME_RECEIVED attempts=1 streak=1
[2026-09-14T11:29:54.792Z] batch=field-waveform-1789385281601-6 D6 FIRST_VALID_SAMPLE state=FIRST_FRAME_RECEIVED attempts=1 streak=1
[2026-09-14T11:29:54.795Z] batch=field-waveform-1789385281601-6 D2 FIRST_FRAME state=FIRST_FRAME_RECEIVED attempts=1 streak=1
[2026-09-14T11:29:54.797Z] batch=field-waveform-1789385281601-6 D2 FIRST_VALID_SAMPLE state=FIRST_FRAME_RECEIVED attempts=1 streak=1
[2026-09-14T11:29:54.798Z] batch=field-waveform-1789385281601-6 D4 FIRST_FRAME state=FIRST_FRAME_RECEIVED attempts=1 streak=1
[2026-09-14T11:29:54.799Z] batch=field-waveform-1789385281601-6 D4 FIRST_VALID_SAMPLE state=FIRST_FRAME_RECEIVED attempts=1 streak=1
[2026-09-14T11:29:54.801Z] batch=field-waveform-1789385281601-6 D1 FIRST_FRAME state=FIRST_FRAME_RECEIVED attempts=1 streak=1
[2026-09-14T11:29:54.801Z] batch=field-waveform-1789385281601-6 D1 FIRST_VALID_SAMPLE state=FIRST_FRAME_RECEIVED attempts=1 streak=1
[2026-09-14T11:29:54.926Z] batch=field-waveform-1789385281601-6 D3 CHANNEL_SYNC_OK state=TEST_READY attempts=1 streak=5
[2026-09-14T11:29:54.926Z] batch=field-waveform-1789385281601-6 D3 TEST_READY state=TEST_READY attempts=1 streak=5
[2026-09-14T11:29:54.927Z] batch=field-waveform-1789385281601-6 D6 CHANNEL_SYNC_OK state=TEST_READY attempts=1 streak=5
[2026-09-14T11:29:54.927Z] batch=field-waveform-1789385281601-6 D6 TEST_READY state=TEST_READY attempts=1 streak=5
[2026-09-14T11:29:54.928Z] batch=field-waveform-1789385281601-6 D2 CHANNEL_SYNC_OK state=TEST_READY attempts=1 streak=5
[2026-09-14T11:29:54.929Z] batch=field-waveform-1789385281601-6 D2 TEST_READY state=TEST_READY attempts=1 streak=5
[2026-09-14T11:29:54.929Z] batch=field-waveform-1789385281601-6 D4 CHANNEL_SYNC_OK state=TEST_READY attempts=1 streak=5
[2026-09-14T11:29:54.930Z] batch=field-waveform-1789385281601-6 D4 TEST_READY state=TEST_READY attempts=1 streak=5
[2026-09-14T11:29:54.930Z] batch=field-waveform-1789385281601-6 D1 CHANNEL_SYNC_OK state=TEST_READY attempts=1 streak=5
[2026-09-14T11:29:54.931Z] batch=field-waveform-1789385281601-6 D1 TEST_READY state=TEST_READY attempts=1 streak=5
[2026-09-14T11:29:54.931Z] batch=field-waveform-1789385281601-6 D5 FIRST_FRAME state=FIRST_FRAME_RECEIVED attempts=1 streak=1
[2026-09-14T11:29:54.932Z] batch=field-waveform-1789385281601-6 D5 FIRST_VALID_SAMPLE state=FIRST_FRAME_RECEIVED attempts=1 streak=1
[2026-09-14T11:29:55.241Z] batch=field-waveform-1789385281601-6 D5 CHANNEL_SYNC_OK state=TEST_READY attempts=1 streak=5
[2026-09-14T11:29:55.241Z] batch=field-waveform-1789385281601-6 D5 TEST_READY state=TEST_READY attempts=1 streak=5
[2026-09-14T11:30:39.929Z] batch=field-waveform-1789385281601-6 D3 MODE_SWITCH_START state=MODE_SWITCHING attempts=1 streak=0 attempt=1
[2026-09-14T11:30:39.930Z] batch=field-waveform-1789385281601-6 D3 MODE_SWITCH_OK state=MODE_SWITCH_OK attempts=1 streak=0
[2026-09-14T11:30:39.936Z] batch=field-waveform-1789385281601-6 D6 MODE_SWITCH_START state=MODE_SWITCHING attempts=1 streak=0 attempt=1
[2026-09-14T11:30:39.939Z] batch=field-waveform-1789385281601-6 D6 MODE_SWITCH_OK state=MODE_SWITCH_OK attempts=1 streak=0
[2026-09-14T11:30:39.948Z] batch=field-waveform-1789385281601-6 D4 MODE_SWITCH_START state=MODE_SWITCHING attempts=1 streak=0 attempt=1
[2026-09-14T11:30:39.949Z] batch=field-waveform-1789385281601-6 D4 MODE_SWITCH_OK state=MODE_SWITCH_OK attempts=1 streak=0
[2026-09-14T11:30:39.958Z] batch=field-waveform-1789385281601-6 D5 MODE_SWITCH_START state=MODE_SWITCHING attempts=1 streak=0 attempt=1
[2026-09-14T11:30:39.959Z] batch=field-waveform-1789385281601-6 D5 MODE_SWITCH_OK state=MODE_SWITCH_OK attempts=1 streak=0
[2026-09-14T11:30:39.964Z] batch=field-waveform-1789385281601-6 D2 MODE_SWITCH_START state=MODE_SWITCHING attempts=1 streak=0 attempt=1
[2026-09-14T11:30:39.965Z] batch=field-waveform-1789385281601-6 D2 MODE_SWITCH_OK state=MODE_SWITCH_OK attempts=1 streak=0
[2026-09-14T11:30:39.969Z] batch=field-waveform-1789385281601-6 D1 MODE_SWITCH_START state=MODE_SWITCHING attempts=1 streak=0 attempt=1
[2026-09-14T11:30:39.970Z] batch=field-waveform-1789385281601-6 D1 MODE_SWITCH_OK state=MODE_SWITCH_OK attempts=1 streak=0
[2026-09-14T11:30:50.103Z] batch=field-waveform-1789385281601-6 D3 MODE_SWITCH_START state=MODE_SWITCHING attempts=1 streak=0 attempt=1
[2026-09-14T11:30:50.105Z] batch=field-waveform-1789385281601-6 D3 MODE_SWITCH_OK state=MODE_SWITCH_OK attempts=1 streak=0
[2026-09-14T11:30:50.113Z] batch=field-waveform-1789385281601-6 D6 MODE_SWITCH_START state=MODE_SWITCHING attempts=1 streak=0 attempt=1
[2026-09-14T11:30:50.115Z] batch=field-waveform-1789385281601-6 D6 MODE_SWITCH_OK state=MODE_SWITCH_OK attempts=1 streak=0
[2026-09-14T11:30:50.121Z] batch=field-waveform-1789385281601-6 D4 MODE_SWITCH_START state=MODE_SWITCHING attempts=1 streak=0 attempt=1
[2026-09-14T11:30:50.122Z] batch=field-waveform-1789385281601-6 D4 MODE_SWITCH_OK state=MODE_SWITCH_OK attempts=1 streak=0
[2026-09-14T11:30:50.130Z] batch=field-waveform-1789385281601-6 D5 MODE_SWITCH_START state=MODE_SWITCHING attempts=1 streak=0 attempt=1
[2026-09-14T11:30:50.132Z] batch=field-waveform-1789385281601-6 D5 MODE_SWITCH_OK state=MODE_SWITCH_OK attempts=1 streak=0
[2026-09-14T11:30:50.140Z] batch=field-waveform-1789385281601-6 D2 MODE_SWITCH_START state=MODE_SWITCHING attempts=1 streak=0 attempt=1
[2026-09-14T11:30:50.142Z] batch=field-waveform-1789385281601-6 D2 MODE_SWITCH_OK state=MODE_SWITCH_OK attempts=1 streak=0
[2026-09-14T11:30:50.150Z] batch=field-waveform-1789385281601-6 D1 MODE_SWITCH_START state=MODE_SWITCHING attempts=1 streak=0 attempt=1
[2026-09-14T11:30:50.155Z] batch=field-waveform-1789385281601-6 D1 MODE_SWITCH_OK state=MODE_SWITCH_OK attempts=1 streak=0
