[2026-09-10T01:11:20.991Z] batch=field-waveform-1789002522735-12 D3 MODE_SWITCH_START state=MODE_SWITCHING attempts=1 streak=0 attempt=1
[2026-09-10T01:11:21.000Z] batch=field-waveform-1789002522735-12 D3 MODE_SWITCH_OK state=MODE_SWITCH_OK attempts=1 streak=0
[2026-09-10T01:11:21.258Z] batch=field-waveform-1789002522735-12 D4 MODE_SWITCH_START state=MODE_SWITCHING attempts=1 streak=0 attempt=1
[2026-09-10T01:11:21.268Z] batch=field-waveform-1789002522735-12 D4 MODE_SWITCH_OK state=MODE_SWITCH_OK attempts=1 streak=0
[2026-09-10T01:11:21.286Z] batch=field-waveform-1789002522735-12 D2 MODE_SWITCH_START state=MODE_SWITCHING attempts=1 streak=0 attempt=1
[2026-09-10T01:11:21.290Z] batch=field-waveform-1789002522735-12 D2 MODE_SWITCH_OK state=MODE_SWITCH_OK attempts=1 streak=0
[2026-09-10T01:11:21.299Z] batch=field-waveform-1789002522735-12 D5 MODE_SWITCH_START state=MODE_SWITCHING attempts=1 streak=0 attempt=1
[2026-09-10T01:11:21.309Z] batch=field-waveform-1789002522735-12 D5 MODE_SWITCH_OK state=MODE_SWITCH_OK attempts=1 streak=0
[2026-09-10T01:11:21.318Z] batch=field-waveform-1789002522735-12 D6 MODE_SWITCH_START state=MODE_SWITCHING attempts=1 streak=0 attempt=1
[2026-09-10T01:11:21.328Z] batch=field-waveform-1789002522735-12 D6 MODE_SWITCH_OK state=MODE_SWITCH_OK attempts=1 streak=0
[2026-09-10T01:11:21.339Z] batch=field-waveform-1789002522735-12 D1 MODE_SWITCH_START state=MODE_SWITCHING attempts=1 streak=0 attempt=1
[2026-09-10T01:11:21.349Z] batch=field-waveform-1789002522735-12 D1 MODE_SWITCH_OK state=MODE_SWITCH_OK attempts=1 streak=0
[2026-09-10T01:11:31.068Z] batch=field-waveform-1789002522735-12 D3 MODE_SWITCH_START state=MODE_SWITCHING attempts=1 streak=0 attempt=1
[2026-09-10T01:11:31.080Z] batch=field-waveform-1789002522735-12 D3 MODE_SWITCH_OK state=MODE_SWITCH_OK attempts=1 streak=0
[2026-09-10T01:11:31.483Z] batch=field-waveform-1789002522735-12 D4 MODE_SWITCH_START state=MODE_SWITCHING attempts=1 streak=0 attempt=1
[2026-09-10T01:11:31.493Z] batch=field-waveform-1789002522735-12 D4 MODE_SWITCH_OK state=MODE_SWITCH_OK attempts=1 streak=0
[2026-09-10T01:11:31.512Z] batch=field-waveform-1789002522735-12 D2 MODE_SWITCH_START state=MODE_SWITCHING attempts=1 streak=0 attempt=1
[2026-09-10T01:11:31.518Z] batch=field-waveform-1789002522735-12 D2 MODE_SWITCH_OK state=MODE_SWITCH_OK attempts=1 streak=0
[2026-09-10T01:11:31.535Z] batch=field-waveform-1789002522735-12 D5 MODE_SWITCH_START state=MODE_SWITCHING attempts=1 streak=0 attempt=1
[2026-09-10T01:11:31.548Z] batch=field-waveform-1789002522735-12 D5 MODE_SWITCH_OK state=MODE_SWITCH_OK attempts=1 streak=0
[2026-09-10T01:11:31.558Z] batch=field-waveform-1789002522735-12 D6 MODE_SWITCH_START state=MODE_SWITCHING attempts=1 streak=0 attempt=1
[2026-09-10T01:11:31.567Z] batch=field-waveform-1789002522735-12 D6 MODE_SWITCH_OK state=MODE_SWITCH_OK attempts=1 streak=0
[2026-09-10T01:11:31.576Z] batch=field-waveform-1789002522735-12 D1 MODE_SWITCH_START state=MODE_SWITCHING attempts=1 streak=0 attempt=1
[2026-09-10T01:11:31.584Z] batch=field-waveform-1789002522735-12 D1 MODE_SWITCH_OK state=MODE_SWITCH_OK attempts=1 streak=0
[2026-09-10T01:11:41.262Z] batch=field-waveform-1789002522735-12 D3 MODE_SWITCH_START state=MODE_SWITCHING attempts=1 streak=0 attempt=1
[2026-09-10T01:11:41.273Z] batch=field-waveform-1789002522735-12 D3 MODE_SWITCH_OK state=MODE_SWITCH_OK attempts=1 streak=0
[2026-09-10T01:11:41.546Z] batch=field-waveform-1789002522735-12 D4 MODE_SWITCH_START state=MODE_SWITCHING attempts=1 streak=0 attempt=1
[2026-09-10T01:11:41.556Z] batch=field-waveform-1789002522735-12 D4 MODE_SWITCH_OK state=MODE_SWITCH_OK attempts=1 streak=0
[2026-09-10T01:11:41.566Z] batch=field-waveform-1789002522735-12 D2 MODE_SWITCH_START state=MODE_SWITCHING attempts=1 streak=0 attempt=1
[2026-09-10T01:11:41.588Z] batch=field-waveform-1789002522735-12 D2 MODE_SWITCH_OK state=MODE_SWITCH_OK attempts=1 streak=0
[2026-09-10T01:11:41.597Z] batch=field-waveform-1789002522735-12 D5 MODE_SWITCH_START state=MODE_SWITCHING attempts=1 streak=0 attempt=1
[2026-09-10T01:11:41.600Z] batch=field-waveform-1789002522735-12 D5 MODE_SWITCH_OK state=MODE_SWITCH_OK attempts=1 streak=0
[2026-09-10T01:11:41.613Z] batch=field-waveform-1789002522735-12 D6 MODE_SWITCH_START state=MODE_SWITCHING attempts=1 streak=0 attempt=1
[2026-09-10T01:11:41.622Z] batch=field-waveform-1789002522735-12 D6 MODE_SWITCH_OK state=MODE_SWITCH_OK attempts=1 streak=0
[2026-09-10T01:11:41.632Z] batch=field-waveform-1789002522735-12 D1 MODE_SWITCH_START state=MODE_SWITCHING attempts=1 streak=0 attempt=1
[2026-09-10T01:11:41.648Z] batch=field-waveform-1789002522735-12 D1 MODE_SWITCH_OK state=MODE_SWITCH_OK attempts=1 streak=0
[2026-09-10T01:11:44.376Z] batch=field-waveform-1789002704375-13 D1 MODE_SWITCH_START state=MODE_SWITCHING attempts=1 streak=0 attempt=1
[2026-09-10T01:11:44.391Z] batch=field-waveform-1789002704375-13 D2 MODE_SWITCH_START state=MODE_SWITCHING attempts=1 streak=0 attempt=1
[2026-09-10T01:11:44.392Z] batch=field-waveform-1789002704375-13 D3 MODE_SWITCH_START state=MODE_SWITCHING attempts=1 streak=0 attempt=1
[2026-09-10T01:11:44.400Z] batch=field-waveform-1789002704375-13 D4 MODE_SWITCH_START state=MODE_SWITCHING attempts=1 streak=0 attempt=1
[2026-09-10T01:11:44.401Z] batch=field-waveform-1789002704375-13 D5 MODE_SWITCH_START state=MODE_SWITCHING attempts=1 streak=0 attempt=1
[2026-09-10T01:11:44.410Z] batch=field-waveform-1789002704375-13 D6 MODE_SWITCH_START state=MODE_SWITCHING attempts=1 streak=0 attempt=1
[2026-09-10T01:11:44.424Z] batch=field-waveform-1789002704375-13 D1 MODE_SWITCH_OK state=MODE_SWITCH_OK attempts=1 streak=0
[2026-09-10T01:11:44.430Z] batch=field-waveform-1789002704375-13 D2 MODE_SWITCH_OK state=MODE_SWITCH_OK attempts=1 streak=0
[2026-09-10T01:11:44.431Z] batch=field-waveform-1789002704375-13 D3 MODE_SWITCH_OK state=MODE_SWITCH_OK attempts=1 streak=0
[2026-09-10T01:11:44.431Z] batch=field-waveform-1789002704375-13 D4 MODE_SWITCH_OK state=MODE_SWITCH_OK attempts=1 streak=0
[2026-09-10T01:11:44.432Z] batch=field-waveform-1789002704375-13 D5 MODE_SWITCH_OK state=MODE_SWITCH_OK attempts=1 streak=0
[2026-09-10T01:11:44.433Z] batch=field-waveform-1789002704375-13 D6 MODE_SWITCH_OK state=MODE_SWITCH_OK attempts=1 streak=0
[2026-09-10T01:11:51.288Z] batch=field-waveform-1789002704375-13 D3 MODE_SWITCH_START state=MODE_SWITCHING attempts=1 streak=0 attempt=1
[2026-09-10T01:11:51.301Z] batch=field-waveform-1789002704375-13 D3 MODE_SWITCH_OK state=MODE_SWITCH_OK attempts=1 streak=0
[2026-09-10T01:11:51.565Z] batch=field-waveform-1789002704375-13 D4 MODE_SWITCH_START state=MODE_SWITCHING attempts=1 streak=0 attempt=1
[2026-09-10T01:11:51.574Z] batch=field-waveform-1789002704375-13 D4 MODE_SWITCH_OK state=MODE_SWITCH_OK attempts=1 streak=0
[2026-09-10T01:11:51.593Z] batch=field-waveform-1789002704375-13 D2 MODE_SWITCH_START state=MODE_SWITCHING attempts=1 streak=0 attempt=1
[2026-09-10T01:11:51.607Z] batch=field-waveform-1789002704375-13 D2 MODE_SWITCH_OK state=MODE_SWITCH_OK attempts=1 streak=0
[2026-09-10T01:11:51.617Z] batch=field-waveform-1789002704375-13 D5 MODE_SWITCH_START state=MODE_SWITCHING attempts=1 streak=0 attempt=1
[2026-09-10T01:11:51.629Z] batch=field-waveform-1789002704375-13 D5 MODE_SWITCH_OK state=MODE_SWITCH_OK attempts=1 streak=0
[2026-09-10T01:11:51.630Z] batch=field-waveform-1789002704375-13 D6 MODE_SWITCH_START state=MODE_SWITCHING attempts=1 streak=0 attempt=1
[2026-09-10T01:11:51.631Z] batch=field-waveform-1789002704375-13 D6 MODE_SWITCH_OK state=MODE_SWITCH_OK attempts=1 streak=0
[2026-09-10T01:11:51.655Z] batch=field-waveform-1789002704375-13 D1 MODE_SWITCH_START state=MODE_SWITCHING attempts=1 streak=0 attempt=1
[2026-09-10T01:11:51.657Z] batch=field-waveform-1789002704375-13 D1 MODE_SWITCH_OK state=MODE_SWITCH_OK attempts=1 streak=0
[2026-09-10T01:12:01.311Z] batch=field-waveform-1789002704375-13 D3 MODE_SWITCH_START state=MODE_SWITCHING attempts=1 streak=0 attempt=1
[2026-09-10T01:12:01.337Z] batch=field-waveform-1789002704375-13 D3 MODE_SWITCH_OK state=MODE_SWITCH_OK attempts=1 streak=0
[2026-09-10T01:12:01.586Z] batch=field-waveform-1789002704375-13 D4 MODE_SWITCH_START state=MODE_SWITCHING attempts=1 streak=0 attempt=1
[2026-09-10T01:12:01.596Z] batch=field-waveform-1789002704375-13 D4 MODE_SWITCH_OK state=MODE_SWITCH_OK attempts=1 streak=0
[2026-09-10T01:12:01.608Z] batch=field-waveform-1789002704375-13 D2 MODE_SWITCH_START state=MODE_SWITCHING attempts=1 streak=0 attempt=1
[2026-09-10T01:12:01.628Z] batch=field-waveform-1789002704375-13 D2 MODE_SWITCH_OK state=MODE_SWITCH_OK attempts=1 streak=0
[2026-09-10T01:12:01.630Z] batch=field-waveform-1789002704375-13 D5 MODE_SWITCH_START state=MODE_SWITCHING attempts=1 streak=0 attempt=1
[2026-09-10T01:12:01.635Z] batch=field-waveform-1789002704375-13 D5 MODE_SWITCH_OK state=MODE_SWITCH_OK attempts=1 streak=0
[2026-09-10T01:12:01.637Z] batch=field-waveform-1789002704375-13 D6 MODE_SWITCH_START state=MODE_SWITCHING attempts=1 streak=0 attempt=1
[2026-09-10T01:12:01.639Z] batch=field-waveform-1789002704375-13 D6 MODE_SWITCH_OK state=MODE_SWITCH_OK attempts=1 streak=0
[2026-09-10T01:12:01.662Z] batch=field-waveform-1789002704375-13 D1 MODE_SWITCH_START state=MODE_SWITCHING attempts=1 streak=0 attempt=1
[2026-09-10T01:12:01.666Z] batch=field-waveform-1789002704375-13 D1 MODE_SWITCH_OK state=MODE_SWITCH_OK attempts=1 streak=0
[2026-09-10T01:12:11.344Z] batch=field-waveform-1789002704375-13 D3 MODE_SWITCH_START state=MODE_SWITCHING attempts=1 streak=0 attempt=1
[2026-09-10T01:12:11.353Z] batch=field-waveform-1789002704375-13 D3 MODE_SWITCH_OK state=MODE_SWITCH_OK attempts=1 streak=0
[2026-09-10T01:12:11.603Z] batch=field-waveform-1789002704375-13 D4 MODE_SWITCH_START state=MODE_SWITCHING attempts=1 streak=0 attempt=1
[2026-09-10T01:12:11.614Z] batch=field-waveform-1789002704375-13 D4 MODE_SWITCH_OK state=MODE_SWITCH_OK attempts=1 streak=0
[2026-09-10T01:12:11.629Z] batch=field-waveform-1789002704375-13 D2 MODE_SWITCH_START state=MODE_SWITCHING attempts=1 streak=0 attempt=1
[2026-09-10T01:12:11.638Z] batch=field-waveform-1789002704375-13 D2 MODE_SWITCH_OK state=MODE_SWITCH_OK attempts=1 streak=0
[2026-09-10T01:12:11.647Z] batch=field-waveform-1789002704375-13 D5 MODE_SWITCH_START state=MODE_SWITCHING attempts=1 streak=0 attempt=1
[2026-09-10T01:12:11.648Z] batch=field-waveform-1789002704375-13 D5 MODE_SWITCH_OK state=MODE_SWITCH_OK attempts=1 streak=0
[2026-09-10T01:12:11.649Z] batch=field-waveform-1789002704375-13 D6 MODE_SWITCH_START state=MODE_SWITCHING attempts=1 streak=0 attempt=1
[2026-09-10T01:12:11.650Z] batch=field-waveform-1789002704375-13 D6 MODE_SWITCH_OK state=MODE_SWITCH_OK attempts=1 streak=0
[2026-09-10T01:12:11.667Z] batch=field-waveform-1789002704375-13 D1 MODE_SWITCH_START state=MODE_SWITCHING attempts=1 streak=0 attempt=1
[2026-09-10T01:12:11.679Z] batch=field-waveform-1789002704375-13 D1 MODE_SWITCH_OK state=MODE_SWITCH_OK attempts=1 streak=0
[2026-09-10T01:12:16.442Z] batch=field-waveform-1789002704375-13 D3 FIRST_FRAME state=FIRST_FRAME_RECEIVED attempts=1 streak=1
[2026-09-10T01:12:16.443Z] batch=field-waveform-1789002704375-13 D3 FIRST_VALID_SAMPLE state=FIRST_FRAME_RECEIVED attempts=1 streak=1
[2026-09-10T01:12:16.688Z] batch=field-waveform-1789002704375-13 D3 CHANNEL_SYNC_OK state=TEST_READY attempts=1 streak=5
[2026-09-10T01:12:16.688Z] batch=field-waveform-1789002704375-13 D3 TEST_READY state=TEST_READY attempts=1 streak=5
[2026-09-10T01:12:16.710Z] batch=field-waveform-1789002704375-13 D4 FIRST_FRAME state=FIRST_FRAME_RECEIVED attempts=1 streak=1
[2026-09-10T01:12:16.710Z] batch=field-waveform-1789002704375-13 D4 FIRST_VALID_SAMPLE state=FIRST_FRAME_RECEIVED attempts=1 streak=1
[2026-09-10T01:12:16.723Z] batch=field-waveform-1789002704375-13 D5 FIRST_FRAME state=FIRST_FRAME_RECEIVED attempts=1 streak=1
[2026-09-10T01:12:16.724Z] batch=field-waveform-1789002704375-13 D5 FIRST_VALID_SAMPLE state=FIRST_FRAME_RECEIVED attempts=1 streak=1
[2026-09-10T01:12:16.725Z] batch=field-waveform-1789002704375-13 D2 FIRST_FRAME state=FIRST_FRAME_RECEIVED attempts=1 streak=1
[2026-09-10T01:12:16.725Z] batch=field-waveform-1789002704375-13 D2 FIRST_VALID_SAMPLE state=FIRST_FRAME_RECEIVED attempts=1 streak=1
[2026-09-10T01:12:16.733Z] batch=field-waveform-1789002704375-13 D1 FIRST_FRAME state=FIRST_FRAME_RECEIVED attempts=1 streak=1
[2026-09-10T01:12:16.734Z] batch=field-waveform-1789002704375-13 D1 FIRST_VALID_SAMPLE state=FIRST_FRAME_RECEIVED attempts=1 streak=1
[2026-09-10T01:12:16.745Z] batch=field-waveform-1789002704375-13 D6 FIRST_FRAME state=FIRST_FRAME_RECEIVED attempts=1 streak=1
[2026-09-10T01:12:16.745Z] batch=field-waveform-1789002704375-13 D6 FIRST_VALID_SAMPLE state=FIRST_FRAME_RECEIVED attempts=1 streak=1
[2026-09-10T01:12:16.960Z] batch=field-waveform-1789002704375-13 D2 CHANNEL_SYNC_OK state=TEST_READY attempts=1 streak=5
[2026-09-10T01:12:16.960Z] batch=field-waveform-1789002704375-13 D2 TEST_READY state=TEST_READY attempts=1 streak=5
[2026-09-10T01:12:16.971Z] batch=field-waveform-1789002704375-13 D4 CHANNEL_SYNC_OK state=TEST_READY attempts=1 streak=5
[2026-09-10T01:12:16.971Z] batch=field-waveform-1789002704375-13 D4 TEST_READY state=TEST_READY attempts=1 streak=5
[2026-09-10T01:12:16.973Z] batch=field-waveform-1789002704375-13 D5 CHANNEL_SYNC_OK state=TEST_READY attempts=1 streak=5
[2026-09-10T01:12:16.973Z] batch=field-waveform-1789002704375-13 D5 TEST_READY state=TEST_READY attempts=1 streak=5
[2026-09-10T01:12:16.974Z] batch=field-waveform-1789002704375-13 D6 CHANNEL_SYNC_OK state=TEST_READY attempts=1 streak=5
[2026-09-10T01:12:16.974Z] batch=field-waveform-1789002704375-13 D6 TEST_READY state=TEST_READY attempts=1 streak=5
[2026-09-10T01:12:16.980Z] batch=field-waveform-1789002704375-13 D1 CHANNEL_SYNC_OK state=TEST_READY attempts=1 streak=5
[2026-09-10T01:12:16.980Z] batch=field-waveform-1789002704375-13 D1 TEST_READY state=TEST_READY attempts=1 streak=5
[2026-09-10T01:13:21.861Z] batch=field-waveform-1789002704375-13 D1 MODE_SWITCH_START state=MODE_SWITCHING attempts=1 streak=0 attempt=1
[2026-09-10T01:13:21.864Z] batch=field-waveform-1789002704375-13 D1 MODE_SWITCH_OK state=MODE_SWITCH_OK attempts=1 streak=0
[2026-09-10T01:13:21.951Z] batch=field-waveform-1789002704375-13 D3 MODE_SWITCH_START state=MODE_SWITCHING attempts=1 streak=0 attempt=1
[2026-09-10T01:13:21.964Z] batch=field-waveform-1789002704375-13 D3 MODE_SWITCH_OK state=MODE_SWITCH_OK attempts=1 streak=0
[2026-09-10T01:13:21.972Z] batch=field-waveform-1789002704375-13 D4 MODE_SWITCH_START state=MODE_SWITCHING attempts=1 streak=0 attempt=1
[2026-09-10T01:13:21.988Z] batch=field-waveform-1789002704375-13 D4 MODE_SWITCH_OK state=MODE_SWITCH_OK attempts=1 streak=0
[2026-09-10T01:13:22.004Z] batch=field-waveform-1789002704375-13 D5 MODE_SWITCH_START state=MODE_SWITCHING attempts=1 streak=0 attempt=1
[2026-09-10T01:13:22.007Z] batch=field-waveform-1789002704375-13 D5 MODE_SWITCH_OK state=MODE_SWITCH_OK attempts=1 streak=0
[2026-09-10T01:13:22.017Z] batch=field-waveform-1789002704375-13 D6 MODE_SWITCH_START state=MODE_SWITCHING attempts=1 streak=0 attempt=1
[2026-09-10T01:13:22.019Z] batch=field-waveform-1789002704375-13 D6 MODE_SWITCH_OK state=MODE_SWITCH_OK attempts=1 streak=0
[2026-09-10T01:13:22.028Z] batch=field-waveform-1789002704375-13 D2 MODE_SWITCH_START state=MODE_SWITCHING attempts=1 streak=0 attempt=1
[2026-09-10T01:13:22.030Z] batch=field-waveform-1789002704375-13 D2 MODE_SWITCH_OK state=MODE_SWITCH_OK attempts=1 streak=0
[2026-09-10T01:13:31.929Z] batch=field-waveform-1789002704375-13 D1 MODE_SWITCH_START state=MODE_SWITCHING attempts=1 streak=0 attempt=1
[2026-09-10T01:13:31.931Z] batch=field-waveform-1789002704375-13 D1 MODE_SWITCH_OK state=MODE_SWITCH_OK attempts=1 streak=0
[2026-09-10T01:13:32.036Z] batch=field-waveform-1789002704375-13 D3 MODE_SWITCH_START state=MODE_SWITCHING attempts=1 streak=0 attempt=1
[2026-09-10T01:13:32.043Z] batch=field-waveform-1789002704375-13 D3 MODE_SWITCH_OK state=MODE_SWITCH_OK attempts=1 streak=0
[2026-09-10T01:13:32.052Z] batch=field-waveform-1789002704375-13 D4 MODE_SWITCH_START state=MODE_SWITCHING attempts=1 streak=0 attempt=1
[2026-09-10T01:13:32.056Z] batch=field-waveform-1789002704375-13 D4 MODE_SWITCH_OK state=MODE_SWITCH_OK attempts=1 streak=0
[2026-09-10T01:13:32.063Z] batch=field-waveform-1789002704375-13 D5 MODE_SWITCH_START state=MODE_SWITCHING attempts=1 streak=0 attempt=1
[2026-09-10T01:13:32.069Z] batch=field-waveform-1789002704375-13 D5 MODE_SWITCH_OK state=MODE_SWITCH_OK attempts=1 streak=0
[2026-09-10T01:13:32.077Z] batch=field-waveform-1789002704375-13 D6 MODE_SWITCH_START state=MODE_SWITCHING attempts=1 streak=0 attempt=1
[2026-09-10T01:13:32.079Z] batch=field-waveform-1789002704375-13 D6 MODE_SWITCH_OK state=MODE_SWITCH_OK attempts=1 streak=0
[2026-09-10T01:13:32.090Z] batch=field-waveform-1789002704375-13 D2 MODE_SWITCH_START state=MODE_SWITCHING attempts=1 streak=0 attempt=1
[2026-09-10T01:13:32.091Z] batch=field-waveform-1789002704375-13 D2 MODE_SWITCH_OK state=MODE_SWITCH_OK attempts=1 streak=0
[2026-09-10T01:13:36.985Z] batch=field-waveform-1789002704375-13 D1 FIRST_FRAME state=FIRST_FRAME_RECEIVED attempts=1 streak=1
[2026-09-10T01:13:36.986Z] batch=field-waveform-1789002704375-13 D1 FIRST_VALID_SAMPLE state=FIRST_FRAME_RECEIVED attempts=1 streak=1
[2026-09-10T01:13:37.139Z] batch=field-waveform-1789002704375-13 D4 FIRST_FRAME state=FIRST_FRAME_RECEIVED attempts=1 streak=1
[2026-09-10T01:13:37.140Z] batch=field-waveform-1789002704375-13 D4 FIRST_VALID_SAMPLE state=FIRST_FRAME_RECEIVED attempts=1 streak=1
[2026-09-10T01:13:37.141Z] batch=field-waveform-1789002704375-13 D3 FIRST_FRAME state=FIRST_FRAME_RECEIVED attempts=1 streak=1
[2026-09-10T01:13:37.141Z] batch=field-waveform-1789002704375-13 D3 FIRST_VALID_SAMPLE state=FIRST_FRAME_RECEIVED attempts=1 streak=1
[2026-09-10T01:13:37.142Z] batch=field-waveform-1789002704375-13 D5 FIRST_FRAME state=FIRST_FRAME_RECEIVED attempts=1 streak=1
[2026-09-10T01:13:37.142Z] batch=field-waveform-1789002704375-13 D5 FIRST_VALID_SAMPLE state=FIRST_FRAME_RECEIVED attempts=1 streak=1
[2026-09-10T01:13:37.244Z] batch=field-waveform-1789002704375-13 D1 CHANNEL_SYNC_OK state=TEST_READY attempts=1 streak=5
[2026-09-10T01:13:37.244Z] batch=field-waveform-1789002704375-13 D1 TEST_READY state=TEST_READY attempts=1 streak=5
[2026-09-10T01:13:37.246Z] batch=field-waveform-1789002704375-13 D6 FIRST_FRAME state=FIRST_FRAME_RECEIVED attempts=1 streak=1
[2026-09-10T01:13:37.246Z] batch=field-waveform-1789002704375-13 D6 FIRST_VALID_SAMPLE state=FIRST_FRAME_RECEIVED attempts=1 streak=1
[2026-09-10T01:13:37.260Z] batch=field-waveform-1789002704375-13 D2 FIRST_FRAME state=FIRST_FRAME_RECEIVED attempts=1 streak=1
[2026-09-10T01:13:37.261Z] batch=field-waveform-1789002704375-13 D2 FIRST_VALID_SAMPLE state=FIRST_FRAME_RECEIVED attempts=1 streak=1
[2026-09-10T01:13:37.396Z] batch=field-waveform-1789002704375-13 D5 CHANNEL_SYNC_OK state=TEST_READY attempts=1 streak=5
[2026-09-10T01:13:37.396Z] batch=field-waveform-1789002704375-13 D5 TEST_READY state=TEST_READY attempts=1 streak=5
[2026-09-10T01:13:37.398Z] batch=field-waveform-1789002704375-13 D3 CHANNEL_SYNC_OK state=TEST_READY attempts=1 streak=5
[2026-09-10T01:13:37.398Z] batch=field-waveform-1789002704375-13 D3 TEST_READY state=TEST_READY attempts=1 streak=5
[2026-09-10T01:13:37.400Z] batch=field-waveform-1789002704375-13 D2 CHANNEL_SYNC_OK state=TEST_READY attempts=1 streak=5
[2026-09-10T01:13:37.401Z] batch=field-waveform-1789002704375-13 D2 TEST_READY state=TEST_READY attempts=1 streak=5
[2026-09-10T01:13:37.406Z] batch=field-waveform-1789002704375-13 D4 CHANNEL_SYNC_OK state=TEST_READY attempts=1 streak=5
[2026-09-10T01:13:37.406Z] batch=field-waveform-1789002704375-13 D4 TEST_READY state=TEST_READY attempts=1 streak=5
[2026-09-10T01:13:37.484Z] batch=field-waveform-1789002704375-13 D6 CHANNEL_SYNC_OK state=TEST_READY attempts=1 streak=5
[2026-09-10T01:13:37.484Z] batch=field-waveform-1789002704375-13 D6 TEST_READY state=TEST_READY attempts=1 streak=5
