[2026-09-14T06:56:25.822Z] batch=- D1 POWER_ON state=COMMUNICATION_READY attempts=0 streak=0
[2026-09-14T06:56:25.822Z] batch=- D1 RS485_RESPONSE state=COMMUNICATION_READY attempts=0 streak=0
[2026-09-14T06:56:25.825Z] batch=- D2 POWER_ON state=COMMUNICATION_READY attempts=0 streak=0
[2026-09-14T06:56:25.825Z] batch=- D2 RS485_RESPONSE state=COMMUNICATION_READY attempts=0 streak=0
[2026-09-14T06:56:25.829Z] batch=- D3 POWER_ON state=COMMUNICATION_READY attempts=0 streak=0
[2026-09-14T06:56:25.829Z] batch=- D3 RS485_RESPONSE state=COMMUNICATION_READY attempts=0 streak=0
[2026-09-14T06:56:25.831Z] batch=- D4 POWER_ON state=COMMUNICATION_READY attempts=0 streak=0
[2026-09-14T06:56:25.831Z] batch=- D4 RS485_RESPONSE state=COMMUNICATION_READY attempts=0 streak=0
[2026-09-14T06:56:25.834Z] batch=- D5 POWER_ON state=COMMUNICATION_READY attempts=0 streak=0
[2026-09-14T06:56:25.834Z] batch=- D5 RS485_RESPONSE state=COMMUNICATION_READY attempts=0 streak=0
[2026-09-14T06:56:25.837Z] batch=- D6 POWER_ON state=COMMUNICATION_READY attempts=0 streak=0
[2026-09-14T06:56:25.837Z] batch=- D6 RS485_RESPONSE state=COMMUNICATION_READY attempts=0 streak=0
[2026-09-14T06:56:25.841Z] batch=- D1 MODE_SWITCH_START state=MODE_SWITCHING attempts=1 streak=0 attempt=1
[2026-09-14T06:56:25.843Z] batch=- D2 MODE_SWITCH_START state=MODE_SWITCHING attempts=1 streak=0 attempt=1
[2026-09-14T06:56:25.844Z] batch=- D3 MODE_SWITCH_START state=MODE_SWITCHING attempts=1 streak=0 attempt=1
[2026-09-14T06:56:25.845Z] batch=- D4 MODE_SWITCH_START state=MODE_SWITCHING attempts=1 streak=0 attempt=1
[2026-09-14T06:56:25.846Z] batch=- D5 MODE_SWITCH_START state=MODE_SWITCHING attempts=1 streak=0 attempt=1
[2026-09-14T06:56:25.847Z] batch=- D6 MODE_SWITCH_START state=MODE_SWITCHING attempts=1 streak=0 attempt=1
[2026-09-14T06:56:25.849Z] batch=- D1 MODE_SWITCH_OK state=MODE_SWITCH_OK attempts=1 streak=0
[2026-09-14T06:56:25.850Z] batch=- D2 MODE_SWITCH_OK state=MODE_SWITCH_OK attempts=1 streak=0
[2026-09-14T06:56:25.851Z] batch=- D3 MODE_SWITCH_OK state=MODE_SWITCH_OK attempts=1 streak=0
[2026-09-14T06:56:25.851Z] batch=- D4 MODE_SWITCH_OK state=MODE_SWITCH_OK attempts=1 streak=0
[2026-09-14T06:56:25.852Z] batch=- D5 MODE_SWITCH_OK state=MODE_SWITCH_OK attempts=1 streak=0
[2026-09-14T06:56:25.854Z] batch=- D6 MODE_SWITCH_OK state=MODE_SWITCH_OK attempts=1 streak=0
[2026-09-14T06:56:35.859Z] batch=- D1 MODE_SWITCH_START state=MODE_SWITCHING attempts=1 streak=0 attempt=1
[2026-09-14T06:56:35.862Z] batch=- D1 MODE_SWITCH_OK state=MODE_SWITCH_OK attempts=1 streak=0
[2026-09-14T06:56:35.863Z] batch=- D2 MODE_SWITCH_START state=MODE_SWITCHING attempts=1 streak=0 attempt=1
[2026-09-14T06:56:35.865Z] batch=- D2 MODE_SWITCH_OK state=MODE_SWITCH_OK attempts=1 streak=0
[2026-09-14T06:56:35.866Z] batch=- D3 MODE_SWITCH_START state=MODE_SWITCHING attempts=1 streak=0 attempt=1
[2026-09-14T06:56:35.868Z] batch=- D3 MODE_SWITCH_OK state=MODE_SWITCH_OK attempts=1 streak=0
[2026-09-14T06:56:35.870Z] batch=- D4 MODE_SWITCH_START state=MODE_SWITCHING attempts=1 streak=0 attempt=1
[2026-09-14T06:56:35.875Z] batch=- D4 MODE_SWITCH_OK state=MODE_SWITCH_OK attempts=1 streak=0
[2026-09-14T06:56:35.876Z] batch=- D5 MODE_SWITCH_START state=MODE_SWITCHING attempts=1 streak=0 attempt=1
[2026-09-14T06:56:35.878Z] batch=- D5 MODE_SWITCH_OK state=MODE_SWITCH_OK attempts=1 streak=0
[2026-09-14T06:56:35.879Z] batch=- D6 MODE_SWITCH_START state=MODE_SWITCHING attempts=1 streak=0 attempt=1
[2026-09-14T06:56:35.882Z] batch=- D6 MODE_SWITCH_OK state=MODE_SWITCH_OK attempts=1 streak=0
[2026-09-14T06:56:39.220Z] batch=field-waveform-1789368999218-1 D1 MODE_SWITCH_START state=MODE_SWITCHING attempts=1 streak=0 attempt=1
[2026-09-14T06:56:39.222Z] batch=field-waveform-1789368999218-1 D2 MODE_SWITCH_START state=MODE_SWITCHING attempts=1 streak=0 attempt=1
[2026-09-14T06:56:39.222Z] batch=field-waveform-1789368999218-1 D3 MODE_SWITCH_START state=MODE_SWITCHING attempts=1 streak=0 attempt=1
[2026-09-14T06:56:39.224Z] batch=field-waveform-1789368999218-1 D4 MODE_SWITCH_START state=MODE_SWITCHING attempts=1 streak=0 attempt=1
[2026-09-14T06:56:39.227Z] batch=field-waveform-1789368999218-1 D5 MODE_SWITCH_START state=MODE_SWITCHING attempts=1 streak=0 attempt=1
[2026-09-14T06:56:39.229Z] batch=field-waveform-1789368999218-1 D6 MODE_SWITCH_START state=MODE_SWITCHING attempts=1 streak=0 attempt=1
[2026-09-14T06:56:39.232Z] batch=field-waveform-1789368999218-1 D1 MODE_SWITCH_OK state=MODE_SWITCH_OK attempts=1 streak=0
[2026-09-14T06:56:39.234Z] batch=field-waveform-1789368999218-1 D2 MODE_SWITCH_OK state=MODE_SWITCH_OK attempts=1 streak=0
[2026-09-14T06:56:39.235Z] batch=field-waveform-1789368999218-1 D3 MODE_SWITCH_OK state=MODE_SWITCH_OK attempts=1 streak=0
[2026-09-14T06:56:39.236Z] batch=field-waveform-1789368999218-1 D4 MODE_SWITCH_OK state=MODE_SWITCH_OK attempts=1 streak=0
[2026-09-14T06:56:39.238Z] batch=field-waveform-1789368999218-1 D5 MODE_SWITCH_OK state=MODE_SWITCH_OK attempts=1 streak=0
[2026-09-14T06:56:39.242Z] batch=field-waveform-1789368999218-1 D6 MODE_SWITCH_OK state=MODE_SWITCH_OK attempts=1 streak=0
[2026-09-14T06:56:45.689Z] batch=field-waveform-1789369005689-2 D1 MODE_SWITCH_START state=MODE_SWITCHING attempts=1 streak=0 attempt=1
[2026-09-14T06:56:45.692Z] batch=field-waveform-1789369005689-2 D2 MODE_SWITCH_START state=MODE_SWITCHING attempts=1 streak=0 attempt=1
[2026-09-14T06:56:45.694Z] batch=field-waveform-1789369005689-2 D3 MODE_SWITCH_START state=MODE_SWITCHING attempts=1 streak=0 attempt=1
[2026-09-14T06:56:45.699Z] batch=field-waveform-1789369005689-2 D4 MODE_SWITCH_START state=MODE_SWITCHING attempts=1 streak=0 attempt=1
[2026-09-14T06:56:45.701Z] batch=field-waveform-1789369005689-2 D5 MODE_SWITCH_START state=MODE_SWITCHING attempts=1 streak=0 attempt=1
[2026-09-14T06:56:45.703Z] batch=field-waveform-1789369005689-2 D6 MODE_SWITCH_START state=MODE_SWITCHING attempts=1 streak=0 attempt=1
[2026-09-14T06:56:45.705Z] batch=field-waveform-1789369005689-2 D1 MODE_SWITCH_OK state=MODE_SWITCH_OK attempts=1 streak=0
[2026-09-14T06:56:45.707Z] batch=field-waveform-1789369005689-2 D2 MODE_SWITCH_OK state=MODE_SWITCH_OK attempts=1 streak=0
[2026-09-14T06:56:45.708Z] batch=field-waveform-1789369005689-2 D3 MODE_SWITCH_OK state=MODE_SWITCH_OK attempts=1 streak=0
[2026-09-14T06:56:45.708Z] batch=field-waveform-1789369005689-2 D4 MODE_SWITCH_OK state=MODE_SWITCH_OK attempts=1 streak=0
[2026-09-14T06:56:45.710Z] batch=field-waveform-1789369005689-2 D5 MODE_SWITCH_OK state=MODE_SWITCH_OK attempts=1 streak=0
[2026-09-14T06:56:45.717Z] batch=field-waveform-1789369005689-2 D6 MODE_SWITCH_OK state=MODE_SWITCH_OK attempts=1 streak=0
[2026-09-14T06:56:45.867Z] batch=field-waveform-1789369005689-2 D1 MODE_SWITCH_START state=MODE_SWITCHING attempts=1 streak=0 attempt=1
[2026-09-14T06:56:45.869Z] batch=field-waveform-1789369005689-2 D1 MODE_SWITCH_OK state=MODE_SWITCH_OK attempts=1 streak=0
[2026-09-14T06:56:45.872Z] batch=field-waveform-1789369005689-2 D2 MODE_SWITCH_START state=MODE_SWITCHING attempts=1 streak=0 attempt=1
[2026-09-14T06:56:45.873Z] batch=field-waveform-1789369005689-2 D2 MODE_SWITCH_OK state=MODE_SWITCH_OK attempts=1 streak=0
[2026-09-14T06:56:45.878Z] batch=field-waveform-1789369005689-2 D3 MODE_SWITCH_START state=MODE_SWITCHING attempts=1 streak=0 attempt=1
[2026-09-14T06:56:45.883Z] batch=field-waveform-1789369005689-2 D3 MODE_SWITCH_OK state=MODE_SWITCH_OK attempts=1 streak=0
[2026-09-14T06:56:45.885Z] batch=field-waveform-1789369005689-2 D4 MODE_SWITCH_START state=MODE_SWITCHING attempts=1 streak=0 attempt=1
[2026-09-14T06:56:45.887Z] batch=field-waveform-1789369005689-2 D4 MODE_SWITCH_OK state=MODE_SWITCH_OK attempts=1 streak=0
[2026-09-14T06:56:45.888Z] batch=field-waveform-1789369005689-2 D5 MODE_SWITCH_START state=MODE_SWITCHING attempts=1 streak=0 attempt=1
[2026-09-14T06:56:45.890Z] batch=field-waveform-1789369005689-2 D5 MODE_SWITCH_OK state=MODE_SWITCH_OK attempts=1 streak=0
[2026-09-14T06:56:45.900Z] batch=field-waveform-1789369005689-2 D6 MODE_SWITCH_START state=MODE_SWITCHING attempts=1 streak=0 attempt=1
[2026-09-14T06:56:45.902Z] batch=field-waveform-1789369005689-2 D6 MODE_SWITCH_OK state=MODE_SWITCH_OK attempts=1 streak=0
[2026-09-14T06:56:55.883Z] batch=field-waveform-1789369005689-2 D1 MODE_SWITCH_START state=MODE_SWITCHING attempts=1 streak=0 attempt=1
[2026-09-14T06:56:55.886Z] batch=field-waveform-1789369005689-2 D1 MODE_SWITCH_OK state=MODE_SWITCH_OK attempts=1 streak=0
[2026-09-14T06:56:55.889Z] batch=field-waveform-1789369005689-2 D2 MODE_SWITCH_START state=MODE_SWITCHING attempts=1 streak=0 attempt=1
[2026-09-14T06:56:55.891Z] batch=field-waveform-1789369005689-2 D2 MODE_SWITCH_OK state=MODE_SWITCH_OK attempts=1 streak=0
[2026-09-14T06:56:55.892Z] batch=field-waveform-1789369005689-2 D3 MODE_SWITCH_START state=MODE_SWITCHING attempts=1 streak=0 attempt=1
[2026-09-14T06:56:55.894Z] batch=field-waveform-1789369005689-2 D3 MODE_SWITCH_OK state=MODE_SWITCH_OK attempts=1 streak=0
[2026-09-14T06:56:55.896Z] batch=field-waveform-1789369005689-2 D4 MODE_SWITCH_START state=MODE_SWITCHING attempts=1 streak=0 attempt=1
[2026-09-14T06:56:55.897Z] batch=field-waveform-1789369005689-2 D4 MODE_SWITCH_OK state=MODE_SWITCH_OK attempts=1 streak=0
[2026-09-14T06:56:55.899Z] batch=field-waveform-1789369005689-2 D5 MODE_SWITCH_START state=MODE_SWITCHING attempts=1 streak=0 attempt=1
[2026-09-14T06:56:55.900Z] batch=field-waveform-1789369005689-2 D5 MODE_SWITCH_OK state=MODE_SWITCH_OK attempts=1 streak=0
[2026-09-14T06:56:55.902Z] batch=field-waveform-1789369005689-2 D6 MODE_SWITCH_START state=MODE_SWITCHING attempts=1 streak=0 attempt=1
[2026-09-14T06:56:55.905Z] batch=field-waveform-1789369005689-2 D6 MODE_SWITCH_OK state=MODE_SWITCH_OK attempts=1 streak=0
[2026-09-14T06:57:05.888Z] batch=field-waveform-1789369005689-2 D1 MODE_SWITCH_START state=MODE_SWITCHING attempts=1 streak=0 attempt=1
[2026-09-14T06:57:05.892Z] batch=field-waveform-1789369005689-2 D1 MODE_SWITCH_OK state=MODE_SWITCH_OK attempts=1 streak=0
[2026-09-14T06:57:05.919Z] batch=field-waveform-1789369005689-2 D2 MODE_SWITCH_START state=MODE_SWITCHING attempts=1 streak=0 attempt=1
[2026-09-14T06:57:05.921Z] batch=field-waveform-1789369005689-2 D2 MODE_SWITCH_OK state=MODE_SWITCH_OK attempts=1 streak=0
[2026-09-14T06:57:05.922Z] batch=field-waveform-1789369005689-2 D3 MODE_SWITCH_START state=MODE_SWITCHING attempts=1 streak=0 attempt=1
[2026-09-14T06:57:05.924Z] batch=field-waveform-1789369005689-2 D3 MODE_SWITCH_OK state=MODE_SWITCH_OK attempts=1 streak=0
[2026-09-14T06:57:05.925Z] batch=field-waveform-1789369005689-2 D4 MODE_SWITCH_START state=MODE_SWITCHING attempts=1 streak=0 attempt=1
[2026-09-14T06:57:05.930Z] batch=field-waveform-1789369005689-2 D4 MODE_SWITCH_OK state=MODE_SWITCH_OK attempts=1 streak=0
[2026-09-14T06:57:05.935Z] batch=field-waveform-1789369005689-2 D5 MODE_SWITCH_START state=MODE_SWITCHING attempts=1 streak=0 attempt=1
[2026-09-14T06:57:05.937Z] batch=field-waveform-1789369005689-2 D5 MODE_SWITCH_OK state=MODE_SWITCH_OK attempts=1 streak=0
[2026-09-14T06:57:05.939Z] batch=field-waveform-1789369005689-2 D6 MODE_SWITCH_START state=MODE_SWITCHING attempts=1 streak=0 attempt=1
[2026-09-14T06:57:05.941Z] batch=field-waveform-1789369005689-2 D6 MODE_SWITCH_OK state=MODE_SWITCH_OK attempts=1 streak=0
[2026-09-14T06:57:15.901Z] batch=field-waveform-1789369005689-2 D1 MODE_SWITCH_START state=MODE_SWITCHING attempts=1 streak=0 attempt=1
[2026-09-14T06:57:15.904Z] batch=field-waveform-1789369005689-2 D1 MODE_SWITCH_OK state=MODE_SWITCH_OK attempts=1 streak=0
[2026-09-14T06:57:15.928Z] batch=field-waveform-1789369005689-2 D2 MODE_SWITCH_START state=MODE_SWITCHING attempts=1 streak=0 attempt=1
[2026-09-14T06:57:15.930Z] batch=field-waveform-1789369005689-2 D2 MODE_SWITCH_OK state=MODE_SWITCH_OK attempts=1 streak=0
[2026-09-14T06:57:15.931Z] batch=field-waveform-1789369005689-2 D3 MODE_SWITCH_START state=MODE_SWITCHING attempts=1 streak=0 attempt=1
[2026-09-14T06:57:15.934Z] batch=field-waveform-1789369005689-2 D3 MODE_SWITCH_OK state=MODE_SWITCH_OK attempts=1 streak=0
[2026-09-14T06:57:15.938Z] batch=field-waveform-1789369005689-2 D4 MODE_SWITCH_START state=MODE_SWITCHING attempts=1 streak=0 attempt=1
[2026-09-14T06:57:15.944Z] batch=field-waveform-1789369005689-2 D4 MODE_SWITCH_OK state=MODE_SWITCH_OK attempts=1 streak=0
[2026-09-14T06:57:15.946Z] batch=field-waveform-1789369005689-2 D5 MODE_SWITCH_START state=MODE_SWITCHING attempts=1 streak=0 attempt=1
[2026-09-14T06:57:15.948Z] batch=field-waveform-1789369005689-2 D5 MODE_SWITCH_OK state=MODE_SWITCH_OK attempts=1 streak=0
[2026-09-14T06:57:15.952Z] batch=field-waveform-1789369005689-2 D6 MODE_SWITCH_START state=MODE_SWITCHING attempts=1 streak=0 attempt=1
[2026-09-14T06:57:15.954Z] batch=field-waveform-1789369005689-2 D6 MODE_SWITCH_OK state=MODE_SWITCH_OK attempts=1 streak=0
[2026-09-14T06:57:21.840Z] batch=field-waveform-1789369005689-2 D2 FIRST_FRAME state=FIRST_FRAME_RECEIVED attempts=1 streak=1
[2026-09-14T06:57:21.841Z] batch=field-waveform-1789369005689-2 D2 FIRST_VALID_SAMPLE state=FIRST_FRAME_RECEIVED attempts=1 streak=1
[2026-09-14T06:57:21.863Z] batch=field-waveform-1789369005689-2 D5 FIRST_FRAME state=FIRST_FRAME_RECEIVED attempts=1 streak=1
[2026-09-14T06:57:21.863Z] batch=field-waveform-1789369005689-2 D5 FIRST_VALID_SAMPLE state=FIRST_FRAME_RECEIVED attempts=1 streak=1
[2026-09-14T06:57:21.870Z] batch=field-waveform-1789369005689-2 D1 FIRST_FRAME state=FIRST_FRAME_RECEIVED attempts=1 streak=1
[2026-09-14T06:57:21.870Z] batch=field-waveform-1789369005689-2 D1 FIRST_VALID_SAMPLE state=FIRST_FRAME_RECEIVED attempts=1 streak=1
[2026-09-14T06:57:21.877Z] batch=field-waveform-1789369005689-2 D4 FIRST_FRAME state=FIRST_FRAME_RECEIVED attempts=1 streak=1
[2026-09-14T06:57:21.878Z] batch=field-waveform-1789369005689-2 D4 FIRST_VALID_SAMPLE state=FIRST_FRAME_RECEIVED attempts=1 streak=1
[2026-09-14T06:57:21.883Z] batch=field-waveform-1789369005689-2 D3 FIRST_FRAME state=FIRST_FRAME_RECEIVED attempts=1 streak=1
[2026-09-14T06:57:21.883Z] batch=field-waveform-1789369005689-2 D3 FIRST_VALID_SAMPLE state=FIRST_FRAME_RECEIVED attempts=1 streak=1
[2026-09-14T06:57:22.086Z] batch=field-waveform-1789369005689-2 D2 CHANNEL_SYNC_OK state=TEST_READY attempts=1 streak=5
[2026-09-14T06:57:22.087Z] batch=field-waveform-1789369005689-2 D2 TEST_READY state=TEST_READY attempts=1 streak=5
[2026-09-14T06:57:22.110Z] batch=field-waveform-1789369005689-2 D5 CHANNEL_SYNC_OK state=TEST_READY attempts=1 streak=5
[2026-09-14T06:57:22.111Z] batch=field-waveform-1789369005689-2 D5 TEST_READY state=TEST_READY attempts=1 streak=5
[2026-09-14T06:57:22.118Z] batch=field-waveform-1789369005689-2 D1 CHANNEL_SYNC_OK state=TEST_READY attempts=1 streak=5
[2026-09-14T06:57:22.119Z] batch=field-waveform-1789369005689-2 D1 TEST_READY state=TEST_READY attempts=1 streak=5
[2026-09-14T06:57:22.127Z] batch=field-waveform-1789369005689-2 D4 CHANNEL_SYNC_OK state=TEST_READY attempts=1 streak=5
[2026-09-14T06:57:22.128Z] batch=field-waveform-1789369005689-2 D4 TEST_READY state=TEST_READY attempts=1 streak=5
[2026-09-14T06:57:22.133Z] batch=field-waveform-1789369005689-2 D3 CHANNEL_SYNC_OK state=TEST_READY attempts=1 streak=5
[2026-09-14T06:57:22.133Z] batch=field-waveform-1789369005689-2 D3 TEST_READY state=TEST_READY attempts=1 streak=5
[2026-09-14T06:57:25.963Z] batch=field-waveform-1789369005689-2 D6 MODE_SWITCH_START state=MODE_SWITCHING attempts=1 streak=0 attempt=1
[2026-09-14T06:57:25.973Z] batch=field-waveform-1789369005689-2 D6 MODE_SWITCH_OK state=MODE_SWITCH_OK attempts=1 streak=0
[2026-09-14T06:57:35.978Z] batch=field-waveform-1789369005689-2 D6 MODE_SWITCH_START state=MODE_SWITCHING attempts=1 streak=0 attempt=1
[2026-09-14T06:57:35.980Z] batch=field-waveform-1789369005689-2 D6 MODE_SWITCH_OK state=MODE_SWITCH_OK attempts=1 streak=0
[2026-09-14T06:57:45.899Z] batch=field-waveform-1789369005689-2 D3 MODE_SWITCH_START state=MODE_SWITCHING attempts=1 streak=0 attempt=1
[2026-09-14T06:57:45.900Z] batch=field-waveform-1789369005689-2 D3 MODE_SWITCH_OK state=MODE_SWITCH_OK attempts=1 streak=0
[2026-09-14T06:57:45.931Z] batch=field-waveform-1789369005689-2 D2 MODE_SWITCH_START state=MODE_SWITCHING attempts=1 streak=0 attempt=1
[2026-09-14T06:57:45.933Z] batch=field-waveform-1789369005689-2 D2 MODE_SWITCH_OK state=MODE_SWITCH_OK attempts=1 streak=0
[2026-09-14T06:57:45.982Z] batch=field-waveform-1789369005689-2 D6 MODE_SWITCH_START state=MODE_SWITCHING attempts=1 streak=0 attempt=1
[2026-09-14T06:57:45.984Z] batch=field-waveform-1789369005689-2 D6 MODE_SWITCH_OK state=MODE_SWITCH_OK attempts=1 streak=0
[2026-09-14T06:57:52.339Z] batch=field-waveform-1789369005689-2 D3 FIRST_FRAME state=FIRST_FRAME_RECEIVED attempts=1 streak=1
[2026-09-14T06:57:52.340Z] batch=field-waveform-1789369005689-2 D3 FIRST_VALID_SAMPLE state=FIRST_FRAME_RECEIVED attempts=1 streak=1
[2026-09-14T06:57:52.343Z] batch=field-waveform-1789369005689-2 D2 FIRST_FRAME state=FIRST_FRAME_RECEIVED attempts=1 streak=1
[2026-09-14T06:57:52.343Z] batch=field-waveform-1789369005689-2 D2 FIRST_VALID_SAMPLE state=FIRST_FRAME_RECEIVED attempts=1 streak=1
[2026-09-14T06:57:52.578Z] batch=field-waveform-1789369005689-2 D3 CHANNEL_SYNC_OK state=TEST_READY attempts=1 streak=5
[2026-09-14T06:57:52.579Z] batch=field-waveform-1789369005689-2 D3 TEST_READY state=TEST_READY attempts=1 streak=5
[2026-09-14T06:57:52.592Z] batch=field-waveform-1789369005689-2 D2 CHANNEL_SYNC_OK state=TEST_READY attempts=1 streak=5
[2026-09-14T06:57:52.592Z] batch=field-waveform-1789369005689-2 D2 TEST_READY state=TEST_READY attempts=1 streak=5
[2026-09-14T06:57:55.989Z] batch=field-waveform-1789369005689-2 D6 MODE_SWITCH_START state=MODE_SWITCHING attempts=1 streak=0 attempt=1
[2026-09-14T06:57:55.991Z] batch=field-waveform-1789369005689-2 D6 MODE_SWITCH_OK state=MODE_SWITCH_OK attempts=1 streak=0
[2026-09-14T06:58:06.026Z] batch=field-waveform-1789369005689-2 D6 MODE_SWITCH_START state=MODE_SWITCHING attempts=1 streak=0 attempt=1
[2026-09-14T06:58:06.029Z] batch=field-waveform-1789369005689-2 D6 MODE_SWITCH_OK state=MODE_SWITCH_OK attempts=1 streak=0
[2026-09-14T06:58:16.054Z] batch=field-waveform-1789369005689-2 D6 MODE_SWITCH_START state=MODE_SWITCHING attempts=1 streak=0 attempt=1
[2026-09-14T06:58:16.055Z] batch=field-waveform-1789369005689-2 D6 MODE_SWITCH_OK state=MODE_SWITCH_OK attempts=1 streak=0
[2026-09-14T06:58:23.072Z] batch=field-waveform-1789369005689-2 D3 MODE_SWITCH_START state=MODE_SWITCHING attempts=1 streak=0 attempt=1
[2026-09-14T06:58:23.076Z] batch=field-waveform-1789369005689-2 D3 MODE_SWITCH_OK state=MODE_SWITCH_OK attempts=1 streak=0
[2026-09-14T06:58:23.252Z] batch=field-waveform-1789369005689-2 D2 MODE_SWITCH_START state=MODE_SWITCHING attempts=1 streak=0 attempt=1
[2026-09-14T06:58:23.254Z] batch=field-waveform-1789369005689-2 D2 MODE_SWITCH_OK state=MODE_SWITCH_OK attempts=1 streak=0
[2026-09-14T06:58:24.361Z] batch=field-waveform-1789369005689-2 D1 MODE_SWITCH_START state=MODE_SWITCHING attempts=1 streak=0 attempt=1
[2026-09-14T06:58:24.362Z] batch=field-waveform-1789369005689-2 D1 MODE_SWITCH_OK state=MODE_SWITCH_OK attempts=1 streak=0
[2026-09-14T06:58:24.365Z] batch=field-waveform-1789369005689-2 D5 MODE_SWITCH_START state=MODE_SWITCHING attempts=1 streak=0 attempt=1
[2026-09-14T06:58:24.366Z] batch=field-waveform-1789369005689-2 D5 MODE_SWITCH_OK state=MODE_SWITCH_OK attempts=1 streak=0
[2026-09-14T06:58:24.377Z] batch=field-waveform-1789369005689-2 D4 MODE_SWITCH_START state=MODE_SWITCHING attempts=1 streak=0 attempt=1
[2026-09-14T06:58:24.379Z] batch=field-waveform-1789369005689-2 D4 MODE_SWITCH_OK state=MODE_SWITCH_OK attempts=1 streak=0
[2026-09-14T06:58:26.134Z] batch=field-waveform-1789369005689-2 D6 MODE_SWITCH_START state=MODE_SWITCHING attempts=1 streak=0 attempt=1
[2026-09-14T06:58:26.139Z] batch=field-waveform-1789369005689-2 D6 MODE_SWITCH_OK state=MODE_SWITCH_OK attempts=1 streak=0
[2026-09-14T06:58:33.079Z] batch=field-waveform-1789369005689-2 D3 MODE_SWITCH_START state=MODE_SWITCHING attempts=1 streak=0 attempt=1
[2026-09-14T06:58:33.081Z] batch=field-waveform-1789369005689-2 D3 MODE_SWITCH_OK state=MODE_SWITCH_OK attempts=1 streak=0
[2026-09-14T06:58:33.272Z] batch=field-waveform-1789369005689-2 D2 MODE_SWITCH_START state=MODE_SWITCHING attempts=1 streak=0 attempt=1
[2026-09-14T06:58:33.276Z] batch=field-waveform-1789369005689-2 D2 MODE_SWITCH_OK state=MODE_SWITCH_OK attempts=1 streak=0
[2026-09-14T06:58:34.380Z] batch=field-waveform-1789369005689-2 D1 MODE_SWITCH_START state=MODE_SWITCHING attempts=1 streak=0 attempt=1
[2026-09-14T06:58:34.382Z] batch=field-waveform-1789369005689-2 D1 MODE_SWITCH_OK state=MODE_SWITCH_OK attempts=1 streak=0
[2026-09-14T06:58:34.388Z] batch=field-waveform-1789369005689-2 D5 MODE_SWITCH_START state=MODE_SWITCHING attempts=1 streak=0 attempt=1
[2026-09-14T06:58:34.396Z] batch=field-waveform-1789369005689-2 D5 MODE_SWITCH_OK state=MODE_SWITCH_OK attempts=1 streak=0
[2026-09-14T06:58:34.401Z] batch=field-waveform-1789369005689-2 D4 MODE_SWITCH_START state=MODE_SWITCHING attempts=1 streak=0 attempt=1
[2026-09-14T06:58:34.402Z] batch=field-waveform-1789369005689-2 D4 MODE_SWITCH_OK state=MODE_SWITCH_OK attempts=1 streak=0
[2026-09-14T06:58:36.247Z] batch=field-waveform-1789369005689-2 D6 MODE_SWITCH_START state=MODE_SWITCHING attempts=1 streak=0 attempt=1
[2026-09-14T06:58:36.251Z] batch=field-waveform-1789369005689-2 D6 MODE_SWITCH_OK state=MODE_SWITCH_OK attempts=1 streak=0
[2026-09-14T06:58:38.229Z] batch=field-waveform-1789369005689-2 D3 FIRST_FRAME state=FIRST_FRAME_RECEIVED attempts=1 streak=1
[2026-09-14T06:58:38.229Z] batch=field-waveform-1789369005689-2 D3 FIRST_VALID_SAMPLE state=FIRST_FRAME_RECEIVED attempts=1 streak=1
[2026-09-14T06:58:38.489Z] batch=field-waveform-1789369005689-2 D2 FIRST_FRAME state=FIRST_FRAME_RECEIVED attempts=1 streak=1
[2026-09-14T06:58:38.490Z] batch=field-waveform-1789369005689-2 D2 FIRST_VALID_SAMPLE state=FIRST_FRAME_RECEIVED attempts=1 streak=1
[2026-09-14T06:58:38.499Z] batch=field-waveform-1789369005689-2 D3 CHANNEL_SYNC_OK state=TEST_READY attempts=1 streak=5
[2026-09-14T06:58:38.500Z] batch=field-waveform-1789369005689-2 D3 TEST_READY state=TEST_READY attempts=1 streak=5
[2026-09-14T06:58:38.617Z] batch=field-waveform-1789369005689-2 D2 CHANNEL_SYNC_OK state=TEST_READY attempts=1 streak=5
[2026-09-14T06:58:38.617Z] batch=field-waveform-1789369005689-2 D2 TEST_READY state=TEST_READY attempts=1 streak=5
[2026-09-14T06:58:39.513Z] batch=field-waveform-1789369005689-2 D1 FIRST_FRAME state=FIRST_FRAME_RECEIVED attempts=1 streak=1
[2026-09-14T06:58:39.513Z] batch=field-waveform-1789369005689-2 D1 FIRST_VALID_SAMPLE state=FIRST_FRAME_RECEIVED attempts=1 streak=1
[2026-09-14T06:58:39.516Z] batch=field-waveform-1789369005689-2 D4 FIRST_FRAME state=FIRST_FRAME_RECEIVED attempts=1 streak=1
[2026-09-14T06:58:39.516Z] batch=field-waveform-1789369005689-2 D4 FIRST_VALID_SAMPLE state=FIRST_FRAME_RECEIVED attempts=1 streak=1
[2026-09-14T06:58:39.518Z] batch=field-waveform-1789369005689-2 D5 FIRST_FRAME state=FIRST_FRAME_RECEIVED attempts=1 streak=1
[2026-09-14T06:58:39.518Z] batch=field-waveform-1789369005689-2 D5 FIRST_VALID_SAMPLE state=FIRST_FRAME_RECEIVED attempts=1 streak=1
[2026-09-14T06:58:39.721Z] batch=field-waveform-1789369005689-2 D1 CHANNEL_SYNC_OK state=TEST_READY attempts=1 streak=5
[2026-09-14T06:58:39.721Z] batch=field-waveform-1789369005689-2 D1 TEST_READY state=TEST_READY attempts=1 streak=5
[2026-09-14T06:58:39.737Z] batch=field-waveform-1789369005689-2 D4 CHANNEL_SYNC_OK state=TEST_READY attempts=1 streak=5
[2026-09-14T06:58:39.737Z] batch=field-waveform-1789369005689-2 D4 TEST_READY state=TEST_READY attempts=1 streak=5
[2026-09-14T06:58:39.851Z] batch=field-waveform-1789369005689-2 D5 CHANNEL_SYNC_OK state=TEST_READY attempts=1 streak=5
[2026-09-14T06:58:39.851Z] batch=field-waveform-1789369005689-2 D5 TEST_READY state=TEST_READY attempts=1 streak=5
[2026-09-14T06:58:46.356Z] batch=field-waveform-1789369005689-2 D6 MODE_SWITCH_START state=MODE_SWITCHING attempts=1 streak=0 attempt=1
[2026-09-14T06:58:46.360Z] batch=field-waveform-1789369005689-2 D6 MODE_SWITCH_OK state=MODE_SWITCH_OK attempts=1 streak=0
[2026-09-14T06:58:56.468Z] batch=field-waveform-1789369005689-2 D6 MODE_SWITCH_START state=MODE_SWITCHING attempts=1 streak=0 attempt=1
[2026-09-14T06:58:56.470Z] batch=field-waveform-1789369005689-2 D6 MODE_SWITCH_OK state=MODE_SWITCH_OK attempts=1 streak=0
[2026-09-14T06:59:06.828Z] batch=field-waveform-1789369005689-2 D6 MODE_SWITCH_START state=MODE_SWITCHING attempts=1 streak=0 attempt=1
[2026-09-14T06:59:06.831Z] batch=field-waveform-1789369005689-2 D6 MODE_SWITCH_OK state=MODE_SWITCH_OK attempts=1 streak=0
[2026-09-14T06:59:13.910Z] batch=field-waveform-1789369005689-2 D4 MODE_SWITCH_START state=MODE_SWITCHING attempts=1 streak=0 attempt=1
[2026-09-14T06:59:13.912Z] batch=field-waveform-1789369005689-2 D4 MODE_SWITCH_OK state=MODE_SWITCH_OK attempts=1 streak=0
[2026-09-14T06:59:13.923Z] batch=field-waveform-1789369005689-2 D5 MODE_SWITCH_START state=MODE_SWITCHING attempts=1 streak=0 attempt=1
[2026-09-14T06:59:13.925Z] batch=field-waveform-1789369005689-2 D5 MODE_SWITCH_OK state=MODE_SWITCH_OK attempts=1 streak=0
[2026-09-14T06:59:13.931Z] batch=field-waveform-1789369005689-2 D1 MODE_SWITCH_START state=MODE_SWITCHING attempts=1 streak=0 attempt=1
[2026-09-14T06:59:13.932Z] batch=field-waveform-1789369005689-2 D1 MODE_SWITCH_OK state=MODE_SWITCH_OK attempts=1 streak=0
[2026-09-14T06:59:16.887Z] batch=field-waveform-1789369005689-2 D6 MODE_SWITCH_START state=MODE_SWITCHING attempts=1 streak=0 attempt=1
[2026-09-14T06:59:16.892Z] batch=field-waveform-1789369005689-2 D6 MODE_SWITCH_OK state=MODE_SWITCH_OK attempts=1 streak=0
[2026-09-14T06:59:23.486Z] batch=field-waveform-1789369005689-2 D3 MODE_SWITCH_START state=MODE_SWITCHING attempts=1 streak=0 attempt=1
[2026-09-14T06:59:23.489Z] batch=field-waveform-1789369005689-2 D3 MODE_SWITCH_OK state=MODE_SWITCH_OK attempts=1 streak=0
[2026-09-14T06:59:23.708Z] batch=field-waveform-1789369005689-2 D2 MODE_SWITCH_START state=MODE_SWITCHING attempts=1 streak=0 attempt=1
[2026-09-14T06:59:23.713Z] batch=field-waveform-1789369005689-2 D2 MODE_SWITCH_OK state=MODE_SWITCH_OK attempts=1 streak=0
[2026-09-14T06:59:24.026Z] batch=field-waveform-1789369005689-2 D4 MODE_SWITCH_START state=MODE_SWITCHING attempts=1 streak=0 attempt=1
[2026-09-14T06:59:24.030Z] batch=field-waveform-1789369005689-2 D4 MODE_SWITCH_OK state=MODE_SWITCH_OK attempts=1 streak=0
[2026-09-14T06:59:24.035Z] batch=field-waveform-1789369005689-2 D5 MODE_SWITCH_START state=MODE_SWITCHING attempts=1 streak=0 attempt=1
[2026-09-14T06:59:24.038Z] batch=field-waveform-1789369005689-2 D5 MODE_SWITCH_OK state=MODE_SWITCH_OK attempts=1 streak=0
[2026-09-14T06:59:24.043Z] batch=field-waveform-1789369005689-2 D1 MODE_SWITCH_START state=MODE_SWITCHING attempts=1 streak=0 attempt=1
[2026-09-14T06:59:24.047Z] batch=field-waveform-1789369005689-2 D1 MODE_SWITCH_OK state=MODE_SWITCH_OK attempts=1 streak=0
[2026-09-14T06:59:27.191Z] batch=field-waveform-1789369005689-2 D6 MODE_SWITCH_START state=MODE_SWITCHING attempts=1 streak=0 attempt=1
[2026-09-14T06:59:27.193Z] batch=field-waveform-1789369005689-2 D6 MODE_SWITCH_OK state=MODE_SWITCH_OK attempts=1 streak=0
[2026-09-14T06:59:33.577Z] batch=field-waveform-1789369005689-2 D3 MODE_SWITCH_START state=MODE_SWITCHING attempts=1 streak=0 attempt=1
[2026-09-14T06:59:33.579Z] batch=field-waveform-1789369005689-2 D3 MODE_SWITCH_OK state=MODE_SWITCH_OK attempts=1 streak=0
[2026-09-14T06:59:33.891Z] batch=field-waveform-1789369005689-2 D2 MODE_SWITCH_START state=MODE_SWITCHING attempts=1 streak=0 attempt=1
[2026-09-14T06:59:33.893Z] batch=field-waveform-1789369005689-2 D2 MODE_SWITCH_OK state=MODE_SWITCH_OK attempts=1 streak=0
[2026-09-14T06:59:34.161Z] batch=field-waveform-1789369005689-2 D4 MODE_SWITCH_START state=MODE_SWITCHING attempts=1 streak=0 attempt=1
[2026-09-14T06:59:34.163Z] batch=field-waveform-1789369005689-2 D4 MODE_SWITCH_OK state=MODE_SWITCH_OK attempts=1 streak=0
[2026-09-14T06:59:34.170Z] batch=field-waveform-1789369005689-2 D5 MODE_SWITCH_START state=MODE_SWITCHING attempts=1 streak=0 attempt=1
[2026-09-14T06:59:34.172Z] batch=field-waveform-1789369005689-2 D5 MODE_SWITCH_OK state=MODE_SWITCH_OK attempts=1 streak=0
[2026-09-14T06:59:34.177Z] batch=field-waveform-1789369005689-2 D1 MODE_SWITCH_START state=MODE_SWITCHING attempts=1 streak=0 attempt=1
[2026-09-14T06:59:34.179Z] batch=field-waveform-1789369005689-2 D1 MODE_SWITCH_OK state=MODE_SWITCH_OK attempts=1 streak=0
[2026-09-14T06:59:37.234Z] batch=field-waveform-1789369005689-2 D6 MODE_SWITCH_START state=MODE_SWITCHING attempts=1 streak=0 attempt=1
[2026-09-14T06:59:37.242Z] batch=field-waveform-1789369005689-2 D6 MODE_SWITCH_OK state=MODE_SWITCH_OK attempts=1 streak=0
