[2026-09-16T06:17:23.783Z] batch=field-waveform-1789539263199-7 D3 MODE_SWITCH_START state=MODE_SWITCHING attempts=1 streak=0 attempt=1
[2026-09-16T06:17:23.784Z] batch=field-waveform-1789539263199-7 D3 MODE_SWITCH_OK state=MODE_SWITCH_OK attempts=1 streak=0
[2026-09-16T06:17:24.375Z] batch=field-waveform-1789539263199-7 D2 MODE_SWITCH_START state=MODE_SWITCHING attempts=1 streak=0 attempt=1
[2026-09-16T06:17:24.377Z] batch=field-waveform-1789539263199-7 D2 MODE_SWITCH_OK state=MODE_SWITCH_OK attempts=1 streak=0
[2026-09-16T06:17:24.382Z] batch=field-waveform-1789539263199-7 D5 MODE_SWITCH_START state=MODE_SWITCHING attempts=1 streak=0 attempt=1
[2026-09-16T06:17:24.383Z] batch=field-waveform-1789539263199-7 D5 MODE_SWITCH_OK state=MODE_SWITCH_OK attempts=1 streak=0
[2026-09-16T06:17:24.732Z] batch=field-waveform-1789539263199-7 D1 MODE_SWITCH_START state=MODE_SWITCHING attempts=1 streak=0 attempt=1
[2026-09-16T06:17:24.734Z] batch=field-waveform-1789539263199-7 D1 MODE_SWITCH_OK state=MODE_SWITCH_OK attempts=1 streak=0
[2026-09-16T06:17:24.739Z] batch=field-waveform-1789539263199-7 D4 MODE_SWITCH_START state=MODE_SWITCHING attempts=1 streak=0 attempt=1
[2026-09-16T06:17:24.740Z] batch=field-waveform-1789539263199-7 D4 MODE_SWITCH_OK state=MODE_SWITCH_OK attempts=1 streak=0
[2026-09-16T06:17:24.744Z] batch=field-waveform-1789539263199-7 D6 MODE_SWITCH_START state=MODE_SWITCHING attempts=1 streak=0 attempt=1
[2026-09-16T06:17:24.745Z] batch=field-waveform-1789539263199-7 D6 MODE_SWITCH_OK state=MODE_SWITCH_OK attempts=1 streak=0
[2026-09-16T06:17:33.896Z] batch=field-waveform-1789539263199-7 D3 MODE_SWITCH_START state=MODE_SWITCHING attempts=1 streak=0 attempt=1
[2026-09-16T06:17:33.898Z] batch=field-waveform-1789539263199-7 D3 MODE_SWITCH_OK state=MODE_SWITCH_OK attempts=1 streak=0
[2026-09-16T06:17:34.542Z] batch=field-waveform-1789539263199-7 D2 MODE_SWITCH_START state=MODE_SWITCHING attempts=1 streak=0 attempt=1
[2026-09-16T06:17:34.544Z] batch=field-waveform-1789539263199-7 D2 MODE_SWITCH_OK state=MODE_SWITCH_OK attempts=1 streak=0
[2026-09-16T06:17:34.548Z] batch=field-waveform-1789539263199-7 D5 MODE_SWITCH_START state=MODE_SWITCHING attempts=1 streak=0 attempt=1
[2026-09-16T06:17:34.549Z] batch=field-waveform-1789539263199-7 D5 MODE_SWITCH_OK state=MODE_SWITCH_OK attempts=1 streak=0
[2026-09-16T06:17:34.747Z] batch=field-waveform-1789539263199-7 D1 MODE_SWITCH_START state=MODE_SWITCHING attempts=1 streak=0 attempt=1
[2026-09-16T06:17:34.750Z] batch=field-waveform-1789539263199-7 D1 MODE_SWITCH_OK state=MODE_SWITCH_OK attempts=1 streak=0
[2026-09-16T06:17:34.925Z] batch=field-waveform-1789539263199-7 D4 MODE_SWITCH_START state=MODE_SWITCHING attempts=1 streak=0 attempt=1
[2026-09-16T06:17:34.926Z] batch=field-waveform-1789539263199-7 D4 MODE_SWITCH_OK state=MODE_SWITCH_OK attempts=1 streak=0
[2026-09-16T06:17:34.930Z] batch=field-waveform-1789539263199-7 D6 MODE_SWITCH_START state=MODE_SWITCHING attempts=1 streak=0 attempt=1
[2026-09-16T06:17:34.931Z] batch=field-waveform-1789539263199-7 D6 MODE_SWITCH_OK state=MODE_SWITCH_OK attempts=1 streak=0
[2026-09-16T06:17:44.075Z] batch=field-waveform-1789539263199-7 D3 MODE_SWITCH_START state=MODE_SWITCHING attempts=1 streak=0 attempt=1
[2026-09-16T06:17:44.078Z] batch=field-waveform-1789539263199-7 D3 MODE_SWITCH_OK state=MODE_SWITCH_OK attempts=1 streak=0
[2026-09-16T06:17:44.631Z] batch=field-waveform-1789539263199-7 D2 MODE_SWITCH_START state=MODE_SWITCHING attempts=1 streak=0 attempt=1
[2026-09-16T06:17:44.633Z] batch=field-waveform-1789539263199-7 D2 MODE_SWITCH_OK state=MODE_SWITCH_OK attempts=1 streak=0
[2026-09-16T06:17:44.637Z] batch=field-waveform-1789539263199-7 D5 MODE_SWITCH_START state=MODE_SWITCHING attempts=1 streak=0 attempt=1
[2026-09-16T06:17:44.640Z] batch=field-waveform-1789539263199-7 D5 MODE_SWITCH_OK state=MODE_SWITCH_OK attempts=1 streak=0
[2026-09-16T06:17:44.942Z] batch=field-waveform-1789539263199-7 D1 MODE_SWITCH_START state=MODE_SWITCHING attempts=1 streak=0 attempt=1
[2026-09-16T06:17:44.945Z] batch=field-waveform-1789539263199-7 D1 MODE_SWITCH_OK state=MODE_SWITCH_OK attempts=1 streak=0
[2026-09-16T06:17:44.950Z] batch=field-waveform-1789539263199-7 D4 MODE_SWITCH_START state=MODE_SWITCHING attempts=1 streak=0 attempt=1
[2026-09-16T06:17:44.951Z] batch=field-waveform-1789539263199-7 D4 MODE_SWITCH_OK state=MODE_SWITCH_OK attempts=1 streak=0
[2026-09-16T06:17:44.955Z] batch=field-waveform-1789539263199-7 D6 MODE_SWITCH_START state=MODE_SWITCHING attempts=1 streak=0 attempt=1
[2026-09-16T06:17:44.955Z] batch=field-waveform-1789539263199-7 D6 MODE_SWITCH_OK state=MODE_SWITCH_OK attempts=1 streak=0
[2026-09-16T06:17:54.555Z] batch=field-waveform-1789539263199-7 D3 MODE_SWITCH_START state=MODE_SWITCHING attempts=1 streak=0 attempt=1
[2026-09-16T06:17:54.557Z] batch=field-waveform-1789539263199-7 D3 MODE_SWITCH_OK state=MODE_SWITCH_OK attempts=1 streak=0
[2026-09-16T06:17:54.780Z] batch=field-waveform-1789539263199-7 D2 MODE_SWITCH_START state=MODE_SWITCHING attempts=1 streak=0 attempt=1
[2026-09-16T06:17:54.781Z] batch=field-waveform-1789539263199-7 D2 MODE_SWITCH_OK state=MODE_SWITCH_OK attempts=1 streak=0
[2026-09-16T06:17:54.786Z] batch=field-waveform-1789539263199-7 D5 MODE_SWITCH_START state=MODE_SWITCHING attempts=1 streak=0 attempt=1
[2026-09-16T06:17:54.787Z] batch=field-waveform-1789539263199-7 D5 MODE_SWITCH_OK state=MODE_SWITCH_OK attempts=1 streak=0
[2026-09-16T06:17:55.122Z] batch=field-waveform-1789539263199-7 D1 MODE_SWITCH_START state=MODE_SWITCHING attempts=1 streak=0 attempt=1
[2026-09-16T06:17:55.123Z] batch=field-waveform-1789539263199-7 D1 MODE_SWITCH_OK state=MODE_SWITCH_OK attempts=1 streak=0
[2026-09-16T06:17:55.129Z] batch=field-waveform-1789539263199-7 D4 MODE_SWITCH_START state=MODE_SWITCHING attempts=1 streak=0 attempt=1
[2026-09-16T06:17:55.130Z] batch=field-waveform-1789539263199-7 D4 MODE_SWITCH_OK state=MODE_SWITCH_OK attempts=1 streak=0
[2026-09-16T06:17:55.134Z] batch=field-waveform-1789539263199-7 D6 MODE_SWITCH_START state=MODE_SWITCHING attempts=1 streak=0 attempt=1
[2026-09-16T06:17:55.138Z] batch=field-waveform-1789539263199-7 D6 MODE_SWITCH_OK state=MODE_SWITCH_OK attempts=1 streak=0
[2026-09-16T06:18:04.873Z] batch=field-waveform-1789539263199-7 D3 MODE_SWITCH_START state=MODE_SWITCHING attempts=1 streak=0 attempt=1
[2026-09-16T06:18:04.879Z] batch=field-waveform-1789539263199-7 D3 MODE_SWITCH_OK state=MODE_SWITCH_OK attempts=1 streak=0
[2026-09-16T06:18:04.884Z] batch=field-waveform-1789539263199-7 D2 MODE_SWITCH_START state=MODE_SWITCHING attempts=1 streak=0 attempt=1
[2026-09-16T06:18:04.885Z] batch=field-waveform-1789539263199-7 D2 MODE_SWITCH_OK state=MODE_SWITCH_OK attempts=1 streak=0
[2026-09-16T06:18:04.890Z] batch=field-waveform-1789539263199-7 D5 MODE_SWITCH_START state=MODE_SWITCHING attempts=1 streak=0 attempt=1
[2026-09-16T06:18:04.891Z] batch=field-waveform-1789539263199-7 D5 MODE_SWITCH_OK state=MODE_SWITCH_OK attempts=1 streak=0
[2026-09-16T06:18:05.220Z] batch=field-waveform-1789539263199-7 D1 MODE_SWITCH_START state=MODE_SWITCHING attempts=1 streak=0 attempt=1
[2026-09-16T06:18:05.222Z] batch=field-waveform-1789539263199-7 D1 MODE_SWITCH_OK state=MODE_SWITCH_OK attempts=1 streak=0
[2026-09-16T06:18:05.232Z] batch=field-waveform-1789539263199-7 D4 MODE_SWITCH_START state=MODE_SWITCHING attempts=1 streak=0 attempt=1
[2026-09-16T06:18:05.236Z] batch=field-waveform-1789539263199-7 D4 MODE_SWITCH_OK state=MODE_SWITCH_OK attempts=1 streak=0
[2026-09-16T06:18:05.243Z] batch=field-waveform-1789539263199-7 D6 MODE_SWITCH_START state=MODE_SWITCHING attempts=1 streak=0 attempt=1
[2026-09-16T06:18:05.248Z] batch=field-waveform-1789539263199-7 D6 MODE_SWITCH_OK state=MODE_SWITCH_OK attempts=1 streak=0
[2026-09-16T06:18:15.212Z] batch=field-waveform-1789539263199-7 D3 MODE_SWITCH_START state=MODE_SWITCHING attempts=1 streak=0 attempt=1
[2026-09-16T06:18:15.214Z] batch=field-waveform-1789539263199-7 D3 MODE_SWITCH_OK state=MODE_SWITCH_OK attempts=1 streak=0
[2026-09-16T06:18:15.225Z] batch=field-waveform-1789539263199-7 D2 MODE_SWITCH_START state=MODE_SWITCHING attempts=1 streak=0 attempt=1
[2026-09-16T06:18:15.228Z] batch=field-waveform-1789539263199-7 D2 MODE_SWITCH_OK state=MODE_SWITCH_OK attempts=1 streak=0
[2026-09-16T06:18:15.236Z] batch=field-waveform-1789539263199-7 D5 MODE_SWITCH_START state=MODE_SWITCHING attempts=1 streak=0 attempt=1
[2026-09-16T06:18:15.238Z] batch=field-waveform-1789539263199-7 D5 MODE_SWITCH_OK state=MODE_SWITCH_OK attempts=1 streak=0
[2026-09-16T06:18:15.286Z] batch=field-waveform-1789539263199-7 D1 MODE_SWITCH_START state=MODE_SWITCHING attempts=1 streak=0 attempt=1
[2026-09-16T06:18:15.291Z] batch=field-waveform-1789539263199-7 D1 MODE_SWITCH_OK state=MODE_SWITCH_OK attempts=1 streak=0
[2026-09-16T06:18:15.297Z] batch=field-waveform-1789539263199-7 D4 MODE_SWITCH_START state=MODE_SWITCHING attempts=1 streak=0 attempt=1
[2026-09-16T06:18:15.298Z] batch=field-waveform-1789539263199-7 D4 MODE_SWITCH_OK state=MODE_SWITCH_OK attempts=1 streak=0
[2026-09-16T06:18:15.305Z] batch=field-waveform-1789539263199-7 D6 MODE_SWITCH_START state=MODE_SWITCHING attempts=1 streak=0 attempt=1
[2026-09-16T06:18:15.307Z] batch=field-waveform-1789539263199-7 D6 MODE_SWITCH_OK state=MODE_SWITCH_OK attempts=1 streak=0
[2026-09-16T06:18:25.341Z] batch=field-waveform-1789539263199-7 D3 MODE_SWITCH_START state=MODE_SWITCHING attempts=1 streak=0 attempt=1
[2026-09-16T06:18:25.342Z] batch=field-waveform-1789539263199-7 D3 MODE_SWITCH_OK state=MODE_SWITCH_OK attempts=1 streak=0
[2026-09-16T06:18:25.347Z] batch=field-waveform-1789539263199-7 D2 MODE_SWITCH_START state=MODE_SWITCHING attempts=1 streak=0 attempt=1
[2026-09-16T06:18:25.348Z] batch=field-waveform-1789539263199-7 D2 MODE_SWITCH_OK state=MODE_SWITCH_OK attempts=1 streak=0
[2026-09-16T06:18:25.352Z] batch=field-waveform-1789539263199-7 D5 MODE_SWITCH_START state=MODE_SWITCHING attempts=1 streak=0 attempt=1
[2026-09-16T06:18:25.353Z] batch=field-waveform-1789539263199-7 D5 MODE_SWITCH_OK state=MODE_SWITCH_OK attempts=1 streak=0
[2026-09-16T06:18:25.358Z] batch=field-waveform-1789539263199-7 D1 MODE_SWITCH_START state=MODE_SWITCHING attempts=1 streak=0 attempt=1
[2026-09-16T06:18:25.359Z] batch=field-waveform-1789539263199-7 D1 MODE_SWITCH_OK state=MODE_SWITCH_OK attempts=1 streak=0
[2026-09-16T06:18:25.364Z] batch=field-waveform-1789539263199-7 D4 MODE_SWITCH_START state=MODE_SWITCHING attempts=1 streak=0 attempt=1
[2026-09-16T06:18:25.365Z] batch=field-waveform-1789539263199-7 D4 MODE_SWITCH_OK state=MODE_SWITCH_OK attempts=1 streak=0
[2026-09-16T06:18:25.373Z] batch=field-waveform-1789539263199-7 D6 MODE_SWITCH_START state=MODE_SWITCHING attempts=1 streak=0 attempt=1
[2026-09-16T06:18:25.374Z] batch=field-waveform-1789539263199-7 D6 MODE_SWITCH_OK state=MODE_SWITCH_OK attempts=1 streak=0
[2026-09-16T06:18:35.422Z] batch=field-waveform-1789539263199-7 D3 MODE_SWITCH_START state=MODE_SWITCHING attempts=1 streak=0 attempt=1
[2026-09-16T06:18:35.424Z] batch=field-waveform-1789539263199-7 D3 MODE_SWITCH_OK state=MODE_SWITCH_OK attempts=1 streak=0
[2026-09-16T06:18:35.428Z] batch=field-waveform-1789539263199-7 D2 MODE_SWITCH_START state=MODE_SWITCHING attempts=1 streak=0 attempt=1
[2026-09-16T06:18:35.431Z] batch=field-waveform-1789539263199-7 D2 MODE_SWITCH_OK state=MODE_SWITCH_OK attempts=1 streak=0
[2026-09-16T06:18:35.436Z] batch=field-waveform-1789539263199-7 D5 MODE_SWITCH_START state=MODE_SWITCHING attempts=1 streak=0 attempt=1
[2026-09-16T06:18:35.437Z] batch=field-waveform-1789539263199-7 D5 MODE_SWITCH_OK state=MODE_SWITCH_OK attempts=1 streak=0
[2026-09-16T06:18:35.441Z] batch=field-waveform-1789539263199-7 D1 MODE_SWITCH_START state=MODE_SWITCHING attempts=1 streak=0 attempt=1
[2026-09-16T06:18:35.442Z] batch=field-waveform-1789539263199-7 D1 MODE_SWITCH_OK state=MODE_SWITCH_OK attempts=1 streak=0
[2026-09-16T06:18:35.450Z] batch=field-waveform-1789539263199-7 D4 MODE_SWITCH_START state=MODE_SWITCHING attempts=1 streak=0 attempt=1
[2026-09-16T06:18:35.452Z] batch=field-waveform-1789539263199-7 D4 MODE_SWITCH_OK state=MODE_SWITCH_OK attempts=1 streak=0
[2026-09-16T06:18:35.458Z] batch=field-waveform-1789539263199-7 D6 MODE_SWITCH_START state=MODE_SWITCHING attempts=1 streak=0 attempt=1
[2026-09-16T06:18:35.459Z] batch=field-waveform-1789539263199-7 D6 MODE_SWITCH_OK state=MODE_SWITCH_OK attempts=1 streak=0
[2026-09-16T06:18:45.474Z] batch=field-waveform-1789539263199-7 D3 MODE_SWITCH_START state=MODE_SWITCHING attempts=1 streak=0 attempt=1
[2026-09-16T06:18:45.475Z] batch=field-waveform-1789539263199-7 D3 MODE_SWITCH_OK state=MODE_SWITCH_OK attempts=1 streak=0
[2026-09-16T06:18:45.480Z] batch=field-waveform-1789539263199-7 D2 MODE_SWITCH_START state=MODE_SWITCHING attempts=1 streak=0 attempt=1
[2026-09-16T06:18:45.481Z] batch=field-waveform-1789539263199-7 D2 MODE_SWITCH_OK state=MODE_SWITCH_OK attempts=1 streak=0
[2026-09-16T06:18:45.485Z] batch=field-waveform-1789539263199-7 D5 MODE_SWITCH_START state=MODE_SWITCHING attempts=1 streak=0 attempt=1
[2026-09-16T06:18:45.491Z] batch=field-waveform-1789539263199-7 D5 MODE_SWITCH_OK state=MODE_SWITCH_OK attempts=1 streak=0
[2026-09-16T06:18:45.495Z] batch=field-waveform-1789539263199-7 D1 MODE_SWITCH_START state=MODE_SWITCHING attempts=1 streak=0 attempt=1
[2026-09-16T06:18:45.496Z] batch=field-waveform-1789539263199-7 D1 MODE_SWITCH_OK state=MODE_SWITCH_OK attempts=1 streak=0
[2026-09-16T06:18:45.505Z] batch=field-waveform-1789539263199-7 D4 MODE_SWITCH_START state=MODE_SWITCHING attempts=1 streak=0 attempt=1
[2026-09-16T06:18:45.506Z] batch=field-waveform-1789539263199-7 D4 MODE_SWITCH_OK state=MODE_SWITCH_OK attempts=1 streak=0
[2026-09-16T06:18:45.511Z] batch=field-waveform-1789539263199-7 D6 MODE_SWITCH_START state=MODE_SWITCHING attempts=1 streak=0 attempt=1
[2026-09-16T06:18:45.512Z] batch=field-waveform-1789539263199-7 D6 MODE_SWITCH_OK state=MODE_SWITCH_OK attempts=1 streak=0
[2026-09-16T06:18:46.393Z] batch=field-waveform-1789539526392-8 D1 MODE_SWITCH_START state=MODE_SWITCHING attempts=1 streak=0 attempt=1
[2026-09-16T06:18:46.395Z] batch=field-waveform-1789539526392-8 D2 MODE_SWITCH_START state=MODE_SWITCHING attempts=1 streak=0 attempt=1
[2026-09-16T06:18:46.396Z] batch=field-waveform-1789539526392-8 D3 MODE_SWITCH_START state=MODE_SWITCHING attempts=1 streak=0 attempt=1
[2026-09-16T06:18:46.397Z] batch=field-waveform-1789539526392-8 D4 MODE_SWITCH_START state=MODE_SWITCHING attempts=1 streak=0 attempt=1
[2026-09-16T06:18:46.399Z] batch=field-waveform-1789539526392-8 D5 MODE_SWITCH_START state=MODE_SWITCHING attempts=1 streak=0 attempt=1
[2026-09-16T06:18:46.400Z] batch=field-waveform-1789539526392-8 D6 MODE_SWITCH_START state=MODE_SWITCHING attempts=1 streak=0 attempt=1
[2026-09-16T06:18:46.402Z] batch=field-waveform-1789539526392-8 D1 MODE_SWITCH_OK state=MODE_SWITCH_OK attempts=1 streak=0
[2026-09-16T06:18:46.403Z] batch=field-waveform-1789539526392-8 D2 MODE_SWITCH_OK state=MODE_SWITCH_OK attempts=1 streak=0
[2026-09-16T06:18:46.403Z] batch=field-waveform-1789539526392-8 D3 MODE_SWITCH_OK state=MODE_SWITCH_OK attempts=1 streak=0
[2026-09-16T06:18:46.404Z] batch=field-waveform-1789539526392-8 D4 MODE_SWITCH_OK state=MODE_SWITCH_OK attempts=1 streak=0
[2026-09-16T06:18:46.405Z] batch=field-waveform-1789539526392-8 D5 MODE_SWITCH_OK state=MODE_SWITCH_OK attempts=1 streak=0
[2026-09-16T06:18:46.407Z] batch=field-waveform-1789539526392-8 D6 MODE_SWITCH_OK state=MODE_SWITCH_OK attempts=1 streak=0
[2026-09-16T06:18:54.686Z] batch=field-waveform-1789539534686-9 D1 MODE_SWITCH_START state=MODE_SWITCHING attempts=1 streak=0 attempt=1
[2026-09-16T06:18:54.688Z] batch=field-waveform-1789539534686-9 D2 MODE_SWITCH_START state=MODE_SWITCHING attempts=1 streak=0 attempt=1
[2026-09-16T06:18:54.690Z] batch=field-waveform-1789539534686-9 D3 MODE_SWITCH_START state=MODE_SWITCHING attempts=1 streak=0 attempt=1
[2026-09-16T06:18:54.690Z] batch=field-waveform-1789539534686-9 D4 MODE_SWITCH_START state=MODE_SWITCHING attempts=1 streak=0 attempt=1
[2026-09-16T06:18:54.691Z] batch=field-waveform-1789539534686-9 D5 MODE_SWITCH_START state=MODE_SWITCHING attempts=1 streak=0 attempt=1
[2026-09-16T06:18:54.691Z] batch=field-waveform-1789539534686-9 D6 MODE_SWITCH_START state=MODE_SWITCHING attempts=1 streak=0 attempt=1
[2026-09-16T06:18:54.696Z] batch=field-waveform-1789539534686-9 D1 MODE_SWITCH_OK state=MODE_SWITCH_OK attempts=1 streak=0
[2026-09-16T06:18:54.696Z] batch=field-waveform-1789539534686-9 D2 MODE_SWITCH_OK state=MODE_SWITCH_OK attempts=1 streak=0
[2026-09-16T06:18:54.698Z] batch=field-waveform-1789539534686-9 D3 MODE_SWITCH_OK state=MODE_SWITCH_OK attempts=1 streak=0
[2026-09-16T06:18:54.698Z] batch=field-waveform-1789539534686-9 D4 MODE_SWITCH_OK state=MODE_SWITCH_OK attempts=1 streak=0
[2026-09-16T06:18:54.699Z] batch=field-waveform-1789539534686-9 D5 MODE_SWITCH_OK state=MODE_SWITCH_OK attempts=1 streak=0
[2026-09-16T06:18:54.699Z] batch=field-waveform-1789539534686-9 D6 MODE_SWITCH_OK state=MODE_SWITCH_OK attempts=1 streak=0
[2026-09-16T06:18:55.477Z] batch=field-waveform-1789539534686-9 D3 MODE_SWITCH_START state=MODE_SWITCHING attempts=1 streak=0 attempt=1
[2026-09-16T06:18:55.482Z] batch=field-waveform-1789539534686-9 D3 MODE_SWITCH_OK state=MODE_SWITCH_OK attempts=1 streak=0
[2026-09-16T06:18:55.483Z] batch=field-waveform-1789539534686-9 D2 MODE_SWITCH_START state=MODE_SWITCHING attempts=1 streak=0 attempt=1
[2026-09-16T06:18:55.484Z] batch=field-waveform-1789539534686-9 D2 MODE_SWITCH_OK state=MODE_SWITCH_OK attempts=1 streak=0
[2026-09-16T06:18:55.492Z] batch=field-waveform-1789539534686-9 D5 MODE_SWITCH_START state=MODE_SWITCHING attempts=1 streak=0 attempt=1
[2026-09-16T06:18:55.493Z] batch=field-waveform-1789539534686-9 D5 MODE_SWITCH_OK state=MODE_SWITCH_OK attempts=1 streak=0
[2026-09-16T06:18:55.496Z] batch=field-waveform-1789539534686-9 D1 MODE_SWITCH_START state=MODE_SWITCHING attempts=1 streak=0 attempt=1
[2026-09-16T06:18:55.497Z] batch=field-waveform-1789539534686-9 D1 MODE_SWITCH_OK state=MODE_SWITCH_OK attempts=1 streak=0
[2026-09-16T06:18:55.522Z] batch=field-waveform-1789539534686-9 D4 MODE_SWITCH_START state=MODE_SWITCHING attempts=1 streak=0 attempt=1
[2026-09-16T06:18:55.523Z] batch=field-waveform-1789539534686-9 D4 MODE_SWITCH_OK state=MODE_SWITCH_OK attempts=1 streak=0
[2026-09-16T06:18:55.524Z] batch=field-waveform-1789539534686-9 D6 MODE_SWITCH_START state=MODE_SWITCHING attempts=1 streak=0 attempt=1
[2026-09-16T06:18:55.525Z] batch=field-waveform-1789539534686-9 D6 MODE_SWITCH_OK state=MODE_SWITCH_OK attempts=1 streak=0
[2026-09-16T06:19:05.499Z] batch=field-waveform-1789539534686-9 D3 MODE_SWITCH_START state=MODE_SWITCHING attempts=1 streak=0 attempt=1
[2026-09-16T06:19:05.505Z] batch=field-waveform-1789539534686-9 D3 MODE_SWITCH_OK state=MODE_SWITCH_OK attempts=1 streak=0
[2026-09-16T06:19:05.507Z] batch=field-waveform-1789539534686-9 D2 MODE_SWITCH_START state=MODE_SWITCHING attempts=1 streak=0 attempt=1
[2026-09-16T06:19:05.508Z] batch=field-waveform-1789539534686-9 D2 MODE_SWITCH_OK state=MODE_SWITCH_OK attempts=1 streak=0
[2026-09-16T06:19:05.509Z] batch=field-waveform-1789539534686-9 D5 MODE_SWITCH_START state=MODE_SWITCHING attempts=1 streak=0 attempt=1
[2026-09-16T06:19:05.510Z] batch=field-waveform-1789539534686-9 D5 MODE_SWITCH_OK state=MODE_SWITCH_OK attempts=1 streak=0
[2026-09-16T06:19:05.510Z] batch=field-waveform-1789539534686-9 D1 MODE_SWITCH_START state=MODE_SWITCHING attempts=1 streak=0 attempt=1
[2026-09-16T06:19:05.511Z] batch=field-waveform-1789539534686-9 D1 MODE_SWITCH_OK state=MODE_SWITCH_OK attempts=1 streak=0
[2026-09-16T06:19:05.528Z] batch=field-waveform-1789539534686-9 D4 MODE_SWITCH_START state=MODE_SWITCHING attempts=1 streak=0 attempt=1
[2026-09-16T06:19:05.529Z] batch=field-waveform-1789539534686-9 D4 MODE_SWITCH_OK state=MODE_SWITCH_OK attempts=1 streak=0
[2026-09-16T06:19:05.530Z] batch=field-waveform-1789539534686-9 D6 MODE_SWITCH_START state=MODE_SWITCHING attempts=1 streak=0 attempt=1
[2026-09-16T06:19:05.531Z] batch=field-waveform-1789539534686-9 D6 MODE_SWITCH_OK state=MODE_SWITCH_OK attempts=1 streak=0
[2026-09-16T06:19:15.517Z] batch=field-waveform-1789539534686-9 D3 MODE_SWITCH_START state=MODE_SWITCHING attempts=1 streak=0 attempt=1
[2026-09-16T06:19:15.518Z] batch=field-waveform-1789539534686-9 D3 MODE_SWITCH_OK state=MODE_SWITCH_OK attempts=1 streak=0
[2026-09-16T06:19:15.519Z] batch=field-waveform-1789539534686-9 D2 MODE_SWITCH_START state=MODE_SWITCHING attempts=1 streak=0 attempt=1
[2026-09-16T06:19:15.520Z] batch=field-waveform-1789539534686-9 D2 MODE_SWITCH_OK state=MODE_SWITCH_OK attempts=1 streak=0
[2026-09-16T06:19:15.521Z] batch=field-waveform-1789539534686-9 D5 MODE_SWITCH_START state=MODE_SWITCHING attempts=1 streak=0 attempt=1
[2026-09-16T06:19:15.522Z] batch=field-waveform-1789539534686-9 D5 MODE_SWITCH_OK state=MODE_SWITCH_OK attempts=1 streak=0
[2026-09-16T06:19:15.523Z] batch=field-waveform-1789539534686-9 D1 MODE_SWITCH_START state=MODE_SWITCHING attempts=1 streak=0 attempt=1
[2026-09-16T06:19:15.525Z] batch=field-waveform-1789539534686-9 D1 MODE_SWITCH_OK state=MODE_SWITCH_OK attempts=1 streak=0
[2026-09-16T06:19:15.530Z] batch=field-waveform-1789539534686-9 D4 MODE_SWITCH_START state=MODE_SWITCHING attempts=1 streak=0 attempt=1
[2026-09-16T06:19:15.532Z] batch=field-waveform-1789539534686-9 D4 MODE_SWITCH_OK state=MODE_SWITCH_OK attempts=1 streak=0
[2026-09-16T06:19:15.533Z] batch=field-waveform-1789539534686-9 D6 MODE_SWITCH_START state=MODE_SWITCHING attempts=1 streak=0 attempt=1
[2026-09-16T06:19:15.534Z] batch=field-waveform-1789539534686-9 D6 MODE_SWITCH_OK state=MODE_SWITCH_OK attempts=1 streak=0
[2026-09-16T06:19:20.566Z] batch=field-waveform-1789539534686-9 D2 FIRST_FRAME state=FIRST_FRAME_RECEIVED attempts=1 streak=1
[2026-09-16T06:19:20.567Z] batch=field-waveform-1789539534686-9 D2 FIRST_VALID_SAMPLE state=FIRST_FRAME_RECEIVED attempts=1 streak=1
[2026-09-16T06:19:20.573Z] batch=field-waveform-1789539534686-9 D1 FIRST_FRAME state=FIRST_FRAME_RECEIVED attempts=1 streak=1
[2026-09-16T06:19:20.574Z] batch=field-waveform-1789539534686-9 D1 FIRST_VALID_SAMPLE state=FIRST_FRAME_RECEIVED attempts=1 streak=1
[2026-09-16T06:19:20.581Z] batch=field-waveform-1789539534686-9 D4 FIRST_FRAME state=FIRST_FRAME_RECEIVED attempts=1 streak=1
[2026-09-16T06:19:20.582Z] batch=field-waveform-1789539534686-9 D4 FIRST_VALID_SAMPLE state=FIRST_FRAME_RECEIVED attempts=1 streak=1
[2026-09-16T06:19:20.589Z] batch=field-waveform-1789539534686-9 D3 FIRST_FRAME state=FIRST_FRAME_RECEIVED attempts=1 streak=1
[2026-09-16T06:19:20.589Z] batch=field-waveform-1789539534686-9 D3 FIRST_VALID_SAMPLE state=FIRST_FRAME_RECEIVED attempts=1 streak=1
[2026-09-16T06:19:20.606Z] batch=field-waveform-1789539534686-9 D5 FIRST_FRAME state=FIRST_FRAME_RECEIVED attempts=1 streak=1
[2026-09-16T06:19:20.607Z] batch=field-waveform-1789539534686-9 D5 FIRST_VALID_SAMPLE state=FIRST_FRAME_RECEIVED attempts=1 streak=1
[2026-09-16T06:19:20.608Z] batch=field-waveform-1789539534686-9 D6 FIRST_FRAME state=FIRST_FRAME_RECEIVED attempts=1 streak=1
[2026-09-16T06:19:20.609Z] batch=field-waveform-1789539534686-9 D6 FIRST_VALID_SAMPLE state=FIRST_FRAME_RECEIVED attempts=1 streak=1
[2026-09-16T06:19:20.808Z] batch=field-waveform-1789539534686-9 D2 CHANNEL_SYNC_OK state=TEST_READY attempts=1 streak=5
[2026-09-16T06:19:20.809Z] batch=field-waveform-1789539534686-9 D2 TEST_READY state=TEST_READY attempts=1 streak=5
[2026-09-16T06:19:20.828Z] batch=field-waveform-1789539534686-9 D1 CHANNEL_SYNC_OK state=TEST_READY attempts=1 streak=5
[2026-09-16T06:19:20.828Z] batch=field-waveform-1789539534686-9 D1 TEST_READY state=TEST_READY attempts=1 streak=5
[2026-09-16T06:19:20.832Z] batch=field-waveform-1789539534686-9 D4 CHANNEL_SYNC_OK state=TEST_READY attempts=1 streak=5
[2026-09-16T06:19:20.832Z] batch=field-waveform-1789539534686-9 D4 TEST_READY state=TEST_READY attempts=1 streak=5
[2026-09-16T06:19:20.844Z] batch=field-waveform-1789539534686-9 D3 CHANNEL_SYNC_OK state=TEST_READY attempts=1 streak=5
[2026-09-16T06:19:20.844Z] batch=field-waveform-1789539534686-9 D3 TEST_READY state=TEST_READY attempts=1 streak=5
[2026-09-16T06:19:20.851Z] batch=field-waveform-1789539534686-9 D5 CHANNEL_SYNC_OK state=TEST_READY attempts=1 streak=5
[2026-09-16T06:19:20.852Z] batch=field-waveform-1789539534686-9 D5 TEST_READY state=TEST_READY attempts=1 streak=5
[2026-09-16T06:19:20.855Z] batch=field-waveform-1789539534686-9 D6 CHANNEL_SYNC_OK state=TEST_READY attempts=1 streak=5
[2026-09-16T06:19:20.855Z] batch=field-waveform-1789539534686-9 D6 TEST_READY state=TEST_READY attempts=1 streak=5
[2026-09-16T06:19:31.743Z] batch=field-waveform-1789539534686-9 D5 MODE_SWITCH_START state=MODE_SWITCHING attempts=1 streak=0 attempt=1
[2026-09-16T06:19:31.745Z] batch=field-waveform-1789539534686-9 D5 MODE_SWITCH_OK state=MODE_SWITCH_OK attempts=1 streak=0
[2026-09-16T06:19:31.746Z] batch=field-waveform-1789539534686-9 D2 MODE_SWITCH_START state=MODE_SWITCHING attempts=1 streak=0 attempt=1
[2026-09-16T06:19:31.748Z] batch=field-waveform-1789539534686-9 D2 MODE_SWITCH_OK state=MODE_SWITCH_OK attempts=1 streak=0
[2026-09-16T06:19:31.750Z] batch=field-waveform-1789539534686-9 D6 MODE_SWITCH_START state=MODE_SWITCHING attempts=1 streak=0 attempt=1
[2026-09-16T06:19:31.751Z] batch=field-waveform-1789539534686-9 D6 MODE_SWITCH_OK state=MODE_SWITCH_OK attempts=1 streak=0
[2026-09-16T06:19:31.875Z] batch=field-waveform-1789539534686-9 D3 MODE_SWITCH_START state=MODE_SWITCHING attempts=1 streak=0 attempt=1
[2026-09-16T06:19:31.878Z] batch=field-waveform-1789539534686-9 D3 MODE_SWITCH_OK state=MODE_SWITCH_OK attempts=1 streak=0
[2026-09-16T06:19:41.749Z] batch=field-waveform-1789539534686-9 D5 MODE_SWITCH_START state=MODE_SWITCHING attempts=1 streak=0 attempt=1
[2026-09-16T06:19:41.752Z] batch=field-waveform-1789539534686-9 D5 MODE_SWITCH_OK state=MODE_SWITCH_OK attempts=1 streak=0
[2026-09-16T06:19:41.754Z] batch=field-waveform-1789539534686-9 D2 MODE_SWITCH_START state=MODE_SWITCHING attempts=1 streak=0 attempt=1
[2026-09-16T06:19:41.755Z] batch=field-waveform-1789539534686-9 D2 MODE_SWITCH_OK state=MODE_SWITCH_OK attempts=1 streak=0
[2026-09-16T06:19:41.757Z] batch=field-waveform-1789539534686-9 D6 MODE_SWITCH_START state=MODE_SWITCHING attempts=1 streak=0 attempt=1
[2026-09-16T06:19:41.758Z] batch=field-waveform-1789539534686-9 D6 MODE_SWITCH_OK state=MODE_SWITCH_OK attempts=1 streak=0
[2026-09-16T06:19:41.890Z] batch=field-waveform-1789539534686-9 D3 MODE_SWITCH_START state=MODE_SWITCHING attempts=1 streak=0 attempt=1
[2026-09-16T06:19:41.891Z] batch=field-waveform-1789539534686-9 D3 MODE_SWITCH_OK state=MODE_SWITCH_OK attempts=1 streak=0
[2026-09-16T06:19:46.794Z] batch=field-waveform-1789539534686-9 D5 FIRST_FRAME state=FIRST_FRAME_RECEIVED attempts=1 streak=1
[2026-09-16T06:19:46.794Z] batch=field-waveform-1789539534686-9 D5 FIRST_VALID_SAMPLE state=FIRST_FRAME_RECEIVED attempts=1 streak=1
[2026-09-16T06:19:46.823Z] batch=field-waveform-1789539534686-9 D6 FIRST_FRAME state=FIRST_FRAME_RECEIVED attempts=1 streak=1
[2026-09-16T06:19:46.823Z] batch=field-waveform-1789539534686-9 D6 FIRST_VALID_SAMPLE state=FIRST_FRAME_RECEIVED attempts=1 streak=1
[2026-09-16T06:19:46.826Z] batch=field-waveform-1789539534686-9 D2 FIRST_FRAME state=FIRST_FRAME_RECEIVED attempts=1 streak=1
[2026-09-16T06:19:46.827Z] batch=field-waveform-1789539534686-9 D2 FIRST_VALID_SAMPLE state=FIRST_FRAME_RECEIVED attempts=1 streak=1
[2026-09-16T06:19:46.973Z] batch=field-waveform-1789539534686-9 D3 FIRST_FRAME state=FIRST_FRAME_RECEIVED attempts=1 streak=1
[2026-09-16T06:19:46.973Z] batch=field-waveform-1789539534686-9 D3 FIRST_VALID_SAMPLE state=FIRST_FRAME_RECEIVED attempts=1 streak=1
[2026-09-16T06:19:47.075Z] batch=field-waveform-1789539534686-9 D5 CHANNEL_SYNC_OK state=TEST_READY attempts=1 streak=5
[2026-09-16T06:19:47.076Z] batch=field-waveform-1789539534686-9 D5 TEST_READY state=TEST_READY attempts=1 streak=5
[2026-09-16T06:19:47.081Z] batch=field-waveform-1789539534686-9 D6 CHANNEL_SYNC_OK state=TEST_READY attempts=1 streak=5
[2026-09-16T06:19:47.081Z] batch=field-waveform-1789539534686-9 D6 TEST_READY state=TEST_READY attempts=1 streak=5
[2026-09-16T06:19:47.088Z] batch=field-waveform-1789539534686-9 D2 CHANNEL_SYNC_OK state=TEST_READY attempts=1 streak=5
[2026-09-16T06:19:47.089Z] batch=field-waveform-1789539534686-9 D2 TEST_READY state=TEST_READY attempts=1 streak=5
[2026-09-16T06:19:47.226Z] batch=field-waveform-1789539534686-9 D3 CHANNEL_SYNC_OK state=TEST_READY attempts=1 streak=5
[2026-09-16T06:19:47.227Z] batch=field-waveform-1789539534686-9 D3 TEST_READY state=TEST_READY attempts=1 streak=5
[2026-09-16T06:20:33.668Z] batch=field-waveform-1789539534686-9 D4 MODE_SWITCH_START state=MODE_SWITCHING attempts=1 streak=0 attempt=1
[2026-09-16T06:20:33.670Z] batch=field-waveform-1789539534686-9 D4 MODE_SWITCH_OK state=MODE_SWITCH_OK attempts=1 streak=0
[2026-09-16T06:20:43.683Z] batch=field-waveform-1789539534686-9 D4 MODE_SWITCH_START state=MODE_SWITCHING attempts=1 streak=0 attempt=1
[2026-09-16T06:20:43.685Z] batch=field-waveform-1789539534686-9 D4 MODE_SWITCH_OK state=MODE_SWITCH_OK attempts=1 streak=0
[2026-09-16T06:20:51.694Z] batch=field-waveform-1789539534686-9 D4 FIRST_FRAME state=FIRST_FRAME_RECEIVED attempts=1 streak=1
[2026-09-16T06:20:51.696Z] batch=field-waveform-1789539534686-9 D4 FIRST_VALID_SAMPLE state=FIRST_FRAME_RECEIVED attempts=1 streak=1
[2026-09-16T06:20:51.926Z] batch=field-waveform-1789539534686-9 D4 CHANNEL_SYNC_OK state=TEST_READY attempts=1 streak=5
[2026-09-16T06:20:51.926Z] batch=field-waveform-1789539534686-9 D4 TEST_READY state=TEST_READY attempts=1 streak=5
[2026-09-16T06:21:33.631Z] batch=field-waveform-1789539534686-9 D4 MODE_SWITCH_START state=MODE_SWITCHING attempts=1 streak=0 attempt=1
[2026-09-16T06:21:33.633Z] batch=field-waveform-1789539534686-9 D4 MODE_SWITCH_OK state=MODE_SWITCH_OK attempts=1 streak=0
[2026-09-16T06:21:38.719Z] batch=field-waveform-1789539534686-9 D4 FIRST_FRAME state=FIRST_FRAME_RECEIVED attempts=1 streak=1
[2026-09-16T06:21:38.719Z] batch=field-waveform-1789539534686-9 D4 FIRST_VALID_SAMPLE state=FIRST_FRAME_RECEIVED attempts=1 streak=1
[2026-09-16T06:21:38.965Z] batch=field-waveform-1789539534686-9 D4 CHANNEL_SYNC_OK state=TEST_READY attempts=1 streak=5
[2026-09-16T06:21:38.966Z] batch=field-waveform-1789539534686-9 D4 TEST_READY state=TEST_READY attempts=1 streak=5
[2026-09-16T06:22:14.050Z] batch=field-waveform-1789539534686-9 D5 MODE_SWITCH_START state=MODE_SWITCHING attempts=1 streak=0 attempt=1
[2026-09-16T06:22:14.061Z] batch=field-waveform-1789539534686-9 D5 MODE_SWITCH_OK state=MODE_SWITCH_OK attempts=1 streak=0
[2026-09-16T06:22:22.700Z] batch=field-waveform-1789539534686-9 D5 FIRST_FRAME state=FIRST_FRAME_RECEIVED attempts=1 streak=1
[2026-09-16T06:22:22.700Z] batch=field-waveform-1789539534686-9 D5 FIRST_VALID_SAMPLE state=FIRST_FRAME_RECEIVED attempts=1 streak=1
[2026-09-16T06:22:22.873Z] batch=field-waveform-1789539534686-9 D5 CHANNEL_SYNC_OK state=TEST_READY attempts=1 streak=5
[2026-09-16T06:22:22.874Z] batch=field-waveform-1789539534686-9 D5 TEST_READY state=TEST_READY attempts=1 streak=5
[2026-09-16T06:22:43.393Z] batch=field-waveform-1789539763390-10 D1 MODE_SWITCH_START state=MODE_SWITCHING attempts=1 streak=0 attempt=1
[2026-09-16T06:22:43.396Z] batch=field-waveform-1789539763390-10 D2 MODE_SWITCH_START state=MODE_SWITCHING attempts=1 streak=0 attempt=1
[2026-09-16T06:22:43.397Z] batch=field-waveform-1789539763390-10 D3 MODE_SWITCH_START state=MODE_SWITCHING attempts=1 streak=0 attempt=1
[2026-09-16T06:22:43.398Z] batch=field-waveform-1789539763390-10 D4 MODE_SWITCH_START state=MODE_SWITCHING attempts=1 streak=0 attempt=1
[2026-09-16T06:22:43.398Z] batch=field-waveform-1789539763390-10 D5 MODE_SWITCH_START state=MODE_SWITCHING attempts=1 streak=0 attempt=1
[2026-09-16T06:22:43.399Z] batch=field-waveform-1789539763390-10 D6 MODE_SWITCH_START state=MODE_SWITCHING attempts=1 streak=0 attempt=1
[2026-09-16T06:22:43.402Z] batch=field-waveform-1789539763390-10 D1 MODE_SWITCH_OK state=MODE_SWITCH_OK attempts=1 streak=0
[2026-09-16T06:22:43.403Z] batch=field-waveform-1789539763390-10 D2 MODE_SWITCH_OK state=MODE_SWITCH_OK attempts=1 streak=0
[2026-09-16T06:22:43.404Z] batch=field-waveform-1789539763390-10 D3 MODE_SWITCH_OK state=MODE_SWITCH_OK attempts=1 streak=0
[2026-09-16T06:22:43.404Z] batch=field-waveform-1789539763390-10 D4 MODE_SWITCH_OK state=MODE_SWITCH_OK attempts=1 streak=0
[2026-09-16T06:22:43.404Z] batch=field-waveform-1789539763390-10 D5 MODE_SWITCH_OK state=MODE_SWITCH_OK attempts=1 streak=0
[2026-09-16T06:22:43.405Z] batch=field-waveform-1789539763390-10 D6 MODE_SWITCH_OK state=MODE_SWITCH_OK attempts=1 streak=0
[2026-09-16T06:22:43.417Z] batch=field-waveform-1789539763390-10 D1 FIRST_FRAME state=FIRST_FRAME_RECEIVED attempts=1 streak=1
[2026-09-16T06:22:43.417Z] batch=field-waveform-1789539763390-10 D1 FIRST_VALID_SAMPLE state=FIRST_FRAME_RECEIVED attempts=1 streak=1
[2026-09-16T06:22:43.418Z] batch=field-waveform-1789539763390-10 D4 FIRST_FRAME state=FIRST_FRAME_RECEIVED attempts=1 streak=1
[2026-09-16T06:22:43.418Z] batch=field-waveform-1789539763390-10 D4 FIRST_VALID_SAMPLE state=FIRST_FRAME_RECEIVED attempts=1 streak=1
[2026-09-16T06:22:44.061Z] batch=field-waveform-1789539763390-10 D3 MODE_SWITCH_START state=MODE_SWITCHING attempts=1 streak=0 attempt=1
[2026-09-16T06:22:44.064Z] batch=field-waveform-1789539763390-10 D3 MODE_SWITCH_OK state=MODE_SWITCH_OK attempts=1 streak=0
[2026-09-16T06:22:44.064Z] batch=field-waveform-1789539763390-10 D2 MODE_SWITCH_START state=MODE_SWITCHING attempts=1 streak=0 attempt=1
[2026-09-16T06:22:44.065Z] batch=field-waveform-1789539763390-10 D2 MODE_SWITCH_OK state=MODE_SWITCH_OK attempts=1 streak=0
[2026-09-16T06:22:44.066Z] batch=field-waveform-1789539763390-10 D6 MODE_SWITCH_START state=MODE_SWITCHING attempts=1 streak=0 attempt=1
[2026-09-16T06:22:44.067Z] batch=field-waveform-1789539763390-10 D6 MODE_SWITCH_OK state=MODE_SWITCH_OK attempts=1 streak=0
[2026-09-16T06:22:44.086Z] batch=field-waveform-1789539763390-10 D5 MODE_SWITCH_START state=MODE_SWITCHING attempts=1 streak=0 attempt=1
[2026-09-16T06:22:44.088Z] batch=field-waveform-1789539763390-10 D5 MODE_SWITCH_OK state=MODE_SWITCH_OK attempts=1 streak=0
[2026-09-16T06:22:53.434Z] batch=field-waveform-1789539763390-10 D1 MODE_SWITCH_START state=MODE_SWITCHING attempts=1 streak=0 attempt=1
[2026-09-16T06:22:53.436Z] batch=field-waveform-1789539763390-10 D1 MODE_SWITCH_OK state=MODE_SWITCH_OK attempts=1 streak=0
[2026-09-16T06:22:53.438Z] batch=field-waveform-1789539763390-10 D4 MODE_SWITCH_START state=MODE_SWITCHING attempts=1 streak=0 attempt=1
[2026-09-16T06:22:53.439Z] batch=field-waveform-1789539763390-10 D4 MODE_SWITCH_OK state=MODE_SWITCH_OK attempts=1 streak=0
[2026-09-16T06:22:54.072Z] batch=field-waveform-1789539763390-10 D3 MODE_SWITCH_START state=MODE_SWITCHING attempts=1 streak=0 attempt=1
[2026-09-16T06:22:54.074Z] batch=field-waveform-1789539763390-10 D3 MODE_SWITCH_OK state=MODE_SWITCH_OK attempts=1 streak=0
[2026-09-16T06:22:54.075Z] batch=field-waveform-1789539763390-10 D2 MODE_SWITCH_START state=MODE_SWITCHING attempts=1 streak=0 attempt=1
[2026-09-16T06:22:54.076Z] batch=field-waveform-1789539763390-10 D2 MODE_SWITCH_OK state=MODE_SWITCH_OK attempts=1 streak=0
[2026-09-16T06:22:54.077Z] batch=field-waveform-1789539763390-10 D6 MODE_SWITCH_START state=MODE_SWITCHING attempts=1 streak=0 attempt=1
[2026-09-16T06:22:54.078Z] batch=field-waveform-1789539763390-10 D6 MODE_SWITCH_OK state=MODE_SWITCH_OK attempts=1 streak=0
[2026-09-16T06:22:54.088Z] batch=field-waveform-1789539763390-10 D5 MODE_SWITCH_START state=MODE_SWITCHING attempts=1 streak=0 attempt=1
[2026-09-16T06:22:54.090Z] batch=field-waveform-1789539763390-10 D5 MODE_SWITCH_OK state=MODE_SWITCH_OK attempts=1 streak=0
[2026-09-16T06:23:03.439Z] batch=field-waveform-1789539763390-10 D1 MODE_SWITCH_START state=MODE_SWITCHING attempts=1 streak=0 attempt=1
[2026-09-16T06:23:03.442Z] batch=field-waveform-1789539763390-10 D1 MODE_SWITCH_OK state=MODE_SWITCH_OK attempts=1 streak=0
[2026-09-16T06:23:03.444Z] batch=field-waveform-1789539763390-10 D4 MODE_SWITCH_START state=MODE_SWITCHING attempts=1 streak=0 attempt=1
[2026-09-16T06:23:03.445Z] batch=field-waveform-1789539763390-10 D4 MODE_SWITCH_OK state=MODE_SWITCH_OK attempts=1 streak=0
[2026-09-16T06:23:04.085Z] batch=field-waveform-1789539763390-10 D3 MODE_SWITCH_START state=MODE_SWITCHING attempts=1 streak=0 attempt=1
[2026-09-16T06:23:04.087Z] batch=field-waveform-1789539763390-10 D3 MODE_SWITCH_OK state=MODE_SWITCH_OK attempts=1 streak=0
[2026-09-16T06:23:04.088Z] batch=field-waveform-1789539763390-10 D2 MODE_SWITCH_START state=MODE_SWITCHING attempts=1 streak=0 attempt=1
[2026-09-16T06:23:04.089Z] batch=field-waveform-1789539763390-10 D2 MODE_SWITCH_OK state=MODE_SWITCH_OK attempts=1 streak=0
[2026-09-16T06:23:04.093Z] batch=field-waveform-1789539763390-10 D6 MODE_SWITCH_START state=MODE_SWITCHING attempts=1 streak=0 attempt=1
[2026-09-16T06:23:04.094Z] batch=field-waveform-1789539763390-10 D6 MODE_SWITCH_OK state=MODE_SWITCH_OK attempts=1 streak=0
[2026-09-16T06:23:04.096Z] batch=field-waveform-1789539763390-10 D5 MODE_SWITCH_START state=MODE_SWITCHING attempts=1 streak=0 attempt=1
[2026-09-16T06:23:04.097Z] batch=field-waveform-1789539763390-10 D5 MODE_SWITCH_OK state=MODE_SWITCH_OK attempts=1 streak=0
[2026-09-16T06:23:13.452Z] batch=field-waveform-1789539763390-10 D1 MODE_SWITCH_START state=MODE_SWITCHING attempts=1 streak=0 attempt=1
[2026-09-16T06:23:13.454Z] batch=field-waveform-1789539763390-10 D1 MODE_SWITCH_OK state=MODE_SWITCH_OK attempts=1 streak=0
[2026-09-16T06:23:13.455Z] batch=field-waveform-1789539763390-10 D4 MODE_SWITCH_START state=MODE_SWITCHING attempts=1 streak=0 attempt=1
[2026-09-16T06:23:13.457Z] batch=field-waveform-1789539763390-10 D4 MODE_SWITCH_OK state=MODE_SWITCH_OK attempts=1 streak=0
[2026-09-16T06:23:14.088Z] batch=field-waveform-1789539763390-10 D3 MODE_SWITCH_START state=MODE_SWITCHING attempts=1 streak=0 attempt=1
[2026-09-16T06:23:14.091Z] batch=field-waveform-1789539763390-10 D3 MODE_SWITCH_OK state=MODE_SWITCH_OK attempts=1 streak=0
[2026-09-16T06:23:14.110Z] batch=field-waveform-1789539763390-10 D2 MODE_SWITCH_START state=MODE_SWITCHING attempts=1 streak=0 attempt=1
[2026-09-16T06:23:14.111Z] batch=field-waveform-1789539763390-10 D2 MODE_SWITCH_OK state=MODE_SWITCH_OK attempts=1 streak=0
[2026-09-16T06:23:14.111Z] batch=field-waveform-1789539763390-10 D6 MODE_SWITCH_START state=MODE_SWITCHING attempts=1 streak=0 attempt=1
[2026-09-16T06:23:14.112Z] batch=field-waveform-1789539763390-10 D6 MODE_SWITCH_OK state=MODE_SWITCH_OK attempts=1 streak=0
[2026-09-16T06:23:14.112Z] batch=field-waveform-1789539763390-10 D5 MODE_SWITCH_START state=MODE_SWITCHING attempts=1 streak=0 attempt=1
[2026-09-16T06:23:14.113Z] batch=field-waveform-1789539763390-10 D5 MODE_SWITCH_OK state=MODE_SWITCH_OK attempts=1 streak=0
[2026-09-16T06:23:23.469Z] batch=field-waveform-1789539763390-10 D1 MODE_SWITCH_START state=MODE_SWITCHING attempts=1 streak=0 attempt=1
[2026-09-16T06:23:23.471Z] batch=field-waveform-1789539763390-10 D1 MODE_SWITCH_OK state=MODE_SWITCH_OK attempts=1 streak=0
[2026-09-16T06:23:23.475Z] batch=field-waveform-1789539763390-10 D4 MODE_SWITCH_START state=MODE_SWITCHING attempts=1 streak=0 attempt=1
[2026-09-16T06:23:23.476Z] batch=field-waveform-1789539763390-10 D4 MODE_SWITCH_OK state=MODE_SWITCH_OK attempts=1 streak=0
[2026-09-16T06:23:24.093Z] batch=field-waveform-1789539763390-10 D3 MODE_SWITCH_START state=MODE_SWITCHING attempts=1 streak=0 attempt=1
[2026-09-16T06:23:24.103Z] batch=field-waveform-1789539763390-10 D3 MODE_SWITCH_OK state=MODE_SWITCH_OK attempts=1 streak=0
[2026-09-16T06:23:24.113Z] batch=field-waveform-1789539763390-10 D2 MODE_SWITCH_START state=MODE_SWITCHING attempts=1 streak=0 attempt=1
[2026-09-16T06:23:24.116Z] batch=field-waveform-1789539763390-10 D2 MODE_SWITCH_OK state=MODE_SWITCH_OK attempts=1 streak=0
[2026-09-16T06:23:24.118Z] batch=field-waveform-1789539763390-10 D6 MODE_SWITCH_START state=MODE_SWITCHING attempts=1 streak=0 attempt=1
[2026-09-16T06:23:24.120Z] batch=field-waveform-1789539763390-10 D6 MODE_SWITCH_OK state=MODE_SWITCH_OK attempts=1 streak=0
[2026-09-16T06:23:24.124Z] batch=field-waveform-1789539763390-10 D5 MODE_SWITCH_START state=MODE_SWITCHING attempts=1 streak=0 attempt=1
[2026-09-16T06:23:24.126Z] batch=field-waveform-1789539763390-10 D5 MODE_SWITCH_OK state=MODE_SWITCH_OK attempts=1 streak=0
[2026-09-16T06:23:33.483Z] batch=field-waveform-1789539763390-10 D1 MODE_SWITCH_START state=MODE_SWITCHING attempts=1 streak=0 attempt=1
[2026-09-16T06:23:33.485Z] batch=field-waveform-1789539763390-10 D1 MODE_SWITCH_OK state=MODE_SWITCH_OK attempts=1 streak=0
[2026-09-16T06:23:33.486Z] batch=field-waveform-1789539763390-10 D4 MODE_SWITCH_START state=MODE_SWITCHING attempts=1 streak=0 attempt=1
[2026-09-16T06:23:33.488Z] batch=field-waveform-1789539763390-10 D4 MODE_SWITCH_OK state=MODE_SWITCH_OK attempts=1 streak=0
[2026-09-16T06:23:34.112Z] batch=field-waveform-1789539763390-10 D3 MODE_SWITCH_START state=MODE_SWITCHING attempts=1 streak=0 attempt=1
[2026-09-16T06:23:34.124Z] batch=field-waveform-1789539763390-10 D3 MODE_SWITCH_OK state=MODE_SWITCH_OK attempts=1 streak=0
[2026-09-16T06:23:34.152Z] batch=field-waveform-1789539763390-10 D2 MODE_SWITCH_START state=MODE_SWITCHING attempts=1 streak=0 attempt=1
[2026-09-16T06:23:34.153Z] batch=field-waveform-1789539763390-10 D2 MODE_SWITCH_OK state=MODE_SWITCH_OK attempts=1 streak=0
[2026-09-16T06:23:34.154Z] batch=field-waveform-1789539763390-10 D6 MODE_SWITCH_START state=MODE_SWITCHING attempts=1 streak=0 attempt=1
[2026-09-16T06:23:34.158Z] batch=field-waveform-1789539763390-10 D6 MODE_SWITCH_OK state=MODE_SWITCH_OK attempts=1 streak=0
[2026-09-16T06:23:34.160Z] batch=field-waveform-1789539763390-10 D5 MODE_SWITCH_START state=MODE_SWITCHING attempts=1 streak=0 attempt=1
[2026-09-16T06:23:34.161Z] batch=field-waveform-1789539763390-10 D5 MODE_SWITCH_OK state=MODE_SWITCH_OK attempts=1 streak=0
[2026-09-16T06:23:43.489Z] batch=field-waveform-1789539763390-10 D1 MODE_SWITCH_START state=MODE_SWITCHING attempts=1 streak=0 attempt=1
[2026-09-16T06:23:43.494Z] batch=field-waveform-1789539763390-10 D1 MODE_SWITCH_OK state=MODE_SWITCH_OK attempts=1 streak=0
[2026-09-16T06:23:43.497Z] batch=field-waveform-1789539763390-10 D4 MODE_SWITCH_START state=MODE_SWITCHING attempts=1 streak=0 attempt=1
[2026-09-16T06:23:43.499Z] batch=field-waveform-1789539763390-10 D4 MODE_SWITCH_OK state=MODE_SWITCH_OK attempts=1 streak=0
[2026-09-16T06:23:44.141Z] batch=field-waveform-1789539763390-10 D3 MODE_SWITCH_START state=MODE_SWITCHING attempts=1 streak=0 attempt=1
[2026-09-16T06:23:44.142Z] batch=field-waveform-1789539763390-10 D3 MODE_SWITCH_OK state=MODE_SWITCH_OK attempts=1 streak=0
[2026-09-16T06:23:44.159Z] batch=field-waveform-1789539763390-10 D2 MODE_SWITCH_START state=MODE_SWITCHING attempts=1 streak=0 attempt=1
[2026-09-16T06:23:44.160Z] batch=field-waveform-1789539763390-10 D2 MODE_SWITCH_OK state=MODE_SWITCH_OK attempts=1 streak=0
[2026-09-16T06:23:44.162Z] batch=field-waveform-1789539763390-10 D6 MODE_SWITCH_START state=MODE_SWITCHING attempts=1 streak=0 attempt=1
[2026-09-16T06:23:44.162Z] batch=field-waveform-1789539763390-10 D6 MODE_SWITCH_OK state=MODE_SWITCH_OK attempts=1 streak=0
[2026-09-16T06:23:44.166Z] batch=field-waveform-1789539763390-10 D5 MODE_SWITCH_START state=MODE_SWITCHING attempts=1 streak=0 attempt=1
[2026-09-16T06:23:44.168Z] batch=field-waveform-1789539763390-10 D5 MODE_SWITCH_OK state=MODE_SWITCH_OK attempts=1 streak=0
[2026-09-16T06:23:48.549Z] batch=field-waveform-1789539763390-10 D1 FIRST_FRAME state=FIRST_FRAME_RECEIVED attempts=1 streak=1
[2026-09-16T06:23:48.550Z] batch=field-waveform-1789539763390-10 D1 FIRST_VALID_SAMPLE state=FIRST_FRAME_RECEIVED attempts=1 streak=1
[2026-09-16T06:23:48.551Z] batch=field-waveform-1789539763390-10 D4 FIRST_FRAME state=FIRST_FRAME_RECEIVED attempts=1 streak=1
[2026-09-16T06:23:48.551Z] batch=field-waveform-1789539763390-10 D4 FIRST_VALID_SAMPLE state=FIRST_FRAME_RECEIVED attempts=1 streak=1
[2026-09-16T06:23:48.779Z] batch=field-waveform-1789539763390-10 D1 CHANNEL_SYNC_OK state=TEST_READY attempts=1 streak=5
[2026-09-16T06:23:48.779Z] batch=field-waveform-1789539763390-10 D1 TEST_READY state=TEST_READY attempts=1 streak=5
[2026-09-16T06:23:48.786Z] batch=field-waveform-1789539763390-10 D4 CHANNEL_SYNC_OK state=TEST_READY attempts=1 streak=5
[2026-09-16T06:23:48.786Z] batch=field-waveform-1789539763390-10 D4 TEST_READY state=TEST_READY attempts=1 streak=5
[2026-09-16T06:23:49.202Z] batch=field-waveform-1789539763390-10 D3 FIRST_FRAME state=FIRST_FRAME_RECEIVED attempts=1 streak=1
[2026-09-16T06:23:49.202Z] batch=field-waveform-1789539763390-10 D3 FIRST_VALID_SAMPLE state=FIRST_FRAME_RECEIVED attempts=1 streak=1
[2026-09-16T06:23:49.209Z] batch=field-waveform-1789539763390-10 D6 FIRST_FRAME state=FIRST_FRAME_RECEIVED attempts=1 streak=1
[2026-09-16T06:23:49.209Z] batch=field-waveform-1789539763390-10 D6 FIRST_VALID_SAMPLE state=FIRST_FRAME_RECEIVED attempts=1 streak=1
[2026-09-16T06:23:49.210Z] batch=field-waveform-1789539763390-10 D2 FIRST_FRAME state=FIRST_FRAME_RECEIVED attempts=1 streak=1
[2026-09-16T06:23:49.210Z] batch=field-waveform-1789539763390-10 D2 FIRST_VALID_SAMPLE state=FIRST_FRAME_RECEIVED attempts=1 streak=1
[2026-09-16T06:23:49.260Z] batch=field-waveform-1789539763390-10 D5 FIRST_FRAME state=FIRST_FRAME_RECEIVED attempts=1 streak=1
[2026-09-16T06:23:49.260Z] batch=field-waveform-1789539763390-10 D5 FIRST_VALID_SAMPLE state=FIRST_FRAME_RECEIVED attempts=1 streak=1
[2026-09-16T06:23:49.473Z] batch=field-waveform-1789539763390-10 D3 CHANNEL_SYNC_OK state=TEST_READY attempts=1 streak=5
[2026-09-16T06:23:49.473Z] batch=field-waveform-1789539763390-10 D3 TEST_READY state=TEST_READY attempts=1 streak=5
[2026-09-16T06:23:49.475Z] batch=field-waveform-1789539763390-10 D6 CHANNEL_SYNC_OK state=TEST_READY attempts=1 streak=5
[2026-09-16T06:23:49.475Z] batch=field-waveform-1789539763390-10 D6 TEST_READY state=TEST_READY attempts=1 streak=5
[2026-09-16T06:23:49.478Z] batch=field-waveform-1789539763390-10 D2 CHANNEL_SYNC_OK state=TEST_READY attempts=1 streak=5
[2026-09-16T06:23:49.478Z] batch=field-waveform-1789539763390-10 D2 TEST_READY state=TEST_READY attempts=1 streak=5
[2026-09-16T06:23:49.508Z] batch=field-waveform-1789539763390-10 D5 CHANNEL_SYNC_OK state=TEST_READY attempts=1 streak=5
[2026-09-16T06:23:49.509Z] batch=field-waveform-1789539763390-10 D5 TEST_READY state=TEST_READY attempts=1 streak=5
[2026-09-16T06:24:41.905Z] batch=field-waveform-1789539763390-10 D1 MODE_SWITCH_START state=MODE_SWITCHING attempts=1 streak=0 attempt=1
[2026-09-16T06:24:41.906Z] batch=field-waveform-1789539763390-10 D1 MODE_SWITCH_OK state=MODE_SWITCH_OK attempts=1 streak=0
[2026-09-16T06:24:41.909Z] batch=field-waveform-1789539763390-10 D4 MODE_SWITCH_START state=MODE_SWITCHING attempts=1 streak=0 attempt=1
[2026-09-16T06:24:41.909Z] batch=field-waveform-1789539763390-10 D4 MODE_SWITCH_OK state=MODE_SWITCH_OK attempts=1 streak=0
[2026-09-16T06:24:41.913Z] batch=field-waveform-1789539763390-10 D3 MODE_SWITCH_START state=MODE_SWITCHING attempts=1 streak=0 attempt=1
[2026-09-16T06:24:41.914Z] batch=field-waveform-1789539763390-10 D3 MODE_SWITCH_OK state=MODE_SWITCH_OK attempts=1 streak=0
[2026-09-16T06:24:42.159Z] batch=field-waveform-1789539763390-10 D5 MODE_SWITCH_START state=MODE_SWITCHING attempts=1 streak=0 attempt=1
[2026-09-16T06:24:42.161Z] batch=field-waveform-1789539763390-10 D5 MODE_SWITCH_OK state=MODE_SWITCH_OK attempts=1 streak=0
[2026-09-16T06:24:42.165Z] batch=field-waveform-1789539763390-10 D2 MODE_SWITCH_START state=MODE_SWITCHING attempts=1 streak=0 attempt=1
[2026-09-16T06:24:42.165Z] batch=field-waveform-1789539763390-10 D2 MODE_SWITCH_OK state=MODE_SWITCH_OK attempts=1 streak=0
[2026-09-16T06:24:42.168Z] batch=field-waveform-1789539763390-10 D6 MODE_SWITCH_START state=MODE_SWITCHING attempts=1 streak=0 attempt=1
[2026-09-16T06:24:42.169Z] batch=field-waveform-1789539763390-10 D6 MODE_SWITCH_OK state=MODE_SWITCH_OK attempts=1 streak=0
[2026-09-16T06:24:51.992Z] batch=field-waveform-1789539763390-10 D1 MODE_SWITCH_START state=MODE_SWITCHING attempts=1 streak=0 attempt=1
[2026-09-16T06:24:51.993Z] batch=field-waveform-1789539763390-10 D1 MODE_SWITCH_OK state=MODE_SWITCH_OK attempts=1 streak=0
[2026-09-16T06:24:51.996Z] batch=field-waveform-1789539763390-10 D4 MODE_SWITCH_START state=MODE_SWITCHING attempts=1 streak=0 attempt=1
[2026-09-16T06:24:51.996Z] batch=field-waveform-1789539763390-10 D4 MODE_SWITCH_OK state=MODE_SWITCH_OK attempts=1 streak=0
[2026-09-16T06:24:51.999Z] batch=field-waveform-1789539763390-10 D3 MODE_SWITCH_START state=MODE_SWITCHING attempts=1 streak=0 attempt=1
[2026-09-16T06:24:52.000Z] batch=field-waveform-1789539763390-10 D3 MODE_SWITCH_OK state=MODE_SWITCH_OK attempts=1 streak=0
[2026-09-16T06:24:52.356Z] batch=field-waveform-1789539763390-10 D5 MODE_SWITCH_START state=MODE_SWITCHING attempts=1 streak=0 attempt=1
[2026-09-16T06:24:52.359Z] batch=field-waveform-1789539763390-10 D5 MODE_SWITCH_OK state=MODE_SWITCH_OK attempts=1 streak=0
[2026-09-16T06:24:52.367Z] batch=field-waveform-1789539763390-10 D2 MODE_SWITCH_START state=MODE_SWITCHING attempts=1 streak=0 attempt=1
[2026-09-16T06:24:52.370Z] batch=field-waveform-1789539763390-10 D2 MODE_SWITCH_OK state=MODE_SWITCH_OK attempts=1 streak=0
[2026-09-16T06:24:52.375Z] batch=field-waveform-1789539763390-10 D6 MODE_SWITCH_START state=MODE_SWITCHING attempts=1 streak=0 attempt=1
[2026-09-16T06:24:52.377Z] batch=field-waveform-1789539763390-10 D6 MODE_SWITCH_OK state=MODE_SWITCH_OK attempts=1 streak=0
[2026-09-16T06:24:57.047Z] batch=field-waveform-1789539763390-10 D1 FIRST_FRAME state=FIRST_FRAME_RECEIVED attempts=1 streak=1
[2026-09-16T06:24:57.048Z] batch=field-waveform-1789539763390-10 D1 FIRST_VALID_SAMPLE state=FIRST_FRAME_RECEIVED attempts=1 streak=1
[2026-09-16T06:24:57.187Z] batch=field-waveform-1789539763390-10 D3 FIRST_FRAME state=FIRST_FRAME_RECEIVED attempts=1 streak=1
[2026-09-16T06:24:57.187Z] batch=field-waveform-1789539763390-10 D3 FIRST_VALID_SAMPLE state=FIRST_FRAME_RECEIVED attempts=1 streak=1
[2026-09-16T06:24:57.192Z] batch=field-waveform-1789539763390-10 D4 FIRST_FRAME state=FIRST_FRAME_RECEIVED attempts=1 streak=1
[2026-09-16T06:24:57.193Z] batch=field-waveform-1789539763390-10 D4 FIRST_VALID_SAMPLE state=FIRST_FRAME_RECEIVED attempts=1 streak=1
[2026-09-16T06:24:57.465Z] batch=field-waveform-1789539763390-10 D1 CHANNEL_SYNC_OK state=TEST_READY attempts=1 streak=5
[2026-09-16T06:24:57.465Z] batch=field-waveform-1789539763390-10 D1 TEST_READY state=TEST_READY attempts=1 streak=5
[2026-09-16T06:24:57.467Z] batch=field-waveform-1789539763390-10 D3 CHANNEL_SYNC_OK state=TEST_READY attempts=1 streak=5
[2026-09-16T06:24:57.467Z] batch=field-waveform-1789539763390-10 D3 TEST_READY state=TEST_READY attempts=1 streak=5
[2026-09-16T06:24:57.470Z] batch=field-waveform-1789539763390-10 D4 CHANNEL_SYNC_OK state=TEST_READY attempts=1 streak=5
[2026-09-16T06:24:57.471Z] batch=field-waveform-1789539763390-10 D4 TEST_READY state=TEST_READY attempts=1 streak=5
[2026-09-16T06:24:57.476Z] batch=field-waveform-1789539763390-10 D6 FIRST_FRAME state=FIRST_FRAME_RECEIVED attempts=1 streak=1
[2026-09-16T06:24:57.476Z] batch=field-waveform-1789539763390-10 D6 FIRST_VALID_SAMPLE state=FIRST_FRAME_RECEIVED attempts=1 streak=1
[2026-09-16T06:24:57.477Z] batch=field-waveform-1789539763390-10 D2 FIRST_FRAME state=FIRST_FRAME_RECEIVED attempts=1 streak=1
[2026-09-16T06:24:57.477Z] batch=field-waveform-1789539763390-10 D2 FIRST_VALID_SAMPLE state=FIRST_FRAME_RECEIVED attempts=1 streak=1
[2026-09-16T06:24:57.609Z] batch=field-waveform-1789539763390-10 D5 FIRST_FRAME state=FIRST_FRAME_RECEIVED attempts=1 streak=1
[2026-09-16T06:24:57.609Z] batch=field-waveform-1789539763390-10 D5 FIRST_VALID_SAMPLE state=FIRST_FRAME_RECEIVED attempts=1 streak=1
[2026-09-16T06:24:57.694Z] batch=field-waveform-1789539763390-10 D2 CHANNEL_SYNC_OK state=TEST_READY attempts=1 streak=5
[2026-09-16T06:24:57.694Z] batch=field-waveform-1789539763390-10 D2 TEST_READY state=TEST_READY attempts=1 streak=5
[2026-09-16T06:24:57.698Z] batch=field-waveform-1789539763390-10 D6 CHANNEL_SYNC_OK state=TEST_READY attempts=1 streak=5
[2026-09-16T06:24:57.698Z] batch=field-waveform-1789539763390-10 D6 TEST_READY state=TEST_READY attempts=1 streak=5
[2026-09-16T06:24:57.838Z] batch=field-waveform-1789539763390-10 D5 CHANNEL_SYNC_OK state=TEST_READY attempts=1 streak=5
[2026-09-16T06:24:57.838Z] batch=field-waveform-1789539763390-10 D5 TEST_READY state=TEST_READY attempts=1 streak=5
