[2026-09-14T11:14:20.283Z] batch=field-waveform-1789384301768-1 D1 MODE_SWITCH_START state=MODE_SWITCHING attempts=1 streak=0 attempt=1
[2026-09-14T11:14:20.285Z] batch=field-waveform-1789384301768-1 D1 MODE_SWITCH_OK state=MODE_SWITCH_OK attempts=1 streak=0
[2026-09-14T11:14:20.827Z] batch=field-waveform-1789384301768-1 D2 MODE_SWITCH_START state=MODE_SWITCHING attempts=1 streak=0 attempt=1
[2026-09-14T11:14:20.828Z] batch=field-waveform-1789384301768-1 D2 MODE_SWITCH_OK state=MODE_SWITCH_OK attempts=1 streak=0
[2026-09-14T11:14:20.833Z] batch=field-waveform-1789384301768-1 D6 MODE_SWITCH_START state=MODE_SWITCHING attempts=1 streak=0 attempt=1
[2026-09-14T11:14:20.834Z] batch=field-waveform-1789384301768-1 D6 MODE_SWITCH_OK state=MODE_SWITCH_OK attempts=1 streak=0
[2026-09-14T11:14:20.839Z] batch=field-waveform-1789384301768-1 D5 MODE_SWITCH_START state=MODE_SWITCHING attempts=1 streak=0 attempt=1
[2026-09-14T11:14:20.840Z] batch=field-waveform-1789384301768-1 D5 MODE_SWITCH_OK state=MODE_SWITCH_OK attempts=1 streak=0
[2026-09-14T11:14:20.845Z] batch=field-waveform-1789384301768-1 D3 MODE_SWITCH_START state=MODE_SWITCHING attempts=1 streak=0 attempt=1
[2026-09-14T11:14:20.846Z] batch=field-waveform-1789384301768-1 D3 MODE_SWITCH_OK state=MODE_SWITCH_OK attempts=1 streak=0
[2026-09-14T11:14:20.854Z] batch=field-waveform-1789384301768-1 D4 MODE_SWITCH_START state=MODE_SWITCHING attempts=1 streak=0 attempt=1
[2026-09-14T11:14:20.855Z] batch=field-waveform-1789384301768-1 D4 MODE_SWITCH_OK state=MODE_SWITCH_OK attempts=1 streak=0
[2026-09-14T11:14:30.417Z] batch=field-waveform-1789384301768-1 D1 MODE_SWITCH_START state=MODE_SWITCHING attempts=1 streak=0 attempt=1
[2026-09-14T11:14:30.420Z] batch=field-waveform-1789384301768-1 D1 MODE_SWITCH_OK state=MODE_SWITCH_OK attempts=1 streak=0
[2026-09-14T11:14:31.124Z] batch=field-waveform-1789384301768-1 D2 MODE_SWITCH_START state=MODE_SWITCHING attempts=1 streak=0 attempt=1
[2026-09-14T11:14:31.126Z] batch=field-waveform-1789384301768-1 D2 MODE_SWITCH_OK state=MODE_SWITCH_OK attempts=1 streak=0
[2026-09-14T11:14:31.131Z] batch=field-waveform-1789384301768-1 D6 MODE_SWITCH_START state=MODE_SWITCHING attempts=1 streak=0 attempt=1
[2026-09-14T11:14:31.132Z] batch=field-waveform-1789384301768-1 D6 MODE_SWITCH_OK state=MODE_SWITCH_OK attempts=1 streak=0
[2026-09-14T11:14:31.138Z] batch=field-waveform-1789384301768-1 D5 MODE_SWITCH_START state=MODE_SWITCHING attempts=1 streak=0 attempt=1
[2026-09-14T11:14:31.140Z] batch=field-waveform-1789384301768-1 D5 MODE_SWITCH_OK state=MODE_SWITCH_OK attempts=1 streak=0
[2026-09-14T11:14:31.146Z] batch=field-waveform-1789384301768-1 D3 MODE_SWITCH_START state=MODE_SWITCHING attempts=1 streak=0 attempt=1
[2026-09-14T11:14:31.148Z] batch=field-waveform-1789384301768-1 D3 MODE_SWITCH_OK state=MODE_SWITCH_OK attempts=1 streak=0
[2026-09-14T11:14:31.153Z] batch=field-waveform-1789384301768-1 D4 MODE_SWITCH_START state=MODE_SWITCHING attempts=1 streak=0 attempt=1
[2026-09-14T11:14:31.155Z] batch=field-waveform-1789384301768-1 D4 MODE_SWITCH_OK state=MODE_SWITCH_OK attempts=1 streak=0
[2026-09-14T11:14:40.545Z] batch=field-waveform-1789384301768-1 D1 MODE_SWITCH_START state=MODE_SWITCHING attempts=1 streak=0 attempt=1
[2026-09-14T11:14:40.547Z] batch=field-waveform-1789384301768-1 D1 MODE_SWITCH_OK state=MODE_SWITCH_OK attempts=1 streak=0
[2026-09-14T11:14:41.367Z] batch=field-waveform-1789384301768-1 D2 MODE_SWITCH_START state=MODE_SWITCHING attempts=1 streak=0 attempt=1
[2026-09-14T11:14:41.370Z] batch=field-waveform-1789384301768-1 D2 MODE_SWITCH_OK state=MODE_SWITCH_OK attempts=1 streak=0
[2026-09-14T11:14:41.375Z] batch=field-waveform-1789384301768-1 D6 MODE_SWITCH_START state=MODE_SWITCHING attempts=1 streak=0 attempt=1
[2026-09-14T11:14:41.376Z] batch=field-waveform-1789384301768-1 D6 MODE_SWITCH_OK state=MODE_SWITCH_OK attempts=1 streak=0
[2026-09-14T11:14:41.382Z] batch=field-waveform-1789384301768-1 D5 MODE_SWITCH_START state=MODE_SWITCHING attempts=1 streak=0 attempt=1
[2026-09-14T11:14:41.383Z] batch=field-waveform-1789384301768-1 D5 MODE_SWITCH_OK state=MODE_SWITCH_OK attempts=1 streak=0
[2026-09-14T11:14:41.391Z] batch=field-waveform-1789384301768-1 D3 MODE_SWITCH_START state=MODE_SWITCHING attempts=1 streak=0 attempt=1
[2026-09-14T11:14:41.392Z] batch=field-waveform-1789384301768-1 D3 MODE_SWITCH_OK state=MODE_SWITCH_OK attempts=1 streak=0
[2026-09-14T11:14:41.397Z] batch=field-waveform-1789384301768-1 D4 MODE_SWITCH_START state=MODE_SWITCHING attempts=1 streak=0 attempt=1
[2026-09-14T11:14:41.399Z] batch=field-waveform-1789384301768-1 D4 MODE_SWITCH_OK state=MODE_SWITCH_OK attempts=1 streak=0
[2026-09-14T11:14:41.554Z] batch=field-waveform-1789384481553-2 D1 MODE_SWITCH_START state=MODE_SWITCHING attempts=1 streak=0 attempt=1
[2026-09-14T11:14:41.556Z] batch=field-waveform-1789384481553-2 D2 MODE_SWITCH_START state=MODE_SWITCHING attempts=1 streak=0 attempt=1
[2026-09-14T11:14:41.557Z] batch=field-waveform-1789384481553-2 D3 MODE_SWITCH_START state=MODE_SWITCHING attempts=1 streak=0 attempt=1
[2026-09-14T11:14:41.566Z] batch=field-waveform-1789384481553-2 D4 MODE_SWITCH_START state=MODE_SWITCHING attempts=1 streak=0 attempt=1
[2026-09-14T11:14:41.567Z] batch=field-waveform-1789384481553-2 D5 MODE_SWITCH_START state=MODE_SWITCHING attempts=1 streak=0 attempt=1
[2026-09-14T11:14:41.567Z] batch=field-waveform-1789384481553-2 D6 MODE_SWITCH_START state=MODE_SWITCHING attempts=1 streak=0 attempt=1
[2026-09-14T11:14:41.571Z] batch=field-waveform-1789384481553-2 D1 MODE_SWITCH_OK state=MODE_SWITCH_OK attempts=1 streak=0
[2026-09-14T11:14:41.572Z] batch=field-waveform-1789384481553-2 D2 MODE_SWITCH_OK state=MODE_SWITCH_OK attempts=1 streak=0
[2026-09-14T11:14:41.572Z] batch=field-waveform-1789384481553-2 D3 MODE_SWITCH_OK state=MODE_SWITCH_OK attempts=1 streak=0
[2026-09-14T11:14:41.577Z] batch=field-waveform-1789384481553-2 D4 MODE_SWITCH_OK state=MODE_SWITCH_OK attempts=1 streak=0
[2026-09-14T11:14:41.579Z] batch=field-waveform-1789384481553-2 D5 MODE_SWITCH_OK state=MODE_SWITCH_OK attempts=1 streak=0
[2026-09-14T11:14:41.581Z] batch=field-waveform-1789384481553-2 D6 MODE_SWITCH_OK state=MODE_SWITCH_OK attempts=1 streak=0
[2026-09-14T11:14:50.555Z] batch=field-waveform-1789384481553-2 D1 MODE_SWITCH_START state=MODE_SWITCHING attempts=1 streak=0 attempt=1
[2026-09-14T11:14:50.558Z] batch=field-waveform-1789384481553-2 D1 MODE_SWITCH_OK state=MODE_SWITCH_OK attempts=1 streak=0
[2026-09-14T11:14:51.379Z] batch=field-waveform-1789384481553-2 D2 MODE_SWITCH_START state=MODE_SWITCHING attempts=1 streak=0 attempt=1
[2026-09-14T11:14:51.381Z] batch=field-waveform-1789384481553-2 D2 MODE_SWITCH_OK state=MODE_SWITCH_OK attempts=1 streak=0
[2026-09-14T11:14:51.383Z] batch=field-waveform-1789384481553-2 D6 MODE_SWITCH_START state=MODE_SWITCHING attempts=1 streak=0 attempt=1
[2026-09-14T11:14:51.386Z] batch=field-waveform-1789384481553-2 D6 MODE_SWITCH_OK state=MODE_SWITCH_OK attempts=1 streak=0
[2026-09-14T11:14:51.390Z] batch=field-waveform-1789384481553-2 D5 MODE_SWITCH_START state=MODE_SWITCHING attempts=1 streak=0 attempt=1
[2026-09-14T11:14:51.392Z] batch=field-waveform-1789384481553-2 D5 MODE_SWITCH_OK state=MODE_SWITCH_OK attempts=1 streak=0
[2026-09-14T11:14:51.396Z] batch=field-waveform-1789384481553-2 D3 MODE_SWITCH_START state=MODE_SWITCHING attempts=1 streak=0 attempt=1
[2026-09-14T11:14:51.398Z] batch=field-waveform-1789384481553-2 D3 MODE_SWITCH_OK state=MODE_SWITCH_OK attempts=1 streak=0
[2026-09-14T11:14:51.401Z] batch=field-waveform-1789384481553-2 D4 MODE_SWITCH_START state=MODE_SWITCHING attempts=1 streak=0 attempt=1
[2026-09-14T11:14:51.405Z] batch=field-waveform-1789384481553-2 D4 MODE_SWITCH_OK state=MODE_SWITCH_OK attempts=1 streak=0
[2026-09-14T11:15:00.569Z] batch=field-waveform-1789384481553-2 D1 MODE_SWITCH_START state=MODE_SWITCHING attempts=1 streak=0 attempt=1
[2026-09-14T11:15:00.572Z] batch=field-waveform-1789384481553-2 D1 MODE_SWITCH_OK state=MODE_SWITCH_OK attempts=1 streak=0
[2026-09-14T11:15:01.384Z] batch=field-waveform-1789384481553-2 D2 MODE_SWITCH_START state=MODE_SWITCHING attempts=1 streak=0 attempt=1
[2026-09-14T11:15:01.386Z] batch=field-waveform-1789384481553-2 D2 MODE_SWITCH_OK state=MODE_SWITCH_OK attempts=1 streak=0
[2026-09-14T11:15:01.389Z] batch=field-waveform-1789384481553-2 D6 MODE_SWITCH_START state=MODE_SWITCHING attempts=1 streak=0 attempt=1
[2026-09-14T11:15:01.390Z] batch=field-waveform-1789384481553-2 D6 MODE_SWITCH_OK state=MODE_SWITCH_OK attempts=1 streak=0
[2026-09-14T11:15:01.394Z] batch=field-waveform-1789384481553-2 D5 MODE_SWITCH_START state=MODE_SWITCHING attempts=1 streak=0 attempt=1
[2026-09-14T11:15:01.396Z] batch=field-waveform-1789384481553-2 D5 MODE_SWITCH_OK state=MODE_SWITCH_OK attempts=1 streak=0
[2026-09-14T11:15:01.398Z] batch=field-waveform-1789384481553-2 D3 MODE_SWITCH_START state=MODE_SWITCHING attempts=1 streak=0 attempt=1
[2026-09-14T11:15:01.401Z] batch=field-waveform-1789384481553-2 D3 MODE_SWITCH_OK state=MODE_SWITCH_OK attempts=1 streak=0
[2026-09-14T11:15:01.415Z] batch=field-waveform-1789384481553-2 D4 MODE_SWITCH_START state=MODE_SWITCHING attempts=1 streak=0 attempt=1
[2026-09-14T11:15:01.416Z] batch=field-waveform-1789384481553-2 D4 MODE_SWITCH_OK state=MODE_SWITCH_OK attempts=1 streak=0
[2026-09-14T11:15:10.579Z] batch=field-waveform-1789384481553-2 D1 MODE_SWITCH_START state=MODE_SWITCHING attempts=1 streak=0 attempt=1
[2026-09-14T11:15:10.581Z] batch=field-waveform-1789384481553-2 D1 MODE_SWITCH_OK state=MODE_SWITCH_OK attempts=1 streak=0
[2026-09-14T11:15:11.395Z] batch=field-waveform-1789384481553-2 D2 MODE_SWITCH_START state=MODE_SWITCHING attempts=1 streak=0 attempt=1
[2026-09-14T11:15:11.397Z] batch=field-waveform-1789384481553-2 D2 MODE_SWITCH_OK state=MODE_SWITCH_OK attempts=1 streak=0
[2026-09-14T11:15:11.398Z] batch=field-waveform-1789384481553-2 D6 MODE_SWITCH_START state=MODE_SWITCHING attempts=1 streak=0 attempt=1
[2026-09-14T11:15:11.402Z] batch=field-waveform-1789384481553-2 D6 MODE_SWITCH_OK state=MODE_SWITCH_OK attempts=1 streak=0
[2026-09-14T11:15:11.405Z] batch=field-waveform-1789384481553-2 D5 MODE_SWITCH_START state=MODE_SWITCHING attempts=1 streak=0 attempt=1
[2026-09-14T11:15:11.406Z] batch=field-waveform-1789384481553-2 D5 MODE_SWITCH_OK state=MODE_SWITCH_OK attempts=1 streak=0
[2026-09-14T11:15:11.407Z] batch=field-waveform-1789384481553-2 D3 MODE_SWITCH_START state=MODE_SWITCHING attempts=1 streak=0 attempt=1
[2026-09-14T11:15:11.410Z] batch=field-waveform-1789384481553-2 D3 MODE_SWITCH_OK state=MODE_SWITCH_OK attempts=1 streak=0
[2026-09-14T11:15:11.419Z] batch=field-waveform-1789384481553-2 D4 MODE_SWITCH_START state=MODE_SWITCHING attempts=1 streak=0 attempt=1
[2026-09-14T11:15:11.421Z] batch=field-waveform-1789384481553-2 D4 MODE_SWITCH_OK state=MODE_SWITCH_OK attempts=1 streak=0
[2026-09-14T11:15:20.586Z] batch=field-waveform-1789384481553-2 D1 MODE_SWITCH_START state=MODE_SWITCHING attempts=1 streak=0 attempt=1
[2026-09-14T11:15:20.590Z] batch=field-waveform-1789384481553-2 D1 MODE_SWITCH_OK state=MODE_SWITCH_OK attempts=1 streak=0
[2026-09-14T11:15:21.402Z] batch=field-waveform-1789384481553-2 D2 MODE_SWITCH_START state=MODE_SWITCHING attempts=1 streak=0 attempt=1
[2026-09-14T11:15:21.404Z] batch=field-waveform-1789384481553-2 D2 MODE_SWITCH_OK state=MODE_SWITCH_OK attempts=1 streak=0
[2026-09-14T11:15:21.433Z] batch=field-waveform-1789384481553-2 D6 MODE_SWITCH_START state=MODE_SWITCHING attempts=1 streak=0 attempt=1
[2026-09-14T11:15:21.436Z] batch=field-waveform-1789384481553-2 D6 MODE_SWITCH_OK state=MODE_SWITCH_OK attempts=1 streak=0
[2026-09-14T11:15:21.438Z] batch=field-waveform-1789384481553-2 D5 MODE_SWITCH_START state=MODE_SWITCHING attempts=1 streak=0 attempt=1
[2026-09-14T11:15:21.439Z] batch=field-waveform-1789384481553-2 D5 MODE_SWITCH_OK state=MODE_SWITCH_OK attempts=1 streak=0
[2026-09-14T11:15:21.441Z] batch=field-waveform-1789384481553-2 D3 MODE_SWITCH_START state=MODE_SWITCHING attempts=1 streak=0 attempt=1
[2026-09-14T11:15:21.443Z] batch=field-waveform-1789384481553-2 D3 MODE_SWITCH_OK state=MODE_SWITCH_OK attempts=1 streak=0
[2026-09-14T11:15:21.444Z] batch=field-waveform-1789384481553-2 D4 MODE_SWITCH_START state=MODE_SWITCHING attempts=1 streak=0 attempt=1
[2026-09-14T11:15:21.446Z] batch=field-waveform-1789384481553-2 D4 MODE_SWITCH_OK state=MODE_SWITCH_OK attempts=1 streak=0
[2026-09-14T11:15:27.323Z] batch=field-waveform-1789384481553-2 D5 FIRST_FRAME state=FIRST_FRAME_RECEIVED attempts=1 streak=1
[2026-09-14T11:15:27.323Z] batch=field-waveform-1789384481553-2 D5 FIRST_VALID_SAMPLE state=FIRST_FRAME_RECEIVED attempts=1 streak=1
[2026-09-14T11:15:27.324Z] batch=field-waveform-1789384481553-2 D2 FIRST_FRAME state=FIRST_FRAME_RECEIVED attempts=1 streak=1
[2026-09-14T11:15:27.325Z] batch=field-waveform-1789384481553-2 D2 FIRST_VALID_SAMPLE state=FIRST_FRAME_RECEIVED attempts=1 streak=1
[2026-09-14T11:15:27.340Z] batch=field-waveform-1789384481553-2 D4 FIRST_FRAME state=FIRST_FRAME_RECEIVED attempts=1 streak=1
[2026-09-14T11:15:27.340Z] batch=field-waveform-1789384481553-2 D4 FIRST_VALID_SAMPLE state=FIRST_FRAME_RECEIVED attempts=1 streak=1
[2026-09-14T11:15:27.341Z] batch=field-waveform-1789384481553-2 D1 FIRST_FRAME state=FIRST_FRAME_RECEIVED attempts=1 streak=1
[2026-09-14T11:15:27.342Z] batch=field-waveform-1789384481553-2 D1 FIRST_VALID_SAMPLE state=FIRST_FRAME_RECEIVED attempts=1 streak=1
[2026-09-14T11:15:27.349Z] batch=field-waveform-1789384481553-2 D6 FIRST_FRAME state=FIRST_FRAME_RECEIVED attempts=1 streak=1
[2026-09-14T11:15:27.349Z] batch=field-waveform-1789384481553-2 D6 FIRST_VALID_SAMPLE state=FIRST_FRAME_RECEIVED attempts=1 streak=1
[2026-09-14T11:15:27.382Z] batch=field-waveform-1789384481553-2 D3 FIRST_FRAME state=FIRST_FRAME_RECEIVED attempts=1 streak=1
[2026-09-14T11:15:27.382Z] batch=field-waveform-1789384481553-2 D3 FIRST_VALID_SAMPLE state=FIRST_FRAME_RECEIVED attempts=1 streak=1
[2026-09-14T11:15:27.564Z] batch=field-waveform-1789384481553-2 D5 CHANNEL_SYNC_OK state=TEST_READY attempts=1 streak=5
[2026-09-14T11:15:27.565Z] batch=field-waveform-1789384481553-2 D5 TEST_READY state=TEST_READY attempts=1 streak=5
[2026-09-14T11:15:27.590Z] batch=field-waveform-1789384481553-2 D2 CHANNEL_SYNC_OK state=TEST_READY attempts=1 streak=5
[2026-09-14T11:15:27.590Z] batch=field-waveform-1789384481553-2 D2 TEST_READY state=TEST_READY attempts=1 streak=5
[2026-09-14T11:15:27.591Z] batch=field-waveform-1789384481553-2 D4 CHANNEL_SYNC_OK state=TEST_READY attempts=1 streak=5
[2026-09-14T11:15:27.592Z] batch=field-waveform-1789384481553-2 D4 TEST_READY state=TEST_READY attempts=1 streak=5
[2026-09-14T11:15:27.595Z] batch=field-waveform-1789384481553-2 D1 CHANNEL_SYNC_OK state=TEST_READY attempts=1 streak=5
[2026-09-14T11:15:27.595Z] batch=field-waveform-1789384481553-2 D1 TEST_READY state=TEST_READY attempts=1 streak=5
[2026-09-14T11:15:27.599Z] batch=field-waveform-1789384481553-2 D6 CHANNEL_SYNC_OK state=TEST_READY attempts=1 streak=5
[2026-09-14T11:15:27.600Z] batch=field-waveform-1789384481553-2 D6 TEST_READY state=TEST_READY attempts=1 streak=5
[2026-09-14T11:15:27.615Z] batch=field-waveform-1789384481553-2 D3 CHANNEL_SYNC_OK state=TEST_READY attempts=1 streak=5
[2026-09-14T11:15:27.616Z] batch=field-waveform-1789384481553-2 D3 TEST_READY state=TEST_READY attempts=1 streak=5
[2026-09-14T11:16:20.274Z] batch=field-waveform-1789384481553-2 D2 MODE_SWITCH_START state=MODE_SWITCHING attempts=1 streak=0 attempt=1
[2026-09-14T11:16:20.276Z] batch=field-waveform-1789384481553-2 D2 MODE_SWITCH_OK state=MODE_SWITCH_OK attempts=1 streak=0
[2026-09-14T11:16:20.280Z] batch=field-waveform-1789384481553-2 D3 MODE_SWITCH_START state=MODE_SWITCHING attempts=1 streak=0 attempt=1
[2026-09-14T11:16:20.281Z] batch=field-waveform-1789384481553-2 D3 MODE_SWITCH_OK state=MODE_SWITCH_OK attempts=1 streak=0
[2026-09-14T11:16:20.513Z] batch=field-waveform-1789384481553-2 D1 MODE_SWITCH_START state=MODE_SWITCHING attempts=1 streak=0 attempt=1
[2026-09-14T11:16:20.515Z] batch=field-waveform-1789384481553-2 D1 MODE_SWITCH_OK state=MODE_SWITCH_OK attempts=1 streak=0
[2026-09-14T11:16:20.519Z] batch=field-waveform-1789384481553-2 D4 MODE_SWITCH_START state=MODE_SWITCHING attempts=1 streak=0 attempt=1
[2026-09-14T11:16:20.521Z] batch=field-waveform-1789384481553-2 D4 MODE_SWITCH_OK state=MODE_SWITCH_OK attempts=1 streak=0
[2026-09-14T11:16:20.525Z] batch=field-waveform-1789384481553-2 D5 MODE_SWITCH_START state=MODE_SWITCHING attempts=1 streak=0 attempt=1
[2026-09-14T11:16:20.527Z] batch=field-waveform-1789384481553-2 D5 MODE_SWITCH_OK state=MODE_SWITCH_OK attempts=1 streak=0
[2026-09-14T11:16:20.530Z] batch=field-waveform-1789384481553-2 D6 MODE_SWITCH_START state=MODE_SWITCHING attempts=1 streak=0 attempt=1
[2026-09-14T11:16:20.532Z] batch=field-waveform-1789384481553-2 D6 MODE_SWITCH_OK state=MODE_SWITCH_OK attempts=1 streak=0
[2026-09-14T11:16:30.701Z] batch=field-waveform-1789384481553-2 D2 MODE_SWITCH_START state=MODE_SWITCHING attempts=1 streak=0 attempt=1
[2026-09-14T11:16:30.704Z] batch=field-waveform-1789384481553-2 D2 MODE_SWITCH_OK state=MODE_SWITCH_OK attempts=1 streak=0
[2026-09-14T11:16:30.716Z] batch=field-waveform-1789384481553-2 D3 MODE_SWITCH_START state=MODE_SWITCHING attempts=1 streak=0 attempt=1
[2026-09-14T11:16:30.721Z] batch=field-waveform-1789384481553-2 D3 MODE_SWITCH_OK state=MODE_SWITCH_OK attempts=1 streak=0
[2026-09-14T11:16:30.727Z] batch=field-waveform-1789384481553-2 D1 MODE_SWITCH_START state=MODE_SWITCHING attempts=1 streak=0 attempt=1
[2026-09-14T11:16:30.733Z] batch=field-waveform-1789384481553-2 D1 MODE_SWITCH_OK state=MODE_SWITCH_OK attempts=1 streak=0
[2026-09-14T11:16:30.747Z] batch=field-waveform-1789384481553-2 D4 MODE_SWITCH_START state=MODE_SWITCHING attempts=1 streak=0 attempt=1
[2026-09-14T11:16:30.751Z] batch=field-waveform-1789384481553-2 D4 MODE_SWITCH_OK state=MODE_SWITCH_OK attempts=1 streak=0
[2026-09-14T11:16:30.757Z] batch=field-waveform-1789384481553-2 D5 MODE_SWITCH_START state=MODE_SWITCHING attempts=1 streak=0 attempt=1
[2026-09-14T11:16:30.765Z] batch=field-waveform-1789384481553-2 D5 MODE_SWITCH_OK state=MODE_SWITCH_OK attempts=1 streak=0
[2026-09-14T11:16:30.771Z] batch=field-waveform-1789384481553-2 D6 MODE_SWITCH_START state=MODE_SWITCHING attempts=1 streak=0 attempt=1
[2026-09-14T11:16:30.773Z] batch=field-waveform-1789384481553-2 D6 MODE_SWITCH_OK state=MODE_SWITCH_OK attempts=1 streak=0
[2026-09-14T11:16:36.018Z] batch=field-waveform-1789384481553-2 D3 FIRST_FRAME state=FIRST_FRAME_RECEIVED attempts=1 streak=1
[2026-09-14T11:16:36.019Z] batch=field-waveform-1789384481553-2 D3 FIRST_VALID_SAMPLE state=FIRST_FRAME_RECEIVED attempts=1 streak=1
[2026-09-14T11:16:36.024Z] batch=field-waveform-1789384481553-2 D3 CHANNEL_SYNC_OK state=TEST_READY attempts=1 streak=5
[2026-09-14T11:16:36.024Z] batch=field-waveform-1789384481553-2 D3 TEST_READY state=TEST_READY attempts=1 streak=5
[2026-09-14T11:16:36.025Z] batch=field-waveform-1789384481553-2 D2 FIRST_FRAME state=FIRST_FRAME_RECEIVED attempts=1 streak=1
[2026-09-14T11:16:36.025Z] batch=field-waveform-1789384481553-2 D2 FIRST_VALID_SAMPLE state=FIRST_FRAME_RECEIVED attempts=1 streak=1
[2026-09-14T11:16:36.029Z] batch=field-waveform-1789384481553-2 D2 CHANNEL_SYNC_OK state=TEST_READY attempts=1 streak=5
[2026-09-14T11:16:36.030Z] batch=field-waveform-1789384481553-2 D2 TEST_READY state=TEST_READY attempts=1 streak=5
[2026-09-14T11:16:36.034Z] batch=field-waveform-1789384481553-2 D1 FIRST_FRAME state=FIRST_FRAME_RECEIVED attempts=1 streak=1
[2026-09-14T11:16:36.035Z] batch=field-waveform-1789384481553-2 D1 FIRST_VALID_SAMPLE state=FIRST_FRAME_RECEIVED attempts=1 streak=1
[2026-09-14T11:16:36.039Z] batch=field-waveform-1789384481553-2 D1 CHANNEL_SYNC_OK state=TEST_READY attempts=1 streak=5
[2026-09-14T11:16:36.040Z] batch=field-waveform-1789384481553-2 D1 TEST_READY state=TEST_READY attempts=1 streak=5
[2026-09-14T11:16:36.041Z] batch=field-waveform-1789384481553-2 D5 FIRST_FRAME state=FIRST_FRAME_RECEIVED attempts=1 streak=1
[2026-09-14T11:16:36.041Z] batch=field-waveform-1789384481553-2 D5 FIRST_VALID_SAMPLE state=FIRST_FRAME_RECEIVED attempts=1 streak=1
[2026-09-14T11:16:36.043Z] batch=field-waveform-1789384481553-2 D4 FIRST_FRAME state=FIRST_FRAME_RECEIVED attempts=1 streak=1
[2026-09-14T11:16:36.044Z] batch=field-waveform-1789384481553-2 D4 FIRST_VALID_SAMPLE state=FIRST_FRAME_RECEIVED attempts=1 streak=1
[2026-09-14T11:16:36.052Z] batch=field-waveform-1789384481553-2 D6 FIRST_FRAME state=FIRST_FRAME_RECEIVED attempts=1 streak=1
[2026-09-14T11:16:36.052Z] batch=field-waveform-1789384481553-2 D6 FIRST_VALID_SAMPLE state=FIRST_FRAME_RECEIVED attempts=1 streak=1
[2026-09-14T11:16:36.344Z] batch=field-waveform-1789384481553-2 D5 CHANNEL_SYNC_OK state=TEST_READY attempts=1 streak=5
[2026-09-14T11:16:36.344Z] batch=field-waveform-1789384481553-2 D5 TEST_READY state=TEST_READY attempts=1 streak=5
[2026-09-14T11:16:36.351Z] batch=field-waveform-1789384481553-2 D4 CHANNEL_SYNC_OK state=TEST_READY attempts=1 streak=5
[2026-09-14T11:16:36.352Z] batch=field-waveform-1789384481553-2 D4 TEST_READY state=TEST_READY attempts=1 streak=5
[2026-09-14T11:16:36.354Z] batch=field-waveform-1789384481553-2 D6 CHANNEL_SYNC_OK state=TEST_READY attempts=1 streak=5
[2026-09-14T11:16:36.354Z] batch=field-waveform-1789384481553-2 D6 TEST_READY state=TEST_READY attempts=1 streak=5
