[2026-09-10T02:49:02.944Z] batch=field-waveform-1789008384767-3 D5 MODE_SWITCH_START state=MODE_SWITCHING attempts=1 streak=0 attempt=1
[2026-09-10T02:49:02.958Z] batch=field-waveform-1789008384767-3 D5 MODE_SWITCH_OK state=MODE_SWITCH_OK attempts=1 streak=0
[2026-09-10T02:49:02.968Z] batch=field-waveform-1789008384767-3 D1 MODE_SWITCH_START state=MODE_SWITCHING attempts=1 streak=0 attempt=1
[2026-09-10T02:49:02.978Z] batch=field-waveform-1789008384767-3 D1 MODE_SWITCH_OK state=MODE_SWITCH_OK attempts=1 streak=0
[2026-09-10T02:49:02.991Z] batch=field-waveform-1789008384767-3 D2 MODE_SWITCH_START state=MODE_SWITCHING attempts=1 streak=0 attempt=1
[2026-09-10T02:49:02.998Z] batch=field-waveform-1789008384767-3 D2 MODE_SWITCH_OK state=MODE_SWITCH_OK attempts=1 streak=0
[2026-09-10T02:49:03.007Z] batch=field-waveform-1789008384767-3 D3 MODE_SWITCH_START state=MODE_SWITCHING attempts=1 streak=0 attempt=1
[2026-09-10T02:49:03.015Z] batch=field-waveform-1789008384767-3 D3 MODE_SWITCH_OK state=MODE_SWITCH_OK attempts=1 streak=0
[2026-09-10T02:49:03.028Z] batch=field-waveform-1789008384767-3 D6 MODE_SWITCH_START state=MODE_SWITCHING attempts=1 streak=0 attempt=1
[2026-09-10T02:49:03.031Z] batch=field-waveform-1789008384767-3 D6 MODE_SWITCH_OK state=MODE_SWITCH_OK attempts=1 streak=0
[2026-09-10T02:49:03.043Z] batch=field-waveform-1789008384767-3 D4 MODE_SWITCH_START state=MODE_SWITCHING attempts=1 streak=0 attempt=1
[2026-09-10T02:49:03.046Z] batch=field-waveform-1789008384767-3 D4 MODE_SWITCH_OK state=MODE_SWITCH_OK attempts=1 streak=0
[2026-09-10T02:49:13.211Z] batch=field-waveform-1789008384767-3 D5 MODE_SWITCH_START state=MODE_SWITCHING attempts=1 streak=0 attempt=1
[2026-09-10T02:49:13.222Z] batch=field-waveform-1789008384767-3 D5 MODE_SWITCH_OK state=MODE_SWITCH_OK attempts=1 streak=0
[2026-09-10T02:49:13.233Z] batch=field-waveform-1789008384767-3 D1 MODE_SWITCH_START state=MODE_SWITCHING attempts=1 streak=0 attempt=1
[2026-09-10T02:49:13.236Z] batch=field-waveform-1789008384767-3 D1 MODE_SWITCH_OK state=MODE_SWITCH_OK attempts=1 streak=0
[2026-09-10T02:49:13.244Z] batch=field-waveform-1789008384767-3 D2 MODE_SWITCH_START state=MODE_SWITCHING attempts=1 streak=0 attempt=1
[2026-09-10T02:49:13.249Z] batch=field-waveform-1789008384767-3 D2 MODE_SWITCH_OK state=MODE_SWITCH_OK attempts=1 streak=0
[2026-09-10T02:49:13.257Z] batch=field-waveform-1789008384767-3 D3 MODE_SWITCH_START state=MODE_SWITCHING attempts=1 streak=0 attempt=1
[2026-09-10T02:49:13.259Z] batch=field-waveform-1789008384767-3 D3 MODE_SWITCH_OK state=MODE_SWITCH_OK attempts=1 streak=0
[2026-09-10T02:49:13.267Z] batch=field-waveform-1789008384767-3 D6 MODE_SWITCH_START state=MODE_SWITCHING attempts=1 streak=0 attempt=1
[2026-09-10T02:49:13.269Z] batch=field-waveform-1789008384767-3 D6 MODE_SWITCH_OK state=MODE_SWITCH_OK attempts=1 streak=0
[2026-09-10T02:49:13.277Z] batch=field-waveform-1789008384767-3 D4 MODE_SWITCH_START state=MODE_SWITCHING attempts=1 streak=0 attempt=1
[2026-09-10T02:49:13.281Z] batch=field-waveform-1789008384767-3 D4 MODE_SWITCH_OK state=MODE_SWITCH_OK attempts=1 streak=0
[2026-09-10T02:49:23.249Z] batch=field-waveform-1789008384767-3 D5 MODE_SWITCH_START state=MODE_SWITCHING attempts=1 streak=0 attempt=1
[2026-09-10T02:49:23.263Z] batch=field-waveform-1789008384767-3 D5 MODE_SWITCH_OK state=MODE_SWITCH_OK attempts=1 streak=0
[2026-09-10T02:49:23.272Z] batch=field-waveform-1789008384767-3 D1 MODE_SWITCH_START state=MODE_SWITCHING attempts=1 streak=0 attempt=1
[2026-09-10T02:49:23.283Z] batch=field-waveform-1789008384767-3 D1 MODE_SWITCH_OK state=MODE_SWITCH_OK attempts=1 streak=0
[2026-09-10T02:49:23.296Z] batch=field-waveform-1789008384767-3 D2 MODE_SWITCH_START state=MODE_SWITCHING attempts=1 streak=0 attempt=1
[2026-09-10T02:49:23.300Z] batch=field-waveform-1789008384767-3 D2 MODE_SWITCH_OK state=MODE_SWITCH_OK attempts=1 streak=0
[2026-09-10T02:49:23.309Z] batch=field-waveform-1789008384767-3 D3 MODE_SWITCH_START state=MODE_SWITCHING attempts=1 streak=0 attempt=1
[2026-09-10T02:49:23.311Z] batch=field-waveform-1789008384767-3 D3 MODE_SWITCH_OK state=MODE_SWITCH_OK attempts=1 streak=0
[2026-09-10T02:49:23.765Z] batch=field-waveform-1789008384767-3 D6 MODE_SWITCH_START state=MODE_SWITCHING attempts=1 streak=0 attempt=1
[2026-09-10T02:49:23.775Z] batch=field-waveform-1789008384767-3 D6 MODE_SWITCH_OK state=MODE_SWITCH_OK attempts=1 streak=0
[2026-09-10T02:49:23.784Z] batch=field-waveform-1789008384767-3 D4 MODE_SWITCH_START state=MODE_SWITCHING attempts=1 streak=0 attempt=1
[2026-09-10T02:49:23.788Z] batch=field-waveform-1789008384767-3 D4 MODE_SWITCH_OK state=MODE_SWITCH_OK attempts=1 streak=0
[2026-09-10T02:49:32.025Z] batch=field-waveform-1789008572024-4 D1 MODE_SWITCH_START state=MODE_SWITCHING attempts=1 streak=0 attempt=1
[2026-09-10T02:49:32.037Z] batch=field-waveform-1789008572024-4 D2 MODE_SWITCH_START state=MODE_SWITCHING attempts=1 streak=0 attempt=1
[2026-09-10T02:49:32.050Z] batch=field-waveform-1789008572024-4 D3 MODE_SWITCH_START state=MODE_SWITCHING attempts=1 streak=0 attempt=1
[2026-09-10T02:49:32.051Z] batch=field-waveform-1789008572024-4 D4 MODE_SWITCH_START state=MODE_SWITCHING attempts=1 streak=0 attempt=1
[2026-09-10T02:49:32.052Z] batch=field-waveform-1789008572024-4 D5 MODE_SWITCH_START state=MODE_SWITCHING attempts=1 streak=0 attempt=1
[2026-09-10T02:49:32.054Z] batch=field-waveform-1789008572024-4 D6 MODE_SWITCH_START state=MODE_SWITCHING attempts=1 streak=0 attempt=1
[2026-09-10T02:49:32.057Z] batch=field-waveform-1789008572024-4 D1 MODE_SWITCH_OK state=MODE_SWITCH_OK attempts=1 streak=0
[2026-09-10T02:49:32.060Z] batch=field-waveform-1789008572024-4 D2 MODE_SWITCH_OK state=MODE_SWITCH_OK attempts=1 streak=0
[2026-09-10T02:49:32.063Z] batch=field-waveform-1789008572024-4 D3 MODE_SWITCH_OK state=MODE_SWITCH_OK attempts=1 streak=0
[2026-09-10T02:49:32.064Z] batch=field-waveform-1789008572024-4 D4 MODE_SWITCH_OK state=MODE_SWITCH_OK attempts=1 streak=0
[2026-09-10T02:49:32.065Z] batch=field-waveform-1789008572024-4 D5 MODE_SWITCH_OK state=MODE_SWITCH_OK attempts=1 streak=0
[2026-09-10T02:49:32.067Z] batch=field-waveform-1789008572024-4 D6 MODE_SWITCH_OK state=MODE_SWITCH_OK attempts=1 streak=0
[2026-09-10T02:49:33.274Z] batch=field-waveform-1789008572024-4 D5 MODE_SWITCH_START state=MODE_SWITCHING attempts=1 streak=0 attempt=1
[2026-09-10T02:49:33.288Z] batch=field-waveform-1789008572024-4 D5 MODE_SWITCH_OK state=MODE_SWITCH_OK attempts=1 streak=0
[2026-09-10T02:49:33.290Z] batch=field-waveform-1789008572024-4 D1 MODE_SWITCH_START state=MODE_SWITCHING attempts=1 streak=0 attempt=1
[2026-09-10T02:49:33.293Z] batch=field-waveform-1789008572024-4 D1 MODE_SWITCH_OK state=MODE_SWITCH_OK attempts=1 streak=0
[2026-09-10T02:49:33.300Z] batch=field-waveform-1789008572024-4 D2 MODE_SWITCH_START state=MODE_SWITCHING attempts=1 streak=0 attempt=1
[2026-09-10T02:49:33.303Z] batch=field-waveform-1789008572024-4 D2 MODE_SWITCH_OK state=MODE_SWITCH_OK attempts=1 streak=0
[2026-09-10T02:49:33.316Z] batch=field-waveform-1789008572024-4 D3 MODE_SWITCH_START state=MODE_SWITCHING attempts=1 streak=0 attempt=1
[2026-09-10T02:49:33.318Z] batch=field-waveform-1789008572024-4 D3 MODE_SWITCH_OK state=MODE_SWITCH_OK attempts=1 streak=0
[2026-09-10T02:49:33.784Z] batch=field-waveform-1789008572024-4 D6 MODE_SWITCH_START state=MODE_SWITCHING attempts=1 streak=0 attempt=1
[2026-09-10T02:49:33.789Z] batch=field-waveform-1789008572024-4 D6 MODE_SWITCH_OK state=MODE_SWITCH_OK attempts=1 streak=0
[2026-09-10T02:49:33.805Z] batch=field-waveform-1789008572024-4 D4 MODE_SWITCH_START state=MODE_SWITCHING attempts=1 streak=0 attempt=1
[2026-09-10T02:49:33.809Z] batch=field-waveform-1789008572024-4 D4 MODE_SWITCH_OK state=MODE_SWITCH_OK attempts=1 streak=0
[2026-09-10T02:49:43.299Z] batch=field-waveform-1789008572024-4 D5 MODE_SWITCH_START state=MODE_SWITCHING attempts=1 streak=0 attempt=1
[2026-09-10T02:49:43.308Z] batch=field-waveform-1789008572024-4 D5 MODE_SWITCH_OK state=MODE_SWITCH_OK attempts=1 streak=0
[2026-09-10T02:49:43.309Z] batch=field-waveform-1789008572024-4 D1 MODE_SWITCH_START state=MODE_SWITCHING attempts=1 streak=0 attempt=1
[2026-09-10T02:49:43.311Z] batch=field-waveform-1789008572024-4 D1 MODE_SWITCH_OK state=MODE_SWITCH_OK attempts=1 streak=0
[2026-09-10T02:49:43.312Z] batch=field-waveform-1789008572024-4 D2 MODE_SWITCH_START state=MODE_SWITCHING attempts=1 streak=0 attempt=1
[2026-09-10T02:49:43.316Z] batch=field-waveform-1789008572024-4 D2 MODE_SWITCH_OK state=MODE_SWITCH_OK attempts=1 streak=0
[2026-09-10T02:49:43.322Z] batch=field-waveform-1789008572024-4 D3 MODE_SWITCH_START state=MODE_SWITCHING attempts=1 streak=0 attempt=1
[2026-09-10T02:49:43.340Z] batch=field-waveform-1789008572024-4 D3 MODE_SWITCH_OK state=MODE_SWITCH_OK attempts=1 streak=0
[2026-09-10T02:49:43.794Z] batch=field-waveform-1789008572024-4 D6 MODE_SWITCH_START state=MODE_SWITCHING attempts=1 streak=0 attempt=1
[2026-09-10T02:49:43.801Z] batch=field-waveform-1789008572024-4 D6 MODE_SWITCH_OK state=MODE_SWITCH_OK attempts=1 streak=0
[2026-09-10T02:49:43.821Z] batch=field-waveform-1789008572024-4 D4 MODE_SWITCH_START state=MODE_SWITCHING attempts=1 streak=0 attempt=1
[2026-09-10T02:49:43.827Z] batch=field-waveform-1789008572024-4 D4 MODE_SWITCH_OK state=MODE_SWITCH_OK attempts=1 streak=0
[2026-09-10T02:49:53.311Z] batch=field-waveform-1789008572024-4 D5 MODE_SWITCH_START state=MODE_SWITCHING attempts=1 streak=0 attempt=1
[2026-09-10T02:49:53.314Z] batch=field-waveform-1789008572024-4 D5 MODE_SWITCH_OK state=MODE_SWITCH_OK attempts=1 streak=0
[2026-09-10T02:49:53.315Z] batch=field-waveform-1789008572024-4 D1 MODE_SWITCH_START state=MODE_SWITCHING attempts=1 streak=0 attempt=1
[2026-09-10T02:49:53.317Z] batch=field-waveform-1789008572024-4 D1 MODE_SWITCH_OK state=MODE_SWITCH_OK attempts=1 streak=0
[2026-09-10T02:49:53.319Z] batch=field-waveform-1789008572024-4 D2 MODE_SWITCH_START state=MODE_SWITCHING attempts=1 streak=0 attempt=1
[2026-09-10T02:49:53.320Z] batch=field-waveform-1789008572024-4 D2 MODE_SWITCH_OK state=MODE_SWITCH_OK attempts=1 streak=0
[2026-09-10T02:49:53.343Z] batch=field-waveform-1789008572024-4 D3 MODE_SWITCH_START state=MODE_SWITCHING attempts=1 streak=0 attempt=1
[2026-09-10T02:49:53.346Z] batch=field-waveform-1789008572024-4 D3 MODE_SWITCH_OK state=MODE_SWITCH_OK attempts=1 streak=0
[2026-09-10T02:49:53.811Z] batch=field-waveform-1789008572024-4 D6 MODE_SWITCH_START state=MODE_SWITCHING attempts=1 streak=0 attempt=1
[2026-09-10T02:49:53.816Z] batch=field-waveform-1789008572024-4 D6 MODE_SWITCH_OK state=MODE_SWITCH_OK attempts=1 streak=0
[2026-09-10T02:49:53.842Z] batch=field-waveform-1789008572024-4 D4 MODE_SWITCH_START state=MODE_SWITCHING attempts=1 streak=0 attempt=1
[2026-09-10T02:49:53.846Z] batch=field-waveform-1789008572024-4 D4 MODE_SWITCH_OK state=MODE_SWITCH_OK attempts=1 streak=0
[2026-09-10T02:49:58.357Z] batch=field-waveform-1789008572024-4 D5 FIRST_FRAME state=FIRST_FRAME_RECEIVED attempts=1 streak=1
[2026-09-10T02:49:58.357Z] batch=field-waveform-1789008572024-4 D5 FIRST_VALID_SAMPLE state=FIRST_FRAME_RECEIVED attempts=1 streak=1
[2026-09-10T02:49:58.369Z] batch=field-waveform-1789008572024-4 D1 FIRST_FRAME state=FIRST_FRAME_RECEIVED attempts=1 streak=1
[2026-09-10T02:49:58.370Z] batch=field-waveform-1789008572024-4 D1 FIRST_VALID_SAMPLE state=FIRST_FRAME_RECEIVED attempts=1 streak=1
[2026-09-10T02:49:58.390Z] batch=field-waveform-1789008572024-4 D2 FIRST_FRAME state=FIRST_FRAME_RECEIVED attempts=1 streak=1
[2026-09-10T02:49:58.391Z] batch=field-waveform-1789008572024-4 D2 FIRST_VALID_SAMPLE state=FIRST_FRAME_RECEIVED attempts=1 streak=1
[2026-09-10T02:49:58.603Z] batch=field-waveform-1789008572024-4 D5 CHANNEL_SYNC_OK state=TEST_READY attempts=1 streak=5
[2026-09-10T02:49:58.604Z] batch=field-waveform-1789008572024-4 D5 TEST_READY state=TEST_READY attempts=1 streak=5
[2026-09-10T02:49:58.631Z] batch=field-waveform-1789008572024-4 D1 CHANNEL_SYNC_OK state=TEST_READY attempts=1 streak=5
[2026-09-10T02:49:58.631Z] batch=field-waveform-1789008572024-4 D1 TEST_READY state=TEST_READY attempts=1 streak=5
[2026-09-10T02:49:58.664Z] batch=field-waveform-1789008572024-4 D2 CHANNEL_SYNC_OK state=TEST_READY attempts=1 streak=5
[2026-09-10T02:49:58.664Z] batch=field-waveform-1789008572024-4 D2 TEST_READY state=TEST_READY attempts=1 streak=5
[2026-09-10T02:49:58.892Z] batch=field-waveform-1789008572024-4 D6 FIRST_FRAME state=FIRST_FRAME_RECEIVED attempts=1 streak=1
[2026-09-10T02:49:58.892Z] batch=field-waveform-1789008572024-4 D6 FIRST_VALID_SAMPLE state=FIRST_FRAME_RECEIVED attempts=1 streak=1
[2026-09-10T02:49:58.898Z] batch=field-waveform-1789008572024-4 D4 FIRST_FRAME state=FIRST_FRAME_RECEIVED attempts=1 streak=1
[2026-09-10T02:49:58.898Z] batch=field-waveform-1789008572024-4 D4 FIRST_VALID_SAMPLE state=FIRST_FRAME_RECEIVED attempts=1 streak=1
[2026-09-10T02:49:59.139Z] batch=field-waveform-1789008572024-4 D4 CHANNEL_SYNC_OK state=TEST_READY attempts=1 streak=5
[2026-09-10T02:49:59.139Z] batch=field-waveform-1789008572024-4 D4 TEST_READY state=TEST_READY attempts=1 streak=5
[2026-09-10T02:49:59.151Z] batch=field-waveform-1789008572024-4 D6 CHANNEL_SYNC_OK state=TEST_READY attempts=1 streak=5
[2026-09-10T02:49:59.151Z] batch=field-waveform-1789008572024-4 D6 TEST_READY state=TEST_READY attempts=1 streak=5
[2026-09-10T02:50:03.382Z] batch=field-waveform-1789008572024-4 D3 MODE_SWITCH_START state=MODE_SWITCHING attempts=1 streak=0 attempt=1
[2026-09-10T02:50:03.392Z] batch=field-waveform-1789008572024-4 D3 MODE_SWITCH_OK state=MODE_SWITCH_OK attempts=1 streak=0
[2026-09-10T02:50:08.466Z] batch=field-waveform-1789008572024-4 D3 FIRST_FRAME state=FIRST_FRAME_RECEIVED attempts=1 streak=1
[2026-09-10T02:50:08.466Z] batch=field-waveform-1789008572024-4 D3 FIRST_VALID_SAMPLE state=FIRST_FRAME_RECEIVED attempts=1 streak=1
[2026-09-10T02:50:08.708Z] batch=field-waveform-1789008572024-4 D3 CHANNEL_SYNC_OK state=TEST_READY attempts=1 streak=5
[2026-09-10T02:50:08.708Z] batch=field-waveform-1789008572024-4 D3 TEST_READY state=TEST_READY attempts=1 streak=5
[2026-09-10T02:50:23.301Z] batch=field-waveform-1789008572024-4 D5 MODE_SWITCH_START state=MODE_SWITCHING attempts=1 streak=0 attempt=1
[2026-09-10T02:50:23.306Z] batch=field-waveform-1789008572024-4 D5 MODE_SWITCH_OK state=MODE_SWITCH_OK attempts=1 streak=0
[2026-09-10T02:50:23.312Z] batch=field-waveform-1789008572024-4 D1 MODE_SWITCH_START state=MODE_SWITCHING attempts=1 streak=0 attempt=1
[2026-09-10T02:50:23.318Z] batch=field-waveform-1789008572024-4 D1 MODE_SWITCH_OK state=MODE_SWITCH_OK attempts=1 streak=0
[2026-09-10T02:50:24.006Z] batch=field-waveform-1789008572024-4 D2 MODE_SWITCH_START state=MODE_SWITCHING attempts=1 streak=0 attempt=1
[2026-09-10T02:50:24.010Z] batch=field-waveform-1789008572024-4 D2 MODE_SWITCH_OK state=MODE_SWITCH_OK attempts=1 streak=0
[2026-09-10T02:50:25.478Z] batch=field-waveform-1789008572024-4 D6 MODE_SWITCH_START state=MODE_SWITCHING attempts=1 streak=0 attempt=1
[2026-09-10T02:50:25.489Z] batch=field-waveform-1789008572024-4 D6 MODE_SWITCH_OK state=MODE_SWITCH_OK attempts=1 streak=0
[2026-09-10T02:50:25.491Z] batch=field-waveform-1789008572024-4 D4 MODE_SWITCH_START state=MODE_SWITCHING attempts=1 streak=0 attempt=1
[2026-09-10T02:50:25.494Z] batch=field-waveform-1789008572024-4 D4 MODE_SWITCH_OK state=MODE_SWITCH_OK attempts=1 streak=0
[2026-09-10T02:50:28.385Z] batch=field-waveform-1789008572024-4 D5 FIRST_FRAME state=FIRST_FRAME_RECEIVED attempts=1 streak=1
[2026-09-10T02:50:28.385Z] batch=field-waveform-1789008572024-4 D5 FIRST_VALID_SAMPLE state=FIRST_FRAME_RECEIVED attempts=1 streak=1
[2026-09-10T02:50:28.388Z] batch=field-waveform-1789008572024-4 D1 FIRST_FRAME state=FIRST_FRAME_RECEIVED attempts=1 streak=1
[2026-09-10T02:50:28.388Z] batch=field-waveform-1789008572024-4 D1 FIRST_VALID_SAMPLE state=FIRST_FRAME_RECEIVED attempts=1 streak=1
[2026-09-10T02:50:28.624Z] batch=field-waveform-1789008572024-4 D5 CHANNEL_SYNC_OK state=TEST_READY attempts=1 streak=5
[2026-09-10T02:50:28.624Z] batch=field-waveform-1789008572024-4 D5 TEST_READY state=TEST_READY attempts=1 streak=5
[2026-09-10T02:50:28.676Z] batch=field-waveform-1789008572024-4 D1 CHANNEL_SYNC_OK state=TEST_READY attempts=1 streak=5
[2026-09-10T02:50:28.676Z] batch=field-waveform-1789008572024-4 D1 TEST_READY state=TEST_READY attempts=1 streak=5
[2026-09-10T02:50:29.094Z] batch=field-waveform-1789008572024-4 D2 FIRST_FRAME state=FIRST_FRAME_RECEIVED attempts=1 streak=1
[2026-09-10T02:50:29.094Z] batch=field-waveform-1789008572024-4 D2 FIRST_VALID_SAMPLE state=FIRST_FRAME_RECEIVED attempts=1 streak=1
[2026-09-10T02:50:29.336Z] batch=field-waveform-1789008572024-4 D2 CHANNEL_SYNC_OK state=TEST_READY attempts=1 streak=5
[2026-09-10T02:50:29.337Z] batch=field-waveform-1789008572024-4 D2 TEST_READY state=TEST_READY attempts=1 streak=5
[2026-09-10T02:50:30.560Z] batch=field-waveform-1789008572024-4 D6 FIRST_FRAME state=FIRST_FRAME_RECEIVED attempts=1 streak=1
[2026-09-10T02:50:30.560Z] batch=field-waveform-1789008572024-4 D6 FIRST_VALID_SAMPLE state=FIRST_FRAME_RECEIVED attempts=1 streak=1
[2026-09-10T02:50:30.582Z] batch=field-waveform-1789008572024-4 D4 FIRST_FRAME state=FIRST_FRAME_RECEIVED attempts=1 streak=1
[2026-09-10T02:50:30.582Z] batch=field-waveform-1789008572024-4 D4 FIRST_VALID_SAMPLE state=FIRST_FRAME_RECEIVED attempts=1 streak=1
[2026-09-10T02:50:30.767Z] batch=field-waveform-1789008572024-4 D6 CHANNEL_SYNC_OK state=TEST_READY attempts=1 streak=5
[2026-09-10T02:50:30.767Z] batch=field-waveform-1789008572024-4 D6 TEST_READY state=TEST_READY attempts=1 streak=5
[2026-09-10T02:50:30.883Z] batch=field-waveform-1789008572024-4 D4 CHANNEL_SYNC_OK state=TEST_READY attempts=1 streak=5
[2026-09-10T02:50:30.883Z] batch=field-waveform-1789008572024-4 D4 TEST_READY state=TEST_READY attempts=1 streak=5
[2026-09-10T02:51:10.921Z] batch=field-waveform-1789008572024-4 D3 MODE_SWITCH_START state=MODE_SWITCHING attempts=1 streak=0 attempt=1
[2026-09-10T02:51:10.924Z] batch=field-waveform-1789008572024-4 D3 MODE_SWITCH_OK state=MODE_SWITCH_OK attempts=1 streak=0
[2026-09-10T02:51:13.374Z] batch=field-waveform-1789008572024-4 D1 MODE_SWITCH_START state=MODE_SWITCHING attempts=1 streak=0 attempt=1
[2026-09-10T02:51:13.379Z] batch=field-waveform-1789008572024-4 D1 MODE_SWITCH_OK state=MODE_SWITCH_OK attempts=1 streak=0
[2026-09-10T02:51:13.388Z] batch=field-waveform-1789008572024-4 D5 MODE_SWITCH_START state=MODE_SWITCHING attempts=1 streak=0 attempt=1
[2026-09-10T02:51:13.404Z] batch=field-waveform-1789008572024-4 D5 MODE_SWITCH_OK state=MODE_SWITCH_OK attempts=1 streak=0
[2026-09-10T02:51:14.184Z] batch=field-waveform-1789008572024-4 D2 MODE_SWITCH_START state=MODE_SWITCHING attempts=1 streak=0 attempt=1
[2026-09-10T02:51:14.194Z] batch=field-waveform-1789008572024-4 D2 MODE_SWITCH_OK state=MODE_SWITCH_OK attempts=1 streak=0
[2026-09-10T02:51:15.680Z] batch=field-waveform-1789008572024-4 D4 MODE_SWITCH_START state=MODE_SWITCHING attempts=1 streak=0 attempt=1
[2026-09-10T02:51:15.691Z] batch=field-waveform-1789008572024-4 D4 MODE_SWITCH_OK state=MODE_SWITCH_OK attempts=1 streak=0
[2026-09-10T02:51:15.702Z] batch=field-waveform-1789008572024-4 D6 MODE_SWITCH_START state=MODE_SWITCHING attempts=1 streak=0 attempt=1
[2026-09-10T02:51:15.710Z] batch=field-waveform-1789008572024-4 D6 MODE_SWITCH_OK state=MODE_SWITCH_OK attempts=1 streak=0
[2026-09-10T02:51:21.041Z] batch=field-waveform-1789008572024-4 D3 MODE_SWITCH_START state=MODE_SWITCHING attempts=1 streak=0 attempt=1
[2026-09-10T02:51:21.045Z] batch=field-waveform-1789008572024-4 D3 MODE_SWITCH_OK state=MODE_SWITCH_OK attempts=1 streak=0
[2026-09-10T02:51:23.600Z] batch=field-waveform-1789008572024-4 D1 MODE_SWITCH_START state=MODE_SWITCHING attempts=1 streak=0 attempt=1
[2026-09-10T02:51:23.611Z] batch=field-waveform-1789008572024-4 D1 MODE_SWITCH_OK state=MODE_SWITCH_OK attempts=1 streak=0
[2026-09-10T02:51:23.620Z] batch=field-waveform-1789008572024-4 D5 MODE_SWITCH_START state=MODE_SWITCHING attempts=1 streak=0 attempt=1
[2026-09-10T02:51:23.623Z] batch=field-waveform-1789008572024-4 D5 MODE_SWITCH_OK state=MODE_SWITCH_OK attempts=1 streak=0
[2026-09-10T02:51:24.374Z] batch=field-waveform-1789008572024-4 D2 MODE_SWITCH_START state=MODE_SWITCHING attempts=1 streak=0 attempt=1
[2026-09-10T02:51:24.385Z] batch=field-waveform-1789008572024-4 D2 MODE_SWITCH_OK state=MODE_SWITCH_OK attempts=1 streak=0
[2026-09-10T02:51:25.753Z] batch=field-waveform-1789008572024-4 D4 MODE_SWITCH_START state=MODE_SWITCHING attempts=1 streak=0 attempt=1
[2026-09-10T02:51:25.755Z] batch=field-waveform-1789008572024-4 D4 MODE_SWITCH_OK state=MODE_SWITCH_OK attempts=1 streak=0
[2026-09-10T02:51:25.764Z] batch=field-waveform-1789008572024-4 D6 MODE_SWITCH_START state=MODE_SWITCHING attempts=1 streak=0 attempt=1
[2026-09-10T02:51:25.767Z] batch=field-waveform-1789008572024-4 D6 MODE_SWITCH_OK state=MODE_SWITCH_OK attempts=1 streak=0
[2026-09-10T02:51:26.212Z] batch=field-waveform-1789008572024-4 D3 FIRST_FRAME state=FIRST_FRAME_RECEIVED attempts=1 streak=1
[2026-09-10T02:51:26.212Z] batch=field-waveform-1789008572024-4 D3 FIRST_VALID_SAMPLE state=FIRST_FRAME_RECEIVED attempts=1 streak=1
[2026-09-10T02:51:26.427Z] batch=field-waveform-1789008572024-4 D3 CHANNEL_SYNC_OK state=TEST_READY attempts=1 streak=5
[2026-09-10T02:51:26.427Z] batch=field-waveform-1789008572024-4 D3 TEST_READY state=TEST_READY attempts=1 streak=5
[2026-09-10T02:51:28.714Z] batch=field-waveform-1789008572024-4 D1 FIRST_FRAME state=FIRST_FRAME_RECEIVED attempts=1 streak=1
[2026-09-10T02:51:28.714Z] batch=field-waveform-1789008572024-4 D1 FIRST_VALID_SAMPLE state=FIRST_FRAME_RECEIVED attempts=1 streak=1
[2026-09-10T02:51:28.716Z] batch=field-waveform-1789008572024-4 D5 FIRST_FRAME state=FIRST_FRAME_RECEIVED attempts=1 streak=1
[2026-09-10T02:51:28.716Z] batch=field-waveform-1789008572024-4 D5 FIRST_VALID_SAMPLE state=FIRST_FRAME_RECEIVED attempts=1 streak=1
[2026-09-10T02:51:28.950Z] batch=field-waveform-1789008572024-4 D5 CHANNEL_SYNC_OK state=TEST_READY attempts=1 streak=5
[2026-09-10T02:51:28.951Z] batch=field-waveform-1789008572024-4 D5 TEST_READY state=TEST_READY attempts=1 streak=5
[2026-09-10T02:51:28.958Z] batch=field-waveform-1789008572024-4 D1 CHANNEL_SYNC_OK state=TEST_READY attempts=1 streak=5
[2026-09-10T02:51:28.959Z] batch=field-waveform-1789008572024-4 D1 TEST_READY state=TEST_READY attempts=1 streak=5
[2026-09-10T02:51:29.605Z] batch=field-waveform-1789008572024-4 D2 FIRST_FRAME state=FIRST_FRAME_RECEIVED attempts=1 streak=1
[2026-09-10T02:51:29.605Z] batch=field-waveform-1789008572024-4 D2 FIRST_VALID_SAMPLE state=FIRST_FRAME_RECEIVED attempts=1 streak=1
[2026-09-10T02:51:29.746Z] batch=field-waveform-1789008572024-4 D2 CHANNEL_SYNC_OK state=TEST_READY attempts=1 streak=5
[2026-09-10T02:51:29.746Z] batch=field-waveform-1789008572024-4 D2 TEST_READY state=TEST_READY attempts=1 streak=5
[2026-09-10T02:51:31.017Z] batch=field-waveform-1789008572024-4 D6 FIRST_FRAME state=FIRST_FRAME_RECEIVED attempts=1 streak=1
[2026-09-10T02:51:31.018Z] batch=field-waveform-1789008572024-4 D6 FIRST_VALID_SAMPLE state=FIRST_FRAME_RECEIVED attempts=1 streak=1
[2026-09-10T02:51:31.026Z] batch=field-waveform-1789008572024-4 D4 FIRST_FRAME state=FIRST_FRAME_RECEIVED attempts=1 streak=1
[2026-09-10T02:51:31.027Z] batch=field-waveform-1789008572024-4 D4 FIRST_VALID_SAMPLE state=FIRST_FRAME_RECEIVED attempts=1 streak=1
[2026-09-10T02:51:31.221Z] batch=field-waveform-1789008572024-4 D4 CHANNEL_SYNC_OK state=TEST_READY attempts=1 streak=5
[2026-09-10T02:51:31.221Z] batch=field-waveform-1789008572024-4 D4 TEST_READY state=TEST_READY attempts=1 streak=5
[2026-09-10T02:51:31.298Z] batch=field-waveform-1789008572024-4 D6 CHANNEL_SYNC_OK state=TEST_READY attempts=1 streak=5
[2026-09-10T02:51:31.298Z] batch=field-waveform-1789008572024-4 D6 TEST_READY state=TEST_READY attempts=1 streak=5
[2026-09-10T02:52:01.437Z] batch=field-waveform-1789008572024-4 D3 MODE_SWITCH_START state=MODE_SWITCHING attempts=1 streak=0 attempt=1
[2026-09-10T02:52:01.448Z] batch=field-waveform-1789008572024-4 D3 MODE_SWITCH_OK state=MODE_SWITCH_OK attempts=1 streak=0
[2026-09-10T02:52:01.460Z] batch=field-waveform-1789008572024-4 D4 MODE_SWITCH_START state=MODE_SWITCHING attempts=1 streak=0 attempt=1
[2026-09-10T02:52:01.461Z] batch=field-waveform-1789008572024-4 D4 MODE_SWITCH_OK state=MODE_SWITCH_OK attempts=1 streak=0
[2026-09-10T02:52:01.469Z] batch=field-waveform-1789008572024-4 D1 MODE_SWITCH_START state=MODE_SWITCHING attempts=1 streak=0 attempt=1
[2026-09-10T02:52:01.471Z] batch=field-waveform-1789008572024-4 D1 MODE_SWITCH_OK state=MODE_SWITCH_OK attempts=1 streak=0
[2026-09-10T02:52:01.481Z] batch=field-waveform-1789008572024-4 D2 MODE_SWITCH_START state=MODE_SWITCHING attempts=1 streak=0 attempt=1
[2026-09-10T02:52:01.483Z] batch=field-waveform-1789008572024-4 D2 MODE_SWITCH_OK state=MODE_SWITCH_OK attempts=1 streak=0
[2026-09-10T02:52:01.493Z] batch=field-waveform-1789008572024-4 D6 MODE_SWITCH_START state=MODE_SWITCHING attempts=1 streak=0 attempt=1
[2026-09-10T02:52:01.499Z] batch=field-waveform-1789008572024-4 D6 MODE_SWITCH_OK state=MODE_SWITCH_OK attempts=1 streak=0
[2026-09-10T02:52:01.508Z] batch=field-waveform-1789008572024-4 D5 MODE_SWITCH_START state=MODE_SWITCHING attempts=1 streak=0 attempt=1
[2026-09-10T02:52:01.514Z] batch=field-waveform-1789008572024-4 D5 MODE_SWITCH_OK state=MODE_SWITCH_OK attempts=1 streak=0
[2026-09-10T02:52:11.695Z] batch=field-waveform-1789008572024-4 D3 MODE_SWITCH_START state=MODE_SWITCHING attempts=1 streak=0 attempt=1
[2026-09-10T02:52:11.706Z] batch=field-waveform-1789008572024-4 D3 MODE_SWITCH_OK state=MODE_SWITCH_OK attempts=1 streak=0
[2026-09-10T02:52:11.715Z] batch=field-waveform-1789008572024-4 D4 MODE_SWITCH_START state=MODE_SWITCHING attempts=1 streak=0 attempt=1
[2026-09-10T02:52:11.719Z] batch=field-waveform-1789008572024-4 D4 MODE_SWITCH_OK state=MODE_SWITCH_OK attempts=1 streak=0
[2026-09-10T02:52:11.730Z] batch=field-waveform-1789008572024-4 D1 MODE_SWITCH_START state=MODE_SWITCHING attempts=1 streak=0 attempt=1
[2026-09-10T02:52:11.735Z] batch=field-waveform-1789008572024-4 D1 MODE_SWITCH_OK state=MODE_SWITCH_OK attempts=1 streak=0
[2026-09-10T02:52:11.744Z] batch=field-waveform-1789008572024-4 D2 MODE_SWITCH_START state=MODE_SWITCHING attempts=1 streak=0 attempt=1
[2026-09-10T02:52:11.748Z] batch=field-waveform-1789008572024-4 D2 MODE_SWITCH_OK state=MODE_SWITCH_OK attempts=1 streak=0
[2026-09-10T02:52:11.756Z] batch=field-waveform-1789008572024-4 D6 MODE_SWITCH_START state=MODE_SWITCHING attempts=1 streak=0 attempt=1
[2026-09-10T02:52:11.760Z] batch=field-waveform-1789008572024-4 D6 MODE_SWITCH_OK state=MODE_SWITCH_OK attempts=1 streak=0
[2026-09-10T02:52:11.769Z] batch=field-waveform-1789008572024-4 D5 MODE_SWITCH_START state=MODE_SWITCHING attempts=1 streak=0 attempt=1
[2026-09-10T02:52:11.771Z] batch=field-waveform-1789008572024-4 D5 MODE_SWITCH_OK state=MODE_SWITCH_OK attempts=1 streak=0
[2026-09-10T02:52:20.472Z] batch=field-waveform-1789008740471-5 D1 MODE_SWITCH_START state=MODE_SWITCHING attempts=1 streak=0 attempt=1
[2026-09-10T02:52:20.473Z] batch=field-waveform-1789008740471-5 D2 MODE_SWITCH_START state=MODE_SWITCHING attempts=1 streak=0 attempt=1
[2026-09-10T02:52:20.484Z] batch=field-waveform-1789008740471-5 D3 MODE_SWITCH_START state=MODE_SWITCHING attempts=1 streak=0 attempt=1
[2026-09-10T02:52:20.486Z] batch=field-waveform-1789008740471-5 D4 MODE_SWITCH_START state=MODE_SWITCHING attempts=1 streak=0 attempt=1
[2026-09-10T02:52:20.487Z] batch=field-waveform-1789008740471-5 D5 MODE_SWITCH_START state=MODE_SWITCHING attempts=1 streak=0 attempt=1
[2026-09-10T02:52:20.487Z] batch=field-waveform-1789008740471-5 D6 MODE_SWITCH_START state=MODE_SWITCHING attempts=1 streak=0 attempt=1
[2026-09-10T02:52:20.489Z] batch=field-waveform-1789008740471-5 D1 MODE_SWITCH_OK state=MODE_SWITCH_OK attempts=1 streak=0
[2026-09-10T02:52:20.490Z] batch=field-waveform-1789008740471-5 D2 MODE_SWITCH_OK state=MODE_SWITCH_OK attempts=1 streak=0
[2026-09-10T02:52:20.490Z] batch=field-waveform-1789008740471-5 D3 MODE_SWITCH_OK state=MODE_SWITCH_OK attempts=1 streak=0
[2026-09-10T02:52:20.491Z] batch=field-waveform-1789008740471-5 D4 MODE_SWITCH_OK state=MODE_SWITCH_OK attempts=1 streak=0
[2026-09-10T02:52:20.492Z] batch=field-waveform-1789008740471-5 D5 MODE_SWITCH_OK state=MODE_SWITCH_OK attempts=1 streak=0
[2026-09-10T02:52:20.493Z] batch=field-waveform-1789008740471-5 D6 MODE_SWITCH_OK state=MODE_SWITCH_OK attempts=1 streak=0
