[2026-09-10T01:06:00.508Z] batch=field-waveform-1789002202314-10 D5 MODE_SWITCH_START state=MODE_SWITCHING attempts=1 streak=0 attempt=1
[2026-09-10T01:06:00.517Z] batch=field-waveform-1789002202314-10 D5 MODE_SWITCH_OK state=MODE_SWITCH_OK attempts=1 streak=0
[2026-09-10T01:06:00.532Z] batch=field-waveform-1789002202314-10 D4 MODE_SWITCH_START state=MODE_SWITCHING attempts=1 streak=0 attempt=1
[2026-09-10T01:06:00.541Z] batch=field-waveform-1789002202314-10 D4 MODE_SWITCH_OK state=MODE_SWITCH_OK attempts=1 streak=0
[2026-09-10T01:06:00.552Z] batch=field-waveform-1789002202314-10 D2 MODE_SWITCH_START state=MODE_SWITCHING attempts=1 streak=0 attempt=1
[2026-09-10T01:06:00.559Z] batch=field-waveform-1789002202314-10 D2 MODE_SWITCH_OK state=MODE_SWITCH_OK attempts=1 streak=0
[2026-09-10T01:06:00.570Z] batch=field-waveform-1789002202314-10 D6 MODE_SWITCH_START state=MODE_SWITCHING attempts=1 streak=0 attempt=1
[2026-09-10T01:06:00.574Z] batch=field-waveform-1789002202314-10 D6 MODE_SWITCH_OK state=MODE_SWITCH_OK attempts=1 streak=0
[2026-09-10T01:06:00.592Z] batch=field-waveform-1789002202314-10 D1 MODE_SWITCH_START state=MODE_SWITCHING attempts=1 streak=0 attempt=1
[2026-09-10T01:06:00.596Z] batch=field-waveform-1789002202314-10 D1 MODE_SWITCH_OK state=MODE_SWITCH_OK attempts=1 streak=0
[2026-09-10T01:06:00.611Z] batch=field-waveform-1789002202314-10 D3 MODE_SWITCH_START state=MODE_SWITCHING attempts=1 streak=0 attempt=1
[2026-09-10T01:06:00.614Z] batch=field-waveform-1789002202314-10 D3 MODE_SWITCH_OK state=MODE_SWITCH_OK attempts=1 streak=0
[2026-09-10T01:06:03.585Z] batch=field-waveform-1789002363585-11 D1 MODE_SWITCH_START state=MODE_SWITCHING attempts=1 streak=0 attempt=1
[2026-09-10T01:06:03.596Z] batch=field-waveform-1789002363585-11 D2 MODE_SWITCH_START state=MODE_SWITCHING attempts=1 streak=0 attempt=1
[2026-09-10T01:06:03.606Z] batch=field-waveform-1789002363585-11 D3 MODE_SWITCH_START state=MODE_SWITCHING attempts=1 streak=0 attempt=1
[2026-09-10T01:06:03.612Z] batch=field-waveform-1789002363585-11 D4 MODE_SWITCH_START state=MODE_SWITCHING attempts=1 streak=0 attempt=1
[2026-09-10T01:06:03.614Z] batch=field-waveform-1789002363585-11 D5 MODE_SWITCH_START state=MODE_SWITCHING attempts=1 streak=0 attempt=1
[2026-09-10T01:06:03.616Z] batch=field-waveform-1789002363585-11 D6 MODE_SWITCH_START state=MODE_SWITCHING attempts=1 streak=0 attempt=1
[2026-09-10T01:06:03.629Z] batch=field-waveform-1789002363585-11 D1 MODE_SWITCH_OK state=MODE_SWITCH_OK attempts=1 streak=0
[2026-09-10T01:06:03.631Z] batch=field-waveform-1789002363585-11 D2 MODE_SWITCH_OK state=MODE_SWITCH_OK attempts=1 streak=0
[2026-09-10T01:06:03.632Z] batch=field-waveform-1789002363585-11 D3 MODE_SWITCH_OK state=MODE_SWITCH_OK attempts=1 streak=0
[2026-09-10T01:06:03.634Z] batch=field-waveform-1789002363585-11 D4 MODE_SWITCH_OK state=MODE_SWITCH_OK attempts=1 streak=0
[2026-09-10T01:06:03.635Z] batch=field-waveform-1789002363585-11 D5 MODE_SWITCH_OK state=MODE_SWITCH_OK attempts=1 streak=0
[2026-09-10T01:06:03.636Z] batch=field-waveform-1789002363585-11 D6 MODE_SWITCH_OK state=MODE_SWITCH_OK attempts=1 streak=0
[2026-09-10T01:06:10.528Z] batch=field-waveform-1789002363585-11 D5 MODE_SWITCH_START state=MODE_SWITCHING attempts=1 streak=0 attempt=1
[2026-09-10T01:06:10.552Z] batch=field-waveform-1789002363585-11 D5 MODE_SWITCH_OK state=MODE_SWITCH_OK attempts=1 streak=0
[2026-09-10T01:06:10.561Z] batch=field-waveform-1789002363585-11 D4 MODE_SWITCH_START state=MODE_SWITCHING attempts=1 streak=0 attempt=1
[2026-09-10T01:06:10.569Z] batch=field-waveform-1789002363585-11 D4 MODE_SWITCH_OK state=MODE_SWITCH_OK attempts=1 streak=0
[2026-09-10T01:06:10.578Z] batch=field-waveform-1789002363585-11 D2 MODE_SWITCH_START state=MODE_SWITCHING attempts=1 streak=0 attempt=1
[2026-09-10T01:06:10.590Z] batch=field-waveform-1789002363585-11 D2 MODE_SWITCH_OK state=MODE_SWITCH_OK attempts=1 streak=0
[2026-09-10T01:06:10.592Z] batch=field-waveform-1789002363585-11 D6 MODE_SWITCH_START state=MODE_SWITCHING attempts=1 streak=0 attempt=1
[2026-09-10T01:06:10.595Z] batch=field-waveform-1789002363585-11 D6 MODE_SWITCH_OK state=MODE_SWITCH_OK attempts=1 streak=0
[2026-09-10T01:06:10.602Z] batch=field-waveform-1789002363585-11 D1 MODE_SWITCH_START state=MODE_SWITCHING attempts=1 streak=0 attempt=1
[2026-09-10T01:06:10.606Z] batch=field-waveform-1789002363585-11 D1 MODE_SWITCH_OK state=MODE_SWITCH_OK attempts=1 streak=0
[2026-09-10T01:06:10.618Z] batch=field-waveform-1789002363585-11 D3 MODE_SWITCH_START state=MODE_SWITCHING attempts=1 streak=0 attempt=1
[2026-09-10T01:06:10.622Z] batch=field-waveform-1789002363585-11 D3 MODE_SWITCH_OK state=MODE_SWITCH_OK attempts=1 streak=0
[2026-09-10T01:06:20.562Z] batch=field-waveform-1789002363585-11 D5 MODE_SWITCH_START state=MODE_SWITCHING attempts=1 streak=0 attempt=1
[2026-09-10T01:06:20.591Z] batch=field-waveform-1789002363585-11 D5 MODE_SWITCH_OK state=MODE_SWITCH_OK attempts=1 streak=0
[2026-09-10T01:06:20.594Z] batch=field-waveform-1789002363585-11 D4 MODE_SWITCH_START state=MODE_SWITCHING attempts=1 streak=0 attempt=1
[2026-09-10T01:06:20.598Z] batch=field-waveform-1789002363585-11 D4 MODE_SWITCH_OK state=MODE_SWITCH_OK attempts=1 streak=0
[2026-09-10T01:06:20.600Z] batch=field-waveform-1789002363585-11 D2 MODE_SWITCH_START state=MODE_SWITCHING attempts=1 streak=0 attempt=1
[2026-09-10T01:06:20.606Z] batch=field-waveform-1789002363585-11 D2 MODE_SWITCH_OK state=MODE_SWITCH_OK attempts=1 streak=0
[2026-09-10T01:06:20.607Z] batch=field-waveform-1789002363585-11 D6 MODE_SWITCH_START state=MODE_SWITCHING attempts=1 streak=0 attempt=1
[2026-09-10T01:06:20.609Z] batch=field-waveform-1789002363585-11 D6 MODE_SWITCH_OK state=MODE_SWITCH_OK attempts=1 streak=0
[2026-09-10T01:06:20.609Z] batch=field-waveform-1789002363585-11 D1 MODE_SWITCH_START state=MODE_SWITCHING attempts=1 streak=0 attempt=1
[2026-09-10T01:06:20.611Z] batch=field-waveform-1789002363585-11 D1 MODE_SWITCH_OK state=MODE_SWITCH_OK attempts=1 streak=0
[2026-09-10T01:06:20.622Z] batch=field-waveform-1789002363585-11 D3 MODE_SWITCH_START state=MODE_SWITCHING attempts=1 streak=0 attempt=1
[2026-09-10T01:06:20.629Z] batch=field-waveform-1789002363585-11 D3 MODE_SWITCH_OK state=MODE_SWITCH_OK attempts=1 streak=0
[2026-09-10T01:06:30.606Z] batch=field-waveform-1789002363585-11 D5 MODE_SWITCH_START state=MODE_SWITCHING attempts=1 streak=0 attempt=1
[2026-09-10T01:06:30.620Z] batch=field-waveform-1789002363585-11 D5 MODE_SWITCH_OK state=MODE_SWITCH_OK attempts=1 streak=0
[2026-09-10T01:06:30.622Z] batch=field-waveform-1789002363585-11 D4 MODE_SWITCH_START state=MODE_SWITCHING attempts=1 streak=0 attempt=1
[2026-09-10T01:06:30.625Z] batch=field-waveform-1789002363585-11 D4 MODE_SWITCH_OK state=MODE_SWITCH_OK attempts=1 streak=0
[2026-09-10T01:06:30.627Z] batch=field-waveform-1789002363585-11 D2 MODE_SWITCH_START state=MODE_SWITCHING attempts=1 streak=0 attempt=1
[2026-09-10T01:06:30.631Z] batch=field-waveform-1789002363585-11 D2 MODE_SWITCH_OK state=MODE_SWITCH_OK attempts=1 streak=0
[2026-09-10T01:06:30.632Z] batch=field-waveform-1789002363585-11 D6 MODE_SWITCH_START state=MODE_SWITCHING attempts=1 streak=0 attempt=1
[2026-09-10T01:06:30.635Z] batch=field-waveform-1789002363585-11 D6 MODE_SWITCH_OK state=MODE_SWITCH_OK attempts=1 streak=0
[2026-09-10T01:06:30.641Z] batch=field-waveform-1789002363585-11 D1 MODE_SWITCH_START state=MODE_SWITCHING attempts=1 streak=0 attempt=1
[2026-09-10T01:06:30.643Z] batch=field-waveform-1789002363585-11 D1 MODE_SWITCH_OK state=MODE_SWITCH_OK attempts=1 streak=0
[2026-09-10T01:06:30.645Z] batch=field-waveform-1789002363585-11 D3 MODE_SWITCH_START state=MODE_SWITCHING attempts=1 streak=0 attempt=1
[2026-09-10T01:06:30.647Z] batch=field-waveform-1789002363585-11 D3 MODE_SWITCH_OK state=MODE_SWITCH_OK attempts=1 streak=0
[2026-09-10T01:06:35.704Z] batch=field-waveform-1789002363585-11 D3 FIRST_FRAME state=FIRST_FRAME_RECEIVED attempts=1 streak=1
[2026-09-10T01:06:35.705Z] batch=field-waveform-1789002363585-11 D3 FIRST_VALID_SAMPLE state=FIRST_FRAME_RECEIVED attempts=1 streak=1
[2026-09-10T01:06:35.736Z] batch=field-waveform-1789002363585-11 D1 FIRST_FRAME state=FIRST_FRAME_RECEIVED attempts=1 streak=1
[2026-09-10T01:06:35.736Z] batch=field-waveform-1789002363585-11 D1 FIRST_VALID_SAMPLE state=FIRST_FRAME_RECEIVED attempts=1 streak=1
[2026-09-10T01:06:35.739Z] batch=field-waveform-1789002363585-11 D4 FIRST_FRAME state=FIRST_FRAME_RECEIVED attempts=1 streak=1
[2026-09-10T01:06:35.740Z] batch=field-waveform-1789002363585-11 D4 FIRST_VALID_SAMPLE state=FIRST_FRAME_RECEIVED attempts=1 streak=1
[2026-09-10T01:06:35.742Z] batch=field-waveform-1789002363585-11 D5 FIRST_FRAME state=FIRST_FRAME_RECEIVED attempts=1 streak=1
[2026-09-10T01:06:35.742Z] batch=field-waveform-1789002363585-11 D5 FIRST_VALID_SAMPLE state=FIRST_FRAME_RECEIVED attempts=1 streak=1
[2026-09-10T01:06:35.745Z] batch=field-waveform-1789002363585-11 D2 FIRST_FRAME state=FIRST_FRAME_RECEIVED attempts=1 streak=1
[2026-09-10T01:06:35.745Z] batch=field-waveform-1789002363585-11 D2 FIRST_VALID_SAMPLE state=FIRST_FRAME_RECEIVED attempts=1 streak=1
[2026-09-10T01:06:35.750Z] batch=field-waveform-1789002363585-11 D6 FIRST_FRAME state=FIRST_FRAME_RECEIVED attempts=1 streak=1
[2026-09-10T01:06:35.750Z] batch=field-waveform-1789002363585-11 D6 FIRST_VALID_SAMPLE state=FIRST_FRAME_RECEIVED attempts=1 streak=1
[2026-09-10T01:06:35.973Z] batch=field-waveform-1789002363585-11 D3 CHANNEL_SYNC_OK state=TEST_READY attempts=1 streak=5
[2026-09-10T01:06:35.973Z] batch=field-waveform-1789002363585-11 D3 TEST_READY state=TEST_READY attempts=1 streak=5
[2026-09-10T01:06:35.979Z] batch=field-waveform-1789002363585-11 D5 CHANNEL_SYNC_OK state=TEST_READY attempts=1 streak=5
[2026-09-10T01:06:35.979Z] batch=field-waveform-1789002363585-11 D5 TEST_READY state=TEST_READY attempts=1 streak=5
[2026-09-10T01:06:35.986Z] batch=field-waveform-1789002363585-11 D4 CHANNEL_SYNC_OK state=TEST_READY attempts=1 streak=5
[2026-09-10T01:06:35.986Z] batch=field-waveform-1789002363585-11 D4 TEST_READY state=TEST_READY attempts=1 streak=5
[2026-09-10T01:06:35.989Z] batch=field-waveform-1789002363585-11 D2 CHANNEL_SYNC_OK state=TEST_READY attempts=1 streak=5
[2026-09-10T01:06:35.989Z] batch=field-waveform-1789002363585-11 D2 TEST_READY state=TEST_READY attempts=1 streak=5
[2026-09-10T01:06:35.996Z] batch=field-waveform-1789002363585-11 D6 CHANNEL_SYNC_OK state=TEST_READY attempts=1 streak=5
[2026-09-10T01:06:35.997Z] batch=field-waveform-1789002363585-11 D6 TEST_READY state=TEST_READY attempts=1 streak=5
[2026-09-10T01:06:36.002Z] batch=field-waveform-1789002363585-11 D1 CHANNEL_SYNC_OK state=TEST_READY attempts=1 streak=5
[2026-09-10T01:06:36.002Z] batch=field-waveform-1789002363585-11 D1 TEST_READY state=TEST_READY attempts=1 streak=5
[2026-09-10T01:07:41.422Z] batch=field-waveform-1789002363585-11 D3 MODE_SWITCH_START state=MODE_SWITCHING attempts=1 streak=0 attempt=1
[2026-09-10T01:07:41.434Z] batch=field-waveform-1789002363585-11 D3 MODE_SWITCH_OK state=MODE_SWITCH_OK attempts=1 streak=0
[2026-09-10T01:07:41.442Z] batch=field-waveform-1789002363585-11 D1 MODE_SWITCH_START state=MODE_SWITCHING attempts=1 streak=0 attempt=1
[2026-09-10T01:07:41.450Z] batch=field-waveform-1789002363585-11 D1 MODE_SWITCH_OK state=MODE_SWITCH_OK attempts=1 streak=0
[2026-09-10T01:07:41.458Z] batch=field-waveform-1789002363585-11 D2 MODE_SWITCH_START state=MODE_SWITCHING attempts=1 streak=0 attempt=1
[2026-09-10T01:07:41.468Z] batch=field-waveform-1789002363585-11 D2 MODE_SWITCH_OK state=MODE_SWITCH_OK attempts=1 streak=0
[2026-09-10T01:07:41.478Z] batch=field-waveform-1789002363585-11 D6 MODE_SWITCH_START state=MODE_SWITCHING attempts=1 streak=0 attempt=1
[2026-09-10T01:07:41.486Z] batch=field-waveform-1789002363585-11 D6 MODE_SWITCH_OK state=MODE_SWITCH_OK attempts=1 streak=0
[2026-09-10T01:07:41.592Z] batch=field-waveform-1789002363585-11 D4 MODE_SWITCH_START state=MODE_SWITCHING attempts=1 streak=0 attempt=1
[2026-09-10T01:07:41.602Z] batch=field-waveform-1789002363585-11 D4 MODE_SWITCH_OK state=MODE_SWITCH_OK attempts=1 streak=0
[2026-09-10T01:07:41.610Z] batch=field-waveform-1789002363585-11 D5 MODE_SWITCH_START state=MODE_SWITCHING attempts=1 streak=0 attempt=1
[2026-09-10T01:07:41.624Z] batch=field-waveform-1789002363585-11 D5 MODE_SWITCH_OK state=MODE_SWITCH_OK attempts=1 streak=0
[2026-09-10T01:07:51.459Z] batch=field-waveform-1789002363585-11 D3 MODE_SWITCH_START state=MODE_SWITCHING attempts=1 streak=0 attempt=1
[2026-09-10T01:07:51.468Z] batch=field-waveform-1789002363585-11 D3 MODE_SWITCH_OK state=MODE_SWITCH_OK attempts=1 streak=0
[2026-09-10T01:07:51.481Z] batch=field-waveform-1789002363585-11 D1 MODE_SWITCH_START state=MODE_SWITCHING attempts=1 streak=0 attempt=1
[2026-09-10T01:07:51.484Z] batch=field-waveform-1789002363585-11 D1 MODE_SWITCH_OK state=MODE_SWITCH_OK attempts=1 streak=0
[2026-09-10T01:07:51.492Z] batch=field-waveform-1789002363585-11 D2 MODE_SWITCH_START state=MODE_SWITCHING attempts=1 streak=0 attempt=1
[2026-09-10T01:07:51.496Z] batch=field-waveform-1789002363585-11 D2 MODE_SWITCH_OK state=MODE_SWITCH_OK attempts=1 streak=0
[2026-09-10T01:07:51.516Z] batch=field-waveform-1789002363585-11 D6 MODE_SWITCH_START state=MODE_SWITCHING attempts=1 streak=0 attempt=1
[2026-09-10T01:07:51.527Z] batch=field-waveform-1789002363585-11 D6 MODE_SWITCH_OK state=MODE_SWITCH_OK attempts=1 streak=0
[2026-09-10T01:07:51.706Z] batch=field-waveform-1789002363585-11 D4 MODE_SWITCH_START state=MODE_SWITCHING attempts=1 streak=0 attempt=1
[2026-09-10T01:07:51.718Z] batch=field-waveform-1789002363585-11 D4 MODE_SWITCH_OK state=MODE_SWITCH_OK attempts=1 streak=0
[2026-09-10T01:07:51.729Z] batch=field-waveform-1789002363585-11 D5 MODE_SWITCH_START state=MODE_SWITCHING attempts=1 streak=0 attempt=1
[2026-09-10T01:07:51.732Z] batch=field-waveform-1789002363585-11 D5 MODE_SWITCH_OK state=MODE_SWITCH_OK attempts=1 streak=0
[2026-09-10T01:07:56.518Z] batch=field-waveform-1789002363585-11 D3 FIRST_FRAME state=FIRST_FRAME_RECEIVED attempts=1 streak=1
[2026-09-10T01:07:56.519Z] batch=field-waveform-1789002363585-11 D3 FIRST_VALID_SAMPLE state=FIRST_FRAME_RECEIVED attempts=1 streak=1
[2026-09-10T01:07:56.544Z] batch=field-waveform-1789002363585-11 D1 FIRST_FRAME state=FIRST_FRAME_RECEIVED attempts=1 streak=1
[2026-09-10T01:07:56.544Z] batch=field-waveform-1789002363585-11 D1 FIRST_VALID_SAMPLE state=FIRST_FRAME_RECEIVED attempts=1 streak=1
[2026-09-10T01:07:56.651Z] batch=field-waveform-1789002363585-11 D6 FIRST_FRAME state=FIRST_FRAME_RECEIVED attempts=1 streak=1
[2026-09-10T01:07:56.651Z] batch=field-waveform-1789002363585-11 D6 FIRST_VALID_SAMPLE state=FIRST_FRAME_RECEIVED attempts=1 streak=1
[2026-09-10T01:07:56.879Z] batch=field-waveform-1789002363585-11 D6 CHANNEL_SYNC_OK state=TEST_READY attempts=1 streak=5
[2026-09-10T01:07:56.879Z] batch=field-waveform-1789002363585-11 D6 TEST_READY state=TEST_READY attempts=1 streak=5
[2026-09-10T01:07:56.892Z] batch=field-waveform-1789002363585-11 D3 CHANNEL_SYNC_OK state=TEST_READY attempts=1 streak=5
[2026-09-10T01:07:56.892Z] batch=field-waveform-1789002363585-11 D3 TEST_READY state=TEST_READY attempts=1 streak=5
[2026-09-10T01:07:56.903Z] batch=field-waveform-1789002363585-11 D1 CHANNEL_SYNC_OK state=TEST_READY attempts=1 streak=5
[2026-09-10T01:07:56.903Z] batch=field-waveform-1789002363585-11 D1 TEST_READY state=TEST_READY attempts=1 streak=5
[2026-09-10T01:07:56.905Z] batch=field-waveform-1789002363585-11 D5 FIRST_FRAME state=FIRST_FRAME_RECEIVED attempts=1 streak=1
[2026-09-10T01:07:56.906Z] batch=field-waveform-1789002363585-11 D5 FIRST_VALID_SAMPLE state=FIRST_FRAME_RECEIVED attempts=1 streak=1
[2026-09-10T01:07:56.912Z] batch=field-waveform-1789002363585-11 D4 FIRST_FRAME state=FIRST_FRAME_RECEIVED attempts=1 streak=1
[2026-09-10T01:07:56.912Z] batch=field-waveform-1789002363585-11 D4 FIRST_VALID_SAMPLE state=FIRST_FRAME_RECEIVED attempts=1 streak=1
[2026-09-10T01:07:57.027Z] batch=field-waveform-1789002363585-11 D5 CHANNEL_SYNC_OK state=TEST_READY attempts=1 streak=5
[2026-09-10T01:07:57.027Z] batch=field-waveform-1789002363585-11 D5 TEST_READY state=TEST_READY attempts=1 streak=5
[2026-09-10T01:07:57.030Z] batch=field-waveform-1789002363585-11 D4 CHANNEL_SYNC_OK state=TEST_READY attempts=1 streak=5
[2026-09-10T01:07:57.030Z] batch=field-waveform-1789002363585-11 D4 TEST_READY state=TEST_READY attempts=1 streak=5
[2026-09-10T01:08:01.539Z] batch=field-waveform-1789002363585-11 D2 MODE_SWITCH_START state=MODE_SWITCHING attempts=1 streak=0 attempt=1
[2026-09-10T01:08:01.550Z] batch=field-waveform-1789002363585-11 D2 MODE_SWITCH_OK state=MODE_SWITCH_OK attempts=1 streak=0
[2026-09-10T01:08:06.677Z] batch=field-waveform-1789002363585-11 D2 FIRST_FRAME state=FIRST_FRAME_RECEIVED attempts=1 streak=1
[2026-09-10T01:08:06.677Z] batch=field-waveform-1789002363585-11 D2 FIRST_VALID_SAMPLE state=FIRST_FRAME_RECEIVED attempts=1 streak=1
[2026-09-10T01:08:07.024Z] batch=field-waveform-1789002363585-11 D2 CHANNEL_SYNC_OK state=TEST_READY attempts=1 streak=5
[2026-09-10T01:08:07.024Z] batch=field-waveform-1789002363585-11 D2 TEST_READY state=TEST_READY attempts=1 streak=5
[2026-09-10T01:08:32.363Z] batch=field-waveform-1789002363585-11 D2 MODE_SWITCH_START state=MODE_SWITCHING attempts=1 streak=0 attempt=1
[2026-09-10T01:08:32.378Z] batch=field-waveform-1789002363585-11 D2 MODE_SWITCH_OK state=MODE_SWITCH_OK attempts=1 streak=0
