[2026-09-14T10:53:47.639Z] batch=- D2 POWER_ON state=COMMUNICATION_READY attempts=0 streak=0
[2026-09-14T10:53:47.639Z] batch=- D2 RS485_RESPONSE state=COMMUNICATION_READY attempts=0 streak=0
[2026-09-14T10:53:47.647Z] batch=- D3 POWER_ON state=COMMUNICATION_READY attempts=0 streak=0
[2026-09-14T10:53:47.647Z] batch=- D3 RS485_RESPONSE state=COMMUNICATION_READY attempts=0 streak=0
[2026-09-14T10:53:47.648Z] batch=- D4 POWER_ON state=COMMUNICATION_READY attempts=0 streak=0
[2026-09-14T10:53:47.649Z] batch=- D4 RS485_RESPONSE state=COMMUNICATION_READY attempts=0 streak=0
[2026-09-14T10:53:47.657Z] batch=- D5 POWER_ON state=COMMUNICATION_READY attempts=0 streak=0
[2026-09-14T10:53:47.658Z] batch=- D5 RS485_RESPONSE state=COMMUNICATION_READY attempts=0 streak=0
[2026-09-14T10:53:47.659Z] batch=- D6 POWER_ON state=COMMUNICATION_READY attempts=0 streak=0
[2026-09-14T10:53:47.659Z] batch=- D6 RS485_RESPONSE state=COMMUNICATION_READY attempts=0 streak=0
[2026-09-14T10:53:48.398Z] batch=- D2 MODE_SWITCH_START state=MODE_SWITCHING attempts=1 streak=0 attempt=1
[2026-09-14T10:53:48.403Z] batch=- D3 MODE_SWITCH_START state=MODE_SWITCHING attempts=1 streak=0 attempt=1
[2026-09-14T10:53:48.410Z] batch=- D4 MODE_SWITCH_START state=MODE_SWITCHING attempts=1 streak=0 attempt=1
[2026-09-14T10:53:48.419Z] batch=- D5 MODE_SWITCH_START state=MODE_SWITCHING attempts=1 streak=0 attempt=1
[2026-09-14T10:53:48.422Z] batch=- D6 MODE_SWITCH_START state=MODE_SWITCHING attempts=1 streak=0 attempt=1
[2026-09-14T10:53:48.427Z] batch=- D2 MODE_SWITCH_OK state=MODE_SWITCH_OK attempts=1 streak=0
[2026-09-14T10:53:48.430Z] batch=- D3 MODE_SWITCH_OK state=MODE_SWITCH_OK attempts=1 streak=0
[2026-09-14T10:53:48.432Z] batch=- D4 MODE_SWITCH_OK state=MODE_SWITCH_OK attempts=1 streak=0
[2026-09-14T10:53:48.435Z] batch=- D5 MODE_SWITCH_OK state=MODE_SWITCH_OK attempts=1 streak=0
[2026-09-14T10:53:48.436Z] batch=- D6 MODE_SWITCH_OK state=MODE_SWITCH_OK attempts=1 streak=0
[2026-09-14T10:53:49.672Z] batch=- D1 POWER_ON state=COMMUNICATION_READY attempts=0 streak=0
[2026-09-14T10:53:49.672Z] batch=- D1 RS485_RESPONSE state=COMMUNICATION_READY attempts=0 streak=0
[2026-09-14T10:53:49.673Z] batch=- D1 MODE_SWITCH_START state=MODE_SWITCHING attempts=1 streak=0 attempt=1
[2026-09-14T10:53:49.675Z] batch=- D1 MODE_SWITCH_OK state=MODE_SWITCH_OK attempts=1 streak=0
[2026-09-14T10:53:56.200Z] batch=field-waveform-1789383236199-1 D1 MODE_SWITCH_START state=MODE_SWITCHING attempts=1 streak=0 attempt=1
[2026-09-14T10:53:56.202Z] batch=field-waveform-1789383236199-1 D2 MODE_SWITCH_START state=MODE_SWITCHING attempts=1 streak=0 attempt=1
[2026-09-14T10:53:56.204Z] batch=field-waveform-1789383236199-1 D3 MODE_SWITCH_START state=MODE_SWITCHING attempts=1 streak=0 attempt=1
[2026-09-14T10:53:56.206Z] batch=field-waveform-1789383236199-1 D4 MODE_SWITCH_START state=MODE_SWITCHING attempts=1 streak=0 attempt=1
[2026-09-14T10:53:56.208Z] batch=field-waveform-1789383236199-1 D5 MODE_SWITCH_START state=MODE_SWITCHING attempts=1 streak=0 attempt=1
[2026-09-14T10:53:56.211Z] batch=field-waveform-1789383236199-1 D6 MODE_SWITCH_START state=MODE_SWITCHING attempts=1 streak=0 attempt=1
[2026-09-14T10:53:56.220Z] batch=field-waveform-1789383236199-1 D1 MODE_SWITCH_OK state=MODE_SWITCH_OK attempts=1 streak=0
[2026-09-14T10:53:56.221Z] batch=field-waveform-1789383236199-1 D2 MODE_SWITCH_OK state=MODE_SWITCH_OK attempts=1 streak=0
[2026-09-14T10:53:56.221Z] batch=field-waveform-1789383236199-1 D3 MODE_SWITCH_OK state=MODE_SWITCH_OK attempts=1 streak=0
[2026-09-14T10:53:56.222Z] batch=field-waveform-1789383236199-1 D4 MODE_SWITCH_OK state=MODE_SWITCH_OK attempts=1 streak=0
[2026-09-14T10:53:56.224Z] batch=field-waveform-1789383236199-1 D5 MODE_SWITCH_OK state=MODE_SWITCH_OK attempts=1 streak=0
[2026-09-14T10:53:56.225Z] batch=field-waveform-1789383236199-1 D6 MODE_SWITCH_OK state=MODE_SWITCH_OK attempts=1 streak=0
[2026-09-14T10:53:58.430Z] batch=field-waveform-1789383236199-1 D2 MODE_SWITCH_START state=MODE_SWITCHING attempts=1 streak=0 attempt=1
[2026-09-14T10:53:58.434Z] batch=field-waveform-1789383236199-1 D2 MODE_SWITCH_OK state=MODE_SWITCH_OK attempts=1 streak=0
[2026-09-14T10:53:58.437Z] batch=field-waveform-1789383236199-1 D3 MODE_SWITCH_START state=MODE_SWITCHING attempts=1 streak=0 attempt=1
[2026-09-14T10:53:58.439Z] batch=field-waveform-1789383236199-1 D3 MODE_SWITCH_OK state=MODE_SWITCH_OK attempts=1 streak=0
[2026-09-14T10:53:58.442Z] batch=field-waveform-1789383236199-1 D4 MODE_SWITCH_START state=MODE_SWITCHING attempts=1 streak=0 attempt=1
[2026-09-14T10:53:58.444Z] batch=field-waveform-1789383236199-1 D4 MODE_SWITCH_OK state=MODE_SWITCH_OK attempts=1 streak=0
[2026-09-14T10:53:58.445Z] batch=field-waveform-1789383236199-1 D5 MODE_SWITCH_START state=MODE_SWITCHING attempts=1 streak=0 attempt=1
[2026-09-14T10:53:58.450Z] batch=field-waveform-1789383236199-1 D5 MODE_SWITCH_OK state=MODE_SWITCH_OK attempts=1 streak=0
[2026-09-14T10:53:58.452Z] batch=field-waveform-1789383236199-1 D6 MODE_SWITCH_START state=MODE_SWITCHING attempts=1 streak=0 attempt=1
[2026-09-14T10:53:58.454Z] batch=field-waveform-1789383236199-1 D6 MODE_SWITCH_OK state=MODE_SWITCH_OK attempts=1 streak=0
[2026-09-14T10:53:59.679Z] batch=field-waveform-1789383236199-1 D1 MODE_SWITCH_START state=MODE_SWITCHING attempts=1 streak=0 attempt=1
[2026-09-14T10:53:59.684Z] batch=field-waveform-1789383236199-1 D1 MODE_SWITCH_OK state=MODE_SWITCH_OK attempts=1 streak=0
[2026-09-14T10:54:08.440Z] batch=field-waveform-1789383236199-1 D2 MODE_SWITCH_START state=MODE_SWITCHING attempts=1 streak=0 attempt=1
[2026-09-14T10:54:08.442Z] batch=field-waveform-1789383236199-1 D2 MODE_SWITCH_OK state=MODE_SWITCH_OK attempts=1 streak=0
[2026-09-14T10:54:08.444Z] batch=field-waveform-1789383236199-1 D3 MODE_SWITCH_START state=MODE_SWITCHING attempts=1 streak=0 attempt=1
[2026-09-14T10:54:08.445Z] batch=field-waveform-1789383236199-1 D3 MODE_SWITCH_OK state=MODE_SWITCH_OK attempts=1 streak=0
[2026-09-14T10:54:08.447Z] batch=field-waveform-1789383236199-1 D4 MODE_SWITCH_START state=MODE_SWITCHING attempts=1 streak=0 attempt=1
[2026-09-14T10:54:08.448Z] batch=field-waveform-1789383236199-1 D4 MODE_SWITCH_OK state=MODE_SWITCH_OK attempts=1 streak=0
[2026-09-14T10:54:08.450Z] batch=field-waveform-1789383236199-1 D5 MODE_SWITCH_START state=MODE_SWITCHING attempts=1 streak=0 attempt=1
[2026-09-14T10:54:08.452Z] batch=field-waveform-1789383236199-1 D5 MODE_SWITCH_OK state=MODE_SWITCH_OK attempts=1 streak=0
[2026-09-14T10:54:08.456Z] batch=field-waveform-1789383236199-1 D6 MODE_SWITCH_START state=MODE_SWITCHING attempts=1 streak=0 attempt=1
[2026-09-14T10:54:08.457Z] batch=field-waveform-1789383236199-1 D6 MODE_SWITCH_OK state=MODE_SWITCH_OK attempts=1 streak=0
[2026-09-14T10:54:09.687Z] batch=field-waveform-1789383236199-1 D1 MODE_SWITCH_START state=MODE_SWITCHING attempts=1 streak=0 attempt=1
[2026-09-14T10:54:09.693Z] batch=field-waveform-1789383236199-1 D1 MODE_SWITCH_OK state=MODE_SWITCH_OK attempts=1 streak=0
[2026-09-14T10:54:18.448Z] batch=field-waveform-1789383236199-1 D2 MODE_SWITCH_START state=MODE_SWITCHING attempts=1 streak=0 attempt=1
[2026-09-14T10:54:18.451Z] batch=field-waveform-1789383236199-1 D2 MODE_SWITCH_OK state=MODE_SWITCH_OK attempts=1 streak=0
[2026-09-14T10:54:18.454Z] batch=field-waveform-1789383236199-1 D3 MODE_SWITCH_START state=MODE_SWITCHING attempts=1 streak=0 attempt=1
[2026-09-14T10:54:18.456Z] batch=field-waveform-1789383236199-1 D3 MODE_SWITCH_OK state=MODE_SWITCH_OK attempts=1 streak=0
[2026-09-14T10:54:18.459Z] batch=field-waveform-1789383236199-1 D4 MODE_SWITCH_START state=MODE_SWITCHING attempts=1 streak=0 attempt=1
[2026-09-14T10:54:18.461Z] batch=field-waveform-1789383236199-1 D4 MODE_SWITCH_OK state=MODE_SWITCH_OK attempts=1 streak=0
[2026-09-14T10:54:18.465Z] batch=field-waveform-1789383236199-1 D5 MODE_SWITCH_START state=MODE_SWITCHING attempts=1 streak=0 attempt=1
[2026-09-14T10:54:18.467Z] batch=field-waveform-1789383236199-1 D5 MODE_SWITCH_OK state=MODE_SWITCH_OK attempts=1 streak=0
[2026-09-14T10:54:18.469Z] batch=field-waveform-1789383236199-1 D6 MODE_SWITCH_START state=MODE_SWITCHING attempts=1 streak=0 attempt=1
[2026-09-14T10:54:18.471Z] batch=field-waveform-1789383236199-1 D6 MODE_SWITCH_OK state=MODE_SWITCH_OK attempts=1 streak=0
[2026-09-14T10:54:19.698Z] batch=field-waveform-1789383236199-1 D1 MODE_SWITCH_START state=MODE_SWITCHING attempts=1 streak=0 attempt=1
[2026-09-14T10:54:19.700Z] batch=field-waveform-1789383236199-1 D1 MODE_SWITCH_OK state=MODE_SWITCH_OK attempts=1 streak=0
[2026-09-14T10:54:23.498Z] batch=field-waveform-1789383236199-1 D3 FIRST_FRAME state=FIRST_FRAME_RECEIVED attempts=1 streak=1
[2026-09-14T10:54:23.499Z] batch=field-waveform-1789383236199-1 D3 FIRST_VALID_SAMPLE state=FIRST_FRAME_RECEIVED attempts=1 streak=1
[2026-09-14T10:54:23.507Z] batch=field-waveform-1789383236199-1 D6 FIRST_FRAME state=FIRST_FRAME_RECEIVED attempts=1 streak=1
[2026-09-14T10:54:23.508Z] batch=field-waveform-1789383236199-1 D6 FIRST_VALID_SAMPLE state=FIRST_FRAME_RECEIVED attempts=1 streak=1
[2026-09-14T10:54:23.534Z] batch=field-waveform-1789383236199-1 D5 FIRST_FRAME state=FIRST_FRAME_RECEIVED attempts=1 streak=1
[2026-09-14T10:54:23.534Z] batch=field-waveform-1789383236199-1 D5 FIRST_VALID_SAMPLE state=FIRST_FRAME_RECEIVED attempts=1 streak=1
[2026-09-14T10:54:23.536Z] batch=field-waveform-1789383236199-1 D2 FIRST_FRAME state=FIRST_FRAME_RECEIVED attempts=1 streak=1
[2026-09-14T10:54:23.536Z] batch=field-waveform-1789383236199-1 D2 FIRST_VALID_SAMPLE state=FIRST_FRAME_RECEIVED attempts=1 streak=1
[2026-09-14T10:54:23.538Z] batch=field-waveform-1789383236199-1 D4 FIRST_FRAME state=FIRST_FRAME_RECEIVED attempts=1 streak=1
[2026-09-14T10:54:23.539Z] batch=field-waveform-1789383236199-1 D4 FIRST_VALID_SAMPLE state=FIRST_FRAME_RECEIVED attempts=1 streak=1
[2026-09-14T10:54:23.744Z] batch=field-waveform-1789383236199-1 D3 CHANNEL_SYNC_OK state=TEST_READY attempts=1 streak=5
[2026-09-14T10:54:23.744Z] batch=field-waveform-1789383236199-1 D3 TEST_READY state=TEST_READY attempts=1 streak=5
[2026-09-14T10:54:23.755Z] batch=field-waveform-1789383236199-1 D6 CHANNEL_SYNC_OK state=TEST_READY attempts=1 streak=5
[2026-09-14T10:54:23.755Z] batch=field-waveform-1789383236199-1 D6 TEST_READY state=TEST_READY attempts=1 streak=5
[2026-09-14T10:54:23.767Z] batch=field-waveform-1789383236199-1 D5 CHANNEL_SYNC_OK state=TEST_READY attempts=1 streak=5
[2026-09-14T10:54:23.768Z] batch=field-waveform-1789383236199-1 D5 TEST_READY state=TEST_READY attempts=1 streak=5
[2026-09-14T10:54:23.784Z] batch=field-waveform-1789383236199-1 D2 CHANNEL_SYNC_OK state=TEST_READY attempts=1 streak=5
[2026-09-14T10:54:23.785Z] batch=field-waveform-1789383236199-1 D2 TEST_READY state=TEST_READY attempts=1 streak=5
[2026-09-14T10:54:23.787Z] batch=field-waveform-1789383236199-1 D4 CHANNEL_SYNC_OK state=TEST_READY attempts=1 streak=5
[2026-09-14T10:54:23.788Z] batch=field-waveform-1789383236199-1 D4 TEST_READY state=TEST_READY attempts=1 streak=5
[2026-09-14T10:54:24.779Z] batch=field-waveform-1789383236199-1 D1 FIRST_FRAME state=FIRST_FRAME_RECEIVED attempts=1 streak=1
[2026-09-14T10:54:24.779Z] batch=field-waveform-1789383236199-1 D1 FIRST_VALID_SAMPLE state=FIRST_FRAME_RECEIVED attempts=1 streak=1
[2026-09-14T10:54:25.049Z] batch=field-waveform-1789383236199-1 D1 CHANNEL_SYNC_OK state=TEST_READY attempts=1 streak=5
[2026-09-14T10:54:25.049Z] batch=field-waveform-1789383236199-1 D1 TEST_READY state=TEST_READY attempts=1 streak=5
[2026-09-14T10:54:35.916Z] batch=field-waveform-1789383236199-1 D2 MODE_SWITCH_START state=MODE_SWITCHING attempts=1 streak=0 attempt=1
[2026-09-14T10:54:35.918Z] batch=field-waveform-1789383236199-1 D2 MODE_SWITCH_OK state=MODE_SWITCH_OK attempts=1 streak=0
[2026-09-14T10:54:35.920Z] batch=field-waveform-1789383236199-1 D4 MODE_SWITCH_START state=MODE_SWITCHING attempts=1 streak=0 attempt=1
[2026-09-14T10:54:35.922Z] batch=field-waveform-1789383236199-1 D4 MODE_SWITCH_OK state=MODE_SWITCH_OK attempts=1 streak=0
[2026-09-14T10:54:35.923Z] batch=field-waveform-1789383236199-1 D1 MODE_SWITCH_START state=MODE_SWITCHING attempts=1 streak=0 attempt=1
[2026-09-14T10:54:35.925Z] batch=field-waveform-1789383236199-1 D1 MODE_SWITCH_OK state=MODE_SWITCH_OK attempts=1 streak=0
[2026-09-14T10:54:35.968Z] batch=field-waveform-1789383236199-1 D3 MODE_SWITCH_START state=MODE_SWITCHING attempts=1 streak=0 attempt=1
[2026-09-14T10:54:35.972Z] batch=field-waveform-1789383236199-1 D3 MODE_SWITCH_OK state=MODE_SWITCH_OK attempts=1 streak=0
[2026-09-14T10:54:35.978Z] batch=field-waveform-1789383236199-1 D6 MODE_SWITCH_START state=MODE_SWITCHING attempts=1 streak=0 attempt=1
[2026-09-14T10:54:35.982Z] batch=field-waveform-1789383236199-1 D6 MODE_SWITCH_OK state=MODE_SWITCH_OK attempts=1 streak=0
[2026-09-14T10:54:41.325Z] batch=field-waveform-1789383236199-1 D3 FIRST_FRAME state=FIRST_FRAME_RECEIVED attempts=1 streak=1
[2026-09-14T10:54:41.326Z] batch=field-waveform-1789383236199-1 D3 FIRST_VALID_SAMPLE state=FIRST_FRAME_RECEIVED attempts=1 streak=1
[2026-09-14T10:54:41.327Z] batch=field-waveform-1789383236199-1 D6 FIRST_FRAME state=FIRST_FRAME_RECEIVED attempts=1 streak=1
[2026-09-14T10:54:41.327Z] batch=field-waveform-1789383236199-1 D6 FIRST_VALID_SAMPLE state=FIRST_FRAME_RECEIVED attempts=1 streak=1
[2026-09-14T10:54:41.367Z] batch=field-waveform-1789383236199-1 D4 FIRST_FRAME state=FIRST_FRAME_RECEIVED attempts=1 streak=1
[2026-09-14T10:54:41.368Z] batch=field-waveform-1789383236199-1 D4 FIRST_VALID_SAMPLE state=FIRST_FRAME_RECEIVED attempts=1 streak=1
[2026-09-14T10:54:41.370Z] batch=field-waveform-1789383236199-1 D2 FIRST_FRAME state=FIRST_FRAME_RECEIVED attempts=1 streak=1
[2026-09-14T10:54:41.371Z] batch=field-waveform-1789383236199-1 D2 FIRST_VALID_SAMPLE state=FIRST_FRAME_RECEIVED attempts=1 streak=1
[2026-09-14T10:54:41.374Z] batch=field-waveform-1789383236199-1 D1 FIRST_FRAME state=FIRST_FRAME_RECEIVED attempts=1 streak=1
[2026-09-14T10:54:41.374Z] batch=field-waveform-1789383236199-1 D1 FIRST_VALID_SAMPLE state=FIRST_FRAME_RECEIVED attempts=1 streak=1
[2026-09-14T10:54:41.567Z] batch=field-waveform-1789383236199-1 D3 CHANNEL_SYNC_OK state=TEST_READY attempts=1 streak=5
[2026-09-14T10:54:41.568Z] batch=field-waveform-1789383236199-1 D3 TEST_READY state=TEST_READY attempts=1 streak=5
[2026-09-14T10:54:41.570Z] batch=field-waveform-1789383236199-1 D6 CHANNEL_SYNC_OK state=TEST_READY attempts=1 streak=5
[2026-09-14T10:54:41.571Z] batch=field-waveform-1789383236199-1 D6 TEST_READY state=TEST_READY attempts=1 streak=5
[2026-09-14T10:54:41.593Z] batch=field-waveform-1789383236199-1 D2 CHANNEL_SYNC_OK state=TEST_READY attempts=1 streak=5
[2026-09-14T10:54:41.593Z] batch=field-waveform-1789383236199-1 D2 TEST_READY state=TEST_READY attempts=1 streak=5
[2026-09-14T10:54:41.597Z] batch=field-waveform-1789383236199-1 D1 CHANNEL_SYNC_OK state=TEST_READY attempts=1 streak=5
[2026-09-14T10:54:41.598Z] batch=field-waveform-1789383236199-1 D1 TEST_READY state=TEST_READY attempts=1 streak=5
[2026-09-14T10:54:41.602Z] batch=field-waveform-1789383236199-1 D4 CHANNEL_SYNC_OK state=TEST_READY attempts=1 streak=5
[2026-09-14T10:54:41.603Z] batch=field-waveform-1789383236199-1 D4 TEST_READY state=TEST_READY attempts=1 streak=5
[2026-09-14T10:55:34.374Z] batch=field-waveform-1789383236199-1 D2 MODE_SWITCH_START state=MODE_SWITCHING attempts=1 streak=0 attempt=1
[2026-09-14T10:55:34.376Z] batch=field-waveform-1789383236199-1 D2 MODE_SWITCH_OK state=MODE_SWITCH_OK attempts=1 streak=0
[2026-09-14T10:55:34.380Z] batch=field-waveform-1789383236199-1 D1 MODE_SWITCH_START state=MODE_SWITCHING attempts=1 streak=0 attempt=1
[2026-09-14T10:55:34.381Z] batch=field-waveform-1789383236199-1 D1 MODE_SWITCH_OK state=MODE_SWITCH_OK attempts=1 streak=0
[2026-09-14T10:55:34.385Z] batch=field-waveform-1789383236199-1 D4 MODE_SWITCH_START state=MODE_SWITCHING attempts=1 streak=0 attempt=1
[2026-09-14T10:55:34.387Z] batch=field-waveform-1789383236199-1 D4 MODE_SWITCH_OK state=MODE_SWITCH_OK attempts=1 streak=0
[2026-09-14T10:55:34.390Z] batch=field-waveform-1789383236199-1 D3 MODE_SWITCH_START state=MODE_SWITCHING attempts=1 streak=0 attempt=1
[2026-09-14T10:55:34.392Z] batch=field-waveform-1789383236199-1 D3 MODE_SWITCH_OK state=MODE_SWITCH_OK attempts=1 streak=0
[2026-09-14T10:55:34.394Z] batch=field-waveform-1789383236199-1 D5 MODE_SWITCH_START state=MODE_SWITCHING attempts=1 streak=0 attempt=1
[2026-09-14T10:55:34.395Z] batch=field-waveform-1789383236199-1 D5 MODE_SWITCH_OK state=MODE_SWITCH_OK attempts=1 streak=0
[2026-09-14T10:55:34.416Z] batch=field-waveform-1789383236199-1 D6 MODE_SWITCH_START state=MODE_SWITCHING attempts=1 streak=0 attempt=1
[2026-09-14T10:55:34.418Z] batch=field-waveform-1789383236199-1 D6 MODE_SWITCH_OK state=MODE_SWITCH_OK attempts=1 streak=0
[2026-09-14T10:55:44.432Z] batch=field-waveform-1789383236199-1 D2 MODE_SWITCH_START state=MODE_SWITCHING attempts=1 streak=0 attempt=1
[2026-09-14T10:55:44.435Z] batch=field-waveform-1789383236199-1 D2 MODE_SWITCH_OK state=MODE_SWITCH_OK attempts=1 streak=0
[2026-09-14T10:55:44.439Z] batch=field-waveform-1789383236199-1 D1 MODE_SWITCH_START state=MODE_SWITCHING attempts=1 streak=0 attempt=1
[2026-09-14T10:55:44.440Z] batch=field-waveform-1789383236199-1 D1 MODE_SWITCH_OK state=MODE_SWITCH_OK attempts=1 streak=0
[2026-09-14T10:55:44.444Z] batch=field-waveform-1789383236199-1 D4 MODE_SWITCH_START state=MODE_SWITCHING attempts=1 streak=0 attempt=1
[2026-09-14T10:55:44.446Z] batch=field-waveform-1789383236199-1 D4 MODE_SWITCH_OK state=MODE_SWITCH_OK attempts=1 streak=0
[2026-09-14T10:55:44.449Z] batch=field-waveform-1789383236199-1 D3 MODE_SWITCH_START state=MODE_SWITCHING attempts=1 streak=0 attempt=1
[2026-09-14T10:55:44.450Z] batch=field-waveform-1789383236199-1 D3 MODE_SWITCH_OK state=MODE_SWITCH_OK attempts=1 streak=0
[2026-09-14T10:55:44.453Z] batch=field-waveform-1789383236199-1 D5 MODE_SWITCH_START state=MODE_SWITCHING attempts=1 streak=0 attempt=1
[2026-09-14T10:55:44.454Z] batch=field-waveform-1789383236199-1 D5 MODE_SWITCH_OK state=MODE_SWITCH_OK attempts=1 streak=0
[2026-09-14T10:55:44.457Z] batch=field-waveform-1789383236199-1 D6 MODE_SWITCH_START state=MODE_SWITCHING attempts=1 streak=0 attempt=1
[2026-09-14T10:55:44.461Z] batch=field-waveform-1789383236199-1 D6 MODE_SWITCH_OK state=MODE_SWITCH_OK attempts=1 streak=0
[2026-09-14T10:55:49.620Z] batch=field-waveform-1789383236199-1 D2 FIRST_FRAME state=FIRST_FRAME_RECEIVED attempts=1 streak=1
[2026-09-14T10:55:49.621Z] batch=field-waveform-1789383236199-1 D2 FIRST_VALID_SAMPLE state=FIRST_FRAME_RECEIVED attempts=1 streak=1
[2026-09-14T10:55:49.623Z] batch=field-waveform-1789383236199-1 D4 FIRST_FRAME state=FIRST_FRAME_RECEIVED attempts=1 streak=1
[2026-09-14T10:55:49.624Z] batch=field-waveform-1789383236199-1 D4 FIRST_VALID_SAMPLE state=FIRST_FRAME_RECEIVED attempts=1 streak=1
[2026-09-14T10:55:49.626Z] batch=field-waveform-1789383236199-1 D1 FIRST_FRAME state=FIRST_FRAME_RECEIVED attempts=1 streak=1
[2026-09-14T10:55:49.627Z] batch=field-waveform-1789383236199-1 D1 FIRST_VALID_SAMPLE state=FIRST_FRAME_RECEIVED attempts=1 streak=1
[2026-09-14T10:55:49.631Z] batch=field-waveform-1789383236199-1 D3 FIRST_FRAME state=FIRST_FRAME_RECEIVED attempts=1 streak=1
[2026-09-14T10:55:49.631Z] batch=field-waveform-1789383236199-1 D3 FIRST_VALID_SAMPLE state=FIRST_FRAME_RECEIVED attempts=1 streak=1
[2026-09-14T10:55:49.634Z] batch=field-waveform-1789383236199-1 D5 FIRST_FRAME state=FIRST_FRAME_RECEIVED attempts=1 streak=1
[2026-09-14T10:55:49.634Z] batch=field-waveform-1789383236199-1 D5 FIRST_VALID_SAMPLE state=FIRST_FRAME_RECEIVED attempts=1 streak=1
[2026-09-14T10:55:49.731Z] batch=field-waveform-1789383236199-1 D2 CHANNEL_SYNC_OK state=TEST_READY attempts=1 streak=5
[2026-09-14T10:55:49.732Z] batch=field-waveform-1789383236199-1 D2 TEST_READY state=TEST_READY attempts=1 streak=5
[2026-09-14T10:55:49.943Z] batch=field-waveform-1789383236199-1 D4 CHANNEL_SYNC_OK state=TEST_READY attempts=1 streak=5
[2026-09-14T10:55:49.943Z] batch=field-waveform-1789383236199-1 D4 TEST_READY state=TEST_READY attempts=1 streak=5
[2026-09-14T10:55:49.947Z] batch=field-waveform-1789383236199-1 D1 CHANNEL_SYNC_OK state=TEST_READY attempts=1 streak=5
[2026-09-14T10:55:49.947Z] batch=field-waveform-1789383236199-1 D1 TEST_READY state=TEST_READY attempts=1 streak=5
[2026-09-14T10:55:49.949Z] batch=field-waveform-1789383236199-1 D3 CHANNEL_SYNC_OK state=TEST_READY attempts=1 streak=5
[2026-09-14T10:55:49.950Z] batch=field-waveform-1789383236199-1 D3 TEST_READY state=TEST_READY attempts=1 streak=5
[2026-09-14T10:55:49.953Z] batch=field-waveform-1789383236199-1 D5 CHANNEL_SYNC_OK state=TEST_READY attempts=1 streak=5
[2026-09-14T10:55:49.954Z] batch=field-waveform-1789383236199-1 D5 TEST_READY state=TEST_READY attempts=1 streak=5
[2026-09-14T10:55:54.560Z] batch=field-waveform-1789383236199-1 D6 MODE_SWITCH_START state=MODE_SWITCHING attempts=1 streak=0 attempt=1
[2026-09-14T10:55:54.562Z] batch=field-waveform-1789383236199-1 D6 MODE_SWITCH_OK state=MODE_SWITCH_OK attempts=1 streak=0
[2026-09-14T10:56:04.808Z] batch=field-waveform-1789383236199-1 D6 MODE_SWITCH_START state=MODE_SWITCHING attempts=1 streak=0 attempt=1
[2026-09-14T10:56:04.809Z] batch=field-waveform-1789383236199-1 D6 MODE_SWITCH_OK state=MODE_SWITCH_OK attempts=1 streak=0
[2026-09-14T10:56:15.095Z] batch=field-waveform-1789383236199-1 D6 MODE_SWITCH_START state=MODE_SWITCHING attempts=1 streak=0 attempt=1
[2026-09-14T10:56:15.099Z] batch=field-waveform-1789383236199-1 D6 MODE_SWITCH_OK state=MODE_SWITCH_OK attempts=1 streak=0
[2026-09-14T10:56:25.140Z] batch=field-waveform-1789383236199-1 D6 MODE_SWITCH_START state=MODE_SWITCHING attempts=1 streak=0 attempt=1
[2026-09-14T10:56:25.141Z] batch=field-waveform-1789383236199-1 D6 MODE_SWITCH_OK state=MODE_SWITCH_OK attempts=1 streak=0
[2026-09-14T10:56:34.556Z] batch=field-waveform-1789383236199-1 D1 MODE_SWITCH_START state=MODE_SWITCHING attempts=1 streak=0 attempt=1
[2026-09-14T10:56:34.558Z] batch=field-waveform-1789383236199-1 D1 MODE_SWITCH_OK state=MODE_SWITCH_OK attempts=1 streak=0
[2026-09-14T10:56:34.576Z] batch=field-waveform-1789383236199-1 D2 MODE_SWITCH_START state=MODE_SWITCHING attempts=1 streak=0 attempt=1
[2026-09-14T10:56:34.578Z] batch=field-waveform-1789383236199-1 D2 MODE_SWITCH_OK state=MODE_SWITCH_OK attempts=1 streak=0
[2026-09-14T10:56:34.857Z] batch=field-waveform-1789383236199-1 D4 MODE_SWITCH_START state=MODE_SWITCHING attempts=1 streak=0 attempt=1
[2026-09-14T10:56:34.858Z] batch=field-waveform-1789383236199-1 D4 MODE_SWITCH_OK state=MODE_SWITCH_OK attempts=1 streak=0
[2026-09-14T10:56:34.864Z] batch=field-waveform-1789383236199-1 D3 MODE_SWITCH_START state=MODE_SWITCHING attempts=1 streak=0 attempt=1
[2026-09-14T10:56:34.867Z] batch=field-waveform-1789383236199-1 D3 MODE_SWITCH_OK state=MODE_SWITCH_OK attempts=1 streak=0
[2026-09-14T10:56:34.872Z] batch=field-waveform-1789383236199-1 D5 MODE_SWITCH_START state=MODE_SWITCHING attempts=1 streak=0 attempt=1
[2026-09-14T10:56:34.873Z] batch=field-waveform-1789383236199-1 D5 MODE_SWITCH_OK state=MODE_SWITCH_OK attempts=1 streak=0
[2026-09-14T10:56:34.890Z] batch=field-waveform-1789383394888-2 D1 MODE_SWITCH_START state=MODE_SWITCHING attempts=1 streak=0 attempt=1
[2026-09-14T10:56:34.891Z] batch=field-waveform-1789383394888-2 D2 MODE_SWITCH_START state=MODE_SWITCHING attempts=1 streak=0 attempt=1
[2026-09-14T10:56:34.892Z] batch=field-waveform-1789383394888-2 D3 MODE_SWITCH_START state=MODE_SWITCHING attempts=1 streak=0 attempt=1
[2026-09-14T10:56:34.893Z] batch=field-waveform-1789383394888-2 D4 MODE_SWITCH_START state=MODE_SWITCHING attempts=1 streak=0 attempt=1
[2026-09-14T10:56:34.893Z] batch=field-waveform-1789383394888-2 D5 MODE_SWITCH_START state=MODE_SWITCHING attempts=1 streak=0 attempt=1
[2026-09-14T10:56:34.894Z] batch=field-waveform-1789383394888-2 D6 MODE_SWITCH_START state=MODE_SWITCHING attempts=1 streak=0 attempt=1
[2026-09-14T10:56:34.897Z] batch=field-waveform-1789383394888-2 D1 MODE_SWITCH_OK state=MODE_SWITCH_OK attempts=1 streak=0
[2026-09-14T10:56:34.898Z] batch=field-waveform-1789383394888-2 D2 MODE_SWITCH_OK state=MODE_SWITCH_OK attempts=1 streak=0
[2026-09-14T10:56:34.899Z] batch=field-waveform-1789383394888-2 D3 MODE_SWITCH_OK state=MODE_SWITCH_OK attempts=1 streak=0
[2026-09-14T10:56:34.900Z] batch=field-waveform-1789383394888-2 D4 MODE_SWITCH_OK state=MODE_SWITCH_OK attempts=1 streak=0
[2026-09-14T10:56:34.901Z] batch=field-waveform-1789383394888-2 D5 MODE_SWITCH_OK state=MODE_SWITCH_OK attempts=1 streak=0
[2026-09-14T10:56:34.904Z] batch=field-waveform-1789383394888-2 D6 MODE_SWITCH_OK state=MODE_SWITCH_OK attempts=1 streak=0
[2026-09-14T10:56:35.142Z] batch=field-waveform-1789383394888-2 D6 MODE_SWITCH_START state=MODE_SWITCHING attempts=1 streak=0 attempt=1
[2026-09-14T10:56:35.144Z] batch=field-waveform-1789383394888-2 D6 MODE_SWITCH_OK state=MODE_SWITCH_OK attempts=1 streak=0
[2026-09-14T10:56:44.575Z] batch=field-waveform-1789383394888-2 D1 MODE_SWITCH_START state=MODE_SWITCHING attempts=1 streak=0 attempt=1
[2026-09-14T10:56:44.577Z] batch=field-waveform-1789383394888-2 D1 MODE_SWITCH_OK state=MODE_SWITCH_OK attempts=1 streak=0
[2026-09-14T10:56:44.579Z] batch=field-waveform-1789383394888-2 D2 MODE_SWITCH_START state=MODE_SWITCHING attempts=1 streak=0 attempt=1
[2026-09-14T10:56:44.580Z] batch=field-waveform-1789383394888-2 D2 MODE_SWITCH_OK state=MODE_SWITCH_OK attempts=1 streak=0
[2026-09-14T10:56:44.866Z] batch=field-waveform-1789383394888-2 D4 MODE_SWITCH_START state=MODE_SWITCHING attempts=1 streak=0 attempt=1
[2026-09-14T10:56:44.871Z] batch=field-waveform-1789383394888-2 D4 MODE_SWITCH_OK state=MODE_SWITCH_OK attempts=1 streak=0
[2026-09-14T10:56:44.873Z] batch=field-waveform-1789383394888-2 D3 MODE_SWITCH_START state=MODE_SWITCHING attempts=1 streak=0 attempt=1
[2026-09-14T10:56:44.874Z] batch=field-waveform-1789383394888-2 D3 MODE_SWITCH_OK state=MODE_SWITCH_OK attempts=1 streak=0
[2026-09-14T10:56:44.875Z] batch=field-waveform-1789383394888-2 D5 MODE_SWITCH_START state=MODE_SWITCHING attempts=1 streak=0 attempt=1
[2026-09-14T10:56:44.876Z] batch=field-waveform-1789383394888-2 D5 MODE_SWITCH_OK state=MODE_SWITCH_OK attempts=1 streak=0
[2026-09-14T10:56:45.154Z] batch=field-waveform-1789383394888-2 D6 MODE_SWITCH_START state=MODE_SWITCHING attempts=1 streak=0 attempt=1
[2026-09-14T10:56:45.155Z] batch=field-waveform-1789383394888-2 D6 MODE_SWITCH_OK state=MODE_SWITCH_OK attempts=1 streak=0
[2026-09-14T10:56:54.579Z] batch=field-waveform-1789383394888-2 D1 MODE_SWITCH_START state=MODE_SWITCHING attempts=1 streak=0 attempt=1
[2026-09-14T10:56:54.580Z] batch=field-waveform-1789383394888-2 D1 MODE_SWITCH_OK state=MODE_SWITCH_OK attempts=1 streak=0
[2026-09-14T10:56:54.582Z] batch=field-waveform-1789383394888-2 D2 MODE_SWITCH_START state=MODE_SWITCHING attempts=1 streak=0 attempt=1
[2026-09-14T10:56:54.583Z] batch=field-waveform-1789383394888-2 D2 MODE_SWITCH_OK state=MODE_SWITCH_OK attempts=1 streak=0
[2026-09-14T10:56:54.885Z] batch=field-waveform-1789383394888-2 D4 MODE_SWITCH_START state=MODE_SWITCHING attempts=1 streak=0 attempt=1
[2026-09-14T10:56:54.889Z] batch=field-waveform-1789383394888-2 D4 MODE_SWITCH_OK state=MODE_SWITCH_OK attempts=1 streak=0
[2026-09-14T10:56:54.891Z] batch=field-waveform-1789383394888-2 D3 MODE_SWITCH_START state=MODE_SWITCHING attempts=1 streak=0 attempt=1
[2026-09-14T10:56:54.895Z] batch=field-waveform-1789383394888-2 D3 MODE_SWITCH_OK state=MODE_SWITCH_OK attempts=1 streak=0
[2026-09-14T10:56:54.897Z] batch=field-waveform-1789383394888-2 D5 MODE_SWITCH_START state=MODE_SWITCHING attempts=1 streak=0 attempt=1
[2026-09-14T10:56:54.901Z] batch=field-waveform-1789383394888-2 D5 MODE_SWITCH_OK state=MODE_SWITCH_OK attempts=1 streak=0
[2026-09-14T10:56:55.160Z] batch=field-waveform-1789383394888-2 D6 MODE_SWITCH_START state=MODE_SWITCHING attempts=1 streak=0 attempt=1
[2026-09-14T10:56:55.163Z] batch=field-waveform-1789383394888-2 D6 MODE_SWITCH_OK state=MODE_SWITCH_OK attempts=1 streak=0
[2026-09-14T10:57:04.592Z] batch=field-waveform-1789383394888-2 D1 MODE_SWITCH_START state=MODE_SWITCHING attempts=1 streak=0 attempt=1
[2026-09-14T10:57:04.594Z] batch=field-waveform-1789383394888-2 D1 MODE_SWITCH_OK state=MODE_SWITCH_OK attempts=1 streak=0
[2026-09-14T10:57:04.595Z] batch=field-waveform-1789383394888-2 D2 MODE_SWITCH_START state=MODE_SWITCHING attempts=1 streak=0 attempt=1
[2026-09-14T10:57:04.596Z] batch=field-waveform-1789383394888-2 D2 MODE_SWITCH_OK state=MODE_SWITCH_OK attempts=1 streak=0
[2026-09-14T10:57:04.902Z] batch=field-waveform-1789383394888-2 D4 MODE_SWITCH_START state=MODE_SWITCHING attempts=1 streak=0 attempt=1
[2026-09-14T10:57:04.904Z] batch=field-waveform-1789383394888-2 D4 MODE_SWITCH_OK state=MODE_SWITCH_OK attempts=1 streak=0
[2026-09-14T10:57:04.906Z] batch=field-waveform-1789383394888-2 D3 MODE_SWITCH_START state=MODE_SWITCHING attempts=1 streak=0 attempt=1
[2026-09-14T10:57:04.909Z] batch=field-waveform-1789383394888-2 D3 MODE_SWITCH_OK state=MODE_SWITCH_OK attempts=1 streak=0
[2026-09-14T10:57:04.910Z] batch=field-waveform-1789383394888-2 D5 MODE_SWITCH_START state=MODE_SWITCHING attempts=1 streak=0 attempt=1
[2026-09-14T10:57:04.912Z] batch=field-waveform-1789383394888-2 D5 MODE_SWITCH_OK state=MODE_SWITCH_OK attempts=1 streak=0
[2026-09-14T10:57:05.179Z] batch=field-waveform-1789383394888-2 D6 MODE_SWITCH_START state=MODE_SWITCHING attempts=1 streak=0 attempt=1
[2026-09-14T10:57:05.180Z] batch=field-waveform-1789383394888-2 D6 MODE_SWITCH_OK state=MODE_SWITCH_OK attempts=1 streak=0
[2026-09-14T10:57:13.540Z] batch=field-waveform-1789383433538-3 D1 MODE_SWITCH_START state=MODE_SWITCHING attempts=1 streak=0 attempt=1
[2026-09-14T10:57:13.542Z] batch=field-waveform-1789383433538-3 D2 MODE_SWITCH_START state=MODE_SWITCHING attempts=1 streak=0 attempt=1
[2026-09-14T10:57:13.544Z] batch=field-waveform-1789383433538-3 D3 MODE_SWITCH_START state=MODE_SWITCHING attempts=1 streak=0 attempt=1
[2026-09-14T10:57:13.545Z] batch=field-waveform-1789383433538-3 D4 MODE_SWITCH_START state=MODE_SWITCHING attempts=1 streak=0 attempt=1
[2026-09-14T10:57:13.546Z] batch=field-waveform-1789383433538-3 D5 MODE_SWITCH_START state=MODE_SWITCHING attempts=1 streak=0 attempt=1
[2026-09-14T10:57:13.547Z] batch=field-waveform-1789383433538-3 D6 MODE_SWITCH_START state=MODE_SWITCHING attempts=1 streak=0 attempt=1
[2026-09-14T10:57:13.550Z] batch=field-waveform-1789383433538-3 D1 MODE_SWITCH_OK state=MODE_SWITCH_OK attempts=1 streak=0
[2026-09-14T10:57:13.553Z] batch=field-waveform-1789383433538-3 D2 MODE_SWITCH_OK state=MODE_SWITCH_OK attempts=1 streak=0
[2026-09-14T10:57:13.557Z] batch=field-waveform-1789383433538-3 D3 MODE_SWITCH_OK state=MODE_SWITCH_OK attempts=1 streak=0
[2026-09-14T10:57:13.558Z] batch=field-waveform-1789383433538-3 D4 MODE_SWITCH_OK state=MODE_SWITCH_OK attempts=1 streak=0
[2026-09-14T10:57:13.559Z] batch=field-waveform-1789383433538-3 D5 MODE_SWITCH_OK state=MODE_SWITCH_OK attempts=1 streak=0
[2026-09-14T10:57:13.560Z] batch=field-waveform-1789383433538-3 D6 MODE_SWITCH_OK state=MODE_SWITCH_OK attempts=1 streak=0
[2026-09-14T10:57:14.610Z] batch=field-waveform-1789383433538-3 D1 MODE_SWITCH_START state=MODE_SWITCHING attempts=1 streak=0 attempt=1
[2026-09-14T10:57:14.612Z] batch=field-waveform-1789383433538-3 D1 MODE_SWITCH_OK state=MODE_SWITCH_OK attempts=1 streak=0
[2026-09-14T10:57:14.614Z] batch=field-waveform-1789383433538-3 D2 MODE_SWITCH_START state=MODE_SWITCHING attempts=1 streak=0 attempt=1
[2026-09-14T10:57:14.616Z] batch=field-waveform-1789383433538-3 D2 MODE_SWITCH_OK state=MODE_SWITCH_OK attempts=1 streak=0
[2026-09-14T10:57:14.912Z] batch=field-waveform-1789383433538-3 D4 MODE_SWITCH_START state=MODE_SWITCHING attempts=1 streak=0 attempt=1
[2026-09-14T10:57:14.915Z] batch=field-waveform-1789383433538-3 D4 MODE_SWITCH_OK state=MODE_SWITCH_OK attempts=1 streak=0
[2026-09-14T10:57:14.916Z] batch=field-waveform-1789383433538-3 D3 MODE_SWITCH_START state=MODE_SWITCHING attempts=1 streak=0 attempt=1
[2026-09-14T10:57:14.919Z] batch=field-waveform-1789383433538-3 D3 MODE_SWITCH_OK state=MODE_SWITCH_OK attempts=1 streak=0
[2026-09-14T10:57:14.922Z] batch=field-waveform-1789383433538-3 D5 MODE_SWITCH_START state=MODE_SWITCHING attempts=1 streak=0 attempt=1
[2026-09-14T10:57:14.926Z] batch=field-waveform-1789383433538-3 D5 MODE_SWITCH_OK state=MODE_SWITCH_OK attempts=1 streak=0
[2026-09-14T10:57:15.193Z] batch=field-waveform-1789383433538-3 D6 MODE_SWITCH_START state=MODE_SWITCHING attempts=1 streak=0 attempt=1
[2026-09-14T10:57:15.195Z] batch=field-waveform-1789383433538-3 D6 MODE_SWITCH_OK state=MODE_SWITCH_OK attempts=1 streak=0
[2026-09-14T10:57:24.616Z] batch=field-waveform-1789383433538-3 D1 MODE_SWITCH_START state=MODE_SWITCHING attempts=1 streak=0 attempt=1
[2026-09-14T10:57:24.619Z] batch=field-waveform-1789383433538-3 D1 MODE_SWITCH_OK state=MODE_SWITCH_OK attempts=1 streak=0
[2026-09-14T10:57:24.621Z] batch=field-waveform-1789383433538-3 D2 MODE_SWITCH_START state=MODE_SWITCHING attempts=1 streak=0 attempt=1
[2026-09-14T10:57:24.623Z] batch=field-waveform-1789383433538-3 D2 MODE_SWITCH_OK state=MODE_SWITCH_OK attempts=1 streak=0
[2026-09-14T10:57:24.922Z] batch=field-waveform-1789383433538-3 D4 MODE_SWITCH_START state=MODE_SWITCHING attempts=1 streak=0 attempt=1
[2026-09-14T10:57:24.926Z] batch=field-waveform-1789383433538-3 D4 MODE_SWITCH_OK state=MODE_SWITCH_OK attempts=1 streak=0
[2026-09-14T10:57:24.928Z] batch=field-waveform-1789383433538-3 D3 MODE_SWITCH_START state=MODE_SWITCHING attempts=1 streak=0 attempt=1
[2026-09-14T10:57:24.932Z] batch=field-waveform-1789383433538-3 D3 MODE_SWITCH_OK state=MODE_SWITCH_OK attempts=1 streak=0
[2026-09-14T10:57:24.935Z] batch=field-waveform-1789383433538-3 D5 MODE_SWITCH_START state=MODE_SWITCHING attempts=1 streak=0 attempt=1
[2026-09-14T10:57:24.940Z] batch=field-waveform-1789383433538-3 D5 MODE_SWITCH_OK state=MODE_SWITCH_OK attempts=1 streak=0
[2026-09-14T10:57:25.201Z] batch=field-waveform-1789383433538-3 D6 MODE_SWITCH_START state=MODE_SWITCHING attempts=1 streak=0 attempt=1
[2026-09-14T10:57:25.208Z] batch=field-waveform-1789383433538-3 D6 MODE_SWITCH_OK state=MODE_SWITCH_OK attempts=1 streak=0
