[2026-09-14T03:18:58.917Z] batch=field-waveform-1789355775202-7 D4 MODE_SWITCH_START state=MODE_SWITCHING attempts=1 streak=0 attempt=1
[2026-09-14T03:18:58.918Z] batch=field-waveform-1789355775202-7 D4 MODE_SWITCH_OK state=MODE_SWITCH_OK attempts=1 streak=0
[2026-09-14T03:18:58.922Z] batch=field-waveform-1789355775202-7 D2 MODE_SWITCH_START state=MODE_SWITCHING attempts=1 streak=0 attempt=1
[2026-09-14T03:18:58.923Z] batch=field-waveform-1789355775202-7 D2 MODE_SWITCH_OK state=MODE_SWITCH_OK attempts=1 streak=0
[2026-09-14T03:18:58.927Z] batch=field-waveform-1789355775202-7 D6 MODE_SWITCH_START state=MODE_SWITCHING attempts=1 streak=0 attempt=1
[2026-09-14T03:18:58.928Z] batch=field-waveform-1789355775202-7 D6 MODE_SWITCH_OK state=MODE_SWITCH_OK attempts=1 streak=0
[2026-09-14T03:18:58.932Z] batch=field-waveform-1789355775202-7 D3 MODE_SWITCH_START state=MODE_SWITCHING attempts=1 streak=0 attempt=1
[2026-09-14T03:18:58.933Z] batch=field-waveform-1789355775202-7 D3 MODE_SWITCH_OK state=MODE_SWITCH_OK attempts=1 streak=0
[2026-09-14T03:18:58.938Z] batch=field-waveform-1789355775202-7 D1 MODE_SWITCH_START state=MODE_SWITCHING attempts=1 streak=0 attempt=1
[2026-09-14T03:18:58.938Z] batch=field-waveform-1789355775202-7 D1 MODE_SWITCH_OK state=MODE_SWITCH_OK attempts=1 streak=0
[2026-09-14T03:18:59.268Z] batch=field-waveform-1789355775202-7 D5 MODE_SWITCH_START state=MODE_SWITCHING attempts=1 streak=0 attempt=1
[2026-09-14T03:18:59.270Z] batch=field-waveform-1789355775202-7 D5 MODE_SWITCH_OK state=MODE_SWITCH_OK attempts=1 streak=0
[2026-09-14T03:19:09.010Z] batch=field-waveform-1789355775202-7 D4 MODE_SWITCH_START state=MODE_SWITCHING attempts=1 streak=0 attempt=1
[2026-09-14T03:19:09.012Z] batch=field-waveform-1789355775202-7 D4 MODE_SWITCH_OK state=MODE_SWITCH_OK attempts=1 streak=0
[2026-09-14T03:19:09.017Z] batch=field-waveform-1789355775202-7 D2 MODE_SWITCH_START state=MODE_SWITCHING attempts=1 streak=0 attempt=1
[2026-09-14T03:19:09.018Z] batch=field-waveform-1789355775202-7 D2 MODE_SWITCH_OK state=MODE_SWITCH_OK attempts=1 streak=0
[2026-09-14T03:19:09.026Z] batch=field-waveform-1789355775202-7 D6 MODE_SWITCH_START state=MODE_SWITCHING attempts=1 streak=0 attempt=1
[2026-09-14T03:19:09.027Z] batch=field-waveform-1789355775202-7 D6 MODE_SWITCH_OK state=MODE_SWITCH_OK attempts=1 streak=0
[2026-09-14T03:19:09.031Z] batch=field-waveform-1789355775202-7 D3 MODE_SWITCH_START state=MODE_SWITCHING attempts=1 streak=0 attempt=1
[2026-09-14T03:19:09.032Z] batch=field-waveform-1789355775202-7 D3 MODE_SWITCH_OK state=MODE_SWITCH_OK attempts=1 streak=0
[2026-09-14T03:19:09.036Z] batch=field-waveform-1789355775202-7 D1 MODE_SWITCH_START state=MODE_SWITCHING attempts=1 streak=0 attempt=1
[2026-09-14T03:19:09.038Z] batch=field-waveform-1789355775202-7 D1 MODE_SWITCH_OK state=MODE_SWITCH_OK attempts=1 streak=0
[2026-09-14T03:19:09.467Z] batch=field-waveform-1789355775202-7 D5 MODE_SWITCH_START state=MODE_SWITCHING attempts=1 streak=0 attempt=1
[2026-09-14T03:19:09.469Z] batch=field-waveform-1789355775202-7 D5 MODE_SWITCH_OK state=MODE_SWITCH_OK attempts=1 streak=0
[2026-09-14T03:19:19.206Z] batch=field-waveform-1789355775202-7 D4 MODE_SWITCH_START state=MODE_SWITCHING attempts=1 streak=0 attempt=1
[2026-09-14T03:19:19.208Z] batch=field-waveform-1789355775202-7 D4 MODE_SWITCH_OK state=MODE_SWITCH_OK attempts=1 streak=0
[2026-09-14T03:19:19.213Z] batch=field-waveform-1789355775202-7 D2 MODE_SWITCH_START state=MODE_SWITCHING attempts=1 streak=0 attempt=1
[2026-09-14T03:19:19.217Z] batch=field-waveform-1789355775202-7 D2 MODE_SWITCH_OK state=MODE_SWITCH_OK attempts=1 streak=0
[2026-09-14T03:19:19.222Z] batch=field-waveform-1789355775202-7 D6 MODE_SWITCH_START state=MODE_SWITCHING attempts=1 streak=0 attempt=1
[2026-09-14T03:19:19.223Z] batch=field-waveform-1789355775202-7 D6 MODE_SWITCH_OK state=MODE_SWITCH_OK attempts=1 streak=0
[2026-09-14T03:19:19.228Z] batch=field-waveform-1789355775202-7 D3 MODE_SWITCH_START state=MODE_SWITCHING attempts=1 streak=0 attempt=1
[2026-09-14T03:19:19.229Z] batch=field-waveform-1789355775202-7 D3 MODE_SWITCH_OK state=MODE_SWITCH_OK attempts=1 streak=0
[2026-09-14T03:19:19.237Z] batch=field-waveform-1789355775202-7 D1 MODE_SWITCH_START state=MODE_SWITCHING attempts=1 streak=0 attempt=1
[2026-09-14T03:19:19.238Z] batch=field-waveform-1789355775202-7 D1 MODE_SWITCH_OK state=MODE_SWITCH_OK attempts=1 streak=0
[2026-09-14T03:19:19.667Z] batch=field-waveform-1789355775202-7 D5 MODE_SWITCH_START state=MODE_SWITCHING attempts=1 streak=0 attempt=1
[2026-09-14T03:19:19.668Z] batch=field-waveform-1789355775202-7 D5 MODE_SWITCH_OK state=MODE_SWITCH_OK attempts=1 streak=0
[2026-09-14T03:19:29.490Z] batch=field-waveform-1789355775202-7 D4 MODE_SWITCH_START state=MODE_SWITCHING attempts=1 streak=0 attempt=1
[2026-09-14T03:19:29.492Z] batch=field-waveform-1789355775202-7 D4 MODE_SWITCH_OK state=MODE_SWITCH_OK attempts=1 streak=0
[2026-09-14T03:19:29.497Z] batch=field-waveform-1789355775202-7 D2 MODE_SWITCH_START state=MODE_SWITCHING attempts=1 streak=0 attempt=1
[2026-09-14T03:19:29.498Z] batch=field-waveform-1789355775202-7 D2 MODE_SWITCH_OK state=MODE_SWITCH_OK attempts=1 streak=0
[2026-09-14T03:19:29.502Z] batch=field-waveform-1789355775202-7 D6 MODE_SWITCH_START state=MODE_SWITCHING attempts=1 streak=0 attempt=1
[2026-09-14T03:19:29.503Z] batch=field-waveform-1789355775202-7 D6 MODE_SWITCH_OK state=MODE_SWITCH_OK attempts=1 streak=0
[2026-09-14T03:19:29.508Z] batch=field-waveform-1789355775202-7 D3 MODE_SWITCH_START state=MODE_SWITCHING attempts=1 streak=0 attempt=1
[2026-09-14T03:19:29.509Z] batch=field-waveform-1789355775202-7 D3 MODE_SWITCH_OK state=MODE_SWITCH_OK attempts=1 streak=0
[2026-09-14T03:19:29.513Z] batch=field-waveform-1789355775202-7 D1 MODE_SWITCH_START state=MODE_SWITCHING attempts=1 streak=0 attempt=1
[2026-09-14T03:19:29.514Z] batch=field-waveform-1789355775202-7 D1 MODE_SWITCH_OK state=MODE_SWITCH_OK attempts=1 streak=0
[2026-09-14T03:19:29.692Z] batch=field-waveform-1789355775202-7 D5 MODE_SWITCH_START state=MODE_SWITCHING attempts=1 streak=0 attempt=1
[2026-09-14T03:19:29.693Z] batch=field-waveform-1789355775202-7 D5 MODE_SWITCH_OK state=MODE_SWITCH_OK attempts=1 streak=0
[2026-09-14T03:19:39.617Z] batch=field-waveform-1789355775202-7 D4 MODE_SWITCH_START state=MODE_SWITCHING attempts=1 streak=0 attempt=1
[2026-09-14T03:19:39.619Z] batch=field-waveform-1789355775202-7 D4 MODE_SWITCH_OK state=MODE_SWITCH_OK attempts=1 streak=0
[2026-09-14T03:19:39.623Z] batch=field-waveform-1789355775202-7 D2 MODE_SWITCH_START state=MODE_SWITCHING attempts=1 streak=0 attempt=1
[2026-09-14T03:19:39.624Z] batch=field-waveform-1789355775202-7 D2 MODE_SWITCH_OK state=MODE_SWITCH_OK attempts=1 streak=0
[2026-09-14T03:19:39.630Z] batch=field-waveform-1789355775202-7 D6 MODE_SWITCH_START state=MODE_SWITCHING attempts=1 streak=0 attempt=1
[2026-09-14T03:19:39.630Z] batch=field-waveform-1789355775202-7 D6 MODE_SWITCH_OK state=MODE_SWITCH_OK attempts=1 streak=0
[2026-09-14T03:19:39.637Z] batch=field-waveform-1789355775202-7 D3 MODE_SWITCH_START state=MODE_SWITCHING attempts=1 streak=0 attempt=1
[2026-09-14T03:19:39.639Z] batch=field-waveform-1789355775202-7 D3 MODE_SWITCH_OK state=MODE_SWITCH_OK attempts=1 streak=0
[2026-09-14T03:19:39.644Z] batch=field-waveform-1789355775202-7 D1 MODE_SWITCH_START state=MODE_SWITCHING attempts=1 streak=0 attempt=1
[2026-09-14T03:19:39.645Z] batch=field-waveform-1789355775202-7 D1 MODE_SWITCH_OK state=MODE_SWITCH_OK attempts=1 streak=0
[2026-09-14T03:19:39.888Z] batch=field-waveform-1789355775202-7 D5 MODE_SWITCH_START state=MODE_SWITCHING attempts=1 streak=0 attempt=1
[2026-09-14T03:19:39.888Z] batch=field-waveform-1789355775202-7 D5 MODE_SWITCH_OK state=MODE_SWITCH_OK attempts=1 streak=0
[2026-09-14T03:19:46.878Z] batch=field-waveform-1789355986876-8 D1 MODE_SWITCH_START state=MODE_SWITCHING attempts=1 streak=0 attempt=1
[2026-09-14T03:19:46.879Z] batch=field-waveform-1789355986876-8 D2 MODE_SWITCH_START state=MODE_SWITCHING attempts=1 streak=0 attempt=1
[2026-09-14T03:19:46.879Z] batch=field-waveform-1789355986876-8 D3 MODE_SWITCH_START state=MODE_SWITCHING attempts=1 streak=0 attempt=1
[2026-09-14T03:19:46.880Z] batch=field-waveform-1789355986876-8 D4 MODE_SWITCH_START state=MODE_SWITCHING attempts=1 streak=0 attempt=1
[2026-09-14T03:19:46.880Z] batch=field-waveform-1789355986876-8 D5 MODE_SWITCH_START state=MODE_SWITCHING attempts=1 streak=0 attempt=1
[2026-09-14T03:19:46.881Z] batch=field-waveform-1789355986876-8 D6 MODE_SWITCH_START state=MODE_SWITCHING attempts=1 streak=0 attempt=1
[2026-09-14T03:19:46.883Z] batch=field-waveform-1789355986876-8 D1 MODE_SWITCH_OK state=MODE_SWITCH_OK attempts=1 streak=0
[2026-09-14T03:19:46.883Z] batch=field-waveform-1789355986876-8 D2 MODE_SWITCH_OK state=MODE_SWITCH_OK attempts=1 streak=0
[2026-09-14T03:19:46.884Z] batch=field-waveform-1789355986876-8 D3 MODE_SWITCH_OK state=MODE_SWITCH_OK attempts=1 streak=0
[2026-09-14T03:19:46.884Z] batch=field-waveform-1789355986876-8 D4 MODE_SWITCH_OK state=MODE_SWITCH_OK attempts=1 streak=0
[2026-09-14T03:19:46.885Z] batch=field-waveform-1789355986876-8 D5 MODE_SWITCH_OK state=MODE_SWITCH_OK attempts=1 streak=0
[2026-09-14T03:19:46.885Z] batch=field-waveform-1789355986876-8 D6 MODE_SWITCH_OK state=MODE_SWITCH_OK attempts=1 streak=0
[2026-09-14T03:19:49.622Z] batch=field-waveform-1789355986876-8 D4 MODE_SWITCH_START state=MODE_SWITCHING attempts=1 streak=0 attempt=1
[2026-09-14T03:19:49.624Z] batch=field-waveform-1789355986876-8 D4 MODE_SWITCH_OK state=MODE_SWITCH_OK attempts=1 streak=0
[2026-09-14T03:19:49.625Z] batch=field-waveform-1789355986876-8 D2 MODE_SWITCH_START state=MODE_SWITCHING attempts=1 streak=0 attempt=1
[2026-09-14T03:19:49.626Z] batch=field-waveform-1789355986876-8 D2 MODE_SWITCH_OK state=MODE_SWITCH_OK attempts=1 streak=0
[2026-09-14T03:19:49.634Z] batch=field-waveform-1789355986876-8 D6 MODE_SWITCH_START state=MODE_SWITCHING attempts=1 streak=0 attempt=1
[2026-09-14T03:19:49.648Z] batch=field-waveform-1789355986876-8 D6 MODE_SWITCH_OK state=MODE_SWITCH_OK attempts=1 streak=0
[2026-09-14T03:19:49.650Z] batch=field-waveform-1789355986876-8 D3 MODE_SWITCH_START state=MODE_SWITCHING attempts=1 streak=0 attempt=1
[2026-09-14T03:19:49.658Z] batch=field-waveform-1789355986876-8 D3 MODE_SWITCH_OK state=MODE_SWITCH_OK attempts=1 streak=0
[2026-09-14T03:19:49.661Z] batch=field-waveform-1789355986876-8 D1 MODE_SWITCH_START state=MODE_SWITCHING attempts=1 streak=0 attempt=1
[2026-09-14T03:19:49.663Z] batch=field-waveform-1789355986876-8 D1 MODE_SWITCH_OK state=MODE_SWITCH_OK attempts=1 streak=0
[2026-09-14T03:19:49.900Z] batch=field-waveform-1789355986876-8 D5 MODE_SWITCH_START state=MODE_SWITCHING attempts=1 streak=0 attempt=1
[2026-09-14T03:19:49.902Z] batch=field-waveform-1789355986876-8 D5 MODE_SWITCH_OK state=MODE_SWITCH_OK attempts=1 streak=0
[2026-09-14T03:19:59.626Z] batch=field-waveform-1789355986876-8 D4 MODE_SWITCH_START state=MODE_SWITCHING attempts=1 streak=0 attempt=1
[2026-09-14T03:19:59.633Z] batch=field-waveform-1789355986876-8 D4 MODE_SWITCH_OK state=MODE_SWITCH_OK attempts=1 streak=0
[2026-09-14T03:19:59.634Z] batch=field-waveform-1789355986876-8 D2 MODE_SWITCH_START state=MODE_SWITCHING attempts=1 streak=0 attempt=1
[2026-09-14T03:19:59.635Z] batch=field-waveform-1789355986876-8 D2 MODE_SWITCH_OK state=MODE_SWITCH_OK attempts=1 streak=0
[2026-09-14T03:19:59.656Z] batch=field-waveform-1789355986876-8 D6 MODE_SWITCH_START state=MODE_SWITCHING attempts=1 streak=0 attempt=1
[2026-09-14T03:19:59.657Z] batch=field-waveform-1789355986876-8 D6 MODE_SWITCH_OK state=MODE_SWITCH_OK attempts=1 streak=0
[2026-09-14T03:19:59.658Z] batch=field-waveform-1789355986876-8 D3 MODE_SWITCH_START state=MODE_SWITCHING attempts=1 streak=0 attempt=1
[2026-09-14T03:19:59.659Z] batch=field-waveform-1789355986876-8 D3 MODE_SWITCH_OK state=MODE_SWITCH_OK attempts=1 streak=0
[2026-09-14T03:19:59.671Z] batch=field-waveform-1789355986876-8 D1 MODE_SWITCH_START state=MODE_SWITCHING attempts=1 streak=0 attempt=1
[2026-09-14T03:19:59.675Z] batch=field-waveform-1789355986876-8 D1 MODE_SWITCH_OK state=MODE_SWITCH_OK attempts=1 streak=0
[2026-09-14T03:19:59.903Z] batch=field-waveform-1789355986876-8 D5 MODE_SWITCH_START state=MODE_SWITCHING attempts=1 streak=0 attempt=1
[2026-09-14T03:19:59.904Z] batch=field-waveform-1789355986876-8 D5 MODE_SWITCH_OK state=MODE_SWITCH_OK attempts=1 streak=0
[2026-09-14T03:20:09.643Z] batch=field-waveform-1789355986876-8 D4 MODE_SWITCH_START state=MODE_SWITCHING attempts=1 streak=0 attempt=1
[2026-09-14T03:20:09.646Z] batch=field-waveform-1789355986876-8 D4 MODE_SWITCH_OK state=MODE_SWITCH_OK attempts=1 streak=0
[2026-09-14T03:20:09.648Z] batch=field-waveform-1789355986876-8 D2 MODE_SWITCH_START state=MODE_SWITCHING attempts=1 streak=0 attempt=1
[2026-09-14T03:20:09.650Z] batch=field-waveform-1789355986876-8 D2 MODE_SWITCH_OK state=MODE_SWITCH_OK attempts=1 streak=0
[2026-09-14T03:20:09.658Z] batch=field-waveform-1789355986876-8 D6 MODE_SWITCH_START state=MODE_SWITCHING attempts=1 streak=0 attempt=1
[2026-09-14T03:20:09.659Z] batch=field-waveform-1789355986876-8 D6 MODE_SWITCH_OK state=MODE_SWITCH_OK attempts=1 streak=0
[2026-09-14T03:20:09.673Z] batch=field-waveform-1789355986876-8 D3 MODE_SWITCH_START state=MODE_SWITCHING attempts=1 streak=0 attempt=1
[2026-09-14T03:20:09.673Z] batch=field-waveform-1789355986876-8 D3 MODE_SWITCH_OK state=MODE_SWITCH_OK attempts=1 streak=0
[2026-09-14T03:20:09.676Z] batch=field-waveform-1789355986876-8 D1 MODE_SWITCH_START state=MODE_SWITCHING attempts=1 streak=0 attempt=1
[2026-09-14T03:20:09.679Z] batch=field-waveform-1789355986876-8 D1 MODE_SWITCH_OK state=MODE_SWITCH_OK attempts=1 streak=0
[2026-09-14T03:20:09.905Z] batch=field-waveform-1789355986876-8 D5 MODE_SWITCH_START state=MODE_SWITCHING attempts=1 streak=0 attempt=1
[2026-09-14T03:20:09.907Z] batch=field-waveform-1789355986876-8 D5 MODE_SWITCH_OK state=MODE_SWITCH_OK attempts=1 streak=0
[2026-09-14T03:20:14.193Z] batch=field-waveform-1789356014191-9 D1 MODE_SWITCH_START state=MODE_SWITCHING attempts=1 streak=0 attempt=1
[2026-09-14T03:20:14.194Z] batch=field-waveform-1789356014191-9 D2 MODE_SWITCH_START state=MODE_SWITCHING attempts=1 streak=0 attempt=1
[2026-09-14T03:20:14.196Z] batch=field-waveform-1789356014191-9 D3 MODE_SWITCH_START state=MODE_SWITCHING attempts=1 streak=0 attempt=1
[2026-09-14T03:20:14.197Z] batch=field-waveform-1789356014191-9 D4 MODE_SWITCH_START state=MODE_SWITCHING attempts=1 streak=0 attempt=1
[2026-09-14T03:20:14.199Z] batch=field-waveform-1789356014191-9 D5 MODE_SWITCH_START state=MODE_SWITCHING attempts=1 streak=0 attempt=1
[2026-09-14T03:20:14.200Z] batch=field-waveform-1789356014191-9 D6 MODE_SWITCH_START state=MODE_SWITCHING attempts=1 streak=0 attempt=1
[2026-09-14T03:20:14.206Z] batch=field-waveform-1789356014191-9 D1 MODE_SWITCH_OK state=MODE_SWITCH_OK attempts=1 streak=0
[2026-09-14T03:20:14.207Z] batch=field-waveform-1789356014191-9 D2 MODE_SWITCH_OK state=MODE_SWITCH_OK attempts=1 streak=0
[2026-09-14T03:20:14.208Z] batch=field-waveform-1789356014191-9 D3 MODE_SWITCH_OK state=MODE_SWITCH_OK attempts=1 streak=0
[2026-09-14T03:20:14.209Z] batch=field-waveform-1789356014191-9 D4 MODE_SWITCH_OK state=MODE_SWITCH_OK attempts=1 streak=0
[2026-09-14T03:20:14.210Z] batch=field-waveform-1789356014191-9 D5 MODE_SWITCH_OK state=MODE_SWITCH_OK attempts=1 streak=0
[2026-09-14T03:20:14.210Z] batch=field-waveform-1789356014191-9 D6 MODE_SWITCH_OK state=MODE_SWITCH_OK attempts=1 streak=0
[2026-09-14T03:20:19.660Z] batch=field-waveform-1789356014191-9 D4 MODE_SWITCH_START state=MODE_SWITCHING attempts=1 streak=0 attempt=1
[2026-09-14T03:20:19.663Z] batch=field-waveform-1789356014191-9 D4 MODE_SWITCH_OK state=MODE_SWITCH_OK attempts=1 streak=0
[2026-09-14T03:20:19.663Z] batch=field-waveform-1789356014191-9 D2 MODE_SWITCH_START state=MODE_SWITCHING attempts=1 streak=0 attempt=1
[2026-09-14T03:20:19.665Z] batch=field-waveform-1789356014191-9 D2 MODE_SWITCH_OK state=MODE_SWITCH_OK attempts=1 streak=0
[2026-09-14T03:20:19.666Z] batch=field-waveform-1789356014191-9 D6 MODE_SWITCH_START state=MODE_SWITCHING attempts=1 streak=0 attempt=1
[2026-09-14T03:20:19.667Z] batch=field-waveform-1789356014191-9 D6 MODE_SWITCH_OK state=MODE_SWITCH_OK attempts=1 streak=0
[2026-09-14T03:20:19.675Z] batch=field-waveform-1789356014191-9 D3 MODE_SWITCH_START state=MODE_SWITCHING attempts=1 streak=0 attempt=1
[2026-09-14T03:20:19.677Z] batch=field-waveform-1789356014191-9 D3 MODE_SWITCH_OK state=MODE_SWITCH_OK attempts=1 streak=0
[2026-09-14T03:20:19.679Z] batch=field-waveform-1789356014191-9 D1 MODE_SWITCH_START state=MODE_SWITCHING attempts=1 streak=0 attempt=1
[2026-09-14T03:20:19.681Z] batch=field-waveform-1789356014191-9 D1 MODE_SWITCH_OK state=MODE_SWITCH_OK attempts=1 streak=0
[2026-09-14T03:20:19.923Z] batch=field-waveform-1789356014191-9 D5 MODE_SWITCH_START state=MODE_SWITCHING attempts=1 streak=0 attempt=1
[2026-09-14T03:20:19.928Z] batch=field-waveform-1789356014191-9 D5 MODE_SWITCH_OK state=MODE_SWITCH_OK attempts=1 streak=0
[2026-09-14T03:20:29.673Z] batch=field-waveform-1789356014191-9 D4 MODE_SWITCH_START state=MODE_SWITCHING attempts=1 streak=0 attempt=1
[2026-09-14T03:20:29.674Z] batch=field-waveform-1789356014191-9 D4 MODE_SWITCH_OK state=MODE_SWITCH_OK attempts=1 streak=0
[2026-09-14T03:20:29.676Z] batch=field-waveform-1789356014191-9 D2 MODE_SWITCH_START state=MODE_SWITCHING attempts=1 streak=0 attempt=1
[2026-09-14T03:20:29.677Z] batch=field-waveform-1789356014191-9 D2 MODE_SWITCH_OK state=MODE_SWITCH_OK attempts=1 streak=0
[2026-09-14T03:20:29.679Z] batch=field-waveform-1789356014191-9 D6 MODE_SWITCH_START state=MODE_SWITCHING attempts=1 streak=0 attempt=1
[2026-09-14T03:20:29.680Z] batch=field-waveform-1789356014191-9 D6 MODE_SWITCH_OK state=MODE_SWITCH_OK attempts=1 streak=0
[2026-09-14T03:20:29.705Z] batch=field-waveform-1789356014191-9 D3 MODE_SWITCH_START state=MODE_SWITCHING attempts=1 streak=0 attempt=1
[2026-09-14T03:20:29.708Z] batch=field-waveform-1789356014191-9 D3 MODE_SWITCH_OK state=MODE_SWITCH_OK attempts=1 streak=0
[2026-09-14T03:20:29.709Z] batch=field-waveform-1789356014191-9 D1 MODE_SWITCH_START state=MODE_SWITCHING attempts=1 streak=0 attempt=1
[2026-09-14T03:20:29.709Z] batch=field-waveform-1789356014191-9 D1 MODE_SWITCH_OK state=MODE_SWITCH_OK attempts=1 streak=0
[2026-09-14T03:20:29.935Z] batch=field-waveform-1789356014191-9 D5 MODE_SWITCH_START state=MODE_SWITCHING attempts=1 streak=0 attempt=1
[2026-09-14T03:20:29.937Z] batch=field-waveform-1789356014191-9 D5 MODE_SWITCH_OK state=MODE_SWITCH_OK attempts=1 streak=0
[2026-09-14T03:20:39.678Z] batch=field-waveform-1789356014191-9 D4 MODE_SWITCH_START state=MODE_SWITCHING attempts=1 streak=0 attempt=1
[2026-09-14T03:20:39.679Z] batch=field-waveform-1789356014191-9 D4 MODE_SWITCH_OK state=MODE_SWITCH_OK attempts=1 streak=0
[2026-09-14T03:20:39.681Z] batch=field-waveform-1789356014191-9 D2 MODE_SWITCH_START state=MODE_SWITCHING attempts=1 streak=0 attempt=1
[2026-09-14T03:20:39.682Z] batch=field-waveform-1789356014191-9 D2 MODE_SWITCH_OK state=MODE_SWITCH_OK attempts=1 streak=0
[2026-09-14T03:20:39.683Z] batch=field-waveform-1789356014191-9 D6 MODE_SWITCH_START state=MODE_SWITCHING attempts=1 streak=0 attempt=1
[2026-09-14T03:20:39.684Z] batch=field-waveform-1789356014191-9 D6 MODE_SWITCH_OK state=MODE_SWITCH_OK attempts=1 streak=0
[2026-09-14T03:20:39.711Z] batch=field-waveform-1789356014191-9 D3 MODE_SWITCH_START state=MODE_SWITCHING attempts=1 streak=0 attempt=1
[2026-09-14T03:20:39.712Z] batch=field-waveform-1789356014191-9 D3 MODE_SWITCH_OK state=MODE_SWITCH_OK attempts=1 streak=0
[2026-09-14T03:20:39.713Z] batch=field-waveform-1789356014191-9 D1 MODE_SWITCH_START state=MODE_SWITCHING attempts=1 streak=0 attempt=1
[2026-09-14T03:20:39.714Z] batch=field-waveform-1789356014191-9 D1 MODE_SWITCH_OK state=MODE_SWITCH_OK attempts=1 streak=0
[2026-09-14T03:20:39.955Z] batch=field-waveform-1789356014191-9 D5 MODE_SWITCH_START state=MODE_SWITCHING attempts=1 streak=0 attempt=1
[2026-09-14T03:20:39.958Z] batch=field-waveform-1789356014191-9 D5 MODE_SWITCH_OK state=MODE_SWITCH_OK attempts=1 streak=0
[2026-09-14T03:20:44.720Z] batch=field-waveform-1789356014191-9 D2 FIRST_FRAME state=FIRST_FRAME_RECEIVED attempts=1 streak=1
[2026-09-14T03:20:44.721Z] batch=field-waveform-1789356014191-9 D2 FIRST_VALID_SAMPLE state=FIRST_FRAME_RECEIVED attempts=1 streak=1
[2026-09-14T03:20:44.723Z] batch=field-waveform-1789356014191-9 D6 FIRST_FRAME state=FIRST_FRAME_RECEIVED attempts=1 streak=1
[2026-09-14T03:20:44.723Z] batch=field-waveform-1789356014191-9 D6 FIRST_VALID_SAMPLE state=FIRST_FRAME_RECEIVED attempts=1 streak=1
[2026-09-14T03:20:44.744Z] batch=field-waveform-1789356014191-9 D3 FIRST_FRAME state=FIRST_FRAME_RECEIVED attempts=1 streak=1
[2026-09-14T03:20:44.745Z] batch=field-waveform-1789356014191-9 D3 FIRST_VALID_SAMPLE state=FIRST_FRAME_RECEIVED attempts=1 streak=1
[2026-09-14T03:20:44.764Z] batch=field-waveform-1789356014191-9 D4 FIRST_FRAME state=FIRST_FRAME_RECEIVED attempts=1 streak=1
[2026-09-14T03:20:44.764Z] batch=field-waveform-1789356014191-9 D4 FIRST_VALID_SAMPLE state=FIRST_FRAME_RECEIVED attempts=1 streak=1
[2026-09-14T03:20:44.801Z] batch=field-waveform-1789356014191-9 D1 FIRST_FRAME state=FIRST_FRAME_RECEIVED attempts=1 streak=1
[2026-09-14T03:20:44.801Z] batch=field-waveform-1789356014191-9 D1 FIRST_VALID_SAMPLE state=FIRST_FRAME_RECEIVED attempts=1 streak=1
[2026-09-14T03:20:44.971Z] batch=field-waveform-1789356014191-9 D6 CHANNEL_SYNC_OK state=TEST_READY attempts=1 streak=5
[2026-09-14T03:20:44.971Z] batch=field-waveform-1789356014191-9 D6 TEST_READY state=TEST_READY attempts=1 streak=5
[2026-09-14T03:20:44.979Z] batch=field-waveform-1789356014191-9 D2 CHANNEL_SYNC_OK state=TEST_READY attempts=1 streak=5
[2026-09-14T03:20:44.979Z] batch=field-waveform-1789356014191-9 D2 TEST_READY state=TEST_READY attempts=1 streak=5
[2026-09-14T03:20:45.008Z] batch=field-waveform-1789356014191-9 D5 FIRST_FRAME state=FIRST_FRAME_RECEIVED attempts=1 streak=1
[2026-09-14T03:20:45.009Z] batch=field-waveform-1789356014191-9 D5 FIRST_VALID_SAMPLE state=FIRST_FRAME_RECEIVED attempts=1 streak=1
[2026-09-14T03:20:45.013Z] batch=field-waveform-1789356014191-9 D3 CHANNEL_SYNC_OK state=TEST_READY attempts=1 streak=5
[2026-09-14T03:20:45.013Z] batch=field-waveform-1789356014191-9 D3 TEST_READY state=TEST_READY attempts=1 streak=5
[2026-09-14T03:20:45.074Z] batch=field-waveform-1789356014191-9 D4 CHANNEL_SYNC_OK state=TEST_READY attempts=1 streak=5
[2026-09-14T03:20:45.075Z] batch=field-waveform-1789356014191-9 D4 TEST_READY state=TEST_READY attempts=1 streak=5
[2026-09-14T03:20:45.084Z] batch=field-waveform-1789356014191-9 D1 CHANNEL_SYNC_OK state=TEST_READY attempts=1 streak=5
[2026-09-14T03:20:45.084Z] batch=field-waveform-1789356014191-9 D1 TEST_READY state=TEST_READY attempts=1 streak=5
[2026-09-14T03:20:45.252Z] batch=field-waveform-1789356014191-9 D5 CHANNEL_SYNC_OK state=TEST_READY attempts=1 streak=5
[2026-09-14T03:20:45.252Z] batch=field-waveform-1789356014191-9 D5 TEST_READY state=TEST_READY attempts=1 streak=5
[2026-09-14T03:21:51.909Z] batch=field-waveform-1789356014191-9 D1 MODE_SWITCH_START state=MODE_SWITCHING attempts=1 streak=0 attempt=1
[2026-09-14T03:21:51.910Z] batch=field-waveform-1789356014191-9 D1 MODE_SWITCH_OK state=MODE_SWITCH_OK attempts=1 streak=0
[2026-09-14T03:21:51.913Z] batch=field-waveform-1789356014191-9 D3 MODE_SWITCH_START state=MODE_SWITCHING attempts=1 streak=0 attempt=1
[2026-09-14T03:21:51.914Z] batch=field-waveform-1789356014191-9 D3 MODE_SWITCH_OK state=MODE_SWITCH_OK attempts=1 streak=0
[2026-09-14T03:21:51.916Z] batch=field-waveform-1789356014191-9 D4 MODE_SWITCH_START state=MODE_SWITCHING attempts=1 streak=0 attempt=1
[2026-09-14T03:21:51.917Z] batch=field-waveform-1789356014191-9 D4 MODE_SWITCH_OK state=MODE_SWITCH_OK attempts=1 streak=0
[2026-09-14T03:21:51.919Z] batch=field-waveform-1789356014191-9 D6 MODE_SWITCH_START state=MODE_SWITCHING attempts=1 streak=0 attempt=1
[2026-09-14T03:21:51.920Z] batch=field-waveform-1789356014191-9 D6 MODE_SWITCH_OK state=MODE_SWITCH_OK attempts=1 streak=0
[2026-09-14T03:21:51.922Z] batch=field-waveform-1789356014191-9 D2 MODE_SWITCH_START state=MODE_SWITCHING attempts=1 streak=0 attempt=1
[2026-09-14T03:21:51.923Z] batch=field-waveform-1789356014191-9 D2 MODE_SWITCH_OK state=MODE_SWITCH_OK attempts=1 streak=0
[2026-09-14T03:21:51.928Z] batch=field-waveform-1789356014191-9 D5 MODE_SWITCH_START state=MODE_SWITCHING attempts=1 streak=0 attempt=1
[2026-09-14T03:21:51.930Z] batch=field-waveform-1789356014191-9 D5 MODE_SWITCH_OK state=MODE_SWITCH_OK attempts=1 streak=0
[2026-09-14T03:22:01.961Z] batch=field-waveform-1789356014191-9 D1 MODE_SWITCH_START state=MODE_SWITCHING attempts=1 streak=0 attempt=1
[2026-09-14T03:22:01.962Z] batch=field-waveform-1789356014191-9 D1 MODE_SWITCH_OK state=MODE_SWITCH_OK attempts=1 streak=0
[2026-09-14T03:22:01.965Z] batch=field-waveform-1789356014191-9 D3 MODE_SWITCH_START state=MODE_SWITCHING attempts=1 streak=0 attempt=1
[2026-09-14T03:22:01.967Z] batch=field-waveform-1789356014191-9 D3 MODE_SWITCH_OK state=MODE_SWITCH_OK attempts=1 streak=0
[2026-09-14T03:22:01.969Z] batch=field-waveform-1789356014191-9 D4 MODE_SWITCH_START state=MODE_SWITCHING attempts=1 streak=0 attempt=1
[2026-09-14T03:22:01.970Z] batch=field-waveform-1789356014191-9 D4 MODE_SWITCH_OK state=MODE_SWITCH_OK attempts=1 streak=0
[2026-09-14T03:22:01.972Z] batch=field-waveform-1789356014191-9 D6 MODE_SWITCH_START state=MODE_SWITCHING attempts=1 streak=0 attempt=1
[2026-09-14T03:22:01.973Z] batch=field-waveform-1789356014191-9 D6 MODE_SWITCH_OK state=MODE_SWITCH_OK attempts=1 streak=0
[2026-09-14T03:22:01.975Z] batch=field-waveform-1789356014191-9 D2 MODE_SWITCH_START state=MODE_SWITCHING attempts=1 streak=0 attempt=1
[2026-09-14T03:22:01.976Z] batch=field-waveform-1789356014191-9 D2 MODE_SWITCH_OK state=MODE_SWITCH_OK attempts=1 streak=0
[2026-09-14T03:22:01.978Z] batch=field-waveform-1789356014191-9 D5 MODE_SWITCH_START state=MODE_SWITCHING attempts=1 streak=0 attempt=1
[2026-09-14T03:22:01.979Z] batch=field-waveform-1789356014191-9 D5 MODE_SWITCH_OK state=MODE_SWITCH_OK attempts=1 streak=0
[2026-09-14T03:22:07.122Z] batch=field-waveform-1789356014191-9 D2 FIRST_FRAME state=FIRST_FRAME_RECEIVED attempts=1 streak=1
[2026-09-14T03:22:07.122Z] batch=field-waveform-1789356014191-9 D2 FIRST_VALID_SAMPLE state=FIRST_FRAME_RECEIVED attempts=1 streak=1
[2026-09-14T03:22:07.124Z] batch=field-waveform-1789356014191-9 D4 FIRST_FRAME state=FIRST_FRAME_RECEIVED attempts=1 streak=1
[2026-09-14T03:22:07.124Z] batch=field-waveform-1789356014191-9 D4 FIRST_VALID_SAMPLE state=FIRST_FRAME_RECEIVED attempts=1 streak=1
[2026-09-14T03:22:07.126Z] batch=field-waveform-1789356014191-9 D3 FIRST_FRAME state=FIRST_FRAME_RECEIVED attempts=1 streak=1
[2026-09-14T03:22:07.126Z] batch=field-waveform-1789356014191-9 D3 FIRST_VALID_SAMPLE state=FIRST_FRAME_RECEIVED attempts=1 streak=1
[2026-09-14T03:22:07.127Z] batch=field-waveform-1789356014191-9 D5 FIRST_FRAME state=FIRST_FRAME_RECEIVED attempts=1 streak=1
[2026-09-14T03:22:07.128Z] batch=field-waveform-1789356014191-9 D5 FIRST_VALID_SAMPLE state=FIRST_FRAME_RECEIVED attempts=1 streak=1
[2026-09-14T03:22:07.129Z] batch=field-waveform-1789356014191-9 D1 FIRST_FRAME state=FIRST_FRAME_RECEIVED attempts=1 streak=1
[2026-09-14T03:22:07.129Z] batch=field-waveform-1789356014191-9 D1 FIRST_VALID_SAMPLE state=FIRST_FRAME_RECEIVED attempts=1 streak=1
[2026-09-14T03:22:07.130Z] batch=field-waveform-1789356014191-9 D6 FIRST_FRAME state=FIRST_FRAME_RECEIVED attempts=1 streak=1
[2026-09-14T03:22:07.131Z] batch=field-waveform-1789356014191-9 D6 FIRST_VALID_SAMPLE state=FIRST_FRAME_RECEIVED attempts=1 streak=1
[2026-09-14T03:22:07.383Z] batch=field-waveform-1789356014191-9 D2 CHANNEL_SYNC_OK state=TEST_READY attempts=1 streak=5
[2026-09-14T03:22:07.383Z] batch=field-waveform-1789356014191-9 D2 TEST_READY state=TEST_READY attempts=1 streak=5
[2026-09-14T03:22:07.390Z] batch=field-waveform-1789356014191-9 D4 CHANNEL_SYNC_OK state=TEST_READY attempts=1 streak=5
[2026-09-14T03:22:07.391Z] batch=field-waveform-1789356014191-9 D4 TEST_READY state=TEST_READY attempts=1 streak=5
[2026-09-14T03:22:07.405Z] batch=field-waveform-1789356014191-9 D3 CHANNEL_SYNC_OK state=TEST_READY attempts=1 streak=5
[2026-09-14T03:22:07.405Z] batch=field-waveform-1789356014191-9 D3 TEST_READY state=TEST_READY attempts=1 streak=5
[2026-09-14T03:22:07.421Z] batch=field-waveform-1789356014191-9 D5 CHANNEL_SYNC_OK state=TEST_READY attempts=1 streak=5
[2026-09-14T03:22:07.423Z] batch=field-waveform-1789356014191-9 D5 TEST_READY state=TEST_READY attempts=1 streak=5
[2026-09-14T03:22:07.427Z] batch=field-waveform-1789356014191-9 D1 CHANNEL_SYNC_OK state=TEST_READY attempts=1 streak=5
[2026-09-14T03:22:07.429Z] batch=field-waveform-1789356014191-9 D1 TEST_READY state=TEST_READY attempts=1 streak=5
[2026-09-14T03:22:07.433Z] batch=field-waveform-1789356014191-9 D6 CHANNEL_SYNC_OK state=TEST_READY attempts=1 streak=5
[2026-09-14T03:22:07.435Z] batch=field-waveform-1789356014191-9 D6 TEST_READY state=TEST_READY attempts=1 streak=5
