[2026-09-15T10:02:15.172Z] batch=field-waveform-1789466535172-11 D1 MODE_SWITCH_START state=MODE_SWITCHING attempts=1 streak=0 attempt=1
[2026-09-15T10:02:15.177Z] batch=field-waveform-1789466535172-11 D2 MODE_SWITCH_START state=MODE_SWITCHING attempts=1 streak=0 attempt=1
[2026-09-15T10:02:15.202Z] batch=field-waveform-1789466535172-11 D3 MODE_SWITCH_START state=MODE_SWITCHING attempts=1 streak=0 attempt=1
[2026-09-15T10:02:15.206Z] batch=field-waveform-1789466535172-11 D4 MODE_SWITCH_START state=MODE_SWITCHING attempts=1 streak=0 attempt=1
[2026-09-15T10:02:15.209Z] batch=field-waveform-1789466535172-11 D5 MODE_SWITCH_START state=MODE_SWITCHING attempts=1 streak=0 attempt=1
[2026-09-15T10:02:15.212Z] batch=field-waveform-1789466535172-11 D6 MODE_SWITCH_START state=MODE_SWITCHING attempts=1 streak=0 attempt=1
[2026-09-15T10:02:15.218Z] batch=field-waveform-1789466535172-11 D1 MODE_SWITCH_OK state=MODE_SWITCH_OK attempts=1 streak=0
[2026-09-15T10:02:15.220Z] batch=field-waveform-1789466535172-11 D2 MODE_SWITCH_OK state=MODE_SWITCH_OK attempts=1 streak=0
[2026-09-15T10:02:15.234Z] batch=field-waveform-1789466535172-11 D3 MODE_SWITCH_OK state=MODE_SWITCH_OK attempts=1 streak=0
[2026-09-15T10:02:15.235Z] batch=field-waveform-1789466535172-11 D4 MODE_SWITCH_OK state=MODE_SWITCH_OK attempts=1 streak=0
[2026-09-15T10:02:15.237Z] batch=field-waveform-1789466535172-11 D5 MODE_SWITCH_OK state=MODE_SWITCH_OK attempts=1 streak=0
[2026-09-15T10:02:15.239Z] batch=field-waveform-1789466535172-11 D6 MODE_SWITCH_OK state=MODE_SWITCH_OK attempts=1 streak=0
[2026-09-15T10:02:18.424Z] batch=field-waveform-1789466535172-11 D4 MODE_SWITCH_START state=MODE_SWITCHING attempts=1 streak=0 attempt=1
[2026-09-15T10:02:18.425Z] batch=field-waveform-1789466535172-11 D4 MODE_SWITCH_OK state=MODE_SWITCH_OK attempts=1 streak=0
[2026-09-15T10:02:18.426Z] batch=field-waveform-1789466535172-11 D6 MODE_SWITCH_START state=MODE_SWITCHING attempts=1 streak=0 attempt=1
[2026-09-15T10:02:18.427Z] batch=field-waveform-1789466535172-11 D6 MODE_SWITCH_OK state=MODE_SWITCH_OK attempts=1 streak=0
[2026-09-15T10:02:18.455Z] batch=field-waveform-1789466535172-11 D2 MODE_SWITCH_START state=MODE_SWITCHING attempts=1 streak=0 attempt=1
[2026-09-15T10:02:18.456Z] batch=field-waveform-1789466535172-11 D2 MODE_SWITCH_OK state=MODE_SWITCH_OK attempts=1 streak=0
[2026-09-15T10:02:18.456Z] batch=field-waveform-1789466535172-11 D3 MODE_SWITCH_START state=MODE_SWITCHING attempts=1 streak=0 attempt=1
[2026-09-15T10:02:18.457Z] batch=field-waveform-1789466535172-11 D3 MODE_SWITCH_OK state=MODE_SWITCH_OK attempts=1 streak=0
[2026-09-15T10:02:18.471Z] batch=field-waveform-1789466535172-11 D5 MODE_SWITCH_START state=MODE_SWITCHING attempts=1 streak=0 attempt=1
[2026-09-15T10:02:18.471Z] batch=field-waveform-1789466535172-11 D5 MODE_SWITCH_OK state=MODE_SWITCH_OK attempts=1 streak=0
[2026-09-15T10:02:18.485Z] batch=field-waveform-1789466535172-11 D1 MODE_SWITCH_START state=MODE_SWITCHING attempts=1 streak=0 attempt=1
[2026-09-15T10:02:18.488Z] batch=field-waveform-1789466535172-11 D1 MODE_SWITCH_OK state=MODE_SWITCH_OK attempts=1 streak=0
[2026-09-15T10:02:28.441Z] batch=field-waveform-1789466535172-11 D4 MODE_SWITCH_START state=MODE_SWITCHING attempts=1 streak=0 attempt=1
[2026-09-15T10:02:28.444Z] batch=field-waveform-1789466535172-11 D4 MODE_SWITCH_OK state=MODE_SWITCH_OK attempts=1 streak=0
[2026-09-15T10:02:28.446Z] batch=field-waveform-1789466535172-11 D6 MODE_SWITCH_START state=MODE_SWITCHING attempts=1 streak=0 attempt=1
[2026-09-15T10:02:28.447Z] batch=field-waveform-1789466535172-11 D6 MODE_SWITCH_OK state=MODE_SWITCH_OK attempts=1 streak=0
[2026-09-15T10:02:28.463Z] batch=field-waveform-1789466535172-11 D2 MODE_SWITCH_START state=MODE_SWITCHING attempts=1 streak=0 attempt=1
[2026-09-15T10:02:28.464Z] batch=field-waveform-1789466535172-11 D2 MODE_SWITCH_OK state=MODE_SWITCH_OK attempts=1 streak=0
[2026-09-15T10:02:28.465Z] batch=field-waveform-1789466535172-11 D3 MODE_SWITCH_START state=MODE_SWITCHING attempts=1 streak=0 attempt=1
[2026-09-15T10:02:28.465Z] batch=field-waveform-1789466535172-11 D3 MODE_SWITCH_OK state=MODE_SWITCH_OK attempts=1 streak=0
[2026-09-15T10:02:28.478Z] batch=field-waveform-1789466535172-11 D5 MODE_SWITCH_START state=MODE_SWITCHING attempts=1 streak=0 attempt=1
[2026-09-15T10:02:28.484Z] batch=field-waveform-1789466535172-11 D5 MODE_SWITCH_OK state=MODE_SWITCH_OK attempts=1 streak=0
[2026-09-15T10:02:28.493Z] batch=field-waveform-1789466535172-11 D1 MODE_SWITCH_START state=MODE_SWITCHING attempts=1 streak=0 attempt=1
[2026-09-15T10:02:28.497Z] batch=field-waveform-1789466535172-11 D1 MODE_SWITCH_OK state=MODE_SWITCH_OK attempts=1 streak=0
[2026-09-15T10:02:38.469Z] batch=field-waveform-1789466535172-11 D4 MODE_SWITCH_START state=MODE_SWITCHING attempts=1 streak=0 attempt=1
[2026-09-15T10:02:38.470Z] batch=field-waveform-1789466535172-11 D4 MODE_SWITCH_OK state=MODE_SWITCH_OK attempts=1 streak=0
[2026-09-15T10:02:38.470Z] batch=field-waveform-1789466535172-11 D6 MODE_SWITCH_START state=MODE_SWITCHING attempts=1 streak=0 attempt=1
[2026-09-15T10:02:38.471Z] batch=field-waveform-1789466535172-11 D6 MODE_SWITCH_OK state=MODE_SWITCH_OK attempts=1 streak=0
[2026-09-15T10:02:38.472Z] batch=field-waveform-1789466535172-11 D2 MODE_SWITCH_START state=MODE_SWITCHING attempts=1 streak=0 attempt=1
[2026-09-15T10:02:38.474Z] batch=field-waveform-1789466535172-11 D2 MODE_SWITCH_OK state=MODE_SWITCH_OK attempts=1 streak=0
[2026-09-15T10:02:38.475Z] batch=field-waveform-1789466535172-11 D3 MODE_SWITCH_START state=MODE_SWITCHING attempts=1 streak=0 attempt=1
[2026-09-15T10:02:38.476Z] batch=field-waveform-1789466535172-11 D3 MODE_SWITCH_OK state=MODE_SWITCH_OK attempts=1 streak=0
[2026-09-15T10:02:38.489Z] batch=field-waveform-1789466535172-11 D5 MODE_SWITCH_START state=MODE_SWITCHING attempts=1 streak=0 attempt=1
[2026-09-15T10:02:38.490Z] batch=field-waveform-1789466535172-11 D5 MODE_SWITCH_OK state=MODE_SWITCH_OK attempts=1 streak=0
[2026-09-15T10:02:38.506Z] batch=field-waveform-1789466535172-11 D1 MODE_SWITCH_START state=MODE_SWITCHING attempts=1 streak=0 attempt=1
[2026-09-15T10:02:38.508Z] batch=field-waveform-1789466535172-11 D1 MODE_SWITCH_OK state=MODE_SWITCH_OK attempts=1 streak=0
[2026-09-15T10:02:43.513Z] batch=field-waveform-1789466535172-11 D2 FIRST_FRAME state=FIRST_FRAME_RECEIVED attempts=1 streak=1
[2026-09-15T10:02:43.513Z] batch=field-waveform-1789466535172-11 D2 FIRST_VALID_SAMPLE state=FIRST_FRAME_RECEIVED attempts=1 streak=1
[2026-09-15T10:02:43.521Z] batch=field-waveform-1789466535172-11 D3 FIRST_FRAME state=FIRST_FRAME_RECEIVED attempts=1 streak=1
[2026-09-15T10:02:43.521Z] batch=field-waveform-1789466535172-11 D3 FIRST_VALID_SAMPLE state=FIRST_FRAME_RECEIVED attempts=1 streak=1
[2026-09-15T10:02:43.525Z] batch=field-waveform-1789466535172-11 D4 FIRST_FRAME state=FIRST_FRAME_RECEIVED attempts=1 streak=1
[2026-09-15T10:02:43.525Z] batch=field-waveform-1789466535172-11 D4 FIRST_VALID_SAMPLE state=FIRST_FRAME_RECEIVED attempts=1 streak=1
[2026-09-15T10:02:43.526Z] batch=field-waveform-1789466535172-11 D6 FIRST_FRAME state=FIRST_FRAME_RECEIVED attempts=1 streak=1
[2026-09-15T10:02:43.526Z] batch=field-waveform-1789466535172-11 D6 FIRST_VALID_SAMPLE state=FIRST_FRAME_RECEIVED attempts=1 streak=1
[2026-09-15T10:02:43.577Z] batch=field-waveform-1789466535172-11 D5 FIRST_FRAME state=FIRST_FRAME_RECEIVED attempts=1 streak=1
[2026-09-15T10:02:43.577Z] batch=field-waveform-1789466535172-11 D5 FIRST_VALID_SAMPLE state=FIRST_FRAME_RECEIVED attempts=1 streak=1
[2026-09-15T10:02:43.583Z] batch=field-waveform-1789466535172-11 D1 FIRST_FRAME state=FIRST_FRAME_RECEIVED attempts=1 streak=1
[2026-09-15T10:02:43.585Z] batch=field-waveform-1789466535172-11 D1 FIRST_VALID_SAMPLE state=FIRST_FRAME_RECEIVED attempts=1 streak=1
[2026-09-15T10:02:43.757Z] batch=field-waveform-1789466535172-11 D2 CHANNEL_SYNC_OK state=TEST_READY attempts=1 streak=5
[2026-09-15T10:02:43.757Z] batch=field-waveform-1789466535172-11 D2 TEST_READY state=TEST_READY attempts=1 streak=5
[2026-09-15T10:02:43.769Z] batch=field-waveform-1789466535172-11 D3 CHANNEL_SYNC_OK state=TEST_READY attempts=1 streak=5
[2026-09-15T10:02:43.769Z] batch=field-waveform-1789466535172-11 D3 TEST_READY state=TEST_READY attempts=1 streak=5
[2026-09-15T10:02:43.779Z] batch=field-waveform-1789466535172-11 D4 CHANNEL_SYNC_OK state=TEST_READY attempts=1 streak=5
[2026-09-15T10:02:43.779Z] batch=field-waveform-1789466535172-11 D4 TEST_READY state=TEST_READY attempts=1 streak=5
[2026-09-15T10:02:43.780Z] batch=field-waveform-1789466535172-11 D6 CHANNEL_SYNC_OK state=TEST_READY attempts=1 streak=5
[2026-09-15T10:02:43.781Z] batch=field-waveform-1789466535172-11 D6 TEST_READY state=TEST_READY attempts=1 streak=5
[2026-09-15T10:02:43.829Z] batch=field-waveform-1789466535172-11 D5 CHANNEL_SYNC_OK state=TEST_READY attempts=1 streak=5
[2026-09-15T10:02:43.829Z] batch=field-waveform-1789466535172-11 D5 TEST_READY state=TEST_READY attempts=1 streak=5
[2026-09-15T10:02:43.837Z] batch=field-waveform-1789466535172-11 D1 CHANNEL_SYNC_OK state=TEST_READY attempts=1 streak=5
[2026-09-15T10:02:43.838Z] batch=field-waveform-1789466535172-11 D1 TEST_READY state=TEST_READY attempts=1 streak=5
[2026-09-15T10:02:54.646Z] batch=field-waveform-1789466535172-11 D5 MODE_SWITCH_START state=MODE_SWITCHING attempts=1 streak=0 attempt=1
[2026-09-15T10:02:54.647Z] batch=field-waveform-1789466535172-11 D5 MODE_SWITCH_OK state=MODE_SWITCH_OK attempts=1 streak=0
[2026-09-15T10:02:54.649Z] batch=field-waveform-1789466535172-11 D3 MODE_SWITCH_START state=MODE_SWITCHING attempts=1 streak=0 attempt=1
[2026-09-15T10:02:54.649Z] batch=field-waveform-1789466535172-11 D3 MODE_SWITCH_OK state=MODE_SWITCH_OK attempts=1 streak=0
[2026-09-15T10:02:54.650Z] batch=field-waveform-1789466535172-11 D1 MODE_SWITCH_START state=MODE_SWITCHING attempts=1 streak=0 attempt=1
[2026-09-15T10:02:54.650Z] batch=field-waveform-1789466535172-11 D1 MODE_SWITCH_OK state=MODE_SWITCH_OK attempts=1 streak=0
[2026-09-15T10:02:54.660Z] batch=field-waveform-1789466535172-11 D4 MODE_SWITCH_START state=MODE_SWITCHING attempts=1 streak=0 attempt=1
[2026-09-15T10:02:54.662Z] batch=field-waveform-1789466535172-11 D4 MODE_SWITCH_OK state=MODE_SWITCH_OK attempts=1 streak=0
[2026-09-15T10:02:54.664Z] batch=field-waveform-1789466535172-11 D6 MODE_SWITCH_START state=MODE_SWITCHING attempts=1 streak=0 attempt=1
[2026-09-15T10:02:54.665Z] batch=field-waveform-1789466535172-11 D6 MODE_SWITCH_OK state=MODE_SWITCH_OK attempts=1 streak=0
[2026-09-15T10:02:54.796Z] batch=field-waveform-1789466535172-11 D2 MODE_SWITCH_START state=MODE_SWITCHING attempts=1 streak=0 attempt=1
[2026-09-15T10:02:54.797Z] batch=field-waveform-1789466535172-11 D2 MODE_SWITCH_OK state=MODE_SWITCH_OK attempts=1 streak=0
[2026-09-15T10:03:02.094Z] batch=field-waveform-1789466535172-11 D3 FIRST_FRAME state=FIRST_FRAME_RECEIVED attempts=1 streak=1
[2026-09-15T10:03:02.094Z] batch=field-waveform-1789466535172-11 D3 FIRST_VALID_SAMPLE state=FIRST_FRAME_RECEIVED attempts=1 streak=1
[2026-09-15T10:03:02.096Z] batch=field-waveform-1789466535172-11 D4 FIRST_FRAME state=FIRST_FRAME_RECEIVED attempts=1 streak=1
[2026-09-15T10:03:02.096Z] batch=field-waveform-1789466535172-11 D4 FIRST_VALID_SAMPLE state=FIRST_FRAME_RECEIVED attempts=1 streak=1
[2026-09-15T10:03:02.104Z] batch=field-waveform-1789466535172-11 D6 FIRST_FRAME state=FIRST_FRAME_RECEIVED attempts=1 streak=1
[2026-09-15T10:03:02.104Z] batch=field-waveform-1789466535172-11 D6 FIRST_VALID_SAMPLE state=FIRST_FRAME_RECEIVED attempts=1 streak=1
[2026-09-15T10:03:02.141Z] batch=field-waveform-1789466535172-11 D2 FIRST_FRAME state=FIRST_FRAME_RECEIVED attempts=1 streak=1
[2026-09-15T10:03:02.141Z] batch=field-waveform-1789466535172-11 D2 FIRST_VALID_SAMPLE state=FIRST_FRAME_RECEIVED attempts=1 streak=1
[2026-09-15T10:03:02.353Z] batch=field-waveform-1789466535172-11 D3 CHANNEL_SYNC_OK state=TEST_READY attempts=1 streak=5
[2026-09-15T10:03:02.354Z] batch=field-waveform-1789466535172-11 D3 TEST_READY state=TEST_READY attempts=1 streak=5
[2026-09-15T10:03:02.355Z] batch=field-waveform-1789466535172-11 D6 CHANNEL_SYNC_OK state=TEST_READY attempts=1 streak=5
[2026-09-15T10:03:02.355Z] batch=field-waveform-1789466535172-11 D6 TEST_READY state=TEST_READY attempts=1 streak=5
[2026-09-15T10:03:02.357Z] batch=field-waveform-1789466535172-11 D4 CHANNEL_SYNC_OK state=TEST_READY attempts=1 streak=5
[2026-09-15T10:03:02.358Z] batch=field-waveform-1789466535172-11 D4 TEST_READY state=TEST_READY attempts=1 streak=5
[2026-09-15T10:03:02.409Z] batch=field-waveform-1789466535172-11 D2 CHANNEL_SYNC_OK state=TEST_READY attempts=1 streak=5
[2026-09-15T10:03:02.413Z] batch=field-waveform-1789466535172-11 D2 TEST_READY state=TEST_READY attempts=1 streak=5
[2026-09-15T10:03:02.979Z] batch=field-waveform-1789466535172-11 D5 FIRST_FRAME state=FIRST_FRAME_RECEIVED attempts=1 streak=1
[2026-09-15T10:03:02.979Z] batch=field-waveform-1789466535172-11 D5 FIRST_VALID_SAMPLE state=FIRST_FRAME_RECEIVED attempts=1 streak=1
[2026-09-15T10:03:03.204Z] batch=field-waveform-1789466535172-11 D5 CHANNEL_SYNC_OK state=TEST_READY attempts=1 streak=5
[2026-09-15T10:03:03.205Z] batch=field-waveform-1789466535172-11 D5 TEST_READY state=TEST_READY attempts=1 streak=5
[2026-09-15T10:03:03.345Z] batch=field-waveform-1789466535172-11 D1 FIRST_FRAME state=FIRST_FRAME_RECEIVED attempts=1 streak=1
[2026-09-15T10:03:03.345Z] batch=field-waveform-1789466535172-11 D1 FIRST_VALID_SAMPLE state=FIRST_FRAME_RECEIVED attempts=1 streak=1
[2026-09-15T10:03:03.595Z] batch=field-waveform-1789466535172-11 D1 CHANNEL_SYNC_OK state=TEST_READY attempts=1 streak=5
[2026-09-15T10:03:03.595Z] batch=field-waveform-1789466535172-11 D1 TEST_READY state=TEST_READY attempts=1 streak=5
[2026-09-15T10:03:52.829Z] batch=field-waveform-1789466535172-11 D2 MODE_SWITCH_START state=MODE_SWITCHING attempts=1 streak=0 attempt=1
[2026-09-15T10:03:52.830Z] batch=field-waveform-1789466535172-11 D2 MODE_SWITCH_OK state=MODE_SWITCH_OK attempts=1 streak=0
[2026-09-15T10:03:52.832Z] batch=field-waveform-1789466535172-11 D5 MODE_SWITCH_START state=MODE_SWITCHING attempts=1 streak=0 attempt=1
[2026-09-15T10:03:52.833Z] batch=field-waveform-1789466535172-11 D5 MODE_SWITCH_OK state=MODE_SWITCH_OK attempts=1 streak=0
[2026-09-15T10:03:52.836Z] batch=field-waveform-1789466535172-11 D3 MODE_SWITCH_START state=MODE_SWITCHING attempts=1 streak=0 attempt=1
[2026-09-15T10:03:52.837Z] batch=field-waveform-1789466535172-11 D3 MODE_SWITCH_OK state=MODE_SWITCH_OK attempts=1 streak=0
[2026-09-15T10:03:52.839Z] batch=field-waveform-1789466535172-11 D6 MODE_SWITCH_START state=MODE_SWITCHING attempts=1 streak=0 attempt=1
[2026-09-15T10:03:52.840Z] batch=field-waveform-1789466535172-11 D6 MODE_SWITCH_OK state=MODE_SWITCH_OK attempts=1 streak=0
[2026-09-15T10:03:52.842Z] batch=field-waveform-1789466535172-11 D4 MODE_SWITCH_START state=MODE_SWITCHING attempts=1 streak=0 attempt=1
[2026-09-15T10:03:52.843Z] batch=field-waveform-1789466535172-11 D4 MODE_SWITCH_OK state=MODE_SWITCH_OK attempts=1 streak=0
[2026-09-15T10:03:52.844Z] batch=field-waveform-1789466535172-11 D1 MODE_SWITCH_START state=MODE_SWITCHING attempts=1 streak=0 attempt=1
[2026-09-15T10:03:52.845Z] batch=field-waveform-1789466535172-11 D1 MODE_SWITCH_OK state=MODE_SWITCH_OK attempts=1 streak=0
[2026-09-15T10:04:02.873Z] batch=field-waveform-1789466535172-11 D2 MODE_SWITCH_START state=MODE_SWITCHING attempts=1 streak=0 attempt=1
[2026-09-15T10:04:02.875Z] batch=field-waveform-1789466535172-11 D2 MODE_SWITCH_OK state=MODE_SWITCH_OK attempts=1 streak=0
[2026-09-15T10:04:02.878Z] batch=field-waveform-1789466535172-11 D5 MODE_SWITCH_START state=MODE_SWITCHING attempts=1 streak=0 attempt=1
[2026-09-15T10:04:02.879Z] batch=field-waveform-1789466535172-11 D5 MODE_SWITCH_OK state=MODE_SWITCH_OK attempts=1 streak=0
[2026-09-15T10:04:02.882Z] batch=field-waveform-1789466535172-11 D3 MODE_SWITCH_START state=MODE_SWITCHING attempts=1 streak=0 attempt=1
[2026-09-15T10:04:02.885Z] batch=field-waveform-1789466535172-11 D3 MODE_SWITCH_OK state=MODE_SWITCH_OK attempts=1 streak=0
[2026-09-15T10:04:02.889Z] batch=field-waveform-1789466535172-11 D6 MODE_SWITCH_START state=MODE_SWITCHING attempts=1 streak=0 attempt=1
[2026-09-15T10:04:02.893Z] batch=field-waveform-1789466535172-11 D6 MODE_SWITCH_OK state=MODE_SWITCH_OK attempts=1 streak=0
[2026-09-15T10:04:02.899Z] batch=field-waveform-1789466535172-11 D4 MODE_SWITCH_START state=MODE_SWITCHING attempts=1 streak=0 attempt=1
[2026-09-15T10:04:02.900Z] batch=field-waveform-1789466535172-11 D4 MODE_SWITCH_OK state=MODE_SWITCH_OK attempts=1 streak=0
[2026-09-15T10:04:02.903Z] batch=field-waveform-1789466535172-11 D1 MODE_SWITCH_START state=MODE_SWITCHING attempts=1 streak=0 attempt=1
[2026-09-15T10:04:02.904Z] batch=field-waveform-1789466535172-11 D1 MODE_SWITCH_OK state=MODE_SWITCH_OK attempts=1 streak=0
[2026-09-15T10:04:07.989Z] batch=field-waveform-1789466535172-11 D6 FIRST_FRAME state=FIRST_FRAME_RECEIVED attempts=1 streak=1
[2026-09-15T10:04:07.989Z] batch=field-waveform-1789466535172-11 D6 FIRST_VALID_SAMPLE state=FIRST_FRAME_RECEIVED attempts=1 streak=1
[2026-09-15T10:04:07.990Z] batch=field-waveform-1789466535172-11 D2 FIRST_FRAME state=FIRST_FRAME_RECEIVED attempts=1 streak=1
[2026-09-15T10:04:07.991Z] batch=field-waveform-1789466535172-11 D2 FIRST_VALID_SAMPLE state=FIRST_FRAME_RECEIVED attempts=1 streak=1
[2026-09-15T10:04:07.991Z] batch=field-waveform-1789466535172-11 D5 FIRST_FRAME state=FIRST_FRAME_RECEIVED attempts=1 streak=1
[2026-09-15T10:04:07.992Z] batch=field-waveform-1789466535172-11 D5 FIRST_VALID_SAMPLE state=FIRST_FRAME_RECEIVED attempts=1 streak=1
[2026-09-15T10:04:07.997Z] batch=field-waveform-1789466535172-11 D4 FIRST_FRAME state=FIRST_FRAME_RECEIVED attempts=1 streak=1
[2026-09-15T10:04:07.998Z] batch=field-waveform-1789466535172-11 D4 FIRST_VALID_SAMPLE state=FIRST_FRAME_RECEIVED attempts=1 streak=1
[2026-09-15T10:04:07.998Z] batch=field-waveform-1789466535172-11 D3 FIRST_FRAME state=FIRST_FRAME_RECEIVED attempts=1 streak=1
[2026-09-15T10:04:07.999Z] batch=field-waveform-1789466535172-11 D3 FIRST_VALID_SAMPLE state=FIRST_FRAME_RECEIVED attempts=1 streak=1
[2026-09-15T10:04:08.092Z] batch=field-waveform-1789466535172-11 D1 FIRST_FRAME state=FIRST_FRAME_RECEIVED attempts=1 streak=1
[2026-09-15T10:04:08.092Z] batch=field-waveform-1789466535172-11 D1 FIRST_VALID_SAMPLE state=FIRST_FRAME_RECEIVED attempts=1 streak=1
[2026-09-15T10:04:08.365Z] batch=field-waveform-1789466535172-11 D5 CHANNEL_SYNC_OK state=TEST_READY attempts=1 streak=5
[2026-09-15T10:04:08.365Z] batch=field-waveform-1789466535172-11 D5 TEST_READY state=TEST_READY attempts=1 streak=5
[2026-09-15T10:04:08.367Z] batch=field-waveform-1789466535172-11 D4 CHANNEL_SYNC_OK state=TEST_READY attempts=1 streak=5
[2026-09-15T10:04:08.367Z] batch=field-waveform-1789466535172-11 D4 TEST_READY state=TEST_READY attempts=1 streak=5
[2026-09-15T10:04:08.369Z] batch=field-waveform-1789466535172-11 D3 CHANNEL_SYNC_OK state=TEST_READY attempts=1 streak=5
[2026-09-15T10:04:08.369Z] batch=field-waveform-1789466535172-11 D3 TEST_READY state=TEST_READY attempts=1 streak=5
[2026-09-15T10:04:08.375Z] batch=field-waveform-1789466535172-11 D6 CHANNEL_SYNC_OK state=TEST_READY attempts=1 streak=5
[2026-09-15T10:04:08.375Z] batch=field-waveform-1789466535172-11 D6 TEST_READY state=TEST_READY attempts=1 streak=5
[2026-09-15T10:04:08.379Z] batch=field-waveform-1789466535172-11 D2 CHANNEL_SYNC_OK state=TEST_READY attempts=1 streak=5
[2026-09-15T10:04:08.380Z] batch=field-waveform-1789466535172-11 D2 TEST_READY state=TEST_READY attempts=1 streak=5
[2026-09-15T10:04:08.385Z] batch=field-waveform-1789466535172-11 D1 CHANNEL_SYNC_OK state=TEST_READY attempts=1 streak=5
[2026-09-15T10:04:08.386Z] batch=field-waveform-1789466535172-11 D1 TEST_READY state=TEST_READY attempts=1 streak=5
[2026-09-15T10:04:53.455Z] batch=field-waveform-1789466535172-11 D6 MODE_SWITCH_START state=MODE_SWITCHING attempts=1 streak=0 attempt=1
[2026-09-15T10:04:53.458Z] batch=field-waveform-1789466535172-11 D6 MODE_SWITCH_OK state=MODE_SWITCH_OK attempts=1 streak=0
[2026-09-15T10:04:53.465Z] batch=field-waveform-1789466535172-11 D2 MODE_SWITCH_START state=MODE_SWITCHING attempts=1 streak=0 attempt=1
[2026-09-15T10:04:53.466Z] batch=field-waveform-1789466535172-11 D2 MODE_SWITCH_OK state=MODE_SWITCH_OK attempts=1 streak=0
[2026-09-15T10:04:53.470Z] batch=field-waveform-1789466535172-11 D1 MODE_SWITCH_START state=MODE_SWITCHING attempts=1 streak=0 attempt=1
[2026-09-15T10:04:53.471Z] batch=field-waveform-1789466535172-11 D1 MODE_SWITCH_OK state=MODE_SWITCH_OK attempts=1 streak=0
[2026-09-15T10:04:53.475Z] batch=field-waveform-1789466535172-11 D5 MODE_SWITCH_START state=MODE_SWITCHING attempts=1 streak=0 attempt=1
[2026-09-15T10:04:53.476Z] batch=field-waveform-1789466535172-11 D5 MODE_SWITCH_OK state=MODE_SWITCH_OK attempts=1 streak=0
[2026-09-15T10:04:53.486Z] batch=field-waveform-1789466535172-11 D4 MODE_SWITCH_START state=MODE_SWITCHING attempts=1 streak=0 attempt=1
[2026-09-15T10:04:53.487Z] batch=field-waveform-1789466535172-11 D4 MODE_SWITCH_OK state=MODE_SWITCH_OK attempts=1 streak=0
[2026-09-15T10:04:53.491Z] batch=field-waveform-1789466535172-11 D3 MODE_SWITCH_START state=MODE_SWITCHING attempts=1 streak=0 attempt=1
[2026-09-15T10:04:53.492Z] batch=field-waveform-1789466535172-11 D3 MODE_SWITCH_OK state=MODE_SWITCH_OK attempts=1 streak=0
[2026-09-15T10:05:03.533Z] batch=field-waveform-1789466535172-11 D6 MODE_SWITCH_START state=MODE_SWITCHING attempts=1 streak=0 attempt=1
[2026-09-15T10:05:03.547Z] batch=field-waveform-1789466535172-11 D6 MODE_SWITCH_OK state=MODE_SWITCH_OK attempts=1 streak=0
[2026-09-15T10:05:03.553Z] batch=field-waveform-1789466535172-11 D2 MODE_SWITCH_START state=MODE_SWITCHING attempts=1 streak=0 attempt=1
[2026-09-15T10:05:03.554Z] batch=field-waveform-1789466535172-11 D2 MODE_SWITCH_OK state=MODE_SWITCH_OK attempts=1 streak=0
[2026-09-15T10:05:03.559Z] batch=field-waveform-1789466535172-11 D1 MODE_SWITCH_START state=MODE_SWITCHING attempts=1 streak=0 attempt=1
[2026-09-15T10:05:03.560Z] batch=field-waveform-1789466535172-11 D1 MODE_SWITCH_OK state=MODE_SWITCH_OK attempts=1 streak=0
[2026-09-15T10:05:03.565Z] batch=field-waveform-1789466535172-11 D5 MODE_SWITCH_START state=MODE_SWITCHING attempts=1 streak=0 attempt=1
[2026-09-15T10:05:03.566Z] batch=field-waveform-1789466535172-11 D5 MODE_SWITCH_OK state=MODE_SWITCH_OK attempts=1 streak=0
[2026-09-15T10:05:03.572Z] batch=field-waveform-1789466535172-11 D4 MODE_SWITCH_START state=MODE_SWITCHING attempts=1 streak=0 attempt=1
[2026-09-15T10:05:03.573Z] batch=field-waveform-1789466535172-11 D4 MODE_SWITCH_OK state=MODE_SWITCH_OK attempts=1 streak=0
[2026-09-15T10:05:03.578Z] batch=field-waveform-1789466535172-11 D3 MODE_SWITCH_START state=MODE_SWITCHING attempts=1 streak=0 attempt=1
[2026-09-15T10:05:03.585Z] batch=field-waveform-1789466535172-11 D3 MODE_SWITCH_OK state=MODE_SWITCH_OK attempts=1 streak=0
[2026-09-15T10:05:13.631Z] batch=field-waveform-1789466535172-11 D6 MODE_SWITCH_START state=MODE_SWITCHING attempts=1 streak=0 attempt=1
[2026-09-15T10:05:13.632Z] batch=field-waveform-1789466535172-11 D6 MODE_SWITCH_OK state=MODE_SWITCH_OK attempts=1 streak=0
[2026-09-15T10:05:13.635Z] batch=field-waveform-1789466535172-11 D2 MODE_SWITCH_START state=MODE_SWITCHING attempts=1 streak=0 attempt=1
[2026-09-15T10:05:13.636Z] batch=field-waveform-1789466535172-11 D2 MODE_SWITCH_OK state=MODE_SWITCH_OK attempts=1 streak=0
[2026-09-15T10:05:13.640Z] batch=field-waveform-1789466535172-11 D1 MODE_SWITCH_START state=MODE_SWITCHING attempts=1 streak=0 attempt=1
[2026-09-15T10:05:13.641Z] batch=field-waveform-1789466535172-11 D1 MODE_SWITCH_OK state=MODE_SWITCH_OK attempts=1 streak=0
[2026-09-15T10:05:13.644Z] batch=field-waveform-1789466535172-11 D5 MODE_SWITCH_START state=MODE_SWITCHING attempts=1 streak=0 attempt=1
[2026-09-15T10:05:13.645Z] batch=field-waveform-1789466535172-11 D5 MODE_SWITCH_OK state=MODE_SWITCH_OK attempts=1 streak=0
[2026-09-15T10:05:13.649Z] batch=field-waveform-1789466535172-11 D4 MODE_SWITCH_START state=MODE_SWITCHING attempts=1 streak=0 attempt=1
[2026-09-15T10:05:13.650Z] batch=field-waveform-1789466535172-11 D4 MODE_SWITCH_OK state=MODE_SWITCH_OK attempts=1 streak=0
[2026-09-15T10:05:13.654Z] batch=field-waveform-1789466535172-11 D3 MODE_SWITCH_START state=MODE_SWITCHING attempts=1 streak=0 attempt=1
[2026-09-15T10:05:13.655Z] batch=field-waveform-1789466535172-11 D3 MODE_SWITCH_OK state=MODE_SWITCH_OK attempts=1 streak=0
[2026-09-15T10:05:19.475Z] batch=field-waveform-1789466719474-12 D1 MODE_SWITCH_START state=MODE_SWITCHING attempts=1 streak=0 attempt=1
[2026-09-15T10:05:19.477Z] batch=field-waveform-1789466719474-12 D2 MODE_SWITCH_START state=MODE_SWITCHING attempts=1 streak=0 attempt=1
[2026-09-15T10:05:19.478Z] batch=field-waveform-1789466719474-12 D3 MODE_SWITCH_START state=MODE_SWITCHING attempts=1 streak=0 attempt=1
[2026-09-15T10:05:19.479Z] batch=field-waveform-1789466719474-12 D4 MODE_SWITCH_START state=MODE_SWITCHING attempts=1 streak=0 attempt=1
[2026-09-15T10:05:19.481Z] batch=field-waveform-1789466719474-12 D5 MODE_SWITCH_START state=MODE_SWITCHING attempts=1 streak=0 attempt=1
[2026-09-15T10:05:19.482Z] batch=field-waveform-1789466719474-12 D6 MODE_SWITCH_START state=MODE_SWITCHING attempts=1 streak=0 attempt=1
[2026-09-15T10:05:19.484Z] batch=field-waveform-1789466719474-12 D1 MODE_SWITCH_OK state=MODE_SWITCH_OK attempts=1 streak=0
[2026-09-15T10:05:19.485Z] batch=field-waveform-1789466719474-12 D2 MODE_SWITCH_OK state=MODE_SWITCH_OK attempts=1 streak=0
[2026-09-15T10:05:19.485Z] batch=field-waveform-1789466719474-12 D3 MODE_SWITCH_OK state=MODE_SWITCH_OK attempts=1 streak=0
[2026-09-15T10:05:19.486Z] batch=field-waveform-1789466719474-12 D4 MODE_SWITCH_OK state=MODE_SWITCH_OK attempts=1 streak=0
[2026-09-15T10:05:19.486Z] batch=field-waveform-1789466719474-12 D5 MODE_SWITCH_OK state=MODE_SWITCH_OK attempts=1 streak=0
[2026-09-15T10:05:19.487Z] batch=field-waveform-1789466719474-12 D6 MODE_SWITCH_OK state=MODE_SWITCH_OK attempts=1 streak=0
[2026-09-15T10:05:23.636Z] batch=field-waveform-1789466719474-12 D6 MODE_SWITCH_START state=MODE_SWITCHING attempts=1 streak=0 attempt=1
[2026-09-15T10:05:23.636Z] batch=field-waveform-1789466719474-12 D6 MODE_SWITCH_OK state=MODE_SWITCH_OK attempts=1 streak=0
[2026-09-15T10:05:23.645Z] batch=field-waveform-1789466719474-12 D2 MODE_SWITCH_START state=MODE_SWITCHING attempts=1 streak=0 attempt=1
[2026-09-15T10:05:23.646Z] batch=field-waveform-1789466719474-12 D2 MODE_SWITCH_OK state=MODE_SWITCH_OK attempts=1 streak=0
[2026-09-15T10:05:23.647Z] batch=field-waveform-1789466719474-12 D1 MODE_SWITCH_START state=MODE_SWITCHING attempts=1 streak=0 attempt=1
[2026-09-15T10:05:23.647Z] batch=field-waveform-1789466719474-12 D1 MODE_SWITCH_OK state=MODE_SWITCH_OK attempts=1 streak=0
[2026-09-15T10:05:23.648Z] batch=field-waveform-1789466719474-12 D5 MODE_SWITCH_START state=MODE_SWITCHING attempts=1 streak=0 attempt=1
[2026-09-15T10:05:23.649Z] batch=field-waveform-1789466719474-12 D5 MODE_SWITCH_OK state=MODE_SWITCH_OK attempts=1 streak=0
[2026-09-15T10:05:23.651Z] batch=field-waveform-1789466719474-12 D4 MODE_SWITCH_START state=MODE_SWITCHING attempts=1 streak=0 attempt=1
[2026-09-15T10:05:23.652Z] batch=field-waveform-1789466719474-12 D4 MODE_SWITCH_OK state=MODE_SWITCH_OK attempts=1 streak=0
[2026-09-15T10:05:23.665Z] batch=field-waveform-1789466719474-12 D3 MODE_SWITCH_START state=MODE_SWITCHING attempts=1 streak=0 attempt=1
[2026-09-15T10:05:23.666Z] batch=field-waveform-1789466719474-12 D3 MODE_SWITCH_OK state=MODE_SWITCH_OK attempts=1 streak=0
[2026-09-15T10:05:26.363Z] batch=field-waveform-1789466726363-13 D1 MODE_SWITCH_START state=MODE_SWITCHING attempts=1 streak=0 attempt=1
[2026-09-15T10:05:26.365Z] batch=field-waveform-1789466726363-13 D2 MODE_SWITCH_START state=MODE_SWITCHING attempts=1 streak=0 attempt=1
[2026-09-15T10:05:26.366Z] batch=field-waveform-1789466726363-13 D3 MODE_SWITCH_START state=MODE_SWITCHING attempts=1 streak=0 attempt=1
[2026-09-15T10:05:26.368Z] batch=field-waveform-1789466726363-13 D4 MODE_SWITCH_START state=MODE_SWITCHING attempts=1 streak=0 attempt=1
[2026-09-15T10:05:26.371Z] batch=field-waveform-1789466726363-13 D5 MODE_SWITCH_START state=MODE_SWITCHING attempts=1 streak=0 attempt=1
[2026-09-15T10:05:26.372Z] batch=field-waveform-1789466726363-13 D6 MODE_SWITCH_START state=MODE_SWITCHING attempts=1 streak=0 attempt=1
[2026-09-15T10:05:26.375Z] batch=field-waveform-1789466726363-13 D1 MODE_SWITCH_OK state=MODE_SWITCH_OK attempts=1 streak=0
[2026-09-15T10:05:26.375Z] batch=field-waveform-1789466726363-13 D2 MODE_SWITCH_OK state=MODE_SWITCH_OK attempts=1 streak=0
[2026-09-15T10:05:26.376Z] batch=field-waveform-1789466726363-13 D3 MODE_SWITCH_OK state=MODE_SWITCH_OK attempts=1 streak=0
[2026-09-15T10:05:26.377Z] batch=field-waveform-1789466726363-13 D4 MODE_SWITCH_OK state=MODE_SWITCH_OK attempts=1 streak=0
[2026-09-15T10:05:26.377Z] batch=field-waveform-1789466726363-13 D5 MODE_SWITCH_OK state=MODE_SWITCH_OK attempts=1 streak=0
[2026-09-15T10:05:26.378Z] batch=field-waveform-1789466726363-13 D6 MODE_SWITCH_OK state=MODE_SWITCH_OK attempts=1 streak=0
[2026-09-15T10:05:33.642Z] batch=field-waveform-1789466726363-13 D6 MODE_SWITCH_START state=MODE_SWITCHING attempts=1 streak=0 attempt=1
[2026-09-15T10:05:33.646Z] batch=field-waveform-1789466726363-13 D6 MODE_SWITCH_OK state=MODE_SWITCH_OK attempts=1 streak=0
[2026-09-15T10:05:33.648Z] batch=field-waveform-1789466726363-13 D2 MODE_SWITCH_START state=MODE_SWITCHING attempts=1 streak=0 attempt=1
[2026-09-15T10:05:33.649Z] batch=field-waveform-1789466726363-13 D2 MODE_SWITCH_OK state=MODE_SWITCH_OK attempts=1 streak=0
[2026-09-15T10:05:33.651Z] batch=field-waveform-1789466726363-13 D1 MODE_SWITCH_START state=MODE_SWITCHING attempts=1 streak=0 attempt=1
[2026-09-15T10:05:33.653Z] batch=field-waveform-1789466726363-13 D1 MODE_SWITCH_OK state=MODE_SWITCH_OK attempts=1 streak=0
[2026-09-15T10:05:33.655Z] batch=field-waveform-1789466726363-13 D5 MODE_SWITCH_START state=MODE_SWITCHING attempts=1 streak=0 attempt=1
[2026-09-15T10:05:33.657Z] batch=field-waveform-1789466726363-13 D5 MODE_SWITCH_OK state=MODE_SWITCH_OK attempts=1 streak=0
[2026-09-15T10:05:33.665Z] batch=field-waveform-1789466726363-13 D4 MODE_SWITCH_START state=MODE_SWITCHING attempts=1 streak=0 attempt=1
[2026-09-15T10:05:33.666Z] batch=field-waveform-1789466726363-13 D4 MODE_SWITCH_OK state=MODE_SWITCH_OK attempts=1 streak=0
[2026-09-15T10:05:33.668Z] batch=field-waveform-1789466726363-13 D3 MODE_SWITCH_START state=MODE_SWITCHING attempts=1 streak=0 attempt=1
[2026-09-15T10:05:33.668Z] batch=field-waveform-1789466726363-13 D3 MODE_SWITCH_OK state=MODE_SWITCH_OK attempts=1 streak=0
[2026-09-15T10:05:43.656Z] batch=field-waveform-1789466726363-13 D6 MODE_SWITCH_START state=MODE_SWITCHING attempts=1 streak=0 attempt=1
[2026-09-15T10:05:43.658Z] batch=field-waveform-1789466726363-13 D6 MODE_SWITCH_OK state=MODE_SWITCH_OK attempts=1 streak=0
[2026-09-15T10:05:43.668Z] batch=field-waveform-1789466726363-13 D2 MODE_SWITCH_START state=MODE_SWITCHING attempts=1 streak=0 attempt=1
[2026-09-15T10:05:43.672Z] batch=field-waveform-1789466726363-13 D2 MODE_SWITCH_OK state=MODE_SWITCH_OK attempts=1 streak=0
[2026-09-15T10:05:43.673Z] batch=field-waveform-1789466726363-13 D1 MODE_SWITCH_START state=MODE_SWITCHING attempts=1 streak=0 attempt=1
[2026-09-15T10:05:43.675Z] batch=field-waveform-1789466726363-13 D1 MODE_SWITCH_OK state=MODE_SWITCH_OK attempts=1 streak=0
[2026-09-15T10:05:43.701Z] batch=field-waveform-1789466726363-13 D5 MODE_SWITCH_START state=MODE_SWITCHING attempts=1 streak=0 attempt=1
[2026-09-15T10:05:43.702Z] batch=field-waveform-1789466726363-13 D5 MODE_SWITCH_OK state=MODE_SWITCH_OK attempts=1 streak=0
[2026-09-15T10:05:43.703Z] batch=field-waveform-1789466726363-13 D4 MODE_SWITCH_START state=MODE_SWITCHING attempts=1 streak=0 attempt=1
[2026-09-15T10:05:43.704Z] batch=field-waveform-1789466726363-13 D4 MODE_SWITCH_OK state=MODE_SWITCH_OK attempts=1 streak=0
[2026-09-15T10:05:43.704Z] batch=field-waveform-1789466726363-13 D3 MODE_SWITCH_START state=MODE_SWITCHING attempts=1 streak=0 attempt=1
[2026-09-15T10:05:43.705Z] batch=field-waveform-1789466726363-13 D3 MODE_SWITCH_OK state=MODE_SWITCH_OK attempts=1 streak=0
[2026-09-15T10:05:53.664Z] batch=field-waveform-1789466726363-13 D6 MODE_SWITCH_START state=MODE_SWITCHING attempts=1 streak=0 attempt=1
[2026-09-15T10:05:53.667Z] batch=field-waveform-1789466726363-13 D6 MODE_SWITCH_OK state=MODE_SWITCH_OK attempts=1 streak=0
[2026-09-15T10:05:53.681Z] batch=field-waveform-1789466726363-13 D2 MODE_SWITCH_START state=MODE_SWITCHING attempts=1 streak=0 attempt=1
[2026-09-15T10:05:53.684Z] batch=field-waveform-1789466726363-13 D2 MODE_SWITCH_OK state=MODE_SWITCH_OK attempts=1 streak=0
[2026-09-15T10:05:53.692Z] batch=field-waveform-1789466726363-13 D1 MODE_SWITCH_START state=MODE_SWITCHING attempts=1 streak=0 attempt=1
[2026-09-15T10:05:53.693Z] batch=field-waveform-1789466726363-13 D1 MODE_SWITCH_OK state=MODE_SWITCH_OK attempts=1 streak=0
[2026-09-15T10:05:53.730Z] batch=field-waveform-1789466726363-13 D5 MODE_SWITCH_START state=MODE_SWITCHING attempts=1 streak=0 attempt=1
[2026-09-15T10:05:53.731Z] batch=field-waveform-1789466726363-13 D5 MODE_SWITCH_OK state=MODE_SWITCH_OK attempts=1 streak=0
[2026-09-15T10:05:53.732Z] batch=field-waveform-1789466726363-13 D4 MODE_SWITCH_START state=MODE_SWITCHING attempts=1 streak=0 attempt=1
[2026-09-15T10:05:53.732Z] batch=field-waveform-1789466726363-13 D4 MODE_SWITCH_OK state=MODE_SWITCH_OK attempts=1 streak=0
[2026-09-15T10:05:53.733Z] batch=field-waveform-1789466726363-13 D3 MODE_SWITCH_START state=MODE_SWITCHING attempts=1 streak=0 attempt=1
[2026-09-15T10:05:53.733Z] batch=field-waveform-1789466726363-13 D3 MODE_SWITCH_OK state=MODE_SWITCH_OK attempts=1 streak=0
