[2026-09-20T01:31:57.345Z] batch=field-waveform-1789867758995-6 D1 MODE_SWITCH_START state=MODE_SWITCHING attempts=1 streak=0 attempt=1
[2026-09-20T01:31:57.347Z] batch=field-waveform-1789867758995-6 D1 MODE_SWITCH_OK state=MODE_SWITCH_OK attempts=1 streak=0
[2026-09-20T01:31:57.352Z] batch=field-waveform-1789867758995-6 D2 MODE_SWITCH_START state=MODE_SWITCHING attempts=1 streak=0 attempt=1
[2026-09-20T01:31:57.353Z] batch=field-waveform-1789867758995-6 D2 MODE_SWITCH_OK state=MODE_SWITCH_OK attempts=1 streak=0
[2026-09-20T01:31:57.359Z] batch=field-waveform-1789867758995-6 D5 MODE_SWITCH_START state=MODE_SWITCHING attempts=1 streak=0 attempt=1
[2026-09-20T01:31:57.359Z] batch=field-waveform-1789867758995-6 D5 MODE_SWITCH_OK state=MODE_SWITCH_OK attempts=1 streak=0
[2026-09-20T01:31:57.367Z] batch=field-waveform-1789867758995-6 D4 MODE_SWITCH_START state=MODE_SWITCHING attempts=1 streak=0 attempt=1
[2026-09-20T01:31:57.368Z] batch=field-waveform-1789867758995-6 D4 MODE_SWITCH_OK state=MODE_SWITCH_OK attempts=1 streak=0
[2026-09-20T01:31:57.373Z] batch=field-waveform-1789867758995-6 D3 MODE_SWITCH_START state=MODE_SWITCHING attempts=1 streak=0 attempt=1
[2026-09-20T01:31:57.374Z] batch=field-waveform-1789867758995-6 D3 MODE_SWITCH_OK state=MODE_SWITCH_OK attempts=1 streak=0
[2026-09-20T01:31:57.380Z] batch=field-waveform-1789867758995-6 D6 MODE_SWITCH_START state=MODE_SWITCHING attempts=1 streak=0 attempt=1
[2026-09-20T01:31:57.380Z] batch=field-waveform-1789867758995-6 D6 MODE_SWITCH_OK state=MODE_SWITCH_OK attempts=1 streak=0
[2026-09-20T01:32:01.071Z] batch=field-waveform-1789867921069-7 D1 MODE_SWITCH_START state=MODE_SWITCHING attempts=1 streak=0 attempt=1
[2026-09-20T01:32:01.071Z] batch=field-waveform-1789867921069-7 D2 MODE_SWITCH_START state=MODE_SWITCHING attempts=1 streak=0 attempt=1
[2026-09-20T01:32:01.072Z] batch=field-waveform-1789867921069-7 D3 MODE_SWITCH_START state=MODE_SWITCHING attempts=1 streak=0 attempt=1
[2026-09-20T01:32:01.074Z] batch=field-waveform-1789867921069-7 D4 MODE_SWITCH_START state=MODE_SWITCHING attempts=1 streak=0 attempt=1
[2026-09-20T01:32:01.075Z] batch=field-waveform-1789867921069-7 D5 MODE_SWITCH_START state=MODE_SWITCHING attempts=1 streak=0 attempt=1
[2026-09-20T01:32:01.075Z] batch=field-waveform-1789867921069-7 D6 MODE_SWITCH_START state=MODE_SWITCHING attempts=1 streak=0 attempt=1
[2026-09-20T01:32:01.077Z] batch=field-waveform-1789867921069-7 D1 MODE_SWITCH_OK state=MODE_SWITCH_OK attempts=1 streak=0
[2026-09-20T01:32:01.078Z] batch=field-waveform-1789867921069-7 D2 MODE_SWITCH_OK state=MODE_SWITCH_OK attempts=1 streak=0
[2026-09-20T01:32:01.078Z] batch=field-waveform-1789867921069-7 D3 MODE_SWITCH_OK state=MODE_SWITCH_OK attempts=1 streak=0
[2026-09-20T01:32:01.079Z] batch=field-waveform-1789867921069-7 D4 MODE_SWITCH_OK state=MODE_SWITCH_OK attempts=1 streak=0
[2026-09-20T01:32:01.079Z] batch=field-waveform-1789867921069-7 D5 MODE_SWITCH_OK state=MODE_SWITCH_OK attempts=1 streak=0
[2026-09-20T01:32:01.079Z] batch=field-waveform-1789867921069-7 D6 MODE_SWITCH_OK state=MODE_SWITCH_OK attempts=1 streak=0
[2026-09-20T01:32:07.355Z] batch=field-waveform-1789867921069-7 D1 MODE_SWITCH_START state=MODE_SWITCHING attempts=1 streak=0 attempt=1
[2026-09-20T01:32:07.357Z] batch=field-waveform-1789867921069-7 D1 MODE_SWITCH_OK state=MODE_SWITCH_OK attempts=1 streak=0
[2026-09-20T01:32:07.359Z] batch=field-waveform-1789867921069-7 D2 MODE_SWITCH_START state=MODE_SWITCHING attempts=1 streak=0 attempt=1
[2026-09-20T01:32:07.360Z] batch=field-waveform-1789867921069-7 D2 MODE_SWITCH_OK state=MODE_SWITCH_OK attempts=1 streak=0
[2026-09-20T01:32:07.363Z] batch=field-waveform-1789867921069-7 D5 MODE_SWITCH_START state=MODE_SWITCHING attempts=1 streak=0 attempt=1
[2026-09-20T01:32:07.365Z] batch=field-waveform-1789867921069-7 D5 MODE_SWITCH_OK state=MODE_SWITCH_OK attempts=1 streak=0
[2026-09-20T01:32:07.371Z] batch=field-waveform-1789867921069-7 D4 MODE_SWITCH_START state=MODE_SWITCHING attempts=1 streak=0 attempt=1
[2026-09-20T01:32:07.373Z] batch=field-waveform-1789867921069-7 D4 MODE_SWITCH_OK state=MODE_SWITCH_OK attempts=1 streak=0
[2026-09-20T01:32:07.376Z] batch=field-waveform-1789867921069-7 D3 MODE_SWITCH_START state=MODE_SWITCHING attempts=1 streak=0 attempt=1
[2026-09-20T01:32:07.378Z] batch=field-waveform-1789867921069-7 D3 MODE_SWITCH_OK state=MODE_SWITCH_OK attempts=1 streak=0
[2026-09-20T01:32:07.381Z] batch=field-waveform-1789867921069-7 D6 MODE_SWITCH_START state=MODE_SWITCHING attempts=1 streak=0 attempt=1
[2026-09-20T01:32:07.382Z] batch=field-waveform-1789867921069-7 D6 MODE_SWITCH_OK state=MODE_SWITCH_OK attempts=1 streak=0
[2026-09-20T01:32:17.365Z] batch=field-waveform-1789867921069-7 D1 MODE_SWITCH_START state=MODE_SWITCHING attempts=1 streak=0 attempt=1
[2026-09-20T01:32:17.367Z] batch=field-waveform-1789867921069-7 D1 MODE_SWITCH_OK state=MODE_SWITCH_OK attempts=1 streak=0
[2026-09-20T01:32:17.369Z] batch=field-waveform-1789867921069-7 D2 MODE_SWITCH_START state=MODE_SWITCHING attempts=1 streak=0 attempt=1
[2026-09-20T01:32:17.370Z] batch=field-waveform-1789867921069-7 D2 MODE_SWITCH_OK state=MODE_SWITCH_OK attempts=1 streak=0
[2026-09-20T01:32:17.371Z] batch=field-waveform-1789867921069-7 D5 MODE_SWITCH_START state=MODE_SWITCHING attempts=1 streak=0 attempt=1
[2026-09-20T01:32:17.373Z] batch=field-waveform-1789867921069-7 D5 MODE_SWITCH_OK state=MODE_SWITCH_OK attempts=1 streak=0
[2026-09-20T01:32:17.375Z] batch=field-waveform-1789867921069-7 D4 MODE_SWITCH_START state=MODE_SWITCHING attempts=1 streak=0 attempt=1
[2026-09-20T01:32:17.377Z] batch=field-waveform-1789867921069-7 D4 MODE_SWITCH_OK state=MODE_SWITCH_OK attempts=1 streak=0
[2026-09-20T01:32:17.382Z] batch=field-waveform-1789867921069-7 D3 MODE_SWITCH_START state=MODE_SWITCHING attempts=1 streak=0 attempt=1
[2026-09-20T01:32:17.383Z] batch=field-waveform-1789867921069-7 D3 MODE_SWITCH_OK state=MODE_SWITCH_OK attempts=1 streak=0
[2026-09-20T01:32:17.402Z] batch=field-waveform-1789867921069-7 D6 MODE_SWITCH_START state=MODE_SWITCHING attempts=1 streak=0 attempt=1
[2026-09-20T01:32:17.403Z] batch=field-waveform-1789867921069-7 D6 MODE_SWITCH_OK state=MODE_SWITCH_OK attempts=1 streak=0
[2026-09-20T01:32:27.381Z] batch=field-waveform-1789867921069-7 D1 MODE_SWITCH_START state=MODE_SWITCHING attempts=1 streak=0 attempt=1
[2026-09-20T01:32:27.382Z] batch=field-waveform-1789867921069-7 D1 MODE_SWITCH_OK state=MODE_SWITCH_OK attempts=1 streak=0
[2026-09-20T01:32:27.384Z] batch=field-waveform-1789867921069-7 D2 MODE_SWITCH_START state=MODE_SWITCHING attempts=1 streak=0 attempt=1
[2026-09-20T01:32:27.386Z] batch=field-waveform-1789867921069-7 D2 MODE_SWITCH_OK state=MODE_SWITCH_OK attempts=1 streak=0
[2026-09-20T01:32:27.386Z] batch=field-waveform-1789867921069-7 D5 MODE_SWITCH_START state=MODE_SWITCHING attempts=1 streak=0 attempt=1
[2026-09-20T01:32:27.387Z] batch=field-waveform-1789867921069-7 D5 MODE_SWITCH_OK state=MODE_SWITCH_OK attempts=1 streak=0
[2026-09-20T01:32:27.388Z] batch=field-waveform-1789867921069-7 D4 MODE_SWITCH_START state=MODE_SWITCHING attempts=1 streak=0 attempt=1
[2026-09-20T01:32:27.388Z] batch=field-waveform-1789867921069-7 D4 MODE_SWITCH_OK state=MODE_SWITCH_OK attempts=1 streak=0
[2026-09-20T01:32:27.390Z] batch=field-waveform-1789867921069-7 D3 MODE_SWITCH_START state=MODE_SWITCHING attempts=1 streak=0 attempt=1
[2026-09-20T01:32:27.391Z] batch=field-waveform-1789867921069-7 D3 MODE_SWITCH_OK state=MODE_SWITCH_OK attempts=1 streak=0
[2026-09-20T01:32:27.412Z] batch=field-waveform-1789867921069-7 D6 MODE_SWITCH_START state=MODE_SWITCHING attempts=1 streak=0 attempt=1
[2026-09-20T01:32:27.413Z] batch=field-waveform-1789867921069-7 D6 MODE_SWITCH_OK state=MODE_SWITCH_OK attempts=1 streak=0
[2026-09-20T01:32:32.428Z] batch=field-waveform-1789867921069-7 D5 FIRST_FRAME state=FIRST_FRAME_RECEIVED attempts=1 streak=1
[2026-09-20T01:32:32.429Z] batch=field-waveform-1789867921069-7 D5 FIRST_VALID_SAMPLE state=FIRST_FRAME_RECEIVED attempts=1 streak=1
[2026-09-20T01:32:32.431Z] batch=field-waveform-1789867921069-7 D4 FIRST_FRAME state=FIRST_FRAME_RECEIVED attempts=1 streak=1
[2026-09-20T01:32:32.432Z] batch=field-waveform-1789867921069-7 D4 FIRST_VALID_SAMPLE state=FIRST_FRAME_RECEIVED attempts=1 streak=1
[2026-09-20T01:32:32.433Z] batch=field-waveform-1789867921069-7 D3 FIRST_FRAME state=FIRST_FRAME_RECEIVED attempts=1 streak=1
[2026-09-20T01:32:32.434Z] batch=field-waveform-1789867921069-7 D3 FIRST_VALID_SAMPLE state=FIRST_FRAME_RECEIVED attempts=1 streak=1
[2026-09-20T01:32:32.435Z] batch=field-waveform-1789867921069-7 D1 FIRST_FRAME state=FIRST_FRAME_RECEIVED attempts=1 streak=1
[2026-09-20T01:32:32.436Z] batch=field-waveform-1789867921069-7 D1 FIRST_VALID_SAMPLE state=FIRST_FRAME_RECEIVED attempts=1 streak=1
[2026-09-20T01:32:32.442Z] batch=field-waveform-1789867921069-7 D2 FIRST_FRAME state=FIRST_FRAME_RECEIVED attempts=1 streak=1
[2026-09-20T01:32:32.443Z] batch=field-waveform-1789867921069-7 D2 FIRST_VALID_SAMPLE state=FIRST_FRAME_RECEIVED attempts=1 streak=1
[2026-09-20T01:32:32.512Z] batch=field-waveform-1789867921069-7 D6 FIRST_FRAME state=FIRST_FRAME_RECEIVED attempts=1 streak=1
[2026-09-20T01:32:32.512Z] batch=field-waveform-1789867921069-7 D6 FIRST_VALID_SAMPLE state=FIRST_FRAME_RECEIVED attempts=1 streak=1
[2026-09-20T01:32:32.677Z] batch=field-waveform-1789867921069-7 D3 CHANNEL_SYNC_OK state=TEST_READY attempts=1 streak=5
[2026-09-20T01:32:32.678Z] batch=field-waveform-1789867921069-7 D3 TEST_READY state=TEST_READY attempts=1 streak=5
[2026-09-20T01:32:32.680Z] batch=field-waveform-1789867921069-7 D5 CHANNEL_SYNC_OK state=TEST_READY attempts=1 streak=5
[2026-09-20T01:32:32.680Z] batch=field-waveform-1789867921069-7 D5 TEST_READY state=TEST_READY attempts=1 streak=5
[2026-09-20T01:32:32.682Z] batch=field-waveform-1789867921069-7 D4 CHANNEL_SYNC_OK state=TEST_READY attempts=1 streak=5
[2026-09-20T01:32:32.683Z] batch=field-waveform-1789867921069-7 D4 TEST_READY state=TEST_READY attempts=1 streak=5
[2026-09-20T01:32:32.687Z] batch=field-waveform-1789867921069-7 D1 CHANNEL_SYNC_OK state=TEST_READY attempts=1 streak=5
[2026-09-20T01:32:32.688Z] batch=field-waveform-1789867921069-7 D1 TEST_READY state=TEST_READY attempts=1 streak=5
[2026-09-20T01:32:32.690Z] batch=field-waveform-1789867921069-7 D2 CHANNEL_SYNC_OK state=TEST_READY attempts=1 streak=5
[2026-09-20T01:32:32.690Z] batch=field-waveform-1789867921069-7 D2 TEST_READY state=TEST_READY attempts=1 streak=5
[2026-09-20T01:32:32.766Z] batch=field-waveform-1789867921069-7 D6 CHANNEL_SYNC_OK state=TEST_READY attempts=1 streak=5
[2026-09-20T01:32:32.766Z] batch=field-waveform-1789867921069-7 D6 TEST_READY state=TEST_READY attempts=1 streak=5
[2026-09-20T01:32:43.550Z] batch=field-waveform-1789867921069-7 D5 MODE_SWITCH_START state=MODE_SWITCHING attempts=1 streak=0 attempt=1
[2026-09-20T01:32:43.552Z] batch=field-waveform-1789867921069-7 D5 MODE_SWITCH_OK state=MODE_SWITCH_OK attempts=1 streak=0
[2026-09-20T01:32:43.554Z] batch=field-waveform-1789867921069-7 D3 MODE_SWITCH_START state=MODE_SWITCHING attempts=1 streak=0 attempt=1
[2026-09-20T01:32:43.555Z] batch=field-waveform-1789867921069-7 D3 MODE_SWITCH_OK state=MODE_SWITCH_OK attempts=1 streak=0
[2026-09-20T01:32:48.617Z] batch=field-waveform-1789867921069-7 D3 FIRST_FRAME state=FIRST_FRAME_RECEIVED attempts=1 streak=1
[2026-09-20T01:32:48.617Z] batch=field-waveform-1789867921069-7 D3 FIRST_VALID_SAMPLE state=FIRST_FRAME_RECEIVED attempts=1 streak=1
[2026-09-20T01:32:48.627Z] batch=field-waveform-1789867921069-7 D5 FIRST_FRAME state=FIRST_FRAME_RECEIVED attempts=1 streak=1
[2026-09-20T01:32:48.627Z] batch=field-waveform-1789867921069-7 D5 FIRST_VALID_SAMPLE state=FIRST_FRAME_RECEIVED attempts=1 streak=1
[2026-09-20T01:32:48.868Z] batch=field-waveform-1789867921069-7 D5 CHANNEL_SYNC_OK state=TEST_READY attempts=1 streak=5
[2026-09-20T01:32:48.868Z] batch=field-waveform-1789867921069-7 D5 TEST_READY state=TEST_READY attempts=1 streak=5
[2026-09-20T01:32:48.870Z] batch=field-waveform-1789867921069-7 D3 CHANNEL_SYNC_OK state=TEST_READY attempts=1 streak=5
[2026-09-20T01:32:48.870Z] batch=field-waveform-1789867921069-7 D3 TEST_READY state=TEST_READY attempts=1 streak=5
[2026-09-20T01:33:40.026Z] batch=field-waveform-1789867921069-7 D3 MODE_SWITCH_START state=MODE_SWITCHING attempts=1 streak=0 attempt=1
[2026-09-20T01:33:40.028Z] batch=field-waveform-1789867921069-7 D3 MODE_SWITCH_OK state=MODE_SWITCH_OK attempts=1 streak=0
[2026-09-20T01:33:40.031Z] batch=field-waveform-1789867921069-7 D2 MODE_SWITCH_START state=MODE_SWITCHING attempts=1 streak=0 attempt=1
[2026-09-20T01:33:40.032Z] batch=field-waveform-1789867921069-7 D2 MODE_SWITCH_OK state=MODE_SWITCH_OK attempts=1 streak=0
[2026-09-20T01:33:40.035Z] batch=field-waveform-1789867921069-7 D4 MODE_SWITCH_START state=MODE_SWITCHING attempts=1 streak=0 attempt=1
[2026-09-20T01:33:40.037Z] batch=field-waveform-1789867921069-7 D4 MODE_SWITCH_OK state=MODE_SWITCH_OK attempts=1 streak=0
[2026-09-20T01:33:40.041Z] batch=field-waveform-1789867921069-7 D1 MODE_SWITCH_START state=MODE_SWITCHING attempts=1 streak=0 attempt=1
[2026-09-20T01:33:40.042Z] batch=field-waveform-1789867921069-7 D1 MODE_SWITCH_OK state=MODE_SWITCH_OK attempts=1 streak=0
[2026-09-20T01:33:40.182Z] batch=field-waveform-1789867921069-7 D5 MODE_SWITCH_START state=MODE_SWITCHING attempts=1 streak=0 attempt=1
[2026-09-20T01:33:40.183Z] batch=field-waveform-1789867921069-7 D5 MODE_SWITCH_OK state=MODE_SWITCH_OK attempts=1 streak=0
[2026-09-20T01:33:40.187Z] batch=field-waveform-1789867921069-7 D6 MODE_SWITCH_START state=MODE_SWITCHING attempts=1 streak=0 attempt=1
[2026-09-20T01:33:40.188Z] batch=field-waveform-1789867921069-7 D6 MODE_SWITCH_OK state=MODE_SWITCH_OK attempts=1 streak=0
[2026-09-20T01:33:50.061Z] batch=field-waveform-1789867921069-7 D3 MODE_SWITCH_START state=MODE_SWITCHING attempts=1 streak=0 attempt=1
[2026-09-20T01:33:50.063Z] batch=field-waveform-1789867921069-7 D3 MODE_SWITCH_OK state=MODE_SWITCH_OK attempts=1 streak=0
[2026-09-20T01:33:50.066Z] batch=field-waveform-1789867921069-7 D2 MODE_SWITCH_START state=MODE_SWITCHING attempts=1 streak=0 attempt=1
[2026-09-20T01:33:50.067Z] batch=field-waveform-1789867921069-7 D2 MODE_SWITCH_OK state=MODE_SWITCH_OK attempts=1 streak=0
[2026-09-20T01:33:50.071Z] batch=field-waveform-1789867921069-7 D4 MODE_SWITCH_START state=MODE_SWITCHING attempts=1 streak=0 attempt=1
[2026-09-20T01:33:50.072Z] batch=field-waveform-1789867921069-7 D4 MODE_SWITCH_OK state=MODE_SWITCH_OK attempts=1 streak=0
[2026-09-20T01:33:50.075Z] batch=field-waveform-1789867921069-7 D1 MODE_SWITCH_START state=MODE_SWITCHING attempts=1 streak=0 attempt=1
[2026-09-20T01:33:50.077Z] batch=field-waveform-1789867921069-7 D1 MODE_SWITCH_OK state=MODE_SWITCH_OK attempts=1 streak=0
[2026-09-20T01:33:50.408Z] batch=field-waveform-1789867921069-7 D5 MODE_SWITCH_START state=MODE_SWITCHING attempts=1 streak=0 attempt=1
[2026-09-20T01:33:50.410Z] batch=field-waveform-1789867921069-7 D5 MODE_SWITCH_OK state=MODE_SWITCH_OK attempts=1 streak=0
[2026-09-20T01:33:50.414Z] batch=field-waveform-1789867921069-7 D6 MODE_SWITCH_START state=MODE_SWITCHING attempts=1 streak=0 attempt=1
[2026-09-20T01:33:50.416Z] batch=field-waveform-1789867921069-7 D6 MODE_SWITCH_OK state=MODE_SWITCH_OK attempts=1 streak=0
[2026-09-20T01:33:55.140Z] batch=field-waveform-1789867921069-7 D2 FIRST_FRAME state=FIRST_FRAME_RECEIVED attempts=1 streak=1
[2026-09-20T01:33:55.140Z] batch=field-waveform-1789867921069-7 D2 FIRST_VALID_SAMPLE state=FIRST_FRAME_RECEIVED attempts=1 streak=1
[2026-09-20T01:33:55.143Z] batch=field-waveform-1789867921069-7 D3 FIRST_FRAME state=FIRST_FRAME_RECEIVED attempts=1 streak=1
[2026-09-20T01:33:55.144Z] batch=field-waveform-1789867921069-7 D3 FIRST_VALID_SAMPLE state=FIRST_FRAME_RECEIVED attempts=1 streak=1
[2026-09-20T01:33:55.145Z] batch=field-waveform-1789867921069-7 D1 FIRST_FRAME state=FIRST_FRAME_RECEIVED attempts=1 streak=1
[2026-09-20T01:33:55.145Z] batch=field-waveform-1789867921069-7 D1 FIRST_VALID_SAMPLE state=FIRST_FRAME_RECEIVED attempts=1 streak=1
[2026-09-20T01:33:55.150Z] batch=field-waveform-1789867921069-7 D4 FIRST_FRAME state=FIRST_FRAME_RECEIVED attempts=1 streak=1
[2026-09-20T01:33:55.150Z] batch=field-waveform-1789867921069-7 D4 FIRST_VALID_SAMPLE state=FIRST_FRAME_RECEIVED attempts=1 streak=1
[2026-09-20T01:33:55.586Z] batch=field-waveform-1789867921069-7 D2 CHANNEL_SYNC_OK state=TEST_READY attempts=1 streak=5
[2026-09-20T01:33:55.586Z] batch=field-waveform-1789867921069-7 D2 TEST_READY state=TEST_READY attempts=1 streak=5
[2026-09-20T01:33:55.587Z] batch=field-waveform-1789867921069-7 D3 CHANNEL_SYNC_OK state=TEST_READY attempts=1 streak=5
[2026-09-20T01:33:55.587Z] batch=field-waveform-1789867921069-7 D3 TEST_READY state=TEST_READY attempts=1 streak=5
[2026-09-20T01:33:55.587Z] batch=field-waveform-1789867921069-7 D1 CHANNEL_SYNC_OK state=TEST_READY attempts=1 streak=5
[2026-09-20T01:33:55.588Z] batch=field-waveform-1789867921069-7 D1 TEST_READY state=TEST_READY attempts=1 streak=5
[2026-09-20T01:33:55.588Z] batch=field-waveform-1789867921069-7 D4 CHANNEL_SYNC_OK state=TEST_READY attempts=1 streak=5
[2026-09-20T01:33:55.588Z] batch=field-waveform-1789867921069-7 D4 TEST_READY state=TEST_READY attempts=1 streak=5
[2026-09-20T01:33:55.589Z] batch=field-waveform-1789867921069-7 D5 FIRST_FRAME state=FIRST_FRAME_RECEIVED attempts=1 streak=1
[2026-09-20T01:33:55.589Z] batch=field-waveform-1789867921069-7 D5 FIRST_VALID_SAMPLE state=FIRST_FRAME_RECEIVED attempts=1 streak=1
[2026-09-20T01:33:55.590Z] batch=field-waveform-1789867921069-7 D6 FIRST_FRAME state=FIRST_FRAME_RECEIVED attempts=1 streak=1
[2026-09-20T01:33:55.590Z] batch=field-waveform-1789867921069-7 D6 FIRST_VALID_SAMPLE state=FIRST_FRAME_RECEIVED attempts=1 streak=1
[2026-09-20T01:33:55.786Z] batch=field-waveform-1789867921069-7 D5 CHANNEL_SYNC_OK state=TEST_READY attempts=1 streak=5
[2026-09-20T01:33:55.787Z] batch=field-waveform-1789867921069-7 D5 TEST_READY state=TEST_READY attempts=1 streak=5
[2026-09-20T01:33:55.787Z] batch=field-waveform-1789867921069-7 D6 CHANNEL_SYNC_OK state=TEST_READY attempts=1 streak=5
[2026-09-20T01:33:55.788Z] batch=field-waveform-1789867921069-7 D6 TEST_READY state=TEST_READY attempts=1 streak=5
