[2026-09-18T02:22:59.229Z] batch=field-waveform-1789698020091-15 D3 MODE_SWITCH_START state=MODE_SWITCHING attempts=1 streak=0 attempt=1
[2026-09-18T02:22:59.233Z] batch=field-waveform-1789698020091-15 D3 MODE_SWITCH_OK state=MODE_SWITCH_OK attempts=1 streak=0
[2026-09-18T02:22:59.240Z] batch=field-waveform-1789698020091-15 D4 MODE_SWITCH_START state=MODE_SWITCHING attempts=1 streak=0 attempt=1
[2026-09-18T02:22:59.241Z] batch=field-waveform-1789698020091-15 D4 MODE_SWITCH_OK state=MODE_SWITCH_OK attempts=1 streak=0
[2026-09-18T02:22:59.246Z] batch=field-waveform-1789698020091-15 D1 MODE_SWITCH_START state=MODE_SWITCHING attempts=1 streak=0 attempt=1
[2026-09-18T02:22:59.247Z] batch=field-waveform-1789698020091-15 D1 MODE_SWITCH_OK state=MODE_SWITCH_OK attempts=1 streak=0
[2026-09-18T02:22:59.255Z] batch=field-waveform-1789698020091-15 D5 MODE_SWITCH_START state=MODE_SWITCHING attempts=1 streak=0 attempt=1
[2026-09-18T02:22:59.256Z] batch=field-waveform-1789698020091-15 D5 MODE_SWITCH_OK state=MODE_SWITCH_OK attempts=1 streak=0
[2026-09-18T02:22:59.260Z] batch=field-waveform-1789698020091-15 D2 MODE_SWITCH_START state=MODE_SWITCHING attempts=1 streak=0 attempt=1
[2026-09-18T02:22:59.261Z] batch=field-waveform-1789698020091-15 D2 MODE_SWITCH_OK state=MODE_SWITCH_OK attempts=1 streak=0
[2026-09-18T02:22:59.595Z] batch=field-waveform-1789698020091-15 D6 MODE_SWITCH_START state=MODE_SWITCHING attempts=1 streak=0 attempt=1
[2026-09-18T02:22:59.596Z] batch=field-waveform-1789698020091-15 D6 MODE_SWITCH_OK state=MODE_SWITCH_OK attempts=1 streak=0
[2026-09-18T02:23:09.424Z] batch=field-waveform-1789698020091-15 D3 MODE_SWITCH_START state=MODE_SWITCHING attempts=1 streak=0 attempt=1
[2026-09-18T02:23:09.427Z] batch=field-waveform-1789698020091-15 D3 MODE_SWITCH_OK state=MODE_SWITCH_OK attempts=1 streak=0
[2026-09-18T02:23:09.431Z] batch=field-waveform-1789698020091-15 D4 MODE_SWITCH_START state=MODE_SWITCHING attempts=1 streak=0 attempt=1
[2026-09-18T02:23:09.432Z] batch=field-waveform-1789698020091-15 D4 MODE_SWITCH_OK state=MODE_SWITCH_OK attempts=1 streak=0
[2026-09-18T02:23:09.437Z] batch=field-waveform-1789698020091-15 D1 MODE_SWITCH_START state=MODE_SWITCHING attempts=1 streak=0 attempt=1
[2026-09-18T02:23:09.437Z] batch=field-waveform-1789698020091-15 D1 MODE_SWITCH_OK state=MODE_SWITCH_OK attempts=1 streak=0
[2026-09-18T02:23:09.442Z] batch=field-waveform-1789698020091-15 D5 MODE_SWITCH_START state=MODE_SWITCHING attempts=1 streak=0 attempt=1
[2026-09-18T02:23:09.444Z] batch=field-waveform-1789698020091-15 D5 MODE_SWITCH_OK state=MODE_SWITCH_OK attempts=1 streak=0
[2026-09-18T02:23:09.448Z] batch=field-waveform-1789698020091-15 D2 MODE_SWITCH_START state=MODE_SWITCHING attempts=1 streak=0 attempt=1
[2026-09-18T02:23:09.449Z] batch=field-waveform-1789698020091-15 D2 MODE_SWITCH_OK state=MODE_SWITCH_OK attempts=1 streak=0
[2026-09-18T02:23:09.725Z] batch=field-waveform-1789698020091-15 D6 MODE_SWITCH_START state=MODE_SWITCHING attempts=1 streak=0 attempt=1
[2026-09-18T02:23:09.727Z] batch=field-waveform-1789698020091-15 D6 MODE_SWITCH_OK state=MODE_SWITCH_OK attempts=1 streak=0
[2026-09-18T02:23:13.561Z] batch=field-waveform-1789698193559-16 D1 MODE_SWITCH_START state=MODE_SWITCHING attempts=1 streak=0 attempt=1
[2026-09-18T02:23:13.563Z] batch=field-waveform-1789698193559-16 D2 MODE_SWITCH_START state=MODE_SWITCHING attempts=1 streak=0 attempt=1
[2026-09-18T02:23:13.564Z] batch=field-waveform-1789698193559-16 D3 MODE_SWITCH_START state=MODE_SWITCHING attempts=1 streak=0 attempt=1
[2026-09-18T02:23:13.564Z] batch=field-waveform-1789698193559-16 D4 MODE_SWITCH_START state=MODE_SWITCHING attempts=1 streak=0 attempt=1
[2026-09-18T02:23:13.565Z] batch=field-waveform-1789698193559-16 D5 MODE_SWITCH_START state=MODE_SWITCHING attempts=1 streak=0 attempt=1
[2026-09-18T02:23:13.565Z] batch=field-waveform-1789698193559-16 D6 MODE_SWITCH_START state=MODE_SWITCHING attempts=1 streak=0 attempt=1
[2026-09-18T02:23:13.568Z] batch=field-waveform-1789698193559-16 D1 MODE_SWITCH_OK state=MODE_SWITCH_OK attempts=1 streak=0
[2026-09-18T02:23:13.568Z] batch=field-waveform-1789698193559-16 D2 MODE_SWITCH_OK state=MODE_SWITCH_OK attempts=1 streak=0
[2026-09-18T02:23:13.569Z] batch=field-waveform-1789698193559-16 D3 MODE_SWITCH_OK state=MODE_SWITCH_OK attempts=1 streak=0
[2026-09-18T02:23:13.569Z] batch=field-waveform-1789698193559-16 D4 MODE_SWITCH_OK state=MODE_SWITCH_OK attempts=1 streak=0
[2026-09-18T02:23:13.569Z] batch=field-waveform-1789698193559-16 D5 MODE_SWITCH_OK state=MODE_SWITCH_OK attempts=1 streak=0
[2026-09-18T02:23:13.570Z] batch=field-waveform-1789698193559-16 D6 MODE_SWITCH_OK state=MODE_SWITCH_OK attempts=1 streak=0
[2026-09-18T02:23:19.434Z] batch=field-waveform-1789698193559-16 D3 MODE_SWITCH_START state=MODE_SWITCHING attempts=1 streak=0 attempt=1
[2026-09-18T02:23:19.442Z] batch=field-waveform-1789698193559-16 D3 MODE_SWITCH_OK state=MODE_SWITCH_OK attempts=1 streak=0
[2026-09-18T02:23:19.444Z] batch=field-waveform-1789698193559-16 D4 MODE_SWITCH_START state=MODE_SWITCHING attempts=1 streak=0 attempt=1
[2026-09-18T02:23:19.445Z] batch=field-waveform-1789698193559-16 D4 MODE_SWITCH_OK state=MODE_SWITCH_OK attempts=1 streak=0
[2026-09-18T02:23:19.446Z] batch=field-waveform-1789698193559-16 D1 MODE_SWITCH_START state=MODE_SWITCHING attempts=1 streak=0 attempt=1
[2026-09-18T02:23:19.447Z] batch=field-waveform-1789698193559-16 D1 MODE_SWITCH_OK state=MODE_SWITCH_OK attempts=1 streak=0
[2026-09-18T02:23:19.448Z] batch=field-waveform-1789698193559-16 D5 MODE_SWITCH_START state=MODE_SWITCHING attempts=1 streak=0 attempt=1
[2026-09-18T02:23:19.449Z] batch=field-waveform-1789698193559-16 D5 MODE_SWITCH_OK state=MODE_SWITCH_OK attempts=1 streak=0
[2026-09-18T02:23:19.451Z] batch=field-waveform-1789698193559-16 D2 MODE_SWITCH_START state=MODE_SWITCHING attempts=1 streak=0 attempt=1
[2026-09-18T02:23:19.452Z] batch=field-waveform-1789698193559-16 D2 MODE_SWITCH_OK state=MODE_SWITCH_OK attempts=1 streak=0
[2026-09-18T02:23:19.730Z] batch=field-waveform-1789698193559-16 D6 MODE_SWITCH_START state=MODE_SWITCHING attempts=1 streak=0 attempt=1
[2026-09-18T02:23:19.731Z] batch=field-waveform-1789698193559-16 D6 MODE_SWITCH_OK state=MODE_SWITCH_OK attempts=1 streak=0
[2026-09-18T02:23:29.447Z] batch=field-waveform-1789698193559-16 D3 MODE_SWITCH_START state=MODE_SWITCHING attempts=1 streak=0 attempt=1
[2026-09-18T02:23:29.448Z] batch=field-waveform-1789698193559-16 D3 MODE_SWITCH_OK state=MODE_SWITCH_OK attempts=1 streak=0
[2026-09-18T02:23:29.449Z] batch=field-waveform-1789698193559-16 D4 MODE_SWITCH_START state=MODE_SWITCHING attempts=1 streak=0 attempt=1
[2026-09-18T02:23:29.450Z] batch=field-waveform-1789698193559-16 D4 MODE_SWITCH_OK state=MODE_SWITCH_OK attempts=1 streak=0
[2026-09-18T02:23:29.451Z] batch=field-waveform-1789698193559-16 D1 MODE_SWITCH_START state=MODE_SWITCHING attempts=1 streak=0 attempt=1
[2026-09-18T02:23:29.452Z] batch=field-waveform-1789698193559-16 D1 MODE_SWITCH_OK state=MODE_SWITCH_OK attempts=1 streak=0
[2026-09-18T02:23:29.452Z] batch=field-waveform-1789698193559-16 D5 MODE_SWITCH_START state=MODE_SWITCHING attempts=1 streak=0 attempt=1
[2026-09-18T02:23:29.453Z] batch=field-waveform-1789698193559-16 D5 MODE_SWITCH_OK state=MODE_SWITCH_OK attempts=1 streak=0
[2026-09-18T02:23:29.455Z] batch=field-waveform-1789698193559-16 D2 MODE_SWITCH_START state=MODE_SWITCHING attempts=1 streak=0 attempt=1
[2026-09-18T02:23:29.456Z] batch=field-waveform-1789698193559-16 D2 MODE_SWITCH_OK state=MODE_SWITCH_OK attempts=1 streak=0
[2026-09-18T02:23:29.738Z] batch=field-waveform-1789698193559-16 D6 MODE_SWITCH_START state=MODE_SWITCHING attempts=1 streak=0 attempt=1
[2026-09-18T02:23:29.739Z] batch=field-waveform-1789698193559-16 D6 MODE_SWITCH_OK state=MODE_SWITCH_OK attempts=1 streak=0
[2026-09-18T02:23:39.457Z] batch=field-waveform-1789698193559-16 D3 MODE_SWITCH_START state=MODE_SWITCHING attempts=1 streak=0 attempt=1
[2026-09-18T02:23:39.458Z] batch=field-waveform-1789698193559-16 D3 MODE_SWITCH_OK state=MODE_SWITCH_OK attempts=1 streak=0
[2026-09-18T02:23:39.460Z] batch=field-waveform-1789698193559-16 D4 MODE_SWITCH_START state=MODE_SWITCHING attempts=1 streak=0 attempt=1
[2026-09-18T02:23:39.462Z] batch=field-waveform-1789698193559-16 D4 MODE_SWITCH_OK state=MODE_SWITCH_OK attempts=1 streak=0
[2026-09-18T02:23:39.463Z] batch=field-waveform-1789698193559-16 D1 MODE_SWITCH_START state=MODE_SWITCHING attempts=1 streak=0 attempt=1
[2026-09-18T02:23:39.466Z] batch=field-waveform-1789698193559-16 D1 MODE_SWITCH_OK state=MODE_SWITCH_OK attempts=1 streak=0
[2026-09-18T02:23:39.467Z] batch=field-waveform-1789698193559-16 D5 MODE_SWITCH_START state=MODE_SWITCHING attempts=1 streak=0 attempt=1
[2026-09-18T02:23:39.469Z] batch=field-waveform-1789698193559-16 D5 MODE_SWITCH_OK state=MODE_SWITCH_OK attempts=1 streak=0
[2026-09-18T02:23:39.470Z] batch=field-waveform-1789698193559-16 D2 MODE_SWITCH_START state=MODE_SWITCHING attempts=1 streak=0 attempt=1
[2026-09-18T02:23:39.472Z] batch=field-waveform-1789698193559-16 D2 MODE_SWITCH_OK state=MODE_SWITCH_OK attempts=1 streak=0
[2026-09-18T02:23:39.744Z] batch=field-waveform-1789698193559-16 D6 MODE_SWITCH_START state=MODE_SWITCHING attempts=1 streak=0 attempt=1
[2026-09-18T02:23:39.747Z] batch=field-waveform-1789698193559-16 D6 MODE_SWITCH_OK state=MODE_SWITCH_OK attempts=1 streak=0
[2026-09-18T02:23:44.505Z] batch=field-waveform-1789698193559-16 D2 FIRST_FRAME state=FIRST_FRAME_RECEIVED attempts=1 streak=1
[2026-09-18T02:23:44.506Z] batch=field-waveform-1789698193559-16 D2 FIRST_VALID_SAMPLE state=FIRST_FRAME_RECEIVED attempts=1 streak=1
[2026-09-18T02:23:44.509Z] batch=field-waveform-1789698193559-16 D3 FIRST_FRAME state=FIRST_FRAME_RECEIVED attempts=1 streak=1
[2026-09-18T02:23:44.510Z] batch=field-waveform-1789698193559-16 D3 FIRST_VALID_SAMPLE state=FIRST_FRAME_RECEIVED attempts=1 streak=1
[2026-09-18T02:23:44.522Z] batch=field-waveform-1789698193559-16 D5 FIRST_FRAME state=FIRST_FRAME_RECEIVED attempts=1 streak=1
[2026-09-18T02:23:44.522Z] batch=field-waveform-1789698193559-16 D5 FIRST_VALID_SAMPLE state=FIRST_FRAME_RECEIVED attempts=1 streak=1
[2026-09-18T02:23:44.523Z] batch=field-waveform-1789698193559-16 D1 FIRST_FRAME state=FIRST_FRAME_RECEIVED attempts=1 streak=1
[2026-09-18T02:23:44.524Z] batch=field-waveform-1789698193559-16 D1 FIRST_VALID_SAMPLE state=FIRST_FRAME_RECEIVED attempts=1 streak=1
[2026-09-18T02:23:44.528Z] batch=field-waveform-1789698193559-16 D4 FIRST_FRAME state=FIRST_FRAME_RECEIVED attempts=1 streak=1
[2026-09-18T02:23:44.529Z] batch=field-waveform-1789698193559-16 D4 FIRST_VALID_SAMPLE state=FIRST_FRAME_RECEIVED attempts=1 streak=1
[2026-09-18T02:23:44.759Z] batch=field-waveform-1789698193559-16 D2 CHANNEL_SYNC_OK state=TEST_READY attempts=1 streak=5
[2026-09-18T02:23:44.760Z] batch=field-waveform-1789698193559-16 D2 TEST_READY state=TEST_READY attempts=1 streak=5
[2026-09-18T02:23:44.761Z] batch=field-waveform-1789698193559-16 D3 CHANNEL_SYNC_OK state=TEST_READY attempts=1 streak=5
[2026-09-18T02:23:44.761Z] batch=field-waveform-1789698193559-16 D3 TEST_READY state=TEST_READY attempts=1 streak=5
[2026-09-18T02:23:44.772Z] batch=field-waveform-1789698193559-16 D4 CHANNEL_SYNC_OK state=TEST_READY attempts=1 streak=5
[2026-09-18T02:23:44.773Z] batch=field-waveform-1789698193559-16 D4 TEST_READY state=TEST_READY attempts=1 streak=5
[2026-09-18T02:23:44.800Z] batch=field-waveform-1789698193559-16 D1 CHANNEL_SYNC_OK state=TEST_READY attempts=1 streak=5
[2026-09-18T02:23:44.800Z] batch=field-waveform-1789698193559-16 D1 TEST_READY state=TEST_READY attempts=1 streak=5
[2026-09-18T02:23:44.802Z] batch=field-waveform-1789698193559-16 D5 CHANNEL_SYNC_OK state=TEST_READY attempts=1 streak=5
[2026-09-18T02:23:44.803Z] batch=field-waveform-1789698193559-16 D5 TEST_READY state=TEST_READY attempts=1 streak=5
[2026-09-18T02:23:44.827Z] batch=field-waveform-1789698193559-16 D6 FIRST_FRAME state=FIRST_FRAME_RECEIVED attempts=1 streak=1
[2026-09-18T02:23:44.828Z] batch=field-waveform-1789698193559-16 D6 FIRST_VALID_SAMPLE state=FIRST_FRAME_RECEIVED attempts=1 streak=1
[2026-09-18T02:23:45.073Z] batch=field-waveform-1789698193559-16 D6 CHANNEL_SYNC_OK state=TEST_READY attempts=1 streak=5
[2026-09-18T02:23:45.074Z] batch=field-waveform-1789698193559-16 D6 TEST_READY state=TEST_READY attempts=1 streak=5
[2026-09-18T02:23:55.455Z] batch=field-waveform-1789698193559-16 D2 MODE_SWITCH_START state=MODE_SWITCHING attempts=1 streak=0 attempt=1
[2026-09-18T02:23:55.460Z] batch=field-waveform-1789698193559-16 D2 MODE_SWITCH_OK state=MODE_SWITCH_OK attempts=1 streak=0
[2026-09-18T02:23:55.460Z] batch=field-waveform-1789698193559-16 D3 MODE_SWITCH_START state=MODE_SWITCHING attempts=1 streak=0 attempt=1
[2026-09-18T02:23:55.462Z] batch=field-waveform-1789698193559-16 D3 MODE_SWITCH_OK state=MODE_SWITCH_OK attempts=1 streak=0
[2026-09-18T02:23:55.470Z] batch=field-waveform-1789698193559-16 D4 MODE_SWITCH_START state=MODE_SWITCHING attempts=1 streak=0 attempt=1
[2026-09-18T02:23:55.472Z] batch=field-waveform-1789698193559-16 D4 MODE_SWITCH_OK state=MODE_SWITCH_OK attempts=1 streak=0
[2026-09-18T02:23:55.473Z] batch=field-waveform-1789698193559-16 D1 MODE_SWITCH_START state=MODE_SWITCHING attempts=1 streak=0 attempt=1
[2026-09-18T02:23:55.475Z] batch=field-waveform-1789698193559-16 D1 MODE_SWITCH_OK state=MODE_SWITCH_OK attempts=1 streak=0
[2026-09-18T02:23:55.478Z] batch=field-waveform-1789698193559-16 D5 MODE_SWITCH_START state=MODE_SWITCHING attempts=1 streak=0 attempt=1
[2026-09-18T02:23:55.479Z] batch=field-waveform-1789698193559-16 D5 MODE_SWITCH_OK state=MODE_SWITCH_OK attempts=1 streak=0
[2026-09-18T02:23:55.481Z] batch=field-waveform-1789698193559-16 D6 MODE_SWITCH_START state=MODE_SWITCHING attempts=1 streak=0 attempt=1
[2026-09-18T02:23:55.482Z] batch=field-waveform-1789698193559-16 D6 MODE_SWITCH_OK state=MODE_SWITCH_OK attempts=1 streak=0
[2026-09-18T02:24:00.509Z] batch=field-waveform-1789698193559-16 D2 FIRST_FRAME state=FIRST_FRAME_RECEIVED attempts=1 streak=1
[2026-09-18T02:24:00.509Z] batch=field-waveform-1789698193559-16 D2 FIRST_VALID_SAMPLE state=FIRST_FRAME_RECEIVED attempts=1 streak=1
[2026-09-18T02:24:00.512Z] batch=field-waveform-1789698193559-16 D3 FIRST_FRAME state=FIRST_FRAME_RECEIVED attempts=1 streak=1
[2026-09-18T02:24:00.512Z] batch=field-waveform-1789698193559-16 D3 FIRST_VALID_SAMPLE state=FIRST_FRAME_RECEIVED attempts=1 streak=1
[2026-09-18T02:24:00.526Z] batch=field-waveform-1789698193559-16 D4 FIRST_FRAME state=FIRST_FRAME_RECEIVED attempts=1 streak=1
[2026-09-18T02:24:00.527Z] batch=field-waveform-1789698193559-16 D4 FIRST_VALID_SAMPLE state=FIRST_FRAME_RECEIVED attempts=1 streak=1
[2026-09-18T02:24:00.529Z] batch=field-waveform-1789698193559-16 D1 FIRST_FRAME state=FIRST_FRAME_RECEIVED attempts=1 streak=1
[2026-09-18T02:24:00.529Z] batch=field-waveform-1789698193559-16 D1 FIRST_VALID_SAMPLE state=FIRST_FRAME_RECEIVED attempts=1 streak=1
[2026-09-18T02:24:00.533Z] batch=field-waveform-1789698193559-16 D5 FIRST_FRAME state=FIRST_FRAME_RECEIVED attempts=1 streak=1
[2026-09-18T02:24:00.533Z] batch=field-waveform-1789698193559-16 D5 FIRST_VALID_SAMPLE state=FIRST_FRAME_RECEIVED attempts=1 streak=1
[2026-09-18T02:24:00.585Z] batch=field-waveform-1789698193559-16 D6 FIRST_FRAME state=FIRST_FRAME_RECEIVED attempts=1 streak=1
[2026-09-18T02:24:00.586Z] batch=field-waveform-1789698193559-16 D6 FIRST_VALID_SAMPLE state=FIRST_FRAME_RECEIVED attempts=1 streak=1
[2026-09-18T02:24:00.759Z] batch=field-waveform-1789698193559-16 D3 CHANNEL_SYNC_OK state=TEST_READY attempts=1 streak=5
[2026-09-18T02:24:00.759Z] batch=field-waveform-1789698193559-16 D3 TEST_READY state=TEST_READY attempts=1 streak=5
[2026-09-18T02:24:00.760Z] batch=field-waveform-1789698193559-16 D2 CHANNEL_SYNC_OK state=TEST_READY attempts=1 streak=5
[2026-09-18T02:24:00.761Z] batch=field-waveform-1789698193559-16 D2 TEST_READY state=TEST_READY attempts=1 streak=5
[2026-09-18T02:24:00.794Z] batch=field-waveform-1789698193559-16 D5 CHANNEL_SYNC_OK state=TEST_READY attempts=1 streak=5
[2026-09-18T02:24:00.794Z] batch=field-waveform-1789698193559-16 D5 TEST_READY state=TEST_READY attempts=1 streak=5
[2026-09-18T02:24:00.795Z] batch=field-waveform-1789698193559-16 D1 CHANNEL_SYNC_OK state=TEST_READY attempts=1 streak=5
[2026-09-18T02:24:00.795Z] batch=field-waveform-1789698193559-16 D1 TEST_READY state=TEST_READY attempts=1 streak=5
[2026-09-18T02:24:00.796Z] batch=field-waveform-1789698193559-16 D4 CHANNEL_SYNC_OK state=TEST_READY attempts=1 streak=5
[2026-09-18T02:24:00.797Z] batch=field-waveform-1789698193559-16 D4 TEST_READY state=TEST_READY attempts=1 streak=5
[2026-09-18T02:24:00.843Z] batch=field-waveform-1789698193559-16 D6 CHANNEL_SYNC_OK state=TEST_READY attempts=1 streak=5
[2026-09-18T02:24:00.843Z] batch=field-waveform-1789698193559-16 D6 TEST_READY state=TEST_READY attempts=1 streak=5
[2026-09-18T02:24:52.086Z] batch=field-waveform-1789698193559-16 D4 MODE_SWITCH_START state=MODE_SWITCHING attempts=1 streak=0 attempt=1
[2026-09-18T02:24:52.087Z] batch=field-waveform-1789698193559-16 D4 MODE_SWITCH_OK state=MODE_SWITCH_OK attempts=1 streak=0
[2026-09-18T02:24:52.089Z] batch=field-waveform-1789698193559-16 D2 MODE_SWITCH_START state=MODE_SWITCHING attempts=1 streak=0 attempt=1
[2026-09-18T02:24:52.090Z] batch=field-waveform-1789698193559-16 D2 MODE_SWITCH_OK state=MODE_SWITCH_OK attempts=1 streak=0
[2026-09-18T02:24:52.093Z] batch=field-waveform-1789698193559-16 D3 MODE_SWITCH_START state=MODE_SWITCHING attempts=1 streak=0 attempt=1
[2026-09-18T02:24:52.094Z] batch=field-waveform-1789698193559-16 D3 MODE_SWITCH_OK state=MODE_SWITCH_OK attempts=1 streak=0
[2026-09-18T02:24:52.114Z] batch=field-waveform-1789698193559-16 D6 MODE_SWITCH_START state=MODE_SWITCHING attempts=1 streak=0 attempt=1
[2026-09-18T02:24:52.115Z] batch=field-waveform-1789698193559-16 D6 MODE_SWITCH_OK state=MODE_SWITCH_OK attempts=1 streak=0
[2026-09-18T02:24:52.123Z] batch=field-waveform-1789698193559-16 D5 MODE_SWITCH_START state=MODE_SWITCHING attempts=1 streak=0 attempt=1
[2026-09-18T02:24:52.123Z] batch=field-waveform-1789698193559-16 D5 MODE_SWITCH_OK state=MODE_SWITCH_OK attempts=1 streak=0
[2026-09-18T02:24:52.126Z] batch=field-waveform-1789698193559-16 D1 MODE_SWITCH_START state=MODE_SWITCHING attempts=1 streak=0 attempt=1
[2026-09-18T02:24:52.127Z] batch=field-waveform-1789698193559-16 D1 MODE_SWITCH_OK state=MODE_SWITCH_OK attempts=1 streak=0
[2026-09-18T02:25:02.201Z] batch=field-waveform-1789698193559-16 D4 MODE_SWITCH_START state=MODE_SWITCHING attempts=1 streak=0 attempt=1
[2026-09-18T02:25:02.201Z] batch=field-waveform-1789698193559-16 D4 MODE_SWITCH_OK state=MODE_SWITCH_OK attempts=1 streak=0
[2026-09-18T02:25:02.204Z] batch=field-waveform-1789698193559-16 D2 MODE_SWITCH_START state=MODE_SWITCHING attempts=1 streak=0 attempt=1
[2026-09-18T02:25:02.205Z] batch=field-waveform-1789698193559-16 D2 MODE_SWITCH_OK state=MODE_SWITCH_OK attempts=1 streak=0
[2026-09-18T02:25:02.208Z] batch=field-waveform-1789698193559-16 D3 MODE_SWITCH_START state=MODE_SWITCHING attempts=1 streak=0 attempt=1
[2026-09-18T02:25:02.209Z] batch=field-waveform-1789698193559-16 D3 MODE_SWITCH_OK state=MODE_SWITCH_OK attempts=1 streak=0
[2026-09-18T02:25:02.215Z] batch=field-waveform-1789698193559-16 D6 MODE_SWITCH_START state=MODE_SWITCHING attempts=1 streak=0 attempt=1
[2026-09-18T02:25:02.216Z] batch=field-waveform-1789698193559-16 D6 MODE_SWITCH_OK state=MODE_SWITCH_OK attempts=1 streak=0
[2026-09-18T02:25:02.219Z] batch=field-waveform-1789698193559-16 D5 MODE_SWITCH_START state=MODE_SWITCHING attempts=1 streak=0 attempt=1
[2026-09-18T02:25:02.220Z] batch=field-waveform-1789698193559-16 D5 MODE_SWITCH_OK state=MODE_SWITCH_OK attempts=1 streak=0
[2026-09-18T02:25:02.222Z] batch=field-waveform-1789698193559-16 D1 MODE_SWITCH_START state=MODE_SWITCHING attempts=1 streak=0 attempt=1
[2026-09-18T02:25:02.224Z] batch=field-waveform-1789698193559-16 D1 MODE_SWITCH_OK state=MODE_SWITCH_OK attempts=1 streak=0
[2026-09-18T02:25:07.297Z] batch=field-waveform-1789698193559-16 D4 FIRST_FRAME state=FIRST_FRAME_RECEIVED attempts=1 streak=1
[2026-09-18T02:25:07.298Z] batch=field-waveform-1789698193559-16 D4 FIRST_VALID_SAMPLE state=FIRST_FRAME_RECEIVED attempts=1 streak=1
[2026-09-18T02:25:07.298Z] batch=field-waveform-1789698193559-16 D3 FIRST_FRAME state=FIRST_FRAME_RECEIVED attempts=1 streak=1
[2026-09-18T02:25:07.299Z] batch=field-waveform-1789698193559-16 D3 FIRST_VALID_SAMPLE state=FIRST_FRAME_RECEIVED attempts=1 streak=1
[2026-09-18T02:25:07.366Z] batch=field-waveform-1789698193559-16 D6 FIRST_FRAME state=FIRST_FRAME_RECEIVED attempts=1 streak=1
[2026-09-18T02:25:07.367Z] batch=field-waveform-1789698193559-16 D6 FIRST_VALID_SAMPLE state=FIRST_FRAME_RECEIVED attempts=1 streak=1
[2026-09-18T02:25:07.409Z] batch=field-waveform-1789698193559-16 D1 FIRST_FRAME state=FIRST_FRAME_RECEIVED attempts=1 streak=1
[2026-09-18T02:25:07.409Z] batch=field-waveform-1789698193559-16 D1 FIRST_VALID_SAMPLE state=FIRST_FRAME_RECEIVED attempts=1 streak=1
[2026-09-18T02:25:07.411Z] batch=field-waveform-1789698193559-16 D5 FIRST_FRAME state=FIRST_FRAME_RECEIVED attempts=1 streak=1
[2026-09-18T02:25:07.411Z] batch=field-waveform-1789698193559-16 D5 FIRST_VALID_SAMPLE state=FIRST_FRAME_RECEIVED attempts=1 streak=1
[2026-09-18T02:25:07.412Z] batch=field-waveform-1789698193559-16 D2 FIRST_FRAME state=FIRST_FRAME_RECEIVED attempts=1 streak=1
[2026-09-18T02:25:07.412Z] batch=field-waveform-1789698193559-16 D2 FIRST_VALID_SAMPLE state=FIRST_FRAME_RECEIVED attempts=1 streak=1
[2026-09-18T02:25:07.548Z] batch=field-waveform-1789698193559-16 D6 CHANNEL_SYNC_OK state=TEST_READY attempts=1 streak=5
[2026-09-18T02:25:07.549Z] batch=field-waveform-1789698193559-16 D6 TEST_READY state=TEST_READY attempts=1 streak=5
[2026-09-18T02:25:07.555Z] batch=field-waveform-1789698193559-16 D2 CHANNEL_SYNC_OK state=TEST_READY attempts=1 streak=5
[2026-09-18T02:25:07.555Z] batch=field-waveform-1789698193559-16 D2 TEST_READY state=TEST_READY attempts=1 streak=5
[2026-09-18T02:25:07.557Z] batch=field-waveform-1789698193559-16 D4 CHANNEL_SYNC_OK state=TEST_READY attempts=1 streak=5
[2026-09-18T02:25:07.557Z] batch=field-waveform-1789698193559-16 D4 TEST_READY state=TEST_READY attempts=1 streak=5
[2026-09-18T02:25:07.558Z] batch=field-waveform-1789698193559-16 D3 CHANNEL_SYNC_OK state=TEST_READY attempts=1 streak=5
[2026-09-18T02:25:07.558Z] batch=field-waveform-1789698193559-16 D3 TEST_READY state=TEST_READY attempts=1 streak=5
[2026-09-18T02:25:07.559Z] batch=field-waveform-1789698193559-16 D1 CHANNEL_SYNC_OK state=TEST_READY attempts=1 streak=5
[2026-09-18T02:25:07.559Z] batch=field-waveform-1789698193559-16 D1 TEST_READY state=TEST_READY attempts=1 streak=5
[2026-09-18T02:25:07.715Z] batch=field-waveform-1789698193559-16 D5 CHANNEL_SYNC_OK state=TEST_READY attempts=1 streak=5
[2026-09-18T02:25:07.716Z] batch=field-waveform-1789698193559-16 D5 TEST_READY state=TEST_READY attempts=1 streak=5
