[2026-09-10T06:47:21.098Z] batch=field-waveform-1789022681792-15 D6 MODE_SWITCH_START state=MODE_SWITCHING attempts=1 streak=0 attempt=1
[2026-09-10T06:47:21.110Z] batch=field-waveform-1789022681792-15 D6 MODE_SWITCH_OK state=MODE_SWITCH_OK attempts=1 streak=0
[2026-09-10T06:47:21.121Z] batch=field-waveform-1789022681792-15 D3 MODE_SWITCH_START state=MODE_SWITCHING attempts=1 streak=0 attempt=1
[2026-09-10T06:47:21.131Z] batch=field-waveform-1789022681792-15 D3 MODE_SWITCH_OK state=MODE_SWITCH_OK attempts=1 streak=0
[2026-09-10T06:47:21.140Z] batch=field-waveform-1789022681792-15 D1 MODE_SWITCH_START state=MODE_SWITCHING attempts=1 streak=0 attempt=1
[2026-09-10T06:47:21.147Z] batch=field-waveform-1789022681792-15 D1 MODE_SWITCH_OK state=MODE_SWITCH_OK attempts=1 streak=0
[2026-09-10T06:47:21.154Z] batch=field-waveform-1789022681792-15 D2 MODE_SWITCH_START state=MODE_SWITCHING attempts=1 streak=0 attempt=1
[2026-09-10T06:47:21.163Z] batch=field-waveform-1789022681792-15 D2 MODE_SWITCH_OK state=MODE_SWITCH_OK attempts=1 streak=0
[2026-09-10T06:47:21.178Z] batch=field-waveform-1789022681792-15 D4 MODE_SWITCH_START state=MODE_SWITCHING attempts=1 streak=0 attempt=1
[2026-09-10T06:47:21.182Z] batch=field-waveform-1789022681792-15 D4 MODE_SWITCH_OK state=MODE_SWITCH_OK attempts=1 streak=0
[2026-09-10T06:47:21.196Z] batch=field-waveform-1789022681792-15 D5 MODE_SWITCH_START state=MODE_SWITCHING attempts=1 streak=0 attempt=1
[2026-09-10T06:47:21.199Z] batch=field-waveform-1789022681792-15 D5 MODE_SWITCH_OK state=MODE_SWITCH_OK attempts=1 streak=0
[2026-09-10T06:47:31.390Z] batch=field-waveform-1789022681792-15 D6 MODE_SWITCH_START state=MODE_SWITCHING attempts=1 streak=0 attempt=1
[2026-09-10T06:47:31.406Z] batch=field-waveform-1789022681792-15 D6 MODE_SWITCH_OK state=MODE_SWITCH_OK attempts=1 streak=0
[2026-09-10T06:47:31.413Z] batch=field-waveform-1789022681792-15 D3 MODE_SWITCH_START state=MODE_SWITCHING attempts=1 streak=0 attempt=1
[2026-09-10T06:47:31.414Z] batch=field-waveform-1789022681792-15 D3 MODE_SWITCH_OK state=MODE_SWITCH_OK attempts=1 streak=0
[2026-09-10T06:47:31.433Z] batch=field-waveform-1789022681792-15 D1 MODE_SWITCH_START state=MODE_SWITCHING attempts=1 streak=0 attempt=1
[2026-09-10T06:47:31.436Z] batch=field-waveform-1789022681792-15 D1 MODE_SWITCH_OK state=MODE_SWITCH_OK attempts=1 streak=0
[2026-09-10T06:47:31.443Z] batch=field-waveform-1789022681792-15 D2 MODE_SWITCH_START state=MODE_SWITCHING attempts=1 streak=0 attempt=1
[2026-09-10T06:47:31.444Z] batch=field-waveform-1789022681792-15 D2 MODE_SWITCH_OK state=MODE_SWITCH_OK attempts=1 streak=0
[2026-09-10T06:47:31.452Z] batch=field-waveform-1789022681792-15 D4 MODE_SWITCH_START state=MODE_SWITCHING attempts=1 streak=0 attempt=1
[2026-09-10T06:47:31.456Z] batch=field-waveform-1789022681792-15 D4 MODE_SWITCH_OK state=MODE_SWITCH_OK attempts=1 streak=0
[2026-09-10T06:47:31.463Z] batch=field-waveform-1789022681792-15 D5 MODE_SWITCH_START state=MODE_SWITCHING attempts=1 streak=0 attempt=1
[2026-09-10T06:47:31.467Z] batch=field-waveform-1789022681792-15 D5 MODE_SWITCH_OK state=MODE_SWITCH_OK attempts=1 streak=0
[2026-09-10T06:47:41.499Z] batch=field-waveform-1789022681792-15 D6 MODE_SWITCH_START state=MODE_SWITCHING attempts=1 streak=0 attempt=1
[2026-09-10T06:47:41.511Z] batch=field-waveform-1789022681792-15 D6 MODE_SWITCH_OK state=MODE_SWITCH_OK attempts=1 streak=0
[2026-09-10T06:47:41.518Z] batch=field-waveform-1789022681792-15 D3 MODE_SWITCH_START state=MODE_SWITCHING attempts=1 streak=0 attempt=1
[2026-09-10T06:47:41.520Z] batch=field-waveform-1789022681792-15 D3 MODE_SWITCH_OK state=MODE_SWITCH_OK attempts=1 streak=0
[2026-09-10T06:47:41.535Z] batch=field-waveform-1789022681792-15 D1 MODE_SWITCH_START state=MODE_SWITCHING attempts=1 streak=0 attempt=1
[2026-09-10T06:47:41.537Z] batch=field-waveform-1789022681792-15 D1 MODE_SWITCH_OK state=MODE_SWITCH_OK attempts=1 streak=0
[2026-09-10T06:47:41.554Z] batch=field-waveform-1789022681792-15 D2 MODE_SWITCH_START state=MODE_SWITCHING attempts=1 streak=0 attempt=1
[2026-09-10T06:47:41.557Z] batch=field-waveform-1789022681792-15 D2 MODE_SWITCH_OK state=MODE_SWITCH_OK attempts=1 streak=0
[2026-09-10T06:47:41.564Z] batch=field-waveform-1789022681792-15 D4 MODE_SWITCH_START state=MODE_SWITCHING attempts=1 streak=0 attempt=1
[2026-09-10T06:47:41.568Z] batch=field-waveform-1789022681792-15 D4 MODE_SWITCH_OK state=MODE_SWITCH_OK attempts=1 streak=0
[2026-09-10T06:47:41.575Z] batch=field-waveform-1789022681792-15 D5 MODE_SWITCH_START state=MODE_SWITCHING attempts=1 streak=0 attempt=1
[2026-09-10T06:47:41.578Z] batch=field-waveform-1789022681792-15 D5 MODE_SWITCH_OK state=MODE_SWITCH_OK attempts=1 streak=0
[2026-09-10T06:47:51.043Z] batch=field-waveform-1789022871042-16 D1 MODE_SWITCH_START state=MODE_SWITCHING attempts=1 streak=0 attempt=1
[2026-09-10T06:47:51.054Z] batch=field-waveform-1789022871042-16 D2 MODE_SWITCH_START state=MODE_SWITCHING attempts=1 streak=0 attempt=1
[2026-09-10T06:47:51.055Z] batch=field-waveform-1789022871042-16 D3 MODE_SWITCH_START state=MODE_SWITCHING attempts=1 streak=0 attempt=1
[2026-09-10T06:47:51.065Z] batch=field-waveform-1789022871042-16 D4 MODE_SWITCH_START state=MODE_SWITCHING attempts=1 streak=0 attempt=1
[2026-09-10T06:47:51.067Z] batch=field-waveform-1789022871042-16 D5 MODE_SWITCH_START state=MODE_SWITCHING attempts=1 streak=0 attempt=1
[2026-09-10T06:47:51.068Z] batch=field-waveform-1789022871042-16 D6 MODE_SWITCH_START state=MODE_SWITCHING attempts=1 streak=0 attempt=1
[2026-09-10T06:47:51.071Z] batch=field-waveform-1789022871042-16 D1 MODE_SWITCH_OK state=MODE_SWITCH_OK attempts=1 streak=0
[2026-09-10T06:47:51.071Z] batch=field-waveform-1789022871042-16 D2 MODE_SWITCH_OK state=MODE_SWITCH_OK attempts=1 streak=0
[2026-09-10T06:47:51.072Z] batch=field-waveform-1789022871042-16 D3 MODE_SWITCH_OK state=MODE_SWITCH_OK attempts=1 streak=0
[2026-09-10T06:47:51.073Z] batch=field-waveform-1789022871042-16 D4 MODE_SWITCH_OK state=MODE_SWITCH_OK attempts=1 streak=0
[2026-09-10T06:47:51.073Z] batch=field-waveform-1789022871042-16 D5 MODE_SWITCH_OK state=MODE_SWITCH_OK attempts=1 streak=0
[2026-09-10T06:47:51.074Z] batch=field-waveform-1789022871042-16 D6 MODE_SWITCH_OK state=MODE_SWITCH_OK attempts=1 streak=0
[2026-09-10T06:47:51.523Z] batch=field-waveform-1789022871042-16 D6 MODE_SWITCH_START state=MODE_SWITCHING attempts=1 streak=0 attempt=1
[2026-09-10T06:47:51.526Z] batch=field-waveform-1789022871042-16 D6 MODE_SWITCH_OK state=MODE_SWITCH_OK attempts=1 streak=0
[2026-09-10T06:47:51.528Z] batch=field-waveform-1789022871042-16 D3 MODE_SWITCH_START state=MODE_SWITCHING attempts=1 streak=0 attempt=1
[2026-09-10T06:47:51.545Z] batch=field-waveform-1789022871042-16 D3 MODE_SWITCH_OK state=MODE_SWITCH_OK attempts=1 streak=0
[2026-09-10T06:47:51.549Z] batch=field-waveform-1789022871042-16 D1 MODE_SWITCH_START state=MODE_SWITCHING attempts=1 streak=0 attempt=1
[2026-09-10T06:47:51.553Z] batch=field-waveform-1789022871042-16 D1 MODE_SWITCH_OK state=MODE_SWITCH_OK attempts=1 streak=0
[2026-09-10T06:47:51.557Z] batch=field-waveform-1789022871042-16 D2 MODE_SWITCH_START state=MODE_SWITCHING attempts=1 streak=0 attempt=1
[2026-09-10T06:47:51.559Z] batch=field-waveform-1789022871042-16 D2 MODE_SWITCH_OK state=MODE_SWITCH_OK attempts=1 streak=0
[2026-09-10T06:47:51.569Z] batch=field-waveform-1789022871042-16 D4 MODE_SWITCH_START state=MODE_SWITCHING attempts=1 streak=0 attempt=1
[2026-09-10T06:47:51.571Z] batch=field-waveform-1789022871042-16 D4 MODE_SWITCH_OK state=MODE_SWITCH_OK attempts=1 streak=0
[2026-09-10T06:47:51.583Z] batch=field-waveform-1789022871042-16 D5 MODE_SWITCH_START state=MODE_SWITCHING attempts=1 streak=0 attempt=1
[2026-09-10T06:47:51.587Z] batch=field-waveform-1789022871042-16 D5 MODE_SWITCH_OK state=MODE_SWITCH_OK attempts=1 streak=0
[2026-09-10T06:48:01.529Z] batch=field-waveform-1789022871042-16 D6 MODE_SWITCH_START state=MODE_SWITCHING attempts=1 streak=0 attempt=1
[2026-09-10T06:48:01.540Z] batch=field-waveform-1789022871042-16 D6 MODE_SWITCH_OK state=MODE_SWITCH_OK attempts=1 streak=0
[2026-09-10T06:48:01.549Z] batch=field-waveform-1789022871042-16 D3 MODE_SWITCH_START state=MODE_SWITCHING attempts=1 streak=0 attempt=1
[2026-09-10T06:48:01.550Z] batch=field-waveform-1789022871042-16 D3 MODE_SWITCH_OK state=MODE_SWITCH_OK attempts=1 streak=0
[2026-09-10T06:48:01.553Z] batch=field-waveform-1789022871042-16 D1 MODE_SWITCH_START state=MODE_SWITCHING attempts=1 streak=0 attempt=1
[2026-09-10T06:48:01.560Z] batch=field-waveform-1789022871042-16 D1 MODE_SWITCH_OK state=MODE_SWITCH_OK attempts=1 streak=0
[2026-09-10T06:48:01.562Z] batch=field-waveform-1789022871042-16 D2 MODE_SWITCH_START state=MODE_SWITCHING attempts=1 streak=0 attempt=1
[2026-09-10T06:48:01.563Z] batch=field-waveform-1789022871042-16 D2 MODE_SWITCH_OK state=MODE_SWITCH_OK attempts=1 streak=0
[2026-09-10T06:48:01.574Z] batch=field-waveform-1789022871042-16 D4 MODE_SWITCH_START state=MODE_SWITCHING attempts=1 streak=0 attempt=1
[2026-09-10T06:48:01.578Z] batch=field-waveform-1789022871042-16 D4 MODE_SWITCH_OK state=MODE_SWITCH_OK attempts=1 streak=0
[2026-09-10T06:48:01.590Z] batch=field-waveform-1789022871042-16 D5 MODE_SWITCH_START state=MODE_SWITCHING attempts=1 streak=0 attempt=1
[2026-09-10T06:48:01.596Z] batch=field-waveform-1789022871042-16 D5 MODE_SWITCH_OK state=MODE_SWITCH_OK attempts=1 streak=0
[2026-09-10T06:48:11.543Z] batch=field-waveform-1789022871042-16 D6 MODE_SWITCH_START state=MODE_SWITCHING attempts=1 streak=0 attempt=1
[2026-09-10T06:48:11.549Z] batch=field-waveform-1789022871042-16 D6 MODE_SWITCH_OK state=MODE_SWITCH_OK attempts=1 streak=0
[2026-09-10T06:48:11.550Z] batch=field-waveform-1789022871042-16 D3 MODE_SWITCH_START state=MODE_SWITCHING attempts=1 streak=0 attempt=1
[2026-09-10T06:48:11.551Z] batch=field-waveform-1789022871042-16 D3 MODE_SWITCH_OK state=MODE_SWITCH_OK attempts=1 streak=0
[2026-09-10T06:48:11.573Z] batch=field-waveform-1789022871042-16 D1 MODE_SWITCH_START state=MODE_SWITCHING attempts=1 streak=0 attempt=1
[2026-09-10T06:48:11.585Z] batch=field-waveform-1789022871042-16 D1 MODE_SWITCH_OK state=MODE_SWITCH_OK attempts=1 streak=0
[2026-09-10T06:48:11.586Z] batch=field-waveform-1789022871042-16 D2 MODE_SWITCH_START state=MODE_SWITCHING attempts=1 streak=0 attempt=1
[2026-09-10T06:48:11.588Z] batch=field-waveform-1789022871042-16 D2 MODE_SWITCH_OK state=MODE_SWITCH_OK attempts=1 streak=0
[2026-09-10T06:48:11.588Z] batch=field-waveform-1789022871042-16 D4 MODE_SWITCH_START state=MODE_SWITCHING attempts=1 streak=0 attempt=1
[2026-09-10T06:48:11.589Z] batch=field-waveform-1789022871042-16 D4 MODE_SWITCH_OK state=MODE_SWITCH_OK attempts=1 streak=0
[2026-09-10T06:48:11.599Z] batch=field-waveform-1789022871042-16 D5 MODE_SWITCH_START state=MODE_SWITCHING attempts=1 streak=0 attempt=1
[2026-09-10T06:48:11.600Z] batch=field-waveform-1789022871042-16 D5 MODE_SWITCH_OK state=MODE_SWITCH_OK attempts=1 streak=0
[2026-09-10T06:48:21.556Z] batch=field-waveform-1789022871042-16 D6 MODE_SWITCH_START state=MODE_SWITCHING attempts=1 streak=0 attempt=1
[2026-09-10T06:48:21.560Z] batch=field-waveform-1789022871042-16 D6 MODE_SWITCH_OK state=MODE_SWITCH_OK attempts=1 streak=0
[2026-09-10T06:48:21.562Z] batch=field-waveform-1789022871042-16 D3 MODE_SWITCH_START state=MODE_SWITCHING attempts=1 streak=0 attempt=1
[2026-09-10T06:48:21.563Z] batch=field-waveform-1789022871042-16 D3 MODE_SWITCH_OK state=MODE_SWITCH_OK attempts=1 streak=0
[2026-09-10T06:48:21.598Z] batch=field-waveform-1789022871042-16 D1 MODE_SWITCH_START state=MODE_SWITCHING attempts=1 streak=0 attempt=1
[2026-09-10T06:48:21.600Z] batch=field-waveform-1789022871042-16 D1 MODE_SWITCH_OK state=MODE_SWITCH_OK attempts=1 streak=0
[2026-09-10T06:48:21.602Z] batch=field-waveform-1789022871042-16 D2 MODE_SWITCH_START state=MODE_SWITCHING attempts=1 streak=0 attempt=1
[2026-09-10T06:48:21.609Z] batch=field-waveform-1789022871042-16 D2 MODE_SWITCH_OK state=MODE_SWITCH_OK attempts=1 streak=0
[2026-09-10T06:48:21.610Z] batch=field-waveform-1789022871042-16 D4 MODE_SWITCH_START state=MODE_SWITCHING attempts=1 streak=0 attempt=1
[2026-09-10T06:48:21.611Z] batch=field-waveform-1789022871042-16 D4 MODE_SWITCH_OK state=MODE_SWITCH_OK attempts=1 streak=0
[2026-09-10T06:48:21.612Z] batch=field-waveform-1789022871042-16 D5 MODE_SWITCH_START state=MODE_SWITCHING attempts=1 streak=0 attempt=1
[2026-09-10T06:48:21.613Z] batch=field-waveform-1789022871042-16 D5 MODE_SWITCH_OK state=MODE_SWITCH_OK attempts=1 streak=0
[2026-09-10T06:48:31.570Z] batch=field-waveform-1789022871042-16 D6 MODE_SWITCH_START state=MODE_SWITCHING attempts=1 streak=0 attempt=1
[2026-09-10T06:48:31.584Z] batch=field-waveform-1789022871042-16 D6 MODE_SWITCH_OK state=MODE_SWITCH_OK attempts=1 streak=0
[2026-09-10T06:48:31.585Z] batch=field-waveform-1789022871042-16 D3 MODE_SWITCH_START state=MODE_SWITCHING attempts=1 streak=0 attempt=1
[2026-09-10T06:48:31.586Z] batch=field-waveform-1789022871042-16 D3 MODE_SWITCH_OK state=MODE_SWITCH_OK attempts=1 streak=0
[2026-09-10T06:48:31.602Z] batch=field-waveform-1789022871042-16 D1 MODE_SWITCH_START state=MODE_SWITCHING attempts=1 streak=0 attempt=1
[2026-09-10T06:48:31.604Z] batch=field-waveform-1789022871042-16 D1 MODE_SWITCH_OK state=MODE_SWITCH_OK attempts=1 streak=0
[2026-09-10T06:48:31.609Z] batch=field-waveform-1789022871042-16 D2 MODE_SWITCH_START state=MODE_SWITCHING attempts=1 streak=0 attempt=1
[2026-09-10T06:48:31.613Z] batch=field-waveform-1789022871042-16 D2 MODE_SWITCH_OK state=MODE_SWITCH_OK attempts=1 streak=0
[2026-09-10T06:48:31.614Z] batch=field-waveform-1789022871042-16 D4 MODE_SWITCH_START state=MODE_SWITCHING attempts=1 streak=0 attempt=1
[2026-09-10T06:48:31.615Z] batch=field-waveform-1789022871042-16 D4 MODE_SWITCH_OK state=MODE_SWITCH_OK attempts=1 streak=0
[2026-09-10T06:48:31.615Z] batch=field-waveform-1789022871042-16 D5 MODE_SWITCH_START state=MODE_SWITCHING attempts=1 streak=0 attempt=1
[2026-09-10T06:48:31.617Z] batch=field-waveform-1789022871042-16 D5 MODE_SWITCH_OK state=MODE_SWITCH_OK attempts=1 streak=0
[2026-09-10T06:48:36.635Z] batch=field-waveform-1789022871042-16 D3 FIRST_FRAME state=FIRST_FRAME_RECEIVED attempts=1 streak=1
[2026-09-10T06:48:36.635Z] batch=field-waveform-1789022871042-16 D3 FIRST_VALID_SAMPLE state=FIRST_FRAME_RECEIVED attempts=1 streak=1
[2026-09-10T06:48:36.661Z] batch=field-waveform-1789022871042-16 D6 FIRST_FRAME state=FIRST_FRAME_RECEIVED attempts=1 streak=1
[2026-09-10T06:48:36.662Z] batch=field-waveform-1789022871042-16 D6 FIRST_VALID_SAMPLE state=FIRST_FRAME_RECEIVED attempts=1 streak=1
[2026-09-10T06:48:36.683Z] batch=field-waveform-1789022871042-16 D1 FIRST_FRAME state=FIRST_FRAME_RECEIVED attempts=1 streak=1
[2026-09-10T06:48:36.683Z] batch=field-waveform-1789022871042-16 D1 FIRST_VALID_SAMPLE state=FIRST_FRAME_RECEIVED attempts=1 streak=1
[2026-09-10T06:48:36.694Z] batch=field-waveform-1789022871042-16 D5 FIRST_FRAME state=FIRST_FRAME_RECEIVED attempts=1 streak=1
[2026-09-10T06:48:36.694Z] batch=field-waveform-1789022871042-16 D5 FIRST_VALID_SAMPLE state=FIRST_FRAME_RECEIVED attempts=1 streak=1
[2026-09-10T06:48:36.710Z] batch=field-waveform-1789022871042-16 D4 FIRST_FRAME state=FIRST_FRAME_RECEIVED attempts=1 streak=1
[2026-09-10T06:48:36.711Z] batch=field-waveform-1789022871042-16 D4 FIRST_VALID_SAMPLE state=FIRST_FRAME_RECEIVED attempts=1 streak=1
[2026-09-10T06:48:36.728Z] batch=field-waveform-1789022871042-16 D2 FIRST_FRAME state=FIRST_FRAME_RECEIVED attempts=1 streak=1
[2026-09-10T06:48:36.729Z] batch=field-waveform-1789022871042-16 D2 FIRST_VALID_SAMPLE state=FIRST_FRAME_RECEIVED attempts=1 streak=1
[2026-09-10T06:48:36.928Z] batch=field-waveform-1789022871042-16 D3 CHANNEL_SYNC_OK state=TEST_READY attempts=1 streak=5
[2026-09-10T06:48:36.928Z] batch=field-waveform-1789022871042-16 D3 TEST_READY state=TEST_READY attempts=1 streak=5
[2026-09-10T06:48:36.955Z] batch=field-waveform-1789022871042-16 D6 CHANNEL_SYNC_OK state=TEST_READY attempts=1 streak=5
[2026-09-10T06:48:36.956Z] batch=field-waveform-1789022871042-16 D6 TEST_READY state=TEST_READY attempts=1 streak=5
[2026-09-10T06:48:36.980Z] batch=field-waveform-1789022871042-16 D5 CHANNEL_SYNC_OK state=TEST_READY attempts=1 streak=5
[2026-09-10T06:48:36.981Z] batch=field-waveform-1789022871042-16 D5 TEST_READY state=TEST_READY attempts=1 streak=5
[2026-09-10T06:48:36.995Z] batch=field-waveform-1789022871042-16 D4 CHANNEL_SYNC_OK state=TEST_READY attempts=1 streak=5
[2026-09-10T06:48:36.995Z] batch=field-waveform-1789022871042-16 D4 TEST_READY state=TEST_READY attempts=1 streak=5
[2026-09-10T06:48:37.003Z] batch=field-waveform-1789022871042-16 D1 CHANNEL_SYNC_OK state=TEST_READY attempts=1 streak=5
[2026-09-10T06:48:37.003Z] batch=field-waveform-1789022871042-16 D1 TEST_READY state=TEST_READY attempts=1 streak=5
[2026-09-10T06:48:37.017Z] batch=field-waveform-1789022871042-16 D2 CHANNEL_SYNC_OK state=TEST_READY attempts=1 streak=5
[2026-09-10T06:48:37.018Z] batch=field-waveform-1789022871042-16 D2 TEST_READY state=TEST_READY attempts=1 streak=5
[2026-09-10T06:49:30.840Z] batch=field-waveform-1789022871042-16 D5 MODE_SWITCH_START state=MODE_SWITCHING attempts=1 streak=0 attempt=1
[2026-09-10T06:49:30.842Z] batch=field-waveform-1789022871042-16 D5 MODE_SWITCH_OK state=MODE_SWITCH_OK attempts=1 streak=0
[2026-09-10T06:49:31.066Z] batch=field-waveform-1789022871042-16 D2 MODE_SWITCH_START state=MODE_SWITCHING attempts=1 streak=0 attempt=1
[2026-09-10T06:49:31.076Z] batch=field-waveform-1789022871042-16 D2 MODE_SWITCH_OK state=MODE_SWITCH_OK attempts=1 streak=0
[2026-09-10T06:49:31.090Z] batch=field-waveform-1789022871042-16 D1 MODE_SWITCH_START state=MODE_SWITCHING attempts=1 streak=0 attempt=1
[2026-09-10T06:49:31.091Z] batch=field-waveform-1789022871042-16 D1 MODE_SWITCH_OK state=MODE_SWITCH_OK attempts=1 streak=0
[2026-09-10T06:49:31.097Z] batch=field-waveform-1789022871042-16 D6 MODE_SWITCH_START state=MODE_SWITCHING attempts=1 streak=0 attempt=1
[2026-09-10T06:49:31.099Z] batch=field-waveform-1789022871042-16 D6 MODE_SWITCH_OK state=MODE_SWITCH_OK attempts=1 streak=0
[2026-09-10T06:49:31.105Z] batch=field-waveform-1789022871042-16 D4 MODE_SWITCH_START state=MODE_SWITCHING attempts=1 streak=0 attempt=1
[2026-09-10T06:49:31.108Z] batch=field-waveform-1789022871042-16 D4 MODE_SWITCH_OK state=MODE_SWITCH_OK attempts=1 streak=0
[2026-09-10T06:49:31.115Z] batch=field-waveform-1789022871042-16 D3 MODE_SWITCH_START state=MODE_SWITCHING attempts=1 streak=0 attempt=1
[2026-09-10T06:49:31.117Z] batch=field-waveform-1789022871042-16 D3 MODE_SWITCH_OK state=MODE_SWITCH_OK attempts=1 streak=0
[2026-09-10T06:49:40.906Z] batch=field-waveform-1789022871042-16 D5 MODE_SWITCH_START state=MODE_SWITCHING attempts=1 streak=0 attempt=1
[2026-09-10T06:49:40.916Z] batch=field-waveform-1789022871042-16 D5 MODE_SWITCH_OK state=MODE_SWITCH_OK attempts=1 streak=0
[2026-09-10T06:49:41.122Z] batch=field-waveform-1789022871042-16 D2 MODE_SWITCH_START state=MODE_SWITCHING attempts=1 streak=0 attempt=1
[2026-09-10T06:49:41.133Z] batch=field-waveform-1789022871042-16 D2 MODE_SWITCH_OK state=MODE_SWITCH_OK attempts=1 streak=0
[2026-09-10T06:49:41.143Z] batch=field-waveform-1789022871042-16 D1 MODE_SWITCH_START state=MODE_SWITCHING attempts=1 streak=0 attempt=1
[2026-09-10T06:49:41.146Z] batch=field-waveform-1789022871042-16 D1 MODE_SWITCH_OK state=MODE_SWITCH_OK attempts=1 streak=0
[2026-09-10T06:49:41.152Z] batch=field-waveform-1789022871042-16 D6 MODE_SWITCH_START state=MODE_SWITCHING attempts=1 streak=0 attempt=1
[2026-09-10T06:49:41.156Z] batch=field-waveform-1789022871042-16 D6 MODE_SWITCH_OK state=MODE_SWITCH_OK attempts=1 streak=0
[2026-09-10T06:49:41.163Z] batch=field-waveform-1789022871042-16 D4 MODE_SWITCH_START state=MODE_SWITCHING attempts=1 streak=0 attempt=1
[2026-09-10T06:49:41.164Z] batch=field-waveform-1789022871042-16 D4 MODE_SWITCH_OK state=MODE_SWITCH_OK attempts=1 streak=0
[2026-09-10T06:49:41.388Z] batch=field-waveform-1789022871042-16 D3 MODE_SWITCH_START state=MODE_SWITCHING attempts=1 streak=0 attempt=1
[2026-09-10T06:49:41.399Z] batch=field-waveform-1789022871042-16 D3 MODE_SWITCH_OK state=MODE_SWITCH_OK attempts=1 streak=0
[2026-09-10T06:49:46.024Z] batch=field-waveform-1789022871042-16 D5 FIRST_FRAME state=FIRST_FRAME_RECEIVED attempts=1 streak=1
[2026-09-10T06:49:46.025Z] batch=field-waveform-1789022871042-16 D5 FIRST_VALID_SAMPLE state=FIRST_FRAME_RECEIVED attempts=1 streak=1
[2026-09-10T06:49:46.265Z] batch=field-waveform-1789022871042-16 D5 CHANNEL_SYNC_OK state=TEST_READY attempts=1 streak=5
[2026-09-10T06:49:46.266Z] batch=field-waveform-1789022871042-16 D5 TEST_READY state=TEST_READY attempts=1 streak=5
[2026-09-10T06:49:46.531Z] batch=field-waveform-1789022871042-16 D2 FIRST_FRAME state=FIRST_FRAME_RECEIVED attempts=1 streak=1
[2026-09-10T06:49:46.532Z] batch=field-waveform-1789022871042-16 D2 FIRST_VALID_SAMPLE state=FIRST_FRAME_RECEIVED attempts=1 streak=1
[2026-09-10T06:49:46.535Z] batch=field-waveform-1789022871042-16 D2 CHANNEL_SYNC_OK state=TEST_READY attempts=1 streak=5
[2026-09-10T06:49:46.535Z] batch=field-waveform-1789022871042-16 D2 TEST_READY state=TEST_READY attempts=1 streak=5
[2026-09-10T06:49:46.536Z] batch=field-waveform-1789022871042-16 D1 FIRST_FRAME state=FIRST_FRAME_RECEIVED attempts=1 streak=1
[2026-09-10T06:49:46.536Z] batch=field-waveform-1789022871042-16 D1 FIRST_VALID_SAMPLE state=FIRST_FRAME_RECEIVED attempts=1 streak=1
[2026-09-10T06:49:46.549Z] batch=field-waveform-1789022871042-16 D1 CHANNEL_SYNC_OK state=TEST_READY attempts=1 streak=5
[2026-09-10T06:49:46.550Z] batch=field-waveform-1789022871042-16 D1 TEST_READY state=TEST_READY attempts=1 streak=5
[2026-09-10T06:49:46.551Z] batch=field-waveform-1789022871042-16 D4 FIRST_FRAME state=FIRST_FRAME_RECEIVED attempts=1 streak=1
[2026-09-10T06:49:46.551Z] batch=field-waveform-1789022871042-16 D4 FIRST_VALID_SAMPLE state=FIRST_FRAME_RECEIVED attempts=1 streak=1
[2026-09-10T06:49:46.556Z] batch=field-waveform-1789022871042-16 D4 CHANNEL_SYNC_OK state=TEST_READY attempts=1 streak=5
[2026-09-10T06:49:46.556Z] batch=field-waveform-1789022871042-16 D4 TEST_READY state=TEST_READY attempts=1 streak=5
[2026-09-10T06:49:46.557Z] batch=field-waveform-1789022871042-16 D6 FIRST_FRAME state=FIRST_FRAME_RECEIVED attempts=1 streak=1
[2026-09-10T06:49:46.557Z] batch=field-waveform-1789022871042-16 D6 FIRST_VALID_SAMPLE state=FIRST_FRAME_RECEIVED attempts=1 streak=1
[2026-09-10T06:49:46.560Z] batch=field-waveform-1789022871042-16 D6 CHANNEL_SYNC_OK state=TEST_READY attempts=1 streak=5
[2026-09-10T06:49:46.561Z] batch=field-waveform-1789022871042-16 D6 TEST_READY state=TEST_READY attempts=1 streak=5
[2026-09-10T06:49:46.568Z] batch=field-waveform-1789022871042-16 D3 FIRST_FRAME state=FIRST_FRAME_RECEIVED attempts=1 streak=1
[2026-09-10T06:49:46.569Z] batch=field-waveform-1789022871042-16 D3 FIRST_VALID_SAMPLE state=FIRST_FRAME_RECEIVED attempts=1 streak=1
[2026-09-10T06:49:46.783Z] batch=field-waveform-1789022871042-16 D3 CHANNEL_SYNC_OK state=TEST_READY attempts=1 streak=5
[2026-09-10T06:49:46.784Z] batch=field-waveform-1789022871042-16 D3 TEST_READY state=TEST_READY attempts=1 streak=5
[2026-09-10T06:50:30.992Z] batch=field-waveform-1789022871042-16 D5 MODE_SWITCH_START state=MODE_SWITCHING attempts=1 streak=0 attempt=1
[2026-09-10T06:50:31.006Z] batch=field-waveform-1789022871042-16 D5 MODE_SWITCH_OK state=MODE_SWITCH_OK attempts=1 streak=0
[2026-09-10T06:50:31.368Z] batch=field-waveform-1789022871042-16 D6 MODE_SWITCH_START state=MODE_SWITCHING attempts=1 streak=0 attempt=1
[2026-09-10T06:50:31.372Z] batch=field-waveform-1789022871042-16 D6 MODE_SWITCH_OK state=MODE_SWITCH_OK attempts=1 streak=0
[2026-09-10T06:50:31.382Z] batch=field-waveform-1789022871042-16 D2 MODE_SWITCH_START state=MODE_SWITCHING attempts=1 streak=0 attempt=1
[2026-09-10T06:50:31.384Z] batch=field-waveform-1789022871042-16 D2 MODE_SWITCH_OK state=MODE_SWITCH_OK attempts=1 streak=0
[2026-09-10T06:50:31.394Z] batch=field-waveform-1789022871042-16 D1 MODE_SWITCH_START state=MODE_SWITCHING attempts=1 streak=0 attempt=1
[2026-09-10T06:50:31.399Z] batch=field-waveform-1789022871042-16 D1 MODE_SWITCH_OK state=MODE_SWITCH_OK attempts=1 streak=0
[2026-09-10T06:50:31.411Z] batch=field-waveform-1789022871042-16 D4 MODE_SWITCH_START state=MODE_SWITCHING attempts=1 streak=0 attempt=1
[2026-09-10T06:50:31.414Z] batch=field-waveform-1789022871042-16 D4 MODE_SWITCH_OK state=MODE_SWITCH_OK attempts=1 streak=0
[2026-09-10T06:50:31.756Z] batch=field-waveform-1789022871042-16 D3 MODE_SWITCH_START state=MODE_SWITCHING attempts=1 streak=0 attempt=1
[2026-09-10T06:50:31.761Z] batch=field-waveform-1789022871042-16 D3 MODE_SWITCH_OK state=MODE_SWITCH_OK attempts=1 streak=0
[2026-09-10T06:50:41.153Z] batch=field-waveform-1789022871042-16 D5 MODE_SWITCH_START state=MODE_SWITCHING attempts=1 streak=0 attempt=1
[2026-09-10T06:50:41.162Z] batch=field-waveform-1789022871042-16 D5 MODE_SWITCH_OK state=MODE_SWITCH_OK attempts=1 streak=0
[2026-09-10T06:50:41.521Z] batch=field-waveform-1789022871042-16 D6 MODE_SWITCH_START state=MODE_SWITCHING attempts=1 streak=0 attempt=1
[2026-09-10T06:50:41.523Z] batch=field-waveform-1789022871042-16 D6 MODE_SWITCH_OK state=MODE_SWITCH_OK attempts=1 streak=0
[2026-09-10T06:50:41.531Z] batch=field-waveform-1789022871042-16 D2 MODE_SWITCH_START state=MODE_SWITCHING attempts=1 streak=0 attempt=1
[2026-09-10T06:50:41.556Z] batch=field-waveform-1789022871042-16 D2 MODE_SWITCH_OK state=MODE_SWITCH_OK attempts=1 streak=0
[2026-09-10T06:50:41.565Z] batch=field-waveform-1789022871042-16 D1 MODE_SWITCH_START state=MODE_SWITCHING attempts=1 streak=0 attempt=1
[2026-09-10T06:50:41.579Z] batch=field-waveform-1789022871042-16 D1 MODE_SWITCH_OK state=MODE_SWITCH_OK attempts=1 streak=0
[2026-09-10T06:50:41.589Z] batch=field-waveform-1789022871042-16 D4 MODE_SWITCH_START state=MODE_SWITCHING attempts=1 streak=0 attempt=1
[2026-09-10T06:50:41.599Z] batch=field-waveform-1789022871042-16 D4 MODE_SWITCH_OK state=MODE_SWITCH_OK attempts=1 streak=0
[2026-09-10T06:50:41.914Z] batch=field-waveform-1789022871042-16 D3 MODE_SWITCH_START state=MODE_SWITCHING attempts=1 streak=0 attempt=1
[2026-09-10T06:50:41.917Z] batch=field-waveform-1789022871042-16 D3 MODE_SWITCH_OK state=MODE_SWITCH_OK attempts=1 streak=0
