[2026-09-14T08:25:51.195Z] batch=field-waveform-1789374351188-5 D1 MODE_SWITCH_START state=MODE_SWITCHING attempts=1 streak=0 attempt=1
[2026-09-14T08:25:51.198Z] batch=field-waveform-1789374351188-5 D2 MODE_SWITCH_START state=MODE_SWITCHING attempts=1 streak=0 attempt=1
[2026-09-14T08:25:51.258Z] batch=field-waveform-1789374351188-5 D3 MODE_SWITCH_START state=MODE_SWITCHING attempts=1 streak=0 attempt=1
[2026-09-14T08:25:51.298Z] batch=field-waveform-1789374351188-5 D4 MODE_SWITCH_START state=MODE_SWITCHING attempts=1 streak=0 attempt=1
[2026-09-14T08:25:51.308Z] batch=field-waveform-1789374351188-5 D5 MODE_SWITCH_START state=MODE_SWITCHING attempts=1 streak=0 attempt=1
[2026-09-14T08:25:51.316Z] batch=field-waveform-1789374351188-5 D6 MODE_SWITCH_START state=MODE_SWITCHING attempts=1 streak=0 attempt=1
[2026-09-14T08:25:51.330Z] batch=field-waveform-1789374351188-5 D1 MODE_SWITCH_OK state=MODE_SWITCH_OK attempts=1 streak=0
[2026-09-14T08:25:51.332Z] batch=field-waveform-1789374351188-5 D2 MODE_SWITCH_OK state=MODE_SWITCH_OK attempts=1 streak=0
[2026-09-14T08:25:51.333Z] batch=field-waveform-1789374351188-5 D3 MODE_SWITCH_OK state=MODE_SWITCH_OK attempts=1 streak=0
[2026-09-14T08:25:51.336Z] batch=field-waveform-1789374351188-5 D4 MODE_SWITCH_OK state=MODE_SWITCH_OK attempts=1 streak=0
[2026-09-14T08:25:51.338Z] batch=field-waveform-1789374351188-5 D5 MODE_SWITCH_OK state=MODE_SWITCH_OK attempts=1 streak=0
[2026-09-14T08:25:51.348Z] batch=field-waveform-1789374351188-5 D6 MODE_SWITCH_OK state=MODE_SWITCH_OK attempts=1 streak=0
[2026-09-14T08:25:53.369Z] batch=field-waveform-1789374351188-5 D5 MODE_SWITCH_START state=MODE_SWITCHING attempts=1 streak=0 attempt=1
[2026-09-14T08:25:53.370Z] batch=field-waveform-1789374351188-5 D5 MODE_SWITCH_OK state=MODE_SWITCH_OK attempts=1 streak=0
[2026-09-14T08:25:53.400Z] batch=field-waveform-1789374351188-5 D4 MODE_SWITCH_START state=MODE_SWITCHING attempts=1 streak=0 attempt=1
[2026-09-14T08:25:53.402Z] batch=field-waveform-1789374351188-5 D4 MODE_SWITCH_OK state=MODE_SWITCH_OK attempts=1 streak=0
[2026-09-14T08:25:53.416Z] batch=field-waveform-1789374351188-5 D2 MODE_SWITCH_START state=MODE_SWITCHING attempts=1 streak=0 attempt=1
[2026-09-14T08:25:53.418Z] batch=field-waveform-1789374351188-5 D2 MODE_SWITCH_OK state=MODE_SWITCH_OK attempts=1 streak=0
[2026-09-14T08:25:53.432Z] batch=field-waveform-1789374351188-5 D1 MODE_SWITCH_START state=MODE_SWITCHING attempts=1 streak=0 attempt=1
[2026-09-14T08:25:53.436Z] batch=field-waveform-1789374351188-5 D1 MODE_SWITCH_OK state=MODE_SWITCH_OK attempts=1 streak=0
[2026-09-14T08:25:53.439Z] batch=field-waveform-1789374351188-5 D3 MODE_SWITCH_START state=MODE_SWITCHING attempts=1 streak=0 attempt=1
[2026-09-14T08:25:53.444Z] batch=field-waveform-1789374351188-5 D3 MODE_SWITCH_OK state=MODE_SWITCH_OK attempts=1 streak=0
[2026-09-14T08:25:54.187Z] batch=field-waveform-1789374351188-5 D6 MODE_SWITCH_START state=MODE_SWITCHING attempts=1 streak=0 attempt=1
[2026-09-14T08:25:54.188Z] batch=field-waveform-1789374351188-5 D6 MODE_SWITCH_OK state=MODE_SWITCH_OK attempts=1 streak=0
[2026-09-14T08:26:03.374Z] batch=field-waveform-1789374351188-5 D5 MODE_SWITCH_START state=MODE_SWITCHING attempts=1 streak=0 attempt=1
[2026-09-14T08:26:03.375Z] batch=field-waveform-1789374351188-5 D5 MODE_SWITCH_OK state=MODE_SWITCH_OK attempts=1 streak=0
[2026-09-14T08:26:03.406Z] batch=field-waveform-1789374351188-5 D4 MODE_SWITCH_START state=MODE_SWITCHING attempts=1 streak=0 attempt=1
[2026-09-14T08:26:03.408Z] batch=field-waveform-1789374351188-5 D4 MODE_SWITCH_OK state=MODE_SWITCH_OK attempts=1 streak=0
[2026-09-14T08:26:03.421Z] batch=field-waveform-1789374351188-5 D2 MODE_SWITCH_START state=MODE_SWITCHING attempts=1 streak=0 attempt=1
[2026-09-14T08:26:03.424Z] batch=field-waveform-1789374351188-5 D2 MODE_SWITCH_OK state=MODE_SWITCH_OK attempts=1 streak=0
[2026-09-14T08:26:03.438Z] batch=field-waveform-1789374351188-5 D1 MODE_SWITCH_START state=MODE_SWITCHING attempts=1 streak=0 attempt=1
[2026-09-14T08:26:03.440Z] batch=field-waveform-1789374351188-5 D1 MODE_SWITCH_OK state=MODE_SWITCH_OK attempts=1 streak=0
[2026-09-14T08:26:03.453Z] batch=field-waveform-1789374351188-5 D3 MODE_SWITCH_START state=MODE_SWITCHING attempts=1 streak=0 attempt=1
[2026-09-14T08:26:03.456Z] batch=field-waveform-1789374351188-5 D3 MODE_SWITCH_OK state=MODE_SWITCH_OK attempts=1 streak=0
[2026-09-14T08:26:04.204Z] batch=field-waveform-1789374351188-5 D6 MODE_SWITCH_START state=MODE_SWITCHING attempts=1 streak=0 attempt=1
[2026-09-14T08:26:04.208Z] batch=field-waveform-1789374351188-5 D6 MODE_SWITCH_OK state=MODE_SWITCH_OK attempts=1 streak=0
[2026-09-14T08:26:13.386Z] batch=field-waveform-1789374351188-5 D5 MODE_SWITCH_START state=MODE_SWITCHING attempts=1 streak=0 attempt=1
[2026-09-14T08:26:13.395Z] batch=field-waveform-1789374351188-5 D5 MODE_SWITCH_OK state=MODE_SWITCH_OK attempts=1 streak=0
[2026-09-14T08:26:13.414Z] batch=field-waveform-1789374351188-5 D4 MODE_SWITCH_START state=MODE_SWITCHING attempts=1 streak=0 attempt=1
[2026-09-14T08:26:13.418Z] batch=field-waveform-1789374351188-5 D4 MODE_SWITCH_OK state=MODE_SWITCH_OK attempts=1 streak=0
[2026-09-14T08:26:13.439Z] batch=field-waveform-1789374351188-5 D2 MODE_SWITCH_START state=MODE_SWITCHING attempts=1 streak=0 attempt=1
[2026-09-14T08:26:13.446Z] batch=field-waveform-1789374351188-5 D2 MODE_SWITCH_OK state=MODE_SWITCH_OK attempts=1 streak=0
[2026-09-14T08:26:13.451Z] batch=field-waveform-1789374351188-5 D1 MODE_SWITCH_START state=MODE_SWITCHING attempts=1 streak=0 attempt=1
[2026-09-14T08:26:13.453Z] batch=field-waveform-1789374351188-5 D1 MODE_SWITCH_OK state=MODE_SWITCH_OK attempts=1 streak=0
[2026-09-14T08:26:13.466Z] batch=field-waveform-1789374351188-5 D3 MODE_SWITCH_START state=MODE_SWITCHING attempts=1 streak=0 attempt=1
[2026-09-14T08:26:13.470Z] batch=field-waveform-1789374351188-5 D3 MODE_SWITCH_OK state=MODE_SWITCH_OK attempts=1 streak=0
[2026-09-14T08:26:14.224Z] batch=field-waveform-1789374351188-5 D6 MODE_SWITCH_START state=MODE_SWITCHING attempts=1 streak=0 attempt=1
[2026-09-14T08:26:14.225Z] batch=field-waveform-1789374351188-5 D6 MODE_SWITCH_OK state=MODE_SWITCH_OK attempts=1 streak=0
[2026-09-14T08:26:18.441Z] batch=field-waveform-1789374351188-5 D5 FIRST_FRAME state=FIRST_FRAME_RECEIVED attempts=1 streak=1
[2026-09-14T08:26:18.441Z] batch=field-waveform-1789374351188-5 D5 FIRST_VALID_SAMPLE state=FIRST_FRAME_RECEIVED attempts=1 streak=1
[2026-09-14T08:26:18.472Z] batch=field-waveform-1789374351188-5 D4 FIRST_FRAME state=FIRST_FRAME_RECEIVED attempts=1 streak=1
[2026-09-14T08:26:18.472Z] batch=field-waveform-1789374351188-5 D4 FIRST_VALID_SAMPLE state=FIRST_FRAME_RECEIVED attempts=1 streak=1
[2026-09-14T08:26:18.502Z] batch=field-waveform-1789374351188-5 D2 FIRST_FRAME state=FIRST_FRAME_RECEIVED attempts=1 streak=1
[2026-09-14T08:26:18.503Z] batch=field-waveform-1789374351188-5 D2 FIRST_VALID_SAMPLE state=FIRST_FRAME_RECEIVED attempts=1 streak=1
[2026-09-14T08:26:18.519Z] batch=field-waveform-1789374351188-5 D1 FIRST_FRAME state=FIRST_FRAME_RECEIVED attempts=1 streak=1
[2026-09-14T08:26:18.520Z] batch=field-waveform-1789374351188-5 D1 FIRST_VALID_SAMPLE state=FIRST_FRAME_RECEIVED attempts=1 streak=1
[2026-09-14T08:26:18.540Z] batch=field-waveform-1789374351188-5 D3 FIRST_FRAME state=FIRST_FRAME_RECEIVED attempts=1 streak=1
[2026-09-14T08:26:18.541Z] batch=field-waveform-1789374351188-5 D3 FIRST_VALID_SAMPLE state=FIRST_FRAME_RECEIVED attempts=1 streak=1
[2026-09-14T08:26:18.722Z] batch=field-waveform-1789374351188-5 D5 CHANNEL_SYNC_OK state=TEST_READY attempts=1 streak=5
[2026-09-14T08:26:18.723Z] batch=field-waveform-1789374351188-5 D5 TEST_READY state=TEST_READY attempts=1 streak=5
[2026-09-14T08:26:18.728Z] batch=field-waveform-1789374351188-5 D4 CHANNEL_SYNC_OK state=TEST_READY attempts=1 streak=5
[2026-09-14T08:26:18.729Z] batch=field-waveform-1789374351188-5 D4 TEST_READY state=TEST_READY attempts=1 streak=5
[2026-09-14T08:26:18.740Z] batch=field-waveform-1789374351188-5 D2 CHANNEL_SYNC_OK state=TEST_READY attempts=1 streak=5
[2026-09-14T08:26:18.742Z] batch=field-waveform-1789374351188-5 D2 TEST_READY state=TEST_READY attempts=1 streak=5
[2026-09-14T08:26:18.769Z] batch=field-waveform-1789374351188-5 D1 CHANNEL_SYNC_OK state=TEST_READY attempts=1 streak=5
[2026-09-14T08:26:18.769Z] batch=field-waveform-1789374351188-5 D1 TEST_READY state=TEST_READY attempts=1 streak=5
[2026-09-14T08:26:18.790Z] batch=field-waveform-1789374351188-5 D3 CHANNEL_SYNC_OK state=TEST_READY attempts=1 streak=5
[2026-09-14T08:26:18.791Z] batch=field-waveform-1789374351188-5 D3 TEST_READY state=TEST_READY attempts=1 streak=5
[2026-09-14T08:26:19.331Z] batch=field-waveform-1789374351188-5 D6 FIRST_FRAME state=FIRST_FRAME_RECEIVED attempts=1 streak=1
[2026-09-14T08:26:19.332Z] batch=field-waveform-1789374351188-5 D6 FIRST_VALID_SAMPLE state=FIRST_FRAME_RECEIVED attempts=1 streak=1
[2026-09-14T08:26:19.566Z] batch=field-waveform-1789374351188-5 D6 CHANNEL_SYNC_OK state=TEST_READY attempts=1 streak=5
[2026-09-14T08:26:19.568Z] batch=field-waveform-1789374351188-5 D6 TEST_READY state=TEST_READY attempts=1 streak=5
[2026-09-14T08:26:30.414Z] batch=field-waveform-1789374351188-5 D4 MODE_SWITCH_START state=MODE_SWITCHING attempts=1 streak=0 attempt=1
[2026-09-14T08:26:30.416Z] batch=field-waveform-1789374351188-5 D4 MODE_SWITCH_OK state=MODE_SWITCH_OK attempts=1 streak=0
[2026-09-14T08:26:30.416Z] batch=field-waveform-1789374351188-5 D1 MODE_SWITCH_START state=MODE_SWITCHING attempts=1 streak=0 attempt=1
[2026-09-14T08:26:30.428Z] batch=field-waveform-1789374351188-5 D1 MODE_SWITCH_OK state=MODE_SWITCH_OK attempts=1 streak=0
[2026-09-14T08:26:30.431Z] batch=field-waveform-1789374351188-5 D6 MODE_SWITCH_START state=MODE_SWITCHING attempts=1 streak=0 attempt=1
[2026-09-14T08:26:30.435Z] batch=field-waveform-1789374351188-5 D6 MODE_SWITCH_OK state=MODE_SWITCH_OK attempts=1 streak=0
[2026-09-14T08:26:30.483Z] batch=field-waveform-1789374351188-5 D3 MODE_SWITCH_START state=MODE_SWITCHING attempts=1 streak=0 attempt=1
[2026-09-14T08:26:30.494Z] batch=field-waveform-1789374351188-5 D3 MODE_SWITCH_OK state=MODE_SWITCH_OK attempts=1 streak=0
[2026-09-14T08:26:30.504Z] batch=field-waveform-1789374351188-5 D2 MODE_SWITCH_START state=MODE_SWITCHING attempts=1 streak=0 attempt=1
[2026-09-14T08:26:30.506Z] batch=field-waveform-1789374351188-5 D2 MODE_SWITCH_OK state=MODE_SWITCH_OK attempts=1 streak=0
[2026-09-14T08:26:30.542Z] batch=field-waveform-1789374351188-5 D5 MODE_SWITCH_START state=MODE_SWITCHING attempts=1 streak=0 attempt=1
[2026-09-14T08:26:30.549Z] batch=field-waveform-1789374351188-5 D5 MODE_SWITCH_OK state=MODE_SWITCH_OK attempts=1 streak=0
[2026-09-14T08:26:40.428Z] batch=field-waveform-1789374351188-5 D4 MODE_SWITCH_START state=MODE_SWITCHING attempts=1 streak=0 attempt=1
[2026-09-14T08:26:40.429Z] batch=field-waveform-1789374351188-5 D4 MODE_SWITCH_OK state=MODE_SWITCH_OK attempts=1 streak=0
[2026-09-14T08:26:40.438Z] batch=field-waveform-1789374351188-5 D1 MODE_SWITCH_START state=MODE_SWITCHING attempts=1 streak=0 attempt=1
[2026-09-14T08:26:40.442Z] batch=field-waveform-1789374351188-5 D1 MODE_SWITCH_OK state=MODE_SWITCH_OK attempts=1 streak=0
[2026-09-14T08:26:40.451Z] batch=field-waveform-1789374351188-5 D6 MODE_SWITCH_START state=MODE_SWITCHING attempts=1 streak=0 attempt=1
[2026-09-14T08:26:40.456Z] batch=field-waveform-1789374351188-5 D6 MODE_SWITCH_OK state=MODE_SWITCH_OK attempts=1 streak=0
[2026-09-14T08:26:40.505Z] batch=field-waveform-1789374351188-5 D3 MODE_SWITCH_START state=MODE_SWITCHING attempts=1 streak=0 attempt=1
[2026-09-14T08:26:40.514Z] batch=field-waveform-1789374351188-5 D3 MODE_SWITCH_OK state=MODE_SWITCH_OK attempts=1 streak=0
[2026-09-14T08:26:40.528Z] batch=field-waveform-1789374351188-5 D2 MODE_SWITCH_START state=MODE_SWITCHING attempts=1 streak=0 attempt=1
[2026-09-14T08:26:40.530Z] batch=field-waveform-1789374351188-5 D2 MODE_SWITCH_OK state=MODE_SWITCH_OK attempts=1 streak=0
[2026-09-14T08:26:40.604Z] batch=field-waveform-1789374351188-5 D5 MODE_SWITCH_START state=MODE_SWITCHING attempts=1 streak=0 attempt=1
[2026-09-14T08:26:40.619Z] batch=field-waveform-1789374351188-5 D5 MODE_SWITCH_OK state=MODE_SWITCH_OK attempts=1 streak=0
[2026-09-14T08:26:45.487Z] batch=field-waveform-1789374351188-5 D4 FIRST_FRAME state=FIRST_FRAME_RECEIVED attempts=1 streak=1
[2026-09-14T08:26:45.488Z] batch=field-waveform-1789374351188-5 D4 FIRST_VALID_SAMPLE state=FIRST_FRAME_RECEIVED attempts=1 streak=1
[2026-09-14T08:26:45.554Z] batch=field-waveform-1789374351188-5 D6 FIRST_FRAME state=FIRST_FRAME_RECEIVED attempts=1 streak=1
[2026-09-14T08:26:45.555Z] batch=field-waveform-1789374351188-5 D6 FIRST_VALID_SAMPLE state=FIRST_FRAME_RECEIVED attempts=1 streak=1
[2026-09-14T08:26:45.571Z] batch=field-waveform-1789374351188-5 D1 FIRST_FRAME state=FIRST_FRAME_RECEIVED attempts=1 streak=1
[2026-09-14T08:26:45.572Z] batch=field-waveform-1789374351188-5 D1 FIRST_VALID_SAMPLE state=FIRST_FRAME_RECEIVED attempts=1 streak=1
[2026-09-14T08:26:45.609Z] batch=field-waveform-1789374351188-5 D3 FIRST_FRAME state=FIRST_FRAME_RECEIVED attempts=1 streak=1
[2026-09-14T08:26:45.609Z] batch=field-waveform-1789374351188-5 D3 FIRST_VALID_SAMPLE state=FIRST_FRAME_RECEIVED attempts=1 streak=1
[2026-09-14T08:26:45.701Z] batch=field-waveform-1789374351188-5 D2 FIRST_FRAME state=FIRST_FRAME_RECEIVED attempts=1 streak=1
[2026-09-14T08:26:45.706Z] batch=field-waveform-1789374351188-5 D2 FIRST_VALID_SAMPLE state=FIRST_FRAME_RECEIVED attempts=1 streak=1
[2026-09-14T08:26:45.752Z] batch=field-waveform-1789374351188-5 D4 CHANNEL_SYNC_OK state=TEST_READY attempts=1 streak=5
[2026-09-14T08:26:45.752Z] batch=field-waveform-1789374351188-5 D4 TEST_READY state=TEST_READY attempts=1 streak=5
[2026-09-14T08:26:45.761Z] batch=field-waveform-1789374351188-5 D5 FIRST_FRAME state=FIRST_FRAME_RECEIVED attempts=1 streak=1
[2026-09-14T08:26:45.761Z] batch=field-waveform-1789374351188-5 D5 FIRST_VALID_SAMPLE state=FIRST_FRAME_RECEIVED attempts=1 streak=1
[2026-09-14T08:26:45.775Z] batch=field-waveform-1789374351188-5 D6 CHANNEL_SYNC_OK state=TEST_READY attempts=1 streak=5
[2026-09-14T08:26:45.775Z] batch=field-waveform-1789374351188-5 D6 TEST_READY state=TEST_READY attempts=1 streak=5
[2026-09-14T08:26:45.844Z] batch=field-waveform-1789374351188-5 D1 CHANNEL_SYNC_OK state=TEST_READY attempts=1 streak=5
[2026-09-14T08:26:45.844Z] batch=field-waveform-1789374351188-5 D1 TEST_READY state=TEST_READY attempts=1 streak=5
[2026-09-14T08:26:45.855Z] batch=field-waveform-1789374351188-5 D3 CHANNEL_SYNC_OK state=TEST_READY attempts=1 streak=5
[2026-09-14T08:26:45.858Z] batch=field-waveform-1789374351188-5 D3 TEST_READY state=TEST_READY attempts=1 streak=5
[2026-09-14T08:26:45.994Z] batch=field-waveform-1789374351188-5 D2 CHANNEL_SYNC_OK state=TEST_READY attempts=1 streak=5
[2026-09-14T08:26:45.994Z] batch=field-waveform-1789374351188-5 D2 TEST_READY state=TEST_READY attempts=1 streak=5
[2026-09-14T08:26:46.009Z] batch=field-waveform-1789374351188-5 D5 CHANNEL_SYNC_OK state=TEST_READY attempts=1 streak=5
[2026-09-14T08:26:46.015Z] batch=field-waveform-1789374351188-5 D5 TEST_READY state=TEST_READY attempts=1 streak=5
[2026-09-14T08:27:31.275Z] batch=field-waveform-1789374351188-5 D1 MODE_SWITCH_START state=MODE_SWITCHING attempts=1 streak=0 attempt=1
[2026-09-14T08:27:31.276Z] batch=field-waveform-1789374351188-5 D1 MODE_SWITCH_OK state=MODE_SWITCH_OK attempts=1 streak=0
[2026-09-14T08:27:31.282Z] batch=field-waveform-1789374351188-5 D4 MODE_SWITCH_START state=MODE_SWITCHING attempts=1 streak=0 attempt=1
[2026-09-14T08:27:31.286Z] batch=field-waveform-1789374351188-5 D4 MODE_SWITCH_OK state=MODE_SWITCH_OK attempts=1 streak=0
[2026-09-14T08:27:31.292Z] batch=field-waveform-1789374351188-5 D3 MODE_SWITCH_START state=MODE_SWITCHING attempts=1 streak=0 attempt=1
[2026-09-14T08:27:31.293Z] batch=field-waveform-1789374351188-5 D3 MODE_SWITCH_OK state=MODE_SWITCH_OK attempts=1 streak=0
[2026-09-14T08:27:31.299Z] batch=field-waveform-1789374351188-5 D6 MODE_SWITCH_START state=MODE_SWITCHING attempts=1 streak=0 attempt=1
[2026-09-14T08:27:31.302Z] batch=field-waveform-1789374351188-5 D6 MODE_SWITCH_OK state=MODE_SWITCH_OK attempts=1 streak=0
[2026-09-14T08:27:31.307Z] batch=field-waveform-1789374351188-5 D2 MODE_SWITCH_START state=MODE_SWITCHING attempts=1 streak=0 attempt=1
[2026-09-14T08:27:31.308Z] batch=field-waveform-1789374351188-5 D2 MODE_SWITCH_OK state=MODE_SWITCH_OK attempts=1 streak=0
[2026-09-14T08:27:31.310Z] batch=field-waveform-1789374351188-5 D5 MODE_SWITCH_START state=MODE_SWITCHING attempts=1 streak=0 attempt=1
[2026-09-14T08:27:31.311Z] batch=field-waveform-1789374351188-5 D5 MODE_SWITCH_OK state=MODE_SWITCH_OK attempts=1 streak=0
[2026-09-14T08:27:41.300Z] batch=field-waveform-1789374351188-5 D1 MODE_SWITCH_START state=MODE_SWITCHING attempts=1 streak=0 attempt=1
[2026-09-14T08:27:41.303Z] batch=field-waveform-1789374351188-5 D1 MODE_SWITCH_OK state=MODE_SWITCH_OK attempts=1 streak=0
[2026-09-14T08:27:41.710Z] batch=field-waveform-1789374351188-5 D4 MODE_SWITCH_START state=MODE_SWITCHING attempts=1 streak=0 attempt=1
[2026-09-14T08:27:41.714Z] batch=field-waveform-1789374351188-5 D4 MODE_SWITCH_OK state=MODE_SWITCH_OK attempts=1 streak=0
[2026-09-14T08:27:41.718Z] batch=field-waveform-1789374351188-5 D3 MODE_SWITCH_START state=MODE_SWITCHING attempts=1 streak=0 attempt=1
[2026-09-14T08:27:41.727Z] batch=field-waveform-1789374351188-5 D3 MODE_SWITCH_OK state=MODE_SWITCH_OK attempts=1 streak=0
[2026-09-14T08:27:41.731Z] batch=field-waveform-1789374351188-5 D6 MODE_SWITCH_START state=MODE_SWITCHING attempts=1 streak=0 attempt=1
[2026-09-14T08:27:41.733Z] batch=field-waveform-1789374351188-5 D6 MODE_SWITCH_OK state=MODE_SWITCH_OK attempts=1 streak=0
[2026-09-14T08:27:41.738Z] batch=field-waveform-1789374351188-5 D2 MODE_SWITCH_START state=MODE_SWITCHING attempts=1 streak=0 attempt=1
[2026-09-14T08:27:41.739Z] batch=field-waveform-1789374351188-5 D2 MODE_SWITCH_OK state=MODE_SWITCH_OK attempts=1 streak=0
[2026-09-14T08:27:41.744Z] batch=field-waveform-1789374351188-5 D5 MODE_SWITCH_START state=MODE_SWITCHING attempts=1 streak=0 attempt=1
[2026-09-14T08:27:41.746Z] batch=field-waveform-1789374351188-5 D5 MODE_SWITCH_OK state=MODE_SWITCH_OK attempts=1 streak=0
[2026-09-14T08:27:46.606Z] batch=field-waveform-1789374351188-5 D1 FIRST_FRAME state=FIRST_FRAME_RECEIVED attempts=1 streak=1
[2026-09-14T08:27:46.610Z] batch=field-waveform-1789374351188-5 D1 FIRST_VALID_SAMPLE state=FIRST_FRAME_RECEIVED attempts=1 streak=1
[2026-09-14T08:27:47.093Z] batch=field-waveform-1789374351188-5 D1 CHANNEL_SYNC_OK state=TEST_READY attempts=1 streak=5
[2026-09-14T08:27:47.093Z] batch=field-waveform-1789374351188-5 D1 TEST_READY state=TEST_READY attempts=1 streak=5
[2026-09-14T08:27:47.094Z] batch=field-waveform-1789374351188-5 D4 FIRST_FRAME state=FIRST_FRAME_RECEIVED attempts=1 streak=1
[2026-09-14T08:27:47.094Z] batch=field-waveform-1789374351188-5 D4 FIRST_VALID_SAMPLE state=FIRST_FRAME_RECEIVED attempts=1 streak=1
[2026-09-14T08:27:47.102Z] batch=field-waveform-1789374351188-5 D4 CHANNEL_SYNC_OK state=TEST_READY attempts=1 streak=5
[2026-09-14T08:27:47.103Z] batch=field-waveform-1789374351188-5 D4 TEST_READY state=TEST_READY attempts=1 streak=5
[2026-09-14T08:27:47.104Z] batch=field-waveform-1789374351188-5 D2 FIRST_FRAME state=FIRST_FRAME_RECEIVED attempts=1 streak=1
[2026-09-14T08:27:47.106Z] batch=field-waveform-1789374351188-5 D2 FIRST_VALID_SAMPLE state=FIRST_FRAME_RECEIVED attempts=1 streak=1
[2026-09-14T08:27:47.116Z] batch=field-waveform-1789374351188-5 D2 CHANNEL_SYNC_OK state=TEST_READY attempts=1 streak=5
[2026-09-14T08:27:47.119Z] batch=field-waveform-1789374351188-5 D2 TEST_READY state=TEST_READY attempts=1 streak=5
[2026-09-14T08:27:47.122Z] batch=field-waveform-1789374351188-5 D6 FIRST_FRAME state=FIRST_FRAME_RECEIVED attempts=1 streak=1
[2026-09-14T08:27:47.127Z] batch=field-waveform-1789374351188-5 D6 FIRST_VALID_SAMPLE state=FIRST_FRAME_RECEIVED attempts=1 streak=1
[2026-09-14T08:27:47.132Z] batch=field-waveform-1789374351188-5 D6 CHANNEL_SYNC_OK state=TEST_READY attempts=1 streak=5
[2026-09-14T08:27:47.132Z] batch=field-waveform-1789374351188-5 D6 TEST_READY state=TEST_READY attempts=1 streak=5
[2026-09-14T08:27:47.135Z] batch=field-waveform-1789374351188-5 D3 FIRST_FRAME state=FIRST_FRAME_RECEIVED attempts=1 streak=1
[2026-09-14T08:27:47.135Z] batch=field-waveform-1789374351188-5 D3 FIRST_VALID_SAMPLE state=FIRST_FRAME_RECEIVED attempts=1 streak=1
[2026-09-14T08:27:47.139Z] batch=field-waveform-1789374351188-5 D3 CHANNEL_SYNC_OK state=TEST_READY attempts=1 streak=5
[2026-09-14T08:27:47.144Z] batch=field-waveform-1789374351188-5 D3 TEST_READY state=TEST_READY attempts=1 streak=5
[2026-09-14T08:27:47.148Z] batch=field-waveform-1789374351188-5 D5 FIRST_FRAME state=FIRST_FRAME_RECEIVED attempts=1 streak=1
[2026-09-14T08:27:47.148Z] batch=field-waveform-1789374351188-5 D5 FIRST_VALID_SAMPLE state=FIRST_FRAME_RECEIVED attempts=1 streak=1
[2026-09-14T08:27:47.153Z] batch=field-waveform-1789374351188-5 D5 CHANNEL_SYNC_OK state=TEST_READY attempts=1 streak=5
[2026-09-14T08:27:47.153Z] batch=field-waveform-1789374351188-5 D5 TEST_READY state=TEST_READY attempts=1 streak=5
[2026-09-14T08:28:21.162Z] batch=field-waveform-1789374351188-5 D1 MODE_SWITCH_START state=MODE_SWITCHING attempts=1 streak=0 attempt=1
[2026-09-14T08:28:21.163Z] batch=field-waveform-1789374351188-5 D1 MODE_SWITCH_OK state=MODE_SWITCH_OK attempts=1 streak=0
[2026-09-14T08:28:21.173Z] batch=field-waveform-1789374351188-5 D5 MODE_SWITCH_START state=MODE_SWITCHING attempts=1 streak=0 attempt=1
[2026-09-14T08:28:21.180Z] batch=field-waveform-1789374351188-5 D5 MODE_SWITCH_OK state=MODE_SWITCH_OK attempts=1 streak=0
[2026-09-14T08:28:21.194Z] batch=field-waveform-1789374351188-5 D4 MODE_SWITCH_START state=MODE_SWITCHING attempts=1 streak=0 attempt=1
[2026-09-14T08:28:21.195Z] batch=field-waveform-1789374351188-5 D4 MODE_SWITCH_OK state=MODE_SWITCH_OK attempts=1 streak=0
[2026-09-14T08:28:21.204Z] batch=field-waveform-1789374351188-5 D6 MODE_SWITCH_START state=MODE_SWITCHING attempts=1 streak=0 attempt=1
[2026-09-14T08:28:21.206Z] batch=field-waveform-1789374351188-5 D6 MODE_SWITCH_OK state=MODE_SWITCH_OK attempts=1 streak=0
[2026-09-14T08:28:21.217Z] batch=field-waveform-1789374351188-5 D2 MODE_SWITCH_START state=MODE_SWITCHING attempts=1 streak=0 attempt=1
[2026-09-14T08:28:21.223Z] batch=field-waveform-1789374351188-5 D2 MODE_SWITCH_OK state=MODE_SWITCH_OK attempts=1 streak=0
[2026-09-14T08:28:21.228Z] batch=field-waveform-1789374351188-5 D3 MODE_SWITCH_START state=MODE_SWITCHING attempts=1 streak=0 attempt=1
[2026-09-14T08:28:21.229Z] batch=field-waveform-1789374351188-5 D3 MODE_SWITCH_OK state=MODE_SWITCH_OK attempts=1 streak=0
