[2026-09-10T07:38:13.131Z] batch=field-waveform-1789025734528-3 D1 MODE_SWITCH_START state=MODE_SWITCHING attempts=1 streak=0 attempt=1
[2026-09-10T07:38:13.135Z] batch=field-waveform-1789025734528-3 D1 MODE_SWITCH_OK state=MODE_SWITCH_OK attempts=1 streak=0
[2026-09-10T07:38:13.146Z] batch=field-waveform-1789025734528-3 D2 MODE_SWITCH_START state=MODE_SWITCHING attempts=1 streak=0 attempt=1
[2026-09-10T07:38:13.150Z] batch=field-waveform-1789025734528-3 D2 MODE_SWITCH_OK state=MODE_SWITCH_OK attempts=1 streak=0
[2026-09-10T07:38:13.591Z] batch=field-waveform-1789025734528-3 D6 MODE_SWITCH_START state=MODE_SWITCHING attempts=1 streak=0 attempt=1
[2026-09-10T07:38:13.602Z] batch=field-waveform-1789025734528-3 D6 MODE_SWITCH_OK state=MODE_SWITCH_OK attempts=1 streak=0
[2026-09-10T07:38:13.612Z] batch=field-waveform-1789025734528-3 D3 MODE_SWITCH_START state=MODE_SWITCHING attempts=1 streak=0 attempt=1
[2026-09-10T07:38:13.616Z] batch=field-waveform-1789025734528-3 D3 MODE_SWITCH_OK state=MODE_SWITCH_OK attempts=1 streak=0
[2026-09-10T07:38:13.625Z] batch=field-waveform-1789025734528-3 D5 MODE_SWITCH_START state=MODE_SWITCHING attempts=1 streak=0 attempt=1
[2026-09-10T07:38:13.634Z] batch=field-waveform-1789025734528-3 D5 MODE_SWITCH_OK state=MODE_SWITCH_OK attempts=1 streak=0
[2026-09-10T07:38:14.142Z] batch=field-waveform-1789025734528-3 D4 MODE_SWITCH_START state=MODE_SWITCHING attempts=1 streak=0 attempt=1
[2026-09-10T07:38:14.147Z] batch=field-waveform-1789025734528-3 D4 MODE_SWITCH_OK state=MODE_SWITCH_OK attempts=1 streak=0
[2026-09-10T07:38:23.302Z] batch=field-waveform-1789025734528-3 D1 MODE_SWITCH_START state=MODE_SWITCHING attempts=1 streak=0 attempt=1
[2026-09-10T07:38:23.313Z] batch=field-waveform-1789025734528-3 D1 MODE_SWITCH_OK state=MODE_SWITCH_OK attempts=1 streak=0
[2026-09-10T07:38:23.331Z] batch=field-waveform-1789025734528-3 D2 MODE_SWITCH_START state=MODE_SWITCHING attempts=1 streak=0 attempt=1
[2026-09-10T07:38:23.336Z] batch=field-waveform-1789025734528-3 D2 MODE_SWITCH_OK state=MODE_SWITCH_OK attempts=1 streak=0
[2026-09-10T07:38:23.651Z] batch=field-waveform-1789025734528-3 D6 MODE_SWITCH_START state=MODE_SWITCHING attempts=1 streak=0 attempt=1
[2026-09-10T07:38:23.661Z] batch=field-waveform-1789025734528-3 D6 MODE_SWITCH_OK state=MODE_SWITCH_OK attempts=1 streak=0
[2026-09-10T07:38:23.677Z] batch=field-waveform-1789025734528-3 D3 MODE_SWITCH_START state=MODE_SWITCHING attempts=1 streak=0 attempt=1
[2026-09-10T07:38:23.685Z] batch=field-waveform-1789025734528-3 D3 MODE_SWITCH_OK state=MODE_SWITCH_OK attempts=1 streak=0
[2026-09-10T07:38:23.695Z] batch=field-waveform-1789025734528-3 D5 MODE_SWITCH_START state=MODE_SWITCHING attempts=1 streak=0 attempt=1
[2026-09-10T07:38:23.708Z] batch=field-waveform-1789025734528-3 D5 MODE_SWITCH_OK state=MODE_SWITCH_OK attempts=1 streak=0
[2026-09-10T07:38:24.517Z] batch=field-waveform-1789025734528-3 D4 MODE_SWITCH_START state=MODE_SWITCHING attempts=1 streak=0 attempt=1
[2026-09-10T07:38:24.527Z] batch=field-waveform-1789025734528-3 D4 MODE_SWITCH_OK state=MODE_SWITCH_OK attempts=1 streak=0
[2026-09-10T07:38:33.415Z] batch=field-waveform-1789025734528-3 D1 MODE_SWITCH_START state=MODE_SWITCHING attempts=1 streak=0 attempt=1
[2026-09-10T07:38:33.428Z] batch=field-waveform-1789025734528-3 D1 MODE_SWITCH_OK state=MODE_SWITCH_OK attempts=1 streak=0
[2026-09-10T07:38:33.436Z] batch=field-waveform-1789025734528-3 D2 MODE_SWITCH_START state=MODE_SWITCHING attempts=1 streak=0 attempt=1
[2026-09-10T07:38:33.440Z] batch=field-waveform-1789025734528-3 D2 MODE_SWITCH_OK state=MODE_SWITCH_OK attempts=1 streak=0
[2026-09-10T07:38:33.783Z] batch=field-waveform-1789025734528-3 D6 MODE_SWITCH_START state=MODE_SWITCHING attempts=1 streak=0 attempt=1
[2026-09-10T07:38:33.794Z] batch=field-waveform-1789025734528-3 D6 MODE_SWITCH_OK state=MODE_SWITCH_OK attempts=1 streak=0
[2026-09-10T07:38:33.815Z] batch=field-waveform-1789025734528-3 D3 MODE_SWITCH_START state=MODE_SWITCHING attempts=1 streak=0 attempt=1
[2026-09-10T07:38:33.827Z] batch=field-waveform-1789025734528-3 D3 MODE_SWITCH_OK state=MODE_SWITCH_OK attempts=1 streak=0
[2026-09-10T07:38:33.836Z] batch=field-waveform-1789025734528-3 D5 MODE_SWITCH_START state=MODE_SWITCHING attempts=1 streak=0 attempt=1
[2026-09-10T07:38:33.847Z] batch=field-waveform-1789025734528-3 D5 MODE_SWITCH_OK state=MODE_SWITCH_OK attempts=1 streak=0
[2026-09-10T07:38:34.621Z] batch=field-waveform-1789025734528-3 D4 MODE_SWITCH_START state=MODE_SWITCHING attempts=1 streak=0 attempt=1
[2026-09-10T07:38:34.633Z] batch=field-waveform-1789025734528-3 D4 MODE_SWITCH_OK state=MODE_SWITCH_OK attempts=1 streak=0
[2026-09-10T07:38:43.616Z] batch=field-waveform-1789025734528-3 D1 MODE_SWITCH_START state=MODE_SWITCHING attempts=1 streak=0 attempt=1
[2026-09-10T07:38:43.628Z] batch=field-waveform-1789025734528-3 D1 MODE_SWITCH_OK state=MODE_SWITCH_OK attempts=1 streak=0
[2026-09-10T07:38:43.647Z] batch=field-waveform-1789025734528-3 D2 MODE_SWITCH_START state=MODE_SWITCHING attempts=1 streak=0 attempt=1
[2026-09-10T07:38:43.649Z] batch=field-waveform-1789025734528-3 D2 MODE_SWITCH_OK state=MODE_SWITCH_OK attempts=1 streak=0
[2026-09-10T07:38:43.942Z] batch=field-waveform-1789025734528-3 D6 MODE_SWITCH_START state=MODE_SWITCHING attempts=1 streak=0 attempt=1
[2026-09-10T07:38:43.953Z] batch=field-waveform-1789025734528-3 D6 MODE_SWITCH_OK state=MODE_SWITCH_OK attempts=1 streak=0
[2026-09-10T07:38:43.971Z] batch=field-waveform-1789025734528-3 D3 MODE_SWITCH_START state=MODE_SWITCHING attempts=1 streak=0 attempt=1
[2026-09-10T07:38:43.974Z] batch=field-waveform-1789025734528-3 D3 MODE_SWITCH_OK state=MODE_SWITCH_OK attempts=1 streak=0
[2026-09-10T07:38:43.983Z] batch=field-waveform-1789025734528-3 D5 MODE_SWITCH_START state=MODE_SWITCHING attempts=1 streak=0 attempt=1
[2026-09-10T07:38:43.985Z] batch=field-waveform-1789025734528-3 D5 MODE_SWITCH_OK state=MODE_SWITCH_OK attempts=1 streak=0
[2026-09-10T07:38:44.934Z] batch=field-waveform-1789025734528-3 D4 MODE_SWITCH_START state=MODE_SWITCHING attempts=1 streak=0 attempt=1
[2026-09-10T07:38:44.943Z] batch=field-waveform-1789025734528-3 D4 MODE_SWITCH_OK state=MODE_SWITCH_OK attempts=1 streak=0
[2026-09-10T07:38:53.718Z] batch=field-waveform-1789025734528-3 D1 MODE_SWITCH_START state=MODE_SWITCHING attempts=1 streak=0 attempt=1
[2026-09-10T07:38:53.725Z] batch=field-waveform-1789025734528-3 D1 MODE_SWITCH_OK state=MODE_SWITCH_OK attempts=1 streak=0
[2026-09-10T07:38:53.734Z] batch=field-waveform-1789025734528-3 D2 MODE_SWITCH_START state=MODE_SWITCHING attempts=1 streak=0 attempt=1
[2026-09-10T07:38:53.740Z] batch=field-waveform-1789025734528-3 D2 MODE_SWITCH_OK state=MODE_SWITCH_OK attempts=1 streak=0
[2026-09-10T07:38:54.065Z] batch=field-waveform-1789025734528-3 D6 MODE_SWITCH_START state=MODE_SWITCHING attempts=1 streak=0 attempt=1
[2026-09-10T07:38:54.077Z] batch=field-waveform-1789025734528-3 D6 MODE_SWITCH_OK state=MODE_SWITCH_OK attempts=1 streak=0
[2026-09-10T07:38:54.085Z] batch=field-waveform-1789025734528-3 D3 MODE_SWITCH_START state=MODE_SWITCHING attempts=1 streak=0 attempt=1
[2026-09-10T07:38:54.089Z] batch=field-waveform-1789025734528-3 D3 MODE_SWITCH_OK state=MODE_SWITCH_OK attempts=1 streak=0
[2026-09-10T07:38:54.098Z] batch=field-waveform-1789025734528-3 D5 MODE_SWITCH_START state=MODE_SWITCHING attempts=1 streak=0 attempt=1
[2026-09-10T07:38:54.100Z] batch=field-waveform-1789025734528-3 D5 MODE_SWITCH_OK state=MODE_SWITCH_OK attempts=1 streak=0
[2026-09-10T07:38:55.176Z] batch=field-waveform-1789025734528-3 D4 MODE_SWITCH_START state=MODE_SWITCHING attempts=1 streak=0 attempt=1
[2026-09-10T07:38:55.185Z] batch=field-waveform-1789025734528-3 D4 MODE_SWITCH_OK state=MODE_SWITCH_OK attempts=1 streak=0
[2026-09-10T07:39:02.836Z] batch=field-waveform-1789025942835-4 D1 MODE_SWITCH_START state=MODE_SWITCHING attempts=1 streak=0 attempt=1
[2026-09-10T07:39:02.847Z] batch=field-waveform-1789025942835-4 D2 MODE_SWITCH_START state=MODE_SWITCHING attempts=1 streak=0 attempt=1
[2026-09-10T07:39:02.849Z] batch=field-waveform-1789025942835-4 D3 MODE_SWITCH_START state=MODE_SWITCHING attempts=1 streak=0 attempt=1
[2026-09-10T07:39:02.857Z] batch=field-waveform-1789025942835-4 D4 MODE_SWITCH_START state=MODE_SWITCHING attempts=1 streak=0 attempt=1
[2026-09-10T07:39:02.859Z] batch=field-waveform-1789025942835-4 D5 MODE_SWITCH_START state=MODE_SWITCHING attempts=1 streak=0 attempt=1
[2026-09-10T07:39:02.863Z] batch=field-waveform-1789025942835-4 D6 MODE_SWITCH_START state=MODE_SWITCHING attempts=1 streak=0 attempt=1
[2026-09-10T07:39:02.866Z] batch=field-waveform-1789025942835-4 D1 MODE_SWITCH_OK state=MODE_SWITCH_OK attempts=1 streak=0
[2026-09-10T07:39:02.866Z] batch=field-waveform-1789025942835-4 D2 MODE_SWITCH_OK state=MODE_SWITCH_OK attempts=1 streak=0
[2026-09-10T07:39:02.867Z] batch=field-waveform-1789025942835-4 D3 MODE_SWITCH_OK state=MODE_SWITCH_OK attempts=1 streak=0
[2026-09-10T07:39:02.868Z] batch=field-waveform-1789025942835-4 D4 MODE_SWITCH_OK state=MODE_SWITCH_OK attempts=1 streak=0
[2026-09-10T07:39:02.868Z] batch=field-waveform-1789025942835-4 D5 MODE_SWITCH_OK state=MODE_SWITCH_OK attempts=1 streak=0
[2026-09-10T07:39:02.869Z] batch=field-waveform-1789025942835-4 D6 MODE_SWITCH_OK state=MODE_SWITCH_OK attempts=1 streak=0
[2026-09-10T07:39:03.726Z] batch=field-waveform-1789025942835-4 D1 MODE_SWITCH_START state=MODE_SWITCHING attempts=1 streak=0 attempt=1
[2026-09-10T07:39:03.737Z] batch=field-waveform-1789025942835-4 D1 MODE_SWITCH_OK state=MODE_SWITCH_OK attempts=1 streak=0
[2026-09-10T07:39:03.740Z] batch=field-waveform-1789025942835-4 D2 MODE_SWITCH_START state=MODE_SWITCHING attempts=1 streak=0 attempt=1
[2026-09-10T07:39:03.748Z] batch=field-waveform-1789025942835-4 D2 MODE_SWITCH_OK state=MODE_SWITCH_OK attempts=1 streak=0
[2026-09-10T07:39:04.088Z] batch=field-waveform-1789025942835-4 D6 MODE_SWITCH_START state=MODE_SWITCHING attempts=1 streak=0 attempt=1
[2026-09-10T07:39:04.113Z] batch=field-waveform-1789025942835-4 D6 MODE_SWITCH_OK state=MODE_SWITCH_OK attempts=1 streak=0
[2026-09-10T07:39:04.117Z] batch=field-waveform-1789025942835-4 D3 MODE_SWITCH_START state=MODE_SWITCHING attempts=1 streak=0 attempt=1
[2026-09-10T07:39:04.122Z] batch=field-waveform-1789025942835-4 D3 MODE_SWITCH_OK state=MODE_SWITCH_OK attempts=1 streak=0
[2026-09-10T07:39:04.125Z] batch=field-waveform-1789025942835-4 D5 MODE_SWITCH_START state=MODE_SWITCHING attempts=1 streak=0 attempt=1
[2026-09-10T07:39:04.129Z] batch=field-waveform-1789025942835-4 D5 MODE_SWITCH_OK state=MODE_SWITCH_OK attempts=1 streak=0
[2026-09-10T07:39:05.194Z] batch=field-waveform-1789025942835-4 D4 MODE_SWITCH_START state=MODE_SWITCHING attempts=1 streak=0 attempt=1
[2026-09-10T07:39:05.201Z] batch=field-waveform-1789025942835-4 D4 MODE_SWITCH_OK state=MODE_SWITCH_OK attempts=1 streak=0
[2026-09-10T07:39:13.746Z] batch=field-waveform-1789025942835-4 D1 MODE_SWITCH_START state=MODE_SWITCHING attempts=1 streak=0 attempt=1
[2026-09-10T07:39:13.760Z] batch=field-waveform-1789025942835-4 D1 MODE_SWITCH_OK state=MODE_SWITCH_OK attempts=1 streak=0
[2026-09-10T07:39:13.763Z] batch=field-waveform-1789025942835-4 D2 MODE_SWITCH_START state=MODE_SWITCHING attempts=1 streak=0 attempt=1
[2026-09-10T07:39:13.767Z] batch=field-waveform-1789025942835-4 D2 MODE_SWITCH_OK state=MODE_SWITCH_OK attempts=1 streak=0
[2026-09-10T07:39:14.115Z] batch=field-waveform-1789025942835-4 D6 MODE_SWITCH_START state=MODE_SWITCHING attempts=1 streak=0 attempt=1
[2026-09-10T07:39:14.139Z] batch=field-waveform-1789025942835-4 D6 MODE_SWITCH_OK state=MODE_SWITCH_OK attempts=1 streak=0
[2026-09-10T07:39:14.141Z] batch=field-waveform-1789025942835-4 D3 MODE_SWITCH_START state=MODE_SWITCHING attempts=1 streak=0 attempt=1
[2026-09-10T07:39:14.148Z] batch=field-waveform-1789025942835-4 D3 MODE_SWITCH_OK state=MODE_SWITCH_OK attempts=1 streak=0
[2026-09-10T07:39:14.152Z] batch=field-waveform-1789025942835-4 D5 MODE_SWITCH_START state=MODE_SWITCHING attempts=1 streak=0 attempt=1
[2026-09-10T07:39:14.155Z] batch=field-waveform-1789025942835-4 D5 MODE_SWITCH_OK state=MODE_SWITCH_OK attempts=1 streak=0
[2026-09-10T07:39:15.211Z] batch=field-waveform-1789025942835-4 D4 MODE_SWITCH_START state=MODE_SWITCHING attempts=1 streak=0 attempt=1
[2026-09-10T07:39:15.218Z] batch=field-waveform-1789025942835-4 D4 MODE_SWITCH_OK state=MODE_SWITCH_OK attempts=1 streak=0
[2026-09-10T07:39:23.763Z] batch=field-waveform-1789025942835-4 D1 MODE_SWITCH_START state=MODE_SWITCHING attempts=1 streak=0 attempt=1
[2026-09-10T07:39:23.789Z] batch=field-waveform-1789025942835-4 D1 MODE_SWITCH_OK state=MODE_SWITCH_OK attempts=1 streak=0
[2026-09-10T07:39:23.803Z] batch=field-waveform-1789025942835-4 D2 MODE_SWITCH_START state=MODE_SWITCHING attempts=1 streak=0 attempt=1
[2026-09-10T07:39:23.815Z] batch=field-waveform-1789025942835-4 D2 MODE_SWITCH_OK state=MODE_SWITCH_OK attempts=1 streak=0
[2026-09-10T07:39:24.148Z] batch=field-waveform-1789025942835-4 D6 MODE_SWITCH_START state=MODE_SWITCHING attempts=1 streak=0 attempt=1
[2026-09-10T07:39:24.154Z] batch=field-waveform-1789025942835-4 D6 MODE_SWITCH_OK state=MODE_SWITCH_OK attempts=1 streak=0
[2026-09-10T07:39:24.171Z] batch=field-waveform-1789025942835-4 D3 MODE_SWITCH_START state=MODE_SWITCHING attempts=1 streak=0 attempt=1
[2026-09-10T07:39:24.183Z] batch=field-waveform-1789025942835-4 D3 MODE_SWITCH_OK state=MODE_SWITCH_OK attempts=1 streak=0
[2026-09-10T07:39:24.185Z] batch=field-waveform-1789025942835-4 D5 MODE_SWITCH_START state=MODE_SWITCHING attempts=1 streak=0 attempt=1
[2026-09-10T07:39:24.190Z] batch=field-waveform-1789025942835-4 D5 MODE_SWITCH_OK state=MODE_SWITCH_OK attempts=1 streak=0
[2026-09-10T07:39:25.232Z] batch=field-waveform-1789025942835-4 D4 MODE_SWITCH_START state=MODE_SWITCHING attempts=1 streak=0 attempt=1
[2026-09-10T07:39:25.241Z] batch=field-waveform-1789025942835-4 D4 MODE_SWITCH_OK state=MODE_SWITCH_OK attempts=1 streak=0
[2026-09-10T07:39:29.219Z] batch=field-waveform-1789025942835-4 D6 FIRST_FRAME state=FIRST_FRAME_RECEIVED attempts=1 streak=1
[2026-09-10T07:39:29.220Z] batch=field-waveform-1789025942835-4 D6 FIRST_VALID_SAMPLE state=FIRST_FRAME_RECEIVED attempts=1 streak=1
[2026-09-10T07:39:29.232Z] batch=field-waveform-1789025942835-4 D3 FIRST_FRAME state=FIRST_FRAME_RECEIVED attempts=1 streak=1
[2026-09-10T07:39:29.232Z] batch=field-waveform-1789025942835-4 D3 FIRST_VALID_SAMPLE state=FIRST_FRAME_RECEIVED attempts=1 streak=1
[2026-09-10T07:39:29.238Z] batch=field-waveform-1789025942835-4 D5 FIRST_FRAME state=FIRST_FRAME_RECEIVED attempts=1 streak=1
[2026-09-10T07:39:29.238Z] batch=field-waveform-1789025942835-4 D5 FIRST_VALID_SAMPLE state=FIRST_FRAME_RECEIVED attempts=1 streak=1
[2026-09-10T07:39:29.473Z] batch=field-waveform-1789025942835-4 D6 CHANNEL_SYNC_OK state=TEST_READY attempts=1 streak=5
[2026-09-10T07:39:29.473Z] batch=field-waveform-1789025942835-4 D6 TEST_READY state=TEST_READY attempts=1 streak=5
[2026-09-10T07:39:29.489Z] batch=field-waveform-1789025942835-4 D5 CHANNEL_SYNC_OK state=TEST_READY attempts=1 streak=5
[2026-09-10T07:39:29.489Z] batch=field-waveform-1789025942835-4 D5 TEST_READY state=TEST_READY attempts=1 streak=5
[2026-09-10T07:39:29.494Z] batch=field-waveform-1789025942835-4 D3 CHANNEL_SYNC_OK state=TEST_READY attempts=1 streak=5
[2026-09-10T07:39:29.494Z] batch=field-waveform-1789025942835-4 D3 TEST_READY state=TEST_READY attempts=1 streak=5
[2026-09-10T07:39:30.286Z] batch=field-waveform-1789025942835-4 D4 FIRST_FRAME state=FIRST_FRAME_RECEIVED attempts=1 streak=1
[2026-09-10T07:39:30.287Z] batch=field-waveform-1789025942835-4 D4 FIRST_VALID_SAMPLE state=FIRST_FRAME_RECEIVED attempts=1 streak=1
[2026-09-10T07:39:30.527Z] batch=field-waveform-1789025942835-4 D4 CHANNEL_SYNC_OK state=TEST_READY attempts=1 streak=5
[2026-09-10T07:39:30.528Z] batch=field-waveform-1789025942835-4 D4 TEST_READY state=TEST_READY attempts=1 streak=5
[2026-09-10T07:39:33.790Z] batch=field-waveform-1789025942835-4 D1 MODE_SWITCH_START state=MODE_SWITCHING attempts=1 streak=0 attempt=1
[2026-09-10T07:39:33.793Z] batch=field-waveform-1789025942835-4 D1 MODE_SWITCH_OK state=MODE_SWITCH_OK attempts=1 streak=0
[2026-09-10T07:39:33.817Z] batch=field-waveform-1789025942835-4 D2 MODE_SWITCH_START state=MODE_SWITCHING attempts=1 streak=0 attempt=1
[2026-09-10T07:39:33.820Z] batch=field-waveform-1789025942835-4 D2 MODE_SWITCH_OK state=MODE_SWITCH_OK attempts=1 streak=0
[2026-09-10T07:39:43.808Z] batch=field-waveform-1789025942835-4 D1 MODE_SWITCH_START state=MODE_SWITCHING attempts=1 streak=0 attempt=1
[2026-09-10T07:39:43.814Z] batch=field-waveform-1789025942835-4 D1 MODE_SWITCH_OK state=MODE_SWITCH_OK attempts=1 streak=0
[2026-09-10T07:39:43.823Z] batch=field-waveform-1789025942835-4 D2 MODE_SWITCH_START state=MODE_SWITCHING attempts=1 streak=0 attempt=1
[2026-09-10T07:39:43.844Z] batch=field-waveform-1789025942835-4 D2 MODE_SWITCH_OK state=MODE_SWITCH_OK attempts=1 streak=0
[2026-09-10T07:39:44.591Z] batch=field-waveform-1789025942835-4 D4 MODE_SWITCH_START state=MODE_SWITCHING attempts=1 streak=0 attempt=1
[2026-09-10T07:39:44.598Z] batch=field-waveform-1789025942835-4 D4 MODE_SWITCH_OK state=MODE_SWITCH_OK attempts=1 streak=0
[2026-09-10T07:39:48.885Z] batch=field-waveform-1789025942835-4 D2 FIRST_FRAME state=FIRST_FRAME_RECEIVED attempts=1 streak=1
[2026-09-10T07:39:48.886Z] batch=field-waveform-1789025942835-4 D2 FIRST_VALID_SAMPLE state=FIRST_FRAME_RECEIVED attempts=1 streak=1
[2026-09-10T07:39:48.898Z] batch=field-waveform-1789025942835-4 D1 FIRST_FRAME state=FIRST_FRAME_RECEIVED attempts=1 streak=1
[2026-09-10T07:39:48.898Z] batch=field-waveform-1789025942835-4 D1 FIRST_VALID_SAMPLE state=FIRST_FRAME_RECEIVED attempts=1 streak=1
[2026-09-10T07:39:49.136Z] batch=field-waveform-1789025942835-4 D2 CHANNEL_SYNC_OK state=TEST_READY attempts=1 streak=5
[2026-09-10T07:39:49.136Z] batch=field-waveform-1789025942835-4 D2 TEST_READY state=TEST_READY attempts=1 streak=5
[2026-09-10T07:39:49.173Z] batch=field-waveform-1789025942835-4 D1 CHANNEL_SYNC_OK state=TEST_READY attempts=1 streak=5
[2026-09-10T07:39:49.173Z] batch=field-waveform-1789025942835-4 D1 TEST_READY state=TEST_READY attempts=1 streak=5
[2026-09-10T07:39:49.666Z] batch=field-waveform-1789025942835-4 D4 FIRST_FRAME state=FIRST_FRAME_RECEIVED attempts=1 streak=1
[2026-09-10T07:39:49.666Z] batch=field-waveform-1789025942835-4 D4 FIRST_VALID_SAMPLE state=FIRST_FRAME_RECEIVED attempts=1 streak=1
[2026-09-10T07:39:49.907Z] batch=field-waveform-1789025942835-4 D4 CHANNEL_SYNC_OK state=TEST_READY attempts=1 streak=5
[2026-09-10T07:39:49.907Z] batch=field-waveform-1789025942835-4 D4 TEST_READY state=TEST_READY attempts=1 streak=5
[2026-09-10T07:40:41.142Z] batch=field-waveform-1789025942835-4 D1 MODE_SWITCH_START state=MODE_SWITCHING attempts=1 streak=0 attempt=1
[2026-09-10T07:40:41.153Z] batch=field-waveform-1789025942835-4 D1 MODE_SWITCH_OK state=MODE_SWITCH_OK attempts=1 streak=0
[2026-09-10T07:40:41.159Z] batch=field-waveform-1789025942835-4 D3 MODE_SWITCH_START state=MODE_SWITCHING attempts=1 streak=0 attempt=1
[2026-09-10T07:40:41.162Z] batch=field-waveform-1789025942835-4 D3 MODE_SWITCH_OK state=MODE_SWITCH_OK attempts=1 streak=0
[2026-09-10T07:40:41.409Z] batch=field-waveform-1789025942835-4 D2 MODE_SWITCH_START state=MODE_SWITCHING attempts=1 streak=0 attempt=1
[2026-09-10T07:40:41.421Z] batch=field-waveform-1789025942835-4 D2 MODE_SWITCH_OK state=MODE_SWITCH_OK attempts=1 streak=0
[2026-09-10T07:40:41.427Z] batch=field-waveform-1789025942835-4 D6 MODE_SWITCH_START state=MODE_SWITCHING attempts=1 streak=0 attempt=1
[2026-09-10T07:40:41.431Z] batch=field-waveform-1789025942835-4 D6 MODE_SWITCH_OK state=MODE_SWITCH_OK attempts=1 streak=0
[2026-09-10T07:40:41.439Z] batch=field-waveform-1789025942835-4 D5 MODE_SWITCH_START state=MODE_SWITCHING attempts=1 streak=0 attempt=1
[2026-09-10T07:40:41.442Z] batch=field-waveform-1789025942835-4 D5 MODE_SWITCH_OK state=MODE_SWITCH_OK attempts=1 streak=0
[2026-09-10T07:40:41.448Z] batch=field-waveform-1789025942835-4 D4 MODE_SWITCH_START state=MODE_SWITCHING attempts=1 streak=0 attempt=1
[2026-09-10T07:40:41.452Z] batch=field-waveform-1789025942835-4 D4 MODE_SWITCH_OK state=MODE_SWITCH_OK attempts=1 streak=0
[2026-09-10T07:40:51.337Z] batch=field-waveform-1789025942835-4 D1 MODE_SWITCH_START state=MODE_SWITCHING attempts=1 streak=0 attempt=1
[2026-09-10T07:40:51.343Z] batch=field-waveform-1789025942835-4 D1 MODE_SWITCH_OK state=MODE_SWITCH_OK attempts=1 streak=0
[2026-09-10T07:40:51.356Z] batch=field-waveform-1789025942835-4 D3 MODE_SWITCH_START state=MODE_SWITCHING attempts=1 streak=0 attempt=1
[2026-09-10T07:40:51.365Z] batch=field-waveform-1789025942835-4 D3 MODE_SWITCH_OK state=MODE_SWITCH_OK attempts=1 streak=0
[2026-09-10T07:40:51.862Z] batch=field-waveform-1789025942835-4 D2 MODE_SWITCH_START state=MODE_SWITCHING attempts=1 streak=0 attempt=1
[2026-09-10T07:40:51.868Z] batch=field-waveform-1789025942835-4 D2 MODE_SWITCH_OK state=MODE_SWITCH_OK attempts=1 streak=0
[2026-09-10T07:40:51.876Z] batch=field-waveform-1789025942835-4 D6 MODE_SWITCH_START state=MODE_SWITCHING attempts=1 streak=0 attempt=1
[2026-09-10T07:40:51.879Z] batch=field-waveform-1789025942835-4 D6 MODE_SWITCH_OK state=MODE_SWITCH_OK attempts=1 streak=0
[2026-09-10T07:40:51.885Z] batch=field-waveform-1789025942835-4 D5 MODE_SWITCH_START state=MODE_SWITCHING attempts=1 streak=0 attempt=1
[2026-09-10T07:40:51.888Z] batch=field-waveform-1789025942835-4 D5 MODE_SWITCH_OK state=MODE_SWITCH_OK attempts=1 streak=0
[2026-09-10T07:40:51.899Z] batch=field-waveform-1789025942835-4 D4 MODE_SWITCH_START state=MODE_SWITCHING attempts=1 streak=0 attempt=1
[2026-09-10T07:40:51.902Z] batch=field-waveform-1789025942835-4 D4 MODE_SWITCH_OK state=MODE_SWITCH_OK attempts=1 streak=0
[2026-09-10T07:40:56.556Z] batch=field-waveform-1789025942835-4 D1 FIRST_FRAME state=FIRST_FRAME_RECEIVED attempts=1 streak=1
[2026-09-10T07:40:56.557Z] batch=field-waveform-1789025942835-4 D1 FIRST_VALID_SAMPLE state=FIRST_FRAME_RECEIVED attempts=1 streak=1
[2026-09-10T07:40:56.678Z] batch=field-waveform-1789025942835-4 D3 FIRST_FRAME state=FIRST_FRAME_RECEIVED attempts=1 streak=1
[2026-09-10T07:40:56.678Z] batch=field-waveform-1789025942835-4 D3 FIRST_VALID_SAMPLE state=FIRST_FRAME_RECEIVED attempts=1 streak=1
[2026-09-10T07:40:56.799Z] batch=field-waveform-1789025942835-4 D3 CHANNEL_SYNC_OK state=TEST_READY attempts=1 streak=5
[2026-09-10T07:40:56.800Z] batch=field-waveform-1789025942835-4 D3 TEST_READY state=TEST_READY attempts=1 streak=5
[2026-09-10T07:40:56.869Z] batch=field-waveform-1789025942835-4 D1 CHANNEL_SYNC_OK state=TEST_READY attempts=1 streak=5
[2026-09-10T07:40:56.869Z] batch=field-waveform-1789025942835-4 D1 TEST_READY state=TEST_READY attempts=1 streak=5
[2026-09-10T07:40:57.114Z] batch=field-waveform-1789025942835-4 D2 FIRST_FRAME state=FIRST_FRAME_RECEIVED attempts=1 streak=1
[2026-09-10T07:40:57.114Z] batch=field-waveform-1789025942835-4 D2 FIRST_VALID_SAMPLE state=FIRST_FRAME_RECEIVED attempts=1 streak=1
[2026-09-10T07:40:57.125Z] batch=field-waveform-1789025942835-4 D6 FIRST_FRAME state=FIRST_FRAME_RECEIVED attempts=1 streak=1
[2026-09-10T07:40:57.126Z] batch=field-waveform-1789025942835-4 D6 FIRST_VALID_SAMPLE state=FIRST_FRAME_RECEIVED attempts=1 streak=1
[2026-09-10T07:40:57.136Z] batch=field-waveform-1789025942835-4 D5 FIRST_FRAME state=FIRST_FRAME_RECEIVED attempts=1 streak=1
[2026-09-10T07:40:57.136Z] batch=field-waveform-1789025942835-4 D5 FIRST_VALID_SAMPLE state=FIRST_FRAME_RECEIVED attempts=1 streak=1
[2026-09-10T07:40:57.148Z] batch=field-waveform-1789025942835-4 D4 FIRST_FRAME state=FIRST_FRAME_RECEIVED attempts=1 streak=1
[2026-09-10T07:40:57.149Z] batch=field-waveform-1789025942835-4 D4 FIRST_VALID_SAMPLE state=FIRST_FRAME_RECEIVED attempts=1 streak=1
[2026-09-10T07:40:57.256Z] batch=field-waveform-1789025942835-4 D6 CHANNEL_SYNC_OK state=TEST_READY attempts=1 streak=5
[2026-09-10T07:40:57.256Z] batch=field-waveform-1789025942835-4 D6 TEST_READY state=TEST_READY attempts=1 streak=5
[2026-09-10T07:40:57.400Z] batch=field-waveform-1789025942835-4 D2 CHANNEL_SYNC_OK state=TEST_READY attempts=1 streak=5
[2026-09-10T07:40:57.400Z] batch=field-waveform-1789025942835-4 D2 TEST_READY state=TEST_READY attempts=1 streak=5
[2026-09-10T07:40:57.414Z] batch=field-waveform-1789025942835-4 D5 CHANNEL_SYNC_OK state=TEST_READY attempts=1 streak=5
[2026-09-10T07:40:57.414Z] batch=field-waveform-1789025942835-4 D5 TEST_READY state=TEST_READY attempts=1 streak=5
[2026-09-10T07:40:57.417Z] batch=field-waveform-1789025942835-4 D4 CHANNEL_SYNC_OK state=TEST_READY attempts=1 streak=5
[2026-09-10T07:40:57.417Z] batch=field-waveform-1789025942835-4 D4 TEST_READY state=TEST_READY attempts=1 streak=5
[2026-09-10T07:41:32.374Z] batch=field-waveform-1789025942835-4 D6 MODE_SWITCH_START state=MODE_SWITCHING attempts=1 streak=0 attempt=1
[2026-09-10T07:41:32.386Z] batch=field-waveform-1789025942835-4 D6 MODE_SWITCH_OK state=MODE_SWITCH_OK attempts=1 streak=0
[2026-09-10T07:41:41.471Z] batch=field-waveform-1789025942835-4 D1 MODE_SWITCH_START state=MODE_SWITCHING attempts=1 streak=0 attempt=1
[2026-09-10T07:41:41.482Z] batch=field-waveform-1789025942835-4 D1 MODE_SWITCH_OK state=MODE_SWITCH_OK attempts=1 streak=0
[2026-09-10T07:41:41.779Z] batch=field-waveform-1789025942835-4 D3 MODE_SWITCH_START state=MODE_SWITCHING attempts=1 streak=0 attempt=1
[2026-09-10T07:41:41.790Z] batch=field-waveform-1789025942835-4 D3 MODE_SWITCH_OK state=MODE_SWITCH_OK attempts=1 streak=0
[2026-09-10T07:41:42.165Z] batch=field-waveform-1789025942835-4 D2 MODE_SWITCH_START state=MODE_SWITCHING attempts=1 streak=0 attempt=1
[2026-09-10T07:41:42.170Z] batch=field-waveform-1789025942835-4 D2 MODE_SWITCH_OK state=MODE_SWITCH_OK attempts=1 streak=0
[2026-09-10T07:41:42.178Z] batch=field-waveform-1789025942835-4 D5 MODE_SWITCH_START state=MODE_SWITCHING attempts=1 streak=0 attempt=1
[2026-09-10T07:41:42.180Z] batch=field-waveform-1789025942835-4 D5 MODE_SWITCH_OK state=MODE_SWITCH_OK attempts=1 streak=0
[2026-09-10T07:41:42.187Z] batch=field-waveform-1789025942835-4 D4 MODE_SWITCH_START state=MODE_SWITCHING attempts=1 streak=0 attempt=1
[2026-09-10T07:41:42.190Z] batch=field-waveform-1789025942835-4 D4 MODE_SWITCH_OK state=MODE_SWITCH_OK attempts=1 streak=0
[2026-09-10T07:41:42.507Z] batch=field-waveform-1789025942835-4 D6 MODE_SWITCH_START state=MODE_SWITCHING attempts=1 streak=0 attempt=1
[2026-09-10T07:41:42.517Z] batch=field-waveform-1789025942835-4 D6 MODE_SWITCH_OK state=MODE_SWITCH_OK attempts=1 streak=0
