[2026-09-18T01:51:52.713Z] batch=field-waveform-1789696155780-3 D1 MODE_SWITCH_START state=MODE_SWITCHING attempts=1 streak=0 attempt=1
[2026-09-18T01:51:52.719Z] batch=field-waveform-1789696155780-3 D1 MODE_SWITCH_OK state=MODE_SWITCH_OK attempts=1 streak=0
[2026-09-18T01:51:52.727Z] batch=field-waveform-1789696155780-3 D6 MODE_SWITCH_START state=MODE_SWITCHING attempts=1 streak=0 attempt=1
[2026-09-18T01:51:52.729Z] batch=field-waveform-1789696155780-3 D6 MODE_SWITCH_OK state=MODE_SWITCH_OK attempts=1 streak=0
[2026-09-18T01:51:52.733Z] batch=field-waveform-1789696155780-3 D2 MODE_SWITCH_START state=MODE_SWITCHING attempts=1 streak=0 attempt=1
[2026-09-18T01:51:52.735Z] batch=field-waveform-1789696155780-3 D2 MODE_SWITCH_OK state=MODE_SWITCH_OK attempts=1 streak=0
[2026-09-18T01:51:52.740Z] batch=field-waveform-1789696155780-3 D5 MODE_SWITCH_START state=MODE_SWITCHING attempts=1 streak=0 attempt=1
[2026-09-18T01:51:52.741Z] batch=field-waveform-1789696155780-3 D5 MODE_SWITCH_OK state=MODE_SWITCH_OK attempts=1 streak=0
[2026-09-18T01:51:53.641Z] batch=field-waveform-1789696155780-3 D3 MODE_SWITCH_START state=MODE_SWITCHING attempts=1 streak=0 attempt=1
[2026-09-18T01:51:53.643Z] batch=field-waveform-1789696155780-3 D3 MODE_SWITCH_OK state=MODE_SWITCH_OK attempts=1 streak=0
[2026-09-18T01:51:53.648Z] batch=field-waveform-1789696155780-3 D4 MODE_SWITCH_START state=MODE_SWITCHING attempts=1 streak=0 attempt=1
[2026-09-18T01:51:53.650Z] batch=field-waveform-1789696155780-3 D4 MODE_SWITCH_OK state=MODE_SWITCH_OK attempts=1 streak=0
[2026-09-18T01:52:02.854Z] batch=field-waveform-1789696155780-3 D1 MODE_SWITCH_START state=MODE_SWITCHING attempts=1 streak=0 attempt=1
[2026-09-18T01:52:02.856Z] batch=field-waveform-1789696155780-3 D1 MODE_SWITCH_OK state=MODE_SWITCH_OK attempts=1 streak=0
[2026-09-18T01:52:02.862Z] batch=field-waveform-1789696155780-3 D6 MODE_SWITCH_START state=MODE_SWITCHING attempts=1 streak=0 attempt=1
[2026-09-18T01:52:02.864Z] batch=field-waveform-1789696155780-3 D6 MODE_SWITCH_OK state=MODE_SWITCH_OK attempts=1 streak=0
[2026-09-18T01:52:02.872Z] batch=field-waveform-1789696155780-3 D2 MODE_SWITCH_START state=MODE_SWITCHING attempts=1 streak=0 attempt=1
[2026-09-18T01:52:02.874Z] batch=field-waveform-1789696155780-3 D2 MODE_SWITCH_OK state=MODE_SWITCH_OK attempts=1 streak=0
[2026-09-18T01:52:02.880Z] batch=field-waveform-1789696155780-3 D5 MODE_SWITCH_START state=MODE_SWITCHING attempts=1 streak=0 attempt=1
[2026-09-18T01:52:02.881Z] batch=field-waveform-1789696155780-3 D5 MODE_SWITCH_OK state=MODE_SWITCH_OK attempts=1 streak=0
[2026-09-18T01:52:04.074Z] batch=field-waveform-1789696155780-3 D3 MODE_SWITCH_START state=MODE_SWITCHING attempts=1 streak=0 attempt=1
[2026-09-18T01:52:04.075Z] batch=field-waveform-1789696155780-3 D3 MODE_SWITCH_OK state=MODE_SWITCH_OK attempts=1 streak=0
[2026-09-18T01:52:04.081Z] batch=field-waveform-1789696155780-3 D4 MODE_SWITCH_START state=MODE_SWITCHING attempts=1 streak=0 attempt=1
[2026-09-18T01:52:04.082Z] batch=field-waveform-1789696155780-3 D4 MODE_SWITCH_OK state=MODE_SWITCH_OK attempts=1 streak=0
[2026-09-18T01:52:13.134Z] batch=field-waveform-1789696155780-3 D1 MODE_SWITCH_START state=MODE_SWITCHING attempts=1 streak=0 attempt=1
[2026-09-18T01:52:13.138Z] batch=field-waveform-1789696155780-3 D1 MODE_SWITCH_OK state=MODE_SWITCH_OK attempts=1 streak=0
[2026-09-18T01:52:13.145Z] batch=field-waveform-1789696155780-3 D6 MODE_SWITCH_START state=MODE_SWITCHING attempts=1 streak=0 attempt=1
[2026-09-18T01:52:13.147Z] batch=field-waveform-1789696155780-3 D6 MODE_SWITCH_OK state=MODE_SWITCH_OK attempts=1 streak=0
[2026-09-18T01:52:13.158Z] batch=field-waveform-1789696155780-3 D2 MODE_SWITCH_START state=MODE_SWITCHING attempts=1 streak=0 attempt=1
[2026-09-18T01:52:13.159Z] batch=field-waveform-1789696155780-3 D2 MODE_SWITCH_OK state=MODE_SWITCH_OK attempts=1 streak=0
[2026-09-18T01:52:13.171Z] batch=field-waveform-1789696155780-3 D5 MODE_SWITCH_START state=MODE_SWITCHING attempts=1 streak=0 attempt=1
[2026-09-18T01:52:13.175Z] batch=field-waveform-1789696155780-3 D5 MODE_SWITCH_OK state=MODE_SWITCH_OK attempts=1 streak=0
[2026-09-18T01:52:14.315Z] batch=field-waveform-1789696155780-3 D3 MODE_SWITCH_START state=MODE_SWITCHING attempts=1 streak=0 attempt=1
[2026-09-18T01:52:14.318Z] batch=field-waveform-1789696155780-3 D3 MODE_SWITCH_OK state=MODE_SWITCH_OK attempts=1 streak=0
[2026-09-18T01:52:14.328Z] batch=field-waveform-1789696155780-3 D4 MODE_SWITCH_START state=MODE_SWITCHING attempts=1 streak=0 attempt=1
[2026-09-18T01:52:14.330Z] batch=field-waveform-1789696155780-3 D4 MODE_SWITCH_OK state=MODE_SWITCH_OK attempts=1 streak=0
[2026-09-18T01:52:23.245Z] batch=field-waveform-1789696155780-3 D1 MODE_SWITCH_START state=MODE_SWITCHING attempts=1 streak=0 attempt=1
[2026-09-18T01:52:23.247Z] batch=field-waveform-1789696155780-3 D1 MODE_SWITCH_OK state=MODE_SWITCH_OK attempts=1 streak=0
[2026-09-18T01:52:23.252Z] batch=field-waveform-1789696155780-3 D6 MODE_SWITCH_START state=MODE_SWITCHING attempts=1 streak=0 attempt=1
[2026-09-18T01:52:23.253Z] batch=field-waveform-1789696155780-3 D6 MODE_SWITCH_OK state=MODE_SWITCH_OK attempts=1 streak=0
[2026-09-18T01:52:23.258Z] batch=field-waveform-1789696155780-3 D2 MODE_SWITCH_START state=MODE_SWITCHING attempts=1 streak=0 attempt=1
[2026-09-18T01:52:23.259Z] batch=field-waveform-1789696155780-3 D2 MODE_SWITCH_OK state=MODE_SWITCH_OK attempts=1 streak=0
[2026-09-18T01:52:23.264Z] batch=field-waveform-1789696155780-3 D5 MODE_SWITCH_START state=MODE_SWITCHING attempts=1 streak=0 attempt=1
[2026-09-18T01:52:23.266Z] batch=field-waveform-1789696155780-3 D5 MODE_SWITCH_OK state=MODE_SWITCH_OK attempts=1 streak=0
[2026-09-18T01:52:24.350Z] batch=field-waveform-1789696155780-3 D3 MODE_SWITCH_START state=MODE_SWITCHING attempts=1 streak=0 attempt=1
[2026-09-18T01:52:24.352Z] batch=field-waveform-1789696155780-3 D3 MODE_SWITCH_OK state=MODE_SWITCH_OK attempts=1 streak=0
[2026-09-18T01:52:24.356Z] batch=field-waveform-1789696155780-3 D4 MODE_SWITCH_START state=MODE_SWITCHING attempts=1 streak=0 attempt=1
[2026-09-18T01:52:24.358Z] batch=field-waveform-1789696155780-3 D4 MODE_SWITCH_OK state=MODE_SWITCH_OK attempts=1 streak=0
[2026-09-18T01:52:33.281Z] batch=field-waveform-1789696155780-3 D1 MODE_SWITCH_START state=MODE_SWITCHING attempts=1 streak=0 attempt=1
[2026-09-18T01:52:33.285Z] batch=field-waveform-1789696155780-3 D1 MODE_SWITCH_OK state=MODE_SWITCH_OK attempts=1 streak=0
[2026-09-18T01:52:33.291Z] batch=field-waveform-1789696155780-3 D6 MODE_SWITCH_START state=MODE_SWITCHING attempts=1 streak=0 attempt=1
[2026-09-18T01:52:33.292Z] batch=field-waveform-1789696155780-3 D6 MODE_SWITCH_OK state=MODE_SWITCH_OK attempts=1 streak=0
[2026-09-18T01:52:33.298Z] batch=field-waveform-1789696155780-3 D2 MODE_SWITCH_START state=MODE_SWITCHING attempts=1 streak=0 attempt=1
[2026-09-18T01:52:33.299Z] batch=field-waveform-1789696155780-3 D2 MODE_SWITCH_OK state=MODE_SWITCH_OK attempts=1 streak=0
[2026-09-18T01:52:33.305Z] batch=field-waveform-1789696155780-3 D5 MODE_SWITCH_START state=MODE_SWITCHING attempts=1 streak=0 attempt=1
[2026-09-18T01:52:33.307Z] batch=field-waveform-1789696155780-3 D5 MODE_SWITCH_OK state=MODE_SWITCH_OK attempts=1 streak=0
[2026-09-18T01:52:34.597Z] batch=field-waveform-1789696155780-3 D3 MODE_SWITCH_START state=MODE_SWITCHING attempts=1 streak=0 attempt=1
[2026-09-18T01:52:34.599Z] batch=field-waveform-1789696155780-3 D3 MODE_SWITCH_OK state=MODE_SWITCH_OK attempts=1 streak=0
[2026-09-18T01:52:34.604Z] batch=field-waveform-1789696155780-3 D4 MODE_SWITCH_START state=MODE_SWITCHING attempts=1 streak=0 attempt=1
[2026-09-18T01:52:34.605Z] batch=field-waveform-1789696155780-3 D4 MODE_SWITCH_OK state=MODE_SWITCH_OK attempts=1 streak=0
[2026-09-18T01:52:43.431Z] batch=field-waveform-1789696155780-3 D1 MODE_SWITCH_START state=MODE_SWITCHING attempts=1 streak=0 attempt=1
[2026-09-18T01:52:43.433Z] batch=field-waveform-1789696155780-3 D1 MODE_SWITCH_OK state=MODE_SWITCH_OK attempts=1 streak=0
[2026-09-18T01:52:43.438Z] batch=field-waveform-1789696155780-3 D6 MODE_SWITCH_START state=MODE_SWITCHING attempts=1 streak=0 attempt=1
[2026-09-18T01:52:43.440Z] batch=field-waveform-1789696155780-3 D6 MODE_SWITCH_OK state=MODE_SWITCH_OK attempts=1 streak=0
[2026-09-18T01:52:43.446Z] batch=field-waveform-1789696155780-3 D2 MODE_SWITCH_START state=MODE_SWITCHING attempts=1 streak=0 attempt=1
[2026-09-18T01:52:43.448Z] batch=field-waveform-1789696155780-3 D2 MODE_SWITCH_OK state=MODE_SWITCH_OK attempts=1 streak=0
[2026-09-18T01:52:43.453Z] batch=field-waveform-1789696155780-3 D5 MODE_SWITCH_START state=MODE_SWITCHING attempts=1 streak=0 attempt=1
[2026-09-18T01:52:43.454Z] batch=field-waveform-1789696155780-3 D5 MODE_SWITCH_OK state=MODE_SWITCH_OK attempts=1 streak=0
[2026-09-18T01:52:44.871Z] batch=field-waveform-1789696155780-3 D3 MODE_SWITCH_START state=MODE_SWITCHING attempts=1 streak=0 attempt=1
[2026-09-18T01:52:44.873Z] batch=field-waveform-1789696155780-3 D3 MODE_SWITCH_OK state=MODE_SWITCH_OK attempts=1 streak=0
[2026-09-18T01:52:44.887Z] batch=field-waveform-1789696155780-3 D4 MODE_SWITCH_START state=MODE_SWITCHING attempts=1 streak=0 attempt=1
[2026-09-18T01:52:44.889Z] batch=field-waveform-1789696155780-3 D4 MODE_SWITCH_OK state=MODE_SWITCH_OK attempts=1 streak=0
[2026-09-18T01:52:53.574Z] batch=field-waveform-1789696155780-3 D1 MODE_SWITCH_START state=MODE_SWITCHING attempts=1 streak=0 attempt=1
[2026-09-18T01:52:53.576Z] batch=field-waveform-1789696155780-3 D1 MODE_SWITCH_OK state=MODE_SWITCH_OK attempts=1 streak=0
[2026-09-18T01:52:53.582Z] batch=field-waveform-1789696155780-3 D6 MODE_SWITCH_START state=MODE_SWITCHING attempts=1 streak=0 attempt=1
[2026-09-18T01:52:53.583Z] batch=field-waveform-1789696155780-3 D6 MODE_SWITCH_OK state=MODE_SWITCH_OK attempts=1 streak=0
[2026-09-18T01:52:53.588Z] batch=field-waveform-1789696155780-3 D2 MODE_SWITCH_START state=MODE_SWITCHING attempts=1 streak=0 attempt=1
[2026-09-18T01:52:53.590Z] batch=field-waveform-1789696155780-3 D2 MODE_SWITCH_OK state=MODE_SWITCH_OK attempts=1 streak=0
[2026-09-18T01:52:53.618Z] batch=field-waveform-1789696155780-3 D5 MODE_SWITCH_START state=MODE_SWITCHING attempts=1 streak=0 attempt=1
[2026-09-18T01:52:53.619Z] batch=field-waveform-1789696155780-3 D5 MODE_SWITCH_OK state=MODE_SWITCH_OK attempts=1 streak=0
[2026-09-18T01:52:55.004Z] batch=field-waveform-1789696155780-3 D3 MODE_SWITCH_START state=MODE_SWITCHING attempts=1 streak=0 attempt=1
[2026-09-18T01:52:55.006Z] batch=field-waveform-1789696155780-3 D3 MODE_SWITCH_OK state=MODE_SWITCH_OK attempts=1 streak=0
[2026-09-18T01:52:55.010Z] batch=field-waveform-1789696155780-3 D4 MODE_SWITCH_START state=MODE_SWITCHING attempts=1 streak=0 attempt=1
[2026-09-18T01:52:55.011Z] batch=field-waveform-1789696155780-3 D4 MODE_SWITCH_OK state=MODE_SWITCH_OK attempts=1 streak=0
[2026-09-18T01:53:03.629Z] batch=field-waveform-1789696155780-3 D1 MODE_SWITCH_START state=MODE_SWITCHING attempts=1 streak=0 attempt=1
[2026-09-18T01:53:03.631Z] batch=field-waveform-1789696155780-3 D1 MODE_SWITCH_OK state=MODE_SWITCH_OK attempts=1 streak=0
[2026-09-18T01:53:03.636Z] batch=field-waveform-1789696155780-3 D6 MODE_SWITCH_START state=MODE_SWITCHING attempts=1 streak=0 attempt=1
[2026-09-18T01:53:03.638Z] batch=field-waveform-1789696155780-3 D6 MODE_SWITCH_OK state=MODE_SWITCH_OK attempts=1 streak=0
[2026-09-18T01:53:03.644Z] batch=field-waveform-1789696155780-3 D2 MODE_SWITCH_START state=MODE_SWITCHING attempts=1 streak=0 attempt=1
[2026-09-18T01:53:03.646Z] batch=field-waveform-1789696155780-3 D2 MODE_SWITCH_OK state=MODE_SWITCH_OK attempts=1 streak=0
[2026-09-18T01:53:03.651Z] batch=field-waveform-1789696155780-3 D5 MODE_SWITCH_START state=MODE_SWITCHING attempts=1 streak=0 attempt=1
[2026-09-18T01:53:03.652Z] batch=field-waveform-1789696155780-3 D5 MODE_SWITCH_OK state=MODE_SWITCH_OK attempts=1 streak=0
[2026-09-18T01:53:05.129Z] batch=field-waveform-1789696155780-3 D3 MODE_SWITCH_START state=MODE_SWITCHING attempts=1 streak=0 attempt=1
[2026-09-18T01:53:05.130Z] batch=field-waveform-1789696155780-3 D3 MODE_SWITCH_OK state=MODE_SWITCH_OK attempts=1 streak=0
[2026-09-18T01:53:05.135Z] batch=field-waveform-1789696155780-3 D4 MODE_SWITCH_START state=MODE_SWITCHING attempts=1 streak=0 attempt=1
[2026-09-18T01:53:05.137Z] batch=field-waveform-1789696155780-3 D4 MODE_SWITCH_OK state=MODE_SWITCH_OK attempts=1 streak=0
[2026-09-18T01:53:13.857Z] batch=field-waveform-1789696155780-3 D1 MODE_SWITCH_START state=MODE_SWITCHING attempts=1 streak=0 attempt=1
[2026-09-18T01:53:13.859Z] batch=field-waveform-1789696155780-3 D1 MODE_SWITCH_OK state=MODE_SWITCH_OK attempts=1 streak=0
[2026-09-18T01:53:13.865Z] batch=field-waveform-1789696155780-3 D6 MODE_SWITCH_START state=MODE_SWITCHING attempts=1 streak=0 attempt=1
[2026-09-18T01:53:13.867Z] batch=field-waveform-1789696155780-3 D6 MODE_SWITCH_OK state=MODE_SWITCH_OK attempts=1 streak=0
[2026-09-18T01:53:13.873Z] batch=field-waveform-1789696155780-3 D2 MODE_SWITCH_START state=MODE_SWITCHING attempts=1 streak=0 attempt=1
[2026-09-18T01:53:13.876Z] batch=field-waveform-1789696155780-3 D2 MODE_SWITCH_OK state=MODE_SWITCH_OK attempts=1 streak=0
[2026-09-18T01:53:13.884Z] batch=field-waveform-1789696155780-3 D5 MODE_SWITCH_START state=MODE_SWITCHING attempts=1 streak=0 attempt=1
[2026-09-18T01:53:13.886Z] batch=field-waveform-1789696155780-3 D5 MODE_SWITCH_OK state=MODE_SWITCH_OK attempts=1 streak=0
[2026-09-18T01:53:15.230Z] batch=field-waveform-1789696155780-3 D3 MODE_SWITCH_START state=MODE_SWITCHING attempts=1 streak=0 attempt=1
[2026-09-18T01:53:15.233Z] batch=field-waveform-1789696155780-3 D3 MODE_SWITCH_OK state=MODE_SWITCH_OK attempts=1 streak=0
[2026-09-18T01:53:15.238Z] batch=field-waveform-1789696155780-3 D4 MODE_SWITCH_START state=MODE_SWITCHING attempts=1 streak=0 attempt=1
[2026-09-18T01:53:15.240Z] batch=field-waveform-1789696155780-3 D4 MODE_SWITCH_OK state=MODE_SWITCH_OK attempts=1 streak=0
[2026-09-18T01:53:24.087Z] batch=field-waveform-1789696155780-3 D1 MODE_SWITCH_START state=MODE_SWITCHING attempts=1 streak=0 attempt=1
[2026-09-18T01:53:24.090Z] batch=field-waveform-1789696155780-3 D1 MODE_SWITCH_OK state=MODE_SWITCH_OK attempts=1 streak=0
[2026-09-18T01:53:24.095Z] batch=field-waveform-1789696155780-3 D6 MODE_SWITCH_START state=MODE_SWITCHING attempts=1 streak=0 attempt=1
[2026-09-18T01:53:24.096Z] batch=field-waveform-1789696155780-3 D6 MODE_SWITCH_OK state=MODE_SWITCH_OK attempts=1 streak=0
[2026-09-18T01:53:24.102Z] batch=field-waveform-1789696155780-3 D2 MODE_SWITCH_START state=MODE_SWITCHING attempts=1 streak=0 attempt=1
[2026-09-18T01:53:24.104Z] batch=field-waveform-1789696155780-3 D2 MODE_SWITCH_OK state=MODE_SWITCH_OK attempts=1 streak=0
[2026-09-18T01:53:24.113Z] batch=field-waveform-1789696155780-3 D5 MODE_SWITCH_START state=MODE_SWITCHING attempts=1 streak=0 attempt=1
[2026-09-18T01:53:24.114Z] batch=field-waveform-1789696155780-3 D5 MODE_SWITCH_OK state=MODE_SWITCH_OK attempts=1 streak=0
[2026-09-18T01:53:25.532Z] batch=field-waveform-1789696155780-3 D3 MODE_SWITCH_START state=MODE_SWITCHING attempts=1 streak=0 attempt=1
[2026-09-18T01:53:25.534Z] batch=field-waveform-1789696155780-3 D3 MODE_SWITCH_OK state=MODE_SWITCH_OK attempts=1 streak=0
[2026-09-18T01:53:25.539Z] batch=field-waveform-1789696155780-3 D4 MODE_SWITCH_START state=MODE_SWITCHING attempts=1 streak=0 attempt=1
[2026-09-18T01:53:25.540Z] batch=field-waveform-1789696155780-3 D4 MODE_SWITCH_OK state=MODE_SWITCH_OK attempts=1 streak=0
[2026-09-18T01:53:34.241Z] batch=field-waveform-1789696155780-3 D1 MODE_SWITCH_START state=MODE_SWITCHING attempts=1 streak=0 attempt=1
[2026-09-18T01:53:34.243Z] batch=field-waveform-1789696155780-3 D1 MODE_SWITCH_OK state=MODE_SWITCH_OK attempts=1 streak=0
[2026-09-18T01:53:34.248Z] batch=field-waveform-1789696155780-3 D6 MODE_SWITCH_START state=MODE_SWITCHING attempts=1 streak=0 attempt=1
[2026-09-18T01:53:34.249Z] batch=field-waveform-1789696155780-3 D6 MODE_SWITCH_OK state=MODE_SWITCH_OK attempts=1 streak=0
[2026-09-18T01:53:34.253Z] batch=field-waveform-1789696155780-3 D2 MODE_SWITCH_START state=MODE_SWITCHING attempts=1 streak=0 attempt=1
[2026-09-18T01:53:34.254Z] batch=field-waveform-1789696155780-3 D2 MODE_SWITCH_OK state=MODE_SWITCH_OK attempts=1 streak=0
[2026-09-18T01:53:34.259Z] batch=field-waveform-1789696155780-3 D5 MODE_SWITCH_START state=MODE_SWITCHING attempts=1 streak=0 attempt=1
[2026-09-18T01:53:34.261Z] batch=field-waveform-1789696155780-3 D5 MODE_SWITCH_OK state=MODE_SWITCH_OK attempts=1 streak=0
[2026-09-18T01:53:35.642Z] batch=field-waveform-1789696155780-3 D3 MODE_SWITCH_START state=MODE_SWITCHING attempts=1 streak=0 attempt=1
[2026-09-18T01:53:35.644Z] batch=field-waveform-1789696155780-3 D3 MODE_SWITCH_OK state=MODE_SWITCH_OK attempts=1 streak=0
[2026-09-18T01:53:35.650Z] batch=field-waveform-1789696155780-3 D4 MODE_SWITCH_START state=MODE_SWITCHING attempts=1 streak=0 attempt=1
[2026-09-18T01:53:35.651Z] batch=field-waveform-1789696155780-3 D4 MODE_SWITCH_OK state=MODE_SWITCH_OK attempts=1 streak=0
[2026-09-18T01:53:44.418Z] batch=field-waveform-1789696155780-3 D1 MODE_SWITCH_START state=MODE_SWITCHING attempts=1 streak=0 attempt=1
[2026-09-18T01:53:44.420Z] batch=field-waveform-1789696155780-3 D1 MODE_SWITCH_OK state=MODE_SWITCH_OK attempts=1 streak=0
[2026-09-18T01:53:44.424Z] batch=field-waveform-1789696155780-3 D6 MODE_SWITCH_START state=MODE_SWITCHING attempts=1 streak=0 attempt=1
[2026-09-18T01:53:44.425Z] batch=field-waveform-1789696155780-3 D6 MODE_SWITCH_OK state=MODE_SWITCH_OK attempts=1 streak=0
[2026-09-18T01:53:44.429Z] batch=field-waveform-1789696155780-3 D2 MODE_SWITCH_START state=MODE_SWITCHING attempts=1 streak=0 attempt=1
[2026-09-18T01:53:44.430Z] batch=field-waveform-1789696155780-3 D2 MODE_SWITCH_OK state=MODE_SWITCH_OK attempts=1 streak=0
[2026-09-18T01:53:44.438Z] batch=field-waveform-1789696155780-3 D5 MODE_SWITCH_START state=MODE_SWITCHING attempts=1 streak=0 attempt=1
[2026-09-18T01:53:44.439Z] batch=field-waveform-1789696155780-3 D5 MODE_SWITCH_OK state=MODE_SWITCH_OK attempts=1 streak=0
[2026-09-18T01:53:45.636Z] batch=field-waveform-1789696425634-4 D1 MODE_SWITCH_START state=MODE_SWITCHING attempts=1 streak=0 attempt=1
[2026-09-18T01:53:45.638Z] batch=field-waveform-1789696425634-4 D2 MODE_SWITCH_START state=MODE_SWITCHING attempts=1 streak=0 attempt=1
[2026-09-18T01:53:45.639Z] batch=field-waveform-1789696425634-4 D3 MODE_SWITCH_START state=MODE_SWITCHING attempts=1 streak=0 attempt=1
[2026-09-18T01:53:45.641Z] batch=field-waveform-1789696425634-4 D4 MODE_SWITCH_START state=MODE_SWITCHING attempts=1 streak=0 attempt=1
[2026-09-18T01:53:45.642Z] batch=field-waveform-1789696425634-4 D5 MODE_SWITCH_START state=MODE_SWITCHING attempts=1 streak=0 attempt=1
[2026-09-18T01:53:45.644Z] batch=field-waveform-1789696425634-4 D6 MODE_SWITCH_START state=MODE_SWITCHING attempts=1 streak=0 attempt=1
[2026-09-18T01:53:45.647Z] batch=field-waveform-1789696425634-4 D1 MODE_SWITCH_OK state=MODE_SWITCH_OK attempts=1 streak=0
[2026-09-18T01:53:45.648Z] batch=field-waveform-1789696425634-4 D2 MODE_SWITCH_OK state=MODE_SWITCH_OK attempts=1 streak=0
[2026-09-18T01:53:45.649Z] batch=field-waveform-1789696425634-4 D3 MODE_SWITCH_OK state=MODE_SWITCH_OK attempts=1 streak=0
[2026-09-18T01:53:45.651Z] batch=field-waveform-1789696425634-4 D4 MODE_SWITCH_OK state=MODE_SWITCH_OK attempts=1 streak=0
[2026-09-18T01:53:45.653Z] batch=field-waveform-1789696425634-4 D5 MODE_SWITCH_OK state=MODE_SWITCH_OK attempts=1 streak=0
[2026-09-18T01:53:45.654Z] batch=field-waveform-1789696425634-4 D6 MODE_SWITCH_OK state=MODE_SWITCH_OK attempts=1 streak=0
[2026-09-18T01:53:45.691Z] batch=field-waveform-1789696425634-4 D3 MODE_SWITCH_START state=MODE_SWITCHING attempts=1 streak=0 attempt=1
[2026-09-18T01:53:45.692Z] batch=field-waveform-1789696425634-4 D3 MODE_SWITCH_OK state=MODE_SWITCH_OK attempts=1 streak=0
[2026-09-18T01:53:45.694Z] batch=field-waveform-1789696425634-4 D4 MODE_SWITCH_START state=MODE_SWITCHING attempts=1 streak=0 attempt=1
[2026-09-18T01:53:45.695Z] batch=field-waveform-1789696425634-4 D4 MODE_SWITCH_OK state=MODE_SWITCH_OK attempts=1 streak=0
[2026-09-18T01:53:54.432Z] batch=field-waveform-1789696425634-4 D1 MODE_SWITCH_START state=MODE_SWITCHING attempts=1 streak=0 attempt=1
[2026-09-18T01:53:54.434Z] batch=field-waveform-1789696425634-4 D1 MODE_SWITCH_OK state=MODE_SWITCH_OK attempts=1 streak=0
[2026-09-18T01:53:54.435Z] batch=field-waveform-1789696425634-4 D6 MODE_SWITCH_START state=MODE_SWITCHING attempts=1 streak=0 attempt=1
[2026-09-18T01:53:54.437Z] batch=field-waveform-1789696425634-4 D6 MODE_SWITCH_OK state=MODE_SWITCH_OK attempts=1 streak=0
[2026-09-18T01:53:54.438Z] batch=field-waveform-1789696425634-4 D2 MODE_SWITCH_START state=MODE_SWITCHING attempts=1 streak=0 attempt=1
[2026-09-18T01:53:54.439Z] batch=field-waveform-1789696425634-4 D2 MODE_SWITCH_OK state=MODE_SWITCH_OK attempts=1 streak=0
[2026-09-18T01:53:54.441Z] batch=field-waveform-1789696425634-4 D5 MODE_SWITCH_START state=MODE_SWITCHING attempts=1 streak=0 attempt=1
[2026-09-18T01:53:54.446Z] batch=field-waveform-1789696425634-4 D5 MODE_SWITCH_OK state=MODE_SWITCH_OK attempts=1 streak=0
[2026-09-18T01:53:55.707Z] batch=field-waveform-1789696425634-4 D3 MODE_SWITCH_START state=MODE_SWITCHING attempts=1 streak=0 attempt=1
[2026-09-18T01:53:55.711Z] batch=field-waveform-1789696425634-4 D3 MODE_SWITCH_OK state=MODE_SWITCH_OK attempts=1 streak=0
[2026-09-18T01:53:55.712Z] batch=field-waveform-1789696425634-4 D4 MODE_SWITCH_START state=MODE_SWITCHING attempts=1 streak=0 attempt=1
[2026-09-18T01:53:55.714Z] batch=field-waveform-1789696425634-4 D4 MODE_SWITCH_OK state=MODE_SWITCH_OK attempts=1 streak=0
[2026-09-18T01:54:04.438Z] batch=field-waveform-1789696425634-4 D1 MODE_SWITCH_START state=MODE_SWITCHING attempts=1 streak=0 attempt=1
[2026-09-18T01:54:04.443Z] batch=field-waveform-1789696425634-4 D1 MODE_SWITCH_OK state=MODE_SWITCH_OK attempts=1 streak=0
[2026-09-18T01:54:04.445Z] batch=field-waveform-1789696425634-4 D6 MODE_SWITCH_START state=MODE_SWITCHING attempts=1 streak=0 attempt=1
[2026-09-18T01:54:04.448Z] batch=field-waveform-1789696425634-4 D6 MODE_SWITCH_OK state=MODE_SWITCH_OK attempts=1 streak=0
[2026-09-18T01:54:04.453Z] batch=field-waveform-1789696425634-4 D2 MODE_SWITCH_START state=MODE_SWITCHING attempts=1 streak=0 attempt=1
[2026-09-18T01:54:04.455Z] batch=field-waveform-1789696425634-4 D2 MODE_SWITCH_OK state=MODE_SWITCH_OK attempts=1 streak=0
[2026-09-18T01:54:04.457Z] batch=field-waveform-1789696425634-4 D5 MODE_SWITCH_START state=MODE_SWITCHING attempts=1 streak=0 attempt=1
[2026-09-18T01:54:04.460Z] batch=field-waveform-1789696425634-4 D5 MODE_SWITCH_OK state=MODE_SWITCH_OK attempts=1 streak=0
[2026-09-18T01:54:05.712Z] batch=field-waveform-1789696425634-4 D3 MODE_SWITCH_START state=MODE_SWITCHING attempts=1 streak=0 attempt=1
[2026-09-18T01:54:05.715Z] batch=field-waveform-1789696425634-4 D3 MODE_SWITCH_OK state=MODE_SWITCH_OK attempts=1 streak=0
[2026-09-18T01:54:05.718Z] batch=field-waveform-1789696425634-4 D4 MODE_SWITCH_START state=MODE_SWITCHING attempts=1 streak=0 attempt=1
[2026-09-18T01:54:05.719Z] batch=field-waveform-1789696425634-4 D4 MODE_SWITCH_OK state=MODE_SWITCH_OK attempts=1 streak=0
[2026-09-18T01:54:14.454Z] batch=field-waveform-1789696425634-4 D1 MODE_SWITCH_START state=MODE_SWITCHING attempts=1 streak=0 attempt=1
[2026-09-18T01:54:14.458Z] batch=field-waveform-1789696425634-4 D1 MODE_SWITCH_OK state=MODE_SWITCH_OK attempts=1 streak=0
[2026-09-18T01:54:14.459Z] batch=field-waveform-1789696425634-4 D6 MODE_SWITCH_START state=MODE_SWITCHING attempts=1 streak=0 attempt=1
[2026-09-18T01:54:14.460Z] batch=field-waveform-1789696425634-4 D6 MODE_SWITCH_OK state=MODE_SWITCH_OK attempts=1 streak=0
[2026-09-18T01:54:14.461Z] batch=field-waveform-1789696425634-4 D2 MODE_SWITCH_START state=MODE_SWITCHING attempts=1 streak=0 attempt=1
[2026-09-18T01:54:14.462Z] batch=field-waveform-1789696425634-4 D2 MODE_SWITCH_OK state=MODE_SWITCH_OK attempts=1 streak=0
[2026-09-18T01:54:14.463Z] batch=field-waveform-1789696425634-4 D5 MODE_SWITCH_START state=MODE_SWITCHING attempts=1 streak=0 attempt=1
[2026-09-18T01:54:14.464Z] batch=field-waveform-1789696425634-4 D5 MODE_SWITCH_OK state=MODE_SWITCH_OK attempts=1 streak=0
[2026-09-18T01:54:15.726Z] batch=field-waveform-1789696425634-4 D3 MODE_SWITCH_START state=MODE_SWITCHING attempts=1 streak=0 attempt=1
[2026-09-18T01:54:15.728Z] batch=field-waveform-1789696425634-4 D3 MODE_SWITCH_OK state=MODE_SWITCH_OK attempts=1 streak=0
[2026-09-18T01:54:15.729Z] batch=field-waveform-1789696425634-4 D4 MODE_SWITCH_START state=MODE_SWITCHING attempts=1 streak=0 attempt=1
[2026-09-18T01:54:15.730Z] batch=field-waveform-1789696425634-4 D4 MODE_SWITCH_OK state=MODE_SWITCH_OK attempts=1 streak=0
[2026-09-18T01:54:24.460Z] batch=field-waveform-1789696425634-4 D1 MODE_SWITCH_START state=MODE_SWITCHING attempts=1 streak=0 attempt=1
[2026-09-18T01:54:24.462Z] batch=field-waveform-1789696425634-4 D1 MODE_SWITCH_OK state=MODE_SWITCH_OK attempts=1 streak=0
[2026-09-18T01:54:24.466Z] batch=field-waveform-1789696425634-4 D6 MODE_SWITCH_START state=MODE_SWITCHING attempts=1 streak=0 attempt=1
[2026-09-18T01:54:24.468Z] batch=field-waveform-1789696425634-4 D6 MODE_SWITCH_OK state=MODE_SWITCH_OK attempts=1 streak=0
[2026-09-18T01:54:24.471Z] batch=field-waveform-1789696425634-4 D2 MODE_SWITCH_START state=MODE_SWITCHING attempts=1 streak=0 attempt=1
[2026-09-18T01:54:24.472Z] batch=field-waveform-1789696425634-4 D2 MODE_SWITCH_OK state=MODE_SWITCH_OK attempts=1 streak=0
[2026-09-18T01:54:24.473Z] batch=field-waveform-1789696425634-4 D5 MODE_SWITCH_START state=MODE_SWITCHING attempts=1 streak=0 attempt=1
[2026-09-18T01:54:24.475Z] batch=field-waveform-1789696425634-4 D5 MODE_SWITCH_OK state=MODE_SWITCH_OK attempts=1 streak=0
[2026-09-18T01:54:25.735Z] batch=field-waveform-1789696425634-4 D3 MODE_SWITCH_START state=MODE_SWITCHING attempts=1 streak=0 attempt=1
[2026-09-18T01:54:25.737Z] batch=field-waveform-1789696425634-4 D3 MODE_SWITCH_OK state=MODE_SWITCH_OK attempts=1 streak=0
[2026-09-18T01:54:25.738Z] batch=field-waveform-1789696425634-4 D4 MODE_SWITCH_START state=MODE_SWITCHING attempts=1 streak=0 attempt=1
[2026-09-18T01:54:25.740Z] batch=field-waveform-1789696425634-4 D4 MODE_SWITCH_OK state=MODE_SWITCH_OK attempts=1 streak=0
[2026-09-18T01:54:29.503Z] batch=field-waveform-1789696425634-4 D1 FIRST_FRAME state=FIRST_FRAME_RECEIVED attempts=1 streak=1
[2026-09-18T01:54:29.503Z] batch=field-waveform-1789696425634-4 D1 FIRST_VALID_SAMPLE state=FIRST_FRAME_RECEIVED attempts=1 streak=1
[2026-09-18T01:54:29.515Z] batch=field-waveform-1789696425634-4 D2 FIRST_FRAME state=FIRST_FRAME_RECEIVED attempts=1 streak=1
[2026-09-18T01:54:29.516Z] batch=field-waveform-1789696425634-4 D2 FIRST_VALID_SAMPLE state=FIRST_FRAME_RECEIVED attempts=1 streak=1
[2026-09-18T01:54:29.526Z] batch=field-waveform-1789696425634-4 D6 FIRST_FRAME state=FIRST_FRAME_RECEIVED attempts=1 streak=1
[2026-09-18T01:54:29.526Z] batch=field-waveform-1789696425634-4 D6 FIRST_VALID_SAMPLE state=FIRST_FRAME_RECEIVED attempts=1 streak=1
[2026-09-18T01:54:29.535Z] batch=field-waveform-1789696425634-4 D5 FIRST_FRAME state=FIRST_FRAME_RECEIVED attempts=1 streak=1
[2026-09-18T01:54:29.535Z] batch=field-waveform-1789696425634-4 D5 FIRST_VALID_SAMPLE state=FIRST_FRAME_RECEIVED attempts=1 streak=1
[2026-09-18T01:54:29.777Z] batch=field-waveform-1789696425634-4 D1 CHANNEL_SYNC_OK state=TEST_READY attempts=1 streak=5
[2026-09-18T01:54:29.778Z] batch=field-waveform-1789696425634-4 D1 TEST_READY state=TEST_READY attempts=1 streak=5
[2026-09-18T01:54:29.779Z] batch=field-waveform-1789696425634-4 D2 CHANNEL_SYNC_OK state=TEST_READY attempts=1 streak=5
[2026-09-18T01:54:29.780Z] batch=field-waveform-1789696425634-4 D2 TEST_READY state=TEST_READY attempts=1 streak=5
[2026-09-18T01:54:29.781Z] batch=field-waveform-1789696425634-4 D6 CHANNEL_SYNC_OK state=TEST_READY attempts=1 streak=5
[2026-09-18T01:54:29.782Z] batch=field-waveform-1789696425634-4 D6 TEST_READY state=TEST_READY attempts=1 streak=5
[2026-09-18T01:54:29.783Z] batch=field-waveform-1789696425634-4 D5 CHANNEL_SYNC_OK state=TEST_READY attempts=1 streak=5
[2026-09-18T01:54:29.783Z] batch=field-waveform-1789696425634-4 D5 TEST_READY state=TEST_READY attempts=1 streak=5
[2026-09-18T01:54:30.826Z] batch=field-waveform-1789696425634-4 D3 FIRST_FRAME state=FIRST_FRAME_RECEIVED attempts=1 streak=1
[2026-09-18T01:54:30.826Z] batch=field-waveform-1789696425634-4 D3 FIRST_VALID_SAMPLE state=FIRST_FRAME_RECEIVED attempts=1 streak=1
[2026-09-18T01:54:30.829Z] batch=field-waveform-1789696425634-4 D4 FIRST_FRAME state=FIRST_FRAME_RECEIVED attempts=1 streak=1
[2026-09-18T01:54:30.830Z] batch=field-waveform-1789696425634-4 D4 FIRST_VALID_SAMPLE state=FIRST_FRAME_RECEIVED attempts=1 streak=1
[2026-09-18T01:54:31.075Z] batch=field-waveform-1789696425634-4 D3 CHANNEL_SYNC_OK state=TEST_READY attempts=1 streak=5
[2026-09-18T01:54:31.076Z] batch=field-waveform-1789696425634-4 D3 TEST_READY state=TEST_READY attempts=1 streak=5
[2026-09-18T01:54:31.082Z] batch=field-waveform-1789696425634-4 D4 CHANNEL_SYNC_OK state=TEST_READY attempts=1 streak=5
[2026-09-18T01:54:31.082Z] batch=field-waveform-1789696425634-4 D4 TEST_READY state=TEST_READY attempts=1 streak=5
[2026-09-18T01:55:22.926Z] batch=field-waveform-1789696425634-4 D1 MODE_SWITCH_START state=MODE_SWITCHING attempts=1 streak=0 attempt=1
[2026-09-18T01:55:22.927Z] batch=field-waveform-1789696425634-4 D1 MODE_SWITCH_OK state=MODE_SWITCH_OK attempts=1 streak=0
[2026-09-18T01:55:23.213Z] batch=field-waveform-1789696425634-4 D3 MODE_SWITCH_START state=MODE_SWITCHING attempts=1 streak=0 attempt=1
[2026-09-18T01:55:23.214Z] batch=field-waveform-1789696425634-4 D3 MODE_SWITCH_OK state=MODE_SWITCH_OK attempts=1 streak=0
[2026-09-18T01:55:23.218Z] batch=field-waveform-1789696425634-4 D4 MODE_SWITCH_START state=MODE_SWITCHING attempts=1 streak=0 attempt=1
[2026-09-18T01:55:23.219Z] batch=field-waveform-1789696425634-4 D4 MODE_SWITCH_OK state=MODE_SWITCH_OK attempts=1 streak=0
[2026-09-18T01:55:23.223Z] batch=field-waveform-1789696425634-4 D2 MODE_SWITCH_START state=MODE_SWITCHING attempts=1 streak=0 attempt=1
[2026-09-18T01:55:23.224Z] batch=field-waveform-1789696425634-4 D2 MODE_SWITCH_OK state=MODE_SWITCH_OK attempts=1 streak=0
[2026-09-18T01:55:23.227Z] batch=field-waveform-1789696425634-4 D5 MODE_SWITCH_START state=MODE_SWITCHING attempts=1 streak=0 attempt=1
[2026-09-18T01:55:23.228Z] batch=field-waveform-1789696425634-4 D5 MODE_SWITCH_OK state=MODE_SWITCH_OK attempts=1 streak=0
[2026-09-18T01:55:23.231Z] batch=field-waveform-1789696425634-4 D6 MODE_SWITCH_START state=MODE_SWITCHING attempts=1 streak=0 attempt=1
[2026-09-18T01:55:23.233Z] batch=field-waveform-1789696425634-4 D6 MODE_SWITCH_OK state=MODE_SWITCH_OK attempts=1 streak=0
[2026-09-18T01:55:33.086Z] batch=field-waveform-1789696425634-4 D1 MODE_SWITCH_START state=MODE_SWITCHING attempts=1 streak=0 attempt=1
[2026-09-18T01:55:33.088Z] batch=field-waveform-1789696425634-4 D1 MODE_SWITCH_OK state=MODE_SWITCH_OK attempts=1 streak=0
[2026-09-18T01:55:33.221Z] batch=field-waveform-1789696425634-4 D3 MODE_SWITCH_START state=MODE_SWITCHING attempts=1 streak=0 attempt=1
[2026-09-18T01:55:33.224Z] batch=field-waveform-1789696425634-4 D3 MODE_SWITCH_OK state=MODE_SWITCH_OK attempts=1 streak=0
[2026-09-18T01:55:33.301Z] batch=field-waveform-1789696425634-4 D4 MODE_SWITCH_START state=MODE_SWITCHING attempts=1 streak=0 attempt=1
[2026-09-18T01:55:33.303Z] batch=field-waveform-1789696425634-4 D4 MODE_SWITCH_OK state=MODE_SWITCH_OK attempts=1 streak=0
[2026-09-18T01:55:33.307Z] batch=field-waveform-1789696425634-4 D2 MODE_SWITCH_START state=MODE_SWITCHING attempts=1 streak=0 attempt=1
[2026-09-18T01:55:33.309Z] batch=field-waveform-1789696425634-4 D2 MODE_SWITCH_OK state=MODE_SWITCH_OK attempts=1 streak=0
[2026-09-18T01:55:33.314Z] batch=field-waveform-1789696425634-4 D5 MODE_SWITCH_START state=MODE_SWITCHING attempts=1 streak=0 attempt=1
[2026-09-18T01:55:33.316Z] batch=field-waveform-1789696425634-4 D5 MODE_SWITCH_OK state=MODE_SWITCH_OK attempts=1 streak=0
[2026-09-18T01:55:33.321Z] batch=field-waveform-1789696425634-4 D6 MODE_SWITCH_START state=MODE_SWITCHING attempts=1 streak=0 attempt=1
[2026-09-18T01:55:33.322Z] batch=field-waveform-1789696425634-4 D6 MODE_SWITCH_OK state=MODE_SWITCH_OK attempts=1 streak=0
[2026-09-18T01:55:38.218Z] batch=field-waveform-1789696425634-4 D1 FIRST_FRAME state=FIRST_FRAME_RECEIVED attempts=1 streak=1
[2026-09-18T01:55:38.219Z] batch=field-waveform-1789696425634-4 D1 FIRST_VALID_SAMPLE state=FIRST_FRAME_RECEIVED attempts=1 streak=1
[2026-09-18T01:55:38.342Z] batch=field-waveform-1789696425634-4 D1 CHANNEL_SYNC_OK state=TEST_READY attempts=1 streak=5
[2026-09-18T01:55:38.342Z] batch=field-waveform-1789696425634-4 D1 TEST_READY state=TEST_READY attempts=1 streak=5
[2026-09-18T01:55:38.343Z] batch=field-waveform-1789696425634-4 D3 FIRST_FRAME state=FIRST_FRAME_RECEIVED attempts=1 streak=1
[2026-09-18T01:55:38.344Z] batch=field-waveform-1789696425634-4 D3 FIRST_VALID_SAMPLE state=FIRST_FRAME_RECEIVED attempts=1 streak=1
[2026-09-18T01:55:38.439Z] batch=field-waveform-1789696425634-4 D2 FIRST_FRAME state=FIRST_FRAME_RECEIVED attempts=1 streak=1
[2026-09-18T01:55:38.440Z] batch=field-waveform-1789696425634-4 D2 FIRST_VALID_SAMPLE state=FIRST_FRAME_RECEIVED attempts=1 streak=1
[2026-09-18T01:55:38.443Z] batch=field-waveform-1789696425634-4 D4 FIRST_FRAME state=FIRST_FRAME_RECEIVED attempts=1 streak=1
[2026-09-18T01:55:38.443Z] batch=field-waveform-1789696425634-4 D4 FIRST_VALID_SAMPLE state=FIRST_FRAME_RECEIVED attempts=1 streak=1
[2026-09-18T01:55:38.445Z] batch=field-waveform-1789696425634-4 D6 FIRST_FRAME state=FIRST_FRAME_RECEIVED attempts=1 streak=1
[2026-09-18T01:55:38.446Z] batch=field-waveform-1789696425634-4 D6 FIRST_VALID_SAMPLE state=FIRST_FRAME_RECEIVED attempts=1 streak=1
[2026-09-18T01:55:38.447Z] batch=field-waveform-1789696425634-4 D5 FIRST_FRAME state=FIRST_FRAME_RECEIVED attempts=1 streak=1
[2026-09-18T01:55:38.448Z] batch=field-waveform-1789696425634-4 D5 FIRST_VALID_SAMPLE state=FIRST_FRAME_RECEIVED attempts=1 streak=1
[2026-09-18T01:55:38.685Z] batch=field-waveform-1789696425634-4 D5 CHANNEL_SYNC_OK state=TEST_READY attempts=1 streak=5
[2026-09-18T01:55:38.686Z] batch=field-waveform-1789696425634-4 D5 TEST_READY state=TEST_READY attempts=1 streak=5
[2026-09-18T01:55:38.687Z] batch=field-waveform-1789696425634-4 D3 CHANNEL_SYNC_OK state=TEST_READY attempts=1 streak=5
[2026-09-18T01:55:38.688Z] batch=field-waveform-1789696425634-4 D3 TEST_READY state=TEST_READY attempts=1 streak=5
[2026-09-18T01:55:38.690Z] batch=field-waveform-1789696425634-4 D2 CHANNEL_SYNC_OK state=TEST_READY attempts=1 streak=5
[2026-09-18T01:55:38.690Z] batch=field-waveform-1789696425634-4 D2 TEST_READY state=TEST_READY attempts=1 streak=5
[2026-09-18T01:55:38.692Z] batch=field-waveform-1789696425634-4 D4 CHANNEL_SYNC_OK state=TEST_READY attempts=1 streak=5
[2026-09-18T01:55:38.693Z] batch=field-waveform-1789696425634-4 D4 TEST_READY state=TEST_READY attempts=1 streak=5
[2026-09-18T01:55:38.695Z] batch=field-waveform-1789696425634-4 D6 CHANNEL_SYNC_OK state=TEST_READY attempts=1 streak=5
[2026-09-18T01:55:38.695Z] batch=field-waveform-1789696425634-4 D6 TEST_READY state=TEST_READY attempts=1 streak=5
