[2026-09-16T03:39:12.951Z] batch=field-waveform-1789529794921-1 D6 MODE_SWITCH_START state=MODE_SWITCHING attempts=1 streak=0 attempt=1
[2026-09-16T03:39:12.955Z] batch=field-waveform-1789529794921-1 D6 MODE_SWITCH_OK state=MODE_SWITCH_OK attempts=1 streak=0
[2026-09-16T03:39:12.963Z] batch=field-waveform-1789529794921-1 D4 MODE_SWITCH_START state=MODE_SWITCHING attempts=1 streak=0 attempt=1
[2026-09-16T03:39:12.966Z] batch=field-waveform-1789529794921-1 D4 MODE_SWITCH_OK state=MODE_SWITCH_OK attempts=1 streak=0
[2026-09-16T03:39:12.974Z] batch=field-waveform-1789529794921-1 D2 MODE_SWITCH_START state=MODE_SWITCHING attempts=1 streak=0 attempt=1
[2026-09-16T03:39:12.977Z] batch=field-waveform-1789529794921-1 D2 MODE_SWITCH_OK state=MODE_SWITCH_OK attempts=1 streak=0
[2026-09-16T03:39:12.984Z] batch=field-waveform-1789529794921-1 D5 MODE_SWITCH_START state=MODE_SWITCHING attempts=1 streak=0 attempt=1
[2026-09-16T03:39:12.987Z] batch=field-waveform-1789529794921-1 D5 MODE_SWITCH_OK state=MODE_SWITCH_OK attempts=1 streak=0
[2026-09-16T03:39:12.995Z] batch=field-waveform-1789529794921-1 D1 MODE_SWITCH_START state=MODE_SWITCHING attempts=1 streak=0 attempt=1
[2026-09-16T03:39:12.998Z] batch=field-waveform-1789529794921-1 D1 MODE_SWITCH_OK state=MODE_SWITCH_OK attempts=1 streak=0
[2026-09-16T03:39:13.004Z] batch=field-waveform-1789529794921-1 D3 MODE_SWITCH_START state=MODE_SWITCHING attempts=1 streak=0 attempt=1
[2026-09-16T03:39:13.006Z] batch=field-waveform-1789529794921-1 D3 MODE_SWITCH_OK state=MODE_SWITCH_OK attempts=1 streak=0
[2026-09-16T03:39:23.140Z] batch=field-waveform-1789529794921-1 D6 MODE_SWITCH_START state=MODE_SWITCHING attempts=1 streak=0 attempt=1
[2026-09-16T03:39:23.146Z] batch=field-waveform-1789529794921-1 D6 MODE_SWITCH_OK state=MODE_SWITCH_OK attempts=1 streak=0
[2026-09-16T03:39:23.152Z] batch=field-waveform-1789529794921-1 D4 MODE_SWITCH_START state=MODE_SWITCHING attempts=1 streak=0 attempt=1
[2026-09-16T03:39:23.155Z] batch=field-waveform-1789529794921-1 D4 MODE_SWITCH_OK state=MODE_SWITCH_OK attempts=1 streak=0
[2026-09-16T03:39:23.164Z] batch=field-waveform-1789529794921-1 D2 MODE_SWITCH_START state=MODE_SWITCHING attempts=1 streak=0 attempt=1
[2026-09-16T03:39:23.168Z] batch=field-waveform-1789529794921-1 D2 MODE_SWITCH_OK state=MODE_SWITCH_OK attempts=1 streak=0
[2026-09-16T03:39:23.174Z] batch=field-waveform-1789529794921-1 D5 MODE_SWITCH_START state=MODE_SWITCHING attempts=1 streak=0 attempt=1
[2026-09-16T03:39:23.178Z] batch=field-waveform-1789529794921-1 D5 MODE_SWITCH_OK state=MODE_SWITCH_OK attempts=1 streak=0
[2026-09-16T03:39:23.187Z] batch=field-waveform-1789529794921-1 D1 MODE_SWITCH_START state=MODE_SWITCHING attempts=1 streak=0 attempt=1
[2026-09-16T03:39:23.190Z] batch=field-waveform-1789529794921-1 D1 MODE_SWITCH_OK state=MODE_SWITCH_OK attempts=1 streak=0
[2026-09-16T03:39:23.201Z] batch=field-waveform-1789529794921-1 D3 MODE_SWITCH_START state=MODE_SWITCHING attempts=1 streak=0 attempt=1
[2026-09-16T03:39:23.205Z] batch=field-waveform-1789529794921-1 D3 MODE_SWITCH_OK state=MODE_SWITCH_OK attempts=1 streak=0
[2026-09-16T03:39:33.158Z] batch=field-waveform-1789529794921-1 D6 MODE_SWITCH_START state=MODE_SWITCHING attempts=1 streak=0 attempt=1
[2026-09-16T03:39:33.159Z] batch=field-waveform-1789529794921-1 D6 MODE_SWITCH_OK state=MODE_SWITCH_OK attempts=1 streak=0
[2026-09-16T03:39:33.446Z] batch=field-waveform-1789529794921-1 D4 MODE_SWITCH_START state=MODE_SWITCHING attempts=1 streak=0 attempt=1
[2026-09-16T03:39:33.455Z] batch=field-waveform-1789529794921-1 D4 MODE_SWITCH_OK state=MODE_SWITCH_OK attempts=1 streak=0
[2026-09-16T03:39:33.463Z] batch=field-waveform-1789529794921-1 D2 MODE_SWITCH_START state=MODE_SWITCHING attempts=1 streak=0 attempt=1
[2026-09-16T03:39:33.464Z] batch=field-waveform-1789529794921-1 D2 MODE_SWITCH_OK state=MODE_SWITCH_OK attempts=1 streak=0
[2026-09-16T03:39:33.469Z] batch=field-waveform-1789529794921-1 D5 MODE_SWITCH_START state=MODE_SWITCHING attempts=1 streak=0 attempt=1
[2026-09-16T03:39:33.470Z] batch=field-waveform-1789529794921-1 D5 MODE_SWITCH_OK state=MODE_SWITCH_OK attempts=1 streak=0
[2026-09-16T03:39:33.474Z] batch=field-waveform-1789529794921-1 D1 MODE_SWITCH_START state=MODE_SWITCHING attempts=1 streak=0 attempt=1
[2026-09-16T03:39:33.475Z] batch=field-waveform-1789529794921-1 D1 MODE_SWITCH_OK state=MODE_SWITCH_OK attempts=1 streak=0
[2026-09-16T03:39:33.479Z] batch=field-waveform-1789529794921-1 D3 MODE_SWITCH_START state=MODE_SWITCHING attempts=1 streak=0 attempt=1
[2026-09-16T03:39:33.480Z] batch=field-waveform-1789529794921-1 D3 MODE_SWITCH_OK state=MODE_SWITCH_OK attempts=1 streak=0
[2026-09-16T03:39:43.377Z] batch=field-waveform-1789529794921-1 D6 MODE_SWITCH_START state=MODE_SWITCHING attempts=1 streak=0 attempt=1
[2026-09-16T03:39:43.379Z] batch=field-waveform-1789529794921-1 D6 MODE_SWITCH_OK state=MODE_SWITCH_OK attempts=1 streak=0
[2026-09-16T03:39:43.676Z] batch=field-waveform-1789529794921-1 D4 MODE_SWITCH_START state=MODE_SWITCHING attempts=1 streak=0 attempt=1
[2026-09-16T03:39:43.677Z] batch=field-waveform-1789529794921-1 D4 MODE_SWITCH_OK state=MODE_SWITCH_OK attempts=1 streak=0
[2026-09-16T03:39:43.681Z] batch=field-waveform-1789529794921-1 D2 MODE_SWITCH_START state=MODE_SWITCHING attempts=1 streak=0 attempt=1
[2026-09-16T03:39:43.683Z] batch=field-waveform-1789529794921-1 D2 MODE_SWITCH_OK state=MODE_SWITCH_OK attempts=1 streak=0
[2026-09-16T03:39:43.687Z] batch=field-waveform-1789529794921-1 D5 MODE_SWITCH_START state=MODE_SWITCHING attempts=1 streak=0 attempt=1
[2026-09-16T03:39:43.688Z] batch=field-waveform-1789529794921-1 D5 MODE_SWITCH_OK state=MODE_SWITCH_OK attempts=1 streak=0
[2026-09-16T03:39:43.693Z] batch=field-waveform-1789529794921-1 D1 MODE_SWITCH_START state=MODE_SWITCHING attempts=1 streak=0 attempt=1
[2026-09-16T03:39:43.694Z] batch=field-waveform-1789529794921-1 D1 MODE_SWITCH_OK state=MODE_SWITCH_OK attempts=1 streak=0
[2026-09-16T03:39:43.700Z] batch=field-waveform-1789529794921-1 D3 MODE_SWITCH_START state=MODE_SWITCHING attempts=1 streak=0 attempt=1
[2026-09-16T03:39:43.702Z] batch=field-waveform-1789529794921-1 D3 MODE_SWITCH_OK state=MODE_SWITCH_OK attempts=1 streak=0
[2026-09-16T03:39:53.592Z] batch=field-waveform-1789529794921-1 D6 MODE_SWITCH_START state=MODE_SWITCHING attempts=1 streak=0 attempt=1
[2026-09-16T03:39:53.594Z] batch=field-waveform-1789529794921-1 D6 MODE_SWITCH_OK state=MODE_SWITCH_OK attempts=1 streak=0
[2026-09-16T03:39:53.889Z] batch=field-waveform-1789529794921-1 D4 MODE_SWITCH_START state=MODE_SWITCHING attempts=1 streak=0 attempt=1
[2026-09-16T03:39:53.894Z] batch=field-waveform-1789529794921-1 D4 MODE_SWITCH_OK state=MODE_SWITCH_OK attempts=1 streak=0
[2026-09-16T03:39:53.901Z] batch=field-waveform-1789529794921-1 D2 MODE_SWITCH_START state=MODE_SWITCHING attempts=1 streak=0 attempt=1
[2026-09-16T03:39:53.902Z] batch=field-waveform-1789529794921-1 D2 MODE_SWITCH_OK state=MODE_SWITCH_OK attempts=1 streak=0
[2026-09-16T03:39:53.906Z] batch=field-waveform-1789529794921-1 D5 MODE_SWITCH_START state=MODE_SWITCHING attempts=1 streak=0 attempt=1
[2026-09-16T03:39:53.907Z] batch=field-waveform-1789529794921-1 D5 MODE_SWITCH_OK state=MODE_SWITCH_OK attempts=1 streak=0
[2026-09-16T03:39:53.912Z] batch=field-waveform-1789529794921-1 D1 MODE_SWITCH_START state=MODE_SWITCHING attempts=1 streak=0 attempt=1
[2026-09-16T03:39:53.913Z] batch=field-waveform-1789529794921-1 D1 MODE_SWITCH_OK state=MODE_SWITCH_OK attempts=1 streak=0
[2026-09-16T03:39:53.919Z] batch=field-waveform-1789529794921-1 D3 MODE_SWITCH_START state=MODE_SWITCHING attempts=1 streak=0 attempt=1
[2026-09-16T03:39:53.921Z] batch=field-waveform-1789529794921-1 D3 MODE_SWITCH_OK state=MODE_SWITCH_OK attempts=1 streak=0
[2026-09-16T03:40:03.787Z] batch=field-waveform-1789529794921-1 D6 MODE_SWITCH_START state=MODE_SWITCHING attempts=1 streak=0 attempt=1
[2026-09-16T03:40:03.795Z] batch=field-waveform-1789529794921-1 D6 MODE_SWITCH_OK state=MODE_SWITCH_OK attempts=1 streak=0
[2026-09-16T03:40:03.923Z] batch=field-waveform-1789529794921-1 D4 MODE_SWITCH_START state=MODE_SWITCHING attempts=1 streak=0 attempt=1
[2026-09-16T03:40:03.925Z] batch=field-waveform-1789529794921-1 D4 MODE_SWITCH_OK state=MODE_SWITCH_OK attempts=1 streak=0
[2026-09-16T03:40:03.930Z] batch=field-waveform-1789529794921-1 D2 MODE_SWITCH_START state=MODE_SWITCHING attempts=1 streak=0 attempt=1
[2026-09-16T03:40:03.931Z] batch=field-waveform-1789529794921-1 D2 MODE_SWITCH_OK state=MODE_SWITCH_OK attempts=1 streak=0
[2026-09-16T03:40:03.938Z] batch=field-waveform-1789529794921-1 D5 MODE_SWITCH_START state=MODE_SWITCHING attempts=1 streak=0 attempt=1
[2026-09-16T03:40:03.940Z] batch=field-waveform-1789529794921-1 D5 MODE_SWITCH_OK state=MODE_SWITCH_OK attempts=1 streak=0
[2026-09-16T03:40:03.944Z] batch=field-waveform-1789529794921-1 D1 MODE_SWITCH_START state=MODE_SWITCHING attempts=1 streak=0 attempt=1
[2026-09-16T03:40:03.945Z] batch=field-waveform-1789529794921-1 D1 MODE_SWITCH_OK state=MODE_SWITCH_OK attempts=1 streak=0
[2026-09-16T03:40:03.966Z] batch=field-waveform-1789529794921-1 D3 MODE_SWITCH_START state=MODE_SWITCHING attempts=1 streak=0 attempt=1
[2026-09-16T03:40:03.967Z] batch=field-waveform-1789529794921-1 D3 MODE_SWITCH_OK state=MODE_SWITCH_OK attempts=1 streak=0
[2026-09-16T03:40:13.896Z] batch=field-waveform-1789529794921-1 D6 MODE_SWITCH_START state=MODE_SWITCHING attempts=1 streak=0 attempt=1
[2026-09-16T03:40:13.898Z] batch=field-waveform-1789529794921-1 D6 MODE_SWITCH_OK state=MODE_SWITCH_OK attempts=1 streak=0
[2026-09-16T03:40:14.053Z] batch=field-waveform-1789529794921-1 D4 MODE_SWITCH_START state=MODE_SWITCHING attempts=1 streak=0 attempt=1
[2026-09-16T03:40:14.055Z] batch=field-waveform-1789529794921-1 D4 MODE_SWITCH_OK state=MODE_SWITCH_OK attempts=1 streak=0
[2026-09-16T03:40:14.060Z] batch=field-waveform-1789529794921-1 D2 MODE_SWITCH_START state=MODE_SWITCHING attempts=1 streak=0 attempt=1
[2026-09-16T03:40:14.062Z] batch=field-waveform-1789529794921-1 D2 MODE_SWITCH_OK state=MODE_SWITCH_OK attempts=1 streak=0
[2026-09-16T03:40:14.068Z] batch=field-waveform-1789529794921-1 D5 MODE_SWITCH_START state=MODE_SWITCHING attempts=1 streak=0 attempt=1
[2026-09-16T03:40:14.070Z] batch=field-waveform-1789529794921-1 D5 MODE_SWITCH_OK state=MODE_SWITCH_OK attempts=1 streak=0
[2026-09-16T03:40:14.076Z] batch=field-waveform-1789529794921-1 D1 MODE_SWITCH_START state=MODE_SWITCHING attempts=1 streak=0 attempt=1
[2026-09-16T03:40:14.078Z] batch=field-waveform-1789529794921-1 D1 MODE_SWITCH_OK state=MODE_SWITCH_OK attempts=1 streak=0
[2026-09-16T03:40:14.083Z] batch=field-waveform-1789529794921-1 D3 MODE_SWITCH_START state=MODE_SWITCHING attempts=1 streak=0 attempt=1
[2026-09-16T03:40:14.084Z] batch=field-waveform-1789529794921-1 D3 MODE_SWITCH_OK state=MODE_SWITCH_OK attempts=1 streak=0
[2026-09-16T03:40:24.293Z] batch=field-waveform-1789529794921-1 D6 MODE_SWITCH_START state=MODE_SWITCHING attempts=1 streak=0 attempt=1
[2026-09-16T03:40:24.295Z] batch=field-waveform-1789529794921-1 D6 MODE_SWITCH_OK state=MODE_SWITCH_OK attempts=1 streak=0
[2026-09-16T03:40:24.300Z] batch=field-waveform-1789529794921-1 D4 MODE_SWITCH_START state=MODE_SWITCHING attempts=1 streak=0 attempt=1
[2026-09-16T03:40:24.301Z] batch=field-waveform-1789529794921-1 D4 MODE_SWITCH_OK state=MODE_SWITCH_OK attempts=1 streak=0
[2026-09-16T03:40:24.306Z] batch=field-waveform-1789529794921-1 D2 MODE_SWITCH_START state=MODE_SWITCHING attempts=1 streak=0 attempt=1
[2026-09-16T03:40:24.308Z] batch=field-waveform-1789529794921-1 D2 MODE_SWITCH_OK state=MODE_SWITCH_OK attempts=1 streak=0
[2026-09-16T03:40:24.312Z] batch=field-waveform-1789529794921-1 D5 MODE_SWITCH_START state=MODE_SWITCHING attempts=1 streak=0 attempt=1
[2026-09-16T03:40:24.314Z] batch=field-waveform-1789529794921-1 D5 MODE_SWITCH_OK state=MODE_SWITCH_OK attempts=1 streak=0
[2026-09-16T03:40:24.319Z] batch=field-waveform-1789529794921-1 D1 MODE_SWITCH_START state=MODE_SWITCHING attempts=1 streak=0 attempt=1
[2026-09-16T03:40:24.321Z] batch=field-waveform-1789529794921-1 D1 MODE_SWITCH_OK state=MODE_SWITCH_OK attempts=1 streak=0
[2026-09-16T03:40:24.326Z] batch=field-waveform-1789529794921-1 D3 MODE_SWITCH_START state=MODE_SWITCHING attempts=1 streak=0 attempt=1
[2026-09-16T03:40:24.327Z] batch=field-waveform-1789529794921-1 D3 MODE_SWITCH_OK state=MODE_SWITCH_OK attempts=1 streak=0
[2026-09-16T03:40:34.372Z] batch=field-waveform-1789529794921-1 D6 MODE_SWITCH_START state=MODE_SWITCHING attempts=1 streak=0 attempt=1
[2026-09-16T03:40:34.374Z] batch=field-waveform-1789529794921-1 D6 MODE_SWITCH_OK state=MODE_SWITCH_OK attempts=1 streak=0
[2026-09-16T03:40:34.380Z] batch=field-waveform-1789529794921-1 D4 MODE_SWITCH_START state=MODE_SWITCHING attempts=1 streak=0 attempt=1
[2026-09-16T03:40:34.381Z] batch=field-waveform-1789529794921-1 D4 MODE_SWITCH_OK state=MODE_SWITCH_OK attempts=1 streak=0
[2026-09-16T03:40:34.387Z] batch=field-waveform-1789529794921-1 D2 MODE_SWITCH_START state=MODE_SWITCHING attempts=1 streak=0 attempt=1
[2026-09-16T03:40:34.388Z] batch=field-waveform-1789529794921-1 D2 MODE_SWITCH_OK state=MODE_SWITCH_OK attempts=1 streak=0
[2026-09-16T03:40:34.395Z] batch=field-waveform-1789529794921-1 D5 MODE_SWITCH_START state=MODE_SWITCHING attempts=1 streak=0 attempt=1
[2026-09-16T03:40:34.396Z] batch=field-waveform-1789529794921-1 D5 MODE_SWITCH_OK state=MODE_SWITCH_OK attempts=1 streak=0
[2026-09-16T03:40:34.400Z] batch=field-waveform-1789529794921-1 D1 MODE_SWITCH_START state=MODE_SWITCHING attempts=1 streak=0 attempt=1
[2026-09-16T03:40:34.402Z] batch=field-waveform-1789529794921-1 D1 MODE_SWITCH_OK state=MODE_SWITCH_OK attempts=1 streak=0
[2026-09-16T03:40:34.406Z] batch=field-waveform-1789529794921-1 D3 MODE_SWITCH_START state=MODE_SWITCHING attempts=1 streak=0 attempt=1
[2026-09-16T03:40:34.408Z] batch=field-waveform-1789529794921-1 D3 MODE_SWITCH_OK state=MODE_SWITCH_OK attempts=1 streak=0
[2026-09-16T03:40:44.388Z] batch=field-waveform-1789529794921-1 D6 MODE_SWITCH_START state=MODE_SWITCHING attempts=1 streak=0 attempt=1
[2026-09-16T03:40:44.390Z] batch=field-waveform-1789529794921-1 D6 MODE_SWITCH_OK state=MODE_SWITCH_OK attempts=1 streak=0
[2026-09-16T03:40:44.757Z] batch=field-waveform-1789529794921-1 D4 MODE_SWITCH_START state=MODE_SWITCHING attempts=1 streak=0 attempt=1
[2026-09-16T03:40:44.759Z] batch=field-waveform-1789529794921-1 D4 MODE_SWITCH_OK state=MODE_SWITCH_OK attempts=1 streak=0
[2026-09-16T03:40:44.765Z] batch=field-waveform-1789529794921-1 D2 MODE_SWITCH_START state=MODE_SWITCHING attempts=1 streak=0 attempt=1
[2026-09-16T03:40:44.766Z] batch=field-waveform-1789529794921-1 D2 MODE_SWITCH_OK state=MODE_SWITCH_OK attempts=1 streak=0
[2026-09-16T03:40:44.773Z] batch=field-waveform-1789529794921-1 D5 MODE_SWITCH_START state=MODE_SWITCHING attempts=1 streak=0 attempt=1
[2026-09-16T03:40:44.774Z] batch=field-waveform-1789529794921-1 D5 MODE_SWITCH_OK state=MODE_SWITCH_OK attempts=1 streak=0
[2026-09-16T03:40:44.779Z] batch=field-waveform-1789529794921-1 D1 MODE_SWITCH_START state=MODE_SWITCHING attempts=1 streak=0 attempt=1
[2026-09-16T03:40:44.780Z] batch=field-waveform-1789529794921-1 D1 MODE_SWITCH_OK state=MODE_SWITCH_OK attempts=1 streak=0
[2026-09-16T03:40:44.784Z] batch=field-waveform-1789529794921-1 D3 MODE_SWITCH_START state=MODE_SWITCHING attempts=1 streak=0 attempt=1
[2026-09-16T03:40:44.787Z] batch=field-waveform-1789529794921-1 D3 MODE_SWITCH_OK state=MODE_SWITCH_OK attempts=1 streak=0
[2026-09-16T03:40:54.602Z] batch=field-waveform-1789529794921-1 D6 MODE_SWITCH_START state=MODE_SWITCHING attempts=1 streak=0 attempt=1
[2026-09-16T03:40:54.604Z] batch=field-waveform-1789529794921-1 D6 MODE_SWITCH_OK state=MODE_SWITCH_OK attempts=1 streak=0
[2026-09-16T03:40:54.883Z] batch=field-waveform-1789529794921-1 D4 MODE_SWITCH_START state=MODE_SWITCHING attempts=1 streak=0 attempt=1
[2026-09-16T03:40:54.884Z] batch=field-waveform-1789529794921-1 D4 MODE_SWITCH_OK state=MODE_SWITCH_OK attempts=1 streak=0
[2026-09-16T03:40:54.888Z] batch=field-waveform-1789529794921-1 D2 MODE_SWITCH_START state=MODE_SWITCHING attempts=1 streak=0 attempt=1
[2026-09-16T03:40:54.890Z] batch=field-waveform-1789529794921-1 D2 MODE_SWITCH_OK state=MODE_SWITCH_OK attempts=1 streak=0
[2026-09-16T03:40:54.895Z] batch=field-waveform-1789529794921-1 D5 MODE_SWITCH_START state=MODE_SWITCHING attempts=1 streak=0 attempt=1
[2026-09-16T03:40:54.896Z] batch=field-waveform-1789529794921-1 D5 MODE_SWITCH_OK state=MODE_SWITCH_OK attempts=1 streak=0
[2026-09-16T03:40:54.900Z] batch=field-waveform-1789529794921-1 D1 MODE_SWITCH_START state=MODE_SWITCHING attempts=1 streak=0 attempt=1
[2026-09-16T03:40:54.901Z] batch=field-waveform-1789529794921-1 D1 MODE_SWITCH_OK state=MODE_SWITCH_OK attempts=1 streak=0
[2026-09-16T03:40:54.905Z] batch=field-waveform-1789529794921-1 D3 MODE_SWITCH_START state=MODE_SWITCHING attempts=1 streak=0 attempt=1
[2026-09-16T03:40:54.907Z] batch=field-waveform-1789529794921-1 D3 MODE_SWITCH_OK state=MODE_SWITCH_OK attempts=1 streak=0
[2026-09-16T03:41:04.622Z] batch=field-waveform-1789529794921-1 D6 MODE_SWITCH_START state=MODE_SWITCHING attempts=1 streak=0 attempt=1
[2026-09-16T03:41:04.624Z] batch=field-waveform-1789529794921-1 D6 MODE_SWITCH_OK state=MODE_SWITCH_OK attempts=1 streak=0
[2026-09-16T03:41:05.020Z] batch=field-waveform-1789529794921-1 D4 MODE_SWITCH_START state=MODE_SWITCHING attempts=1 streak=0 attempt=1
[2026-09-16T03:41:05.022Z] batch=field-waveform-1789529794921-1 D4 MODE_SWITCH_OK state=MODE_SWITCH_OK attempts=1 streak=0
[2026-09-16T03:41:05.026Z] batch=field-waveform-1789529794921-1 D2 MODE_SWITCH_START state=MODE_SWITCHING attempts=1 streak=0 attempt=1
[2026-09-16T03:41:05.027Z] batch=field-waveform-1789529794921-1 D2 MODE_SWITCH_OK state=MODE_SWITCH_OK attempts=1 streak=0
[2026-09-16T03:41:05.031Z] batch=field-waveform-1789529794921-1 D5 MODE_SWITCH_START state=MODE_SWITCHING attempts=1 streak=0 attempt=1
[2026-09-16T03:41:05.034Z] batch=field-waveform-1789529794921-1 D5 MODE_SWITCH_OK state=MODE_SWITCH_OK attempts=1 streak=0
[2026-09-16T03:41:05.038Z] batch=field-waveform-1789529794921-1 D1 MODE_SWITCH_START state=MODE_SWITCHING attempts=1 streak=0 attempt=1
[2026-09-16T03:41:05.039Z] batch=field-waveform-1789529794921-1 D1 MODE_SWITCH_OK state=MODE_SWITCH_OK attempts=1 streak=0
[2026-09-16T03:41:05.052Z] batch=field-waveform-1789529794921-1 D3 MODE_SWITCH_START state=MODE_SWITCHING attempts=1 streak=0 attempt=1
[2026-09-16T03:41:05.057Z] batch=field-waveform-1789529794921-1 D3 MODE_SWITCH_OK state=MODE_SWITCH_OK attempts=1 streak=0
[2026-09-16T03:41:09.053Z] batch=field-waveform-1789530069051-2 D1 MODE_SWITCH_START state=MODE_SWITCHING attempts=1 streak=0 attempt=1
[2026-09-16T03:41:09.055Z] batch=field-waveform-1789530069051-2 D2 MODE_SWITCH_START state=MODE_SWITCHING attempts=1 streak=0 attempt=1
[2026-09-16T03:41:09.057Z] batch=field-waveform-1789530069051-2 D3 MODE_SWITCH_START state=MODE_SWITCHING attempts=1 streak=0 attempt=1
[2026-09-16T03:41:09.059Z] batch=field-waveform-1789530069051-2 D4 MODE_SWITCH_START state=MODE_SWITCHING attempts=1 streak=0 attempt=1
[2026-09-16T03:41:09.062Z] batch=field-waveform-1789530069051-2 D5 MODE_SWITCH_START state=MODE_SWITCHING attempts=1 streak=0 attempt=1
[2026-09-16T03:41:09.067Z] batch=field-waveform-1789530069051-2 D6 MODE_SWITCH_START state=MODE_SWITCHING attempts=1 streak=0 attempt=1
[2026-09-16T03:41:09.072Z] batch=field-waveform-1789530069051-2 D1 MODE_SWITCH_OK state=MODE_SWITCH_OK attempts=1 streak=0
[2026-09-16T03:41:09.073Z] batch=field-waveform-1789530069051-2 D2 MODE_SWITCH_OK state=MODE_SWITCH_OK attempts=1 streak=0
[2026-09-16T03:41:09.075Z] batch=field-waveform-1789530069051-2 D3 MODE_SWITCH_OK state=MODE_SWITCH_OK attempts=1 streak=0
[2026-09-16T03:41:09.076Z] batch=field-waveform-1789530069051-2 D4 MODE_SWITCH_OK state=MODE_SWITCH_OK attempts=1 streak=0
[2026-09-16T03:41:09.077Z] batch=field-waveform-1789530069051-2 D5 MODE_SWITCH_OK state=MODE_SWITCH_OK attempts=1 streak=0
[2026-09-16T03:41:09.077Z] batch=field-waveform-1789530069051-2 D6 MODE_SWITCH_OK state=MODE_SWITCH_OK attempts=1 streak=0
[2026-09-16T03:41:14.631Z] batch=field-waveform-1789530069051-2 D6 MODE_SWITCH_START state=MODE_SWITCHING attempts=1 streak=0 attempt=1
[2026-09-16T03:41:14.635Z] batch=field-waveform-1789530069051-2 D6 MODE_SWITCH_OK state=MODE_SWITCH_OK attempts=1 streak=0
[2026-09-16T03:41:15.031Z] batch=field-waveform-1789530069051-2 D4 MODE_SWITCH_START state=MODE_SWITCHING attempts=1 streak=0 attempt=1
[2026-09-16T03:41:15.032Z] batch=field-waveform-1789530069051-2 D4 MODE_SWITCH_OK state=MODE_SWITCH_OK attempts=1 streak=0
[2026-09-16T03:41:15.033Z] batch=field-waveform-1789530069051-2 D2 MODE_SWITCH_START state=MODE_SWITCHING attempts=1 streak=0 attempt=1
[2026-09-16T03:41:15.035Z] batch=field-waveform-1789530069051-2 D2 MODE_SWITCH_OK state=MODE_SWITCH_OK attempts=1 streak=0
[2026-09-16T03:41:15.036Z] batch=field-waveform-1789530069051-2 D5 MODE_SWITCH_START state=MODE_SWITCHING attempts=1 streak=0 attempt=1
[2026-09-16T03:41:15.037Z] batch=field-waveform-1789530069051-2 D5 MODE_SWITCH_OK state=MODE_SWITCH_OK attempts=1 streak=0
[2026-09-16T03:41:15.047Z] batch=field-waveform-1789530069051-2 D1 MODE_SWITCH_START state=MODE_SWITCHING attempts=1 streak=0 attempt=1
[2026-09-16T03:41:15.048Z] batch=field-waveform-1789530069051-2 D1 MODE_SWITCH_OK state=MODE_SWITCH_OK attempts=1 streak=0
[2026-09-16T03:41:15.063Z] batch=field-waveform-1789530069051-2 D3 MODE_SWITCH_START state=MODE_SWITCHING attempts=1 streak=0 attempt=1
[2026-09-16T03:41:15.065Z] batch=field-waveform-1789530069051-2 D3 MODE_SWITCH_OK state=MODE_SWITCH_OK attempts=1 streak=0
[2026-09-16T03:41:21.609Z] batch=field-waveform-1789530081608-3 D1 MODE_SWITCH_START state=MODE_SWITCHING attempts=1 streak=0 attempt=1
[2026-09-16T03:41:21.612Z] batch=field-waveform-1789530081608-3 D2 MODE_SWITCH_START state=MODE_SWITCHING attempts=1 streak=0 attempt=1
[2026-09-16T03:41:21.614Z] batch=field-waveform-1789530081608-3 D3 MODE_SWITCH_START state=MODE_SWITCHING attempts=1 streak=0 attempt=1
[2026-09-16T03:41:21.616Z] batch=field-waveform-1789530081608-3 D4 MODE_SWITCH_START state=MODE_SWITCHING attempts=1 streak=0 attempt=1
[2026-09-16T03:41:21.618Z] batch=field-waveform-1789530081608-3 D5 MODE_SWITCH_START state=MODE_SWITCHING attempts=1 streak=0 attempt=1
[2026-09-16T03:41:21.621Z] batch=field-waveform-1789530081608-3 D6 MODE_SWITCH_START state=MODE_SWITCHING attempts=1 streak=0 attempt=1
[2026-09-16T03:41:21.624Z] batch=field-waveform-1789530081608-3 D1 MODE_SWITCH_OK state=MODE_SWITCH_OK attempts=1 streak=0
[2026-09-16T03:41:21.625Z] batch=field-waveform-1789530081608-3 D2 MODE_SWITCH_OK state=MODE_SWITCH_OK attempts=1 streak=0
[2026-09-16T03:41:21.626Z] batch=field-waveform-1789530081608-3 D3 MODE_SWITCH_OK state=MODE_SWITCH_OK attempts=1 streak=0
[2026-09-16T03:41:21.627Z] batch=field-waveform-1789530081608-3 D4 MODE_SWITCH_OK state=MODE_SWITCH_OK attempts=1 streak=0
[2026-09-16T03:41:21.630Z] batch=field-waveform-1789530081608-3 D5 MODE_SWITCH_OK state=MODE_SWITCH_OK attempts=1 streak=0
[2026-09-16T03:41:21.631Z] batch=field-waveform-1789530081608-3 D6 MODE_SWITCH_OK state=MODE_SWITCH_OK attempts=1 streak=0
[2026-09-16T03:41:24.643Z] batch=field-waveform-1789530081608-3 D6 MODE_SWITCH_START state=MODE_SWITCHING attempts=1 streak=0 attempt=1
[2026-09-16T03:41:24.644Z] batch=field-waveform-1789530081608-3 D6 MODE_SWITCH_OK state=MODE_SWITCH_OK attempts=1 streak=0
[2026-09-16T03:41:25.041Z] batch=field-waveform-1789530081608-3 D4 MODE_SWITCH_START state=MODE_SWITCHING attempts=1 streak=0 attempt=1
[2026-09-16T03:41:25.043Z] batch=field-waveform-1789530081608-3 D4 MODE_SWITCH_OK state=MODE_SWITCH_OK attempts=1 streak=0
[2026-09-16T03:41:25.045Z] batch=field-waveform-1789530081608-3 D2 MODE_SWITCH_START state=MODE_SWITCHING attempts=1 streak=0 attempt=1
[2026-09-16T03:41:25.047Z] batch=field-waveform-1789530081608-3 D2 MODE_SWITCH_OK state=MODE_SWITCH_OK attempts=1 streak=0
[2026-09-16T03:41:25.050Z] batch=field-waveform-1789530081608-3 D5 MODE_SWITCH_START state=MODE_SWITCHING attempts=1 streak=0 attempt=1
[2026-09-16T03:41:25.052Z] batch=field-waveform-1789530081608-3 D5 MODE_SWITCH_OK state=MODE_SWITCH_OK attempts=1 streak=0
[2026-09-16T03:41:25.054Z] batch=field-waveform-1789530081608-3 D1 MODE_SWITCH_START state=MODE_SWITCHING attempts=1 streak=0 attempt=1
[2026-09-16T03:41:25.057Z] batch=field-waveform-1789530081608-3 D1 MODE_SWITCH_OK state=MODE_SWITCH_OK attempts=1 streak=0
[2026-09-16T03:41:25.072Z] batch=field-waveform-1789530081608-3 D3 MODE_SWITCH_START state=MODE_SWITCHING attempts=1 streak=0 attempt=1
[2026-09-16T03:41:25.073Z] batch=field-waveform-1789530081608-3 D3 MODE_SWITCH_OK state=MODE_SWITCH_OK attempts=1 streak=0
[2026-09-16T03:41:34.647Z] batch=field-waveform-1789530081608-3 D6 MODE_SWITCH_START state=MODE_SWITCHING attempts=1 streak=0 attempt=1
[2026-09-16T03:41:34.651Z] batch=field-waveform-1789530081608-3 D6 MODE_SWITCH_OK state=MODE_SWITCH_OK attempts=1 streak=0
[2026-09-16T03:41:35.049Z] batch=field-waveform-1789530081608-3 D4 MODE_SWITCH_START state=MODE_SWITCHING attempts=1 streak=0 attempt=1
[2026-09-16T03:41:35.051Z] batch=field-waveform-1789530081608-3 D4 MODE_SWITCH_OK state=MODE_SWITCH_OK attempts=1 streak=0
[2026-09-16T03:41:35.052Z] batch=field-waveform-1789530081608-3 D2 MODE_SWITCH_START state=MODE_SWITCHING attempts=1 streak=0 attempt=1
[2026-09-16T03:41:35.053Z] batch=field-waveform-1789530081608-3 D2 MODE_SWITCH_OK state=MODE_SWITCH_OK attempts=1 streak=0
[2026-09-16T03:41:35.054Z] batch=field-waveform-1789530081608-3 D5 MODE_SWITCH_START state=MODE_SWITCHING attempts=1 streak=0 attempt=1
[2026-09-16T03:41:35.056Z] batch=field-waveform-1789530081608-3 D5 MODE_SWITCH_OK state=MODE_SWITCH_OK attempts=1 streak=0
[2026-09-16T03:41:35.058Z] batch=field-waveform-1789530081608-3 D1 MODE_SWITCH_START state=MODE_SWITCHING attempts=1 streak=0 attempt=1
[2026-09-16T03:41:35.059Z] batch=field-waveform-1789530081608-3 D1 MODE_SWITCH_OK state=MODE_SWITCH_OK attempts=1 streak=0
[2026-09-16T03:41:35.083Z] batch=field-waveform-1789530081608-3 D3 MODE_SWITCH_START state=MODE_SWITCHING attempts=1 streak=0 attempt=1
[2026-09-16T03:41:35.085Z] batch=field-waveform-1789530081608-3 D3 MODE_SWITCH_OK state=MODE_SWITCH_OK attempts=1 streak=0
[2026-09-16T03:41:44.665Z] batch=field-waveform-1789530081608-3 D6 MODE_SWITCH_START state=MODE_SWITCHING attempts=1 streak=0 attempt=1
[2026-09-16T03:41:44.669Z] batch=field-waveform-1789530081608-3 D6 MODE_SWITCH_OK state=MODE_SWITCH_OK attempts=1 streak=0
[2026-09-16T03:41:45.064Z] batch=field-waveform-1789530081608-3 D4 MODE_SWITCH_START state=MODE_SWITCHING attempts=1 streak=0 attempt=1
[2026-09-16T03:41:45.068Z] batch=field-waveform-1789530081608-3 D4 MODE_SWITCH_OK state=MODE_SWITCH_OK attempts=1 streak=0
[2026-09-16T03:41:45.071Z] batch=field-waveform-1789530081608-3 D2 MODE_SWITCH_START state=MODE_SWITCHING attempts=1 streak=0 attempt=1
[2026-09-16T03:41:45.074Z] batch=field-waveform-1789530081608-3 D2 MODE_SWITCH_OK state=MODE_SWITCH_OK attempts=1 streak=0
[2026-09-16T03:41:45.077Z] batch=field-waveform-1789530081608-3 D5 MODE_SWITCH_START state=MODE_SWITCHING attempts=1 streak=0 attempt=1
[2026-09-16T03:41:45.081Z] batch=field-waveform-1789530081608-3 D5 MODE_SWITCH_OK state=MODE_SWITCH_OK attempts=1 streak=0
[2026-09-16T03:41:45.082Z] batch=field-waveform-1789530081608-3 D1 MODE_SWITCH_START state=MODE_SWITCHING attempts=1 streak=0 attempt=1
[2026-09-16T03:41:45.084Z] batch=field-waveform-1789530081608-3 D1 MODE_SWITCH_OK state=MODE_SWITCH_OK attempts=1 streak=0
[2026-09-16T03:41:45.085Z] batch=field-waveform-1789530081608-3 D3 MODE_SWITCH_START state=MODE_SWITCHING attempts=1 streak=0 attempt=1
[2026-09-16T03:41:45.087Z] batch=field-waveform-1789530081608-3 D3 MODE_SWITCH_OK state=MODE_SWITCH_OK attempts=1 streak=0
[2026-09-16T03:41:49.768Z] batch=field-waveform-1789530081608-3 D6 FIRST_FRAME state=FIRST_FRAME_RECEIVED attempts=1 streak=1
[2026-09-16T03:41:49.768Z] batch=field-waveform-1789530081608-3 D6 FIRST_VALID_SAMPLE state=FIRST_FRAME_RECEIVED attempts=1 streak=1
[2026-09-16T03:41:50.002Z] batch=field-waveform-1789530081608-3 D6 CHANNEL_SYNC_OK state=TEST_READY attempts=1 streak=5
[2026-09-16T03:41:50.002Z] batch=field-waveform-1789530081608-3 D6 TEST_READY state=TEST_READY attempts=1 streak=5
[2026-09-16T03:41:50.112Z] batch=field-waveform-1789530081608-3 D4 FIRST_FRAME state=FIRST_FRAME_RECEIVED attempts=1 streak=1
[2026-09-16T03:41:50.113Z] batch=field-waveform-1789530081608-3 D4 FIRST_VALID_SAMPLE state=FIRST_FRAME_RECEIVED attempts=1 streak=1
[2026-09-16T03:41:50.130Z] batch=field-waveform-1789530081608-3 D3 FIRST_FRAME state=FIRST_FRAME_RECEIVED attempts=1 streak=1
[2026-09-16T03:41:50.130Z] batch=field-waveform-1789530081608-3 D3 FIRST_VALID_SAMPLE state=FIRST_FRAME_RECEIVED attempts=1 streak=1
[2026-09-16T03:41:50.139Z] batch=field-waveform-1789530081608-3 D5 FIRST_FRAME state=FIRST_FRAME_RECEIVED attempts=1 streak=1
[2026-09-16T03:41:50.139Z] batch=field-waveform-1789530081608-3 D5 FIRST_VALID_SAMPLE state=FIRST_FRAME_RECEIVED attempts=1 streak=1
[2026-09-16T03:41:50.140Z] batch=field-waveform-1789530081608-3 D2 FIRST_FRAME state=FIRST_FRAME_RECEIVED attempts=1 streak=1
[2026-09-16T03:41:50.140Z] batch=field-waveform-1789530081608-3 D2 FIRST_VALID_SAMPLE state=FIRST_FRAME_RECEIVED attempts=1 streak=1
[2026-09-16T03:41:50.163Z] batch=field-waveform-1789530081608-3 D1 FIRST_FRAME state=FIRST_FRAME_RECEIVED attempts=1 streak=1
[2026-09-16T03:41:50.164Z] batch=field-waveform-1789530081608-3 D1 FIRST_VALID_SAMPLE state=FIRST_FRAME_RECEIVED attempts=1 streak=1
[2026-09-16T03:41:50.370Z] batch=field-waveform-1789530081608-3 D4 CHANNEL_SYNC_OK state=TEST_READY attempts=1 streak=5
[2026-09-16T03:41:50.370Z] batch=field-waveform-1789530081608-3 D4 TEST_READY state=TEST_READY attempts=1 streak=5
[2026-09-16T03:41:50.372Z] batch=field-waveform-1789530081608-3 D3 CHANNEL_SYNC_OK state=TEST_READY attempts=1 streak=5
[2026-09-16T03:41:50.373Z] batch=field-waveform-1789530081608-3 D3 TEST_READY state=TEST_READY attempts=1 streak=5
[2026-09-16T03:41:50.383Z] batch=field-waveform-1789530081608-3 D5 CHANNEL_SYNC_OK state=TEST_READY attempts=1 streak=5
[2026-09-16T03:41:50.384Z] batch=field-waveform-1789530081608-3 D5 TEST_READY state=TEST_READY attempts=1 streak=5
[2026-09-16T03:41:50.385Z] batch=field-waveform-1789530081608-3 D2 CHANNEL_SYNC_OK state=TEST_READY attempts=1 streak=5
[2026-09-16T03:41:50.385Z] batch=field-waveform-1789530081608-3 D2 TEST_READY state=TEST_READY attempts=1 streak=5
[2026-09-16T03:41:50.415Z] batch=field-waveform-1789530081608-3 D1 CHANNEL_SYNC_OK state=TEST_READY attempts=1 streak=5
[2026-09-16T03:41:50.416Z] batch=field-waveform-1789530081608-3 D1 TEST_READY state=TEST_READY attempts=1 streak=5
[2026-09-16T03:42:01.223Z] batch=field-waveform-1789530081608-3 D1 MODE_SWITCH_START state=MODE_SWITCHING attempts=1 streak=0 attempt=1
[2026-09-16T03:42:01.226Z] batch=field-waveform-1789530081608-3 D1 MODE_SWITCH_OK state=MODE_SWITCH_OK attempts=1 streak=0
[2026-09-16T03:42:01.253Z] batch=field-waveform-1789530081608-3 D4 MODE_SWITCH_START state=MODE_SWITCHING attempts=1 streak=0 attempt=1
[2026-09-16T03:42:01.254Z] batch=field-waveform-1789530081608-3 D4 MODE_SWITCH_OK state=MODE_SWITCH_OK attempts=1 streak=0
[2026-09-16T03:42:01.255Z] batch=field-waveform-1789530081608-3 D3 MODE_SWITCH_START state=MODE_SWITCHING attempts=1 streak=0 attempt=1
[2026-09-16T03:42:01.257Z] batch=field-waveform-1789530081608-3 D3 MODE_SWITCH_OK state=MODE_SWITCH_OK attempts=1 streak=0
[2026-09-16T03:42:01.259Z] batch=field-waveform-1789530081608-3 D6 MODE_SWITCH_START state=MODE_SWITCHING attempts=1 streak=0 attempt=1
[2026-09-16T03:42:01.260Z] batch=field-waveform-1789530081608-3 D6 MODE_SWITCH_OK state=MODE_SWITCH_OK attempts=1 streak=0
[2026-09-16T03:42:01.261Z] batch=field-waveform-1789530081608-3 D5 MODE_SWITCH_START state=MODE_SWITCHING attempts=1 streak=0 attempt=1
[2026-09-16T03:42:01.262Z] batch=field-waveform-1789530081608-3 D5 MODE_SWITCH_OK state=MODE_SWITCH_OK attempts=1 streak=0
[2026-09-16T03:42:01.264Z] batch=field-waveform-1789530081608-3 D2 MODE_SWITCH_START state=MODE_SWITCHING attempts=1 streak=0 attempt=1
[2026-09-16T03:42:01.265Z] batch=field-waveform-1789530081608-3 D2 MODE_SWITCH_OK state=MODE_SWITCH_OK attempts=1 streak=0
[2026-09-16T03:42:06.292Z] batch=field-waveform-1789530081608-3 D4 FIRST_FRAME state=FIRST_FRAME_RECEIVED attempts=1 streak=1
[2026-09-16T03:42:06.293Z] batch=field-waveform-1789530081608-3 D4 FIRST_VALID_SAMPLE state=FIRST_FRAME_RECEIVED attempts=1 streak=1
[2026-09-16T03:42:06.294Z] batch=field-waveform-1789530081608-3 D1 FIRST_FRAME state=FIRST_FRAME_RECEIVED attempts=1 streak=1
[2026-09-16T03:42:06.295Z] batch=field-waveform-1789530081608-3 D1 FIRST_VALID_SAMPLE state=FIRST_FRAME_RECEIVED attempts=1 streak=1
[2026-09-16T03:42:06.308Z] batch=field-waveform-1789530081608-3 D3 FIRST_FRAME state=FIRST_FRAME_RECEIVED attempts=1 streak=1
[2026-09-16T03:42:06.308Z] batch=field-waveform-1789530081608-3 D3 FIRST_VALID_SAMPLE state=FIRST_FRAME_RECEIVED attempts=1 streak=1
[2026-09-16T03:42:06.316Z] batch=field-waveform-1789530081608-3 D6 FIRST_FRAME state=FIRST_FRAME_RECEIVED attempts=1 streak=1
[2026-09-16T03:42:06.316Z] batch=field-waveform-1789530081608-3 D6 FIRST_VALID_SAMPLE state=FIRST_FRAME_RECEIVED attempts=1 streak=1
[2026-09-16T03:42:06.323Z] batch=field-waveform-1789530081608-3 D2 FIRST_FRAME state=FIRST_FRAME_RECEIVED attempts=1 streak=1
[2026-09-16T03:42:06.323Z] batch=field-waveform-1789530081608-3 D2 FIRST_VALID_SAMPLE state=FIRST_FRAME_RECEIVED attempts=1 streak=1
[2026-09-16T03:42:06.324Z] batch=field-waveform-1789530081608-3 D5 FIRST_FRAME state=FIRST_FRAME_RECEIVED attempts=1 streak=1
[2026-09-16T03:42:06.325Z] batch=field-waveform-1789530081608-3 D5 FIRST_VALID_SAMPLE state=FIRST_FRAME_RECEIVED attempts=1 streak=1
[2026-09-16T03:42:06.539Z] batch=field-waveform-1789530081608-3 D1 CHANNEL_SYNC_OK state=TEST_READY attempts=1 streak=5
[2026-09-16T03:42:06.540Z] batch=field-waveform-1789530081608-3 D1 TEST_READY state=TEST_READY attempts=1 streak=5
[2026-09-16T03:42:06.543Z] batch=field-waveform-1789530081608-3 D4 CHANNEL_SYNC_OK state=TEST_READY attempts=1 streak=5
[2026-09-16T03:42:06.543Z] batch=field-waveform-1789530081608-3 D4 TEST_READY state=TEST_READY attempts=1 streak=5
[2026-09-16T03:42:06.564Z] batch=field-waveform-1789530081608-3 D3 CHANNEL_SYNC_OK state=TEST_READY attempts=1 streak=5
[2026-09-16T03:42:06.564Z] batch=field-waveform-1789530081608-3 D3 TEST_READY state=TEST_READY attempts=1 streak=5
[2026-09-16T03:42:06.591Z] batch=field-waveform-1789530081608-3 D6 CHANNEL_SYNC_OK state=TEST_READY attempts=1 streak=5
[2026-09-16T03:42:06.591Z] batch=field-waveform-1789530081608-3 D6 TEST_READY state=TEST_READY attempts=1 streak=5
[2026-09-16T03:42:06.593Z] batch=field-waveform-1789530081608-3 D5 CHANNEL_SYNC_OK state=TEST_READY attempts=1 streak=5
[2026-09-16T03:42:06.593Z] batch=field-waveform-1789530081608-3 D5 TEST_READY state=TEST_READY attempts=1 streak=5
[2026-09-16T03:42:06.596Z] batch=field-waveform-1789530081608-3 D2 CHANNEL_SYNC_OK state=TEST_READY attempts=1 streak=5
[2026-09-16T03:42:06.596Z] batch=field-waveform-1789530081608-3 D2 TEST_READY state=TEST_READY attempts=1 streak=5
[2026-09-16T03:42:59.100Z] batch=field-waveform-1789530081608-3 D1 MODE_SWITCH_START state=MODE_SWITCHING attempts=1 streak=0 attempt=1
[2026-09-16T03:42:59.101Z] batch=field-waveform-1789530081608-3 D1 MODE_SWITCH_OK state=MODE_SWITCH_OK attempts=1 streak=0
[2026-09-16T03:42:59.104Z] batch=field-waveform-1789530081608-3 D6 MODE_SWITCH_START state=MODE_SWITCHING attempts=1 streak=0 attempt=1
[2026-09-16T03:42:59.106Z] batch=field-waveform-1789530081608-3 D6 MODE_SWITCH_OK state=MODE_SWITCH_OK attempts=1 streak=0
[2026-09-16T03:42:59.109Z] batch=field-waveform-1789530081608-3 D2 MODE_SWITCH_START state=MODE_SWITCHING attempts=1 streak=0 attempt=1
[2026-09-16T03:42:59.110Z] batch=field-waveform-1789530081608-3 D2 MODE_SWITCH_OK state=MODE_SWITCH_OK attempts=1 streak=0
[2026-09-16T03:42:59.113Z] batch=field-waveform-1789530081608-3 D5 MODE_SWITCH_START state=MODE_SWITCHING attempts=1 streak=0 attempt=1
[2026-09-16T03:42:59.114Z] batch=field-waveform-1789530081608-3 D5 MODE_SWITCH_OK state=MODE_SWITCH_OK attempts=1 streak=0
[2026-09-16T03:42:59.117Z] batch=field-waveform-1789530081608-3 D4 MODE_SWITCH_START state=MODE_SWITCHING attempts=1 streak=0 attempt=1
[2026-09-16T03:42:59.118Z] batch=field-waveform-1789530081608-3 D4 MODE_SWITCH_OK state=MODE_SWITCH_OK attempts=1 streak=0
[2026-09-16T03:42:59.121Z] batch=field-waveform-1789530081608-3 D3 MODE_SWITCH_START state=MODE_SWITCHING attempts=1 streak=0 attempt=1
[2026-09-16T03:42:59.122Z] batch=field-waveform-1789530081608-3 D3 MODE_SWITCH_OK state=MODE_SWITCH_OK attempts=1 streak=0
[2026-09-16T03:43:09.169Z] batch=field-waveform-1789530081608-3 D1 MODE_SWITCH_START state=MODE_SWITCHING attempts=1 streak=0 attempt=1
[2026-09-16T03:43:09.170Z] batch=field-waveform-1789530081608-3 D1 MODE_SWITCH_OK state=MODE_SWITCH_OK attempts=1 streak=0
[2026-09-16T03:43:09.173Z] batch=field-waveform-1789530081608-3 D6 MODE_SWITCH_START state=MODE_SWITCHING attempts=1 streak=0 attempt=1
[2026-09-16T03:43:09.175Z] batch=field-waveform-1789530081608-3 D6 MODE_SWITCH_OK state=MODE_SWITCH_OK attempts=1 streak=0
[2026-09-16T03:43:09.177Z] batch=field-waveform-1789530081608-3 D2 MODE_SWITCH_START state=MODE_SWITCHING attempts=1 streak=0 attempt=1
[2026-09-16T03:43:09.178Z] batch=field-waveform-1789530081608-3 D2 MODE_SWITCH_OK state=MODE_SWITCH_OK attempts=1 streak=0
[2026-09-16T03:43:09.181Z] batch=field-waveform-1789530081608-3 D5 MODE_SWITCH_START state=MODE_SWITCHING attempts=1 streak=0 attempt=1
[2026-09-16T03:43:09.182Z] batch=field-waveform-1789530081608-3 D5 MODE_SWITCH_OK state=MODE_SWITCH_OK attempts=1 streak=0
[2026-09-16T03:43:09.185Z] batch=field-waveform-1789530081608-3 D4 MODE_SWITCH_START state=MODE_SWITCHING attempts=1 streak=0 attempt=1
[2026-09-16T03:43:09.186Z] batch=field-waveform-1789530081608-3 D4 MODE_SWITCH_OK state=MODE_SWITCH_OK attempts=1 streak=0
[2026-09-16T03:43:09.189Z] batch=field-waveform-1789530081608-3 D3 MODE_SWITCH_START state=MODE_SWITCHING attempts=1 streak=0 attempt=1
[2026-09-16T03:43:09.191Z] batch=field-waveform-1789530081608-3 D3 MODE_SWITCH_OK state=MODE_SWITCH_OK attempts=1 streak=0
[2026-09-16T03:43:14.273Z] batch=field-waveform-1789530081608-3 D1 FIRST_FRAME state=FIRST_FRAME_RECEIVED attempts=1 streak=1
[2026-09-16T03:43:14.274Z] batch=field-waveform-1789530081608-3 D1 FIRST_VALID_SAMPLE state=FIRST_FRAME_RECEIVED attempts=1 streak=1
[2026-09-16T03:43:14.281Z] batch=field-waveform-1789530081608-3 D4 FIRST_FRAME state=FIRST_FRAME_RECEIVED attempts=1 streak=1
[2026-09-16T03:43:14.282Z] batch=field-waveform-1789530081608-3 D4 FIRST_VALID_SAMPLE state=FIRST_FRAME_RECEIVED attempts=1 streak=1
[2026-09-16T03:43:14.283Z] batch=field-waveform-1789530081608-3 D2 FIRST_FRAME state=FIRST_FRAME_RECEIVED attempts=1 streak=1
[2026-09-16T03:43:14.283Z] batch=field-waveform-1789530081608-3 D2 FIRST_VALID_SAMPLE state=FIRST_FRAME_RECEIVED attempts=1 streak=1
[2026-09-16T03:43:14.285Z] batch=field-waveform-1789530081608-3 D6 FIRST_FRAME state=FIRST_FRAME_RECEIVED attempts=1 streak=1
[2026-09-16T03:43:14.285Z] batch=field-waveform-1789530081608-3 D6 FIRST_VALID_SAMPLE state=FIRST_FRAME_RECEIVED attempts=1 streak=1
[2026-09-16T03:43:14.287Z] batch=field-waveform-1789530081608-3 D5 FIRST_FRAME state=FIRST_FRAME_RECEIVED attempts=1 streak=1
[2026-09-16T03:43:14.287Z] batch=field-waveform-1789530081608-3 D5 FIRST_VALID_SAMPLE state=FIRST_FRAME_RECEIVED attempts=1 streak=1
[2026-09-16T03:43:14.407Z] batch=field-waveform-1789530081608-3 D3 FIRST_FRAME state=FIRST_FRAME_RECEIVED attempts=1 streak=1
[2026-09-16T03:43:14.408Z] batch=field-waveform-1789530081608-3 D3 FIRST_VALID_SAMPLE state=FIRST_FRAME_RECEIVED attempts=1 streak=1
[2026-09-16T03:43:14.538Z] batch=field-waveform-1789530081608-3 D4 CHANNEL_SYNC_OK state=TEST_READY attempts=1 streak=5
[2026-09-16T03:43:14.538Z] batch=field-waveform-1789530081608-3 D4 TEST_READY state=TEST_READY attempts=1 streak=5
[2026-09-16T03:43:14.540Z] batch=field-waveform-1789530081608-3 D2 CHANNEL_SYNC_OK state=TEST_READY attempts=1 streak=5
[2026-09-16T03:43:14.541Z] batch=field-waveform-1789530081608-3 D2 TEST_READY state=TEST_READY attempts=1 streak=5
[2026-09-16T03:43:14.543Z] batch=field-waveform-1789530081608-3 D6 CHANNEL_SYNC_OK state=TEST_READY attempts=1 streak=5
[2026-09-16T03:43:14.543Z] batch=field-waveform-1789530081608-3 D6 TEST_READY state=TEST_READY attempts=1 streak=5
[2026-09-16T03:43:14.545Z] batch=field-waveform-1789530081608-3 D5 CHANNEL_SYNC_OK state=TEST_READY attempts=1 streak=5
[2026-09-16T03:43:14.546Z] batch=field-waveform-1789530081608-3 D5 TEST_READY state=TEST_READY attempts=1 streak=5
[2026-09-16T03:43:14.547Z] batch=field-waveform-1789530081608-3 D1 CHANNEL_SYNC_OK state=TEST_READY attempts=1 streak=5
[2026-09-16T03:43:14.548Z] batch=field-waveform-1789530081608-3 D1 TEST_READY state=TEST_READY attempts=1 streak=5
[2026-09-16T03:43:14.657Z] batch=field-waveform-1789530081608-3 D3 CHANNEL_SYNC_OK state=TEST_READY attempts=1 streak=5
[2026-09-16T03:43:14.657Z] batch=field-waveform-1789530081608-3 D3 TEST_READY state=TEST_READY attempts=1 streak=5
