[2026-09-18T02:20:20.092Z] batch=field-waveform-1789698020091-15 D1 MODE_SWITCH_START state=MODE_SWITCHING attempts=1 streak=0 attempt=1
[2026-09-18T02:20:20.093Z] batch=field-waveform-1789698020091-15 D2 MODE_SWITCH_START state=MODE_SWITCHING attempts=1 streak=0 attempt=1
[2026-09-18T02:20:20.094Z] batch=field-waveform-1789698020091-15 D3 MODE_SWITCH_START state=MODE_SWITCHING attempts=1 streak=0 attempt=1
[2026-09-18T02:20:20.094Z] batch=field-waveform-1789698020091-15 D4 MODE_SWITCH_START state=MODE_SWITCHING attempts=1 streak=0 attempt=1
[2026-09-18T02:20:20.095Z] batch=field-waveform-1789698020091-15 D5 MODE_SWITCH_START state=MODE_SWITCHING attempts=1 streak=0 attempt=1
[2026-09-18T02:20:20.095Z] batch=field-waveform-1789698020091-15 D6 MODE_SWITCH_START state=MODE_SWITCHING attempts=1 streak=0 attempt=1
[2026-09-18T02:20:20.097Z] batch=field-waveform-1789698020091-15 D1 MODE_SWITCH_OK state=MODE_SWITCH_OK attempts=1 streak=0
[2026-09-18T02:20:20.098Z] batch=field-waveform-1789698020091-15 D2 MODE_SWITCH_OK state=MODE_SWITCH_OK attempts=1 streak=0
[2026-09-18T02:20:20.098Z] batch=field-waveform-1789698020091-15 D3 MODE_SWITCH_OK state=MODE_SWITCH_OK attempts=1 streak=0
[2026-09-18T02:20:20.099Z] batch=field-waveform-1789698020091-15 D4 MODE_SWITCH_OK state=MODE_SWITCH_OK attempts=1 streak=0
[2026-09-18T02:20:20.099Z] batch=field-waveform-1789698020091-15 D5 MODE_SWITCH_OK state=MODE_SWITCH_OK attempts=1 streak=0
[2026-09-18T02:20:20.099Z] batch=field-waveform-1789698020091-15 D6 MODE_SWITCH_OK state=MODE_SWITCH_OK attempts=1 streak=0
[2026-09-18T02:20:23.553Z] batch=field-waveform-1789698020091-15 D6 MODE_SWITCH_START state=MODE_SWITCHING attempts=1 streak=0 attempt=1
[2026-09-18T02:20:23.554Z] batch=field-waveform-1789698020091-15 D6 MODE_SWITCH_OK state=MODE_SWITCH_OK attempts=1 streak=0
[2026-09-18T02:20:23.556Z] batch=field-waveform-1789698020091-15 D5 MODE_SWITCH_START state=MODE_SWITCHING attempts=1 streak=0 attempt=1
[2026-09-18T02:20:23.558Z] batch=field-waveform-1789698020091-15 D5 MODE_SWITCH_OK state=MODE_SWITCH_OK attempts=1 streak=0
[2026-09-18T02:20:23.559Z] batch=field-waveform-1789698020091-15 D2 MODE_SWITCH_START state=MODE_SWITCHING attempts=1 streak=0 attempt=1
[2026-09-18T02:20:23.561Z] batch=field-waveform-1789698020091-15 D2 MODE_SWITCH_OK state=MODE_SWITCH_OK attempts=1 streak=0
[2026-09-18T02:20:23.562Z] batch=field-waveform-1789698020091-15 D3 MODE_SWITCH_START state=MODE_SWITCHING attempts=1 streak=0 attempt=1
[2026-09-18T02:20:23.564Z] batch=field-waveform-1789698020091-15 D3 MODE_SWITCH_OK state=MODE_SWITCH_OK attempts=1 streak=0
[2026-09-18T02:20:23.565Z] batch=field-waveform-1789698020091-15 D4 MODE_SWITCH_START state=MODE_SWITCHING attempts=1 streak=0 attempt=1
[2026-09-18T02:20:23.567Z] batch=field-waveform-1789698020091-15 D4 MODE_SWITCH_OK state=MODE_SWITCH_OK attempts=1 streak=0
[2026-09-18T02:20:23.569Z] batch=field-waveform-1789698020091-15 D1 MODE_SWITCH_START state=MODE_SWITCHING attempts=1 streak=0 attempt=1
[2026-09-18T02:20:23.571Z] batch=field-waveform-1789698020091-15 D1 MODE_SWITCH_OK state=MODE_SWITCH_OK attempts=1 streak=0
[2026-09-18T02:20:33.568Z] batch=field-waveform-1789698020091-15 D6 MODE_SWITCH_START state=MODE_SWITCHING attempts=1 streak=0 attempt=1
[2026-09-18T02:20:33.570Z] batch=field-waveform-1789698020091-15 D6 MODE_SWITCH_OK state=MODE_SWITCH_OK attempts=1 streak=0
[2026-09-18T02:20:33.571Z] batch=field-waveform-1789698020091-15 D5 MODE_SWITCH_START state=MODE_SWITCHING attempts=1 streak=0 attempt=1
[2026-09-18T02:20:33.573Z] batch=field-waveform-1789698020091-15 D5 MODE_SWITCH_OK state=MODE_SWITCH_OK attempts=1 streak=0
[2026-09-18T02:20:33.574Z] batch=field-waveform-1789698020091-15 D2 MODE_SWITCH_START state=MODE_SWITCHING attempts=1 streak=0 attempt=1
[2026-09-18T02:20:33.576Z] batch=field-waveform-1789698020091-15 D2 MODE_SWITCH_OK state=MODE_SWITCH_OK attempts=1 streak=0
[2026-09-18T02:20:33.577Z] batch=field-waveform-1789698020091-15 D3 MODE_SWITCH_START state=MODE_SWITCHING attempts=1 streak=0 attempt=1
[2026-09-18T02:20:33.579Z] batch=field-waveform-1789698020091-15 D3 MODE_SWITCH_OK state=MODE_SWITCH_OK attempts=1 streak=0
[2026-09-18T02:20:33.580Z] batch=field-waveform-1789698020091-15 D4 MODE_SWITCH_START state=MODE_SWITCHING attempts=1 streak=0 attempt=1
[2026-09-18T02:20:33.582Z] batch=field-waveform-1789698020091-15 D4 MODE_SWITCH_OK state=MODE_SWITCH_OK attempts=1 streak=0
[2026-09-18T02:20:33.585Z] batch=field-waveform-1789698020091-15 D1 MODE_SWITCH_START state=MODE_SWITCHING attempts=1 streak=0 attempt=1
[2026-09-18T02:20:33.589Z] batch=field-waveform-1789698020091-15 D1 MODE_SWITCH_OK state=MODE_SWITCH_OK attempts=1 streak=0
[2026-09-18T02:20:43.580Z] batch=field-waveform-1789698020091-15 D6 MODE_SWITCH_START state=MODE_SWITCHING attempts=1 streak=0 attempt=1
[2026-09-18T02:20:43.583Z] batch=field-waveform-1789698020091-15 D6 MODE_SWITCH_OK state=MODE_SWITCH_OK attempts=1 streak=0
[2026-09-18T02:20:43.584Z] batch=field-waveform-1789698020091-15 D5 MODE_SWITCH_START state=MODE_SWITCHING attempts=1 streak=0 attempt=1
[2026-09-18T02:20:43.586Z] batch=field-waveform-1789698020091-15 D5 MODE_SWITCH_OK state=MODE_SWITCH_OK attempts=1 streak=0
[2026-09-18T02:20:43.589Z] batch=field-waveform-1789698020091-15 D2 MODE_SWITCH_START state=MODE_SWITCHING attempts=1 streak=0 attempt=1
[2026-09-18T02:20:43.591Z] batch=field-waveform-1789698020091-15 D2 MODE_SWITCH_OK state=MODE_SWITCH_OK attempts=1 streak=0
[2026-09-18T02:20:43.592Z] batch=field-waveform-1789698020091-15 D3 MODE_SWITCH_START state=MODE_SWITCHING attempts=1 streak=0 attempt=1
[2026-09-18T02:20:43.594Z] batch=field-waveform-1789698020091-15 D3 MODE_SWITCH_OK state=MODE_SWITCH_OK attempts=1 streak=0
[2026-09-18T02:20:43.595Z] batch=field-waveform-1789698020091-15 D4 MODE_SWITCH_START state=MODE_SWITCHING attempts=1 streak=0 attempt=1
[2026-09-18T02:20:43.597Z] batch=field-waveform-1789698020091-15 D4 MODE_SWITCH_OK state=MODE_SWITCH_OK attempts=1 streak=0
[2026-09-18T02:20:43.599Z] batch=field-waveform-1789698020091-15 D1 MODE_SWITCH_START state=MODE_SWITCHING attempts=1 streak=0 attempt=1
[2026-09-18T02:20:43.603Z] batch=field-waveform-1789698020091-15 D1 MODE_SWITCH_OK state=MODE_SWITCH_OK attempts=1 streak=0
[2026-09-18T02:20:48.669Z] batch=field-waveform-1789698020091-15 D2 FIRST_FRAME state=FIRST_FRAME_RECEIVED attempts=1 streak=1
[2026-09-18T02:20:48.669Z] batch=field-waveform-1789698020091-15 D2 FIRST_VALID_SAMPLE state=FIRST_FRAME_RECEIVED attempts=1 streak=1
[2026-09-18T02:20:48.670Z] batch=field-waveform-1789698020091-15 D4 FIRST_FRAME state=FIRST_FRAME_RECEIVED attempts=1 streak=1
[2026-09-18T02:20:48.670Z] batch=field-waveform-1789698020091-15 D4 FIRST_VALID_SAMPLE state=FIRST_FRAME_RECEIVED attempts=1 streak=1
[2026-09-18T02:20:48.671Z] batch=field-waveform-1789698020091-15 D5 FIRST_FRAME state=FIRST_FRAME_RECEIVED attempts=1 streak=1
[2026-09-18T02:20:48.671Z] batch=field-waveform-1789698020091-15 D5 FIRST_VALID_SAMPLE state=FIRST_FRAME_RECEIVED attempts=1 streak=1
[2026-09-18T02:20:48.672Z] batch=field-waveform-1789698020091-15 D1 FIRST_FRAME state=FIRST_FRAME_RECEIVED attempts=1 streak=1
[2026-09-18T02:20:48.672Z] batch=field-waveform-1789698020091-15 D1 FIRST_VALID_SAMPLE state=FIRST_FRAME_RECEIVED attempts=1 streak=1
[2026-09-18T02:20:48.672Z] batch=field-waveform-1789698020091-15 D3 FIRST_FRAME state=FIRST_FRAME_RECEIVED attempts=1 streak=1
[2026-09-18T02:20:48.673Z] batch=field-waveform-1789698020091-15 D3 FIRST_VALID_SAMPLE state=FIRST_FRAME_RECEIVED attempts=1 streak=1
[2026-09-18T02:20:48.872Z] batch=field-waveform-1789698020091-15 D2 CHANNEL_SYNC_OK state=TEST_READY attempts=1 streak=5
[2026-09-18T02:20:48.873Z] batch=field-waveform-1789698020091-15 D2 TEST_READY state=TEST_READY attempts=1 streak=5
[2026-09-18T02:20:48.881Z] batch=field-waveform-1789698020091-15 D1 CHANNEL_SYNC_OK state=TEST_READY attempts=1 streak=5
[2026-09-18T02:20:48.881Z] batch=field-waveform-1789698020091-15 D1 TEST_READY state=TEST_READY attempts=1 streak=5
[2026-09-18T02:20:48.882Z] batch=field-waveform-1789698020091-15 D4 CHANNEL_SYNC_OK state=TEST_READY attempts=1 streak=5
[2026-09-18T02:20:48.882Z] batch=field-waveform-1789698020091-15 D4 TEST_READY state=TEST_READY attempts=1 streak=5
[2026-09-18T02:20:48.885Z] batch=field-waveform-1789698020091-15 D5 CHANNEL_SYNC_OK state=TEST_READY attempts=1 streak=5
[2026-09-18T02:20:48.885Z] batch=field-waveform-1789698020091-15 D5 TEST_READY state=TEST_READY attempts=1 streak=5
[2026-09-18T02:20:48.917Z] batch=field-waveform-1789698020091-15 D3 CHANNEL_SYNC_OK state=TEST_READY attempts=1 streak=5
[2026-09-18T02:20:48.917Z] batch=field-waveform-1789698020091-15 D3 TEST_READY state=TEST_READY attempts=1 streak=5
[2026-09-18T02:20:53.599Z] batch=field-waveform-1789698020091-15 D6 MODE_SWITCH_START state=MODE_SWITCHING attempts=1 streak=0 attempt=1
[2026-09-18T02:20:53.601Z] batch=field-waveform-1789698020091-15 D6 MODE_SWITCH_OK state=MODE_SWITCH_OK attempts=1 streak=0
[2026-09-18T02:21:01.736Z] batch=field-waveform-1789698020091-15 D6 FIRST_FRAME state=FIRST_FRAME_RECEIVED attempts=1 streak=1
[2026-09-18T02:21:01.736Z] batch=field-waveform-1789698020091-15 D6 FIRST_VALID_SAMPLE state=FIRST_FRAME_RECEIVED attempts=1 streak=1
[2026-09-18T02:21:02.014Z] batch=field-waveform-1789698020091-15 D6 CHANNEL_SYNC_OK state=TEST_READY attempts=1 streak=5
[2026-09-18T02:21:02.014Z] batch=field-waveform-1789698020091-15 D6 TEST_READY state=TEST_READY attempts=1 streak=5
[2026-09-18T02:21:57.966Z] batch=field-waveform-1789698020091-15 D2 MODE_SWITCH_START state=MODE_SWITCHING attempts=1 streak=0 attempt=1
[2026-09-18T02:21:57.968Z] batch=field-waveform-1789698020091-15 D2 MODE_SWITCH_OK state=MODE_SWITCH_OK attempts=1 streak=0
[2026-09-18T02:21:57.970Z] batch=field-waveform-1789698020091-15 D3 MODE_SWITCH_START state=MODE_SWITCHING attempts=1 streak=0 attempt=1
[2026-09-18T02:21:57.971Z] batch=field-waveform-1789698020091-15 D3 MODE_SWITCH_OK state=MODE_SWITCH_OK attempts=1 streak=0
[2026-09-18T02:21:57.974Z] batch=field-waveform-1789698020091-15 D1 MODE_SWITCH_START state=MODE_SWITCHING attempts=1 streak=0 attempt=1
[2026-09-18T02:21:57.975Z] batch=field-waveform-1789698020091-15 D1 MODE_SWITCH_OK state=MODE_SWITCH_OK attempts=1 streak=0
[2026-09-18T02:21:57.978Z] batch=field-waveform-1789698020091-15 D4 MODE_SWITCH_START state=MODE_SWITCHING attempts=1 streak=0 attempt=1
[2026-09-18T02:21:57.979Z] batch=field-waveform-1789698020091-15 D4 MODE_SWITCH_OK state=MODE_SWITCH_OK attempts=1 streak=0
[2026-09-18T02:21:57.981Z] batch=field-waveform-1789698020091-15 D5 MODE_SWITCH_START state=MODE_SWITCHING attempts=1 streak=0 attempt=1
[2026-09-18T02:21:57.982Z] batch=field-waveform-1789698020091-15 D5 MODE_SWITCH_OK state=MODE_SWITCH_OK attempts=1 streak=0
[2026-09-18T02:22:03.836Z] batch=field-waveform-1789698020091-15 D6 MODE_SWITCH_START state=MODE_SWITCHING attempts=1 streak=0 attempt=1
[2026-09-18T02:22:03.837Z] batch=field-waveform-1789698020091-15 D6 MODE_SWITCH_OK state=MODE_SWITCH_OK attempts=1 streak=0
[2026-09-18T02:22:08.045Z] batch=field-waveform-1789698020091-15 D2 MODE_SWITCH_START state=MODE_SWITCHING attempts=1 streak=0 attempt=1
[2026-09-18T02:22:08.047Z] batch=field-waveform-1789698020091-15 D2 MODE_SWITCH_OK state=MODE_SWITCH_OK attempts=1 streak=0
[2026-09-18T02:22:08.060Z] batch=field-waveform-1789698020091-15 D3 MODE_SWITCH_START state=MODE_SWITCHING attempts=1 streak=0 attempt=1
[2026-09-18T02:22:08.064Z] batch=field-waveform-1789698020091-15 D3 MODE_SWITCH_OK state=MODE_SWITCH_OK attempts=1 streak=0
[2026-09-18T02:22:08.067Z] batch=field-waveform-1789698020091-15 D1 MODE_SWITCH_START state=MODE_SWITCHING attempts=1 streak=0 attempt=1
[2026-09-18T02:22:08.068Z] batch=field-waveform-1789698020091-15 D1 MODE_SWITCH_OK state=MODE_SWITCH_OK attempts=1 streak=0
[2026-09-18T02:22:08.071Z] batch=field-waveform-1789698020091-15 D4 MODE_SWITCH_START state=MODE_SWITCHING attempts=1 streak=0 attempt=1
[2026-09-18T02:22:08.072Z] batch=field-waveform-1789698020091-15 D4 MODE_SWITCH_OK state=MODE_SWITCH_OK attempts=1 streak=0
[2026-09-18T02:22:08.075Z] batch=field-waveform-1789698020091-15 D5 MODE_SWITCH_START state=MODE_SWITCHING attempts=1 streak=0 attempt=1
[2026-09-18T02:22:08.076Z] batch=field-waveform-1789698020091-15 D5 MODE_SWITCH_OK state=MODE_SWITCH_OK attempts=1 streak=0
[2026-09-18T02:22:13.112Z] batch=field-waveform-1789698020091-15 D2 FIRST_FRAME state=FIRST_FRAME_RECEIVED attempts=1 streak=1
[2026-09-18T02:22:13.112Z] batch=field-waveform-1789698020091-15 D2 FIRST_VALID_SAMPLE state=FIRST_FRAME_RECEIVED attempts=1 streak=1
[2026-09-18T02:22:13.216Z] batch=field-waveform-1789698020091-15 D1 FIRST_FRAME state=FIRST_FRAME_RECEIVED attempts=1 streak=1
[2026-09-18T02:22:13.217Z] batch=field-waveform-1789698020091-15 D1 FIRST_VALID_SAMPLE state=FIRST_FRAME_RECEIVED attempts=1 streak=1
[2026-09-18T02:22:13.220Z] batch=field-waveform-1789698020091-15 D5 FIRST_FRAME state=FIRST_FRAME_RECEIVED attempts=1 streak=1
[2026-09-18T02:22:13.220Z] batch=field-waveform-1789698020091-15 D5 FIRST_VALID_SAMPLE state=FIRST_FRAME_RECEIVED attempts=1 streak=1
[2026-09-18T02:22:13.222Z] batch=field-waveform-1789698020091-15 D3 FIRST_FRAME state=FIRST_FRAME_RECEIVED attempts=1 streak=1
[2026-09-18T02:22:13.222Z] batch=field-waveform-1789698020091-15 D3 FIRST_VALID_SAMPLE state=FIRST_FRAME_RECEIVED attempts=1 streak=1
[2026-09-18T02:22:13.223Z] batch=field-waveform-1789698020091-15 D4 FIRST_FRAME state=FIRST_FRAME_RECEIVED attempts=1 streak=1
[2026-09-18T02:22:13.223Z] batch=field-waveform-1789698020091-15 D4 FIRST_VALID_SAMPLE state=FIRST_FRAME_RECEIVED attempts=1 streak=1
[2026-09-18T02:22:13.570Z] batch=field-waveform-1789698020091-15 D1 CHANNEL_SYNC_OK state=TEST_READY attempts=1 streak=5
[2026-09-18T02:22:13.570Z] batch=field-waveform-1789698020091-15 D1 TEST_READY state=TEST_READY attempts=1 streak=5
[2026-09-18T02:22:13.572Z] batch=field-waveform-1789698020091-15 D5 CHANNEL_SYNC_OK state=TEST_READY attempts=1 streak=5
[2026-09-18T02:22:13.572Z] batch=field-waveform-1789698020091-15 D5 TEST_READY state=TEST_READY attempts=1 streak=5
[2026-09-18T02:22:13.573Z] batch=field-waveform-1789698020091-15 D2 CHANNEL_SYNC_OK state=TEST_READY attempts=1 streak=5
[2026-09-18T02:22:13.573Z] batch=field-waveform-1789698020091-15 D2 TEST_READY state=TEST_READY attempts=1 streak=5
[2026-09-18T02:22:13.575Z] batch=field-waveform-1789698020091-15 D3 CHANNEL_SYNC_OK state=TEST_READY attempts=1 streak=5
[2026-09-18T02:22:13.575Z] batch=field-waveform-1789698020091-15 D3 TEST_READY state=TEST_READY attempts=1 streak=5
[2026-09-18T02:22:13.576Z] batch=field-waveform-1789698020091-15 D4 CHANNEL_SYNC_OK state=TEST_READY attempts=1 streak=5
[2026-09-18T02:22:13.577Z] batch=field-waveform-1789698020091-15 D4 TEST_READY state=TEST_READY attempts=1 streak=5
[2026-09-18T02:22:14.029Z] batch=field-waveform-1789698020091-15 D6 MODE_SWITCH_START state=MODE_SWITCHING attempts=1 streak=0 attempt=1
[2026-09-18T02:22:14.030Z] batch=field-waveform-1789698020091-15 D6 MODE_SWITCH_OK state=MODE_SWITCH_OK attempts=1 streak=0
[2026-09-18T02:22:19.210Z] batch=field-waveform-1789698020091-15 D6 FIRST_FRAME state=FIRST_FRAME_RECEIVED attempts=1 streak=1
[2026-09-18T02:22:19.211Z] batch=field-waveform-1789698020091-15 D6 FIRST_VALID_SAMPLE state=FIRST_FRAME_RECEIVED attempts=1 streak=1
[2026-09-18T02:22:19.383Z] batch=field-waveform-1789698020091-15 D6 CHANNEL_SYNC_OK state=TEST_READY attempts=1 streak=5
[2026-09-18T02:22:19.383Z] batch=field-waveform-1789698020091-15 D6 TEST_READY state=TEST_READY attempts=1 streak=5
[2026-09-18T02:22:49.419Z] batch=field-waveform-1789698020091-15 D6 MODE_SWITCH_START state=MODE_SWITCHING attempts=1 streak=0 attempt=1
[2026-09-18T02:22:49.422Z] batch=field-waveform-1789698020091-15 D6 MODE_SWITCH_OK state=MODE_SWITCH_OK attempts=1 streak=0
