[2026-09-14T11:17:20.490Z] batch=field-waveform-1789384481553-2 D1 MODE_SWITCH_START state=MODE_SWITCHING attempts=1 streak=0 attempt=1
[2026-09-14T11:17:20.492Z] batch=field-waveform-1789384481553-2 D1 MODE_SWITCH_OK state=MODE_SWITCH_OK attempts=1 streak=0
[2026-09-14T11:17:20.499Z] batch=field-waveform-1789384481553-2 D3 MODE_SWITCH_START state=MODE_SWITCHING attempts=1 streak=0 attempt=1
[2026-09-14T11:17:20.501Z] batch=field-waveform-1789384481553-2 D3 MODE_SWITCH_OK state=MODE_SWITCH_OK attempts=1 streak=0
[2026-09-14T11:17:20.507Z] batch=field-waveform-1789384481553-2 D2 MODE_SWITCH_START state=MODE_SWITCHING attempts=1 streak=0 attempt=1
[2026-09-14T11:17:20.509Z] batch=field-waveform-1789384481553-2 D2 MODE_SWITCH_OK state=MODE_SWITCH_OK attempts=1 streak=0
[2026-09-14T11:17:20.517Z] batch=field-waveform-1789384481553-2 D4 MODE_SWITCH_START state=MODE_SWITCHING attempts=1 streak=0 attempt=1
[2026-09-14T11:17:20.518Z] batch=field-waveform-1789384481553-2 D4 MODE_SWITCH_OK state=MODE_SWITCH_OK attempts=1 streak=0
[2026-09-14T11:17:21.246Z] batch=field-waveform-1789384481553-2 D6 MODE_SWITCH_START state=MODE_SWITCHING attempts=1 streak=0 attempt=1
[2026-09-14T11:17:21.248Z] batch=field-waveform-1789384481553-2 D6 MODE_SWITCH_OK state=MODE_SWITCH_OK attempts=1 streak=0
[2026-09-14T11:17:21.252Z] batch=field-waveform-1789384481553-2 D5 MODE_SWITCH_START state=MODE_SWITCHING attempts=1 streak=0 attempt=1
[2026-09-14T11:17:21.253Z] batch=field-waveform-1789384481553-2 D5 MODE_SWITCH_OK state=MODE_SWITCH_OK attempts=1 streak=0
[2026-09-14T11:17:30.672Z] batch=field-waveform-1789384481553-2 D1 MODE_SWITCH_START state=MODE_SWITCHING attempts=1 streak=0 attempt=1
[2026-09-14T11:17:30.675Z] batch=field-waveform-1789384481553-2 D1 MODE_SWITCH_OK state=MODE_SWITCH_OK attempts=1 streak=0
[2026-09-14T11:17:30.681Z] batch=field-waveform-1789384481553-2 D3 MODE_SWITCH_START state=MODE_SWITCHING attempts=1 streak=0 attempt=1
[2026-09-14T11:17:30.682Z] batch=field-waveform-1789384481553-2 D3 MODE_SWITCH_OK state=MODE_SWITCH_OK attempts=1 streak=0
[2026-09-14T11:17:30.690Z] batch=field-waveform-1789384481553-2 D2 MODE_SWITCH_START state=MODE_SWITCHING attempts=1 streak=0 attempt=1
[2026-09-14T11:17:30.691Z] batch=field-waveform-1789384481553-2 D2 MODE_SWITCH_OK state=MODE_SWITCH_OK attempts=1 streak=0
[2026-09-14T11:17:30.699Z] batch=field-waveform-1789384481553-2 D4 MODE_SWITCH_START state=MODE_SWITCHING attempts=1 streak=0 attempt=1
[2026-09-14T11:17:30.702Z] batch=field-waveform-1789384481553-2 D4 MODE_SWITCH_OK state=MODE_SWITCH_OK attempts=1 streak=0
[2026-09-14T11:17:31.439Z] batch=field-waveform-1789384481553-2 D6 MODE_SWITCH_START state=MODE_SWITCHING attempts=1 streak=0 attempt=1
[2026-09-14T11:17:31.441Z] batch=field-waveform-1789384481553-2 D6 MODE_SWITCH_OK state=MODE_SWITCH_OK attempts=1 streak=0
[2026-09-14T11:17:31.450Z] batch=field-waveform-1789384481553-2 D5 MODE_SWITCH_START state=MODE_SWITCHING attempts=1 streak=0 attempt=1
[2026-09-14T11:17:31.452Z] batch=field-waveform-1789384481553-2 D5 MODE_SWITCH_OK state=MODE_SWITCH_OK attempts=1 streak=0
[2026-09-14T11:17:37.424Z] batch=field-waveform-1789384657421-3 D1 MODE_SWITCH_START state=MODE_SWITCHING attempts=1 streak=0 attempt=1
[2026-09-14T11:17:37.426Z] batch=field-waveform-1789384657421-3 D2 MODE_SWITCH_START state=MODE_SWITCHING attempts=1 streak=0 attempt=1
[2026-09-14T11:17:37.427Z] batch=field-waveform-1789384657421-3 D3 MODE_SWITCH_START state=MODE_SWITCHING attempts=1 streak=0 attempt=1
[2026-09-14T11:17:37.429Z] batch=field-waveform-1789384657421-3 D4 MODE_SWITCH_START state=MODE_SWITCHING attempts=1 streak=0 attempt=1
[2026-09-14T11:17:37.430Z] batch=field-waveform-1789384657421-3 D5 MODE_SWITCH_START state=MODE_SWITCHING attempts=1 streak=0 attempt=1
[2026-09-14T11:17:37.431Z] batch=field-waveform-1789384657421-3 D6 MODE_SWITCH_START state=MODE_SWITCHING attempts=1 streak=0 attempt=1
[2026-09-14T11:17:37.435Z] batch=field-waveform-1789384657421-3 D1 MODE_SWITCH_OK state=MODE_SWITCH_OK attempts=1 streak=0
[2026-09-14T11:17:37.436Z] batch=field-waveform-1789384657421-3 D2 MODE_SWITCH_OK state=MODE_SWITCH_OK attempts=1 streak=0
[2026-09-14T11:17:37.436Z] batch=field-waveform-1789384657421-3 D3 MODE_SWITCH_OK state=MODE_SWITCH_OK attempts=1 streak=0
[2026-09-14T11:17:37.437Z] batch=field-waveform-1789384657421-3 D4 MODE_SWITCH_OK state=MODE_SWITCH_OK attempts=1 streak=0
[2026-09-14T11:17:37.437Z] batch=field-waveform-1789384657421-3 D5 MODE_SWITCH_OK state=MODE_SWITCH_OK attempts=1 streak=0
[2026-09-14T11:17:37.438Z] batch=field-waveform-1789384657421-3 D6 MODE_SWITCH_OK state=MODE_SWITCH_OK attempts=1 streak=0
[2026-09-14T11:17:40.682Z] batch=field-waveform-1789384657421-3 D1 MODE_SWITCH_START state=MODE_SWITCHING attempts=1 streak=0 attempt=1
[2026-09-14T11:17:40.684Z] batch=field-waveform-1789384657421-3 D1 MODE_SWITCH_OK state=MODE_SWITCH_OK attempts=1 streak=0
[2026-09-14T11:17:40.687Z] batch=field-waveform-1789384657421-3 D3 MODE_SWITCH_START state=MODE_SWITCHING attempts=1 streak=0 attempt=1
[2026-09-14T11:17:40.688Z] batch=field-waveform-1789384657421-3 D3 MODE_SWITCH_OK state=MODE_SWITCH_OK attempts=1 streak=0
[2026-09-14T11:17:40.694Z] batch=field-waveform-1789384657421-3 D2 MODE_SWITCH_START state=MODE_SWITCHING attempts=1 streak=0 attempt=1
[2026-09-14T11:17:40.695Z] batch=field-waveform-1789384657421-3 D2 MODE_SWITCH_OK state=MODE_SWITCH_OK attempts=1 streak=0
[2026-09-14T11:17:40.713Z] batch=field-waveform-1789384657421-3 D4 MODE_SWITCH_START state=MODE_SWITCHING attempts=1 streak=0 attempt=1
[2026-09-14T11:17:40.716Z] batch=field-waveform-1789384657421-3 D4 MODE_SWITCH_OK state=MODE_SWITCH_OK attempts=1 streak=0
[2026-09-14T11:17:41.452Z] batch=field-waveform-1789384657421-3 D6 MODE_SWITCH_START state=MODE_SWITCHING attempts=1 streak=0 attempt=1
[2026-09-14T11:17:41.455Z] batch=field-waveform-1789384657421-3 D6 MODE_SWITCH_OK state=MODE_SWITCH_OK attempts=1 streak=0
[2026-09-14T11:17:41.476Z] batch=field-waveform-1789384657421-3 D5 MODE_SWITCH_START state=MODE_SWITCHING attempts=1 streak=0 attempt=1
[2026-09-14T11:17:41.481Z] batch=field-waveform-1789384657421-3 D5 MODE_SWITCH_OK state=MODE_SWITCH_OK attempts=1 streak=0
[2026-09-14T11:17:50.687Z] batch=field-waveform-1789384657421-3 D1 MODE_SWITCH_START state=MODE_SWITCHING attempts=1 streak=0 attempt=1
[2026-09-14T11:17:50.689Z] batch=field-waveform-1789384657421-3 D1 MODE_SWITCH_OK state=MODE_SWITCH_OK attempts=1 streak=0
[2026-09-14T11:17:50.693Z] batch=field-waveform-1789384657421-3 D3 MODE_SWITCH_START state=MODE_SWITCHING attempts=1 streak=0 attempt=1
[2026-09-14T11:17:50.695Z] batch=field-waveform-1789384657421-3 D3 MODE_SWITCH_OK state=MODE_SWITCH_OK attempts=1 streak=0
[2026-09-14T11:17:50.697Z] batch=field-waveform-1789384657421-3 D2 MODE_SWITCH_START state=MODE_SWITCHING attempts=1 streak=0 attempt=1
[2026-09-14T11:17:50.700Z] batch=field-waveform-1789384657421-3 D2 MODE_SWITCH_OK state=MODE_SWITCH_OK attempts=1 streak=0
[2026-09-14T11:17:50.719Z] batch=field-waveform-1789384657421-3 D4 MODE_SWITCH_START state=MODE_SWITCHING attempts=1 streak=0 attempt=1
[2026-09-14T11:17:50.720Z] batch=field-waveform-1789384657421-3 D4 MODE_SWITCH_OK state=MODE_SWITCH_OK attempts=1 streak=0
[2026-09-14T11:17:51.457Z] batch=field-waveform-1789384657421-3 D6 MODE_SWITCH_START state=MODE_SWITCHING attempts=1 streak=0 attempt=1
[2026-09-14T11:17:51.459Z] batch=field-waveform-1789384657421-3 D6 MODE_SWITCH_OK state=MODE_SWITCH_OK attempts=1 streak=0
[2026-09-14T11:17:51.485Z] batch=field-waveform-1789384657421-3 D5 MODE_SWITCH_START state=MODE_SWITCHING attempts=1 streak=0 attempt=1
[2026-09-14T11:17:51.486Z] batch=field-waveform-1789384657421-3 D5 MODE_SWITCH_OK state=MODE_SWITCH_OK attempts=1 streak=0
[2026-09-14T11:18:00.693Z] batch=field-waveform-1789384657421-3 D1 MODE_SWITCH_START state=MODE_SWITCHING attempts=1 streak=0 attempt=1
[2026-09-14T11:18:00.695Z] batch=field-waveform-1789384657421-3 D1 MODE_SWITCH_OK state=MODE_SWITCH_OK attempts=1 streak=0
[2026-09-14T11:18:00.723Z] batch=field-waveform-1789384657421-3 D3 MODE_SWITCH_START state=MODE_SWITCHING attempts=1 streak=0 attempt=1
[2026-09-14T11:18:00.726Z] batch=field-waveform-1789384657421-3 D3 MODE_SWITCH_OK state=MODE_SWITCH_OK attempts=1 streak=0
[2026-09-14T11:18:00.727Z] batch=field-waveform-1789384657421-3 D2 MODE_SWITCH_START state=MODE_SWITCHING attempts=1 streak=0 attempt=1
[2026-09-14T11:18:00.729Z] batch=field-waveform-1789384657421-3 D2 MODE_SWITCH_OK state=MODE_SWITCH_OK attempts=1 streak=0
[2026-09-14T11:18:00.730Z] batch=field-waveform-1789384657421-3 D4 MODE_SWITCH_START state=MODE_SWITCHING attempts=1 streak=0 attempt=1
[2026-09-14T11:18:00.731Z] batch=field-waveform-1789384657421-3 D4 MODE_SWITCH_OK state=MODE_SWITCH_OK attempts=1 streak=0
[2026-09-14T11:18:01.475Z] batch=field-waveform-1789384657421-3 D6 MODE_SWITCH_START state=MODE_SWITCHING attempts=1 streak=0 attempt=1
[2026-09-14T11:18:01.479Z] batch=field-waveform-1789384657421-3 D6 MODE_SWITCH_OK state=MODE_SWITCH_OK attempts=1 streak=0
[2026-09-14T11:18:01.488Z] batch=field-waveform-1789384657421-3 D5 MODE_SWITCH_START state=MODE_SWITCHING attempts=1 streak=0 attempt=1
[2026-09-14T11:18:01.494Z] batch=field-waveform-1789384657421-3 D5 MODE_SWITCH_OK state=MODE_SWITCH_OK attempts=1 streak=0
[2026-09-14T11:18:05.752Z] batch=field-waveform-1789384657421-3 D1 FIRST_FRAME state=FIRST_FRAME_RECEIVED attempts=1 streak=1
[2026-09-14T11:18:05.752Z] batch=field-waveform-1789384657421-3 D1 FIRST_VALID_SAMPLE state=FIRST_FRAME_RECEIVED attempts=1 streak=1
[2026-09-14T11:18:05.778Z] batch=field-waveform-1789384657421-3 D3 FIRST_FRAME state=FIRST_FRAME_RECEIVED attempts=1 streak=1
[2026-09-14T11:18:05.779Z] batch=field-waveform-1789384657421-3 D3 FIRST_VALID_SAMPLE state=FIRST_FRAME_RECEIVED attempts=1 streak=1
[2026-09-14T11:18:05.801Z] batch=field-waveform-1789384657421-3 D2 FIRST_FRAME state=FIRST_FRAME_RECEIVED attempts=1 streak=1
[2026-09-14T11:18:05.801Z] batch=field-waveform-1789384657421-3 D2 FIRST_VALID_SAMPLE state=FIRST_FRAME_RECEIVED attempts=1 streak=1
[2026-09-14T11:18:05.814Z] batch=field-waveform-1789384657421-3 D4 FIRST_FRAME state=FIRST_FRAME_RECEIVED attempts=1 streak=1
[2026-09-14T11:18:05.815Z] batch=field-waveform-1789384657421-3 D4 FIRST_VALID_SAMPLE state=FIRST_FRAME_RECEIVED attempts=1 streak=1
[2026-09-14T11:18:06.003Z] batch=field-waveform-1789384657421-3 D1 CHANNEL_SYNC_OK state=TEST_READY attempts=1 streak=5
[2026-09-14T11:18:06.003Z] batch=field-waveform-1789384657421-3 D1 TEST_READY state=TEST_READY attempts=1 streak=5
[2026-09-14T11:18:06.025Z] batch=field-waveform-1789384657421-3 D3 CHANNEL_SYNC_OK state=TEST_READY attempts=1 streak=5
[2026-09-14T11:18:06.025Z] batch=field-waveform-1789384657421-3 D3 TEST_READY state=TEST_READY attempts=1 streak=5
[2026-09-14T11:18:06.055Z] batch=field-waveform-1789384657421-3 D2 CHANNEL_SYNC_OK state=TEST_READY attempts=1 streak=5
[2026-09-14T11:18:06.056Z] batch=field-waveform-1789384657421-3 D2 TEST_READY state=TEST_READY attempts=1 streak=5
[2026-09-14T11:18:06.079Z] batch=field-waveform-1789384657421-3 D4 CHANNEL_SYNC_OK state=TEST_READY attempts=1 streak=5
[2026-09-14T11:18:06.079Z] batch=field-waveform-1789384657421-3 D4 TEST_READY state=TEST_READY attempts=1 streak=5
[2026-09-14T11:18:06.533Z] batch=field-waveform-1789384657421-3 D6 FIRST_FRAME state=FIRST_FRAME_RECEIVED attempts=1 streak=1
[2026-09-14T11:18:06.533Z] batch=field-waveform-1789384657421-3 D6 FIRST_VALID_SAMPLE state=FIRST_FRAME_RECEIVED attempts=1 streak=1
[2026-09-14T11:18:06.538Z] batch=field-waveform-1789384657421-3 D5 FIRST_FRAME state=FIRST_FRAME_RECEIVED attempts=1 streak=1
[2026-09-14T11:18:06.538Z] batch=field-waveform-1789384657421-3 D5 FIRST_VALID_SAMPLE state=FIRST_FRAME_RECEIVED attempts=1 streak=1
[2026-09-14T11:18:06.791Z] batch=field-waveform-1789384657421-3 D6 CHANNEL_SYNC_OK state=TEST_READY attempts=1 streak=5
[2026-09-14T11:18:06.792Z] batch=field-waveform-1789384657421-3 D6 TEST_READY state=TEST_READY attempts=1 streak=5
[2026-09-14T11:18:06.793Z] batch=field-waveform-1789384657421-3 D5 CHANNEL_SYNC_OK state=TEST_READY attempts=1 streak=5
[2026-09-14T11:18:06.795Z] batch=field-waveform-1789384657421-3 D5 TEST_READY state=TEST_READY attempts=1 streak=5
[2026-09-14T11:18:17.634Z] batch=field-waveform-1789384657421-3 D1 MODE_SWITCH_START state=MODE_SWITCHING attempts=1 streak=0 attempt=1
[2026-09-14T11:18:17.637Z] batch=field-waveform-1789384657421-3 D1 MODE_SWITCH_OK state=MODE_SWITCH_OK attempts=1 streak=0
[2026-09-14T11:18:17.637Z] batch=field-waveform-1789384657421-3 D2 MODE_SWITCH_START state=MODE_SWITCHING attempts=1 streak=0 attempt=1
[2026-09-14T11:18:17.638Z] batch=field-waveform-1789384657421-3 D2 MODE_SWITCH_OK state=MODE_SWITCH_OK attempts=1 streak=0
[2026-09-14T11:18:17.639Z] batch=field-waveform-1789384657421-3 D4 MODE_SWITCH_START state=MODE_SWITCHING attempts=1 streak=0 attempt=1
[2026-09-14T11:18:17.640Z] batch=field-waveform-1789384657421-3 D4 MODE_SWITCH_OK state=MODE_SWITCH_OK attempts=1 streak=0
[2026-09-14T11:18:17.649Z] batch=field-waveform-1789384657421-3 D3 MODE_SWITCH_START state=MODE_SWITCHING attempts=1 streak=0 attempt=1
[2026-09-14T11:18:17.651Z] batch=field-waveform-1789384657421-3 D3 MODE_SWITCH_OK state=MODE_SWITCH_OK attempts=1 streak=0
[2026-09-14T11:18:17.796Z] batch=field-waveform-1789384657421-3 D5 MODE_SWITCH_START state=MODE_SWITCHING attempts=1 streak=0 attempt=1
[2026-09-14T11:18:17.799Z] batch=field-waveform-1789384657421-3 D5 MODE_SWITCH_OK state=MODE_SWITCH_OK attempts=1 streak=0
[2026-09-14T11:18:22.677Z] batch=field-waveform-1789384657421-3 D2 FIRST_FRAME state=FIRST_FRAME_RECEIVED attempts=1 streak=1
[2026-09-14T11:18:22.679Z] batch=field-waveform-1789384657421-3 D2 FIRST_VALID_SAMPLE state=FIRST_FRAME_RECEIVED attempts=1 streak=1
[2026-09-14T11:18:22.688Z] batch=field-waveform-1789384657421-3 D4 FIRST_FRAME state=FIRST_FRAME_RECEIVED attempts=1 streak=1
[2026-09-14T11:18:22.689Z] batch=field-waveform-1789384657421-3 D4 FIRST_VALID_SAMPLE state=FIRST_FRAME_RECEIVED attempts=1 streak=1
[2026-09-14T11:18:22.696Z] batch=field-waveform-1789384657421-3 D1 FIRST_FRAME state=FIRST_FRAME_RECEIVED attempts=1 streak=1
[2026-09-14T11:18:22.697Z] batch=field-waveform-1789384657421-3 D1 FIRST_VALID_SAMPLE state=FIRST_FRAME_RECEIVED attempts=1 streak=1
[2026-09-14T11:18:22.734Z] batch=field-waveform-1789384657421-3 D3 FIRST_FRAME state=FIRST_FRAME_RECEIVED attempts=1 streak=1
[2026-09-14T11:18:22.734Z] batch=field-waveform-1789384657421-3 D3 FIRST_VALID_SAMPLE state=FIRST_FRAME_RECEIVED attempts=1 streak=1
[2026-09-14T11:18:22.858Z] batch=field-waveform-1789384657421-3 D5 FIRST_FRAME state=FIRST_FRAME_RECEIVED attempts=1 streak=1
[2026-09-14T11:18:22.858Z] batch=field-waveform-1789384657421-3 D5 FIRST_VALID_SAMPLE state=FIRST_FRAME_RECEIVED attempts=1 streak=1
[2026-09-14T11:18:22.933Z] batch=field-waveform-1789384657421-3 D2 CHANNEL_SYNC_OK state=TEST_READY attempts=1 streak=5
[2026-09-14T11:18:22.933Z] batch=field-waveform-1789384657421-3 D2 TEST_READY state=TEST_READY attempts=1 streak=5
[2026-09-14T11:18:22.940Z] batch=field-waveform-1789384657421-3 D4 CHANNEL_SYNC_OK state=TEST_READY attempts=1 streak=5
[2026-09-14T11:18:22.941Z] batch=field-waveform-1789384657421-3 D4 TEST_READY state=TEST_READY attempts=1 streak=5
[2026-09-14T11:18:22.945Z] batch=field-waveform-1789384657421-3 D1 CHANNEL_SYNC_OK state=TEST_READY attempts=1 streak=5
[2026-09-14T11:18:22.945Z] batch=field-waveform-1789384657421-3 D1 TEST_READY state=TEST_READY attempts=1 streak=5
[2026-09-14T11:18:22.966Z] batch=field-waveform-1789384657421-3 D3 CHANNEL_SYNC_OK state=TEST_READY attempts=1 streak=5
[2026-09-14T11:18:22.966Z] batch=field-waveform-1789384657421-3 D3 TEST_READY state=TEST_READY attempts=1 streak=5
[2026-09-14T11:18:23.126Z] batch=field-waveform-1789384657421-3 D5 CHANNEL_SYNC_OK state=TEST_READY attempts=1 streak=5
[2026-09-14T11:18:23.127Z] batch=field-waveform-1789384657421-3 D5 TEST_READY state=TEST_READY attempts=1 streak=5
[2026-09-14T11:19:15.877Z] batch=field-waveform-1789384657421-3 D3 MODE_SWITCH_START state=MODE_SWITCHING attempts=1 streak=0 attempt=1
[2026-09-14T11:19:15.879Z] batch=field-waveform-1789384657421-3 D3 MODE_SWITCH_OK state=MODE_SWITCH_OK attempts=1 streak=0
[2026-09-14T11:19:16.070Z] batch=field-waveform-1789384657421-3 D5 MODE_SWITCH_START state=MODE_SWITCHING attempts=1 streak=0 attempt=1
[2026-09-14T11:19:16.072Z] batch=field-waveform-1789384657421-3 D5 MODE_SWITCH_OK state=MODE_SWITCH_OK attempts=1 streak=0
[2026-09-14T11:19:16.074Z] batch=field-waveform-1789384657421-3 D2 MODE_SWITCH_START state=MODE_SWITCHING attempts=1 streak=0 attempt=1
[2026-09-14T11:19:16.075Z] batch=field-waveform-1789384657421-3 D2 MODE_SWITCH_OK state=MODE_SWITCH_OK attempts=1 streak=0
[2026-09-14T11:19:16.079Z] batch=field-waveform-1789384657421-3 D4 MODE_SWITCH_START state=MODE_SWITCHING attempts=1 streak=0 attempt=1
[2026-09-14T11:19:16.081Z] batch=field-waveform-1789384657421-3 D4 MODE_SWITCH_OK state=MODE_SWITCH_OK attempts=1 streak=0
[2026-09-14T11:19:16.083Z] batch=field-waveform-1789384657421-3 D6 MODE_SWITCH_START state=MODE_SWITCHING attempts=1 streak=0 attempt=1
[2026-09-14T11:19:16.085Z] batch=field-waveform-1789384657421-3 D6 MODE_SWITCH_OK state=MODE_SWITCH_OK attempts=1 streak=0
[2026-09-14T11:19:16.089Z] batch=field-waveform-1789384657421-3 D1 MODE_SWITCH_START state=MODE_SWITCHING attempts=1 streak=0 attempt=1
[2026-09-14T11:19:16.090Z] batch=field-waveform-1789384657421-3 D1 MODE_SWITCH_OK state=MODE_SWITCH_OK attempts=1 streak=0
[2026-09-14T11:19:25.964Z] batch=field-waveform-1789384657421-3 D3 MODE_SWITCH_START state=MODE_SWITCHING attempts=1 streak=0 attempt=1
[2026-09-14T11:19:25.966Z] batch=field-waveform-1789384657421-3 D3 MODE_SWITCH_OK state=MODE_SWITCH_OK attempts=1 streak=0
[2026-09-14T11:19:26.088Z] batch=field-waveform-1789384657421-3 D5 MODE_SWITCH_START state=MODE_SWITCHING attempts=1 streak=0 attempt=1
[2026-09-14T11:19:26.090Z] batch=field-waveform-1789384657421-3 D5 MODE_SWITCH_OK state=MODE_SWITCH_OK attempts=1 streak=0
[2026-09-14T11:19:26.095Z] batch=field-waveform-1789384657421-3 D2 MODE_SWITCH_START state=MODE_SWITCHING attempts=1 streak=0 attempt=1
[2026-09-14T11:19:26.097Z] batch=field-waveform-1789384657421-3 D2 MODE_SWITCH_OK state=MODE_SWITCH_OK attempts=1 streak=0
[2026-09-14T11:19:26.284Z] batch=field-waveform-1789384657421-3 D4 MODE_SWITCH_START state=MODE_SWITCHING attempts=1 streak=0 attempt=1
[2026-09-14T11:19:26.286Z] batch=field-waveform-1789384657421-3 D4 MODE_SWITCH_OK state=MODE_SWITCH_OK attempts=1 streak=0
[2026-09-14T11:19:26.289Z] batch=field-waveform-1789384657421-3 D6 MODE_SWITCH_START state=MODE_SWITCHING attempts=1 streak=0 attempt=1
[2026-09-14T11:19:26.290Z] batch=field-waveform-1789384657421-3 D6 MODE_SWITCH_OK state=MODE_SWITCH_OK attempts=1 streak=0
[2026-09-14T11:19:26.293Z] batch=field-waveform-1789384657421-3 D1 MODE_SWITCH_START state=MODE_SWITCHING attempts=1 streak=0 attempt=1
[2026-09-14T11:19:26.294Z] batch=field-waveform-1789384657421-3 D1 MODE_SWITCH_OK state=MODE_SWITCH_OK attempts=1 streak=0
[2026-09-14T11:19:31.057Z] batch=field-waveform-1789384657421-3 D3 FIRST_FRAME state=FIRST_FRAME_RECEIVED attempts=1 streak=1
[2026-09-14T11:19:31.057Z] batch=field-waveform-1789384657421-3 D3 FIRST_VALID_SAMPLE state=FIRST_FRAME_RECEIVED attempts=1 streak=1
[2026-09-14T11:19:31.282Z] batch=field-waveform-1789384657421-3 D5 FIRST_FRAME state=FIRST_FRAME_RECEIVED attempts=1 streak=1
[2026-09-14T11:19:31.283Z] batch=field-waveform-1789384657421-3 D5 FIRST_VALID_SAMPLE state=FIRST_FRAME_RECEIVED attempts=1 streak=1
[2026-09-14T11:19:31.285Z] batch=field-waveform-1789384657421-3 D2 FIRST_FRAME state=FIRST_FRAME_RECEIVED attempts=1 streak=1
[2026-09-14T11:19:31.286Z] batch=field-waveform-1789384657421-3 D2 FIRST_VALID_SAMPLE state=FIRST_FRAME_RECEIVED attempts=1 streak=1
[2026-09-14T11:19:31.290Z] batch=field-waveform-1789384657421-3 D3 CHANNEL_SYNC_OK state=TEST_READY attempts=1 streak=5
[2026-09-14T11:19:31.291Z] batch=field-waveform-1789384657421-3 D3 TEST_READY state=TEST_READY attempts=1 streak=5
[2026-09-14T11:19:31.492Z] batch=field-waveform-1789384657421-3 D4 FIRST_FRAME state=FIRST_FRAME_RECEIVED attempts=1 streak=1
[2026-09-14T11:19:31.492Z] batch=field-waveform-1789384657421-3 D4 FIRST_VALID_SAMPLE state=FIRST_FRAME_RECEIVED attempts=1 streak=1
[2026-09-14T11:19:31.496Z] batch=field-waveform-1789384657421-3 D6 FIRST_FRAME state=FIRST_FRAME_RECEIVED attempts=1 streak=1
[2026-09-14T11:19:31.496Z] batch=field-waveform-1789384657421-3 D6 FIRST_VALID_SAMPLE state=FIRST_FRAME_RECEIVED attempts=1 streak=1
[2026-09-14T11:19:31.498Z] batch=field-waveform-1789384657421-3 D1 FIRST_FRAME state=FIRST_FRAME_RECEIVED attempts=1 streak=1
[2026-09-14T11:19:31.498Z] batch=field-waveform-1789384657421-3 D1 FIRST_VALID_SAMPLE state=FIRST_FRAME_RECEIVED attempts=1 streak=1
[2026-09-14T11:19:31.500Z] batch=field-waveform-1789384657421-3 D5 CHANNEL_SYNC_OK state=TEST_READY attempts=1 streak=5
[2026-09-14T11:19:31.500Z] batch=field-waveform-1789384657421-3 D5 TEST_READY state=TEST_READY attempts=1 streak=5
[2026-09-14T11:19:31.502Z] batch=field-waveform-1789384657421-3 D2 CHANNEL_SYNC_OK state=TEST_READY attempts=1 streak=5
[2026-09-14T11:19:31.502Z] batch=field-waveform-1789384657421-3 D2 TEST_READY state=TEST_READY attempts=1 streak=5
[2026-09-14T11:19:31.629Z] batch=field-waveform-1789384657421-3 D4 CHANNEL_SYNC_OK state=TEST_READY attempts=1 streak=5
[2026-09-14T11:19:31.629Z] batch=field-waveform-1789384657421-3 D4 TEST_READY state=TEST_READY attempts=1 streak=5
[2026-09-14T11:19:31.645Z] batch=field-waveform-1789384657421-3 D6 CHANNEL_SYNC_OK state=TEST_READY attempts=1 streak=5
[2026-09-14T11:19:31.645Z] batch=field-waveform-1789384657421-3 D6 TEST_READY state=TEST_READY attempts=1 streak=5
[2026-09-14T11:19:31.646Z] batch=field-waveform-1789384657421-3 D1 CHANNEL_SYNC_OK state=TEST_READY attempts=1 streak=5
[2026-09-14T11:19:31.647Z] batch=field-waveform-1789384657421-3 D1 TEST_READY state=TEST_READY attempts=1 streak=5
[2026-09-14T11:20:15.733Z] batch=field-waveform-1789384657421-3 D3 MODE_SWITCH_START state=MODE_SWITCHING attempts=1 streak=0 attempt=1
[2026-09-14T11:20:15.735Z] batch=field-waveform-1789384657421-3 D3 MODE_SWITCH_OK state=MODE_SWITCH_OK attempts=1 streak=0
[2026-09-14T11:20:16.235Z] batch=field-waveform-1789384657421-3 D2 MODE_SWITCH_START state=MODE_SWITCHING attempts=1 streak=0 attempt=1
[2026-09-14T11:20:16.238Z] batch=field-waveform-1789384657421-3 D2 MODE_SWITCH_OK state=MODE_SWITCH_OK attempts=1 streak=0
[2026-09-14T11:20:16.243Z] batch=field-waveform-1789384657421-3 D5 MODE_SWITCH_START state=MODE_SWITCHING attempts=1 streak=0 attempt=1
[2026-09-14T11:20:16.245Z] batch=field-waveform-1789384657421-3 D5 MODE_SWITCH_OK state=MODE_SWITCH_OK attempts=1 streak=0
[2026-09-14T11:20:16.648Z] batch=field-waveform-1789384657421-3 D1 MODE_SWITCH_START state=MODE_SWITCHING attempts=1 streak=0 attempt=1
[2026-09-14T11:20:16.650Z] batch=field-waveform-1789384657421-3 D1 MODE_SWITCH_OK state=MODE_SWITCH_OK attempts=1 streak=0
[2026-09-14T11:20:16.657Z] batch=field-waveform-1789384657421-3 D6 MODE_SWITCH_START state=MODE_SWITCHING attempts=1 streak=0 attempt=1
[2026-09-14T11:20:16.658Z] batch=field-waveform-1789384657421-3 D6 MODE_SWITCH_OK state=MODE_SWITCH_OK attempts=1 streak=0
[2026-09-14T11:20:16.664Z] batch=field-waveform-1789384657421-3 D4 MODE_SWITCH_START state=MODE_SWITCHING attempts=1 streak=0 attempt=1
[2026-09-14T11:20:16.666Z] batch=field-waveform-1789384657421-3 D4 MODE_SWITCH_OK state=MODE_SWITCH_OK attempts=1 streak=0
[2026-09-14T11:20:25.874Z] batch=field-waveform-1789384657421-3 D3 MODE_SWITCH_START state=MODE_SWITCHING attempts=1 streak=0 attempt=1
[2026-09-14T11:20:25.878Z] batch=field-waveform-1789384657421-3 D3 MODE_SWITCH_OK state=MODE_SWITCH_OK attempts=1 streak=0
[2026-09-14T11:20:26.512Z] batch=field-waveform-1789384657421-3 D2 MODE_SWITCH_START state=MODE_SWITCHING attempts=1 streak=0 attempt=1
[2026-09-14T11:20:26.514Z] batch=field-waveform-1789384657421-3 D2 MODE_SWITCH_OK state=MODE_SWITCH_OK attempts=1 streak=0
[2026-09-14T11:20:26.520Z] batch=field-waveform-1789384657421-3 D5 MODE_SWITCH_START state=MODE_SWITCHING attempts=1 streak=0 attempt=1
[2026-09-14T11:20:26.521Z] batch=field-waveform-1789384657421-3 D5 MODE_SWITCH_OK state=MODE_SWITCH_OK attempts=1 streak=0
[2026-09-14T11:20:26.821Z] batch=field-waveform-1789384657421-3 D1 MODE_SWITCH_START state=MODE_SWITCHING attempts=1 streak=0 attempt=1
[2026-09-14T11:20:26.823Z] batch=field-waveform-1789384657421-3 D1 MODE_SWITCH_OK state=MODE_SWITCH_OK attempts=1 streak=0
[2026-09-14T11:20:26.827Z] batch=field-waveform-1789384657421-3 D6 MODE_SWITCH_START state=MODE_SWITCHING attempts=1 streak=0 attempt=1
[2026-09-14T11:20:26.830Z] batch=field-waveform-1789384657421-3 D6 MODE_SWITCH_OK state=MODE_SWITCH_OK attempts=1 streak=0
[2026-09-14T11:20:26.835Z] batch=field-waveform-1789384657421-3 D4 MODE_SWITCH_START state=MODE_SWITCHING attempts=1 streak=0 attempt=1
[2026-09-14T11:20:26.836Z] batch=field-waveform-1789384657421-3 D4 MODE_SWITCH_OK state=MODE_SWITCH_OK attempts=1 streak=0
[2026-09-14T11:20:32.744Z] batch=field-waveform-1789384832742-4 D1 MODE_SWITCH_START state=MODE_SWITCHING attempts=1 streak=0 attempt=1
[2026-09-14T11:20:32.747Z] batch=field-waveform-1789384832742-4 D2 MODE_SWITCH_START state=MODE_SWITCHING attempts=1 streak=0 attempt=1
[2026-09-14T11:20:32.749Z] batch=field-waveform-1789384832742-4 D3 MODE_SWITCH_START state=MODE_SWITCHING attempts=1 streak=0 attempt=1
[2026-09-14T11:20:32.752Z] batch=field-waveform-1789384832742-4 D4 MODE_SWITCH_START state=MODE_SWITCHING attempts=1 streak=0 attempt=1
[2026-09-14T11:20:32.753Z] batch=field-waveform-1789384832742-4 D5 MODE_SWITCH_START state=MODE_SWITCHING attempts=1 streak=0 attempt=1
[2026-09-14T11:20:32.754Z] batch=field-waveform-1789384832742-4 D6 MODE_SWITCH_START state=MODE_SWITCHING attempts=1 streak=0 attempt=1
[2026-09-14T11:20:32.757Z] batch=field-waveform-1789384832742-4 D1 MODE_SWITCH_OK state=MODE_SWITCH_OK attempts=1 streak=0
[2026-09-14T11:20:32.758Z] batch=field-waveform-1789384832742-4 D2 MODE_SWITCH_OK state=MODE_SWITCH_OK attempts=1 streak=0
[2026-09-14T11:20:32.759Z] batch=field-waveform-1789384832742-4 D3 MODE_SWITCH_OK state=MODE_SWITCH_OK attempts=1 streak=0
[2026-09-14T11:20:32.760Z] batch=field-waveform-1789384832742-4 D4 MODE_SWITCH_OK state=MODE_SWITCH_OK attempts=1 streak=0
[2026-09-14T11:20:32.761Z] batch=field-waveform-1789384832742-4 D5 MODE_SWITCH_OK state=MODE_SWITCH_OK attempts=1 streak=0
[2026-09-14T11:20:32.762Z] batch=field-waveform-1789384832742-4 D6 MODE_SWITCH_OK state=MODE_SWITCH_OK attempts=1 streak=0
