[2026-09-11T07:17:12.145Z] batch=field-waveform-1789110864124-16 D4 MODE_SWITCH_START state=MODE_SWITCHING attempts=1 streak=0 attempt=1
[2026-09-11T07:17:12.155Z] batch=field-waveform-1789110864124-16 D4 MODE_SWITCH_OK state=MODE_SWITCH_OK attempts=1 streak=0
[2026-09-11T07:17:12.172Z] batch=field-waveform-1789110864124-16 D5 MODE_SWITCH_START state=MODE_SWITCHING attempts=1 streak=0 attempt=1
[2026-09-11T07:17:12.178Z] batch=field-waveform-1789110864124-16 D5 MODE_SWITCH_OK state=MODE_SWITCH_OK attempts=1 streak=0
[2026-09-11T07:17:12.185Z] batch=field-waveform-1789110864124-16 D3 MODE_SWITCH_START state=MODE_SWITCHING attempts=1 streak=0 attempt=1
[2026-09-11T07:17:12.195Z] batch=field-waveform-1789110864124-16 D3 MODE_SWITCH_OK state=MODE_SWITCH_OK attempts=1 streak=0
[2026-09-11T07:17:12.202Z] batch=field-waveform-1789110864124-16 D6 MODE_SWITCH_START state=MODE_SWITCHING attempts=1 streak=0 attempt=1
[2026-09-11T07:17:12.204Z] batch=field-waveform-1789110864124-16 D6 MODE_SWITCH_OK state=MODE_SWITCH_OK attempts=1 streak=0
[2026-09-11T07:17:12.212Z] batch=field-waveform-1789110864124-16 D1 MODE_SWITCH_START state=MODE_SWITCHING attempts=1 streak=0 attempt=1
[2026-09-11T07:17:12.216Z] batch=field-waveform-1789110864124-16 D1 MODE_SWITCH_OK state=MODE_SWITCH_OK attempts=1 streak=0
[2026-09-11T07:17:12.224Z] batch=field-waveform-1789110864124-16 D2 MODE_SWITCH_START state=MODE_SWITCHING attempts=1 streak=0 attempt=1
[2026-09-11T07:17:12.228Z] batch=field-waveform-1789110864124-16 D2 MODE_SWITCH_OK state=MODE_SWITCH_OK attempts=1 streak=0
[2026-09-11T07:17:22.466Z] batch=field-waveform-1789110864124-16 D4 MODE_SWITCH_START state=MODE_SWITCHING attempts=1 streak=0 attempt=1
[2026-09-11T07:17:22.468Z] batch=field-waveform-1789110864124-16 D4 MODE_SWITCH_OK state=MODE_SWITCH_OK attempts=1 streak=0
[2026-09-11T07:17:22.482Z] batch=field-waveform-1789110864124-16 D5 MODE_SWITCH_START state=MODE_SWITCHING attempts=1 streak=0 attempt=1
[2026-09-11T07:17:22.487Z] batch=field-waveform-1789110864124-16 D5 MODE_SWITCH_OK state=MODE_SWITCH_OK attempts=1 streak=0
[2026-09-11T07:17:22.503Z] batch=field-waveform-1789110864124-16 D3 MODE_SWITCH_START state=MODE_SWITCHING attempts=1 streak=0 attempt=1
[2026-09-11T07:17:22.516Z] batch=field-waveform-1789110864124-16 D3 MODE_SWITCH_OK state=MODE_SWITCH_OK attempts=1 streak=0
[2026-09-11T07:17:22.533Z] batch=field-waveform-1789110864124-16 D6 MODE_SWITCH_START state=MODE_SWITCHING attempts=1 streak=0 attempt=1
[2026-09-11T07:17:22.538Z] batch=field-waveform-1789110864124-16 D6 MODE_SWITCH_OK state=MODE_SWITCH_OK attempts=1 streak=0
[2026-09-11T07:17:22.545Z] batch=field-waveform-1789110864124-16 D1 MODE_SWITCH_START state=MODE_SWITCHING attempts=1 streak=0 attempt=1
[2026-09-11T07:17:22.555Z] batch=field-waveform-1789110864124-16 D1 MODE_SWITCH_OK state=MODE_SWITCH_OK attempts=1 streak=0
[2026-09-11T07:17:22.563Z] batch=field-waveform-1789110864124-16 D2 MODE_SWITCH_START state=MODE_SWITCHING attempts=1 streak=0 attempt=1
[2026-09-11T07:17:22.568Z] batch=field-waveform-1789110864124-16 D2 MODE_SWITCH_OK state=MODE_SWITCH_OK attempts=1 streak=0
[2026-09-11T07:17:32.698Z] batch=field-waveform-1789110864124-16 D4 MODE_SWITCH_START state=MODE_SWITCHING attempts=1 streak=0 attempt=1
[2026-09-11T07:17:32.709Z] batch=field-waveform-1789110864124-16 D4 MODE_SWITCH_OK state=MODE_SWITCH_OK attempts=1 streak=0
[2026-09-11T07:17:32.724Z] batch=field-waveform-1789110864124-16 D5 MODE_SWITCH_START state=MODE_SWITCHING attempts=1 streak=0 attempt=1
[2026-09-11T07:17:32.738Z] batch=field-waveform-1789110864124-16 D5 MODE_SWITCH_OK state=MODE_SWITCH_OK attempts=1 streak=0
[2026-09-11T07:17:32.753Z] batch=field-waveform-1789110864124-16 D3 MODE_SWITCH_START state=MODE_SWITCHING attempts=1 streak=0 attempt=1
[2026-09-11T07:17:32.760Z] batch=field-waveform-1789110864124-16 D3 MODE_SWITCH_OK state=MODE_SWITCH_OK attempts=1 streak=0
[2026-09-11T07:17:32.767Z] batch=field-waveform-1789110864124-16 D6 MODE_SWITCH_START state=MODE_SWITCHING attempts=1 streak=0 attempt=1
[2026-09-11T07:17:32.779Z] batch=field-waveform-1789110864124-16 D6 MODE_SWITCH_OK state=MODE_SWITCH_OK attempts=1 streak=0
[2026-09-11T07:17:32.790Z] batch=field-waveform-1789110864124-16 D1 MODE_SWITCH_START state=MODE_SWITCHING attempts=1 streak=0 attempt=1
[2026-09-11T07:17:32.795Z] batch=field-waveform-1789110864124-16 D1 MODE_SWITCH_OK state=MODE_SWITCH_OK attempts=1 streak=0
[2026-09-11T07:17:32.802Z] batch=field-waveform-1789110864124-16 D2 MODE_SWITCH_START state=MODE_SWITCHING attempts=1 streak=0 attempt=1
[2026-09-11T07:17:32.803Z] batch=field-waveform-1789110864124-16 D2 MODE_SWITCH_OK state=MODE_SWITCH_OK attempts=1 streak=0
[2026-09-11T07:17:42.959Z] batch=field-waveform-1789110864124-16 D4 MODE_SWITCH_START state=MODE_SWITCHING attempts=1 streak=0 attempt=1
[2026-09-11T07:17:42.970Z] batch=field-waveform-1789110864124-16 D4 MODE_SWITCH_OK state=MODE_SWITCH_OK attempts=1 streak=0
[2026-09-11T07:17:42.977Z] batch=field-waveform-1789110864124-16 D5 MODE_SWITCH_START state=MODE_SWITCHING attempts=1 streak=0 attempt=1
[2026-09-11T07:17:42.980Z] batch=field-waveform-1789110864124-16 D5 MODE_SWITCH_OK state=MODE_SWITCH_OK attempts=1 streak=0
[2026-09-11T07:17:42.988Z] batch=field-waveform-1789110864124-16 D3 MODE_SWITCH_START state=MODE_SWITCHING attempts=1 streak=0 attempt=1
[2026-09-11T07:17:42.990Z] batch=field-waveform-1789110864124-16 D3 MODE_SWITCH_OK state=MODE_SWITCH_OK attempts=1 streak=0
[2026-09-11T07:17:42.998Z] batch=field-waveform-1789110864124-16 D6 MODE_SWITCH_START state=MODE_SWITCHING attempts=1 streak=0 attempt=1
[2026-09-11T07:17:43.018Z] batch=field-waveform-1789110864124-16 D6 MODE_SWITCH_OK state=MODE_SWITCH_OK attempts=1 streak=0
[2026-09-11T07:17:43.034Z] batch=field-waveform-1789110864124-16 D1 MODE_SWITCH_START state=MODE_SWITCHING attempts=1 streak=0 attempt=1
[2026-09-11T07:17:43.040Z] batch=field-waveform-1789110864124-16 D1 MODE_SWITCH_OK state=MODE_SWITCH_OK attempts=1 streak=0
[2026-09-11T07:17:43.048Z] batch=field-waveform-1789110864124-16 D2 MODE_SWITCH_START state=MODE_SWITCHING attempts=1 streak=0 attempt=1
[2026-09-11T07:17:43.051Z] batch=field-waveform-1789110864124-16 D2 MODE_SWITCH_OK state=MODE_SWITCH_OK attempts=1 streak=0
[2026-09-11T07:17:44.545Z] batch=field-waveform-1789111064544-17 D1 MODE_SWITCH_START state=MODE_SWITCHING attempts=1 streak=0 attempt=1
[2026-09-11T07:17:44.556Z] batch=field-waveform-1789111064544-17 D2 MODE_SWITCH_START state=MODE_SWITCHING attempts=1 streak=0 attempt=1
[2026-09-11T07:17:44.557Z] batch=field-waveform-1789111064544-17 D3 MODE_SWITCH_START state=MODE_SWITCHING attempts=1 streak=0 attempt=1
[2026-09-11T07:17:44.558Z] batch=field-waveform-1789111064544-17 D4 MODE_SWITCH_START state=MODE_SWITCHING attempts=1 streak=0 attempt=1
[2026-09-11T07:17:44.559Z] batch=field-waveform-1789111064544-17 D5 MODE_SWITCH_START state=MODE_SWITCHING attempts=1 streak=0 attempt=1
[2026-09-11T07:17:44.570Z] batch=field-waveform-1789111064544-17 D6 MODE_SWITCH_START state=MODE_SWITCHING attempts=1 streak=0 attempt=1
[2026-09-11T07:17:44.578Z] batch=field-waveform-1789111064544-17 D1 MODE_SWITCH_OK state=MODE_SWITCH_OK attempts=1 streak=0
[2026-09-11T07:17:44.579Z] batch=field-waveform-1789111064544-17 D2 MODE_SWITCH_OK state=MODE_SWITCH_OK attempts=1 streak=0
[2026-09-11T07:17:44.580Z] batch=field-waveform-1789111064544-17 D3 MODE_SWITCH_OK state=MODE_SWITCH_OK attempts=1 streak=0
[2026-09-11T07:17:44.584Z] batch=field-waveform-1789111064544-17 D4 MODE_SWITCH_OK state=MODE_SWITCH_OK attempts=1 streak=0
[2026-09-11T07:17:44.585Z] batch=field-waveform-1789111064544-17 D5 MODE_SWITCH_OK state=MODE_SWITCH_OK attempts=1 streak=0
[2026-09-11T07:17:44.585Z] batch=field-waveform-1789111064544-17 D6 MODE_SWITCH_OK state=MODE_SWITCH_OK attempts=1 streak=0
[2026-09-11T07:17:52.984Z] batch=field-waveform-1789111064544-17 D4 MODE_SWITCH_START state=MODE_SWITCHING attempts=1 streak=0 attempt=1
[2026-09-11T07:17:52.995Z] batch=field-waveform-1789111064544-17 D4 MODE_SWITCH_OK state=MODE_SWITCH_OK attempts=1 streak=0
[2026-09-11T07:17:52.996Z] batch=field-waveform-1789111064544-17 D5 MODE_SWITCH_START state=MODE_SWITCHING attempts=1 streak=0 attempt=1
[2026-09-11T07:17:52.997Z] batch=field-waveform-1789111064544-17 D5 MODE_SWITCH_OK state=MODE_SWITCH_OK attempts=1 streak=0
[2026-09-11T07:17:52.998Z] batch=field-waveform-1789111064544-17 D3 MODE_SWITCH_START state=MODE_SWITCHING attempts=1 streak=0 attempt=1
[2026-09-11T07:17:52.999Z] batch=field-waveform-1789111064544-17 D3 MODE_SWITCH_OK state=MODE_SWITCH_OK attempts=1 streak=0
[2026-09-11T07:17:53.029Z] batch=field-waveform-1789111064544-17 D6 MODE_SWITCH_START state=MODE_SWITCHING attempts=1 streak=0 attempt=1
[2026-09-11T07:17:53.031Z] batch=field-waveform-1789111064544-17 D6 MODE_SWITCH_OK state=MODE_SWITCH_OK attempts=1 streak=0
[2026-09-11T07:17:53.045Z] batch=field-waveform-1789111064544-17 D1 MODE_SWITCH_START state=MODE_SWITCHING attempts=1 streak=0 attempt=1
[2026-09-11T07:17:53.047Z] batch=field-waveform-1789111064544-17 D1 MODE_SWITCH_OK state=MODE_SWITCH_OK attempts=1 streak=0
[2026-09-11T07:17:53.061Z] batch=field-waveform-1789111064544-17 D2 MODE_SWITCH_START state=MODE_SWITCHING attempts=1 streak=0 attempt=1
[2026-09-11T07:17:53.062Z] batch=field-waveform-1789111064544-17 D2 MODE_SWITCH_OK state=MODE_SWITCH_OK attempts=1 streak=0
[2026-09-11T07:18:02.996Z] batch=field-waveform-1789111064544-17 D4 MODE_SWITCH_START state=MODE_SWITCHING attempts=1 streak=0 attempt=1
[2026-09-11T07:18:02.997Z] batch=field-waveform-1789111064544-17 D4 MODE_SWITCH_OK state=MODE_SWITCH_OK attempts=1 streak=0
[2026-09-11T07:18:02.998Z] batch=field-waveform-1789111064544-17 D5 MODE_SWITCH_START state=MODE_SWITCHING attempts=1 streak=0 attempt=1
[2026-09-11T07:18:02.999Z] batch=field-waveform-1789111064544-17 D5 MODE_SWITCH_OK state=MODE_SWITCH_OK attempts=1 streak=0
[2026-09-11T07:18:03.000Z] batch=field-waveform-1789111064544-17 D3 MODE_SWITCH_START state=MODE_SWITCHING attempts=1 streak=0 attempt=1
[2026-09-11T07:18:03.001Z] batch=field-waveform-1789111064544-17 D3 MODE_SWITCH_OK state=MODE_SWITCH_OK attempts=1 streak=0
[2026-09-11T07:18:03.042Z] batch=field-waveform-1789111064544-17 D6 MODE_SWITCH_START state=MODE_SWITCHING attempts=1 streak=0 attempt=1
[2026-09-11T07:18:03.065Z] batch=field-waveform-1789111064544-17 D6 MODE_SWITCH_OK state=MODE_SWITCH_OK attempts=1 streak=0
[2026-09-11T07:18:03.066Z] batch=field-waveform-1789111064544-17 D1 MODE_SWITCH_START state=MODE_SWITCHING attempts=1 streak=0 attempt=1
[2026-09-11T07:18:03.068Z] batch=field-waveform-1789111064544-17 D1 MODE_SWITCH_OK state=MODE_SWITCH_OK attempts=1 streak=0
[2026-09-11T07:18:03.069Z] batch=field-waveform-1789111064544-17 D2 MODE_SWITCH_START state=MODE_SWITCHING attempts=1 streak=0 attempt=1
[2026-09-11T07:18:03.071Z] batch=field-waveform-1789111064544-17 D2 MODE_SWITCH_OK state=MODE_SWITCH_OK attempts=1 streak=0
[2026-09-11T07:18:13.007Z] batch=field-waveform-1789111064544-17 D4 MODE_SWITCH_START state=MODE_SWITCHING attempts=1 streak=0 attempt=1
[2026-09-11T07:18:13.011Z] batch=field-waveform-1789111064544-17 D4 MODE_SWITCH_OK state=MODE_SWITCH_OK attempts=1 streak=0
[2026-09-11T07:18:13.013Z] batch=field-waveform-1789111064544-17 D5 MODE_SWITCH_START state=MODE_SWITCHING attempts=1 streak=0 attempt=1
[2026-09-11T07:18:13.016Z] batch=field-waveform-1789111064544-17 D5 MODE_SWITCH_OK state=MODE_SWITCH_OK attempts=1 streak=0
[2026-09-11T07:18:13.017Z] batch=field-waveform-1789111064544-17 D3 MODE_SWITCH_START state=MODE_SWITCHING attempts=1 streak=0 attempt=1
[2026-09-11T07:18:13.032Z] batch=field-waveform-1789111064544-17 D3 MODE_SWITCH_OK state=MODE_SWITCH_OK attempts=1 streak=0
[2026-09-11T07:18:13.068Z] batch=field-waveform-1789111064544-17 D6 MODE_SWITCH_START state=MODE_SWITCHING attempts=1 streak=0 attempt=1
[2026-09-11T07:18:13.079Z] batch=field-waveform-1789111064544-17 D6 MODE_SWITCH_OK state=MODE_SWITCH_OK attempts=1 streak=0
[2026-09-11T07:18:13.084Z] batch=field-waveform-1789111064544-17 D1 MODE_SWITCH_START state=MODE_SWITCHING attempts=1 streak=0 attempt=1
[2026-09-11T07:18:13.087Z] batch=field-waveform-1789111064544-17 D1 MODE_SWITCH_OK state=MODE_SWITCH_OK attempts=1 streak=0
[2026-09-11T07:18:13.088Z] batch=field-waveform-1789111064544-17 D2 MODE_SWITCH_START state=MODE_SWITCHING attempts=1 streak=0 attempt=1
[2026-09-11T07:18:13.091Z] batch=field-waveform-1789111064544-17 D2 MODE_SWITCH_OK state=MODE_SWITCH_OK attempts=1 streak=0
[2026-09-11T07:18:18.066Z] batch=field-waveform-1789111064544-17 D4 FIRST_FRAME state=FIRST_FRAME_RECEIVED attempts=1 streak=1
[2026-09-11T07:18:18.067Z] batch=field-waveform-1789111064544-17 D4 FIRST_VALID_SAMPLE state=FIRST_FRAME_RECEIVED attempts=1 streak=1
[2026-09-11T07:18:18.085Z] batch=field-waveform-1789111064544-17 D3 FIRST_FRAME state=FIRST_FRAME_RECEIVED attempts=1 streak=1
[2026-09-11T07:18:18.085Z] batch=field-waveform-1789111064544-17 D3 FIRST_VALID_SAMPLE state=FIRST_FRAME_RECEIVED attempts=1 streak=1
[2026-09-11T07:18:18.107Z] batch=field-waveform-1789111064544-17 D5 FIRST_FRAME state=FIRST_FRAME_RECEIVED attempts=1 streak=1
[2026-09-11T07:18:18.107Z] batch=field-waveform-1789111064544-17 D5 FIRST_VALID_SAMPLE state=FIRST_FRAME_RECEIVED attempts=1 streak=1
[2026-09-11T07:18:18.125Z] batch=field-waveform-1789111064544-17 D6 FIRST_FRAME state=FIRST_FRAME_RECEIVED attempts=1 streak=1
[2026-09-11T07:18:18.125Z] batch=field-waveform-1789111064544-17 D6 FIRST_VALID_SAMPLE state=FIRST_FRAME_RECEIVED attempts=1 streak=1
[2026-09-11T07:18:18.127Z] batch=field-waveform-1789111064544-17 D2 FIRST_FRAME state=FIRST_FRAME_RECEIVED attempts=1 streak=1
[2026-09-11T07:18:18.128Z] batch=field-waveform-1789111064544-17 D2 FIRST_VALID_SAMPLE state=FIRST_FRAME_RECEIVED attempts=1 streak=1
[2026-09-11T07:18:18.129Z] batch=field-waveform-1789111064544-17 D1 FIRST_FRAME state=FIRST_FRAME_RECEIVED attempts=1 streak=1
[2026-09-11T07:18:18.129Z] batch=field-waveform-1789111064544-17 D1 FIRST_VALID_SAMPLE state=FIRST_FRAME_RECEIVED attempts=1 streak=1
[2026-09-11T07:18:18.315Z] batch=field-waveform-1789111064544-17 D3 CHANNEL_SYNC_OK state=TEST_READY attempts=1 streak=5
[2026-09-11T07:18:18.315Z] batch=field-waveform-1789111064544-17 D3 TEST_READY state=TEST_READY attempts=1 streak=5
[2026-09-11T07:18:18.316Z] batch=field-waveform-1789111064544-17 D4 CHANNEL_SYNC_OK state=TEST_READY attempts=1 streak=5
[2026-09-11T07:18:18.317Z] batch=field-waveform-1789111064544-17 D4 TEST_READY state=TEST_READY attempts=1 streak=5
[2026-09-11T07:18:18.358Z] batch=field-waveform-1789111064544-17 D5 CHANNEL_SYNC_OK state=TEST_READY attempts=1 streak=5
[2026-09-11T07:18:18.358Z] batch=field-waveform-1789111064544-17 D5 TEST_READY state=TEST_READY attempts=1 streak=5
[2026-09-11T07:18:18.379Z] batch=field-waveform-1789111064544-17 D1 CHANNEL_SYNC_OK state=TEST_READY attempts=1 streak=5
[2026-09-11T07:18:18.379Z] batch=field-waveform-1789111064544-17 D1 TEST_READY state=TEST_READY attempts=1 streak=5
[2026-09-11T07:18:18.384Z] batch=field-waveform-1789111064544-17 D2 CHANNEL_SYNC_OK state=TEST_READY attempts=1 streak=5
[2026-09-11T07:18:18.384Z] batch=field-waveform-1789111064544-17 D2 TEST_READY state=TEST_READY attempts=1 streak=5
[2026-09-11T07:18:18.395Z] batch=field-waveform-1789111064544-17 D6 CHANNEL_SYNC_OK state=TEST_READY attempts=1 streak=5
[2026-09-11T07:18:18.395Z] batch=field-waveform-1789111064544-17 D6 TEST_READY state=TEST_READY attempts=1 streak=5
[2026-09-11T07:19:25.646Z] batch=field-waveform-1789111064544-17 D3 MODE_SWITCH_START state=MODE_SWITCHING attempts=1 streak=0 attempt=1
[2026-09-11T07:19:25.658Z] batch=field-waveform-1789111064544-17 D3 MODE_SWITCH_OK state=MODE_SWITCH_OK attempts=1 streak=0
[2026-09-11T07:19:25.664Z] batch=field-waveform-1789111064544-17 D1 MODE_SWITCH_START state=MODE_SWITCHING attempts=1 streak=0 attempt=1
[2026-09-11T07:19:25.666Z] batch=field-waveform-1789111064544-17 D1 MODE_SWITCH_OK state=MODE_SWITCH_OK attempts=1 streak=0
[2026-09-11T07:19:25.896Z] batch=field-waveform-1789111064544-17 D2 MODE_SWITCH_START state=MODE_SWITCHING attempts=1 streak=0 attempt=1
[2026-09-11T07:19:25.908Z] batch=field-waveform-1789111064544-17 D2 MODE_SWITCH_OK state=MODE_SWITCH_OK attempts=1 streak=0
[2026-09-11T07:19:25.920Z] batch=field-waveform-1789111064544-17 D4 MODE_SWITCH_START state=MODE_SWITCHING attempts=1 streak=0 attempt=1
[2026-09-11T07:19:25.925Z] batch=field-waveform-1789111064544-17 D4 MODE_SWITCH_OK state=MODE_SWITCH_OK attempts=1 streak=0
[2026-09-11T07:19:25.930Z] batch=field-waveform-1789111064544-17 D6 MODE_SWITCH_START state=MODE_SWITCHING attempts=1 streak=0 attempt=1
[2026-09-11T07:19:25.931Z] batch=field-waveform-1789111064544-17 D6 MODE_SWITCH_OK state=MODE_SWITCH_OK attempts=1 streak=0
[2026-09-11T07:19:25.937Z] batch=field-waveform-1789111064544-17 D5 MODE_SWITCH_START state=MODE_SWITCHING attempts=1 streak=0 attempt=1
[2026-09-11T07:19:25.944Z] batch=field-waveform-1789111064544-17 D5 MODE_SWITCH_OK state=MODE_SWITCH_OK attempts=1 streak=0
[2026-09-11T07:19:35.834Z] batch=field-waveform-1789111064544-17 D3 MODE_SWITCH_START state=MODE_SWITCHING attempts=1 streak=0 attempt=1
[2026-09-11T07:19:35.837Z] batch=field-waveform-1789111064544-17 D3 MODE_SWITCH_OK state=MODE_SWITCH_OK attempts=1 streak=0
[2026-09-11T07:19:35.842Z] batch=field-waveform-1789111064544-17 D1 MODE_SWITCH_START state=MODE_SWITCHING attempts=1 streak=0 attempt=1
[2026-09-11T07:19:35.846Z] batch=field-waveform-1789111064544-17 D1 MODE_SWITCH_OK state=MODE_SWITCH_OK attempts=1 streak=0
[2026-09-11T07:19:36.053Z] batch=field-waveform-1789111064544-17 D2 MODE_SWITCH_START state=MODE_SWITCHING attempts=1 streak=0 attempt=1
[2026-09-11T07:19:36.064Z] batch=field-waveform-1789111064544-17 D2 MODE_SWITCH_OK state=MODE_SWITCH_OK attempts=1 streak=0
[2026-09-11T07:19:36.077Z] batch=field-waveform-1789111064544-17 D4 MODE_SWITCH_START state=MODE_SWITCHING attempts=1 streak=0 attempt=1
[2026-09-11T07:19:36.081Z] batch=field-waveform-1789111064544-17 D4 MODE_SWITCH_OK state=MODE_SWITCH_OK attempts=1 streak=0
[2026-09-11T07:19:36.087Z] batch=field-waveform-1789111064544-17 D6 MODE_SWITCH_START state=MODE_SWITCHING attempts=1 streak=0 attempt=1
[2026-09-11T07:19:36.091Z] batch=field-waveform-1789111064544-17 D6 MODE_SWITCH_OK state=MODE_SWITCH_OK attempts=1 streak=0
[2026-09-11T07:19:36.098Z] batch=field-waveform-1789111064544-17 D5 MODE_SWITCH_START state=MODE_SWITCHING attempts=1 streak=0 attempt=1
[2026-09-11T07:19:36.103Z] batch=field-waveform-1789111064544-17 D5 MODE_SWITCH_OK state=MODE_SWITCH_OK attempts=1 streak=0
[2026-09-11T07:19:40.942Z] batch=field-waveform-1789111064544-17 D3 FIRST_FRAME state=FIRST_FRAME_RECEIVED attempts=1 streak=1
[2026-09-11T07:19:40.942Z] batch=field-waveform-1789111064544-17 D3 FIRST_VALID_SAMPLE state=FIRST_FRAME_RECEIVED attempts=1 streak=1
[2026-09-11T07:19:40.960Z] batch=field-waveform-1789111064544-17 D1 FIRST_FRAME state=FIRST_FRAME_RECEIVED attempts=1 streak=1
[2026-09-11T07:19:40.960Z] batch=field-waveform-1789111064544-17 D1 FIRST_VALID_SAMPLE state=FIRST_FRAME_RECEIVED attempts=1 streak=1
[2026-09-11T07:19:41.193Z] batch=field-waveform-1789111064544-17 D3 CHANNEL_SYNC_OK state=TEST_READY attempts=1 streak=5
[2026-09-11T07:19:41.193Z] batch=field-waveform-1789111064544-17 D3 TEST_READY state=TEST_READY attempts=1 streak=5
[2026-09-11T07:19:41.197Z] batch=field-waveform-1789111064544-17 D1 CHANNEL_SYNC_OK state=TEST_READY attempts=1 streak=5
[2026-09-11T07:19:41.198Z] batch=field-waveform-1789111064544-17 D1 TEST_READY state=TEST_READY attempts=1 streak=5
[2026-09-11T07:19:41.202Z] batch=field-waveform-1789111064544-17 D2 FIRST_FRAME state=FIRST_FRAME_RECEIVED attempts=1 streak=1
[2026-09-11T07:19:41.202Z] batch=field-waveform-1789111064544-17 D2 FIRST_VALID_SAMPLE state=FIRST_FRAME_RECEIVED attempts=1 streak=1
[2026-09-11T07:19:41.204Z] batch=field-waveform-1789111064544-17 D6 FIRST_FRAME state=FIRST_FRAME_RECEIVED attempts=1 streak=1
[2026-09-11T07:19:41.205Z] batch=field-waveform-1789111064544-17 D6 FIRST_VALID_SAMPLE state=FIRST_FRAME_RECEIVED attempts=1 streak=1
[2026-09-11T07:19:41.206Z] batch=field-waveform-1789111064544-17 D4 FIRST_FRAME state=FIRST_FRAME_RECEIVED attempts=1 streak=1
[2026-09-11T07:19:41.206Z] batch=field-waveform-1789111064544-17 D4 FIRST_VALID_SAMPLE state=FIRST_FRAME_RECEIVED attempts=1 streak=1
[2026-09-11T07:19:41.314Z] batch=field-waveform-1789111064544-17 D5 FIRST_FRAME state=FIRST_FRAME_RECEIVED attempts=1 streak=1
[2026-09-11T07:19:41.314Z] batch=field-waveform-1789111064544-17 D5 FIRST_VALID_SAMPLE state=FIRST_FRAME_RECEIVED attempts=1 streak=1
[2026-09-11T07:19:41.477Z] batch=field-waveform-1789111064544-17 D4 CHANNEL_SYNC_OK state=TEST_READY attempts=1 streak=5
[2026-09-11T07:19:41.477Z] batch=field-waveform-1789111064544-17 D4 TEST_READY state=TEST_READY attempts=1 streak=5
[2026-09-11T07:19:41.600Z] batch=field-waveform-1789111064544-17 D2 CHANNEL_SYNC_OK state=TEST_READY attempts=1 streak=5
[2026-09-11T07:19:41.600Z] batch=field-waveform-1789111064544-17 D2 TEST_READY state=TEST_READY attempts=1 streak=5
[2026-09-11T07:19:41.609Z] batch=field-waveform-1789111064544-17 D6 CHANNEL_SYNC_OK state=TEST_READY attempts=1 streak=5
[2026-09-11T07:19:41.609Z] batch=field-waveform-1789111064544-17 D6 TEST_READY state=TEST_READY attempts=1 streak=5
[2026-09-11T07:19:41.622Z] batch=field-waveform-1789111064544-17 D5 CHANNEL_SYNC_OK state=TEST_READY attempts=1 streak=5
[2026-09-11T07:19:41.622Z] batch=field-waveform-1789111064544-17 D5 TEST_READY state=TEST_READY attempts=1 streak=5
[2026-09-11T07:20:16.234Z] batch=field-waveform-1789111064544-17 D4 MODE_SWITCH_START state=MODE_SWITCHING attempts=1 streak=0 attempt=1
[2026-09-11T07:20:16.245Z] batch=field-waveform-1789111064544-17 D4 MODE_SWITCH_OK state=MODE_SWITCH_OK attempts=1 streak=0
[2026-09-11T07:20:16.260Z] batch=field-waveform-1789111064544-17 D6 MODE_SWITCH_START state=MODE_SWITCHING attempts=1 streak=0 attempt=1
[2026-09-11T07:20:16.267Z] batch=field-waveform-1789111064544-17 D6 MODE_SWITCH_OK state=MODE_SWITCH_OK attempts=1 streak=0
