[2026-09-10T01:14:22.041Z] batch=field-waveform-1789002704375-13 D1 MODE_SWITCH_START state=MODE_SWITCHING attempts=1 streak=0 attempt=1
[2026-09-10T01:14:22.042Z] batch=field-waveform-1789002704375-13 D1 MODE_SWITCH_OK state=MODE_SWITCH_OK attempts=1 streak=0
[2026-09-10T01:14:22.321Z] batch=field-waveform-1789002704375-13 D3 MODE_SWITCH_START state=MODE_SWITCHING attempts=1 streak=0 attempt=1
[2026-09-10T01:14:22.331Z] batch=field-waveform-1789002704375-13 D3 MODE_SWITCH_OK state=MODE_SWITCH_OK attempts=1 streak=0
[2026-09-10T01:14:22.341Z] batch=field-waveform-1789002704375-13 D5 MODE_SWITCH_START state=MODE_SWITCHING attempts=1 streak=0 attempt=1
[2026-09-10T01:14:22.343Z] batch=field-waveform-1789002704375-13 D5 MODE_SWITCH_OK state=MODE_SWITCH_OK attempts=1 streak=0
[2026-09-10T01:14:22.352Z] batch=field-waveform-1789002704375-13 D2 MODE_SWITCH_START state=MODE_SWITCHING attempts=1 streak=0 attempt=1
[2026-09-10T01:14:22.362Z] batch=field-waveform-1789002704375-13 D2 MODE_SWITCH_OK state=MODE_SWITCH_OK attempts=1 streak=0
[2026-09-10T01:14:22.373Z] batch=field-waveform-1789002704375-13 D4 MODE_SWITCH_START state=MODE_SWITCHING attempts=1 streak=0 attempt=1
[2026-09-10T01:14:22.377Z] batch=field-waveform-1789002704375-13 D4 MODE_SWITCH_OK state=MODE_SWITCH_OK attempts=1 streak=0
[2026-09-10T01:14:22.387Z] batch=field-waveform-1789002704375-13 D6 MODE_SWITCH_START state=MODE_SWITCHING attempts=1 streak=0 attempt=1
[2026-09-10T01:14:22.396Z] batch=field-waveform-1789002704375-13 D6 MODE_SWITCH_OK state=MODE_SWITCH_OK attempts=1 streak=0
[2026-09-10T01:14:26.109Z] batch=field-waveform-1789002866109-14 D1 MODE_SWITCH_START state=MODE_SWITCHING attempts=1 streak=0 attempt=1
[2026-09-10T01:14:26.118Z] batch=field-waveform-1789002866109-14 D2 MODE_SWITCH_START state=MODE_SWITCHING attempts=1 streak=0 attempt=1
[2026-09-10T01:14:26.120Z] batch=field-waveform-1789002866109-14 D3 MODE_SWITCH_START state=MODE_SWITCHING attempts=1 streak=0 attempt=1
[2026-09-10T01:14:26.123Z] batch=field-waveform-1789002866109-14 D4 MODE_SWITCH_START state=MODE_SWITCHING attempts=1 streak=0 attempt=1
[2026-09-10T01:14:26.124Z] batch=field-waveform-1789002866109-14 D5 MODE_SWITCH_START state=MODE_SWITCHING attempts=1 streak=0 attempt=1
[2026-09-10T01:14:26.125Z] batch=field-waveform-1789002866109-14 D6 MODE_SWITCH_START state=MODE_SWITCHING attempts=1 streak=0 attempt=1
[2026-09-10T01:14:26.140Z] batch=field-waveform-1789002866109-14 D1 MODE_SWITCH_OK state=MODE_SWITCH_OK attempts=1 streak=0
[2026-09-10T01:14:26.147Z] batch=field-waveform-1789002866109-14 D2 MODE_SWITCH_OK state=MODE_SWITCH_OK attempts=1 streak=0
[2026-09-10T01:14:26.148Z] batch=field-waveform-1789002866109-14 D3 MODE_SWITCH_OK state=MODE_SWITCH_OK attempts=1 streak=0
[2026-09-10T01:14:26.148Z] batch=field-waveform-1789002866109-14 D4 MODE_SWITCH_OK state=MODE_SWITCH_OK attempts=1 streak=0
[2026-09-10T01:14:26.149Z] batch=field-waveform-1789002866109-14 D5 MODE_SWITCH_OK state=MODE_SWITCH_OK attempts=1 streak=0
[2026-09-10T01:14:26.159Z] batch=field-waveform-1789002866109-14 D6 MODE_SWITCH_OK state=MODE_SWITCH_OK attempts=1 streak=0
[2026-09-10T01:14:32.051Z] batch=field-waveform-1789002866109-14 D1 MODE_SWITCH_START state=MODE_SWITCHING attempts=1 streak=0 attempt=1
[2026-09-10T01:14:32.079Z] batch=field-waveform-1789002866109-14 D1 MODE_SWITCH_OK state=MODE_SWITCH_OK attempts=1 streak=0
[2026-09-10T01:14:32.343Z] batch=field-waveform-1789002866109-14 D3 MODE_SWITCH_START state=MODE_SWITCHING attempts=1 streak=0 attempt=1
[2026-09-10T01:14:32.351Z] batch=field-waveform-1789002866109-14 D3 MODE_SWITCH_OK state=MODE_SWITCH_OK attempts=1 streak=0
[2026-09-10T01:14:32.353Z] batch=field-waveform-1789002866109-14 D5 MODE_SWITCH_START state=MODE_SWITCHING attempts=1 streak=0 attempt=1
[2026-09-10T01:14:32.355Z] batch=field-waveform-1789002866109-14 D5 MODE_SWITCH_OK state=MODE_SWITCH_OK attempts=1 streak=0
[2026-09-10T01:14:32.362Z] batch=field-waveform-1789002866109-14 D2 MODE_SWITCH_START state=MODE_SWITCHING attempts=1 streak=0 attempt=1
[2026-09-10T01:14:32.366Z] batch=field-waveform-1789002866109-14 D2 MODE_SWITCH_OK state=MODE_SWITCH_OK attempts=1 streak=0
[2026-09-10T01:14:32.379Z] batch=field-waveform-1789002866109-14 D4 MODE_SWITCH_START state=MODE_SWITCHING attempts=1 streak=0 attempt=1
[2026-09-10T01:14:32.389Z] batch=field-waveform-1789002866109-14 D4 MODE_SWITCH_OK state=MODE_SWITCH_OK attempts=1 streak=0
[2026-09-10T01:14:32.402Z] batch=field-waveform-1789002866109-14 D6 MODE_SWITCH_START state=MODE_SWITCHING attempts=1 streak=0 attempt=1
[2026-09-10T01:14:32.404Z] batch=field-waveform-1789002866109-14 D6 MODE_SWITCH_OK state=MODE_SWITCH_OK attempts=1 streak=0
[2026-09-10T01:14:42.087Z] batch=field-waveform-1789002866109-14 D1 MODE_SWITCH_START state=MODE_SWITCHING attempts=1 streak=0 attempt=1
[2026-09-10T01:14:42.092Z] batch=field-waveform-1789002866109-14 D1 MODE_SWITCH_OK state=MODE_SWITCH_OK attempts=1 streak=0
[2026-09-10T01:14:42.355Z] batch=field-waveform-1789002866109-14 D3 MODE_SWITCH_START state=MODE_SWITCHING attempts=1 streak=0 attempt=1
[2026-09-10T01:14:42.362Z] batch=field-waveform-1789002866109-14 D3 MODE_SWITCH_OK state=MODE_SWITCH_OK attempts=1 streak=0
[2026-09-10T01:14:42.364Z] batch=field-waveform-1789002866109-14 D5 MODE_SWITCH_START state=MODE_SWITCHING attempts=1 streak=0 attempt=1
[2026-09-10T01:14:42.375Z] batch=field-waveform-1789002866109-14 D5 MODE_SWITCH_OK state=MODE_SWITCH_OK attempts=1 streak=0
[2026-09-10T01:14:42.385Z] batch=field-waveform-1789002866109-14 D2 MODE_SWITCH_START state=MODE_SWITCHING attempts=1 streak=0 attempt=1
[2026-09-10T01:14:42.394Z] batch=field-waveform-1789002866109-14 D2 MODE_SWITCH_OK state=MODE_SWITCH_OK attempts=1 streak=0
[2026-09-10T01:14:42.395Z] batch=field-waveform-1789002866109-14 D4 MODE_SWITCH_START state=MODE_SWITCHING attempts=1 streak=0 attempt=1
[2026-09-10T01:14:42.397Z] batch=field-waveform-1789002866109-14 D4 MODE_SWITCH_OK state=MODE_SWITCH_OK attempts=1 streak=0
[2026-09-10T01:14:42.405Z] batch=field-waveform-1789002866109-14 D6 MODE_SWITCH_START state=MODE_SWITCHING attempts=1 streak=0 attempt=1
[2026-09-10T01:14:42.408Z] batch=field-waveform-1789002866109-14 D6 MODE_SWITCH_OK state=MODE_SWITCH_OK attempts=1 streak=0
[2026-09-10T01:14:52.094Z] batch=field-waveform-1789002866109-14 D1 MODE_SWITCH_START state=MODE_SWITCHING attempts=1 streak=0 attempt=1
[2026-09-10T01:14:52.105Z] batch=field-waveform-1789002866109-14 D1 MODE_SWITCH_OK state=MODE_SWITCH_OK attempts=1 streak=0
[2026-09-10T01:14:52.368Z] batch=field-waveform-1789002866109-14 D3 MODE_SWITCH_START state=MODE_SWITCHING attempts=1 streak=0 attempt=1
[2026-09-10T01:14:52.391Z] batch=field-waveform-1789002866109-14 D3 MODE_SWITCH_OK state=MODE_SWITCH_OK attempts=1 streak=0
[2026-09-10T01:14:52.403Z] batch=field-waveform-1789002866109-14 D5 MODE_SWITCH_START state=MODE_SWITCHING attempts=1 streak=0 attempt=1
[2026-09-10T01:14:52.405Z] batch=field-waveform-1789002866109-14 D5 MODE_SWITCH_OK state=MODE_SWITCH_OK attempts=1 streak=0
[2026-09-10T01:14:52.410Z] batch=field-waveform-1789002866109-14 D2 MODE_SWITCH_START state=MODE_SWITCHING attempts=1 streak=0 attempt=1
[2026-09-10T01:14:52.413Z] batch=field-waveform-1789002866109-14 D2 MODE_SWITCH_OK state=MODE_SWITCH_OK attempts=1 streak=0
[2026-09-10T01:14:52.413Z] batch=field-waveform-1789002866109-14 D4 MODE_SWITCH_START state=MODE_SWITCHING attempts=1 streak=0 attempt=1
[2026-09-10T01:14:52.417Z] batch=field-waveform-1789002866109-14 D4 MODE_SWITCH_OK state=MODE_SWITCH_OK attempts=1 streak=0
[2026-09-10T01:14:52.418Z] batch=field-waveform-1789002866109-14 D6 MODE_SWITCH_START state=MODE_SWITCHING attempts=1 streak=0 attempt=1
[2026-09-10T01:14:52.419Z] batch=field-waveform-1789002866109-14 D6 MODE_SWITCH_OK state=MODE_SWITCH_OK attempts=1 streak=0
[2026-09-10T01:14:57.140Z] batch=field-waveform-1789002866109-14 D1 FIRST_FRAME state=FIRST_FRAME_RECEIVED attempts=1 streak=1
[2026-09-10T01:14:57.141Z] batch=field-waveform-1789002866109-14 D1 FIRST_VALID_SAMPLE state=FIRST_FRAME_RECEIVED attempts=1 streak=1
[2026-09-10T01:14:57.388Z] batch=field-waveform-1789002866109-14 D1 CHANNEL_SYNC_OK state=TEST_READY attempts=1 streak=5
[2026-09-10T01:14:57.388Z] batch=field-waveform-1789002866109-14 D1 TEST_READY state=TEST_READY attempts=1 streak=5
[2026-09-10T01:14:57.429Z] batch=field-waveform-1789002866109-14 D3 FIRST_FRAME state=FIRST_FRAME_RECEIVED attempts=1 streak=1
[2026-09-10T01:14:57.430Z] batch=field-waveform-1789002866109-14 D3 FIRST_VALID_SAMPLE state=FIRST_FRAME_RECEIVED attempts=1 streak=1
[2026-09-10T01:14:57.449Z] batch=field-waveform-1789002866109-14 D5 FIRST_FRAME state=FIRST_FRAME_RECEIVED attempts=1 streak=1
[2026-09-10T01:14:57.449Z] batch=field-waveform-1789002866109-14 D5 FIRST_VALID_SAMPLE state=FIRST_FRAME_RECEIVED attempts=1 streak=1
[2026-09-10T01:14:57.462Z] batch=field-waveform-1789002866109-14 D2 FIRST_FRAME state=FIRST_FRAME_RECEIVED attempts=1 streak=1
[2026-09-10T01:14:57.462Z] batch=field-waveform-1789002866109-14 D2 FIRST_VALID_SAMPLE state=FIRST_FRAME_RECEIVED attempts=1 streak=1
[2026-09-10T01:14:57.516Z] batch=field-waveform-1789002866109-14 D6 FIRST_FRAME state=FIRST_FRAME_RECEIVED attempts=1 streak=1
[2026-09-10T01:14:57.516Z] batch=field-waveform-1789002866109-14 D6 FIRST_VALID_SAMPLE state=FIRST_FRAME_RECEIVED attempts=1 streak=1
[2026-09-10T01:14:57.683Z] batch=field-waveform-1789002866109-14 D3 CHANNEL_SYNC_OK state=TEST_READY attempts=1 streak=5
[2026-09-10T01:14:57.683Z] batch=field-waveform-1789002866109-14 D3 TEST_READY state=TEST_READY attempts=1 streak=5
[2026-09-10T01:14:57.695Z] batch=field-waveform-1789002866109-14 D5 CHANNEL_SYNC_OK state=TEST_READY attempts=1 streak=5
[2026-09-10T01:14:57.696Z] batch=field-waveform-1789002866109-14 D5 TEST_READY state=TEST_READY attempts=1 streak=5
[2026-09-10T01:14:57.706Z] batch=field-waveform-1789002866109-14 D2 CHANNEL_SYNC_OK state=TEST_READY attempts=1 streak=5
[2026-09-10T01:14:57.706Z] batch=field-waveform-1789002866109-14 D2 TEST_READY state=TEST_READY attempts=1 streak=5
[2026-09-10T01:14:57.769Z] batch=field-waveform-1789002866109-14 D6 CHANNEL_SYNC_OK state=TEST_READY attempts=1 streak=5
[2026-09-10T01:14:57.770Z] batch=field-waveform-1789002866109-14 D6 TEST_READY state=TEST_READY attempts=1 streak=5
[2026-09-10T01:15:02.418Z] batch=field-waveform-1789002866109-14 D4 MODE_SWITCH_START state=MODE_SWITCHING attempts=1 streak=0 attempt=1
[2026-09-10T01:15:02.420Z] batch=field-waveform-1789002866109-14 D4 MODE_SWITCH_OK state=MODE_SWITCH_OK attempts=1 streak=0
[2026-09-10T01:15:12.423Z] batch=field-waveform-1789002866109-14 D4 MODE_SWITCH_START state=MODE_SWITCHING attempts=1 streak=0 attempt=1
[2026-09-10T01:15:12.426Z] batch=field-waveform-1789002866109-14 D4 MODE_SWITCH_OK state=MODE_SWITCH_OK attempts=1 streak=0
[2026-09-10T01:15:17.507Z] batch=field-waveform-1789002866109-14 D4 FIRST_FRAME state=FIRST_FRAME_RECEIVED attempts=1 streak=1
[2026-09-10T01:15:17.508Z] batch=field-waveform-1789002866109-14 D4 FIRST_VALID_SAMPLE state=FIRST_FRAME_RECEIVED attempts=1 streak=1
[2026-09-10T01:15:17.763Z] batch=field-waveform-1789002866109-14 D4 CHANNEL_SYNC_OK state=TEST_READY attempts=1 streak=5
[2026-09-10T01:15:17.763Z] batch=field-waveform-1789002866109-14 D4 TEST_READY state=TEST_READY attempts=1 streak=5
[2026-09-10T01:16:04.331Z] batch=field-waveform-1789002866109-14 D1 MODE_SWITCH_START state=MODE_SWITCHING attempts=1 streak=0 attempt=1
[2026-09-10T01:16:04.341Z] batch=field-waveform-1789002866109-14 D1 MODE_SWITCH_OK state=MODE_SWITCH_OK attempts=1 streak=0
[2026-09-10T01:16:04.462Z] batch=field-waveform-1789002866109-14 D4 MODE_SWITCH_START state=MODE_SWITCHING attempts=1 streak=0 attempt=1
[2026-09-10T01:16:04.471Z] batch=field-waveform-1789002866109-14 D4 MODE_SWITCH_OK state=MODE_SWITCH_OK attempts=1 streak=0
[2026-09-10T01:16:04.480Z] batch=field-waveform-1789002866109-14 D3 MODE_SWITCH_START state=MODE_SWITCHING attempts=1 streak=0 attempt=1
[2026-09-10T01:16:04.484Z] batch=field-waveform-1789002866109-14 D3 MODE_SWITCH_OK state=MODE_SWITCH_OK attempts=1 streak=0
[2026-09-10T01:16:04.491Z] batch=field-waveform-1789002866109-14 D6 MODE_SWITCH_START state=MODE_SWITCHING attempts=1 streak=0 attempt=1
[2026-09-10T01:16:04.502Z] batch=field-waveform-1789002866109-14 D6 MODE_SWITCH_OK state=MODE_SWITCH_OK attempts=1 streak=0
[2026-09-10T01:16:04.510Z] batch=field-waveform-1789002866109-14 D2 MODE_SWITCH_START state=MODE_SWITCHING attempts=1 streak=0 attempt=1
[2026-09-10T01:16:04.522Z] batch=field-waveform-1789002866109-14 D2 MODE_SWITCH_OK state=MODE_SWITCH_OK attempts=1 streak=0
[2026-09-10T01:16:04.539Z] batch=field-waveform-1789002866109-14 D5 MODE_SWITCH_START state=MODE_SWITCHING attempts=1 streak=0 attempt=1
[2026-09-10T01:16:04.540Z] batch=field-waveform-1789002866109-14 D5 MODE_SWITCH_OK state=MODE_SWITCH_OK attempts=1 streak=0
[2026-09-10T01:16:14.392Z] batch=field-waveform-1789002866109-14 D1 MODE_SWITCH_START state=MODE_SWITCHING attempts=1 streak=0 attempt=1
[2026-09-10T01:16:14.395Z] batch=field-waveform-1789002866109-14 D1 MODE_SWITCH_OK state=MODE_SWITCH_OK attempts=1 streak=0
[2026-09-10T01:16:14.512Z] batch=field-waveform-1789002866109-14 D4 MODE_SWITCH_START state=MODE_SWITCHING attempts=1 streak=0 attempt=1
[2026-09-10T01:16:14.523Z] batch=field-waveform-1789002866109-14 D4 MODE_SWITCH_OK state=MODE_SWITCH_OK attempts=1 streak=0
[2026-09-10T01:16:14.535Z] batch=field-waveform-1789002866109-14 D3 MODE_SWITCH_START state=MODE_SWITCHING attempts=1 streak=0 attempt=1
[2026-09-10T01:16:14.539Z] batch=field-waveform-1789002866109-14 D3 MODE_SWITCH_OK state=MODE_SWITCH_OK attempts=1 streak=0
[2026-09-10T01:16:14.546Z] batch=field-waveform-1789002866109-14 D6 MODE_SWITCH_START state=MODE_SWITCHING attempts=1 streak=0 attempt=1
[2026-09-10T01:16:14.550Z] batch=field-waveform-1789002866109-14 D6 MODE_SWITCH_OK state=MODE_SWITCH_OK attempts=1 streak=0
[2026-09-10T01:16:14.559Z] batch=field-waveform-1789002866109-14 D2 MODE_SWITCH_START state=MODE_SWITCHING attempts=1 streak=0 attempt=1
[2026-09-10T01:16:14.560Z] batch=field-waveform-1789002866109-14 D2 MODE_SWITCH_OK state=MODE_SWITCH_OK attempts=1 streak=0
[2026-09-10T01:16:14.569Z] batch=field-waveform-1789002866109-14 D5 MODE_SWITCH_START state=MODE_SWITCHING attempts=1 streak=0 attempt=1
[2026-09-10T01:16:14.573Z] batch=field-waveform-1789002866109-14 D5 MODE_SWITCH_OK state=MODE_SWITCH_OK attempts=1 streak=0
[2026-09-10T01:16:19.449Z] batch=field-waveform-1789002866109-14 D1 FIRST_FRAME state=FIRST_FRAME_RECEIVED attempts=1 streak=1
[2026-09-10T01:16:19.449Z] batch=field-waveform-1789002866109-14 D1 FIRST_VALID_SAMPLE state=FIRST_FRAME_RECEIVED attempts=1 streak=1
[2026-09-10T01:16:19.683Z] batch=field-waveform-1789002866109-14 D4 FIRST_FRAME state=FIRST_FRAME_RECEIVED attempts=1 streak=1
[2026-09-10T01:16:19.683Z] batch=field-waveform-1789002866109-14 D4 FIRST_VALID_SAMPLE state=FIRST_FRAME_RECEIVED attempts=1 streak=1
[2026-09-10T01:16:19.693Z] batch=field-waveform-1789002866109-14 D6 FIRST_FRAME state=FIRST_FRAME_RECEIVED attempts=1 streak=1
[2026-09-10T01:16:19.694Z] batch=field-waveform-1789002866109-14 D6 FIRST_VALID_SAMPLE state=FIRST_FRAME_RECEIVED attempts=1 streak=1
[2026-09-10T01:16:19.701Z] batch=field-waveform-1789002866109-14 D3 FIRST_FRAME state=FIRST_FRAME_RECEIVED attempts=1 streak=1
[2026-09-10T01:16:19.701Z] batch=field-waveform-1789002866109-14 D3 FIRST_VALID_SAMPLE state=FIRST_FRAME_RECEIVED attempts=1 streak=1
[2026-09-10T01:16:19.706Z] batch=field-waveform-1789002866109-14 D2 FIRST_FRAME state=FIRST_FRAME_RECEIVED attempts=1 streak=1
[2026-09-10T01:16:19.707Z] batch=field-waveform-1789002866109-14 D2 FIRST_VALID_SAMPLE state=FIRST_FRAME_RECEIVED attempts=1 streak=1
[2026-09-10T01:16:19.709Z] batch=field-waveform-1789002866109-14 D5 FIRST_FRAME state=FIRST_FRAME_RECEIVED attempts=1 streak=1
[2026-09-10T01:16:19.709Z] batch=field-waveform-1789002866109-14 D5 FIRST_VALID_SAMPLE state=FIRST_FRAME_RECEIVED attempts=1 streak=1
[2026-09-10T01:16:19.790Z] batch=field-waveform-1789002866109-14 D1 CHANNEL_SYNC_OK state=TEST_READY attempts=1 streak=5
[2026-09-10T01:16:19.791Z] batch=field-waveform-1789002866109-14 D1 TEST_READY state=TEST_READY attempts=1 streak=5
[2026-09-10T01:16:19.917Z] batch=field-waveform-1789002866109-14 D6 CHANNEL_SYNC_OK state=TEST_READY attempts=1 streak=5
[2026-09-10T01:16:19.917Z] batch=field-waveform-1789002866109-14 D6 TEST_READY state=TEST_READY attempts=1 streak=5
[2026-09-10T01:16:19.923Z] batch=field-waveform-1789002866109-14 D3 CHANNEL_SYNC_OK state=TEST_READY attempts=1 streak=5
[2026-09-10T01:16:19.923Z] batch=field-waveform-1789002866109-14 D3 TEST_READY state=TEST_READY attempts=1 streak=5
[2026-09-10T01:16:19.926Z] batch=field-waveform-1789002866109-14 D2 CHANNEL_SYNC_OK state=TEST_READY attempts=1 streak=5
[2026-09-10T01:16:19.926Z] batch=field-waveform-1789002866109-14 D2 TEST_READY state=TEST_READY attempts=1 streak=5
[2026-09-10T01:16:19.929Z] batch=field-waveform-1789002866109-14 D5 CHANNEL_SYNC_OK state=TEST_READY attempts=1 streak=5
[2026-09-10T01:16:19.929Z] batch=field-waveform-1789002866109-14 D5 TEST_READY state=TEST_READY attempts=1 streak=5
[2026-09-10T01:16:19.930Z] batch=field-waveform-1789002866109-14 D4 CHANNEL_SYNC_OK state=TEST_READY attempts=1 streak=5
[2026-09-10T01:16:19.930Z] batch=field-waveform-1789002866109-14 D4 TEST_READY state=TEST_READY attempts=1 streak=5
