[2026-09-20T01:37:55.685Z] batch=field-waveform-1789868107510-8 D2 MODE_SWITCH_START state=MODE_SWITCHING attempts=1 streak=0 attempt=1
[2026-09-20T01:37:55.686Z] batch=field-waveform-1789868107510-8 D2 MODE_SWITCH_OK state=MODE_SWITCH_OK attempts=1 streak=0
[2026-09-20T01:37:55.691Z] batch=field-waveform-1789868107510-8 D1 MODE_SWITCH_START state=MODE_SWITCHING attempts=1 streak=0 attempt=1
[2026-09-20T01:37:55.691Z] batch=field-waveform-1789868107510-8 D1 MODE_SWITCH_OK state=MODE_SWITCH_OK attempts=1 streak=0
[2026-09-20T01:37:55.696Z] batch=field-waveform-1789868107510-8 D3 MODE_SWITCH_START state=MODE_SWITCHING attempts=1 streak=0 attempt=1
[2026-09-20T01:37:55.697Z] batch=field-waveform-1789868107510-8 D3 MODE_SWITCH_OK state=MODE_SWITCH_OK attempts=1 streak=0
[2026-09-20T01:37:55.703Z] batch=field-waveform-1789868107510-8 D5 MODE_SWITCH_START state=MODE_SWITCHING attempts=1 streak=0 attempt=1
[2026-09-20T01:37:55.704Z] batch=field-waveform-1789868107510-8 D5 MODE_SWITCH_OK state=MODE_SWITCH_OK attempts=1 streak=0
[2026-09-20T01:37:56.008Z] batch=field-waveform-1789868107510-8 D4 MODE_SWITCH_START state=MODE_SWITCHING attempts=1 streak=0 attempt=1
[2026-09-20T01:37:56.010Z] batch=field-waveform-1789868107510-8 D4 MODE_SWITCH_OK state=MODE_SWITCH_OK attempts=1 streak=0
[2026-09-20T01:37:56.014Z] batch=field-waveform-1789868107510-8 D6 MODE_SWITCH_START state=MODE_SWITCHING attempts=1 streak=0 attempt=1
[2026-09-20T01:37:56.015Z] batch=field-waveform-1789868107510-8 D6 MODE_SWITCH_OK state=MODE_SWITCH_OK attempts=1 streak=0
[2026-09-20T01:38:05.771Z] batch=field-waveform-1789868107510-8 D2 MODE_SWITCH_START state=MODE_SWITCHING attempts=1 streak=0 attempt=1
[2026-09-20T01:38:05.772Z] batch=field-waveform-1789868107510-8 D2 MODE_SWITCH_OK state=MODE_SWITCH_OK attempts=1 streak=0
[2026-09-20T01:38:05.778Z] batch=field-waveform-1789868107510-8 D1 MODE_SWITCH_START state=MODE_SWITCHING attempts=1 streak=0 attempt=1
[2026-09-20T01:38:05.779Z] batch=field-waveform-1789868107510-8 D1 MODE_SWITCH_OK state=MODE_SWITCH_OK attempts=1 streak=0
[2026-09-20T01:38:05.784Z] batch=field-waveform-1789868107510-8 D3 MODE_SWITCH_START state=MODE_SWITCHING attempts=1 streak=0 attempt=1
[2026-09-20T01:38:05.785Z] batch=field-waveform-1789868107510-8 D3 MODE_SWITCH_OK state=MODE_SWITCH_OK attempts=1 streak=0
[2026-09-20T01:38:05.789Z] batch=field-waveform-1789868107510-8 D5 MODE_SWITCH_START state=MODE_SWITCHING attempts=1 streak=0 attempt=1
[2026-09-20T01:38:05.790Z] batch=field-waveform-1789868107510-8 D5 MODE_SWITCH_OK state=MODE_SWITCH_OK attempts=1 streak=0
[2026-09-20T01:38:06.115Z] batch=field-waveform-1789868107510-8 D4 MODE_SWITCH_START state=MODE_SWITCHING attempts=1 streak=0 attempt=1
[2026-09-20T01:38:06.117Z] batch=field-waveform-1789868107510-8 D4 MODE_SWITCH_OK state=MODE_SWITCH_OK attempts=1 streak=0
[2026-09-20T01:38:06.121Z] batch=field-waveform-1789868107510-8 D6 MODE_SWITCH_START state=MODE_SWITCHING attempts=1 streak=0 attempt=1
[2026-09-20T01:38:06.122Z] batch=field-waveform-1789868107510-8 D6 MODE_SWITCH_OK state=MODE_SWITCH_OK attempts=1 streak=0
[2026-09-20T01:38:15.891Z] batch=field-waveform-1789868107510-8 D2 MODE_SWITCH_START state=MODE_SWITCHING attempts=1 streak=0 attempt=1
[2026-09-20T01:38:15.892Z] batch=field-waveform-1789868107510-8 D2 MODE_SWITCH_OK state=MODE_SWITCH_OK attempts=1 streak=0
[2026-09-20T01:38:15.897Z] batch=field-waveform-1789868107510-8 D1 MODE_SWITCH_START state=MODE_SWITCHING attempts=1 streak=0 attempt=1
[2026-09-20T01:38:15.906Z] batch=field-waveform-1789868107510-8 D1 MODE_SWITCH_OK state=MODE_SWITCH_OK attempts=1 streak=0
[2026-09-20T01:38:15.912Z] batch=field-waveform-1789868107510-8 D3 MODE_SWITCH_START state=MODE_SWITCHING attempts=1 streak=0 attempt=1
[2026-09-20T01:38:15.913Z] batch=field-waveform-1789868107510-8 D3 MODE_SWITCH_OK state=MODE_SWITCH_OK attempts=1 streak=0
[2026-09-20T01:38:15.917Z] batch=field-waveform-1789868107510-8 D5 MODE_SWITCH_START state=MODE_SWITCHING attempts=1 streak=0 attempt=1
[2026-09-20T01:38:15.919Z] batch=field-waveform-1789868107510-8 D5 MODE_SWITCH_OK state=MODE_SWITCH_OK attempts=1 streak=0
[2026-09-20T01:38:16.215Z] batch=field-waveform-1789868107510-8 D4 MODE_SWITCH_START state=MODE_SWITCHING attempts=1 streak=0 attempt=1
[2026-09-20T01:38:16.216Z] batch=field-waveform-1789868107510-8 D4 MODE_SWITCH_OK state=MODE_SWITCH_OK attempts=1 streak=0
[2026-09-20T01:38:16.221Z] batch=field-waveform-1789868107510-8 D6 MODE_SWITCH_START state=MODE_SWITCHING attempts=1 streak=0 attempt=1
[2026-09-20T01:38:16.222Z] batch=field-waveform-1789868107510-8 D6 MODE_SWITCH_OK state=MODE_SWITCH_OK attempts=1 streak=0
[2026-09-20T01:38:20.924Z] batch=field-waveform-1789868300922-9 D1 MODE_SWITCH_START state=MODE_SWITCHING attempts=1 streak=0 attempt=1
[2026-09-20T01:38:20.925Z] batch=field-waveform-1789868300922-9 D2 MODE_SWITCH_START state=MODE_SWITCHING attempts=1 streak=0 attempt=1
[2026-09-20T01:38:20.926Z] batch=field-waveform-1789868300922-9 D3 MODE_SWITCH_START state=MODE_SWITCHING attempts=1 streak=0 attempt=1
[2026-09-20T01:38:20.927Z] batch=field-waveform-1789868300922-9 D4 MODE_SWITCH_START state=MODE_SWITCHING attempts=1 streak=0 attempt=1
[2026-09-20T01:38:20.928Z] batch=field-waveform-1789868300922-9 D5 MODE_SWITCH_START state=MODE_SWITCHING attempts=1 streak=0 attempt=1
[2026-09-20T01:38:20.929Z] batch=field-waveform-1789868300922-9 D6 MODE_SWITCH_START state=MODE_SWITCHING attempts=1 streak=0 attempt=1
[2026-09-20T01:38:20.932Z] batch=field-waveform-1789868300922-9 D1 MODE_SWITCH_OK state=MODE_SWITCH_OK attempts=1 streak=0
[2026-09-20T01:38:20.932Z] batch=field-waveform-1789868300922-9 D2 MODE_SWITCH_OK state=MODE_SWITCH_OK attempts=1 streak=0
[2026-09-20T01:38:20.933Z] batch=field-waveform-1789868300922-9 D3 MODE_SWITCH_OK state=MODE_SWITCH_OK attempts=1 streak=0
[2026-09-20T01:38:20.933Z] batch=field-waveform-1789868300922-9 D4 MODE_SWITCH_OK state=MODE_SWITCH_OK attempts=1 streak=0
[2026-09-20T01:38:20.933Z] batch=field-waveform-1789868300922-9 D5 MODE_SWITCH_OK state=MODE_SWITCH_OK attempts=1 streak=0
[2026-09-20T01:38:20.934Z] batch=field-waveform-1789868300922-9 D6 MODE_SWITCH_OK state=MODE_SWITCH_OK attempts=1 streak=0
[2026-09-20T01:38:25.906Z] batch=field-waveform-1789868300922-9 D2 MODE_SWITCH_START state=MODE_SWITCHING attempts=1 streak=0 attempt=1
[2026-09-20T01:38:25.910Z] batch=field-waveform-1789868300922-9 D2 MODE_SWITCH_OK state=MODE_SWITCH_OK attempts=1 streak=0
[2026-09-20T01:38:25.912Z] batch=field-waveform-1789868300922-9 D1 MODE_SWITCH_START state=MODE_SWITCHING attempts=1 streak=0 attempt=1
[2026-09-20T01:38:25.913Z] batch=field-waveform-1789868300922-9 D1 MODE_SWITCH_OK state=MODE_SWITCH_OK attempts=1 streak=0
[2026-09-20T01:38:25.914Z] batch=field-waveform-1789868300922-9 D3 MODE_SWITCH_START state=MODE_SWITCHING attempts=1 streak=0 attempt=1
[2026-09-20T01:38:25.915Z] batch=field-waveform-1789868300922-9 D3 MODE_SWITCH_OK state=MODE_SWITCH_OK attempts=1 streak=0
[2026-09-20T01:38:25.922Z] batch=field-waveform-1789868300922-9 D5 MODE_SWITCH_START state=MODE_SWITCHING attempts=1 streak=0 attempt=1
[2026-09-20T01:38:25.924Z] batch=field-waveform-1789868300922-9 D5 MODE_SWITCH_OK state=MODE_SWITCH_OK attempts=1 streak=0
[2026-09-20T01:38:26.229Z] batch=field-waveform-1789868300922-9 D4 MODE_SWITCH_START state=MODE_SWITCHING attempts=1 streak=0 attempt=1
[2026-09-20T01:38:26.231Z] batch=field-waveform-1789868300922-9 D4 MODE_SWITCH_OK state=MODE_SWITCH_OK attempts=1 streak=0
[2026-09-20T01:38:26.232Z] batch=field-waveform-1789868300922-9 D6 MODE_SWITCH_START state=MODE_SWITCHING attempts=1 streak=0 attempt=1
[2026-09-20T01:38:26.233Z] batch=field-waveform-1789868300922-9 D6 MODE_SWITCH_OK state=MODE_SWITCH_OK attempts=1 streak=0
[2026-09-20T01:38:35.919Z] batch=field-waveform-1789868300922-9 D2 MODE_SWITCH_START state=MODE_SWITCHING attempts=1 streak=0 attempt=1
[2026-09-20T01:38:35.921Z] batch=field-waveform-1789868300922-9 D2 MODE_SWITCH_OK state=MODE_SWITCH_OK attempts=1 streak=0
[2026-09-20T01:38:35.922Z] batch=field-waveform-1789868300922-9 D1 MODE_SWITCH_START state=MODE_SWITCHING attempts=1 streak=0 attempt=1
[2026-09-20T01:38:35.924Z] batch=field-waveform-1789868300922-9 D1 MODE_SWITCH_OK state=MODE_SWITCH_OK attempts=1 streak=0
[2026-09-20T01:38:35.925Z] batch=field-waveform-1789868300922-9 D3 MODE_SWITCH_START state=MODE_SWITCHING attempts=1 streak=0 attempt=1
[2026-09-20T01:38:35.925Z] batch=field-waveform-1789868300922-9 D3 MODE_SWITCH_OK state=MODE_SWITCH_OK attempts=1 streak=0
[2026-09-20T01:38:35.926Z] batch=field-waveform-1789868300922-9 D5 MODE_SWITCH_START state=MODE_SWITCHING attempts=1 streak=0 attempt=1
[2026-09-20T01:38:35.927Z] batch=field-waveform-1789868300922-9 D5 MODE_SWITCH_OK state=MODE_SWITCH_OK attempts=1 streak=0
[2026-09-20T01:38:36.237Z] batch=field-waveform-1789868300922-9 D4 MODE_SWITCH_START state=MODE_SWITCHING attempts=1 streak=0 attempt=1
[2026-09-20T01:38:36.238Z] batch=field-waveform-1789868300922-9 D4 MODE_SWITCH_OK state=MODE_SWITCH_OK attempts=1 streak=0
[2026-09-20T01:38:36.239Z] batch=field-waveform-1789868300922-9 D6 MODE_SWITCH_START state=MODE_SWITCHING attempts=1 streak=0 attempt=1
[2026-09-20T01:38:36.240Z] batch=field-waveform-1789868300922-9 D6 MODE_SWITCH_OK state=MODE_SWITCH_OK attempts=1 streak=0
[2026-09-20T01:38:45.932Z] batch=field-waveform-1789868300922-9 D2 MODE_SWITCH_START state=MODE_SWITCHING attempts=1 streak=0 attempt=1
[2026-09-20T01:38:45.933Z] batch=field-waveform-1789868300922-9 D2 MODE_SWITCH_OK state=MODE_SWITCH_OK attempts=1 streak=0
[2026-09-20T01:38:45.933Z] batch=field-waveform-1789868300922-9 D1 MODE_SWITCH_START state=MODE_SWITCHING attempts=1 streak=0 attempt=1
[2026-09-20T01:38:45.934Z] batch=field-waveform-1789868300922-9 D1 MODE_SWITCH_OK state=MODE_SWITCH_OK attempts=1 streak=0
[2026-09-20T01:38:45.935Z] batch=field-waveform-1789868300922-9 D3 MODE_SWITCH_START state=MODE_SWITCHING attempts=1 streak=0 attempt=1
[2026-09-20T01:38:45.935Z] batch=field-waveform-1789868300922-9 D3 MODE_SWITCH_OK state=MODE_SWITCH_OK attempts=1 streak=0
[2026-09-20T01:38:45.936Z] batch=field-waveform-1789868300922-9 D5 MODE_SWITCH_START state=MODE_SWITCHING attempts=1 streak=0 attempt=1
[2026-09-20T01:38:45.937Z] batch=field-waveform-1789868300922-9 D5 MODE_SWITCH_OK state=MODE_SWITCH_OK attempts=1 streak=0
[2026-09-20T01:38:46.238Z] batch=field-waveform-1789868300922-9 D4 MODE_SWITCH_START state=MODE_SWITCHING attempts=1 streak=0 attempt=1
[2026-09-20T01:38:46.243Z] batch=field-waveform-1789868300922-9 D4 MODE_SWITCH_OK state=MODE_SWITCH_OK attempts=1 streak=0
[2026-09-20T01:38:46.245Z] batch=field-waveform-1789868300922-9 D6 MODE_SWITCH_START state=MODE_SWITCHING attempts=1 streak=0 attempt=1
[2026-09-20T01:38:46.246Z] batch=field-waveform-1789868300922-9 D6 MODE_SWITCH_OK state=MODE_SWITCH_OK attempts=1 streak=0
[2026-09-20T01:38:50.971Z] batch=field-waveform-1789868300922-9 D2 FIRST_FRAME state=FIRST_FRAME_RECEIVED attempts=1 streak=1
[2026-09-20T01:38:50.971Z] batch=field-waveform-1789868300922-9 D2 FIRST_VALID_SAMPLE state=FIRST_FRAME_RECEIVED attempts=1 streak=1
[2026-09-20T01:38:50.981Z] batch=field-waveform-1789868300922-9 D5 FIRST_FRAME state=FIRST_FRAME_RECEIVED attempts=1 streak=1
[2026-09-20T01:38:50.982Z] batch=field-waveform-1789868300922-9 D5 FIRST_VALID_SAMPLE state=FIRST_FRAME_RECEIVED attempts=1 streak=1
[2026-09-20T01:38:50.983Z] batch=field-waveform-1789868300922-9 D3 FIRST_FRAME state=FIRST_FRAME_RECEIVED attempts=1 streak=1
[2026-09-20T01:38:50.984Z] batch=field-waveform-1789868300922-9 D3 FIRST_VALID_SAMPLE state=FIRST_FRAME_RECEIVED attempts=1 streak=1
[2026-09-20T01:38:50.989Z] batch=field-waveform-1789868300922-9 D1 FIRST_FRAME state=FIRST_FRAME_RECEIVED attempts=1 streak=1
[2026-09-20T01:38:50.990Z] batch=field-waveform-1789868300922-9 D1 FIRST_VALID_SAMPLE state=FIRST_FRAME_RECEIVED attempts=1 streak=1
[2026-09-20T01:38:51.220Z] batch=field-waveform-1789868300922-9 D2 CHANNEL_SYNC_OK state=TEST_READY attempts=1 streak=5
[2026-09-20T01:38:51.220Z] batch=field-waveform-1789868300922-9 D2 TEST_READY state=TEST_READY attempts=1 streak=5
[2026-09-20T01:38:51.246Z] batch=field-waveform-1789868300922-9 D5 CHANNEL_SYNC_OK state=TEST_READY attempts=1 streak=5
[2026-09-20T01:38:51.246Z] batch=field-waveform-1789868300922-9 D5 TEST_READY state=TEST_READY attempts=1 streak=5
[2026-09-20T01:38:51.247Z] batch=field-waveform-1789868300922-9 D3 CHANNEL_SYNC_OK state=TEST_READY attempts=1 streak=5
[2026-09-20T01:38:51.247Z] batch=field-waveform-1789868300922-9 D3 TEST_READY state=TEST_READY attempts=1 streak=5
[2026-09-20T01:38:51.251Z] batch=field-waveform-1789868300922-9 D1 CHANNEL_SYNC_OK state=TEST_READY attempts=1 streak=5
[2026-09-20T01:38:51.252Z] batch=field-waveform-1789868300922-9 D1 TEST_READY state=TEST_READY attempts=1 streak=5
[2026-09-20T01:38:51.283Z] batch=field-waveform-1789868300922-9 D6 FIRST_FRAME state=FIRST_FRAME_RECEIVED attempts=1 streak=1
[2026-09-20T01:38:51.284Z] batch=field-waveform-1789868300922-9 D6 FIRST_VALID_SAMPLE state=FIRST_FRAME_RECEIVED attempts=1 streak=1
[2026-09-20T01:38:51.299Z] batch=field-waveform-1789868300922-9 D4 FIRST_FRAME state=FIRST_FRAME_RECEIVED attempts=1 streak=1
[2026-09-20T01:38:51.299Z] batch=field-waveform-1789868300922-9 D4 FIRST_VALID_SAMPLE state=FIRST_FRAME_RECEIVED attempts=1 streak=1
[2026-09-20T01:38:51.534Z] batch=field-waveform-1789868300922-9 D6 CHANNEL_SYNC_OK state=TEST_READY attempts=1 streak=5
[2026-09-20T01:38:51.534Z] batch=field-waveform-1789868300922-9 D6 TEST_READY state=TEST_READY attempts=1 streak=5
[2026-09-20T01:38:51.565Z] batch=field-waveform-1789868300922-9 D4 CHANNEL_SYNC_OK state=TEST_READY attempts=1 streak=5
[2026-09-20T01:38:51.566Z] batch=field-waveform-1789868300922-9 D4 TEST_READY state=TEST_READY attempts=1 streak=5
[2026-09-20T01:39:02.254Z] batch=field-waveform-1789868300922-9 D1 MODE_SWITCH_START state=MODE_SWITCHING attempts=1 streak=0 attempt=1
[2026-09-20T01:39:02.258Z] batch=field-waveform-1789868300922-9 D1 MODE_SWITCH_OK state=MODE_SWITCH_OK attempts=1 streak=0
[2026-09-20T01:39:02.418Z] batch=field-waveform-1789868300922-9 D3 MODE_SWITCH_START state=MODE_SWITCHING attempts=1 streak=0 attempt=1
[2026-09-20T01:39:02.421Z] batch=field-waveform-1789868300922-9 D3 MODE_SWITCH_OK state=MODE_SWITCH_OK attempts=1 streak=0
[2026-09-20T01:39:02.421Z] batch=field-waveform-1789868300922-9 D5 MODE_SWITCH_START state=MODE_SWITCHING attempts=1 streak=0 attempt=1
[2026-09-20T01:39:02.423Z] batch=field-waveform-1789868300922-9 D5 MODE_SWITCH_OK state=MODE_SWITCH_OK attempts=1 streak=0
[2026-09-20T01:39:02.424Z] batch=field-waveform-1789868300922-9 D4 MODE_SWITCH_START state=MODE_SWITCHING attempts=1 streak=0 attempt=1
[2026-09-20T01:39:02.425Z] batch=field-waveform-1789868300922-9 D4 MODE_SWITCH_OK state=MODE_SWITCH_OK attempts=1 streak=0
[2026-09-20T01:39:07.314Z] batch=field-waveform-1789868300922-9 D1 FIRST_FRAME state=FIRST_FRAME_RECEIVED attempts=1 streak=1
[2026-09-20T01:39:07.315Z] batch=field-waveform-1789868300922-9 D1 FIRST_VALID_SAMPLE state=FIRST_FRAME_RECEIVED attempts=1 streak=1
[2026-09-20T01:39:07.483Z] batch=field-waveform-1789868300922-9 D5 FIRST_FRAME state=FIRST_FRAME_RECEIVED attempts=1 streak=1
[2026-09-20T01:39:07.484Z] batch=field-waveform-1789868300922-9 D5 FIRST_VALID_SAMPLE state=FIRST_FRAME_RECEIVED attempts=1 streak=1
[2026-09-20T01:39:07.486Z] batch=field-waveform-1789868300922-9 D3 FIRST_FRAME state=FIRST_FRAME_RECEIVED attempts=1 streak=1
[2026-09-20T01:39:07.487Z] batch=field-waveform-1789868300922-9 D3 FIRST_VALID_SAMPLE state=FIRST_FRAME_RECEIVED attempts=1 streak=1
[2026-09-20T01:39:07.493Z] batch=field-waveform-1789868300922-9 D4 FIRST_FRAME state=FIRST_FRAME_RECEIVED attempts=1 streak=1
[2026-09-20T01:39:07.493Z] batch=field-waveform-1789868300922-9 D4 FIRST_VALID_SAMPLE state=FIRST_FRAME_RECEIVED attempts=1 streak=1
[2026-09-20T01:39:07.551Z] batch=field-waveform-1789868300922-9 D1 CHANNEL_SYNC_OK state=TEST_READY attempts=1 streak=5
[2026-09-20T01:39:07.551Z] batch=field-waveform-1789868300922-9 D1 TEST_READY state=TEST_READY attempts=1 streak=5
[2026-09-20T01:39:07.733Z] batch=field-waveform-1789868300922-9 D5 CHANNEL_SYNC_OK state=TEST_READY attempts=1 streak=5
[2026-09-20T01:39:07.733Z] batch=field-waveform-1789868300922-9 D5 TEST_READY state=TEST_READY attempts=1 streak=5
[2026-09-20T01:39:07.734Z] batch=field-waveform-1789868300922-9 D3 CHANNEL_SYNC_OK state=TEST_READY attempts=1 streak=5
[2026-09-20T01:39:07.735Z] batch=field-waveform-1789868300922-9 D3 TEST_READY state=TEST_READY attempts=1 streak=5
[2026-09-20T01:39:07.738Z] batch=field-waveform-1789868300922-9 D4 CHANNEL_SYNC_OK state=TEST_READY attempts=1 streak=5
[2026-09-20T01:39:07.738Z] batch=field-waveform-1789868300922-9 D4 TEST_READY state=TEST_READY attempts=1 streak=5
[2026-09-20T01:39:58.758Z] batch=field-waveform-1789868300922-9 D6 MODE_SWITCH_START state=MODE_SWITCHING attempts=1 streak=0 attempt=1
[2026-09-20T01:39:58.761Z] batch=field-waveform-1789868300922-9 D6 MODE_SWITCH_OK state=MODE_SWITCH_OK attempts=1 streak=0
[2026-09-20T01:39:58.765Z] batch=field-waveform-1789868300922-9 D3 MODE_SWITCH_START state=MODE_SWITCHING attempts=1 streak=0 attempt=1
[2026-09-20T01:39:58.765Z] batch=field-waveform-1789868300922-9 D3 MODE_SWITCH_OK state=MODE_SWITCH_OK attempts=1 streak=0
[2026-09-20T01:39:58.768Z] batch=field-waveform-1789868300922-9 D2 MODE_SWITCH_START state=MODE_SWITCHING attempts=1 streak=0 attempt=1
[2026-09-20T01:39:58.769Z] batch=field-waveform-1789868300922-9 D2 MODE_SWITCH_OK state=MODE_SWITCH_OK attempts=1 streak=0
[2026-09-20T01:39:58.772Z] batch=field-waveform-1789868300922-9 D4 MODE_SWITCH_START state=MODE_SWITCHING attempts=1 streak=0 attempt=1
[2026-09-20T01:39:58.773Z] batch=field-waveform-1789868300922-9 D4 MODE_SWITCH_OK state=MODE_SWITCH_OK attempts=1 streak=0
[2026-09-20T01:39:58.867Z] batch=field-waveform-1789868300922-9 D1 MODE_SWITCH_START state=MODE_SWITCHING attempts=1 streak=0 attempt=1
[2026-09-20T01:39:58.869Z] batch=field-waveform-1789868300922-9 D1 MODE_SWITCH_OK state=MODE_SWITCH_OK attempts=1 streak=0
[2026-09-20T01:39:58.980Z] batch=field-waveform-1789868300922-9 D5 MODE_SWITCH_START state=MODE_SWITCHING attempts=1 streak=0 attempt=1
[2026-09-20T01:39:58.982Z] batch=field-waveform-1789868300922-9 D5 MODE_SWITCH_OK state=MODE_SWITCH_OK attempts=1 streak=0
[2026-09-20T01:40:08.945Z] batch=field-waveform-1789868300922-9 D6 MODE_SWITCH_START state=MODE_SWITCHING attempts=1 streak=0 attempt=1
[2026-09-20T01:40:08.948Z] batch=field-waveform-1789868300922-9 D6 MODE_SWITCH_OK state=MODE_SWITCH_OK attempts=1 streak=0
[2026-09-20T01:40:08.954Z] batch=field-waveform-1789868300922-9 D3 MODE_SWITCH_START state=MODE_SWITCHING attempts=1 streak=0 attempt=1
[2026-09-20T01:40:08.956Z] batch=field-waveform-1789868300922-9 D3 MODE_SWITCH_OK state=MODE_SWITCH_OK attempts=1 streak=0
[2026-09-20T01:40:08.960Z] batch=field-waveform-1789868300922-9 D2 MODE_SWITCH_START state=MODE_SWITCHING attempts=1 streak=0 attempt=1
[2026-09-20T01:40:08.961Z] batch=field-waveform-1789868300922-9 D2 MODE_SWITCH_OK state=MODE_SWITCH_OK attempts=1 streak=0
[2026-09-20T01:40:08.965Z] batch=field-waveform-1789868300922-9 D4 MODE_SWITCH_START state=MODE_SWITCHING attempts=1 streak=0 attempt=1
[2026-09-20T01:40:08.967Z] batch=field-waveform-1789868300922-9 D4 MODE_SWITCH_OK state=MODE_SWITCH_OK attempts=1 streak=0
[2026-09-20T01:40:08.970Z] batch=field-waveform-1789868300922-9 D1 MODE_SWITCH_START state=MODE_SWITCHING attempts=1 streak=0 attempt=1
[2026-09-20T01:40:08.972Z] batch=field-waveform-1789868300922-9 D1 MODE_SWITCH_OK state=MODE_SWITCH_OK attempts=1 streak=0
[2026-09-20T01:40:09.087Z] batch=field-waveform-1789868300922-9 D5 MODE_SWITCH_START state=MODE_SWITCHING attempts=1 streak=0 attempt=1
[2026-09-20T01:40:09.088Z] batch=field-waveform-1789868300922-9 D5 MODE_SWITCH_OK state=MODE_SWITCH_OK attempts=1 streak=0
[2026-09-20T01:40:14.057Z] batch=field-waveform-1789868300922-9 D6 FIRST_FRAME state=FIRST_FRAME_RECEIVED attempts=1 streak=1
[2026-09-20T01:40:14.057Z] batch=field-waveform-1789868300922-9 D6 FIRST_VALID_SAMPLE state=FIRST_FRAME_RECEIVED attempts=1 streak=1
[2026-09-20T01:40:14.062Z] batch=field-waveform-1789868300922-9 D3 FIRST_FRAME state=FIRST_FRAME_RECEIVED attempts=1 streak=1
[2026-09-20T01:40:14.062Z] batch=field-waveform-1789868300922-9 D3 FIRST_VALID_SAMPLE state=FIRST_FRAME_RECEIVED attempts=1 streak=1
[2026-09-20T01:40:14.063Z] batch=field-waveform-1789868300922-9 D2 FIRST_FRAME state=FIRST_FRAME_RECEIVED attempts=1 streak=1
[2026-09-20T01:40:14.064Z] batch=field-waveform-1789868300922-9 D2 FIRST_VALID_SAMPLE state=FIRST_FRAME_RECEIVED attempts=1 streak=1
[2026-09-20T01:40:14.064Z] batch=field-waveform-1789868300922-9 D1 FIRST_FRAME state=FIRST_FRAME_RECEIVED attempts=1 streak=1
[2026-09-20T01:40:14.064Z] batch=field-waveform-1789868300922-9 D1 FIRST_VALID_SAMPLE state=FIRST_FRAME_RECEIVED attempts=1 streak=1
[2026-09-20T01:40:14.065Z] batch=field-waveform-1789868300922-9 D4 FIRST_FRAME state=FIRST_FRAME_RECEIVED attempts=1 streak=1
[2026-09-20T01:40:14.065Z] batch=field-waveform-1789868300922-9 D4 FIRST_VALID_SAMPLE state=FIRST_FRAME_RECEIVED attempts=1 streak=1
[2026-09-20T01:40:14.173Z] batch=field-waveform-1789868300922-9 D6 CHANNEL_SYNC_OK state=TEST_READY attempts=1 streak=5
[2026-09-20T01:40:14.175Z] batch=field-waveform-1789868300922-9 D6 TEST_READY state=TEST_READY attempts=1 streak=5
[2026-09-20T01:40:14.178Z] batch=field-waveform-1789868300922-9 D5 FIRST_FRAME state=FIRST_FRAME_RECEIVED attempts=1 streak=1
[2026-09-20T01:40:14.178Z] batch=field-waveform-1789868300922-9 D5 FIRST_VALID_SAMPLE state=FIRST_FRAME_RECEIVED attempts=1 streak=1
[2026-09-20T01:40:14.425Z] batch=field-waveform-1789868300922-9 D2 CHANNEL_SYNC_OK state=TEST_READY attempts=1 streak=5
[2026-09-20T01:40:14.425Z] batch=field-waveform-1789868300922-9 D2 TEST_READY state=TEST_READY attempts=1 streak=5
[2026-09-20T01:40:14.426Z] batch=field-waveform-1789868300922-9 D4 CHANNEL_SYNC_OK state=TEST_READY attempts=1 streak=5
[2026-09-20T01:40:14.427Z] batch=field-waveform-1789868300922-9 D4 TEST_READY state=TEST_READY attempts=1 streak=5
[2026-09-20T01:40:14.428Z] batch=field-waveform-1789868300922-9 D1 CHANNEL_SYNC_OK state=TEST_READY attempts=1 streak=5
[2026-09-20T01:40:14.428Z] batch=field-waveform-1789868300922-9 D1 TEST_READY state=TEST_READY attempts=1 streak=5
[2026-09-20T01:40:14.430Z] batch=field-waveform-1789868300922-9 D5 CHANNEL_SYNC_OK state=TEST_READY attempts=1 streak=5
[2026-09-20T01:40:14.431Z] batch=field-waveform-1789868300922-9 D5 TEST_READY state=TEST_READY attempts=1 streak=5
[2026-09-20T01:40:14.432Z] batch=field-waveform-1789868300922-9 D3 CHANNEL_SYNC_OK state=TEST_READY attempts=1 streak=5
[2026-09-20T01:40:14.433Z] batch=field-waveform-1789868300922-9 D3 TEST_READY state=TEST_READY attempts=1 streak=5
