[2026-09-10T03:41:27.823Z] batch=field-waveform-1789011680021-7 D1 MODE_SWITCH_START state=MODE_SWITCHING attempts=1 streak=0 attempt=1
[2026-09-10T03:41:27.826Z] batch=field-waveform-1789011680021-7 D1 MODE_SWITCH_OK state=MODE_SWITCH_OK attempts=1 streak=0
[2026-09-10T03:41:27.859Z] batch=field-waveform-1789011680021-7 D5 MODE_SWITCH_START state=MODE_SWITCHING attempts=1 streak=0 attempt=1
[2026-09-10T03:41:27.865Z] batch=field-waveform-1789011680021-7 D5 MODE_SWITCH_OK state=MODE_SWITCH_OK attempts=1 streak=0
[2026-09-10T03:41:27.872Z] batch=field-waveform-1789011680021-7 D3 MODE_SWITCH_START state=MODE_SWITCHING attempts=1 streak=0 attempt=1
[2026-09-10T03:41:27.876Z] batch=field-waveform-1789011680021-7 D3 MODE_SWITCH_OK state=MODE_SWITCH_OK attempts=1 streak=0
[2026-09-10T03:41:27.886Z] batch=field-waveform-1789011680021-7 D6 MODE_SWITCH_START state=MODE_SWITCHING attempts=1 streak=0 attempt=1
[2026-09-10T03:41:27.888Z] batch=field-waveform-1789011680021-7 D6 MODE_SWITCH_OK state=MODE_SWITCH_OK attempts=1 streak=0
[2026-09-10T03:41:27.899Z] batch=field-waveform-1789011680021-7 D4 MODE_SWITCH_START state=MODE_SWITCHING attempts=1 streak=0 attempt=1
[2026-09-10T03:41:27.901Z] batch=field-waveform-1789011680021-7 D4 MODE_SWITCH_OK state=MODE_SWITCH_OK attempts=1 streak=0
[2026-09-10T03:41:27.921Z] batch=field-waveform-1789011680021-7 D2 MODE_SWITCH_START state=MODE_SWITCHING attempts=1 streak=0 attempt=1
[2026-09-10T03:41:27.924Z] batch=field-waveform-1789011680021-7 D2 MODE_SWITCH_OK state=MODE_SWITCH_OK attempts=1 streak=0
[2026-09-10T03:41:37.830Z] batch=field-waveform-1789011680021-7 D1 MODE_SWITCH_START state=MODE_SWITCHING attempts=1 streak=0 attempt=1
[2026-09-10T03:41:37.842Z] batch=field-waveform-1789011680021-7 D1 MODE_SWITCH_OK state=MODE_SWITCH_OK attempts=1 streak=0
[2026-09-10T03:41:37.867Z] batch=field-waveform-1789011680021-7 D5 MODE_SWITCH_START state=MODE_SWITCHING attempts=1 streak=0 attempt=1
[2026-09-10T03:41:37.881Z] batch=field-waveform-1789011680021-7 D5 MODE_SWITCH_OK state=MODE_SWITCH_OK attempts=1 streak=0
[2026-09-10T03:41:37.882Z] batch=field-waveform-1789011680021-7 D3 MODE_SWITCH_START state=MODE_SWITCHING attempts=1 streak=0 attempt=1
[2026-09-10T03:41:37.884Z] batch=field-waveform-1789011680021-7 D3 MODE_SWITCH_OK state=MODE_SWITCH_OK attempts=1 streak=0
[2026-09-10T03:41:37.889Z] batch=field-waveform-1789011680021-7 D6 MODE_SWITCH_START state=MODE_SWITCHING attempts=1 streak=0 attempt=1
[2026-09-10T03:41:37.893Z] batch=field-waveform-1789011680021-7 D6 MODE_SWITCH_OK state=MODE_SWITCH_OK attempts=1 streak=0
[2026-09-10T03:41:37.906Z] batch=field-waveform-1789011680021-7 D4 MODE_SWITCH_START state=MODE_SWITCHING attempts=1 streak=0 attempt=1
[2026-09-10T03:41:37.910Z] batch=field-waveform-1789011680021-7 D4 MODE_SWITCH_OK state=MODE_SWITCH_OK attempts=1 streak=0
[2026-09-10T03:41:37.937Z] batch=field-waveform-1789011680021-7 D2 MODE_SWITCH_START state=MODE_SWITCHING attempts=1 streak=0 attempt=1
[2026-09-10T03:41:37.947Z] batch=field-waveform-1789011680021-7 D2 MODE_SWITCH_OK state=MODE_SWITCH_OK attempts=1 streak=0
[2026-09-10T03:41:45.886Z] batch=field-waveform-1789011705885-8 D1 MODE_SWITCH_START state=MODE_SWITCHING attempts=1 streak=0 attempt=1
[2026-09-10T03:41:45.893Z] batch=field-waveform-1789011705885-8 D2 MODE_SWITCH_START state=MODE_SWITCHING attempts=1 streak=0 attempt=1
[2026-09-10T03:41:45.898Z] batch=field-waveform-1789011705885-8 D3 MODE_SWITCH_START state=MODE_SWITCHING attempts=1 streak=0 attempt=1
[2026-09-10T03:41:45.901Z] batch=field-waveform-1789011705885-8 D4 MODE_SWITCH_START state=MODE_SWITCHING attempts=1 streak=0 attempt=1
[2026-09-10T03:41:45.902Z] batch=field-waveform-1789011705885-8 D5 MODE_SWITCH_START state=MODE_SWITCHING attempts=1 streak=0 attempt=1
[2026-09-10T03:41:45.904Z] batch=field-waveform-1789011705885-8 D6 MODE_SWITCH_START state=MODE_SWITCHING attempts=1 streak=0 attempt=1
[2026-09-10T03:41:45.908Z] batch=field-waveform-1789011705885-8 D1 MODE_SWITCH_OK state=MODE_SWITCH_OK attempts=1 streak=0
[2026-09-10T03:41:45.909Z] batch=field-waveform-1789011705885-8 D2 MODE_SWITCH_OK state=MODE_SWITCH_OK attempts=1 streak=0
[2026-09-10T03:41:45.910Z] batch=field-waveform-1789011705885-8 D3 MODE_SWITCH_OK state=MODE_SWITCH_OK attempts=1 streak=0
[2026-09-10T03:41:45.912Z] batch=field-waveform-1789011705885-8 D4 MODE_SWITCH_OK state=MODE_SWITCH_OK attempts=1 streak=0
[2026-09-10T03:41:45.913Z] batch=field-waveform-1789011705885-8 D5 MODE_SWITCH_OK state=MODE_SWITCH_OK attempts=1 streak=0
[2026-09-10T03:41:45.914Z] batch=field-waveform-1789011705885-8 D6 MODE_SWITCH_OK state=MODE_SWITCH_OK attempts=1 streak=0
[2026-09-10T03:41:47.844Z] batch=field-waveform-1789011705885-8 D1 MODE_SWITCH_START state=MODE_SWITCHING attempts=1 streak=0 attempt=1
[2026-09-10T03:41:47.874Z] batch=field-waveform-1789011705885-8 D1 MODE_SWITCH_OK state=MODE_SWITCH_OK attempts=1 streak=0
[2026-09-10T03:41:47.883Z] batch=field-waveform-1789011705885-8 D5 MODE_SWITCH_START state=MODE_SWITCHING attempts=1 streak=0 attempt=1
[2026-09-10T03:41:47.892Z] batch=field-waveform-1789011705885-8 D5 MODE_SWITCH_OK state=MODE_SWITCH_OK attempts=1 streak=0
[2026-09-10T03:41:47.894Z] batch=field-waveform-1789011705885-8 D3 MODE_SWITCH_START state=MODE_SWITCHING attempts=1 streak=0 attempt=1
[2026-09-10T03:41:47.900Z] batch=field-waveform-1789011705885-8 D3 MODE_SWITCH_OK state=MODE_SWITCH_OK attempts=1 streak=0
[2026-09-10T03:41:47.901Z] batch=field-waveform-1789011705885-8 D6 MODE_SWITCH_START state=MODE_SWITCHING attempts=1 streak=0 attempt=1
[2026-09-10T03:41:47.905Z] batch=field-waveform-1789011705885-8 D6 MODE_SWITCH_OK state=MODE_SWITCH_OK attempts=1 streak=0
[2026-09-10T03:41:47.919Z] batch=field-waveform-1789011705885-8 D4 MODE_SWITCH_START state=MODE_SWITCHING attempts=1 streak=0 attempt=1
[2026-09-10T03:41:47.923Z] batch=field-waveform-1789011705885-8 D4 MODE_SWITCH_OK state=MODE_SWITCH_OK attempts=1 streak=0
[2026-09-10T03:41:47.952Z] batch=field-waveform-1789011705885-8 D2 MODE_SWITCH_START state=MODE_SWITCHING attempts=1 streak=0 attempt=1
[2026-09-10T03:41:47.965Z] batch=field-waveform-1789011705885-8 D2 MODE_SWITCH_OK state=MODE_SWITCH_OK attempts=1 streak=0
[2026-09-10T03:41:57.882Z] batch=field-waveform-1789011705885-8 D1 MODE_SWITCH_START state=MODE_SWITCHING attempts=1 streak=0 attempt=1
[2026-09-10T03:41:57.906Z] batch=field-waveform-1789011705885-8 D1 MODE_SWITCH_OK state=MODE_SWITCH_OK attempts=1 streak=0
[2026-09-10T03:41:57.909Z] batch=field-waveform-1789011705885-8 D5 MODE_SWITCH_START state=MODE_SWITCHING attempts=1 streak=0 attempt=1
[2026-09-10T03:41:57.912Z] batch=field-waveform-1789011705885-8 D5 MODE_SWITCH_OK state=MODE_SWITCH_OK attempts=1 streak=0
[2026-09-10T03:41:57.914Z] batch=field-waveform-1789011705885-8 D3 MODE_SWITCH_START state=MODE_SWITCHING attempts=1 streak=0 attempt=1
[2026-09-10T03:41:57.916Z] batch=field-waveform-1789011705885-8 D3 MODE_SWITCH_OK state=MODE_SWITCH_OK attempts=1 streak=0
[2026-09-10T03:41:57.917Z] batch=field-waveform-1789011705885-8 D6 MODE_SWITCH_START state=MODE_SWITCHING attempts=1 streak=0 attempt=1
[2026-09-10T03:41:57.919Z] batch=field-waveform-1789011705885-8 D6 MODE_SWITCH_OK state=MODE_SWITCH_OK attempts=1 streak=0
[2026-09-10T03:41:57.924Z] batch=field-waveform-1789011705885-8 D4 MODE_SWITCH_START state=MODE_SWITCHING attempts=1 streak=0 attempt=1
[2026-09-10T03:41:57.926Z] batch=field-waveform-1789011705885-8 D4 MODE_SWITCH_OK state=MODE_SWITCH_OK attempts=1 streak=0
[2026-09-10T03:41:57.970Z] batch=field-waveform-1789011705885-8 D2 MODE_SWITCH_START state=MODE_SWITCHING attempts=1 streak=0 attempt=1
[2026-09-10T03:41:57.975Z] batch=field-waveform-1789011705885-8 D2 MODE_SWITCH_OK state=MODE_SWITCH_OK attempts=1 streak=0
[2026-09-10T03:42:07.918Z] batch=field-waveform-1789011705885-8 D1 MODE_SWITCH_START state=MODE_SWITCHING attempts=1 streak=0 attempt=1
[2026-09-10T03:42:07.926Z] batch=field-waveform-1789011705885-8 D1 MODE_SWITCH_OK state=MODE_SWITCH_OK attempts=1 streak=0
[2026-09-10T03:42:07.936Z] batch=field-waveform-1789011705885-8 D5 MODE_SWITCH_START state=MODE_SWITCHING attempts=1 streak=0 attempt=1
[2026-09-10T03:42:07.942Z] batch=field-waveform-1789011705885-8 D5 MODE_SWITCH_OK state=MODE_SWITCH_OK attempts=1 streak=0
[2026-09-10T03:42:07.946Z] batch=field-waveform-1789011705885-8 D3 MODE_SWITCH_START state=MODE_SWITCHING attempts=1 streak=0 attempt=1
[2026-09-10T03:42:07.948Z] batch=field-waveform-1789011705885-8 D3 MODE_SWITCH_OK state=MODE_SWITCH_OK attempts=1 streak=0
[2026-09-10T03:42:07.949Z] batch=field-waveform-1789011705885-8 D6 MODE_SWITCH_START state=MODE_SWITCHING attempts=1 streak=0 attempt=1
[2026-09-10T03:42:07.953Z] batch=field-waveform-1789011705885-8 D6 MODE_SWITCH_OK state=MODE_SWITCH_OK attempts=1 streak=0
[2026-09-10T03:42:07.957Z] batch=field-waveform-1789011705885-8 D4 MODE_SWITCH_START state=MODE_SWITCHING attempts=1 streak=0 attempt=1
[2026-09-10T03:42:07.964Z] batch=field-waveform-1789011705885-8 D4 MODE_SWITCH_OK state=MODE_SWITCH_OK attempts=1 streak=0
[2026-09-10T03:42:07.980Z] batch=field-waveform-1789011705885-8 D2 MODE_SWITCH_START state=MODE_SWITCHING attempts=1 streak=0 attempt=1
[2026-09-10T03:42:07.984Z] batch=field-waveform-1789011705885-8 D2 MODE_SWITCH_OK state=MODE_SWITCH_OK attempts=1 streak=0
[2026-09-10T03:42:13.004Z] batch=field-waveform-1789011705885-8 D1 FIRST_FRAME state=FIRST_FRAME_RECEIVED attempts=1 streak=1
[2026-09-10T03:42:13.005Z] batch=field-waveform-1789011705885-8 D1 FIRST_VALID_SAMPLE state=FIRST_FRAME_RECEIVED attempts=1 streak=1
[2026-09-10T03:42:13.029Z] batch=field-waveform-1789011705885-8 D5 FIRST_FRAME state=FIRST_FRAME_RECEIVED attempts=1 streak=1
[2026-09-10T03:42:13.029Z] batch=field-waveform-1789011705885-8 D5 FIRST_VALID_SAMPLE state=FIRST_FRAME_RECEIVED attempts=1 streak=1
[2026-09-10T03:42:13.045Z] batch=field-waveform-1789011705885-8 D4 FIRST_FRAME state=FIRST_FRAME_RECEIVED attempts=1 streak=1
[2026-09-10T03:42:13.046Z] batch=field-waveform-1789011705885-8 D4 FIRST_VALID_SAMPLE state=FIRST_FRAME_RECEIVED attempts=1 streak=1
[2026-09-10T03:42:13.056Z] batch=field-waveform-1789011705885-8 D2 FIRST_FRAME state=FIRST_FRAME_RECEIVED attempts=1 streak=1
[2026-09-10T03:42:13.057Z] batch=field-waveform-1789011705885-8 D2 FIRST_VALID_SAMPLE state=FIRST_FRAME_RECEIVED attempts=1 streak=1
[2026-09-10T03:42:13.062Z] batch=field-waveform-1789011705885-8 D6 FIRST_FRAME state=FIRST_FRAME_RECEIVED attempts=1 streak=1
[2026-09-10T03:42:13.062Z] batch=field-waveform-1789011705885-8 D6 FIRST_VALID_SAMPLE state=FIRST_FRAME_RECEIVED attempts=1 streak=1
[2026-09-10T03:42:13.251Z] batch=field-waveform-1789011705885-8 D1 CHANNEL_SYNC_OK state=TEST_READY attempts=1 streak=5
[2026-09-10T03:42:13.251Z] batch=field-waveform-1789011705885-8 D1 TEST_READY state=TEST_READY attempts=1 streak=5
[2026-09-10T03:42:13.276Z] batch=field-waveform-1789011705885-8 D5 CHANNEL_SYNC_OK state=TEST_READY attempts=1 streak=5
[2026-09-10T03:42:13.276Z] batch=field-waveform-1789011705885-8 D5 TEST_READY state=TEST_READY attempts=1 streak=5
[2026-09-10T03:42:13.304Z] batch=field-waveform-1789011705885-8 D4 CHANNEL_SYNC_OK state=TEST_READY attempts=1 streak=5
[2026-09-10T03:42:13.304Z] batch=field-waveform-1789011705885-8 D4 TEST_READY state=TEST_READY attempts=1 streak=5
[2026-09-10T03:42:13.307Z] batch=field-waveform-1789011705885-8 D2 CHANNEL_SYNC_OK state=TEST_READY attempts=1 streak=5
[2026-09-10T03:42:13.307Z] batch=field-waveform-1789011705885-8 D2 TEST_READY state=TEST_READY attempts=1 streak=5
[2026-09-10T03:42:13.309Z] batch=field-waveform-1789011705885-8 D6 CHANNEL_SYNC_OK state=TEST_READY attempts=1 streak=5
[2026-09-10T03:42:13.309Z] batch=field-waveform-1789011705885-8 D6 TEST_READY state=TEST_READY attempts=1 streak=5
[2026-09-10T03:42:17.957Z] batch=field-waveform-1789011705885-8 D3 MODE_SWITCH_START state=MODE_SWITCHING attempts=1 streak=0 attempt=1
[2026-09-10T03:42:17.978Z] batch=field-waveform-1789011705885-8 D3 MODE_SWITCH_OK state=MODE_SWITCH_OK attempts=1 streak=0
[2026-09-10T03:42:27.983Z] batch=field-waveform-1789011705885-8 D3 MODE_SWITCH_START state=MODE_SWITCHING attempts=1 streak=0 attempt=1
[2026-09-10T03:42:28.005Z] batch=field-waveform-1789011705885-8 D3 MODE_SWITCH_OK state=MODE_SWITCH_OK attempts=1 streak=0
[2026-09-10T03:42:33.067Z] batch=field-waveform-1789011705885-8 D3 FIRST_FRAME state=FIRST_FRAME_RECEIVED attempts=1 streak=1
[2026-09-10T03:42:33.068Z] batch=field-waveform-1789011705885-8 D3 FIRST_VALID_SAMPLE state=FIRST_FRAME_RECEIVED attempts=1 streak=1
[2026-09-10T03:42:33.300Z] batch=field-waveform-1789011705885-8 D3 CHANNEL_SYNC_OK state=TEST_READY attempts=1 streak=5
[2026-09-10T03:42:33.300Z] batch=field-waveform-1789011705885-8 D3 TEST_READY state=TEST_READY attempts=1 streak=5
[2026-09-10T03:43:20.711Z] batch=field-waveform-1789011705885-8 D4 MODE_SWITCH_START state=MODE_SWITCHING attempts=1 streak=0 attempt=1
[2026-09-10T03:43:20.717Z] batch=field-waveform-1789011705885-8 D4 MODE_SWITCH_OK state=MODE_SWITCH_OK attempts=1 streak=0
[2026-09-10T03:43:20.722Z] batch=field-waveform-1789011705885-8 D2 MODE_SWITCH_START state=MODE_SWITCHING attempts=1 streak=0 attempt=1
[2026-09-10T03:43:20.732Z] batch=field-waveform-1789011705885-8 D2 MODE_SWITCH_OK state=MODE_SWITCH_OK attempts=1 streak=0
[2026-09-10T03:43:20.740Z] batch=field-waveform-1789011705885-8 D6 MODE_SWITCH_START state=MODE_SWITCHING attempts=1 streak=0 attempt=1
[2026-09-10T03:43:20.744Z] batch=field-waveform-1789011705885-8 D6 MODE_SWITCH_OK state=MODE_SWITCH_OK attempts=1 streak=0
[2026-09-10T03:43:20.751Z] batch=field-waveform-1789011705885-8 D3 MODE_SWITCH_START state=MODE_SWITCHING attempts=1 streak=0 attempt=1
[2026-09-10T03:43:20.756Z] batch=field-waveform-1789011705885-8 D3 MODE_SWITCH_OK state=MODE_SWITCH_OK attempts=1 streak=0
[2026-09-10T03:43:20.762Z] batch=field-waveform-1789011705885-8 D1 MODE_SWITCH_START state=MODE_SWITCHING attempts=1 streak=0 attempt=1
[2026-09-10T03:43:20.778Z] batch=field-waveform-1789011705885-8 D1 MODE_SWITCH_OK state=MODE_SWITCH_OK attempts=1 streak=0
[2026-09-10T03:43:21.002Z] batch=field-waveform-1789011705885-8 D5 MODE_SWITCH_START state=MODE_SWITCHING attempts=1 streak=0 attempt=1
[2026-09-10T03:43:21.012Z] batch=field-waveform-1789011705885-8 D5 MODE_SWITCH_OK state=MODE_SWITCH_OK attempts=1 streak=0
[2026-09-10T03:43:30.835Z] batch=field-waveform-1789011705885-8 D4 MODE_SWITCH_START state=MODE_SWITCHING attempts=1 streak=0 attempt=1
[2026-09-10T03:43:30.847Z] batch=field-waveform-1789011705885-8 D4 MODE_SWITCH_OK state=MODE_SWITCH_OK attempts=1 streak=0
[2026-09-10T03:43:30.856Z] batch=field-waveform-1789011705885-8 D2 MODE_SWITCH_START state=MODE_SWITCHING attempts=1 streak=0 attempt=1
[2026-09-10T03:43:30.858Z] batch=field-waveform-1789011705885-8 D2 MODE_SWITCH_OK state=MODE_SWITCH_OK attempts=1 streak=0
[2026-09-10T03:43:30.866Z] batch=field-waveform-1789011705885-8 D6 MODE_SWITCH_START state=MODE_SWITCHING attempts=1 streak=0 attempt=1
[2026-09-10T03:43:30.869Z] batch=field-waveform-1789011705885-8 D6 MODE_SWITCH_OK state=MODE_SWITCH_OK attempts=1 streak=0
[2026-09-10T03:43:30.876Z] batch=field-waveform-1789011705885-8 D3 MODE_SWITCH_START state=MODE_SWITCHING attempts=1 streak=0 attempt=1
[2026-09-10T03:43:30.879Z] batch=field-waveform-1789011705885-8 D3 MODE_SWITCH_OK state=MODE_SWITCH_OK attempts=1 streak=0
[2026-09-10T03:43:30.885Z] batch=field-waveform-1789011705885-8 D1 MODE_SWITCH_START state=MODE_SWITCHING attempts=1 streak=0 attempt=1
[2026-09-10T03:43:30.890Z] batch=field-waveform-1789011705885-8 D1 MODE_SWITCH_OK state=MODE_SWITCH_OK attempts=1 streak=0
[2026-09-10T03:43:31.119Z] batch=field-waveform-1789011705885-8 D5 MODE_SWITCH_START state=MODE_SWITCHING attempts=1 streak=0 attempt=1
[2026-09-10T03:43:31.134Z] batch=field-waveform-1789011705885-8 D5 MODE_SWITCH_OK state=MODE_SWITCH_OK attempts=1 streak=0
[2026-09-10T03:43:36.117Z] batch=field-waveform-1789011705885-8 D2 FIRST_FRAME state=FIRST_FRAME_RECEIVED attempts=1 streak=1
[2026-09-10T03:43:36.117Z] batch=field-waveform-1789011705885-8 D2 FIRST_VALID_SAMPLE state=FIRST_FRAME_RECEIVED attempts=1 streak=1
[2026-09-10T03:43:36.133Z] batch=field-waveform-1789011705885-8 D6 FIRST_FRAME state=FIRST_FRAME_RECEIVED attempts=1 streak=1
[2026-09-10T03:43:36.133Z] batch=field-waveform-1789011705885-8 D6 FIRST_VALID_SAMPLE state=FIRST_FRAME_RECEIVED attempts=1 streak=1
[2026-09-10T03:43:36.151Z] batch=field-waveform-1789011705885-8 D1 FIRST_FRAME state=FIRST_FRAME_RECEIVED attempts=1 streak=1
[2026-09-10T03:43:36.152Z] batch=field-waveform-1789011705885-8 D1 FIRST_VALID_SAMPLE state=FIRST_FRAME_RECEIVED attempts=1 streak=1
[2026-09-10T03:43:36.164Z] batch=field-waveform-1789011705885-8 D3 FIRST_FRAME state=FIRST_FRAME_RECEIVED attempts=1 streak=1
[2026-09-10T03:43:36.164Z] batch=field-waveform-1789011705885-8 D3 FIRST_VALID_SAMPLE state=FIRST_FRAME_RECEIVED attempts=1 streak=1
[2026-09-10T03:43:36.383Z] batch=field-waveform-1789011705885-8 D4 FIRST_FRAME state=FIRST_FRAME_RECEIVED attempts=1 streak=1
[2026-09-10T03:43:36.383Z] batch=field-waveform-1789011705885-8 D4 FIRST_VALID_SAMPLE state=FIRST_FRAME_RECEIVED attempts=1 streak=1
[2026-09-10T03:43:36.388Z] batch=field-waveform-1789011705885-8 D4 CHANNEL_SYNC_OK state=TEST_READY attempts=1 streak=5
[2026-09-10T03:43:36.388Z] batch=field-waveform-1789011705885-8 D4 TEST_READY state=TEST_READY attempts=1 streak=5
[2026-09-10T03:43:36.452Z] batch=field-waveform-1789011705885-8 D2 CHANNEL_SYNC_OK state=TEST_READY attempts=1 streak=5
[2026-09-10T03:43:36.452Z] batch=field-waveform-1789011705885-8 D2 TEST_READY state=TEST_READY attempts=1 streak=5
[2026-09-10T03:43:36.455Z] batch=field-waveform-1789011705885-8 D6 CHANNEL_SYNC_OK state=TEST_READY attempts=1 streak=5
[2026-09-10T03:43:36.456Z] batch=field-waveform-1789011705885-8 D6 TEST_READY state=TEST_READY attempts=1 streak=5
[2026-09-10T03:43:36.461Z] batch=field-waveform-1789011705885-8 D1 CHANNEL_SYNC_OK state=TEST_READY attempts=1 streak=5
[2026-09-10T03:43:36.461Z] batch=field-waveform-1789011705885-8 D1 TEST_READY state=TEST_READY attempts=1 streak=5
[2026-09-10T03:43:36.468Z] batch=field-waveform-1789011705885-8 D5 FIRST_FRAME state=FIRST_FRAME_RECEIVED attempts=1 streak=1
[2026-09-10T03:43:36.468Z] batch=field-waveform-1789011705885-8 D5 FIRST_VALID_SAMPLE state=FIRST_FRAME_RECEIVED attempts=1 streak=1
[2026-09-10T03:43:36.477Z] batch=field-waveform-1789011705885-8 D5 CHANNEL_SYNC_OK state=TEST_READY attempts=1 streak=5
[2026-09-10T03:43:36.477Z] batch=field-waveform-1789011705885-8 D5 TEST_READY state=TEST_READY attempts=1 streak=5
[2026-09-10T03:43:36.480Z] batch=field-waveform-1789011705885-8 D3 CHANNEL_SYNC_OK state=TEST_READY attempts=1 streak=5
[2026-09-10T03:43:36.480Z] batch=field-waveform-1789011705885-8 D3 TEST_READY state=TEST_READY attempts=1 streak=5
[2026-09-10T03:44:21.117Z] batch=field-waveform-1789011705885-8 D2 MODE_SWITCH_START state=MODE_SWITCHING attempts=1 streak=0 attempt=1
[2026-09-10T03:44:21.120Z] batch=field-waveform-1789011705885-8 D2 MODE_SWITCH_OK state=MODE_SWITCH_OK attempts=1 streak=0
[2026-09-10T03:44:21.127Z] batch=field-waveform-1789011705885-8 D5 MODE_SWITCH_START state=MODE_SWITCHING attempts=1 streak=0 attempt=1
[2026-09-10T03:44:21.129Z] batch=field-waveform-1789011705885-8 D5 MODE_SWITCH_OK state=MODE_SWITCH_OK attempts=1 streak=0
[2026-09-10T03:44:21.136Z] batch=field-waveform-1789011705885-8 D1 MODE_SWITCH_START state=MODE_SWITCHING attempts=1 streak=0 attempt=1
[2026-09-10T03:44:21.137Z] batch=field-waveform-1789011705885-8 D1 MODE_SWITCH_OK state=MODE_SWITCH_OK attempts=1 streak=0
[2026-09-10T03:44:21.145Z] batch=field-waveform-1789011705885-8 D6 MODE_SWITCH_START state=MODE_SWITCHING attempts=1 streak=0 attempt=1
[2026-09-10T03:44:21.147Z] batch=field-waveform-1789011705885-8 D6 MODE_SWITCH_OK state=MODE_SWITCH_OK attempts=1 streak=0
[2026-09-10T03:44:21.153Z] batch=field-waveform-1789011705885-8 D4 MODE_SWITCH_START state=MODE_SWITCHING attempts=1 streak=0 attempt=1
[2026-09-10T03:44:21.155Z] batch=field-waveform-1789011705885-8 D4 MODE_SWITCH_OK state=MODE_SWITCH_OK attempts=1 streak=0
[2026-09-10T03:44:21.743Z] batch=field-waveform-1789011705885-8 D3 MODE_SWITCH_START state=MODE_SWITCHING attempts=1 streak=0 attempt=1
[2026-09-10T03:44:21.748Z] batch=field-waveform-1789011705885-8 D3 MODE_SWITCH_OK state=MODE_SWITCH_OK attempts=1 streak=0
[2026-09-10T03:44:23.627Z] batch=field-waveform-1789011863625-9 D1 MODE_SWITCH_START state=MODE_SWITCHING attempts=1 streak=0 attempt=1
[2026-09-10T03:44:23.630Z] batch=field-waveform-1789011863625-9 D2 MODE_SWITCH_START state=MODE_SWITCHING attempts=1 streak=0 attempt=1
[2026-09-10T03:44:23.631Z] batch=field-waveform-1789011863625-9 D3 MODE_SWITCH_START state=MODE_SWITCHING attempts=1 streak=0 attempt=1
[2026-09-10T03:44:23.632Z] batch=field-waveform-1789011863625-9 D4 MODE_SWITCH_START state=MODE_SWITCHING attempts=1 streak=0 attempt=1
[2026-09-10T03:44:23.632Z] batch=field-waveform-1789011863625-9 D5 MODE_SWITCH_START state=MODE_SWITCHING attempts=1 streak=0 attempt=1
[2026-09-10T03:44:23.633Z] batch=field-waveform-1789011863625-9 D6 MODE_SWITCH_START state=MODE_SWITCHING attempts=1 streak=0 attempt=1
[2026-09-10T03:44:23.653Z] batch=field-waveform-1789011863625-9 D1 MODE_SWITCH_OK state=MODE_SWITCH_OK attempts=1 streak=0
[2026-09-10T03:44:23.654Z] batch=field-waveform-1789011863625-9 D2 MODE_SWITCH_OK state=MODE_SWITCH_OK attempts=1 streak=0
[2026-09-10T03:44:23.665Z] batch=field-waveform-1789011863625-9 D3 MODE_SWITCH_OK state=MODE_SWITCH_OK attempts=1 streak=0
[2026-09-10T03:44:23.671Z] batch=field-waveform-1789011863625-9 D4 MODE_SWITCH_OK state=MODE_SWITCH_OK attempts=1 streak=0
[2026-09-10T03:44:23.671Z] batch=field-waveform-1789011863625-9 D5 MODE_SWITCH_OK state=MODE_SWITCH_OK attempts=1 streak=0
[2026-09-10T03:44:23.672Z] batch=field-waveform-1789011863625-9 D6 MODE_SWITCH_OK state=MODE_SWITCH_OK attempts=1 streak=0
