[2026-09-11T08:45:46.113Z] batch=field-waveform-1789116187005-25 D5 MODE_SWITCH_START state=MODE_SWITCHING attempts=1 streak=0 attempt=1
[2026-09-11T08:45:46.123Z] batch=field-waveform-1789116187005-25 D5 MODE_SWITCH_OK state=MODE_SWITCH_OK attempts=1 streak=0
[2026-09-11T08:45:46.139Z] batch=field-waveform-1789116187005-25 D4 MODE_SWITCH_START state=MODE_SWITCHING attempts=1 streak=0 attempt=1
[2026-09-11T08:45:46.140Z] batch=field-waveform-1789116187005-25 D4 MODE_SWITCH_OK state=MODE_SWITCH_OK attempts=1 streak=0
[2026-09-11T08:45:46.151Z] batch=field-waveform-1789116187005-25 D2 MODE_SWITCH_START state=MODE_SWITCHING attempts=1 streak=0 attempt=1
[2026-09-11T08:45:46.152Z] batch=field-waveform-1789116187005-25 D2 MODE_SWITCH_OK state=MODE_SWITCH_OK attempts=1 streak=0
[2026-09-11T08:45:46.492Z] batch=field-waveform-1789116187005-25 D1 MODE_SWITCH_START state=MODE_SWITCHING attempts=1 streak=0 attempt=1
[2026-09-11T08:45:46.503Z] batch=field-waveform-1789116187005-25 D1 MODE_SWITCH_OK state=MODE_SWITCH_OK attempts=1 streak=0
[2026-09-11T08:45:47.082Z] batch=field-waveform-1789116187005-25 D6 MODE_SWITCH_START state=MODE_SWITCHING attempts=1 streak=0 attempt=1
[2026-09-11T08:45:47.092Z] batch=field-waveform-1789116187005-25 D6 MODE_SWITCH_OK state=MODE_SWITCH_OK attempts=1 streak=0
[2026-09-11T08:45:47.101Z] batch=field-waveform-1789116187005-25 D3 MODE_SWITCH_START state=MODE_SWITCHING attempts=1 streak=0 attempt=1
[2026-09-11T08:45:47.112Z] batch=field-waveform-1789116187005-25 D3 MODE_SWITCH_OK state=MODE_SWITCH_OK attempts=1 streak=0
[2026-09-11T08:45:47.131Z] batch=field-waveform-1789116347130-26 D1 MODE_SWITCH_START state=MODE_SWITCHING attempts=1 streak=0 attempt=1
[2026-09-11T08:45:47.133Z] batch=field-waveform-1789116347130-26 D2 MODE_SWITCH_START state=MODE_SWITCHING attempts=1 streak=0 attempt=1
[2026-09-11T08:45:47.134Z] batch=field-waveform-1789116347130-26 D3 MODE_SWITCH_START state=MODE_SWITCHING attempts=1 streak=0 attempt=1
[2026-09-11T08:45:47.135Z] batch=field-waveform-1789116347130-26 D4 MODE_SWITCH_START state=MODE_SWITCHING attempts=1 streak=0 attempt=1
[2026-09-11T08:45:47.136Z] batch=field-waveform-1789116347130-26 D5 MODE_SWITCH_START state=MODE_SWITCHING attempts=1 streak=0 attempt=1
[2026-09-11T08:45:47.137Z] batch=field-waveform-1789116347130-26 D6 MODE_SWITCH_START state=MODE_SWITCHING attempts=1 streak=0 attempt=1
[2026-09-11T08:45:47.139Z] batch=field-waveform-1789116347130-26 D1 MODE_SWITCH_OK state=MODE_SWITCH_OK attempts=1 streak=0
[2026-09-11T08:45:47.139Z] batch=field-waveform-1789116347130-26 D2 MODE_SWITCH_OK state=MODE_SWITCH_OK attempts=1 streak=0
[2026-09-11T08:45:47.140Z] batch=field-waveform-1789116347130-26 D3 MODE_SWITCH_OK state=MODE_SWITCH_OK attempts=1 streak=0
[2026-09-11T08:45:47.141Z] batch=field-waveform-1789116347130-26 D4 MODE_SWITCH_OK state=MODE_SWITCH_OK attempts=1 streak=0
[2026-09-11T08:45:47.141Z] batch=field-waveform-1789116347130-26 D5 MODE_SWITCH_OK state=MODE_SWITCH_OK attempts=1 streak=0
[2026-09-11T08:45:47.141Z] batch=field-waveform-1789116347130-26 D6 MODE_SWITCH_OK state=MODE_SWITCH_OK attempts=1 streak=0
[2026-09-11T08:45:56.128Z] batch=field-waveform-1789116347130-26 D5 MODE_SWITCH_START state=MODE_SWITCHING attempts=1 streak=0 attempt=1
[2026-09-11T08:45:56.140Z] batch=field-waveform-1789116347130-26 D5 MODE_SWITCH_OK state=MODE_SWITCH_OK attempts=1 streak=0
[2026-09-11T08:45:56.150Z] batch=field-waveform-1789116347130-26 D4 MODE_SWITCH_START state=MODE_SWITCHING attempts=1 streak=0 attempt=1
[2026-09-11T08:45:56.162Z] batch=field-waveform-1789116347130-26 D4 MODE_SWITCH_OK state=MODE_SWITCH_OK attempts=1 streak=0
[2026-09-11T08:45:56.163Z] batch=field-waveform-1789116347130-26 D2 MODE_SWITCH_START state=MODE_SWITCHING attempts=1 streak=0 attempt=1
[2026-09-11T08:45:56.164Z] batch=field-waveform-1789116347130-26 D2 MODE_SWITCH_OK state=MODE_SWITCH_OK attempts=1 streak=0
[2026-09-11T08:45:56.510Z] batch=field-waveform-1789116347130-26 D1 MODE_SWITCH_START state=MODE_SWITCHING attempts=1 streak=0 attempt=1
[2026-09-11T08:45:56.520Z] batch=field-waveform-1789116347130-26 D1 MODE_SWITCH_OK state=MODE_SWITCH_OK attempts=1 streak=0
[2026-09-11T08:45:57.094Z] batch=field-waveform-1789116347130-26 D6 MODE_SWITCH_START state=MODE_SWITCHING attempts=1 streak=0 attempt=1
[2026-09-11T08:45:57.099Z] batch=field-waveform-1789116347130-26 D6 MODE_SWITCH_OK state=MODE_SWITCH_OK attempts=1 streak=0
[2026-09-11T08:45:57.113Z] batch=field-waveform-1789116347130-26 D3 MODE_SWITCH_START state=MODE_SWITCHING attempts=1 streak=0 attempt=1
[2026-09-11T08:45:57.125Z] batch=field-waveform-1789116347130-26 D3 MODE_SWITCH_OK state=MODE_SWITCH_OK attempts=1 streak=0
[2026-09-11T08:46:06.146Z] batch=field-waveform-1789116347130-26 D5 MODE_SWITCH_START state=MODE_SWITCHING attempts=1 streak=0 attempt=1
[2026-09-11T08:46:06.151Z] batch=field-waveform-1789116347130-26 D5 MODE_SWITCH_OK state=MODE_SWITCH_OK attempts=1 streak=0
[2026-09-11T08:46:06.162Z] batch=field-waveform-1789116347130-26 D4 MODE_SWITCH_START state=MODE_SWITCHING attempts=1 streak=0 attempt=1
[2026-09-11T08:46:06.171Z] batch=field-waveform-1789116347130-26 D4 MODE_SWITCH_OK state=MODE_SWITCH_OK attempts=1 streak=0
[2026-09-11T08:46:06.173Z] batch=field-waveform-1789116347130-26 D2 MODE_SWITCH_START state=MODE_SWITCHING attempts=1 streak=0 attempt=1
[2026-09-11T08:46:06.175Z] batch=field-waveform-1789116347130-26 D2 MODE_SWITCH_OK state=MODE_SWITCH_OK attempts=1 streak=0
[2026-09-11T08:46:06.532Z] batch=field-waveform-1789116347130-26 D1 MODE_SWITCH_START state=MODE_SWITCHING attempts=1 streak=0 attempt=1
[2026-09-11T08:46:06.534Z] batch=field-waveform-1789116347130-26 D1 MODE_SWITCH_OK state=MODE_SWITCH_OK attempts=1 streak=0
[2026-09-11T08:46:07.103Z] batch=field-waveform-1789116347130-26 D6 MODE_SWITCH_START state=MODE_SWITCHING attempts=1 streak=0 attempt=1
[2026-09-11T08:46:07.111Z] batch=field-waveform-1789116347130-26 D6 MODE_SWITCH_OK state=MODE_SWITCH_OK attempts=1 streak=0
[2026-09-11T08:46:07.127Z] batch=field-waveform-1789116347130-26 D3 MODE_SWITCH_START state=MODE_SWITCHING attempts=1 streak=0 attempt=1
[2026-09-11T08:46:07.143Z] batch=field-waveform-1789116347130-26 D3 MODE_SWITCH_OK state=MODE_SWITCH_OK attempts=1 streak=0
[2026-09-11T08:46:16.162Z] batch=field-waveform-1789116347130-26 D5 MODE_SWITCH_START state=MODE_SWITCHING attempts=1 streak=0 attempt=1
[2026-09-11T08:46:16.167Z] batch=field-waveform-1789116347130-26 D5 MODE_SWITCH_OK state=MODE_SWITCH_OK attempts=1 streak=0
[2026-09-11T08:46:16.176Z] batch=field-waveform-1789116347130-26 D4 MODE_SWITCH_START state=MODE_SWITCHING attempts=1 streak=0 attempt=1
[2026-09-11T08:46:16.179Z] batch=field-waveform-1789116347130-26 D4 MODE_SWITCH_OK state=MODE_SWITCH_OK attempts=1 streak=0
[2026-09-11T08:46:16.179Z] batch=field-waveform-1789116347130-26 D2 MODE_SWITCH_START state=MODE_SWITCHING attempts=1 streak=0 attempt=1
[2026-09-11T08:46:16.180Z] batch=field-waveform-1789116347130-26 D2 MODE_SWITCH_OK state=MODE_SWITCH_OK attempts=1 streak=0
[2026-09-11T08:46:16.549Z] batch=field-waveform-1789116347130-26 D1 MODE_SWITCH_START state=MODE_SWITCHING attempts=1 streak=0 attempt=1
[2026-09-11T08:46:16.563Z] batch=field-waveform-1789116347130-26 D1 MODE_SWITCH_OK state=MODE_SWITCH_OK attempts=1 streak=0
[2026-09-11T08:46:17.120Z] batch=field-waveform-1789116347130-26 D6 MODE_SWITCH_START state=MODE_SWITCHING attempts=1 streak=0 attempt=1
[2026-09-11T08:46:17.125Z] batch=field-waveform-1789116347130-26 D6 MODE_SWITCH_OK state=MODE_SWITCH_OK attempts=1 streak=0
[2026-09-11T08:46:17.148Z] batch=field-waveform-1789116347130-26 D3 MODE_SWITCH_START state=MODE_SWITCHING attempts=1 streak=0 attempt=1
[2026-09-11T08:46:17.150Z] batch=field-waveform-1789116347130-26 D3 MODE_SWITCH_OK state=MODE_SWITCH_OK attempts=1 streak=0
[2026-09-11T08:46:26.169Z] batch=field-waveform-1789116347130-26 D5 MODE_SWITCH_START state=MODE_SWITCHING attempts=1 streak=0 attempt=1
[2026-09-11T08:46:26.176Z] batch=field-waveform-1789116347130-26 D5 MODE_SWITCH_OK state=MODE_SWITCH_OK attempts=1 streak=0
[2026-09-11T08:46:26.188Z] batch=field-waveform-1789116347130-26 D4 MODE_SWITCH_START state=MODE_SWITCHING attempts=1 streak=0 attempt=1
[2026-09-11T08:46:26.190Z] batch=field-waveform-1789116347130-26 D4 MODE_SWITCH_OK state=MODE_SWITCH_OK attempts=1 streak=0
[2026-09-11T08:46:26.191Z] batch=field-waveform-1789116347130-26 D2 MODE_SWITCH_START state=MODE_SWITCHING attempts=1 streak=0 attempt=1
[2026-09-11T08:46:26.201Z] batch=field-waveform-1789116347130-26 D2 MODE_SWITCH_OK state=MODE_SWITCH_OK attempts=1 streak=0
[2026-09-11T08:46:26.571Z] batch=field-waveform-1789116347130-26 D1 MODE_SWITCH_START state=MODE_SWITCHING attempts=1 streak=0 attempt=1
[2026-09-11T08:46:26.573Z] batch=field-waveform-1789116347130-26 D1 MODE_SWITCH_OK state=MODE_SWITCH_OK attempts=1 streak=0
[2026-09-11T08:46:27.131Z] batch=field-waveform-1789116347130-26 D6 MODE_SWITCH_START state=MODE_SWITCHING attempts=1 streak=0 attempt=1
[2026-09-11T08:46:27.136Z] batch=field-waveform-1789116347130-26 D6 MODE_SWITCH_OK state=MODE_SWITCH_OK attempts=1 streak=0
[2026-09-11T08:46:27.155Z] batch=field-waveform-1789116347130-26 D3 MODE_SWITCH_START state=MODE_SWITCHING attempts=1 streak=0 attempt=1
[2026-09-11T08:46:27.157Z] batch=field-waveform-1789116347130-26 D3 MODE_SWITCH_OK state=MODE_SWITCH_OK attempts=1 streak=0
[2026-09-11T08:46:31.223Z] batch=field-waveform-1789116347130-26 D5 FIRST_FRAME state=FIRST_FRAME_RECEIVED attempts=1 streak=1
[2026-09-11T08:46:31.224Z] batch=field-waveform-1789116347130-26 D5 FIRST_VALID_SAMPLE state=FIRST_FRAME_RECEIVED attempts=1 streak=1
[2026-09-11T08:46:31.261Z] batch=field-waveform-1789116347130-26 D4 FIRST_FRAME state=FIRST_FRAME_RECEIVED attempts=1 streak=1
[2026-09-11T08:46:31.261Z] batch=field-waveform-1789116347130-26 D4 FIRST_VALID_SAMPLE state=FIRST_FRAME_RECEIVED attempts=1 streak=1
[2026-09-11T08:46:31.265Z] batch=field-waveform-1789116347130-26 D2 FIRST_FRAME state=FIRST_FRAME_RECEIVED attempts=1 streak=1
[2026-09-11T08:46:31.266Z] batch=field-waveform-1789116347130-26 D2 FIRST_VALID_SAMPLE state=FIRST_FRAME_RECEIVED attempts=1 streak=1
[2026-09-11T08:46:31.503Z] batch=field-waveform-1789116347130-26 D5 CHANNEL_SYNC_OK state=TEST_READY attempts=1 streak=5
[2026-09-11T08:46:31.504Z] batch=field-waveform-1789116347130-26 D5 TEST_READY state=TEST_READY attempts=1 streak=5
[2026-09-11T08:46:31.508Z] batch=field-waveform-1789116347130-26 D4 CHANNEL_SYNC_OK state=TEST_READY attempts=1 streak=5
[2026-09-11T08:46:31.509Z] batch=field-waveform-1789116347130-26 D4 TEST_READY state=TEST_READY attempts=1 streak=5
[2026-09-11T08:46:31.553Z] batch=field-waveform-1789116347130-26 D2 CHANNEL_SYNC_OK state=TEST_READY attempts=1 streak=5
[2026-09-11T08:46:31.553Z] batch=field-waveform-1789116347130-26 D2 TEST_READY state=TEST_READY attempts=1 streak=5
[2026-09-11T08:46:31.612Z] batch=field-waveform-1789116347130-26 D1 FIRST_FRAME state=FIRST_FRAME_RECEIVED attempts=1 streak=1
[2026-09-11T08:46:31.613Z] batch=field-waveform-1789116347130-26 D1 FIRST_VALID_SAMPLE state=FIRST_FRAME_RECEIVED attempts=1 streak=1
[2026-09-11T08:46:31.889Z] batch=field-waveform-1789116347130-26 D1 CHANNEL_SYNC_OK state=TEST_READY attempts=1 streak=5
[2026-09-11T08:46:31.890Z] batch=field-waveform-1789116347130-26 D1 TEST_READY state=TEST_READY attempts=1 streak=5
[2026-09-11T08:46:32.171Z] batch=field-waveform-1789116347130-26 D6 FIRST_FRAME state=FIRST_FRAME_RECEIVED attempts=1 streak=1
[2026-09-11T08:46:32.171Z] batch=field-waveform-1789116347130-26 D6 FIRST_VALID_SAMPLE state=FIRST_FRAME_RECEIVED attempts=1 streak=1
[2026-09-11T08:46:32.205Z] batch=field-waveform-1789116347130-26 D3 FIRST_FRAME state=FIRST_FRAME_RECEIVED attempts=1 streak=1
[2026-09-11T08:46:32.205Z] batch=field-waveform-1789116347130-26 D3 FIRST_VALID_SAMPLE state=FIRST_FRAME_RECEIVED attempts=1 streak=1
[2026-09-11T08:46:32.424Z] batch=field-waveform-1789116347130-26 D6 CHANNEL_SYNC_OK state=TEST_READY attempts=1 streak=5
[2026-09-11T08:46:32.424Z] batch=field-waveform-1789116347130-26 D6 TEST_READY state=TEST_READY attempts=1 streak=5
[2026-09-11T08:46:32.459Z] batch=field-waveform-1789116347130-26 D3 CHANNEL_SYNC_OK state=TEST_READY attempts=1 streak=5
[2026-09-11T08:46:32.460Z] batch=field-waveform-1789116347130-26 D3 TEST_READY state=TEST_READY attempts=1 streak=5
[2026-09-11T08:47:25.555Z] batch=field-waveform-1789116347130-26 D1 MODE_SWITCH_START state=MODE_SWITCHING attempts=1 streak=0 attempt=1
[2026-09-11T08:47:25.564Z] batch=field-waveform-1789116347130-26 D1 MODE_SWITCH_OK state=MODE_SWITCH_OK attempts=1 streak=0
[2026-09-11T08:47:25.793Z] batch=field-waveform-1789116347130-26 D4 MODE_SWITCH_START state=MODE_SWITCHING attempts=1 streak=0 attempt=1
[2026-09-11T08:47:25.805Z] batch=field-waveform-1789116347130-26 D4 MODE_SWITCH_OK state=MODE_SWITCH_OK attempts=1 streak=0
[2026-09-11T08:47:25.819Z] batch=field-waveform-1789116347130-26 D2 MODE_SWITCH_START state=MODE_SWITCHING attempts=1 streak=0 attempt=1
[2026-09-11T08:47:25.828Z] batch=field-waveform-1789116347130-26 D2 MODE_SWITCH_OK state=MODE_SWITCH_OK attempts=1 streak=0
[2026-09-11T08:47:25.834Z] batch=field-waveform-1789116347130-26 D6 MODE_SWITCH_START state=MODE_SWITCHING attempts=1 streak=0 attempt=1
[2026-09-11T08:47:25.840Z] batch=field-waveform-1789116347130-26 D6 MODE_SWITCH_OK state=MODE_SWITCH_OK attempts=1 streak=0
[2026-09-11T08:47:25.846Z] batch=field-waveform-1789116347130-26 D3 MODE_SWITCH_START state=MODE_SWITCHING attempts=1 streak=0 attempt=1
[2026-09-11T08:47:25.847Z] batch=field-waveform-1789116347130-26 D3 MODE_SWITCH_OK state=MODE_SWITCH_OK attempts=1 streak=0
[2026-09-11T08:47:25.854Z] batch=field-waveform-1789116347130-26 D5 MODE_SWITCH_START state=MODE_SWITCHING attempts=1 streak=0 attempt=1
[2026-09-11T08:47:25.860Z] batch=field-waveform-1789116347130-26 D5 MODE_SWITCH_OK state=MODE_SWITCH_OK attempts=1 streak=0
[2026-09-11T08:47:35.629Z] batch=field-waveform-1789116347130-26 D1 MODE_SWITCH_START state=MODE_SWITCHING attempts=1 streak=0 attempt=1
[2026-09-11T08:47:35.634Z] batch=field-waveform-1789116347130-26 D1 MODE_SWITCH_OK state=MODE_SWITCH_OK attempts=1 streak=0
[2026-09-11T08:47:35.854Z] batch=field-waveform-1789116347130-26 D4 MODE_SWITCH_START state=MODE_SWITCHING attempts=1 streak=0 attempt=1
[2026-09-11T08:47:35.859Z] batch=field-waveform-1789116347130-26 D4 MODE_SWITCH_OK state=MODE_SWITCH_OK attempts=1 streak=0
[2026-09-11T08:47:35.870Z] batch=field-waveform-1789116347130-26 D2 MODE_SWITCH_START state=MODE_SWITCHING attempts=1 streak=0 attempt=1
[2026-09-11T08:47:35.876Z] batch=field-waveform-1789116347130-26 D2 MODE_SWITCH_OK state=MODE_SWITCH_OK attempts=1 streak=0
[2026-09-11T08:47:35.883Z] batch=field-waveform-1789116347130-26 D6 MODE_SWITCH_START state=MODE_SWITCHING attempts=1 streak=0 attempt=1
[2026-09-11T08:47:35.885Z] batch=field-waveform-1789116347130-26 D6 MODE_SWITCH_OK state=MODE_SWITCH_OK attempts=1 streak=0
[2026-09-11T08:47:36.102Z] batch=field-waveform-1789116347130-26 D3 MODE_SWITCH_START state=MODE_SWITCHING attempts=1 streak=0 attempt=1
[2026-09-11T08:47:36.114Z] batch=field-waveform-1789116347130-26 D3 MODE_SWITCH_OK state=MODE_SWITCH_OK attempts=1 streak=0
[2026-09-11T08:47:36.121Z] batch=field-waveform-1789116347130-26 D5 MODE_SWITCH_START state=MODE_SWITCHING attempts=1 streak=0 attempt=1
[2026-09-11T08:47:36.125Z] batch=field-waveform-1789116347130-26 D5 MODE_SWITCH_OK state=MODE_SWITCH_OK attempts=1 streak=0
[2026-09-11T08:47:40.718Z] batch=field-waveform-1789116347130-26 D1 FIRST_FRAME state=FIRST_FRAME_RECEIVED attempts=1 streak=1
[2026-09-11T08:47:40.718Z] batch=field-waveform-1789116347130-26 D1 FIRST_VALID_SAMPLE state=FIRST_FRAME_RECEIVED attempts=1 streak=1
[2026-09-11T08:47:40.937Z] batch=field-waveform-1789116347130-26 D2 FIRST_FRAME state=FIRST_FRAME_RECEIVED attempts=1 streak=1
[2026-09-11T08:47:40.937Z] batch=field-waveform-1789116347130-26 D2 FIRST_VALID_SAMPLE state=FIRST_FRAME_RECEIVED attempts=1 streak=1
[2026-09-11T08:47:40.938Z] batch=field-waveform-1789116347130-26 D4 FIRST_FRAME state=FIRST_FRAME_RECEIVED attempts=1 streak=1
[2026-09-11T08:47:40.938Z] batch=field-waveform-1789116347130-26 D4 FIRST_VALID_SAMPLE state=FIRST_FRAME_RECEIVED attempts=1 streak=1
[2026-09-11T08:47:41.056Z] batch=field-waveform-1789116347130-26 D1 CHANNEL_SYNC_OK state=TEST_READY attempts=1 streak=5
[2026-09-11T08:47:41.056Z] batch=field-waveform-1789116347130-26 D1 TEST_READY state=TEST_READY attempts=1 streak=5
[2026-09-11T08:47:41.058Z] batch=field-waveform-1789116347130-26 D6 FIRST_FRAME state=FIRST_FRAME_RECEIVED attempts=1 streak=1
[2026-09-11T08:47:41.058Z] batch=field-waveform-1789116347130-26 D6 FIRST_VALID_SAMPLE state=FIRST_FRAME_RECEIVED attempts=1 streak=1
[2026-09-11T08:47:41.198Z] batch=field-waveform-1789116347130-26 D2 CHANNEL_SYNC_OK state=TEST_READY attempts=1 streak=5
[2026-09-11T08:47:41.198Z] batch=field-waveform-1789116347130-26 D2 TEST_READY state=TEST_READY attempts=1 streak=5
[2026-09-11T08:47:41.201Z] batch=field-waveform-1789116347130-26 D4 CHANNEL_SYNC_OK state=TEST_READY attempts=1 streak=5
[2026-09-11T08:47:41.201Z] batch=field-waveform-1789116347130-26 D4 TEST_READY state=TEST_READY attempts=1 streak=5
[2026-09-11T08:47:41.299Z] batch=field-waveform-1789116347130-26 D3 FIRST_FRAME state=FIRST_FRAME_RECEIVED attempts=1 streak=1
[2026-09-11T08:47:41.300Z] batch=field-waveform-1789116347130-26 D3 FIRST_VALID_SAMPLE state=FIRST_FRAME_RECEIVED attempts=1 streak=1
[2026-09-11T08:47:41.323Z] batch=field-waveform-1789116347130-26 D5 FIRST_FRAME state=FIRST_FRAME_RECEIVED attempts=1 streak=1
[2026-09-11T08:47:41.323Z] batch=field-waveform-1789116347130-26 D5 FIRST_VALID_SAMPLE state=FIRST_FRAME_RECEIVED attempts=1 streak=1
[2026-09-11T08:47:41.482Z] batch=field-waveform-1789116347130-26 D6 CHANNEL_SYNC_OK state=TEST_READY attempts=1 streak=5
[2026-09-11T08:47:41.483Z] batch=field-waveform-1789116347130-26 D6 TEST_READY state=TEST_READY attempts=1 streak=5
[2026-09-11T08:47:41.499Z] batch=field-waveform-1789116347130-26 D5 CHANNEL_SYNC_OK state=TEST_READY attempts=1 streak=5
[2026-09-11T08:47:41.500Z] batch=field-waveform-1789116347130-26 D5 TEST_READY state=TEST_READY attempts=1 streak=5
[2026-09-11T08:47:41.501Z] batch=field-waveform-1789116347130-26 D3 CHANNEL_SYNC_OK state=TEST_READY attempts=1 streak=5
[2026-09-11T08:47:41.501Z] batch=field-waveform-1789116347130-26 D3 TEST_READY state=TEST_READY attempts=1 streak=5
[2026-09-11T08:48:26.163Z] batch=field-waveform-1789116506162-27 D1 MODE_SWITCH_START state=MODE_SWITCHING attempts=1 streak=0 attempt=1
[2026-09-11T08:48:26.173Z] batch=field-waveform-1789116506162-27 D2 MODE_SWITCH_START state=MODE_SWITCHING attempts=1 streak=0 attempt=1
[2026-09-11T08:48:26.178Z] batch=field-waveform-1789116506162-27 D3 MODE_SWITCH_START state=MODE_SWITCHING attempts=1 streak=0 attempt=1
[2026-09-11T08:48:26.182Z] batch=field-waveform-1789116506162-27 D4 MODE_SWITCH_START state=MODE_SWITCHING attempts=1 streak=0 attempt=1
[2026-09-11T08:48:26.184Z] batch=field-waveform-1789116506162-27 D5 MODE_SWITCH_START state=MODE_SWITCHING attempts=1 streak=0 attempt=1
[2026-09-11T08:48:26.193Z] batch=field-waveform-1789116506162-27 D6 MODE_SWITCH_START state=MODE_SWITCHING attempts=1 streak=0 attempt=1
[2026-09-11T08:48:26.199Z] batch=field-waveform-1789116506162-27 D1 MODE_SWITCH_OK state=MODE_SWITCH_OK attempts=1 streak=0
[2026-09-11T08:48:26.200Z] batch=field-waveform-1789116506162-27 D2 MODE_SWITCH_OK state=MODE_SWITCH_OK attempts=1 streak=0
[2026-09-11T08:48:26.201Z] batch=field-waveform-1789116506162-27 D3 MODE_SWITCH_OK state=MODE_SWITCH_OK attempts=1 streak=0
[2026-09-11T08:48:26.202Z] batch=field-waveform-1789116506162-27 D4 MODE_SWITCH_OK state=MODE_SWITCH_OK attempts=1 streak=0
[2026-09-11T08:48:26.202Z] batch=field-waveform-1789116506162-27 D5 MODE_SWITCH_OK state=MODE_SWITCH_OK attempts=1 streak=0
[2026-09-11T08:48:26.204Z] batch=field-waveform-1789116506162-27 D6 MODE_SWITCH_OK state=MODE_SWITCH_OK attempts=1 streak=0
[2026-09-11T08:48:26.429Z] batch=field-waveform-1789116506162-27 D2 MODE_SWITCH_START state=MODE_SWITCHING attempts=1 streak=0 attempt=1
[2026-09-11T08:48:26.436Z] batch=field-waveform-1789116506162-27 D2 MODE_SWITCH_OK state=MODE_SWITCH_OK attempts=1 streak=0
[2026-09-11T08:48:26.440Z] batch=field-waveform-1789116506162-27 D4 MODE_SWITCH_START state=MODE_SWITCHING attempts=1 streak=0 attempt=1
[2026-09-11T08:48:26.441Z] batch=field-waveform-1789116506162-27 D4 MODE_SWITCH_OK state=MODE_SWITCH_OK attempts=1 streak=0
[2026-09-11T08:48:26.442Z] batch=field-waveform-1789116506162-27 D3 MODE_SWITCH_START state=MODE_SWITCHING attempts=1 streak=0 attempt=1
[2026-09-11T08:48:26.443Z] batch=field-waveform-1789116506162-27 D3 MODE_SWITCH_OK state=MODE_SWITCH_OK attempts=1 streak=0
[2026-09-11T08:48:26.444Z] batch=field-waveform-1789116506162-27 D5 MODE_SWITCH_START state=MODE_SWITCHING attempts=1 streak=0 attempt=1
[2026-09-11T08:48:26.450Z] batch=field-waveform-1789116506162-27 D5 MODE_SWITCH_OK state=MODE_SWITCH_OK attempts=1 streak=0
[2026-09-11T08:48:26.451Z] batch=field-waveform-1789116506162-27 D1 MODE_SWITCH_START state=MODE_SWITCHING attempts=1 streak=0 attempt=1
[2026-09-11T08:48:26.452Z] batch=field-waveform-1789116506162-27 D1 MODE_SWITCH_OK state=MODE_SWITCH_OK attempts=1 streak=0
[2026-09-11T08:48:26.453Z] batch=field-waveform-1789116506162-27 D6 MODE_SWITCH_START state=MODE_SWITCHING attempts=1 streak=0 attempt=1
[2026-09-11T08:48:26.454Z] batch=field-waveform-1789116506162-27 D6 MODE_SWITCH_OK state=MODE_SWITCH_OK attempts=1 streak=0
[2026-09-11T08:48:36.442Z] batch=field-waveform-1789116506162-27 D2 MODE_SWITCH_START state=MODE_SWITCHING attempts=1 streak=0 attempt=1
[2026-09-11T08:48:36.446Z] batch=field-waveform-1789116506162-27 D2 MODE_SWITCH_OK state=MODE_SWITCH_OK attempts=1 streak=0
[2026-09-11T08:48:36.448Z] batch=field-waveform-1789116506162-27 D4 MODE_SWITCH_START state=MODE_SWITCHING attempts=1 streak=0 attempt=1
[2026-09-11T08:48:36.455Z] batch=field-waveform-1789116506162-27 D4 MODE_SWITCH_OK state=MODE_SWITCH_OK attempts=1 streak=0
[2026-09-11T08:48:36.458Z] batch=field-waveform-1789116506162-27 D3 MODE_SWITCH_START state=MODE_SWITCHING attempts=1 streak=0 attempt=1
[2026-09-11T08:48:36.459Z] batch=field-waveform-1789116506162-27 D3 MODE_SWITCH_OK state=MODE_SWITCH_OK attempts=1 streak=0
[2026-09-11T08:48:36.459Z] batch=field-waveform-1789116506162-27 D5 MODE_SWITCH_START state=MODE_SWITCHING attempts=1 streak=0 attempt=1
[2026-09-11T08:48:36.461Z] batch=field-waveform-1789116506162-27 D5 MODE_SWITCH_OK state=MODE_SWITCH_OK attempts=1 streak=0
[2026-09-11T08:48:36.461Z] batch=field-waveform-1789116506162-27 D1 MODE_SWITCH_START state=MODE_SWITCHING attempts=1 streak=0 attempt=1
[2026-09-11T08:48:36.462Z] batch=field-waveform-1789116506162-27 D1 MODE_SWITCH_OK state=MODE_SWITCH_OK attempts=1 streak=0
[2026-09-11T08:48:36.463Z] batch=field-waveform-1789116506162-27 D6 MODE_SWITCH_START state=MODE_SWITCHING attempts=1 streak=0 attempt=1
[2026-09-11T08:48:36.464Z] batch=field-waveform-1789116506162-27 D6 MODE_SWITCH_OK state=MODE_SWITCH_OK attempts=1 streak=0
