[2026-09-10T02:52:21.712Z] batch=field-waveform-1789008740471-5 D3 MODE_SWITCH_START state=MODE_SWITCHING attempts=1 streak=0 attempt=1
[2026-09-10T02:52:21.724Z] batch=field-waveform-1789008740471-5 D3 MODE_SWITCH_OK state=MODE_SWITCH_OK attempts=1 streak=0
[2026-09-10T02:52:21.726Z] batch=field-waveform-1789008740471-5 D4 MODE_SWITCH_START state=MODE_SWITCHING attempts=1 streak=0 attempt=1
[2026-09-10T02:52:21.736Z] batch=field-waveform-1789008740471-5 D4 MODE_SWITCH_OK state=MODE_SWITCH_OK attempts=1 streak=0
[2026-09-10T02:52:21.740Z] batch=field-waveform-1789008740471-5 D1 MODE_SWITCH_START state=MODE_SWITCHING attempts=1 streak=0 attempt=1
[2026-09-10T02:52:21.753Z] batch=field-waveform-1789008740471-5 D1 MODE_SWITCH_OK state=MODE_SWITCH_OK attempts=1 streak=0
[2026-09-10T02:52:21.754Z] batch=field-waveform-1789008740471-5 D2 MODE_SWITCH_START state=MODE_SWITCHING attempts=1 streak=0 attempt=1
[2026-09-10T02:52:21.758Z] batch=field-waveform-1789008740471-5 D2 MODE_SWITCH_OK state=MODE_SWITCH_OK attempts=1 streak=0
[2026-09-10T02:52:21.760Z] batch=field-waveform-1789008740471-5 D6 MODE_SWITCH_START state=MODE_SWITCHING attempts=1 streak=0 attempt=1
[2026-09-10T02:52:21.761Z] batch=field-waveform-1789008740471-5 D6 MODE_SWITCH_OK state=MODE_SWITCH_OK attempts=1 streak=0
[2026-09-10T02:52:21.773Z] batch=field-waveform-1789008740471-5 D5 MODE_SWITCH_START state=MODE_SWITCHING attempts=1 streak=0 attempt=1
[2026-09-10T02:52:21.775Z] batch=field-waveform-1789008740471-5 D5 MODE_SWITCH_OK state=MODE_SWITCH_OK attempts=1 streak=0
[2026-09-10T02:52:31.726Z] batch=field-waveform-1789008740471-5 D3 MODE_SWITCH_START state=MODE_SWITCHING attempts=1 streak=0 attempt=1
[2026-09-10T02:52:31.735Z] batch=field-waveform-1789008740471-5 D3 MODE_SWITCH_OK state=MODE_SWITCH_OK attempts=1 streak=0
[2026-09-10T02:52:31.736Z] batch=field-waveform-1789008740471-5 D4 MODE_SWITCH_START state=MODE_SWITCHING attempts=1 streak=0 attempt=1
[2026-09-10T02:52:31.742Z] batch=field-waveform-1789008740471-5 D4 MODE_SWITCH_OK state=MODE_SWITCH_OK attempts=1 streak=0
[2026-09-10T02:52:31.760Z] batch=field-waveform-1789008740471-5 D1 MODE_SWITCH_START state=MODE_SWITCHING attempts=1 streak=0 attempt=1
[2026-09-10T02:52:31.762Z] batch=field-waveform-1789008740471-5 D1 MODE_SWITCH_OK state=MODE_SWITCH_OK attempts=1 streak=0
[2026-09-10T02:52:31.763Z] batch=field-waveform-1789008740471-5 D2 MODE_SWITCH_START state=MODE_SWITCHING attempts=1 streak=0 attempt=1
[2026-09-10T02:52:31.764Z] batch=field-waveform-1789008740471-5 D2 MODE_SWITCH_OK state=MODE_SWITCH_OK attempts=1 streak=0
[2026-09-10T02:52:31.766Z] batch=field-waveform-1789008740471-5 D6 MODE_SWITCH_START state=MODE_SWITCHING attempts=1 streak=0 attempt=1
[2026-09-10T02:52:31.767Z] batch=field-waveform-1789008740471-5 D6 MODE_SWITCH_OK state=MODE_SWITCH_OK attempts=1 streak=0
[2026-09-10T02:52:31.785Z] batch=field-waveform-1789008740471-5 D5 MODE_SWITCH_START state=MODE_SWITCHING attempts=1 streak=0 attempt=1
[2026-09-10T02:52:31.786Z] batch=field-waveform-1789008740471-5 D5 MODE_SWITCH_OK state=MODE_SWITCH_OK attempts=1 streak=0
[2026-09-10T02:52:41.751Z] batch=field-waveform-1789008740471-5 D3 MODE_SWITCH_START state=MODE_SWITCHING attempts=1 streak=0 attempt=1
[2026-09-10T02:52:41.752Z] batch=field-waveform-1789008740471-5 D3 MODE_SWITCH_OK state=MODE_SWITCH_OK attempts=1 streak=0
[2026-09-10T02:52:41.753Z] batch=field-waveform-1789008740471-5 D4 MODE_SWITCH_START state=MODE_SWITCHING attempts=1 streak=0 attempt=1
[2026-09-10T02:52:41.754Z] batch=field-waveform-1789008740471-5 D4 MODE_SWITCH_OK state=MODE_SWITCH_OK attempts=1 streak=0
[2026-09-10T02:52:41.763Z] batch=field-waveform-1789008740471-5 D1 MODE_SWITCH_START state=MODE_SWITCHING attempts=1 streak=0 attempt=1
[2026-09-10T02:52:41.770Z] batch=field-waveform-1789008740471-5 D1 MODE_SWITCH_OK state=MODE_SWITCH_OK attempts=1 streak=0
[2026-09-10T02:52:41.771Z] batch=field-waveform-1789008740471-5 D2 MODE_SWITCH_START state=MODE_SWITCHING attempts=1 streak=0 attempt=1
[2026-09-10T02:52:41.773Z] batch=field-waveform-1789008740471-5 D2 MODE_SWITCH_OK state=MODE_SWITCH_OK attempts=1 streak=0
[2026-09-10T02:52:41.773Z] batch=field-waveform-1789008740471-5 D6 MODE_SWITCH_START state=MODE_SWITCHING attempts=1 streak=0 attempt=1
[2026-09-10T02:52:41.775Z] batch=field-waveform-1789008740471-5 D6 MODE_SWITCH_OK state=MODE_SWITCH_OK attempts=1 streak=0
[2026-09-10T02:52:41.788Z] batch=field-waveform-1789008740471-5 D5 MODE_SWITCH_START state=MODE_SWITCHING attempts=1 streak=0 attempt=1
[2026-09-10T02:52:41.789Z] batch=field-waveform-1789008740471-5 D5 MODE_SWITCH_OK state=MODE_SWITCH_OK attempts=1 streak=0
[2026-09-10T02:52:51.763Z] batch=field-waveform-1789008740471-5 D3 MODE_SWITCH_START state=MODE_SWITCHING attempts=1 streak=0 attempt=1
[2026-09-10T02:52:51.787Z] batch=field-waveform-1789008740471-5 D3 MODE_SWITCH_OK state=MODE_SWITCH_OK attempts=1 streak=0
[2026-09-10T02:52:51.789Z] batch=field-waveform-1789008740471-5 D4 MODE_SWITCH_START state=MODE_SWITCHING attempts=1 streak=0 attempt=1
[2026-09-10T02:52:51.791Z] batch=field-waveform-1789008740471-5 D4 MODE_SWITCH_OK state=MODE_SWITCH_OK attempts=1 streak=0
[2026-09-10T02:52:51.793Z] batch=field-waveform-1789008740471-5 D1 MODE_SWITCH_START state=MODE_SWITCHING attempts=1 streak=0 attempt=1
[2026-09-10T02:52:51.814Z] batch=field-waveform-1789008740471-5 D1 MODE_SWITCH_OK state=MODE_SWITCH_OK attempts=1 streak=0
[2026-09-10T02:52:51.824Z] batch=field-waveform-1789008740471-5 D2 MODE_SWITCH_START state=MODE_SWITCHING attempts=1 streak=0 attempt=1
[2026-09-10T02:52:51.828Z] batch=field-waveform-1789008740471-5 D2 MODE_SWITCH_OK state=MODE_SWITCH_OK attempts=1 streak=0
[2026-09-10T02:52:51.829Z] batch=field-waveform-1789008740471-5 D6 MODE_SWITCH_START state=MODE_SWITCHING attempts=1 streak=0 attempt=1
[2026-09-10T02:52:51.830Z] batch=field-waveform-1789008740471-5 D6 MODE_SWITCH_OK state=MODE_SWITCH_OK attempts=1 streak=0
[2026-09-10T02:52:51.831Z] batch=field-waveform-1789008740471-5 D5 MODE_SWITCH_START state=MODE_SWITCHING attempts=1 streak=0 attempt=1
[2026-09-10T02:52:51.832Z] batch=field-waveform-1789008740471-5 D5 MODE_SWITCH_OK state=MODE_SWITCH_OK attempts=1 streak=0
[2026-09-10T02:52:56.832Z] batch=field-waveform-1789008740471-5 D4 FIRST_FRAME state=FIRST_FRAME_RECEIVED attempts=1 streak=1
[2026-09-10T02:52:56.832Z] batch=field-waveform-1789008740471-5 D4 FIRST_VALID_SAMPLE state=FIRST_FRAME_RECEIVED attempts=1 streak=1
[2026-09-10T02:52:56.855Z] batch=field-waveform-1789008740471-5 D3 FIRST_FRAME state=FIRST_FRAME_RECEIVED attempts=1 streak=1
[2026-09-10T02:52:56.855Z] batch=field-waveform-1789008740471-5 D3 FIRST_VALID_SAMPLE state=FIRST_FRAME_RECEIVED attempts=1 streak=1
[2026-09-10T02:52:56.874Z] batch=field-waveform-1789008740471-5 D5 FIRST_FRAME state=FIRST_FRAME_RECEIVED attempts=1 streak=1
[2026-09-10T02:52:56.875Z] batch=field-waveform-1789008740471-5 D5 FIRST_VALID_SAMPLE state=FIRST_FRAME_RECEIVED attempts=1 streak=1
[2026-09-10T02:52:56.884Z] batch=field-waveform-1789008740471-5 D1 FIRST_FRAME state=FIRST_FRAME_RECEIVED attempts=1 streak=1
[2026-09-10T02:52:56.884Z] batch=field-waveform-1789008740471-5 D1 FIRST_VALID_SAMPLE state=FIRST_FRAME_RECEIVED attempts=1 streak=1
[2026-09-10T02:52:56.895Z] batch=field-waveform-1789008740471-5 D2 FIRST_FRAME state=FIRST_FRAME_RECEIVED attempts=1 streak=1
[2026-09-10T02:52:56.896Z] batch=field-waveform-1789008740471-5 D2 FIRST_VALID_SAMPLE state=FIRST_FRAME_RECEIVED attempts=1 streak=1
[2026-09-10T02:52:56.903Z] batch=field-waveform-1789008740471-5 D6 FIRST_FRAME state=FIRST_FRAME_RECEIVED attempts=1 streak=1
[2026-09-10T02:52:56.903Z] batch=field-waveform-1789008740471-5 D6 FIRST_VALID_SAMPLE state=FIRST_FRAME_RECEIVED attempts=1 streak=1
[2026-09-10T02:52:57.086Z] batch=field-waveform-1789008740471-5 D4 CHANNEL_SYNC_OK state=TEST_READY attempts=1 streak=5
[2026-09-10T02:52:57.087Z] batch=field-waveform-1789008740471-5 D4 TEST_READY state=TEST_READY attempts=1 streak=5
[2026-09-10T02:52:57.127Z] batch=field-waveform-1789008740471-5 D3 CHANNEL_SYNC_OK state=TEST_READY attempts=1 streak=5
[2026-09-10T02:52:57.127Z] batch=field-waveform-1789008740471-5 D3 TEST_READY state=TEST_READY attempts=1 streak=5
[2026-09-10T02:52:57.145Z] batch=field-waveform-1789008740471-5 D5 CHANNEL_SYNC_OK state=TEST_READY attempts=1 streak=5
[2026-09-10T02:52:57.146Z] batch=field-waveform-1789008740471-5 D5 TEST_READY state=TEST_READY attempts=1 streak=5
[2026-09-10T02:52:57.151Z] batch=field-waveform-1789008740471-5 D2 CHANNEL_SYNC_OK state=TEST_READY attempts=1 streak=5
[2026-09-10T02:52:57.151Z] batch=field-waveform-1789008740471-5 D2 TEST_READY state=TEST_READY attempts=1 streak=5
[2026-09-10T02:52:57.152Z] batch=field-waveform-1789008740471-5 D6 CHANNEL_SYNC_OK state=TEST_READY attempts=1 streak=5
[2026-09-10T02:52:57.152Z] batch=field-waveform-1789008740471-5 D6 TEST_READY state=TEST_READY attempts=1 streak=5
[2026-09-10T02:52:57.156Z] batch=field-waveform-1789008740471-5 D1 CHANNEL_SYNC_OK state=TEST_READY attempts=1 streak=5
[2026-09-10T02:52:57.156Z] batch=field-waveform-1789008740471-5 D1 TEST_READY state=TEST_READY attempts=1 streak=5
[2026-09-10T02:53:09.678Z] batch=field-waveform-1789008740471-5 D3 MODE_SWITCH_START state=MODE_SWITCHING attempts=1 streak=0 attempt=1
[2026-09-10T02:53:09.684Z] batch=field-waveform-1789008740471-5 D3 MODE_SWITCH_OK state=MODE_SWITCH_OK attempts=1 streak=0
[2026-09-10T02:53:09.705Z] batch=field-waveform-1789008740471-5 D5 MODE_SWITCH_START state=MODE_SWITCHING attempts=1 streak=0 attempt=1
[2026-09-10T02:53:09.708Z] batch=field-waveform-1789008740471-5 D5 MODE_SWITCH_OK state=MODE_SWITCH_OK attempts=1 streak=0
[2026-09-10T02:53:09.711Z] batch=field-waveform-1789008740471-5 D1 MODE_SWITCH_START state=MODE_SWITCHING attempts=1 streak=0 attempt=1
[2026-09-10T02:53:09.713Z] batch=field-waveform-1789008740471-5 D1 MODE_SWITCH_OK state=MODE_SWITCH_OK attempts=1 streak=0
[2026-09-10T02:53:09.714Z] batch=field-waveform-1789008740471-5 D2 MODE_SWITCH_START state=MODE_SWITCHING attempts=1 streak=0 attempt=1
[2026-09-10T02:53:09.715Z] batch=field-waveform-1789008740471-5 D2 MODE_SWITCH_OK state=MODE_SWITCH_OK attempts=1 streak=0
[2026-09-10T02:53:09.719Z] batch=field-waveform-1789008740471-5 D4 MODE_SWITCH_START state=MODE_SWITCHING attempts=1 streak=0 attempt=1
[2026-09-10T02:53:09.721Z] batch=field-waveform-1789008740471-5 D4 MODE_SWITCH_OK state=MODE_SWITCH_OK attempts=1 streak=0
[2026-09-10T02:53:16.341Z] batch=field-waveform-1789008740471-5 D1 FIRST_FRAME state=FIRST_FRAME_RECEIVED attempts=1 streak=1
[2026-09-10T02:53:16.341Z] batch=field-waveform-1789008740471-5 D1 FIRST_VALID_SAMPLE state=FIRST_FRAME_RECEIVED attempts=1 streak=1
[2026-09-10T02:53:16.342Z] batch=field-waveform-1789008740471-5 D4 FIRST_FRAME state=FIRST_FRAME_RECEIVED attempts=1 streak=1
[2026-09-10T02:53:16.342Z] batch=field-waveform-1789008740471-5 D4 FIRST_VALID_SAMPLE state=FIRST_FRAME_RECEIVED attempts=1 streak=1
[2026-09-10T02:53:16.361Z] batch=field-waveform-1789008740471-5 D3 FIRST_FRAME state=FIRST_FRAME_RECEIVED attempts=1 streak=1
[2026-09-10T02:53:16.361Z] batch=field-waveform-1789008740471-5 D3 FIRST_VALID_SAMPLE state=FIRST_FRAME_RECEIVED attempts=1 streak=1
[2026-09-10T02:53:16.379Z] batch=field-waveform-1789008740471-5 D5 FIRST_FRAME state=FIRST_FRAME_RECEIVED attempts=1 streak=1
[2026-09-10T02:53:16.380Z] batch=field-waveform-1789008740471-5 D5 FIRST_VALID_SAMPLE state=FIRST_FRAME_RECEIVED attempts=1 streak=1
[2026-09-10T02:53:16.593Z] batch=field-waveform-1789008740471-5 D1 CHANNEL_SYNC_OK state=TEST_READY attempts=1 streak=5
[2026-09-10T02:53:16.594Z] batch=field-waveform-1789008740471-5 D1 TEST_READY state=TEST_READY attempts=1 streak=5
[2026-09-10T02:53:16.618Z] batch=field-waveform-1789008740471-5 D4 CHANNEL_SYNC_OK state=TEST_READY attempts=1 streak=5
[2026-09-10T02:53:16.618Z] batch=field-waveform-1789008740471-5 D4 TEST_READY state=TEST_READY attempts=1 streak=5
[2026-09-10T02:53:16.662Z] batch=field-waveform-1789008740471-5 D3 CHANNEL_SYNC_OK state=TEST_READY attempts=1 streak=5
[2026-09-10T02:53:16.662Z] batch=field-waveform-1789008740471-5 D3 TEST_READY state=TEST_READY attempts=1 streak=5
[2026-09-10T02:53:16.664Z] batch=field-waveform-1789008740471-5 D5 CHANNEL_SYNC_OK state=TEST_READY attempts=1 streak=5
[2026-09-10T02:53:16.664Z] batch=field-waveform-1789008740471-5 D5 TEST_READY state=TEST_READY attempts=1 streak=5
[2026-09-10T02:53:18.702Z] batch=field-waveform-1789008740471-5 D2 FIRST_FRAME state=FIRST_FRAME_RECEIVED attempts=1 streak=1
[2026-09-10T02:53:18.703Z] batch=field-waveform-1789008740471-5 D2 FIRST_VALID_SAMPLE state=FIRST_FRAME_RECEIVED attempts=1 streak=1
[2026-09-10T02:53:18.952Z] batch=field-waveform-1789008740471-5 D2 CHANNEL_SYNC_OK state=TEST_READY attempts=1 streak=5
[2026-09-10T02:53:18.952Z] batch=field-waveform-1789008740471-5 D2 TEST_READY state=TEST_READY attempts=1 streak=5
[2026-09-10T02:53:59.731Z] batch=field-waveform-1789008740471-5 D3 MODE_SWITCH_START state=MODE_SWITCHING attempts=1 streak=0 attempt=1
[2026-09-10T02:53:59.742Z] batch=field-waveform-1789008740471-5 D3 MODE_SWITCH_OK state=MODE_SWITCH_OK attempts=1 streak=0
[2026-09-10T02:53:59.863Z] batch=field-waveform-1789008740471-5 D6 MODE_SWITCH_START state=MODE_SWITCHING attempts=1 streak=0 attempt=1
[2026-09-10T02:53:59.875Z] batch=field-waveform-1789008740471-5 D6 MODE_SWITCH_OK state=MODE_SWITCH_OK attempts=1 streak=0
[2026-09-10T02:53:59.883Z] batch=field-waveform-1789008740471-5 D1 MODE_SWITCH_START state=MODE_SWITCHING attempts=1 streak=0 attempt=1
[2026-09-10T02:53:59.885Z] batch=field-waveform-1789008740471-5 D1 MODE_SWITCH_OK state=MODE_SWITCH_OK attempts=1 streak=0
[2026-09-10T02:53:59.894Z] batch=field-waveform-1789008740471-5 D2 MODE_SWITCH_START state=MODE_SWITCHING attempts=1 streak=0 attempt=1
[2026-09-10T02:53:59.896Z] batch=field-waveform-1789008740471-5 D2 MODE_SWITCH_OK state=MODE_SWITCH_OK attempts=1 streak=0
[2026-09-10T02:53:59.905Z] batch=field-waveform-1789008740471-5 D4 MODE_SWITCH_START state=MODE_SWITCHING attempts=1 streak=0 attempt=1
[2026-09-10T02:53:59.907Z] batch=field-waveform-1789008740471-5 D4 MODE_SWITCH_OK state=MODE_SWITCH_OK attempts=1 streak=0
[2026-09-10T02:53:59.914Z] batch=field-waveform-1789008740471-5 D5 MODE_SWITCH_START state=MODE_SWITCHING attempts=1 streak=0 attempt=1
[2026-09-10T02:53:59.921Z] batch=field-waveform-1789008740471-5 D5 MODE_SWITCH_OK state=MODE_SWITCH_OK attempts=1 streak=0
[2026-09-10T02:54:09.801Z] batch=field-waveform-1789008740471-5 D3 MODE_SWITCH_START state=MODE_SWITCHING attempts=1 streak=0 attempt=1
[2026-09-10T02:54:09.809Z] batch=field-waveform-1789008740471-5 D3 MODE_SWITCH_OK state=MODE_SWITCH_OK attempts=1 streak=0
[2026-09-10T02:54:10.031Z] batch=field-waveform-1789008740471-5 D6 MODE_SWITCH_START state=MODE_SWITCHING attempts=1 streak=0 attempt=1
[2026-09-10T02:54:10.039Z] batch=field-waveform-1789008740471-5 D6 MODE_SWITCH_OK state=MODE_SWITCH_OK attempts=1 streak=0
[2026-09-10T02:54:10.046Z] batch=field-waveform-1789008740471-5 D1 MODE_SWITCH_START state=MODE_SWITCHING attempts=1 streak=0 attempt=1
[2026-09-10T02:54:10.048Z] batch=field-waveform-1789008740471-5 D1 MODE_SWITCH_OK state=MODE_SWITCH_OK attempts=1 streak=0
[2026-09-10T02:54:10.055Z] batch=field-waveform-1789008740471-5 D2 MODE_SWITCH_START state=MODE_SWITCHING attempts=1 streak=0 attempt=1
[2026-09-10T02:54:10.063Z] batch=field-waveform-1789008740471-5 D2 MODE_SWITCH_OK state=MODE_SWITCH_OK attempts=1 streak=0
[2026-09-10T02:54:10.072Z] batch=field-waveform-1789008740471-5 D4 MODE_SWITCH_START state=MODE_SWITCHING attempts=1 streak=0 attempt=1
[2026-09-10T02:54:10.074Z] batch=field-waveform-1789008740471-5 D4 MODE_SWITCH_OK state=MODE_SWITCH_OK attempts=1 streak=0
[2026-09-10T02:54:10.083Z] batch=field-waveform-1789008740471-5 D5 MODE_SWITCH_START state=MODE_SWITCHING attempts=1 streak=0 attempt=1
[2026-09-10T02:54:10.085Z] batch=field-waveform-1789008740471-5 D5 MODE_SWITCH_OK state=MODE_SWITCH_OK attempts=1 streak=0
[2026-09-10T02:54:14.911Z] batch=field-waveform-1789008740471-5 D3 FIRST_FRAME state=FIRST_FRAME_RECEIVED attempts=1 streak=1
[2026-09-10T02:54:14.912Z] batch=field-waveform-1789008740471-5 D3 FIRST_VALID_SAMPLE state=FIRST_FRAME_RECEIVED attempts=1 streak=1
[2026-09-10T02:54:15.122Z] batch=field-waveform-1789008740471-5 D1 FIRST_FRAME state=FIRST_FRAME_RECEIVED attempts=1 streak=1
[2026-09-10T02:54:15.122Z] batch=field-waveform-1789008740471-5 D1 FIRST_VALID_SAMPLE state=FIRST_FRAME_RECEIVED attempts=1 streak=1
[2026-09-10T02:54:15.221Z] batch=field-waveform-1789008740471-5 D6 FIRST_FRAME state=FIRST_FRAME_RECEIVED attempts=1 streak=1
[2026-09-10T02:54:15.222Z] batch=field-waveform-1789008740471-5 D6 FIRST_VALID_SAMPLE state=FIRST_FRAME_RECEIVED attempts=1 streak=1
[2026-09-10T02:54:15.224Z] batch=field-waveform-1789008740471-5 D5 FIRST_FRAME state=FIRST_FRAME_RECEIVED attempts=1 streak=1
[2026-09-10T02:54:15.224Z] batch=field-waveform-1789008740471-5 D5 FIRST_VALID_SAMPLE state=FIRST_FRAME_RECEIVED attempts=1 streak=1
[2026-09-10T02:54:15.226Z] batch=field-waveform-1789008740471-5 D3 CHANNEL_SYNC_OK state=TEST_READY attempts=1 streak=5
[2026-09-10T02:54:15.226Z] batch=field-waveform-1789008740471-5 D3 TEST_READY state=TEST_READY attempts=1 streak=5
[2026-09-10T02:54:15.316Z] batch=field-waveform-1789008740471-5 D2 FIRST_FRAME state=FIRST_FRAME_RECEIVED attempts=1 streak=1
[2026-09-10T02:54:15.316Z] batch=field-waveform-1789008740471-5 D2 FIRST_VALID_SAMPLE state=FIRST_FRAME_RECEIVED attempts=1 streak=1
[2026-09-10T02:54:15.349Z] batch=field-waveform-1789008740471-5 D2 CHANNEL_SYNC_OK state=TEST_READY attempts=1 streak=5
[2026-09-10T02:54:15.349Z] batch=field-waveform-1789008740471-5 D2 TEST_READY state=TEST_READY attempts=1 streak=5
[2026-09-10T02:54:15.387Z] batch=field-waveform-1789008740471-5 D1 CHANNEL_SYNC_OK state=TEST_READY attempts=1 streak=5
[2026-09-10T02:54:15.387Z] batch=field-waveform-1789008740471-5 D1 TEST_READY state=TEST_READY attempts=1 streak=5
[2026-09-10T02:54:15.388Z] batch=field-waveform-1789008740471-5 D4 FIRST_FRAME state=FIRST_FRAME_RECEIVED attempts=1 streak=1
[2026-09-10T02:54:15.388Z] batch=field-waveform-1789008740471-5 D4 FIRST_VALID_SAMPLE state=FIRST_FRAME_RECEIVED attempts=1 streak=1
[2026-09-10T02:54:15.393Z] batch=field-waveform-1789008740471-5 D5 CHANNEL_SYNC_OK state=TEST_READY attempts=1 streak=5
[2026-09-10T02:54:15.393Z] batch=field-waveform-1789008740471-5 D5 TEST_READY state=TEST_READY attempts=1 streak=5
[2026-09-10T02:54:15.395Z] batch=field-waveform-1789008740471-5 D6 CHANNEL_SYNC_OK state=TEST_READY attempts=1 streak=5
[2026-09-10T02:54:15.396Z] batch=field-waveform-1789008740471-5 D6 TEST_READY state=TEST_READY attempts=1 streak=5
[2026-09-10T02:54:15.556Z] batch=field-waveform-1789008740471-5 D4 CHANNEL_SYNC_OK state=TEST_READY attempts=1 streak=5
[2026-09-10T02:54:15.556Z] batch=field-waveform-1789008740471-5 D4 TEST_READY state=TEST_READY attempts=1 streak=5
