[2026-09-18T06:56:14.976Z] batch=field-waveform-1789714574974-39 D1 MODE_SWITCH_START state=MODE_SWITCHING attempts=1 streak=0 attempt=1
[2026-09-18T06:56:14.978Z] batch=field-waveform-1789714574974-39 D2 MODE_SWITCH_START state=MODE_SWITCHING attempts=1 streak=0 attempt=1
[2026-09-18T06:56:14.979Z] batch=field-waveform-1789714574974-39 D3 MODE_SWITCH_START state=MODE_SWITCHING attempts=1 streak=0 attempt=1
[2026-09-18T06:56:14.981Z] batch=field-waveform-1789714574974-39 D4 MODE_SWITCH_START state=MODE_SWITCHING attempts=1 streak=0 attempt=1
[2026-09-18T06:56:14.981Z] batch=field-waveform-1789714574974-39 D5 MODE_SWITCH_START state=MODE_SWITCHING attempts=1 streak=0 attempt=1
[2026-09-18T06:56:14.982Z] batch=field-waveform-1789714574974-39 D6 MODE_SWITCH_START state=MODE_SWITCHING attempts=1 streak=0 attempt=1
[2026-09-18T06:56:14.985Z] batch=field-waveform-1789714574974-39 D1 MODE_SWITCH_OK state=MODE_SWITCH_OK attempts=1 streak=0
[2026-09-18T06:56:14.985Z] batch=field-waveform-1789714574974-39 D2 MODE_SWITCH_OK state=MODE_SWITCH_OK attempts=1 streak=0
[2026-09-18T06:56:14.986Z] batch=field-waveform-1789714574974-39 D3 MODE_SWITCH_OK state=MODE_SWITCH_OK attempts=1 streak=0
[2026-09-18T06:56:14.986Z] batch=field-waveform-1789714574974-39 D4 MODE_SWITCH_OK state=MODE_SWITCH_OK attempts=1 streak=0
[2026-09-18T06:56:14.986Z] batch=field-waveform-1789714574974-39 D5 MODE_SWITCH_OK state=MODE_SWITCH_OK attempts=1 streak=0
[2026-09-18T06:56:14.987Z] batch=field-waveform-1789714574974-39 D6 MODE_SWITCH_OK state=MODE_SWITCH_OK attempts=1 streak=0
[2026-09-18T06:56:16.741Z] batch=field-waveform-1789714574974-39 D5 MODE_SWITCH_START state=MODE_SWITCHING attempts=1 streak=0 attempt=1
[2026-09-18T06:56:16.742Z] batch=field-waveform-1789714574974-39 D5 MODE_SWITCH_OK state=MODE_SWITCH_OK attempts=1 streak=0
[2026-09-18T06:56:16.743Z] batch=field-waveform-1789714574974-39 D2 MODE_SWITCH_START state=MODE_SWITCHING attempts=1 streak=0 attempt=1
[2026-09-18T06:56:16.743Z] batch=field-waveform-1789714574974-39 D2 MODE_SWITCH_OK state=MODE_SWITCH_OK attempts=1 streak=0
[2026-09-18T06:56:16.744Z] batch=field-waveform-1789714574974-39 D4 MODE_SWITCH_START state=MODE_SWITCHING attempts=1 streak=0 attempt=1
[2026-09-18T06:56:16.745Z] batch=field-waveform-1789714574974-39 D4 MODE_SWITCH_OK state=MODE_SWITCH_OK attempts=1 streak=0
[2026-09-18T06:56:16.745Z] batch=field-waveform-1789714574974-39 D6 MODE_SWITCH_START state=MODE_SWITCHING attempts=1 streak=0 attempt=1
[2026-09-18T06:56:16.746Z] batch=field-waveform-1789714574974-39 D6 MODE_SWITCH_OK state=MODE_SWITCH_OK attempts=1 streak=0
[2026-09-18T06:56:16.746Z] batch=field-waveform-1789714574974-39 D1 MODE_SWITCH_START state=MODE_SWITCHING attempts=1 streak=0 attempt=1
[2026-09-18T06:56:16.747Z] batch=field-waveform-1789714574974-39 D1 MODE_SWITCH_OK state=MODE_SWITCH_OK attempts=1 streak=0
[2026-09-18T06:56:16.747Z] batch=field-waveform-1789714574974-39 D3 MODE_SWITCH_START state=MODE_SWITCHING attempts=1 streak=0 attempt=1
[2026-09-18T06:56:16.748Z] batch=field-waveform-1789714574974-39 D3 MODE_SWITCH_OK state=MODE_SWITCH_OK attempts=1 streak=0
[2026-09-18T06:56:26.747Z] batch=field-waveform-1789714574974-39 D5 MODE_SWITCH_START state=MODE_SWITCHING attempts=1 streak=0 attempt=1
[2026-09-18T06:56:26.748Z] batch=field-waveform-1789714574974-39 D5 MODE_SWITCH_OK state=MODE_SWITCH_OK attempts=1 streak=0
[2026-09-18T06:56:26.750Z] batch=field-waveform-1789714574974-39 D2 MODE_SWITCH_START state=MODE_SWITCHING attempts=1 streak=0 attempt=1
[2026-09-18T06:56:26.751Z] batch=field-waveform-1789714574974-39 D2 MODE_SWITCH_OK state=MODE_SWITCH_OK attempts=1 streak=0
[2026-09-18T06:56:26.753Z] batch=field-waveform-1789714574974-39 D4 MODE_SWITCH_START state=MODE_SWITCHING attempts=1 streak=0 attempt=1
[2026-09-18T06:56:26.754Z] batch=field-waveform-1789714574974-39 D4 MODE_SWITCH_OK state=MODE_SWITCH_OK attempts=1 streak=0
[2026-09-18T06:56:26.755Z] batch=field-waveform-1789714574974-39 D6 MODE_SWITCH_START state=MODE_SWITCHING attempts=1 streak=0 attempt=1
[2026-09-18T06:56:26.756Z] batch=field-waveform-1789714574974-39 D6 MODE_SWITCH_OK state=MODE_SWITCH_OK attempts=1 streak=0
[2026-09-18T06:56:26.757Z] batch=field-waveform-1789714574974-39 D1 MODE_SWITCH_START state=MODE_SWITCHING attempts=1 streak=0 attempt=1
[2026-09-18T06:56:26.758Z] batch=field-waveform-1789714574974-39 D1 MODE_SWITCH_OK state=MODE_SWITCH_OK attempts=1 streak=0
[2026-09-18T06:56:26.759Z] batch=field-waveform-1789714574974-39 D3 MODE_SWITCH_START state=MODE_SWITCHING attempts=1 streak=0 attempt=1
[2026-09-18T06:56:26.760Z] batch=field-waveform-1789714574974-39 D3 MODE_SWITCH_OK state=MODE_SWITCH_OK attempts=1 streak=0
[2026-09-18T06:56:36.756Z] batch=field-waveform-1789714574974-39 D5 MODE_SWITCH_START state=MODE_SWITCHING attempts=1 streak=0 attempt=1
[2026-09-18T06:56:36.757Z] batch=field-waveform-1789714574974-39 D5 MODE_SWITCH_OK state=MODE_SWITCH_OK attempts=1 streak=0
[2026-09-18T06:56:36.759Z] batch=field-waveform-1789714574974-39 D2 MODE_SWITCH_START state=MODE_SWITCHING attempts=1 streak=0 attempt=1
[2026-09-18T06:56:36.761Z] batch=field-waveform-1789714574974-39 D2 MODE_SWITCH_OK state=MODE_SWITCH_OK attempts=1 streak=0
[2026-09-18T06:56:36.763Z] batch=field-waveform-1789714574974-39 D4 MODE_SWITCH_START state=MODE_SWITCHING attempts=1 streak=0 attempt=1
[2026-09-18T06:56:36.764Z] batch=field-waveform-1789714574974-39 D4 MODE_SWITCH_OK state=MODE_SWITCH_OK attempts=1 streak=0
[2026-09-18T06:56:36.765Z] batch=field-waveform-1789714574974-39 D6 MODE_SWITCH_START state=MODE_SWITCHING attempts=1 streak=0 attempt=1
[2026-09-18T06:56:36.767Z] batch=field-waveform-1789714574974-39 D6 MODE_SWITCH_OK state=MODE_SWITCH_OK attempts=1 streak=0
[2026-09-18T06:56:36.769Z] batch=field-waveform-1789714574974-39 D1 MODE_SWITCH_START state=MODE_SWITCHING attempts=1 streak=0 attempt=1
[2026-09-18T06:56:36.772Z] batch=field-waveform-1789714574974-39 D1 MODE_SWITCH_OK state=MODE_SWITCH_OK attempts=1 streak=0
[2026-09-18T06:56:36.773Z] batch=field-waveform-1789714574974-39 D3 MODE_SWITCH_START state=MODE_SWITCHING attempts=1 streak=0 attempt=1
[2026-09-18T06:56:36.776Z] batch=field-waveform-1789714574974-39 D3 MODE_SWITCH_OK state=MODE_SWITCH_OK attempts=1 streak=0
[2026-09-18T06:56:46.758Z] batch=field-waveform-1789714574974-39 D5 MODE_SWITCH_START state=MODE_SWITCHING attempts=1 streak=0 attempt=1
[2026-09-18T06:56:46.760Z] batch=field-waveform-1789714574974-39 D5 MODE_SWITCH_OK state=MODE_SWITCH_OK attempts=1 streak=0
[2026-09-18T06:56:46.775Z] batch=field-waveform-1789714574974-39 D2 MODE_SWITCH_START state=MODE_SWITCHING attempts=1 streak=0 attempt=1
[2026-09-18T06:56:46.776Z] batch=field-waveform-1789714574974-39 D2 MODE_SWITCH_OK state=MODE_SWITCH_OK attempts=1 streak=0
[2026-09-18T06:56:46.777Z] batch=field-waveform-1789714574974-39 D4 MODE_SWITCH_START state=MODE_SWITCHING attempts=1 streak=0 attempt=1
[2026-09-18T06:56:46.778Z] batch=field-waveform-1789714574974-39 D4 MODE_SWITCH_OK state=MODE_SWITCH_OK attempts=1 streak=0
[2026-09-18T06:56:46.779Z] batch=field-waveform-1789714574974-39 D6 MODE_SWITCH_START state=MODE_SWITCHING attempts=1 streak=0 attempt=1
[2026-09-18T06:56:46.780Z] batch=field-waveform-1789714574974-39 D6 MODE_SWITCH_OK state=MODE_SWITCH_OK attempts=1 streak=0
[2026-09-18T06:56:46.782Z] batch=field-waveform-1789714574974-39 D1 MODE_SWITCH_START state=MODE_SWITCHING attempts=1 streak=0 attempt=1
[2026-09-18T06:56:46.784Z] batch=field-waveform-1789714574974-39 D1 MODE_SWITCH_OK state=MODE_SWITCH_OK attempts=1 streak=0
[2026-09-18T06:56:46.786Z] batch=field-waveform-1789714574974-39 D3 MODE_SWITCH_START state=MODE_SWITCHING attempts=1 streak=0 attempt=1
[2026-09-18T06:56:46.787Z] batch=field-waveform-1789714574974-39 D3 MODE_SWITCH_OK state=MODE_SWITCH_OK attempts=1 streak=0
[2026-09-18T06:56:56.763Z] batch=field-waveform-1789714574974-39 D5 MODE_SWITCH_START state=MODE_SWITCHING attempts=1 streak=0 attempt=1
[2026-09-18T06:56:56.765Z] batch=field-waveform-1789714574974-39 D5 MODE_SWITCH_OK state=MODE_SWITCH_OK attempts=1 streak=0
[2026-09-18T06:56:56.778Z] batch=field-waveform-1789714574974-39 D2 MODE_SWITCH_START state=MODE_SWITCHING attempts=1 streak=0 attempt=1
[2026-09-18T06:56:56.794Z] batch=field-waveform-1789714574974-39 D2 MODE_SWITCH_OK state=MODE_SWITCH_OK attempts=1 streak=0
[2026-09-18T06:56:56.796Z] batch=field-waveform-1789714574974-39 D4 MODE_SWITCH_START state=MODE_SWITCHING attempts=1 streak=0 attempt=1
[2026-09-18T06:56:56.798Z] batch=field-waveform-1789714574974-39 D4 MODE_SWITCH_OK state=MODE_SWITCH_OK attempts=1 streak=0
[2026-09-18T06:56:56.799Z] batch=field-waveform-1789714574974-39 D6 MODE_SWITCH_START state=MODE_SWITCHING attempts=1 streak=0 attempt=1
[2026-09-18T06:56:56.800Z] batch=field-waveform-1789714574974-39 D6 MODE_SWITCH_OK state=MODE_SWITCH_OK attempts=1 streak=0
[2026-09-18T06:56:56.801Z] batch=field-waveform-1789714574974-39 D1 MODE_SWITCH_START state=MODE_SWITCHING attempts=1 streak=0 attempt=1
[2026-09-18T06:56:56.805Z] batch=field-waveform-1789714574974-39 D1 MODE_SWITCH_OK state=MODE_SWITCH_OK attempts=1 streak=0
[2026-09-18T06:56:56.806Z] batch=field-waveform-1789714574974-39 D3 MODE_SWITCH_START state=MODE_SWITCHING attempts=1 streak=0 attempt=1
[2026-09-18T06:56:56.807Z] batch=field-waveform-1789714574974-39 D3 MODE_SWITCH_OK state=MODE_SWITCH_OK attempts=1 streak=0
[2026-09-18T06:56:57.755Z] batch=field-waveform-1789714574974-39 D2 FIRST_FRAME state=FIRST_FRAME_RECEIVED attempts=1 streak=1
[2026-09-18T06:56:57.756Z] batch=field-waveform-1789714574974-39 D2 FIRST_VALID_SAMPLE state=FIRST_FRAME_RECEIVED attempts=1 streak=1
[2026-09-18T06:56:58.007Z] batch=field-waveform-1789714574974-39 D2 CHANNEL_SYNC_OK state=TEST_READY attempts=1 streak=5
[2026-09-18T06:56:58.007Z] batch=field-waveform-1789714574974-39 D2 TEST_READY state=TEST_READY attempts=1 streak=5
[2026-09-18T06:57:01.831Z] batch=field-waveform-1789714574974-39 D4 FIRST_FRAME state=FIRST_FRAME_RECEIVED attempts=1 streak=1
[2026-09-18T06:57:01.832Z] batch=field-waveform-1789714574974-39 D4 FIRST_VALID_SAMPLE state=FIRST_FRAME_RECEIVED attempts=1 streak=1
[2026-09-18T06:57:01.833Z] batch=field-waveform-1789714574974-39 D5 FIRST_FRAME state=FIRST_FRAME_RECEIVED attempts=1 streak=1
[2026-09-18T06:57:01.833Z] batch=field-waveform-1789714574974-39 D5 FIRST_VALID_SAMPLE state=FIRST_FRAME_RECEIVED attempts=1 streak=1
[2026-09-18T06:57:01.884Z] batch=field-waveform-1789714574974-39 D3 FIRST_FRAME state=FIRST_FRAME_RECEIVED attempts=1 streak=1
[2026-09-18T06:57:01.884Z] batch=field-waveform-1789714574974-39 D3 FIRST_VALID_SAMPLE state=FIRST_FRAME_RECEIVED attempts=1 streak=1
[2026-09-18T06:57:01.885Z] batch=field-waveform-1789714574974-39 D6 FIRST_FRAME state=FIRST_FRAME_RECEIVED attempts=1 streak=1
[2026-09-18T06:57:01.885Z] batch=field-waveform-1789714574974-39 D6 FIRST_VALID_SAMPLE state=FIRST_FRAME_RECEIVED attempts=1 streak=1
[2026-09-18T06:57:01.897Z] batch=field-waveform-1789714574974-39 D1 FIRST_FRAME state=FIRST_FRAME_RECEIVED attempts=1 streak=1
[2026-09-18T06:57:01.897Z] batch=field-waveform-1789714574974-39 D1 FIRST_VALID_SAMPLE state=FIRST_FRAME_RECEIVED attempts=1 streak=1
[2026-09-18T06:57:02.116Z] batch=field-waveform-1789714574974-39 D4 CHANNEL_SYNC_OK state=TEST_READY attempts=1 streak=5
[2026-09-18T06:57:02.117Z] batch=field-waveform-1789714574974-39 D4 TEST_READY state=TEST_READY attempts=1 streak=5
[2026-09-18T06:57:02.117Z] batch=field-waveform-1789714574974-39 D5 CHANNEL_SYNC_OK state=TEST_READY attempts=1 streak=5
[2026-09-18T06:57:02.118Z] batch=field-waveform-1789714574974-39 D5 TEST_READY state=TEST_READY attempts=1 streak=5
[2026-09-18T06:57:02.122Z] batch=field-waveform-1789714574974-39 D3 CHANNEL_SYNC_OK state=TEST_READY attempts=1 streak=5
[2026-09-18T06:57:02.122Z] batch=field-waveform-1789714574974-39 D3 TEST_READY state=TEST_READY attempts=1 streak=5
[2026-09-18T06:57:02.153Z] batch=field-waveform-1789714574974-39 D6 CHANNEL_SYNC_OK state=TEST_READY attempts=1 streak=5
[2026-09-18T06:57:02.153Z] batch=field-waveform-1789714574974-39 D6 TEST_READY state=TEST_READY attempts=1 streak=5
[2026-09-18T06:57:02.156Z] batch=field-waveform-1789714574974-39 D1 CHANNEL_SYNC_OK state=TEST_READY attempts=1 streak=5
[2026-09-18T06:57:02.156Z] batch=field-waveform-1789714574974-39 D1 TEST_READY state=TEST_READY attempts=1 streak=5
[2026-09-18T06:57:54.242Z] batch=field-waveform-1789714574974-39 D3 MODE_SWITCH_START state=MODE_SWITCHING attempts=1 streak=0 attempt=1
[2026-09-18T06:57:54.253Z] batch=field-waveform-1789714574974-39 D3 MODE_SWITCH_OK state=MODE_SWITCH_OK attempts=1 streak=0
[2026-09-18T06:57:54.258Z] batch=field-waveform-1789714574974-39 D6 MODE_SWITCH_START state=MODE_SWITCHING attempts=1 streak=0 attempt=1
[2026-09-18T06:57:54.259Z] batch=field-waveform-1789714574974-39 D6 MODE_SWITCH_OK state=MODE_SWITCH_OK attempts=1 streak=0
[2026-09-18T06:57:54.263Z] batch=field-waveform-1789714574974-39 D2 MODE_SWITCH_START state=MODE_SWITCHING attempts=1 streak=0 attempt=1
[2026-09-18T06:57:54.264Z] batch=field-waveform-1789714574974-39 D2 MODE_SWITCH_OK state=MODE_SWITCH_OK attempts=1 streak=0
[2026-09-18T06:57:54.268Z] batch=field-waveform-1789714574974-39 D1 MODE_SWITCH_START state=MODE_SWITCHING attempts=1 streak=0 attempt=1
[2026-09-18T06:57:54.270Z] batch=field-waveform-1789714574974-39 D1 MODE_SWITCH_OK state=MODE_SWITCH_OK attempts=1 streak=0
[2026-09-18T06:57:54.277Z] batch=field-waveform-1789714574974-39 D4 MODE_SWITCH_START state=MODE_SWITCHING attempts=1 streak=0 attempt=1
[2026-09-18T06:57:54.279Z] batch=field-waveform-1789714574974-39 D4 MODE_SWITCH_OK state=MODE_SWITCH_OK attempts=1 streak=0
[2026-09-18T06:57:54.364Z] batch=field-waveform-1789714574974-39 D5 MODE_SWITCH_START state=MODE_SWITCHING attempts=1 streak=0 attempt=1
[2026-09-18T06:57:54.367Z] batch=field-waveform-1789714574974-39 D5 MODE_SWITCH_OK state=MODE_SWITCH_OK attempts=1 streak=0
[2026-09-18T06:58:04.295Z] batch=field-waveform-1789714574974-39 D3 MODE_SWITCH_START state=MODE_SWITCHING attempts=1 streak=0 attempt=1
[2026-09-18T06:58:04.296Z] batch=field-waveform-1789714574974-39 D3 MODE_SWITCH_OK state=MODE_SWITCH_OK attempts=1 streak=0
[2026-09-18T06:58:04.299Z] batch=field-waveform-1789714574974-39 D6 MODE_SWITCH_START state=MODE_SWITCHING attempts=1 streak=0 attempt=1
[2026-09-18T06:58:04.300Z] batch=field-waveform-1789714574974-39 D6 MODE_SWITCH_OK state=MODE_SWITCH_OK attempts=1 streak=0
[2026-09-18T06:58:04.303Z] batch=field-waveform-1789714574974-39 D2 MODE_SWITCH_START state=MODE_SWITCHING attempts=1 streak=0 attempt=1
[2026-09-18T06:58:04.304Z] batch=field-waveform-1789714574974-39 D2 MODE_SWITCH_OK state=MODE_SWITCH_OK attempts=1 streak=0
[2026-09-18T06:58:04.311Z] batch=field-waveform-1789714574974-39 D1 MODE_SWITCH_START state=MODE_SWITCHING attempts=1 streak=0 attempt=1
[2026-09-18T06:58:04.311Z] batch=field-waveform-1789714574974-39 D1 MODE_SWITCH_OK state=MODE_SWITCH_OK attempts=1 streak=0
[2026-09-18T06:58:04.315Z] batch=field-waveform-1789714574974-39 D4 MODE_SWITCH_START state=MODE_SWITCHING attempts=1 streak=0 attempt=1
[2026-09-18T06:58:04.315Z] batch=field-waveform-1789714574974-39 D4 MODE_SWITCH_OK state=MODE_SWITCH_OK attempts=1 streak=0
[2026-09-18T06:58:04.394Z] batch=field-waveform-1789714574974-39 D5 MODE_SWITCH_START state=MODE_SWITCHING attempts=1 streak=0 attempt=1
[2026-09-18T06:58:04.395Z] batch=field-waveform-1789714574974-39 D5 MODE_SWITCH_OK state=MODE_SWITCH_OK attempts=1 streak=0
[2026-09-18T06:58:09.399Z] batch=field-waveform-1789714574974-39 D2 FIRST_FRAME state=FIRST_FRAME_RECEIVED attempts=1 streak=1
[2026-09-18T06:58:09.399Z] batch=field-waveform-1789714574974-39 D2 FIRST_VALID_SAMPLE state=FIRST_FRAME_RECEIVED attempts=1 streak=1
[2026-09-18T06:58:09.403Z] batch=field-waveform-1789714574974-39 D6 FIRST_FRAME state=FIRST_FRAME_RECEIVED attempts=1 streak=1
[2026-09-18T06:58:09.403Z] batch=field-waveform-1789714574974-39 D6 FIRST_VALID_SAMPLE state=FIRST_FRAME_RECEIVED attempts=1 streak=1
[2026-09-18T06:58:09.404Z] batch=field-waveform-1789714574974-39 D3 FIRST_FRAME state=FIRST_FRAME_RECEIVED attempts=1 streak=1
[2026-09-18T06:58:09.404Z] batch=field-waveform-1789714574974-39 D3 FIRST_VALID_SAMPLE state=FIRST_FRAME_RECEIVED attempts=1 streak=1
[2026-09-18T06:58:09.405Z] batch=field-waveform-1789714574974-39 D4 FIRST_FRAME state=FIRST_FRAME_RECEIVED attempts=1 streak=1
[2026-09-18T06:58:09.405Z] batch=field-waveform-1789714574974-39 D4 FIRST_VALID_SAMPLE state=FIRST_FRAME_RECEIVED attempts=1 streak=1
[2026-09-18T06:58:09.406Z] batch=field-waveform-1789714574974-39 D1 FIRST_FRAME state=FIRST_FRAME_RECEIVED attempts=1 streak=1
[2026-09-18T06:58:09.406Z] batch=field-waveform-1789714574974-39 D1 FIRST_VALID_SAMPLE state=FIRST_FRAME_RECEIVED attempts=1 streak=1
[2026-09-18T06:58:09.494Z] batch=field-waveform-1789714574974-39 D5 FIRST_FRAME state=FIRST_FRAME_RECEIVED attempts=1 streak=1
[2026-09-18T06:58:09.495Z] batch=field-waveform-1789714574974-39 D5 FIRST_VALID_SAMPLE state=FIRST_FRAME_RECEIVED attempts=1 streak=1
[2026-09-18T06:58:09.650Z] batch=field-waveform-1789714574974-39 D2 CHANNEL_SYNC_OK state=TEST_READY attempts=1 streak=5
[2026-09-18T06:58:09.650Z] batch=field-waveform-1789714574974-39 D2 TEST_READY state=TEST_READY attempts=1 streak=5
[2026-09-18T06:58:09.651Z] batch=field-waveform-1789714574974-39 D6 CHANNEL_SYNC_OK state=TEST_READY attempts=1 streak=5
[2026-09-18T06:58:09.652Z] batch=field-waveform-1789714574974-39 D6 TEST_READY state=TEST_READY attempts=1 streak=5
[2026-09-18T06:58:09.652Z] batch=field-waveform-1789714574974-39 D3 CHANNEL_SYNC_OK state=TEST_READY attempts=1 streak=5
[2026-09-18T06:58:09.653Z] batch=field-waveform-1789714574974-39 D3 TEST_READY state=TEST_READY attempts=1 streak=5
[2026-09-18T06:58:09.653Z] batch=field-waveform-1789714574974-39 D4 CHANNEL_SYNC_OK state=TEST_READY attempts=1 streak=5
[2026-09-18T06:58:09.654Z] batch=field-waveform-1789714574974-39 D4 TEST_READY state=TEST_READY attempts=1 streak=5
[2026-09-18T06:58:09.654Z] batch=field-waveform-1789714574974-39 D1 CHANNEL_SYNC_OK state=TEST_READY attempts=1 streak=5
[2026-09-18T06:58:09.655Z] batch=field-waveform-1789714574974-39 D1 TEST_READY state=TEST_READY attempts=1 streak=5
[2026-09-18T06:58:09.763Z] batch=field-waveform-1789714574974-39 D5 CHANNEL_SYNC_OK state=TEST_READY attempts=1 streak=5
[2026-09-18T06:58:09.764Z] batch=field-waveform-1789714574974-39 D5 TEST_READY state=TEST_READY attempts=1 streak=5
