[2026-09-16T00:49:59.743Z] batch=- D1 POWER_ON state=COMMUNICATION_READY attempts=0 streak=0
[2026-09-16T00:49:59.743Z] batch=- D1 RS485_RESPONSE state=COMMUNICATION_READY attempts=0 streak=0
[2026-09-16T00:49:59.751Z] batch=- D2 POWER_ON state=COMMUNICATION_READY attempts=0 streak=0
[2026-09-16T00:49:59.751Z] batch=- D2 RS485_RESPONSE state=COMMUNICATION_READY attempts=0 streak=0
[2026-09-16T00:49:59.757Z] batch=- D3 POWER_ON state=COMMUNICATION_READY attempts=0 streak=0
[2026-09-16T00:49:59.758Z] batch=- D3 RS485_RESPONSE state=COMMUNICATION_READY attempts=0 streak=0
[2026-09-16T00:49:59.762Z] batch=- D4 POWER_ON state=COMMUNICATION_READY attempts=0 streak=0
[2026-09-16T00:49:59.763Z] batch=- D4 RS485_RESPONSE state=COMMUNICATION_READY attempts=0 streak=0
[2026-09-16T00:49:59.766Z] batch=- D5 POWER_ON state=COMMUNICATION_READY attempts=0 streak=0
[2026-09-16T00:49:59.766Z] batch=- D5 RS485_RESPONSE state=COMMUNICATION_READY attempts=0 streak=0
[2026-09-16T00:49:59.770Z] batch=- D6 POWER_ON state=COMMUNICATION_READY attempts=0 streak=0
[2026-09-16T00:49:59.770Z] batch=- D6 RS485_RESPONSE state=COMMUNICATION_READY attempts=0 streak=0
[2026-09-16T00:49:59.778Z] batch=- D1 MODE_SWITCH_START state=MODE_SWITCHING attempts=1 streak=0 attempt=1
[2026-09-16T00:49:59.782Z] batch=- D2 MODE_SWITCH_START state=MODE_SWITCHING attempts=1 streak=0 attempt=1
[2026-09-16T00:49:59.784Z] batch=- D3 MODE_SWITCH_START state=MODE_SWITCHING attempts=1 streak=0 attempt=1
[2026-09-16T00:49:59.785Z] batch=- D4 MODE_SWITCH_START state=MODE_SWITCHING attempts=1 streak=0 attempt=1
[2026-09-16T00:49:59.785Z] batch=- D5 MODE_SWITCH_START state=MODE_SWITCHING attempts=1 streak=0 attempt=1
[2026-09-16T00:49:59.786Z] batch=- D6 MODE_SWITCH_START state=MODE_SWITCHING attempts=1 streak=0 attempt=1
[2026-09-16T00:49:59.788Z] batch=- D1 MODE_SWITCH_OK state=MODE_SWITCH_OK attempts=1 streak=0
[2026-09-16T00:49:59.789Z] batch=- D2 MODE_SWITCH_OK state=MODE_SWITCH_OK attempts=1 streak=0
[2026-09-16T00:49:59.789Z] batch=- D3 MODE_SWITCH_OK state=MODE_SWITCH_OK attempts=1 streak=0
[2026-09-16T00:49:59.790Z] batch=- D4 MODE_SWITCH_OK state=MODE_SWITCH_OK attempts=1 streak=0
[2026-09-16T00:49:59.790Z] batch=- D5 MODE_SWITCH_OK state=MODE_SWITCH_OK attempts=1 streak=0
[2026-09-16T00:49:59.790Z] batch=- D6 MODE_SWITCH_OK state=MODE_SWITCH_OK attempts=1 streak=0
[2026-09-16T00:50:09.800Z] batch=- D1 MODE_SWITCH_START state=MODE_SWITCHING attempts=1 streak=0 attempt=1
[2026-09-16T00:50:09.802Z] batch=- D1 MODE_SWITCH_OK state=MODE_SWITCH_OK attempts=1 streak=0
[2026-09-16T00:50:09.804Z] batch=- D2 MODE_SWITCH_START state=MODE_SWITCHING attempts=1 streak=0 attempt=1
[2026-09-16T00:50:09.805Z] batch=- D2 MODE_SWITCH_OK state=MODE_SWITCH_OK attempts=1 streak=0
[2026-09-16T00:50:09.807Z] batch=- D3 MODE_SWITCH_START state=MODE_SWITCHING attempts=1 streak=0 attempt=1
[2026-09-16T00:50:09.811Z] batch=- D3 MODE_SWITCH_OK state=MODE_SWITCH_OK attempts=1 streak=0
[2026-09-16T00:50:09.814Z] batch=- D4 MODE_SWITCH_START state=MODE_SWITCHING attempts=1 streak=0 attempt=1
[2026-09-16T00:50:09.816Z] batch=- D4 MODE_SWITCH_OK state=MODE_SWITCH_OK attempts=1 streak=0
[2026-09-16T00:50:09.817Z] batch=- D5 MODE_SWITCH_START state=MODE_SWITCHING attempts=1 streak=0 attempt=1
[2026-09-16T00:50:09.819Z] batch=- D5 MODE_SWITCH_OK state=MODE_SWITCH_OK attempts=1 streak=0
[2026-09-16T00:50:09.820Z] batch=- D6 MODE_SWITCH_START state=MODE_SWITCHING attempts=1 streak=0 attempt=1
[2026-09-16T00:50:09.822Z] batch=- D6 MODE_SWITCH_OK state=MODE_SWITCH_OK attempts=1 streak=0
[2026-09-16T00:50:19.812Z] batch=- D1 MODE_SWITCH_START state=MODE_SWITCHING attempts=1 streak=0 attempt=1
[2026-09-16T00:50:19.814Z] batch=- D1 MODE_SWITCH_OK state=MODE_SWITCH_OK attempts=1 streak=0
[2026-09-16T00:50:19.816Z] batch=- D2 MODE_SWITCH_START state=MODE_SWITCHING attempts=1 streak=0 attempt=1
[2026-09-16T00:50:19.817Z] batch=- D2 MODE_SWITCH_OK state=MODE_SWITCH_OK attempts=1 streak=0
[2026-09-16T00:50:19.819Z] batch=- D3 MODE_SWITCH_START state=MODE_SWITCHING attempts=1 streak=0 attempt=1
[2026-09-16T00:50:19.821Z] batch=- D3 MODE_SWITCH_OK state=MODE_SWITCH_OK attempts=1 streak=0
[2026-09-16T00:50:19.823Z] batch=- D4 MODE_SWITCH_START state=MODE_SWITCHING attempts=1 streak=0 attempt=1
[2026-09-16T00:50:19.826Z] batch=- D4 MODE_SWITCH_OK state=MODE_SWITCH_OK attempts=1 streak=0
[2026-09-16T00:50:19.829Z] batch=- D5 MODE_SWITCH_START state=MODE_SWITCHING attempts=1 streak=0 attempt=1
[2026-09-16T00:50:19.831Z] batch=- D5 MODE_SWITCH_OK state=MODE_SWITCH_OK attempts=1 streak=0
[2026-09-16T00:50:19.838Z] batch=- D6 MODE_SWITCH_START state=MODE_SWITCHING attempts=1 streak=0 attempt=1
[2026-09-16T00:50:19.839Z] batch=- D6 MODE_SWITCH_OK state=MODE_SWITCH_OK attempts=1 streak=0
[2026-09-16T00:50:21.279Z] batch=field-waveform-1789519821277-1 D1 MODE_SWITCH_START state=MODE_SWITCHING attempts=1 streak=0 attempt=1
[2026-09-16T00:50:21.281Z] batch=field-waveform-1789519821277-1 D2 MODE_SWITCH_START state=MODE_SWITCHING attempts=1 streak=0 attempt=1
[2026-09-16T00:50:21.285Z] batch=field-waveform-1789519821277-1 D3 MODE_SWITCH_START state=MODE_SWITCHING attempts=1 streak=0 attempt=1
[2026-09-16T00:50:21.287Z] batch=field-waveform-1789519821277-1 D4 MODE_SWITCH_START state=MODE_SWITCHING attempts=1 streak=0 attempt=1
[2026-09-16T00:50:21.302Z] batch=field-waveform-1789519821277-1 D5 MODE_SWITCH_START state=MODE_SWITCHING attempts=1 streak=0 attempt=1
[2026-09-16T00:50:21.308Z] batch=field-waveform-1789519821277-1 D6 MODE_SWITCH_START state=MODE_SWITCHING attempts=1 streak=0 attempt=1
[2026-09-16T00:50:21.320Z] batch=field-waveform-1789519821277-1 D1 MODE_SWITCH_OK state=MODE_SWITCH_OK attempts=1 streak=0
[2026-09-16T00:50:21.323Z] batch=field-waveform-1789519821277-1 D2 MODE_SWITCH_OK state=MODE_SWITCH_OK attempts=1 streak=0
[2026-09-16T00:50:21.324Z] batch=field-waveform-1789519821277-1 D3 MODE_SWITCH_OK state=MODE_SWITCH_OK attempts=1 streak=0
[2026-09-16T00:50:21.325Z] batch=field-waveform-1789519821277-1 D4 MODE_SWITCH_OK state=MODE_SWITCH_OK attempts=1 streak=0
[2026-09-16T00:50:21.329Z] batch=field-waveform-1789519821277-1 D5 MODE_SWITCH_OK state=MODE_SWITCH_OK attempts=1 streak=0
[2026-09-16T00:50:21.332Z] batch=field-waveform-1789519821277-1 D6 MODE_SWITCH_OK state=MODE_SWITCH_OK attempts=1 streak=0
[2026-09-16T00:50:29.816Z] batch=field-waveform-1789519821277-1 D1 MODE_SWITCH_START state=MODE_SWITCHING attempts=1 streak=0 attempt=1
[2026-09-16T00:50:29.818Z] batch=field-waveform-1789519821277-1 D1 MODE_SWITCH_OK state=MODE_SWITCH_OK attempts=1 streak=0
[2026-09-16T00:50:29.820Z] batch=field-waveform-1789519821277-1 D2 MODE_SWITCH_START state=MODE_SWITCHING attempts=1 streak=0 attempt=1
[2026-09-16T00:50:29.824Z] batch=field-waveform-1789519821277-1 D2 MODE_SWITCH_OK state=MODE_SWITCH_OK attempts=1 streak=0
[2026-09-16T00:50:29.826Z] batch=field-waveform-1789519821277-1 D3 MODE_SWITCH_START state=MODE_SWITCHING attempts=1 streak=0 attempt=1
[2026-09-16T00:50:29.828Z] batch=field-waveform-1789519821277-1 D3 MODE_SWITCH_OK state=MODE_SWITCH_OK attempts=1 streak=0
[2026-09-16T00:50:29.830Z] batch=field-waveform-1789519821277-1 D4 MODE_SWITCH_START state=MODE_SWITCHING attempts=1 streak=0 attempt=1
[2026-09-16T00:50:29.831Z] batch=field-waveform-1789519821277-1 D4 MODE_SWITCH_OK state=MODE_SWITCH_OK attempts=1 streak=0
[2026-09-16T00:50:29.833Z] batch=field-waveform-1789519821277-1 D5 MODE_SWITCH_START state=MODE_SWITCHING attempts=1 streak=0 attempt=1
[2026-09-16T00:50:29.834Z] batch=field-waveform-1789519821277-1 D5 MODE_SWITCH_OK state=MODE_SWITCH_OK attempts=1 streak=0
[2026-09-16T00:50:29.854Z] batch=field-waveform-1789519821277-1 D6 MODE_SWITCH_START state=MODE_SWITCHING attempts=1 streak=0 attempt=1
[2026-09-16T00:50:29.858Z] batch=field-waveform-1789519821277-1 D6 MODE_SWITCH_OK state=MODE_SWITCH_OK attempts=1 streak=0
[2026-09-16T00:50:39.819Z] batch=field-waveform-1789519821277-1 D1 MODE_SWITCH_START state=MODE_SWITCHING attempts=1 streak=0 attempt=1
[2026-09-16T00:50:39.820Z] batch=field-waveform-1789519821277-1 D1 MODE_SWITCH_OK state=MODE_SWITCH_OK attempts=1 streak=0
[2026-09-16T00:50:39.834Z] batch=field-waveform-1789519821277-1 D2 MODE_SWITCH_START state=MODE_SWITCHING attempts=1 streak=0 attempt=1
[2026-09-16T00:50:39.836Z] batch=field-waveform-1789519821277-1 D2 MODE_SWITCH_OK state=MODE_SWITCH_OK attempts=1 streak=0
[2026-09-16T00:50:39.836Z] batch=field-waveform-1789519821277-1 D3 MODE_SWITCH_START state=MODE_SWITCHING attempts=1 streak=0 attempt=1
[2026-09-16T00:50:39.837Z] batch=field-waveform-1789519821277-1 D3 MODE_SWITCH_OK state=MODE_SWITCH_OK attempts=1 streak=0
[2026-09-16T00:50:39.838Z] batch=field-waveform-1789519821277-1 D4 MODE_SWITCH_START state=MODE_SWITCHING attempts=1 streak=0 attempt=1
[2026-09-16T00:50:39.839Z] batch=field-waveform-1789519821277-1 D4 MODE_SWITCH_OK state=MODE_SWITCH_OK attempts=1 streak=0
[2026-09-16T00:50:39.840Z] batch=field-waveform-1789519821277-1 D5 MODE_SWITCH_START state=MODE_SWITCHING attempts=1 streak=0 attempt=1
[2026-09-16T00:50:39.841Z] batch=field-waveform-1789519821277-1 D5 MODE_SWITCH_OK state=MODE_SWITCH_OK attempts=1 streak=0
[2026-09-16T00:50:39.866Z] batch=field-waveform-1789519821277-1 D6 MODE_SWITCH_START state=MODE_SWITCHING attempts=1 streak=0 attempt=1
[2026-09-16T00:50:39.867Z] batch=field-waveform-1789519821277-1 D6 MODE_SWITCH_OK state=MODE_SWITCH_OK attempts=1 streak=0
[2026-09-16T00:50:49.821Z] batch=field-waveform-1789519821277-1 D1 MODE_SWITCH_START state=MODE_SWITCHING attempts=1 streak=0 attempt=1
[2026-09-16T00:50:49.824Z] batch=field-waveform-1789519821277-1 D1 MODE_SWITCH_OK state=MODE_SWITCH_OK attempts=1 streak=0
[2026-09-16T00:50:49.848Z] batch=field-waveform-1789519821277-1 D2 MODE_SWITCH_START state=MODE_SWITCHING attempts=1 streak=0 attempt=1
[2026-09-16T00:50:49.849Z] batch=field-waveform-1789519821277-1 D2 MODE_SWITCH_OK state=MODE_SWITCH_OK attempts=1 streak=0
[2026-09-16T00:50:49.850Z] batch=field-waveform-1789519821277-1 D3 MODE_SWITCH_START state=MODE_SWITCHING attempts=1 streak=0 attempt=1
[2026-09-16T00:50:49.851Z] batch=field-waveform-1789519821277-1 D3 MODE_SWITCH_OK state=MODE_SWITCH_OK attempts=1 streak=0
[2026-09-16T00:50:49.852Z] batch=field-waveform-1789519821277-1 D4 MODE_SWITCH_START state=MODE_SWITCHING attempts=1 streak=0 attempt=1
[2026-09-16T00:50:49.853Z] batch=field-waveform-1789519821277-1 D4 MODE_SWITCH_OK state=MODE_SWITCH_OK attempts=1 streak=0
[2026-09-16T00:50:49.854Z] batch=field-waveform-1789519821277-1 D5 MODE_SWITCH_START state=MODE_SWITCHING attempts=1 streak=0 attempt=1
[2026-09-16T00:50:49.855Z] batch=field-waveform-1789519821277-1 D5 MODE_SWITCH_OK state=MODE_SWITCH_OK attempts=1 streak=0
[2026-09-16T00:50:49.872Z] batch=field-waveform-1789519821277-1 D6 MODE_SWITCH_START state=MODE_SWITCHING attempts=1 streak=0 attempt=1
[2026-09-16T00:50:49.874Z] batch=field-waveform-1789519821277-1 D6 MODE_SWITCH_OK state=MODE_SWITCH_OK attempts=1 streak=0
[2026-09-16T00:50:59.832Z] batch=field-waveform-1789519821277-1 D1 MODE_SWITCH_START state=MODE_SWITCHING attempts=1 streak=0 attempt=1
[2026-09-16T00:50:59.833Z] batch=field-waveform-1789519821277-1 D1 MODE_SWITCH_OK state=MODE_SWITCH_OK attempts=1 streak=0
[2026-09-16T00:50:59.851Z] batch=field-waveform-1789519821277-1 D2 MODE_SWITCH_START state=MODE_SWITCHING attempts=1 streak=0 attempt=1
[2026-09-16T00:50:59.852Z] batch=field-waveform-1789519821277-1 D2 MODE_SWITCH_OK state=MODE_SWITCH_OK attempts=1 streak=0
[2026-09-16T00:50:59.853Z] batch=field-waveform-1789519821277-1 D3 MODE_SWITCH_START state=MODE_SWITCHING attempts=1 streak=0 attempt=1
[2026-09-16T00:50:59.853Z] batch=field-waveform-1789519821277-1 D3 MODE_SWITCH_OK state=MODE_SWITCH_OK attempts=1 streak=0
[2026-09-16T00:50:59.872Z] batch=field-waveform-1789519821277-1 D4 MODE_SWITCH_START state=MODE_SWITCHING attempts=1 streak=0 attempt=1
[2026-09-16T00:50:59.873Z] batch=field-waveform-1789519821277-1 D4 MODE_SWITCH_OK state=MODE_SWITCH_OK attempts=1 streak=0
[2026-09-16T00:50:59.873Z] batch=field-waveform-1789519821277-1 D5 MODE_SWITCH_START state=MODE_SWITCHING attempts=1 streak=0 attempt=1
[2026-09-16T00:50:59.874Z] batch=field-waveform-1789519821277-1 D5 MODE_SWITCH_OK state=MODE_SWITCH_OK attempts=1 streak=0
[2026-09-16T00:50:59.875Z] batch=field-waveform-1789519821277-1 D6 MODE_SWITCH_START state=MODE_SWITCHING attempts=1 streak=0 attempt=1
[2026-09-16T00:50:59.876Z] batch=field-waveform-1789519821277-1 D6 MODE_SWITCH_OK state=MODE_SWITCH_OK attempts=1 streak=0
[2026-09-16T00:51:09.843Z] batch=field-waveform-1789519821277-1 D1 MODE_SWITCH_START state=MODE_SWITCHING attempts=1 streak=0 attempt=1
[2026-09-16T00:51:09.845Z] batch=field-waveform-1789519821277-1 D1 MODE_SWITCH_OK state=MODE_SWITCH_OK attempts=1 streak=0
[2026-09-16T00:51:09.859Z] batch=field-waveform-1789519821277-1 D2 MODE_SWITCH_START state=MODE_SWITCHING attempts=1 streak=0 attempt=1
[2026-09-16T00:51:09.860Z] batch=field-waveform-1789519821277-1 D2 MODE_SWITCH_OK state=MODE_SWITCH_OK attempts=1 streak=0
[2026-09-16T00:51:09.861Z] batch=field-waveform-1789519821277-1 D3 MODE_SWITCH_START state=MODE_SWITCHING attempts=1 streak=0 attempt=1
[2026-09-16T00:51:09.862Z] batch=field-waveform-1789519821277-1 D3 MODE_SWITCH_OK state=MODE_SWITCH_OK attempts=1 streak=0
[2026-09-16T00:51:09.875Z] batch=field-waveform-1789519821277-1 D4 MODE_SWITCH_START state=MODE_SWITCHING attempts=1 streak=0 attempt=1
[2026-09-16T00:51:09.876Z] batch=field-waveform-1789519821277-1 D4 MODE_SWITCH_OK state=MODE_SWITCH_OK attempts=1 streak=0
[2026-09-16T00:51:09.877Z] batch=field-waveform-1789519821277-1 D5 MODE_SWITCH_START state=MODE_SWITCHING attempts=1 streak=0 attempt=1
[2026-09-16T00:51:09.878Z] batch=field-waveform-1789519821277-1 D5 MODE_SWITCH_OK state=MODE_SWITCH_OK attempts=1 streak=0
[2026-09-16T00:51:09.879Z] batch=field-waveform-1789519821277-1 D6 MODE_SWITCH_START state=MODE_SWITCHING attempts=1 streak=0 attempt=1
[2026-09-16T00:51:09.880Z] batch=field-waveform-1789519821277-1 D6 MODE_SWITCH_OK state=MODE_SWITCH_OK attempts=1 streak=0
[2026-09-16T00:51:14.898Z] batch=field-waveform-1789519821277-1 D1 FIRST_FRAME state=FIRST_FRAME_RECEIVED attempts=1 streak=1
[2026-09-16T00:51:14.898Z] batch=field-waveform-1789519821277-1 D1 FIRST_VALID_SAMPLE state=FIRST_FRAME_RECEIVED attempts=1 streak=1
[2026-09-16T00:51:14.933Z] batch=field-waveform-1789519821277-1 D2 FIRST_FRAME state=FIRST_FRAME_RECEIVED attempts=1 streak=1
[2026-09-16T00:51:14.933Z] batch=field-waveform-1789519821277-1 D2 FIRST_VALID_SAMPLE state=FIRST_FRAME_RECEIVED attempts=1 streak=1
[2026-09-16T00:51:14.960Z] batch=field-waveform-1789519821277-1 D5 FIRST_FRAME state=FIRST_FRAME_RECEIVED attempts=1 streak=1
[2026-09-16T00:51:14.960Z] batch=field-waveform-1789519821277-1 D5 FIRST_VALID_SAMPLE state=FIRST_FRAME_RECEIVED attempts=1 streak=1
[2026-09-16T00:51:14.962Z] batch=field-waveform-1789519821277-1 D6 FIRST_FRAME state=FIRST_FRAME_RECEIVED attempts=1 streak=1
[2026-09-16T00:51:14.962Z] batch=field-waveform-1789519821277-1 D6 FIRST_VALID_SAMPLE state=FIRST_FRAME_RECEIVED attempts=1 streak=1
[2026-09-16T00:51:14.967Z] batch=field-waveform-1789519821277-1 D3 FIRST_FRAME state=FIRST_FRAME_RECEIVED attempts=1 streak=1
[2026-09-16T00:51:14.967Z] batch=field-waveform-1789519821277-1 D3 FIRST_VALID_SAMPLE state=FIRST_FRAME_RECEIVED attempts=1 streak=1
[2026-09-16T00:51:14.969Z] batch=field-waveform-1789519821277-1 D4 FIRST_FRAME state=FIRST_FRAME_RECEIVED attempts=1 streak=1
[2026-09-16T00:51:14.969Z] batch=field-waveform-1789519821277-1 D4 FIRST_VALID_SAMPLE state=FIRST_FRAME_RECEIVED attempts=1 streak=1
[2026-09-16T00:51:15.151Z] batch=field-waveform-1789519821277-1 D1 CHANNEL_SYNC_OK state=TEST_READY attempts=1 streak=5
[2026-09-16T00:51:15.152Z] batch=field-waveform-1789519821277-1 D1 TEST_READY state=TEST_READY attempts=1 streak=5
[2026-09-16T00:51:15.203Z] batch=field-waveform-1789519821277-1 D2 CHANNEL_SYNC_OK state=TEST_READY attempts=1 streak=5
[2026-09-16T00:51:15.203Z] batch=field-waveform-1789519821277-1 D2 TEST_READY state=TEST_READY attempts=1 streak=5
[2026-09-16T00:51:15.220Z] batch=field-waveform-1789519821277-1 D5 CHANNEL_SYNC_OK state=TEST_READY attempts=1 streak=5
[2026-09-16T00:51:15.225Z] batch=field-waveform-1789519821277-1 D5 TEST_READY state=TEST_READY attempts=1 streak=5
[2026-09-16T00:51:15.275Z] batch=field-waveform-1789519821277-1 D6 CHANNEL_SYNC_OK state=TEST_READY attempts=1 streak=5
[2026-09-16T00:51:15.275Z] batch=field-waveform-1789519821277-1 D6 TEST_READY state=TEST_READY attempts=1 streak=5
[2026-09-16T00:51:15.277Z] batch=field-waveform-1789519821277-1 D4 CHANNEL_SYNC_OK state=TEST_READY attempts=1 streak=5
[2026-09-16T00:51:15.278Z] batch=field-waveform-1789519821277-1 D4 TEST_READY state=TEST_READY attempts=1 streak=5
[2026-09-16T00:51:15.279Z] batch=field-waveform-1789519821277-1 D3 CHANNEL_SYNC_OK state=TEST_READY attempts=1 streak=5
[2026-09-16T00:51:15.279Z] batch=field-waveform-1789519821277-1 D3 TEST_READY state=TEST_READY attempts=1 streak=5
[2026-09-16T00:52:01.073Z] batch=field-waveform-1789519821277-1 D3 MODE_SWITCH_START state=MODE_SWITCHING attempts=1 streak=0 attempt=1
[2026-09-16T00:52:01.074Z] batch=field-waveform-1789519821277-1 D3 MODE_SWITCH_OK state=MODE_SWITCH_OK attempts=1 streak=0
[2026-09-16T00:52:01.281Z] batch=field-waveform-1789519821277-1 D6 MODE_SWITCH_START state=MODE_SWITCHING attempts=1 streak=0 attempt=1
[2026-09-16T00:52:01.282Z] batch=field-waveform-1789519821277-1 D6 MODE_SWITCH_OK state=MODE_SWITCH_OK attempts=1 streak=0
[2026-09-16T00:52:01.286Z] batch=field-waveform-1789519821277-1 D1 MODE_SWITCH_START state=MODE_SWITCHING attempts=1 streak=0 attempt=1
[2026-09-16T00:52:01.290Z] batch=field-waveform-1789519821277-1 D1 MODE_SWITCH_OK state=MODE_SWITCH_OK attempts=1 streak=0
[2026-09-16T00:52:01.293Z] batch=field-waveform-1789519821277-1 D5 MODE_SWITCH_START state=MODE_SWITCHING attempts=1 streak=0 attempt=1
[2026-09-16T00:52:01.295Z] batch=field-waveform-1789519821277-1 D5 MODE_SWITCH_OK state=MODE_SWITCH_OK attempts=1 streak=0
[2026-09-16T00:52:01.298Z] batch=field-waveform-1789519821277-1 D4 MODE_SWITCH_START state=MODE_SWITCHING attempts=1 streak=0 attempt=1
[2026-09-16T00:52:01.299Z] batch=field-waveform-1789519821277-1 D4 MODE_SWITCH_OK state=MODE_SWITCH_OK attempts=1 streak=0
[2026-09-16T00:52:01.302Z] batch=field-waveform-1789519821277-1 D2 MODE_SWITCH_START state=MODE_SWITCHING attempts=1 streak=0 attempt=1
[2026-09-16T00:52:01.303Z] batch=field-waveform-1789519821277-1 D2 MODE_SWITCH_OK state=MODE_SWITCH_OK attempts=1 streak=0
[2026-09-16T00:52:11.207Z] batch=field-waveform-1789519821277-1 D3 MODE_SWITCH_START state=MODE_SWITCHING attempts=1 streak=0 attempt=1
[2026-09-16T00:52:11.208Z] batch=field-waveform-1789519821277-1 D3 MODE_SWITCH_OK state=MODE_SWITCH_OK attempts=1 streak=0
[2026-09-16T00:52:11.422Z] batch=field-waveform-1789519821277-1 D6 MODE_SWITCH_START state=MODE_SWITCHING attempts=1 streak=0 attempt=1
[2026-09-16T00:52:11.424Z] batch=field-waveform-1789519821277-1 D6 MODE_SWITCH_OK state=MODE_SWITCH_OK attempts=1 streak=0
[2026-09-16T00:52:11.429Z] batch=field-waveform-1789519821277-1 D1 MODE_SWITCH_START state=MODE_SWITCHING attempts=1 streak=0 attempt=1
[2026-09-16T00:52:11.431Z] batch=field-waveform-1789519821277-1 D1 MODE_SWITCH_OK state=MODE_SWITCH_OK attempts=1 streak=0
[2026-09-16T00:52:11.434Z] batch=field-waveform-1789519821277-1 D5 MODE_SWITCH_START state=MODE_SWITCHING attempts=1 streak=0 attempt=1
[2026-09-16T00:52:11.436Z] batch=field-waveform-1789519821277-1 D5 MODE_SWITCH_OK state=MODE_SWITCH_OK attempts=1 streak=0
[2026-09-16T00:52:11.440Z] batch=field-waveform-1789519821277-1 D4 MODE_SWITCH_START state=MODE_SWITCHING attempts=1 streak=0 attempt=1
[2026-09-16T00:52:11.442Z] batch=field-waveform-1789519821277-1 D4 MODE_SWITCH_OK state=MODE_SWITCH_OK attempts=1 streak=0
[2026-09-16T00:52:11.447Z] batch=field-waveform-1789519821277-1 D2 MODE_SWITCH_START state=MODE_SWITCHING attempts=1 streak=0 attempt=1
[2026-09-16T00:52:11.449Z] batch=field-waveform-1789519821277-1 D2 MODE_SWITCH_OK state=MODE_SWITCH_OK attempts=1 streak=0
[2026-09-16T00:52:16.374Z] batch=field-waveform-1789519821277-1 D3 FIRST_FRAME state=FIRST_FRAME_RECEIVED attempts=1 streak=1
[2026-09-16T00:52:16.374Z] batch=field-waveform-1789519821277-1 D3 FIRST_VALID_SAMPLE state=FIRST_FRAME_RECEIVED attempts=1 streak=1
[2026-09-16T00:52:16.605Z] batch=field-waveform-1789519821277-1 D3 CHANNEL_SYNC_OK state=TEST_READY attempts=1 streak=5
[2026-09-16T00:52:16.605Z] batch=field-waveform-1789519821277-1 D3 TEST_READY state=TEST_READY attempts=1 streak=5
[2026-09-16T00:52:16.608Z] batch=field-waveform-1789519821277-1 D6 FIRST_FRAME state=FIRST_FRAME_RECEIVED attempts=1 streak=1
[2026-09-16T00:52:16.608Z] batch=field-waveform-1789519821277-1 D6 FIRST_VALID_SAMPLE state=FIRST_FRAME_RECEIVED attempts=1 streak=1
[2026-09-16T00:52:16.612Z] batch=field-waveform-1789519821277-1 D2 FIRST_FRAME state=FIRST_FRAME_RECEIVED attempts=1 streak=1
[2026-09-16T00:52:16.612Z] batch=field-waveform-1789519821277-1 D2 FIRST_VALID_SAMPLE state=FIRST_FRAME_RECEIVED attempts=1 streak=1
[2026-09-16T00:52:16.617Z] batch=field-waveform-1789519821277-1 D1 FIRST_FRAME state=FIRST_FRAME_RECEIVED attempts=1 streak=1
[2026-09-16T00:52:16.617Z] batch=field-waveform-1789519821277-1 D1 FIRST_VALID_SAMPLE state=FIRST_FRAME_RECEIVED attempts=1 streak=1
[2026-09-16T00:52:16.619Z] batch=field-waveform-1789519821277-1 D5 FIRST_FRAME state=FIRST_FRAME_RECEIVED attempts=1 streak=1
[2026-09-16T00:52:16.620Z] batch=field-waveform-1789519821277-1 D5 FIRST_VALID_SAMPLE state=FIRST_FRAME_RECEIVED attempts=1 streak=1
[2026-09-16T00:52:16.622Z] batch=field-waveform-1789519821277-1 D4 FIRST_FRAME state=FIRST_FRAME_RECEIVED attempts=1 streak=1
[2026-09-16T00:52:16.622Z] batch=field-waveform-1789519821277-1 D4 FIRST_VALID_SAMPLE state=FIRST_FRAME_RECEIVED attempts=1 streak=1
[2026-09-16T00:52:16.889Z] batch=field-waveform-1789519821277-1 D4 CHANNEL_SYNC_OK state=TEST_READY attempts=1 streak=5
[2026-09-16T00:52:16.889Z] batch=field-waveform-1789519821277-1 D4 TEST_READY state=TEST_READY attempts=1 streak=5
[2026-09-16T00:52:16.891Z] batch=field-waveform-1789519821277-1 D6 CHANNEL_SYNC_OK state=TEST_READY attempts=1 streak=5
[2026-09-16T00:52:16.891Z] batch=field-waveform-1789519821277-1 D6 TEST_READY state=TEST_READY attempts=1 streak=5
[2026-09-16T00:52:16.893Z] batch=field-waveform-1789519821277-1 D2 CHANNEL_SYNC_OK state=TEST_READY attempts=1 streak=5
[2026-09-16T00:52:16.894Z] batch=field-waveform-1789519821277-1 D2 TEST_READY state=TEST_READY attempts=1 streak=5
[2026-09-16T00:52:16.896Z] batch=field-waveform-1789519821277-1 D1 CHANNEL_SYNC_OK state=TEST_READY attempts=1 streak=5
[2026-09-16T00:52:16.896Z] batch=field-waveform-1789519821277-1 D1 TEST_READY state=TEST_READY attempts=1 streak=5
[2026-09-16T00:52:16.898Z] batch=field-waveform-1789519821277-1 D5 CHANNEL_SYNC_OK state=TEST_READY attempts=1 streak=5
[2026-09-16T00:52:16.899Z] batch=field-waveform-1789519821277-1 D5 TEST_READY state=TEST_READY attempts=1 streak=5
[2026-09-16T00:52:51.872Z] batch=field-waveform-1789519821277-1 D4 MODE_SWITCH_START state=MODE_SWITCHING attempts=1 streak=0 attempt=1
[2026-09-16T00:52:51.874Z] batch=field-waveform-1789519821277-1 D4 MODE_SWITCH_OK state=MODE_SWITCH_OK attempts=1 streak=0
[2026-09-16T00:52:51.879Z] batch=field-waveform-1789519821277-1 D6 MODE_SWITCH_START state=MODE_SWITCHING attempts=1 streak=0 attempt=1
[2026-09-16T00:52:51.881Z] batch=field-waveform-1789519821277-1 D6 MODE_SWITCH_OK state=MODE_SWITCH_OK attempts=1 streak=0
[2026-09-16T00:52:51.888Z] batch=field-waveform-1789519821277-1 D1 MODE_SWITCH_START state=MODE_SWITCHING attempts=1 streak=0 attempt=1
[2026-09-16T00:52:51.890Z] batch=field-waveform-1789519821277-1 D1 MODE_SWITCH_OK state=MODE_SWITCH_OK attempts=1 streak=0
