[2026-09-18T03:21:05.156Z] batch=field-waveform-1789701662291-33 D3 MODE_SWITCH_START state=MODE_SWITCHING attempts=1 streak=0 attempt=1
[2026-09-18T03:21:05.161Z] batch=field-waveform-1789701662291-33 D3 MODE_SWITCH_OK state=MODE_SWITCH_OK attempts=1 streak=0
[2026-09-18T03:21:06.116Z] batch=field-waveform-1789701662291-33 D6 MODE_SWITCH_START state=MODE_SWITCHING attempts=1 streak=0 attempt=1
[2026-09-18T03:21:06.117Z] batch=field-waveform-1789701662291-33 D6 MODE_SWITCH_OK state=MODE_SWITCH_OK attempts=1 streak=0
[2026-09-18T03:21:06.424Z] batch=field-waveform-1789701662291-33 D2 MODE_SWITCH_START state=MODE_SWITCHING attempts=1 streak=0 attempt=1
[2026-09-18T03:21:06.426Z] batch=field-waveform-1789701662291-33 D2 MODE_SWITCH_OK state=MODE_SWITCH_OK attempts=1 streak=0
[2026-09-18T03:21:06.426Z] batch=field-waveform-1789701662291-33 D5 MODE_SWITCH_START state=MODE_SWITCHING attempts=1 streak=0 attempt=1
[2026-09-18T03:21:06.427Z] batch=field-waveform-1789701662291-33 D5 MODE_SWITCH_OK state=MODE_SWITCH_OK attempts=1 streak=0
[2026-09-18T03:21:06.427Z] batch=field-waveform-1789701662291-33 D4 MODE_SWITCH_START state=MODE_SWITCHING attempts=1 streak=0 attempt=1
[2026-09-18T03:21:06.428Z] batch=field-waveform-1789701662291-33 D4 MODE_SWITCH_OK state=MODE_SWITCH_OK attempts=1 streak=0
[2026-09-18T03:21:06.761Z] batch=field-waveform-1789701662291-33 D1 MODE_SWITCH_START state=MODE_SWITCHING attempts=1 streak=0 attempt=1
[2026-09-18T03:21:06.762Z] batch=field-waveform-1789701662291-33 D1 MODE_SWITCH_OK state=MODE_SWITCH_OK attempts=1 streak=0
[2026-09-18T03:21:15.167Z] batch=field-waveform-1789701662291-33 D3 MODE_SWITCH_START state=MODE_SWITCHING attempts=1 streak=0 attempt=1
[2026-09-18T03:21:15.169Z] batch=field-waveform-1789701662291-33 D3 MODE_SWITCH_OK state=MODE_SWITCH_OK attempts=1 streak=0
[2026-09-18T03:21:16.118Z] batch=field-waveform-1789701662291-33 D6 MODE_SWITCH_START state=MODE_SWITCHING attempts=1 streak=0 attempt=1
[2026-09-18T03:21:16.121Z] batch=field-waveform-1789701662291-33 D6 MODE_SWITCH_OK state=MODE_SWITCH_OK attempts=1 streak=0
[2026-09-18T03:21:16.441Z] batch=field-waveform-1789701662291-33 D2 MODE_SWITCH_START state=MODE_SWITCHING attempts=1 streak=0 attempt=1
[2026-09-18T03:21:16.442Z] batch=field-waveform-1789701662291-33 D2 MODE_SWITCH_OK state=MODE_SWITCH_OK attempts=1 streak=0
[2026-09-18T03:21:16.442Z] batch=field-waveform-1789701662291-33 D5 MODE_SWITCH_START state=MODE_SWITCHING attempts=1 streak=0 attempt=1
[2026-09-18T03:21:16.443Z] batch=field-waveform-1789701662291-33 D5 MODE_SWITCH_OK state=MODE_SWITCH_OK attempts=1 streak=0
[2026-09-18T03:21:16.445Z] batch=field-waveform-1789701662291-33 D4 MODE_SWITCH_START state=MODE_SWITCHING attempts=1 streak=0 attempt=1
[2026-09-18T03:21:16.446Z] batch=field-waveform-1789701662291-33 D4 MODE_SWITCH_OK state=MODE_SWITCH_OK attempts=1 streak=0
[2026-09-18T03:21:16.777Z] batch=field-waveform-1789701662291-33 D1 MODE_SWITCH_START state=MODE_SWITCHING attempts=1 streak=0 attempt=1
[2026-09-18T03:21:16.780Z] batch=field-waveform-1789701662291-33 D1 MODE_SWITCH_OK state=MODE_SWITCH_OK attempts=1 streak=0
[2026-09-18T03:21:25.176Z] batch=field-waveform-1789701662291-33 D3 MODE_SWITCH_START state=MODE_SWITCHING attempts=1 streak=0 attempt=1
[2026-09-18T03:21:25.178Z] batch=field-waveform-1789701662291-33 D3 MODE_SWITCH_OK state=MODE_SWITCH_OK attempts=1 streak=0
[2026-09-18T03:21:26.126Z] batch=field-waveform-1789701662291-33 D6 MODE_SWITCH_START state=MODE_SWITCHING attempts=1 streak=0 attempt=1
[2026-09-18T03:21:26.128Z] batch=field-waveform-1789701662291-33 D6 MODE_SWITCH_OK state=MODE_SWITCH_OK attempts=1 streak=0
[2026-09-18T03:21:26.447Z] batch=field-waveform-1789701662291-33 D2 MODE_SWITCH_START state=MODE_SWITCHING attempts=1 streak=0 attempt=1
[2026-09-18T03:21:26.450Z] batch=field-waveform-1789701662291-33 D2 MODE_SWITCH_OK state=MODE_SWITCH_OK attempts=1 streak=0
[2026-09-18T03:21:26.451Z] batch=field-waveform-1789701662291-33 D5 MODE_SWITCH_START state=MODE_SWITCHING attempts=1 streak=0 attempt=1
[2026-09-18T03:21:26.453Z] batch=field-waveform-1789701662291-33 D5 MODE_SWITCH_OK state=MODE_SWITCH_OK attempts=1 streak=0
[2026-09-18T03:21:26.473Z] batch=field-waveform-1789701662291-33 D4 MODE_SWITCH_START state=MODE_SWITCHING attempts=1 streak=0 attempt=1
[2026-09-18T03:21:26.473Z] batch=field-waveform-1789701662291-33 D4 MODE_SWITCH_OK state=MODE_SWITCH_OK attempts=1 streak=0
[2026-09-18T03:21:26.782Z] batch=field-waveform-1789701662291-33 D1 MODE_SWITCH_START state=MODE_SWITCHING attempts=1 streak=0 attempt=1
[2026-09-18T03:21:26.783Z] batch=field-waveform-1789701662291-33 D1 MODE_SWITCH_OK state=MODE_SWITCH_OK attempts=1 streak=0
[2026-09-18T03:21:30.257Z] batch=field-waveform-1789701662291-33 D3 FIRST_FRAME state=FIRST_FRAME_RECEIVED attempts=1 streak=1
[2026-09-18T03:21:30.257Z] batch=field-waveform-1789701662291-33 D3 FIRST_VALID_SAMPLE state=FIRST_FRAME_RECEIVED attempts=1 streak=1
[2026-09-18T03:21:30.484Z] batch=field-waveform-1789701662291-33 D3 CHANNEL_SYNC_OK state=TEST_READY attempts=1 streak=5
[2026-09-18T03:21:30.485Z] batch=field-waveform-1789701662291-33 D3 TEST_READY state=TEST_READY attempts=1 streak=5
[2026-09-18T03:21:31.189Z] batch=field-waveform-1789701662291-33 D6 FIRST_FRAME state=FIRST_FRAME_RECEIVED attempts=1 streak=1
[2026-09-18T03:21:31.189Z] batch=field-waveform-1789701662291-33 D6 FIRST_VALID_SAMPLE state=FIRST_FRAME_RECEIVED attempts=1 streak=1
[2026-09-18T03:21:31.436Z] batch=field-waveform-1789701662291-33 D6 CHANNEL_SYNC_OK state=TEST_READY attempts=1 streak=5
[2026-09-18T03:21:31.436Z] batch=field-waveform-1789701662291-33 D6 TEST_READY state=TEST_READY attempts=1 streak=5
[2026-09-18T03:21:31.520Z] batch=field-waveform-1789701662291-33 D2 FIRST_FRAME state=FIRST_FRAME_RECEIVED attempts=1 streak=1
[2026-09-18T03:21:31.520Z] batch=field-waveform-1789701662291-33 D2 FIRST_VALID_SAMPLE state=FIRST_FRAME_RECEIVED attempts=1 streak=1
[2026-09-18T03:21:31.522Z] batch=field-waveform-1789701662291-33 D5 FIRST_FRAME state=FIRST_FRAME_RECEIVED attempts=1 streak=1
[2026-09-18T03:21:31.523Z] batch=field-waveform-1789701662291-33 D5 FIRST_VALID_SAMPLE state=FIRST_FRAME_RECEIVED attempts=1 streak=1
[2026-09-18T03:21:31.560Z] batch=field-waveform-1789701662291-33 D4 FIRST_FRAME state=FIRST_FRAME_RECEIVED attempts=1 streak=1
[2026-09-18T03:21:31.560Z] batch=field-waveform-1789701662291-33 D4 FIRST_VALID_SAMPLE state=FIRST_FRAME_RECEIVED attempts=1 streak=1
[2026-09-18T03:21:31.743Z] batch=field-waveform-1789701662291-33 D2 CHANNEL_SYNC_OK state=TEST_READY attempts=1 streak=5
[2026-09-18T03:21:31.744Z] batch=field-waveform-1789701662291-33 D2 TEST_READY state=TEST_READY attempts=1 streak=5
[2026-09-18T03:21:31.760Z] batch=field-waveform-1789701662291-33 D5 CHANNEL_SYNC_OK state=TEST_READY attempts=1 streak=5
[2026-09-18T03:21:31.761Z] batch=field-waveform-1789701662291-33 D5 TEST_READY state=TEST_READY attempts=1 streak=5
[2026-09-18T03:21:31.808Z] batch=field-waveform-1789701662291-33 D4 CHANNEL_SYNC_OK state=TEST_READY attempts=1 streak=5
[2026-09-18T03:21:31.808Z] batch=field-waveform-1789701662291-33 D4 TEST_READY state=TEST_READY attempts=1 streak=5
[2026-09-18T03:21:31.877Z] batch=field-waveform-1789701662291-33 D1 FIRST_FRAME state=FIRST_FRAME_RECEIVED attempts=1 streak=1
[2026-09-18T03:21:31.878Z] batch=field-waveform-1789701662291-33 D1 FIRST_VALID_SAMPLE state=FIRST_FRAME_RECEIVED attempts=1 streak=1
[2026-09-18T03:21:32.141Z] batch=field-waveform-1789701662291-33 D1 CHANNEL_SYNC_OK state=TEST_READY attempts=1 streak=5
[2026-09-18T03:21:32.142Z] batch=field-waveform-1789701662291-33 D1 TEST_READY state=TEST_READY attempts=1 streak=5
[2026-09-18T03:22:40.259Z] batch=field-waveform-1789701662291-33 D3 MODE_SWITCH_START state=MODE_SWITCHING attempts=1 streak=0 attempt=1
[2026-09-18T03:22:40.260Z] batch=field-waveform-1789701662291-33 D3 MODE_SWITCH_OK state=MODE_SWITCH_OK attempts=1 streak=0
[2026-09-18T03:22:40.478Z] batch=field-waveform-1789701662291-33 D6 MODE_SWITCH_START state=MODE_SWITCHING attempts=1 streak=0 attempt=1
[2026-09-18T03:22:40.486Z] batch=field-waveform-1789701662291-33 D6 MODE_SWITCH_OK state=MODE_SWITCH_OK attempts=1 streak=0
[2026-09-18T03:22:40.493Z] batch=field-waveform-1789701662291-33 D1 MODE_SWITCH_START state=MODE_SWITCHING attempts=1 streak=0 attempt=1
[2026-09-18T03:22:40.495Z] batch=field-waveform-1789701662291-33 D1 MODE_SWITCH_OK state=MODE_SWITCH_OK attempts=1 streak=0
[2026-09-18T03:22:40.497Z] batch=field-waveform-1789701662291-33 D4 MODE_SWITCH_START state=MODE_SWITCHING attempts=1 streak=0 attempt=1
[2026-09-18T03:22:40.498Z] batch=field-waveform-1789701662291-33 D4 MODE_SWITCH_OK state=MODE_SWITCH_OK attempts=1 streak=0
[2026-09-18T03:22:40.501Z] batch=field-waveform-1789701662291-33 D2 MODE_SWITCH_START state=MODE_SWITCHING attempts=1 streak=0 attempt=1
[2026-09-18T03:22:40.501Z] batch=field-waveform-1789701662291-33 D2 MODE_SWITCH_OK state=MODE_SWITCH_OK attempts=1 streak=0
[2026-09-18T03:22:50.354Z] batch=field-waveform-1789701662291-33 D3 MODE_SWITCH_START state=MODE_SWITCHING attempts=1 streak=0 attempt=1
[2026-09-18T03:22:50.356Z] batch=field-waveform-1789701662291-33 D3 MODE_SWITCH_OK state=MODE_SWITCH_OK attempts=1 streak=0
[2026-09-18T03:22:50.567Z] batch=field-waveform-1789701662291-33 D5 MODE_SWITCH_START state=MODE_SWITCHING attempts=1 streak=0 attempt=1
[2026-09-18T03:22:50.569Z] batch=field-waveform-1789701662291-33 D5 MODE_SWITCH_OK state=MODE_SWITCH_OK attempts=1 streak=0
[2026-09-18T03:22:50.579Z] batch=field-waveform-1789701662291-33 D6 MODE_SWITCH_START state=MODE_SWITCHING attempts=1 streak=0 attempt=1
[2026-09-18T03:22:50.583Z] batch=field-waveform-1789701662291-33 D6 MODE_SWITCH_OK state=MODE_SWITCH_OK attempts=1 streak=0
[2026-09-18T03:22:50.587Z] batch=field-waveform-1789701662291-33 D1 MODE_SWITCH_START state=MODE_SWITCHING attempts=1 streak=0 attempt=1
[2026-09-18T03:22:50.588Z] batch=field-waveform-1789701662291-33 D1 MODE_SWITCH_OK state=MODE_SWITCH_OK attempts=1 streak=0
[2026-09-18T03:22:50.590Z] batch=field-waveform-1789701662291-33 D4 MODE_SWITCH_START state=MODE_SWITCHING attempts=1 streak=0 attempt=1
[2026-09-18T03:22:50.591Z] batch=field-waveform-1789701662291-33 D4 MODE_SWITCH_OK state=MODE_SWITCH_OK attempts=1 streak=0
[2026-09-18T03:22:50.594Z] batch=field-waveform-1789701662291-33 D2 MODE_SWITCH_START state=MODE_SWITCHING attempts=1 streak=0 attempt=1
[2026-09-18T03:22:50.594Z] batch=field-waveform-1789701662291-33 D2 MODE_SWITCH_OK state=MODE_SWITCH_OK attempts=1 streak=0
[2026-09-18T03:22:55.516Z] batch=field-waveform-1789701662291-33 D3 FIRST_FRAME state=FIRST_FRAME_RECEIVED attempts=1 streak=1
[2026-09-18T03:22:55.516Z] batch=field-waveform-1789701662291-33 D3 FIRST_VALID_SAMPLE state=FIRST_FRAME_RECEIVED attempts=1 streak=1
[2026-09-18T03:22:55.724Z] batch=field-waveform-1789701662291-33 D5 FIRST_FRAME state=FIRST_FRAME_RECEIVED attempts=1 streak=1
[2026-09-18T03:22:55.725Z] batch=field-waveform-1789701662291-33 D5 FIRST_VALID_SAMPLE state=FIRST_FRAME_RECEIVED attempts=1 streak=1
[2026-09-18T03:22:55.726Z] batch=field-waveform-1789701662291-33 D6 FIRST_FRAME state=FIRST_FRAME_RECEIVED attempts=1 streak=1
[2026-09-18T03:22:55.727Z] batch=field-waveform-1789701662291-33 D6 FIRST_VALID_SAMPLE state=FIRST_FRAME_RECEIVED attempts=1 streak=1
[2026-09-18T03:22:55.728Z] batch=field-waveform-1789701662291-33 D1 FIRST_FRAME state=FIRST_FRAME_RECEIVED attempts=1 streak=1
[2026-09-18T03:22:55.729Z] batch=field-waveform-1789701662291-33 D1 FIRST_VALID_SAMPLE state=FIRST_FRAME_RECEIVED attempts=1 streak=1
[2026-09-18T03:22:55.730Z] batch=field-waveform-1789701662291-33 D2 FIRST_FRAME state=FIRST_FRAME_RECEIVED attempts=1 streak=1
[2026-09-18T03:22:55.730Z] batch=field-waveform-1789701662291-33 D2 FIRST_VALID_SAMPLE state=FIRST_FRAME_RECEIVED attempts=1 streak=1
[2026-09-18T03:22:55.768Z] batch=field-waveform-1789701662291-33 D3 CHANNEL_SYNC_OK state=TEST_READY attempts=1 streak=5
[2026-09-18T03:22:55.768Z] batch=field-waveform-1789701662291-33 D3 TEST_READY state=TEST_READY attempts=1 streak=5
[2026-09-18T03:22:55.770Z] batch=field-waveform-1789701662291-33 D4 FIRST_FRAME state=FIRST_FRAME_RECEIVED attempts=1 streak=1
[2026-09-18T03:22:55.770Z] batch=field-waveform-1789701662291-33 D4 FIRST_VALID_SAMPLE state=FIRST_FRAME_RECEIVED attempts=1 streak=1
[2026-09-18T03:22:56.001Z] batch=field-waveform-1789701662291-33 D4 CHANNEL_SYNC_OK state=TEST_READY attempts=1 streak=5
[2026-09-18T03:22:56.002Z] batch=field-waveform-1789701662291-33 D4 TEST_READY state=TEST_READY attempts=1 streak=5
[2026-09-18T03:22:56.003Z] batch=field-waveform-1789701662291-33 D6 CHANNEL_SYNC_OK state=TEST_READY attempts=1 streak=5
[2026-09-18T03:22:56.003Z] batch=field-waveform-1789701662291-33 D6 TEST_READY state=TEST_READY attempts=1 streak=5
[2026-09-18T03:22:56.004Z] batch=field-waveform-1789701662291-33 D5 CHANNEL_SYNC_OK state=TEST_READY attempts=1 streak=5
[2026-09-18T03:22:56.004Z] batch=field-waveform-1789701662291-33 D5 TEST_READY state=TEST_READY attempts=1 streak=5
[2026-09-18T03:22:56.095Z] batch=field-waveform-1789701662291-33 D2 CHANNEL_SYNC_OK state=TEST_READY attempts=1 streak=5
[2026-09-18T03:22:56.095Z] batch=field-waveform-1789701662291-33 D2 TEST_READY state=TEST_READY attempts=1 streak=5
[2026-09-18T03:22:56.100Z] batch=field-waveform-1789701662291-33 D1 CHANNEL_SYNC_OK state=TEST_READY attempts=1 streak=5
[2026-09-18T03:22:56.101Z] batch=field-waveform-1789701662291-33 D1 TEST_READY state=TEST_READY attempts=1 streak=5
