[2026-09-10T06:26:09.662Z] batch=field-waveform-1789021410854-10 D1 MODE_SWITCH_START state=MODE_SWITCHING attempts=1 streak=0 attempt=1
[2026-09-10T06:26:09.670Z] batch=field-waveform-1789021410854-10 D1 MODE_SWITCH_OK state=MODE_SWITCH_OK attempts=1 streak=0
[2026-09-10T06:26:09.678Z] batch=field-waveform-1789021410854-10 D3 MODE_SWITCH_START state=MODE_SWITCHING attempts=1 streak=0 attempt=1
[2026-09-10T06:26:09.684Z] batch=field-waveform-1789021410854-10 D3 MODE_SWITCH_OK state=MODE_SWITCH_OK attempts=1 streak=0
[2026-09-10T06:26:09.698Z] batch=field-waveform-1789021410854-10 D2 MODE_SWITCH_START state=MODE_SWITCHING attempts=1 streak=0 attempt=1
[2026-09-10T06:26:09.699Z] batch=field-waveform-1789021410854-10 D2 MODE_SWITCH_OK state=MODE_SWITCH_OK attempts=1 streak=0
[2026-09-10T06:26:09.707Z] batch=field-waveform-1789021410854-10 D5 MODE_SWITCH_START state=MODE_SWITCHING attempts=1 streak=0 attempt=1
[2026-09-10T06:26:09.711Z] batch=field-waveform-1789021410854-10 D5 MODE_SWITCH_OK state=MODE_SWITCH_OK attempts=1 streak=0
[2026-09-10T06:26:09.717Z] batch=field-waveform-1789021410854-10 D4 MODE_SWITCH_START state=MODE_SWITCHING attempts=1 streak=0 attempt=1
[2026-09-10T06:26:09.728Z] batch=field-waveform-1789021410854-10 D4 MODE_SWITCH_OK state=MODE_SWITCH_OK attempts=1 streak=0
[2026-09-10T06:26:09.736Z] batch=field-waveform-1789021410854-10 D6 MODE_SWITCH_START state=MODE_SWITCHING attempts=1 streak=0 attempt=1
[2026-09-10T06:26:09.739Z] batch=field-waveform-1789021410854-10 D6 MODE_SWITCH_OK state=MODE_SWITCH_OK attempts=1 streak=0
[2026-09-10T06:26:20.015Z] batch=field-waveform-1789021410854-10 D1 MODE_SWITCH_START state=MODE_SWITCHING attempts=1 streak=0 attempt=1
[2026-09-10T06:26:20.032Z] batch=field-waveform-1789021410854-10 D1 MODE_SWITCH_OK state=MODE_SWITCH_OK attempts=1 streak=0
[2026-09-10T06:26:20.048Z] batch=field-waveform-1789021410854-10 D3 MODE_SWITCH_START state=MODE_SWITCHING attempts=1 streak=0 attempt=1
[2026-09-10T06:26:20.052Z] batch=field-waveform-1789021410854-10 D3 MODE_SWITCH_OK state=MODE_SWITCH_OK attempts=1 streak=0
[2026-09-10T06:26:20.067Z] batch=field-waveform-1789021410854-10 D2 MODE_SWITCH_START state=MODE_SWITCHING attempts=1 streak=0 attempt=1
[2026-09-10T06:26:20.074Z] batch=field-waveform-1789021410854-10 D2 MODE_SWITCH_OK state=MODE_SWITCH_OK attempts=1 streak=0
[2026-09-10T06:26:20.091Z] batch=field-waveform-1789021410854-10 D5 MODE_SWITCH_START state=MODE_SWITCHING attempts=1 streak=0 attempt=1
[2026-09-10T06:26:20.102Z] batch=field-waveform-1789021410854-10 D5 MODE_SWITCH_OK state=MODE_SWITCH_OK attempts=1 streak=0
[2026-09-10T06:26:20.118Z] batch=field-waveform-1789021410854-10 D4 MODE_SWITCH_START state=MODE_SWITCHING attempts=1 streak=0 attempt=1
[2026-09-10T06:26:20.122Z] batch=field-waveform-1789021410854-10 D4 MODE_SWITCH_OK state=MODE_SWITCH_OK attempts=1 streak=0
[2026-09-10T06:26:20.131Z] batch=field-waveform-1789021410854-10 D6 MODE_SWITCH_START state=MODE_SWITCHING attempts=1 streak=0 attempt=1
[2026-09-10T06:26:20.142Z] batch=field-waveform-1789021410854-10 D6 MODE_SWITCH_OK state=MODE_SWITCH_OK attempts=1 streak=0
[2026-09-10T06:26:30.235Z] batch=field-waveform-1789021410854-10 D1 MODE_SWITCH_START state=MODE_SWITCHING attempts=1 streak=0 attempt=1
[2026-09-10T06:26:30.240Z] batch=field-waveform-1789021410854-10 D1 MODE_SWITCH_OK state=MODE_SWITCH_OK attempts=1 streak=0
[2026-09-10T06:26:30.248Z] batch=field-waveform-1789021410854-10 D3 MODE_SWITCH_START state=MODE_SWITCHING attempts=1 streak=0 attempt=1
[2026-09-10T06:26:30.250Z] batch=field-waveform-1789021410854-10 D3 MODE_SWITCH_OK state=MODE_SWITCH_OK attempts=1 streak=0
[2026-09-10T06:26:30.258Z] batch=field-waveform-1789021410854-10 D2 MODE_SWITCH_START state=MODE_SWITCHING attempts=1 streak=0 attempt=1
[2026-09-10T06:26:30.266Z] batch=field-waveform-1789021410854-10 D2 MODE_SWITCH_OK state=MODE_SWITCH_OK attempts=1 streak=0
[2026-09-10T06:26:30.274Z] batch=field-waveform-1789021410854-10 D5 MODE_SWITCH_START state=MODE_SWITCHING attempts=1 streak=0 attempt=1
[2026-09-10T06:26:30.277Z] batch=field-waveform-1789021410854-10 D5 MODE_SWITCH_OK state=MODE_SWITCH_OK attempts=1 streak=0
[2026-09-10T06:26:30.284Z] batch=field-waveform-1789021410854-10 D4 MODE_SWITCH_START state=MODE_SWITCHING attempts=1 streak=0 attempt=1
[2026-09-10T06:26:30.286Z] batch=field-waveform-1789021410854-10 D4 MODE_SWITCH_OK state=MODE_SWITCH_OK attempts=1 streak=0
[2026-09-10T06:26:30.293Z] batch=field-waveform-1789021410854-10 D6 MODE_SWITCH_START state=MODE_SWITCHING attempts=1 streak=0 attempt=1
[2026-09-10T06:26:30.297Z] batch=field-waveform-1789021410854-10 D6 MODE_SWITCH_OK state=MODE_SWITCH_OK attempts=1 streak=0
[2026-09-10T06:26:40.400Z] batch=field-waveform-1789021410854-10 D1 MODE_SWITCH_START state=MODE_SWITCHING attempts=1 streak=0 attempt=1
[2026-09-10T06:26:40.409Z] batch=field-waveform-1789021410854-10 D1 MODE_SWITCH_OK state=MODE_SWITCH_OK attempts=1 streak=0
[2026-09-10T06:26:40.418Z] batch=field-waveform-1789021410854-10 D3 MODE_SWITCH_START state=MODE_SWITCHING attempts=1 streak=0 attempt=1
[2026-09-10T06:26:40.424Z] batch=field-waveform-1789021410854-10 D3 MODE_SWITCH_OK state=MODE_SWITCH_OK attempts=1 streak=0
[2026-09-10T06:26:40.431Z] batch=field-waveform-1789021410854-10 D2 MODE_SWITCH_START state=MODE_SWITCHING attempts=1 streak=0 attempt=1
[2026-09-10T06:26:40.434Z] batch=field-waveform-1789021410854-10 D2 MODE_SWITCH_OK state=MODE_SWITCH_OK attempts=1 streak=0
[2026-09-10T06:26:40.449Z] batch=field-waveform-1789021410854-10 D5 MODE_SWITCH_START state=MODE_SWITCHING attempts=1 streak=0 attempt=1
[2026-09-10T06:26:40.453Z] batch=field-waveform-1789021410854-10 D5 MODE_SWITCH_OK state=MODE_SWITCH_OK attempts=1 streak=0
[2026-09-10T06:26:40.468Z] batch=field-waveform-1789021410854-10 D4 MODE_SWITCH_START state=MODE_SWITCHING attempts=1 streak=0 attempt=1
[2026-09-10T06:26:40.475Z] batch=field-waveform-1789021410854-10 D4 MODE_SWITCH_OK state=MODE_SWITCH_OK attempts=1 streak=0
[2026-09-10T06:26:40.482Z] batch=field-waveform-1789021410854-10 D6 MODE_SWITCH_START state=MODE_SWITCHING attempts=1 streak=0 attempt=1
[2026-09-10T06:26:40.484Z] batch=field-waveform-1789021410854-10 D6 MODE_SWITCH_OK state=MODE_SWITCH_OK attempts=1 streak=0
[2026-09-10T06:26:50.617Z] batch=field-waveform-1789021410854-10 D1 MODE_SWITCH_START state=MODE_SWITCHING attempts=1 streak=0 attempt=1
[2026-09-10T06:26:50.620Z] batch=field-waveform-1789021410854-10 D1 MODE_SWITCH_OK state=MODE_SWITCH_OK attempts=1 streak=0
[2026-09-10T06:26:50.629Z] batch=field-waveform-1789021410854-10 D3 MODE_SWITCH_START state=MODE_SWITCHING attempts=1 streak=0 attempt=1
[2026-09-10T06:26:50.631Z] batch=field-waveform-1789021410854-10 D3 MODE_SWITCH_OK state=MODE_SWITCH_OK attempts=1 streak=0
[2026-09-10T06:26:50.639Z] batch=field-waveform-1789021410854-10 D2 MODE_SWITCH_START state=MODE_SWITCHING attempts=1 streak=0 attempt=1
[2026-09-10T06:26:50.642Z] batch=field-waveform-1789021410854-10 D2 MODE_SWITCH_OK state=MODE_SWITCH_OK attempts=1 streak=0
[2026-09-10T06:26:50.666Z] batch=field-waveform-1789021410854-10 D5 MODE_SWITCH_START state=MODE_SWITCHING attempts=1 streak=0 attempt=1
[2026-09-10T06:26:50.675Z] batch=field-waveform-1789021410854-10 D5 MODE_SWITCH_OK state=MODE_SWITCH_OK attempts=1 streak=0
[2026-09-10T06:26:50.682Z] batch=field-waveform-1789021410854-10 D4 MODE_SWITCH_START state=MODE_SWITCHING attempts=1 streak=0 attempt=1
[2026-09-10T06:26:50.684Z] batch=field-waveform-1789021410854-10 D4 MODE_SWITCH_OK state=MODE_SWITCH_OK attempts=1 streak=0
[2026-09-10T06:26:50.691Z] batch=field-waveform-1789021410854-10 D6 MODE_SWITCH_START state=MODE_SWITCHING attempts=1 streak=0 attempt=1
[2026-09-10T06:26:50.694Z] batch=field-waveform-1789021410854-10 D6 MODE_SWITCH_OK state=MODE_SWITCH_OK attempts=1 streak=0
[2026-09-10T06:26:57.523Z] batch=field-waveform-1789021617522-11 D1 MODE_SWITCH_START state=MODE_SWITCHING attempts=1 streak=0 attempt=1
[2026-09-10T06:26:57.533Z] batch=field-waveform-1789021617522-11 D2 MODE_SWITCH_START state=MODE_SWITCHING attempts=1 streak=0 attempt=1
[2026-09-10T06:26:57.534Z] batch=field-waveform-1789021617522-11 D3 MODE_SWITCH_START state=MODE_SWITCHING attempts=1 streak=0 attempt=1
[2026-09-10T06:26:57.536Z] batch=field-waveform-1789021617522-11 D4 MODE_SWITCH_START state=MODE_SWITCHING attempts=1 streak=0 attempt=1
[2026-09-10T06:26:57.545Z] batch=field-waveform-1789021617522-11 D5 MODE_SWITCH_START state=MODE_SWITCHING attempts=1 streak=0 attempt=1
[2026-09-10T06:26:57.554Z] batch=field-waveform-1789021617522-11 D6 MODE_SWITCH_START state=MODE_SWITCHING attempts=1 streak=0 attempt=1
[2026-09-10T06:26:57.561Z] batch=field-waveform-1789021617522-11 D1 MODE_SWITCH_OK state=MODE_SWITCH_OK attempts=1 streak=0
[2026-09-10T06:26:57.562Z] batch=field-waveform-1789021617522-11 D2 MODE_SWITCH_OK state=MODE_SWITCH_OK attempts=1 streak=0
[2026-09-10T06:26:57.563Z] batch=field-waveform-1789021617522-11 D3 MODE_SWITCH_OK state=MODE_SWITCH_OK attempts=1 streak=0
[2026-09-10T06:26:57.573Z] batch=field-waveform-1789021617522-11 D4 MODE_SWITCH_OK state=MODE_SWITCH_OK attempts=1 streak=0
[2026-09-10T06:26:57.576Z] batch=field-waveform-1789021617522-11 D5 MODE_SWITCH_OK state=MODE_SWITCH_OK attempts=1 streak=0
[2026-09-10T06:26:57.577Z] batch=field-waveform-1789021617522-11 D6 MODE_SWITCH_OK state=MODE_SWITCH_OK attempts=1 streak=0
[2026-09-10T06:27:00.632Z] batch=field-waveform-1789021617522-11 D1 MODE_SWITCH_START state=MODE_SWITCHING attempts=1 streak=0 attempt=1
[2026-09-10T06:27:00.636Z] batch=field-waveform-1789021617522-11 D1 MODE_SWITCH_OK state=MODE_SWITCH_OK attempts=1 streak=0
[2026-09-10T06:27:00.638Z] batch=field-waveform-1789021617522-11 D3 MODE_SWITCH_START state=MODE_SWITCHING attempts=1 streak=0 attempt=1
[2026-09-10T06:27:00.640Z] batch=field-waveform-1789021617522-11 D3 MODE_SWITCH_OK state=MODE_SWITCH_OK attempts=1 streak=0
[2026-09-10T06:27:00.644Z] batch=field-waveform-1789021617522-11 D2 MODE_SWITCH_START state=MODE_SWITCHING attempts=1 streak=0 attempt=1
[2026-09-10T06:27:00.657Z] batch=field-waveform-1789021617522-11 D2 MODE_SWITCH_OK state=MODE_SWITCH_OK attempts=1 streak=0
[2026-09-10T06:27:00.682Z] batch=field-waveform-1789021617522-11 D5 MODE_SWITCH_START state=MODE_SWITCHING attempts=1 streak=0 attempt=1
[2026-09-10T06:27:00.684Z] batch=field-waveform-1789021617522-11 D5 MODE_SWITCH_OK state=MODE_SWITCH_OK attempts=1 streak=0
[2026-09-10T06:27:00.685Z] batch=field-waveform-1789021617522-11 D4 MODE_SWITCH_START state=MODE_SWITCHING attempts=1 streak=0 attempt=1
[2026-09-10T06:27:00.688Z] batch=field-waveform-1789021617522-11 D4 MODE_SWITCH_OK state=MODE_SWITCH_OK attempts=1 streak=0
[2026-09-10T06:27:00.700Z] batch=field-waveform-1789021617522-11 D6 MODE_SWITCH_START state=MODE_SWITCHING attempts=1 streak=0 attempt=1
[2026-09-10T06:27:00.703Z] batch=field-waveform-1789021617522-11 D6 MODE_SWITCH_OK state=MODE_SWITCH_OK attempts=1 streak=0
[2026-09-10T06:27:10.647Z] batch=field-waveform-1789021617522-11 D1 MODE_SWITCH_START state=MODE_SWITCHING attempts=1 streak=0 attempt=1
[2026-09-10T06:27:10.672Z] batch=field-waveform-1789021617522-11 D1 MODE_SWITCH_OK state=MODE_SWITCH_OK attempts=1 streak=0
[2026-09-10T06:27:10.673Z] batch=field-waveform-1789021617522-11 D3 MODE_SWITCH_START state=MODE_SWITCHING attempts=1 streak=0 attempt=1
[2026-09-10T06:27:10.675Z] batch=field-waveform-1789021617522-11 D3 MODE_SWITCH_OK state=MODE_SWITCH_OK attempts=1 streak=0
[2026-09-10T06:27:10.676Z] batch=field-waveform-1789021617522-11 D2 MODE_SWITCH_START state=MODE_SWITCHING attempts=1 streak=0 attempt=1
[2026-09-10T06:27:10.678Z] batch=field-waveform-1789021617522-11 D2 MODE_SWITCH_OK state=MODE_SWITCH_OK attempts=1 streak=0
[2026-09-10T06:27:10.684Z] batch=field-waveform-1789021617522-11 D5 MODE_SWITCH_START state=MODE_SWITCHING attempts=1 streak=0 attempt=1
[2026-09-10T06:27:10.686Z] batch=field-waveform-1789021617522-11 D5 MODE_SWITCH_OK state=MODE_SWITCH_OK attempts=1 streak=0
[2026-09-10T06:27:10.688Z] batch=field-waveform-1789021617522-11 D4 MODE_SWITCH_START state=MODE_SWITCHING attempts=1 streak=0 attempt=1
[2026-09-10T06:27:10.689Z] batch=field-waveform-1789021617522-11 D4 MODE_SWITCH_OK state=MODE_SWITCH_OK attempts=1 streak=0
[2026-09-10T06:27:10.709Z] batch=field-waveform-1789021617522-11 D6 MODE_SWITCH_START state=MODE_SWITCHING attempts=1 streak=0 attempt=1
[2026-09-10T06:27:10.710Z] batch=field-waveform-1789021617522-11 D6 MODE_SWITCH_OK state=MODE_SWITCH_OK attempts=1 streak=0
[2026-09-10T06:27:20.687Z] batch=field-waveform-1789021617522-11 D1 MODE_SWITCH_START state=MODE_SWITCHING attempts=1 streak=0 attempt=1
[2026-09-10T06:27:20.699Z] batch=field-waveform-1789021617522-11 D1 MODE_SWITCH_OK state=MODE_SWITCH_OK attempts=1 streak=0
[2026-09-10T06:27:20.700Z] batch=field-waveform-1789021617522-11 D3 MODE_SWITCH_START state=MODE_SWITCHING attempts=1 streak=0 attempt=1
[2026-09-10T06:27:20.701Z] batch=field-waveform-1789021617522-11 D3 MODE_SWITCH_OK state=MODE_SWITCH_OK attempts=1 streak=0
[2026-09-10T06:27:20.702Z] batch=field-waveform-1789021617522-11 D2 MODE_SWITCH_START state=MODE_SWITCHING attempts=1 streak=0 attempt=1
[2026-09-10T06:27:20.703Z] batch=field-waveform-1789021617522-11 D2 MODE_SWITCH_OK state=MODE_SWITCH_OK attempts=1 streak=0
[2026-09-10T06:27:20.703Z] batch=field-waveform-1789021617522-11 D5 MODE_SWITCH_START state=MODE_SWITCHING attempts=1 streak=0 attempt=1
[2026-09-10T06:27:20.705Z] batch=field-waveform-1789021617522-11 D5 MODE_SWITCH_OK state=MODE_SWITCH_OK attempts=1 streak=0
[2026-09-10T06:27:20.705Z] batch=field-waveform-1789021617522-11 D4 MODE_SWITCH_START state=MODE_SWITCHING attempts=1 streak=0 attempt=1
[2026-09-10T06:27:20.706Z] batch=field-waveform-1789021617522-11 D4 MODE_SWITCH_OK state=MODE_SWITCH_OK attempts=1 streak=0
[2026-09-10T06:27:20.729Z] batch=field-waveform-1789021617522-11 D6 MODE_SWITCH_START state=MODE_SWITCHING attempts=1 streak=0 attempt=1
[2026-09-10T06:27:20.739Z] batch=field-waveform-1789021617522-11 D6 MODE_SWITCH_OK state=MODE_SWITCH_OK attempts=1 streak=0
[2026-09-10T06:27:25.741Z] batch=field-waveform-1789021617522-11 D4 FIRST_FRAME state=FIRST_FRAME_RECEIVED attempts=1 streak=1
[2026-09-10T06:27:25.742Z] batch=field-waveform-1789021617522-11 D4 FIRST_VALID_SAMPLE state=FIRST_FRAME_RECEIVED attempts=1 streak=1
[2026-09-10T06:27:25.778Z] batch=field-waveform-1789021617522-11 D2 FIRST_FRAME state=FIRST_FRAME_RECEIVED attempts=1 streak=1
[2026-09-10T06:27:25.779Z] batch=field-waveform-1789021617522-11 D2 FIRST_VALID_SAMPLE state=FIRST_FRAME_RECEIVED attempts=1 streak=1
[2026-09-10T06:27:25.788Z] batch=field-waveform-1789021617522-11 D1 FIRST_FRAME state=FIRST_FRAME_RECEIVED attempts=1 streak=1
[2026-09-10T06:27:25.788Z] batch=field-waveform-1789021617522-11 D1 FIRST_VALID_SAMPLE state=FIRST_FRAME_RECEIVED attempts=1 streak=1
[2026-09-10T06:27:25.790Z] batch=field-waveform-1789021617522-11 D5 FIRST_FRAME state=FIRST_FRAME_RECEIVED attempts=1 streak=1
[2026-09-10T06:27:25.791Z] batch=field-waveform-1789021617522-11 D5 FIRST_VALID_SAMPLE state=FIRST_FRAME_RECEIVED attempts=1 streak=1
[2026-09-10T06:27:25.799Z] batch=field-waveform-1789021617522-11 D3 FIRST_FRAME state=FIRST_FRAME_RECEIVED attempts=1 streak=1
[2026-09-10T06:27:25.799Z] batch=field-waveform-1789021617522-11 D3 FIRST_VALID_SAMPLE state=FIRST_FRAME_RECEIVED attempts=1 streak=1
[2026-09-10T06:27:25.800Z] batch=field-waveform-1789021617522-11 D6 FIRST_FRAME state=FIRST_FRAME_RECEIVED attempts=1 streak=1
[2026-09-10T06:27:25.800Z] batch=field-waveform-1789021617522-11 D6 FIRST_VALID_SAMPLE state=FIRST_FRAME_RECEIVED attempts=1 streak=1
[2026-09-10T06:27:25.986Z] batch=field-waveform-1789021617522-11 D4 CHANNEL_SYNC_OK state=TEST_READY attempts=1 streak=5
[2026-09-10T06:27:25.986Z] batch=field-waveform-1789021617522-11 D4 TEST_READY state=TEST_READY attempts=1 streak=5
[2026-09-10T06:27:26.001Z] batch=field-waveform-1789021617522-11 D2 CHANNEL_SYNC_OK state=TEST_READY attempts=1 streak=5
[2026-09-10T06:27:26.001Z] batch=field-waveform-1789021617522-11 D2 TEST_READY state=TEST_READY attempts=1 streak=5
[2026-09-10T06:27:26.005Z] batch=field-waveform-1789021617522-11 D1 CHANNEL_SYNC_OK state=TEST_READY attempts=1 streak=5
[2026-09-10T06:27:26.005Z] batch=field-waveform-1789021617522-11 D1 TEST_READY state=TEST_READY attempts=1 streak=5
[2026-09-10T06:27:26.008Z] batch=field-waveform-1789021617522-11 D5 CHANNEL_SYNC_OK state=TEST_READY attempts=1 streak=5
[2026-09-10T06:27:26.009Z] batch=field-waveform-1789021617522-11 D5 TEST_READY state=TEST_READY attempts=1 streak=5
[2026-09-10T06:27:26.034Z] batch=field-waveform-1789021617522-11 D3 CHANNEL_SYNC_OK state=TEST_READY attempts=1 streak=5
[2026-09-10T06:27:26.034Z] batch=field-waveform-1789021617522-11 D3 TEST_READY state=TEST_READY attempts=1 streak=5
[2026-09-10T06:27:26.058Z] batch=field-waveform-1789021617522-11 D6 CHANNEL_SYNC_OK state=TEST_READY attempts=1 streak=5
[2026-09-10T06:27:26.058Z] batch=field-waveform-1789021617522-11 D6 TEST_READY state=TEST_READY attempts=1 streak=5
[2026-09-10T06:28:35.661Z] batch=field-waveform-1789021617522-11 D6 MODE_SWITCH_START state=MODE_SWITCHING attempts=1 streak=0 attempt=1
[2026-09-10T06:28:35.672Z] batch=field-waveform-1789021617522-11 D6 MODE_SWITCH_OK state=MODE_SWITCH_OK attempts=1 streak=0
[2026-09-10T06:28:35.677Z] batch=field-waveform-1789021617522-11 D3 MODE_SWITCH_START state=MODE_SWITCHING attempts=1 streak=0 attempt=1
[2026-09-10T06:28:35.683Z] batch=field-waveform-1789021617522-11 D3 MODE_SWITCH_OK state=MODE_SWITCH_OK attempts=1 streak=0
[2026-09-10T06:28:35.688Z] batch=field-waveform-1789021617522-11 D4 MODE_SWITCH_START state=MODE_SWITCHING attempts=1 streak=0 attempt=1
[2026-09-10T06:28:35.690Z] batch=field-waveform-1789021617522-11 D4 MODE_SWITCH_OK state=MODE_SWITCH_OK attempts=1 streak=0
[2026-09-10T06:28:35.695Z] batch=field-waveform-1789021617522-11 D5 MODE_SWITCH_START state=MODE_SWITCHING attempts=1 streak=0 attempt=1
[2026-09-10T06:28:35.699Z] batch=field-waveform-1789021617522-11 D5 MODE_SWITCH_OK state=MODE_SWITCH_OK attempts=1 streak=0
[2026-09-10T06:28:35.705Z] batch=field-waveform-1789021617522-11 D2 MODE_SWITCH_START state=MODE_SWITCHING attempts=1 streak=0 attempt=1
[2026-09-10T06:28:35.706Z] batch=field-waveform-1789021617522-11 D2 MODE_SWITCH_OK state=MODE_SWITCH_OK attempts=1 streak=0
[2026-09-10T06:28:35.712Z] batch=field-waveform-1789021617522-11 D1 MODE_SWITCH_START state=MODE_SWITCHING attempts=1 streak=0 attempt=1
[2026-09-10T06:28:35.717Z] batch=field-waveform-1789021617522-11 D1 MODE_SWITCH_OK state=MODE_SWITCH_OK attempts=1 streak=0
[2026-09-10T06:28:45.685Z] batch=field-waveform-1789021617522-11 D6 MODE_SWITCH_START state=MODE_SWITCHING attempts=1 streak=0 attempt=1
[2026-09-10T06:28:45.698Z] batch=field-waveform-1789021617522-11 D6 MODE_SWITCH_OK state=MODE_SWITCH_OK attempts=1 streak=0
[2026-09-10T06:28:45.705Z] batch=field-waveform-1789021617522-11 D3 MODE_SWITCH_START state=MODE_SWITCHING attempts=1 streak=0 attempt=1
[2026-09-10T06:28:45.709Z] batch=field-waveform-1789021617522-11 D3 MODE_SWITCH_OK state=MODE_SWITCH_OK attempts=1 streak=0
[2026-09-10T06:28:45.715Z] batch=field-waveform-1789021617522-11 D4 MODE_SWITCH_START state=MODE_SWITCHING attempts=1 streak=0 attempt=1
[2026-09-10T06:28:45.726Z] batch=field-waveform-1789021617522-11 D4 MODE_SWITCH_OK state=MODE_SWITCH_OK attempts=1 streak=0
[2026-09-10T06:28:45.996Z] batch=field-waveform-1789021617522-11 D5 MODE_SWITCH_START state=MODE_SWITCHING attempts=1 streak=0 attempt=1
[2026-09-10T06:28:46.007Z] batch=field-waveform-1789021617522-11 D5 MODE_SWITCH_OK state=MODE_SWITCH_OK attempts=1 streak=0
[2026-09-10T06:28:46.014Z] batch=field-waveform-1789021617522-11 D2 MODE_SWITCH_START state=MODE_SWITCHING attempts=1 streak=0 attempt=1
[2026-09-10T06:28:46.015Z] batch=field-waveform-1789021617522-11 D2 MODE_SWITCH_OK state=MODE_SWITCH_OK attempts=1 streak=0
[2026-09-10T06:28:46.021Z] batch=field-waveform-1789021617522-11 D1 MODE_SWITCH_START state=MODE_SWITCHING attempts=1 streak=0 attempt=1
[2026-09-10T06:28:46.028Z] batch=field-waveform-1789021617522-11 D1 MODE_SWITCH_OK state=MODE_SWITCH_OK attempts=1 streak=0
[2026-09-10T06:28:50.937Z] batch=field-waveform-1789021617522-11 D4 FIRST_FRAME state=FIRST_FRAME_RECEIVED attempts=1 streak=1
[2026-09-10T06:28:50.937Z] batch=field-waveform-1789021617522-11 D4 FIRST_VALID_SAMPLE state=FIRST_FRAME_RECEIVED attempts=1 streak=1
[2026-09-10T06:28:50.959Z] batch=field-waveform-1789021617522-11 D3 FIRST_FRAME state=FIRST_FRAME_RECEIVED attempts=1 streak=1
[2026-09-10T06:28:50.960Z] batch=field-waveform-1789021617522-11 D3 FIRST_VALID_SAMPLE state=FIRST_FRAME_RECEIVED attempts=1 streak=1
[2026-09-10T06:28:51.053Z] batch=field-waveform-1789021617522-11 D4 CHANNEL_SYNC_OK state=TEST_READY attempts=1 streak=5
[2026-09-10T06:28:51.053Z] batch=field-waveform-1789021617522-11 D4 TEST_READY state=TEST_READY attempts=1 streak=5
[2026-09-10T06:28:51.055Z] batch=field-waveform-1789021617522-11 D3 CHANNEL_SYNC_OK state=TEST_READY attempts=1 streak=5
[2026-09-10T06:28:51.055Z] batch=field-waveform-1789021617522-11 D3 TEST_READY state=TEST_READY attempts=1 streak=5
[2026-09-10T06:28:51.220Z] batch=field-waveform-1789021617522-11 D2 FIRST_FRAME state=FIRST_FRAME_RECEIVED attempts=1 streak=1
[2026-09-10T06:28:51.220Z] batch=field-waveform-1789021617522-11 D2 FIRST_VALID_SAMPLE state=FIRST_FRAME_RECEIVED attempts=1 streak=1
[2026-09-10T06:28:51.233Z] batch=field-waveform-1789021617522-11 D5 FIRST_FRAME state=FIRST_FRAME_RECEIVED attempts=1 streak=1
[2026-09-10T06:28:51.233Z] batch=field-waveform-1789021617522-11 D5 FIRST_VALID_SAMPLE state=FIRST_FRAME_RECEIVED attempts=1 streak=1
[2026-09-10T06:28:51.236Z] batch=field-waveform-1789021617522-11 D1 FIRST_FRAME state=FIRST_FRAME_RECEIVED attempts=1 streak=1
[2026-09-10T06:28:51.236Z] batch=field-waveform-1789021617522-11 D1 FIRST_VALID_SAMPLE state=FIRST_FRAME_RECEIVED attempts=1 streak=1
[2026-09-10T06:28:51.472Z] batch=field-waveform-1789021617522-11 D5 CHANNEL_SYNC_OK state=TEST_READY attempts=1 streak=5
[2026-09-10T06:28:51.472Z] batch=field-waveform-1789021617522-11 D5 TEST_READY state=TEST_READY attempts=1 streak=5
[2026-09-10T06:28:51.477Z] batch=field-waveform-1789021617522-11 D2 CHANNEL_SYNC_OK state=TEST_READY attempts=1 streak=5
[2026-09-10T06:28:51.477Z] batch=field-waveform-1789021617522-11 D2 TEST_READY state=TEST_READY attempts=1 streak=5
[2026-09-10T06:28:51.479Z] batch=field-waveform-1789021617522-11 D1 CHANNEL_SYNC_OK state=TEST_READY attempts=1 streak=5
[2026-09-10T06:28:51.479Z] batch=field-waveform-1789021617522-11 D1 TEST_READY state=TEST_READY attempts=1 streak=5
[2026-09-10T06:28:55.871Z] batch=field-waveform-1789021617522-11 D6 MODE_SWITCH_START state=MODE_SWITCHING attempts=1 streak=0 attempt=1
[2026-09-10T06:28:55.872Z] batch=field-waveform-1789021617522-11 D6 MODE_SWITCH_OK state=MODE_SWITCH_OK attempts=1 streak=0
[2026-09-10T06:29:01.170Z] batch=field-waveform-1789021617522-11 D6 FIRST_FRAME state=FIRST_FRAME_RECEIVED attempts=1 streak=1
[2026-09-10T06:29:01.170Z] batch=field-waveform-1789021617522-11 D6 FIRST_VALID_SAMPLE state=FIRST_FRAME_RECEIVED attempts=1 streak=1
[2026-09-10T06:29:01.184Z] batch=field-waveform-1789021617522-11 D6 CHANNEL_SYNC_OK state=TEST_READY attempts=1 streak=5
[2026-09-10T06:29:01.184Z] batch=field-waveform-1789021617522-11 D6 TEST_READY state=TEST_READY attempts=1 streak=5
[2026-09-10T06:29:26.391Z] batch=field-waveform-1789021617522-11 D6 MODE_SWITCH_START state=MODE_SWITCHING attempts=1 streak=0 attempt=1
[2026-09-10T06:29:26.403Z] batch=field-waveform-1789021617522-11 D6 MODE_SWITCH_OK state=MODE_SWITCH_OK attempts=1 streak=0
