[2026-09-14T05:59:54.765Z] batch=field-waveform-1789365594763-3 D1 MODE_SWITCH_START state=MODE_SWITCHING attempts=1 streak=0 attempt=1
[2026-09-14T05:59:54.767Z] batch=field-waveform-1789365594763-3 D2 MODE_SWITCH_START state=MODE_SWITCHING attempts=1 streak=0 attempt=1
[2026-09-14T05:59:54.769Z] batch=field-waveform-1789365594763-3 D3 MODE_SWITCH_START state=MODE_SWITCHING attempts=1 streak=0 attempt=1
[2026-09-14T05:59:54.772Z] batch=field-waveform-1789365594763-3 D4 MODE_SWITCH_START state=MODE_SWITCHING attempts=1 streak=0 attempt=1
[2026-09-14T05:59:54.773Z] batch=field-waveform-1789365594763-3 D5 MODE_SWITCH_START state=MODE_SWITCHING attempts=1 streak=0 attempt=1
[2026-09-14T05:59:54.774Z] batch=field-waveform-1789365594763-3 D6 MODE_SWITCH_START state=MODE_SWITCHING attempts=1 streak=0 attempt=1
[2026-09-14T05:59:54.777Z] batch=field-waveform-1789365594763-3 D1 MODE_SWITCH_OK state=MODE_SWITCH_OK attempts=1 streak=0
[2026-09-14T05:59:54.778Z] batch=field-waveform-1789365594763-3 D2 MODE_SWITCH_OK state=MODE_SWITCH_OK attempts=1 streak=0
[2026-09-14T05:59:54.779Z] batch=field-waveform-1789365594763-3 D3 MODE_SWITCH_OK state=MODE_SWITCH_OK attempts=1 streak=0
[2026-09-14T05:59:54.779Z] batch=field-waveform-1789365594763-3 D4 MODE_SWITCH_OK state=MODE_SWITCH_OK attempts=1 streak=0
[2026-09-14T05:59:54.780Z] batch=field-waveform-1789365594763-3 D5 MODE_SWITCH_OK state=MODE_SWITCH_OK attempts=1 streak=0
[2026-09-14T05:59:54.780Z] batch=field-waveform-1789365594763-3 D6 MODE_SWITCH_OK state=MODE_SWITCH_OK attempts=1 streak=0
[2026-09-14T05:59:56.639Z] batch=field-waveform-1789365594763-3 D2 MODE_SWITCH_START state=MODE_SWITCHING attempts=1 streak=0 attempt=1
[2026-09-14T05:59:56.641Z] batch=field-waveform-1789365594763-3 D2 MODE_SWITCH_OK state=MODE_SWITCH_OK attempts=1 streak=0
[2026-09-14T05:59:56.643Z] batch=field-waveform-1789365594763-3 D3 MODE_SWITCH_START state=MODE_SWITCHING attempts=1 streak=0 attempt=1
[2026-09-14T05:59:56.646Z] batch=field-waveform-1789365594763-3 D3 MODE_SWITCH_OK state=MODE_SWITCH_OK attempts=1 streak=0
[2026-09-14T05:59:56.653Z] batch=field-waveform-1789365594763-3 D1 MODE_SWITCH_START state=MODE_SWITCHING attempts=1 streak=0 attempt=1
[2026-09-14T05:59:56.657Z] batch=field-waveform-1789365594763-3 D1 MODE_SWITCH_OK state=MODE_SWITCH_OK attempts=1 streak=0
[2026-09-14T05:59:56.668Z] batch=field-waveform-1789365594763-3 D4 MODE_SWITCH_START state=MODE_SWITCHING attempts=1 streak=0 attempt=1
[2026-09-14T05:59:56.671Z] batch=field-waveform-1789365594763-3 D4 MODE_SWITCH_OK state=MODE_SWITCH_OK attempts=1 streak=0
[2026-09-14T05:59:56.673Z] batch=field-waveform-1789365594763-3 D6 MODE_SWITCH_START state=MODE_SWITCHING attempts=1 streak=0 attempt=1
[2026-09-14T05:59:56.675Z] batch=field-waveform-1789365594763-3 D6 MODE_SWITCH_OK state=MODE_SWITCH_OK attempts=1 streak=0
[2026-09-14T05:59:56.683Z] batch=field-waveform-1789365594763-3 D5 MODE_SWITCH_START state=MODE_SWITCHING attempts=1 streak=0 attempt=1
[2026-09-14T05:59:56.685Z] batch=field-waveform-1789365594763-3 D5 MODE_SWITCH_OK state=MODE_SWITCH_OK attempts=1 streak=0
[2026-09-14T06:00:06.644Z] batch=field-waveform-1789365594763-3 D2 MODE_SWITCH_START state=MODE_SWITCHING attempts=1 streak=0 attempt=1
[2026-09-14T06:00:06.649Z] batch=field-waveform-1789365594763-3 D2 MODE_SWITCH_OK state=MODE_SWITCH_OK attempts=1 streak=0
[2026-09-14T06:00:06.650Z] batch=field-waveform-1789365594763-3 D3 MODE_SWITCH_START state=MODE_SWITCHING attempts=1 streak=0 attempt=1
[2026-09-14T06:00:06.651Z] batch=field-waveform-1789365594763-3 D3 MODE_SWITCH_OK state=MODE_SWITCH_OK attempts=1 streak=0
[2026-09-14T06:00:06.659Z] batch=field-waveform-1789365594763-3 D1 MODE_SWITCH_START state=MODE_SWITCHING attempts=1 streak=0 attempt=1
[2026-09-14T06:00:06.661Z] batch=field-waveform-1789365594763-3 D1 MODE_SWITCH_OK state=MODE_SWITCH_OK attempts=1 streak=0
[2026-09-14T06:00:06.675Z] batch=field-waveform-1789365594763-3 D4 MODE_SWITCH_START state=MODE_SWITCHING attempts=1 streak=0 attempt=1
[2026-09-14T06:00:06.677Z] batch=field-waveform-1789365594763-3 D4 MODE_SWITCH_OK state=MODE_SWITCH_OK attempts=1 streak=0
[2026-09-14T06:00:06.683Z] batch=field-waveform-1789365594763-3 D6 MODE_SWITCH_START state=MODE_SWITCHING attempts=1 streak=0 attempt=1
[2026-09-14T06:00:06.686Z] batch=field-waveform-1789365594763-3 D6 MODE_SWITCH_OK state=MODE_SWITCH_OK attempts=1 streak=0
[2026-09-14T06:00:06.691Z] batch=field-waveform-1789365594763-3 D5 MODE_SWITCH_START state=MODE_SWITCHING attempts=1 streak=0 attempt=1
[2026-09-14T06:00:06.694Z] batch=field-waveform-1789365594763-3 D5 MODE_SWITCH_OK state=MODE_SWITCH_OK attempts=1 streak=0
[2026-09-14T06:00:16.656Z] batch=field-waveform-1789365594763-3 D2 MODE_SWITCH_START state=MODE_SWITCHING attempts=1 streak=0 attempt=1
[2026-09-14T06:00:16.659Z] batch=field-waveform-1789365594763-3 D2 MODE_SWITCH_OK state=MODE_SWITCH_OK attempts=1 streak=0
[2026-09-14T06:00:16.661Z] batch=field-waveform-1789365594763-3 D3 MODE_SWITCH_START state=MODE_SWITCHING attempts=1 streak=0 attempt=1
[2026-09-14T06:00:16.664Z] batch=field-waveform-1789365594763-3 D3 MODE_SWITCH_OK state=MODE_SWITCH_OK attempts=1 streak=0
[2026-09-14T06:00:16.667Z] batch=field-waveform-1789365594763-3 D1 MODE_SWITCH_START state=MODE_SWITCHING attempts=1 streak=0 attempt=1
[2026-09-14T06:00:16.672Z] batch=field-waveform-1789365594763-3 D1 MODE_SWITCH_OK state=MODE_SWITCH_OK attempts=1 streak=0
[2026-09-14T06:00:16.689Z] batch=field-waveform-1789365594763-3 D4 MODE_SWITCH_START state=MODE_SWITCHING attempts=1 streak=0 attempt=1
[2026-09-14T06:00:16.691Z] batch=field-waveform-1789365594763-3 D4 MODE_SWITCH_OK state=MODE_SWITCH_OK attempts=1 streak=0
[2026-09-14T06:00:16.693Z] batch=field-waveform-1789365594763-3 D6 MODE_SWITCH_START state=MODE_SWITCHING attempts=1 streak=0 attempt=1
[2026-09-14T06:00:16.695Z] batch=field-waveform-1789365594763-3 D6 MODE_SWITCH_OK state=MODE_SWITCH_OK attempts=1 streak=0
[2026-09-14T06:00:16.699Z] batch=field-waveform-1789365594763-3 D5 MODE_SWITCH_START state=MODE_SWITCHING attempts=1 streak=0 attempt=1
[2026-09-14T06:00:16.704Z] batch=field-waveform-1789365594763-3 D5 MODE_SWITCH_OK state=MODE_SWITCH_OK attempts=1 streak=0
[2026-09-14T06:00:18.230Z] batch=field-waveform-1789365618227-4 D1 MODE_SWITCH_START state=MODE_SWITCHING attempts=1 streak=0 attempt=1
[2026-09-14T06:00:18.231Z] batch=field-waveform-1789365618227-4 D2 MODE_SWITCH_START state=MODE_SWITCHING attempts=1 streak=0 attempt=1
[2026-09-14T06:00:18.233Z] batch=field-waveform-1789365618227-4 D3 MODE_SWITCH_START state=MODE_SWITCHING attempts=1 streak=0 attempt=1
[2026-09-14T06:00:18.234Z] batch=field-waveform-1789365618227-4 D4 MODE_SWITCH_START state=MODE_SWITCHING attempts=1 streak=0 attempt=1
[2026-09-14T06:00:18.235Z] batch=field-waveform-1789365618227-4 D5 MODE_SWITCH_START state=MODE_SWITCHING attempts=1 streak=0 attempt=1
[2026-09-14T06:00:18.236Z] batch=field-waveform-1789365618227-4 D6 MODE_SWITCH_START state=MODE_SWITCHING attempts=1 streak=0 attempt=1
[2026-09-14T06:00:18.244Z] batch=field-waveform-1789365618227-4 D1 MODE_SWITCH_OK state=MODE_SWITCH_OK attempts=1 streak=0
[2026-09-14T06:00:18.246Z] batch=field-waveform-1789365618227-4 D2 MODE_SWITCH_OK state=MODE_SWITCH_OK attempts=1 streak=0
[2026-09-14T06:00:18.247Z] batch=field-waveform-1789365618227-4 D3 MODE_SWITCH_OK state=MODE_SWITCH_OK attempts=1 streak=0
[2026-09-14T06:00:18.249Z] batch=field-waveform-1789365618227-4 D4 MODE_SWITCH_OK state=MODE_SWITCH_OK attempts=1 streak=0
[2026-09-14T06:00:18.250Z] batch=field-waveform-1789365618227-4 D5 MODE_SWITCH_OK state=MODE_SWITCH_OK attempts=1 streak=0
[2026-09-14T06:00:18.252Z] batch=field-waveform-1789365618227-4 D6 MODE_SWITCH_OK state=MODE_SWITCH_OK attempts=1 streak=0
[2026-09-14T06:00:26.664Z] batch=field-waveform-1789365618227-4 D2 MODE_SWITCH_START state=MODE_SWITCHING attempts=1 streak=0 attempt=1
[2026-09-14T06:00:26.666Z] batch=field-waveform-1789365618227-4 D2 MODE_SWITCH_OK state=MODE_SWITCH_OK attempts=1 streak=0
[2026-09-14T06:00:26.669Z] batch=field-waveform-1789365618227-4 D3 MODE_SWITCH_START state=MODE_SWITCHING attempts=1 streak=0 attempt=1
[2026-09-14T06:00:26.672Z] batch=field-waveform-1789365618227-4 D3 MODE_SWITCH_OK state=MODE_SWITCH_OK attempts=1 streak=0
[2026-09-14T06:00:26.675Z] batch=field-waveform-1789365618227-4 D1 MODE_SWITCH_START state=MODE_SWITCHING attempts=1 streak=0 attempt=1
[2026-09-14T06:00:26.680Z] batch=field-waveform-1789365618227-4 D1 MODE_SWITCH_OK state=MODE_SWITCH_OK attempts=1 streak=0
[2026-09-14T06:00:26.695Z] batch=field-waveform-1789365618227-4 D4 MODE_SWITCH_START state=MODE_SWITCHING attempts=1 streak=0 attempt=1
[2026-09-14T06:00:26.696Z] batch=field-waveform-1789365618227-4 D4 MODE_SWITCH_OK state=MODE_SWITCH_OK attempts=1 streak=0
[2026-09-14T06:00:26.698Z] batch=field-waveform-1789365618227-4 D6 MODE_SWITCH_START state=MODE_SWITCHING attempts=1 streak=0 attempt=1
[2026-09-14T06:00:26.717Z] batch=field-waveform-1789365618227-4 D6 MODE_SWITCH_OK state=MODE_SWITCH_OK attempts=1 streak=0
[2026-09-14T06:00:26.719Z] batch=field-waveform-1789365618227-4 D5 MODE_SWITCH_START state=MODE_SWITCHING attempts=1 streak=0 attempt=1
[2026-09-14T06:00:26.723Z] batch=field-waveform-1789365618227-4 D5 MODE_SWITCH_OK state=MODE_SWITCH_OK attempts=1 streak=0
[2026-09-14T06:00:36.670Z] batch=field-waveform-1789365618227-4 D2 MODE_SWITCH_START state=MODE_SWITCHING attempts=1 streak=0 attempt=1
[2026-09-14T06:00:36.672Z] batch=field-waveform-1789365618227-4 D2 MODE_SWITCH_OK state=MODE_SWITCH_OK attempts=1 streak=0
[2026-09-14T06:00:36.683Z] batch=field-waveform-1789365618227-4 D3 MODE_SWITCH_START state=MODE_SWITCHING attempts=1 streak=0 attempt=1
[2026-09-14T06:00:36.686Z] batch=field-waveform-1789365618227-4 D3 MODE_SWITCH_OK state=MODE_SWITCH_OK attempts=1 streak=0
[2026-09-14T06:00:36.687Z] batch=field-waveform-1789365618227-4 D1 MODE_SWITCH_START state=MODE_SWITCHING attempts=1 streak=0 attempt=1
[2026-09-14T06:00:36.688Z] batch=field-waveform-1789365618227-4 D1 MODE_SWITCH_OK state=MODE_SWITCH_OK attempts=1 streak=0
[2026-09-14T06:00:36.711Z] batch=field-waveform-1789365618227-4 D4 MODE_SWITCH_START state=MODE_SWITCHING attempts=1 streak=0 attempt=1
[2026-09-14T06:00:36.713Z] batch=field-waveform-1789365618227-4 D4 MODE_SWITCH_OK state=MODE_SWITCH_OK attempts=1 streak=0
[2026-09-14T06:00:36.726Z] batch=field-waveform-1789365618227-4 D6 MODE_SWITCH_START state=MODE_SWITCHING attempts=1 streak=0 attempt=1
[2026-09-14T06:00:36.728Z] batch=field-waveform-1789365618227-4 D6 MODE_SWITCH_OK state=MODE_SWITCH_OK attempts=1 streak=0
[2026-09-14T06:00:36.730Z] batch=field-waveform-1789365618227-4 D5 MODE_SWITCH_START state=MODE_SWITCHING attempts=1 streak=0 attempt=1
[2026-09-14T06:00:36.730Z] batch=field-waveform-1789365618227-4 D5 MODE_SWITCH_OK state=MODE_SWITCH_OK attempts=1 streak=0
[2026-09-14T06:00:46.682Z] batch=field-waveform-1789365618227-4 D2 MODE_SWITCH_START state=MODE_SWITCHING attempts=1 streak=0 attempt=1
[2026-09-14T06:00:46.687Z] batch=field-waveform-1789365618227-4 D2 MODE_SWITCH_OK state=MODE_SWITCH_OK attempts=1 streak=0
[2026-09-14T06:00:46.717Z] batch=field-waveform-1789365618227-4 D3 MODE_SWITCH_START state=MODE_SWITCHING attempts=1 streak=0 attempt=1
[2026-09-14T06:00:46.721Z] batch=field-waveform-1789365618227-4 D3 MODE_SWITCH_OK state=MODE_SWITCH_OK attempts=1 streak=0
[2026-09-14T06:00:46.721Z] batch=field-waveform-1789365618227-4 D1 MODE_SWITCH_START state=MODE_SWITCHING attempts=1 streak=0 attempt=1
[2026-09-14T06:00:46.722Z] batch=field-waveform-1789365618227-4 D1 MODE_SWITCH_OK state=MODE_SWITCH_OK attempts=1 streak=0
[2026-09-14T06:00:46.723Z] batch=field-waveform-1789365618227-4 D4 MODE_SWITCH_START state=MODE_SWITCHING attempts=1 streak=0 attempt=1
[2026-09-14T06:00:46.727Z] batch=field-waveform-1789365618227-4 D4 MODE_SWITCH_OK state=MODE_SWITCH_OK attempts=1 streak=0
[2026-09-14T06:00:46.732Z] batch=field-waveform-1789365618227-4 D6 MODE_SWITCH_START state=MODE_SWITCHING attempts=1 streak=0 attempt=1
[2026-09-14T06:00:46.737Z] batch=field-waveform-1789365618227-4 D6 MODE_SWITCH_OK state=MODE_SWITCH_OK attempts=1 streak=0
[2026-09-14T06:00:46.737Z] batch=field-waveform-1789365618227-4 D5 MODE_SWITCH_START state=MODE_SWITCHING attempts=1 streak=0 attempt=1
[2026-09-14T06:00:46.738Z] batch=field-waveform-1789365618227-4 D5 MODE_SWITCH_OK state=MODE_SWITCH_OK attempts=1 streak=0
[2026-09-14T06:00:56.689Z] batch=field-waveform-1789365618227-4 D2 MODE_SWITCH_START state=MODE_SWITCHING attempts=1 streak=0 attempt=1
[2026-09-14T06:00:56.695Z] batch=field-waveform-1789365618227-4 D2 MODE_SWITCH_OK state=MODE_SWITCH_OK attempts=1 streak=0
[2026-09-14T06:00:56.744Z] batch=field-waveform-1789365618227-4 D3 MODE_SWITCH_START state=MODE_SWITCHING attempts=1 streak=0 attempt=1
[2026-09-14T06:00:56.754Z] batch=field-waveform-1789365618227-4 D3 MODE_SWITCH_OK state=MODE_SWITCH_OK attempts=1 streak=0
[2026-09-14T06:00:56.763Z] batch=field-waveform-1789365618227-4 D1 MODE_SWITCH_START state=MODE_SWITCHING attempts=1 streak=0 attempt=1
[2026-09-14T06:00:56.769Z] batch=field-waveform-1789365618227-4 D1 MODE_SWITCH_OK state=MODE_SWITCH_OK attempts=1 streak=0
[2026-09-14T06:00:56.771Z] batch=field-waveform-1789365618227-4 D4 MODE_SWITCH_START state=MODE_SWITCHING attempts=1 streak=0 attempt=1
[2026-09-14T06:00:56.775Z] batch=field-waveform-1789365618227-4 D4 MODE_SWITCH_OK state=MODE_SWITCH_OK attempts=1 streak=0
[2026-09-14T06:00:56.778Z] batch=field-waveform-1789365618227-4 D6 MODE_SWITCH_START state=MODE_SWITCHING attempts=1 streak=0 attempt=1
[2026-09-14T06:00:56.780Z] batch=field-waveform-1789365618227-4 D6 MODE_SWITCH_OK state=MODE_SWITCH_OK attempts=1 streak=0
[2026-09-14T06:00:56.787Z] batch=field-waveform-1789365618227-4 D5 MODE_SWITCH_START state=MODE_SWITCHING attempts=1 streak=0 attempt=1
[2026-09-14T06:00:56.795Z] batch=field-waveform-1789365618227-4 D5 MODE_SWITCH_OK state=MODE_SWITCH_OK attempts=1 streak=0
[2026-09-14T06:01:01.789Z] batch=field-waveform-1789365618227-4 D2 FIRST_FRAME state=FIRST_FRAME_RECEIVED attempts=1 streak=1
[2026-09-14T06:01:01.791Z] batch=field-waveform-1789365618227-4 D2 FIRST_VALID_SAMPLE state=FIRST_FRAME_RECEIVED attempts=1 streak=1
[2026-09-14T06:01:01.841Z] batch=field-waveform-1789365618227-4 D4 FIRST_FRAME state=FIRST_FRAME_RECEIVED attempts=1 streak=1
[2026-09-14T06:01:01.841Z] batch=field-waveform-1789365618227-4 D4 FIRST_VALID_SAMPLE state=FIRST_FRAME_RECEIVED attempts=1 streak=1
[2026-09-14T06:01:01.848Z] batch=field-waveform-1789365618227-4 D1 FIRST_FRAME state=FIRST_FRAME_RECEIVED attempts=1 streak=1
[2026-09-14T06:01:01.849Z] batch=field-waveform-1789365618227-4 D1 FIRST_VALID_SAMPLE state=FIRST_FRAME_RECEIVED attempts=1 streak=1
[2026-09-14T06:01:01.850Z] batch=field-waveform-1789365618227-4 D3 FIRST_FRAME state=FIRST_FRAME_RECEIVED attempts=1 streak=1
[2026-09-14T06:01:01.850Z] batch=field-waveform-1789365618227-4 D3 FIRST_VALID_SAMPLE state=FIRST_FRAME_RECEIVED attempts=1 streak=1
[2026-09-14T06:01:01.867Z] batch=field-waveform-1789365618227-4 D5 FIRST_FRAME state=FIRST_FRAME_RECEIVED attempts=1 streak=1
[2026-09-14T06:01:01.867Z] batch=field-waveform-1789365618227-4 D5 FIRST_VALID_SAMPLE state=FIRST_FRAME_RECEIVED attempts=1 streak=1
[2026-09-14T06:01:01.872Z] batch=field-waveform-1789365618227-4 D6 FIRST_FRAME state=FIRST_FRAME_RECEIVED attempts=1 streak=1
[2026-09-14T06:01:01.873Z] batch=field-waveform-1789365618227-4 D6 FIRST_VALID_SAMPLE state=FIRST_FRAME_RECEIVED attempts=1 streak=1
[2026-09-14T06:01:02.051Z] batch=field-waveform-1789365618227-4 D2 CHANNEL_SYNC_OK state=TEST_READY attempts=1 streak=5
[2026-09-14T06:01:02.051Z] batch=field-waveform-1789365618227-4 D2 TEST_READY state=TEST_READY attempts=1 streak=5
[2026-09-14T06:01:02.065Z] batch=field-waveform-1789365618227-4 D4 CHANNEL_SYNC_OK state=TEST_READY attempts=1 streak=5
[2026-09-14T06:01:02.065Z] batch=field-waveform-1789365618227-4 D4 TEST_READY state=TEST_READY attempts=1 streak=5
[2026-09-14T06:01:02.092Z] batch=field-waveform-1789365618227-4 D1 CHANNEL_SYNC_OK state=TEST_READY attempts=1 streak=5
[2026-09-14T06:01:02.093Z] batch=field-waveform-1789365618227-4 D1 TEST_READY state=TEST_READY attempts=1 streak=5
[2026-09-14T06:01:02.100Z] batch=field-waveform-1789365618227-4 D3 CHANNEL_SYNC_OK state=TEST_READY attempts=1 streak=5
[2026-09-14T06:01:02.100Z] batch=field-waveform-1789365618227-4 D3 TEST_READY state=TEST_READY attempts=1 streak=5
[2026-09-14T06:01:02.115Z] batch=field-waveform-1789365618227-4 D5 CHANNEL_SYNC_OK state=TEST_READY attempts=1 streak=5
[2026-09-14T06:01:02.116Z] batch=field-waveform-1789365618227-4 D5 TEST_READY state=TEST_READY attempts=1 streak=5
[2026-09-14T06:01:02.118Z] batch=field-waveform-1789365618227-4 D6 CHANNEL_SYNC_OK state=TEST_READY attempts=1 streak=5
[2026-09-14T06:01:02.122Z] batch=field-waveform-1789365618227-4 D6 TEST_READY state=TEST_READY attempts=1 streak=5
[2026-09-14T06:01:56.053Z] batch=field-waveform-1789365618227-4 D2 MODE_SWITCH_START state=MODE_SWITCHING attempts=1 streak=0 attempt=1
[2026-09-14T06:01:56.056Z] batch=field-waveform-1789365618227-4 D2 MODE_SWITCH_OK state=MODE_SWITCH_OK attempts=1 streak=0
[2026-09-14T06:01:56.065Z] batch=field-waveform-1789365618227-4 D1 MODE_SWITCH_START state=MODE_SWITCHING attempts=1 streak=0 attempt=1
[2026-09-14T06:01:56.071Z] batch=field-waveform-1789365618227-4 D1 MODE_SWITCH_OK state=MODE_SWITCH_OK attempts=1 streak=0
[2026-09-14T06:01:56.077Z] batch=field-waveform-1789365618227-4 D5 MODE_SWITCH_START state=MODE_SWITCHING attempts=1 streak=0 attempt=1
[2026-09-14T06:01:56.082Z] batch=field-waveform-1789365618227-4 D5 MODE_SWITCH_OK state=MODE_SWITCH_OK attempts=1 streak=0
[2026-09-14T06:01:56.088Z] batch=field-waveform-1789365618227-4 D3 MODE_SWITCH_START state=MODE_SWITCHING attempts=1 streak=0 attempt=1
[2026-09-14T06:01:56.095Z] batch=field-waveform-1789365618227-4 D3 MODE_SWITCH_OK state=MODE_SWITCH_OK attempts=1 streak=0
[2026-09-14T06:01:56.105Z] batch=field-waveform-1789365618227-4 D6 MODE_SWITCH_START state=MODE_SWITCHING attempts=1 streak=0 attempt=1
[2026-09-14T06:01:56.115Z] batch=field-waveform-1789365618227-4 D6 MODE_SWITCH_OK state=MODE_SWITCH_OK attempts=1 streak=0
[2026-09-14T06:01:56.121Z] batch=field-waveform-1789365618227-4 D4 MODE_SWITCH_START state=MODE_SWITCHING attempts=1 streak=0 attempt=1
[2026-09-14T06:01:56.129Z] batch=field-waveform-1789365618227-4 D4 MODE_SWITCH_OK state=MODE_SWITCH_OK attempts=1 streak=0
[2026-09-14T06:02:06.495Z] batch=field-waveform-1789365618227-4 D2 MODE_SWITCH_START state=MODE_SWITCHING attempts=1 streak=0 attempt=1
[2026-09-14T06:02:06.507Z] batch=field-waveform-1789365618227-4 D2 MODE_SWITCH_OK state=MODE_SWITCH_OK attempts=1 streak=0
[2026-09-14T06:02:06.514Z] batch=field-waveform-1789365618227-4 D1 MODE_SWITCH_START state=MODE_SWITCHING attempts=1 streak=0 attempt=1
[2026-09-14T06:02:06.524Z] batch=field-waveform-1789365618227-4 D1 MODE_SWITCH_OK state=MODE_SWITCH_OK attempts=1 streak=0
[2026-09-14T06:02:06.535Z] batch=field-waveform-1789365618227-4 D5 MODE_SWITCH_START state=MODE_SWITCHING attempts=1 streak=0 attempt=1
[2026-09-14T06:02:06.574Z] batch=field-waveform-1789365618227-4 D5 MODE_SWITCH_OK state=MODE_SWITCH_OK attempts=1 streak=0
[2026-09-14T06:02:06.587Z] batch=field-waveform-1789365618227-4 D3 MODE_SWITCH_START state=MODE_SWITCHING attempts=1 streak=0 attempt=1
[2026-09-14T06:02:06.612Z] batch=field-waveform-1789365618227-4 D3 MODE_SWITCH_OK state=MODE_SWITCH_OK attempts=1 streak=0
[2026-09-14T06:02:06.619Z] batch=field-waveform-1789365618227-4 D6 MODE_SWITCH_START state=MODE_SWITCHING attempts=1 streak=0 attempt=1
[2026-09-14T06:02:06.622Z] batch=field-waveform-1789365618227-4 D6 MODE_SWITCH_OK state=MODE_SWITCH_OK attempts=1 streak=0
[2026-09-14T06:02:06.629Z] batch=field-waveform-1789365618227-4 D4 MODE_SWITCH_START state=MODE_SWITCHING attempts=1 streak=0 attempt=1
[2026-09-14T06:02:06.630Z] batch=field-waveform-1789365618227-4 D4 MODE_SWITCH_OK state=MODE_SWITCH_OK attempts=1 streak=0
[2026-09-14T06:02:11.750Z] batch=field-waveform-1789365618227-4 D2 FIRST_FRAME state=FIRST_FRAME_RECEIVED attempts=1 streak=1
[2026-09-14T06:02:11.750Z] batch=field-waveform-1789365618227-4 D2 FIRST_VALID_SAMPLE state=FIRST_FRAME_RECEIVED attempts=1 streak=1
[2026-09-14T06:02:11.901Z] batch=field-waveform-1789365618227-4 D2 CHANNEL_SYNC_OK state=TEST_READY attempts=1 streak=5
[2026-09-14T06:02:11.906Z] batch=field-waveform-1789365618227-4 D2 TEST_READY state=TEST_READY attempts=1 streak=5
[2026-09-14T06:02:12.136Z] batch=field-waveform-1789365618227-4 D1 FIRST_FRAME state=FIRST_FRAME_RECEIVED attempts=1 streak=1
[2026-09-14T06:02:12.138Z] batch=field-waveform-1789365618227-4 D1 FIRST_VALID_SAMPLE state=FIRST_FRAME_RECEIVED attempts=1 streak=1
[2026-09-14T06:02:12.144Z] batch=field-waveform-1789365618227-4 D1 CHANNEL_SYNC_OK state=TEST_READY attempts=1 streak=5
[2026-09-14T06:02:12.146Z] batch=field-waveform-1789365618227-4 D1 TEST_READY state=TEST_READY attempts=1 streak=5
[2026-09-14T06:02:12.149Z] batch=field-waveform-1789365618227-4 D5 FIRST_FRAME state=FIRST_FRAME_RECEIVED attempts=1 streak=1
[2026-09-14T06:02:12.149Z] batch=field-waveform-1789365618227-4 D5 FIRST_VALID_SAMPLE state=FIRST_FRAME_RECEIVED attempts=1 streak=1
[2026-09-14T06:02:12.151Z] batch=field-waveform-1789365618227-4 D5 CHANNEL_SYNC_OK state=TEST_READY attempts=1 streak=5
[2026-09-14T06:02:12.155Z] batch=field-waveform-1789365618227-4 D5 TEST_READY state=TEST_READY attempts=1 streak=5
[2026-09-14T06:02:12.197Z] batch=field-waveform-1789365618227-4 D3 FIRST_FRAME state=FIRST_FRAME_RECEIVED attempts=1 streak=1
[2026-09-14T06:02:12.198Z] batch=field-waveform-1789365618227-4 D3 FIRST_VALID_SAMPLE state=FIRST_FRAME_RECEIVED attempts=1 streak=1
[2026-09-14T06:02:12.205Z] batch=field-waveform-1789365618227-4 D3 CHANNEL_SYNC_OK state=TEST_READY attempts=1 streak=5
[2026-09-14T06:02:12.206Z] batch=field-waveform-1789365618227-4 D3 TEST_READY state=TEST_READY attempts=1 streak=5
[2026-09-14T06:02:12.208Z] batch=field-waveform-1789365618227-4 D6 FIRST_FRAME state=FIRST_FRAME_RECEIVED attempts=1 streak=1
[2026-09-14T06:02:12.209Z] batch=field-waveform-1789365618227-4 D6 FIRST_VALID_SAMPLE state=FIRST_FRAME_RECEIVED attempts=1 streak=1
[2026-09-14T06:02:12.214Z] batch=field-waveform-1789365618227-4 D6 CHANNEL_SYNC_OK state=TEST_READY attempts=1 streak=5
[2026-09-14T06:02:12.215Z] batch=field-waveform-1789365618227-4 D6 TEST_READY state=TEST_READY attempts=1 streak=5
[2026-09-14T06:02:12.216Z] batch=field-waveform-1789365618227-4 D4 FIRST_FRAME state=FIRST_FRAME_RECEIVED attempts=1 streak=1
[2026-09-14T06:02:12.216Z] batch=field-waveform-1789365618227-4 D4 FIRST_VALID_SAMPLE state=FIRST_FRAME_RECEIVED attempts=1 streak=1
[2026-09-14T06:02:12.221Z] batch=field-waveform-1789365618227-4 D4 CHANNEL_SYNC_OK state=TEST_READY attempts=1 streak=5
[2026-09-14T06:02:12.222Z] batch=field-waveform-1789365618227-4 D4 TEST_READY state=TEST_READY attempts=1 streak=5
[2026-09-14T06:02:46.892Z] batch=field-waveform-1789365618227-4 D6 MODE_SWITCH_START state=MODE_SWITCHING attempts=1 streak=0 attempt=1
[2026-09-14T06:02:46.898Z] batch=field-waveform-1789365618227-4 D6 MODE_SWITCH_OK state=MODE_SWITCH_OK attempts=1 streak=0
[2026-09-14T06:02:46.908Z] batch=field-waveform-1789365618227-4 D2 MODE_SWITCH_START state=MODE_SWITCHING attempts=1 streak=0 attempt=1
[2026-09-14T06:02:46.909Z] batch=field-waveform-1789365618227-4 D2 MODE_SWITCH_OK state=MODE_SWITCH_OK attempts=1 streak=0
[2026-09-14T06:02:46.917Z] batch=field-waveform-1789365618227-4 D4 MODE_SWITCH_START state=MODE_SWITCHING attempts=1 streak=0 attempt=1
[2026-09-14T06:02:46.923Z] batch=field-waveform-1789365618227-4 D4 MODE_SWITCH_OK state=MODE_SWITCH_OK attempts=1 streak=0
[2026-09-14T06:02:46.930Z] batch=field-waveform-1789365618227-4 D5 MODE_SWITCH_START state=MODE_SWITCHING attempts=1 streak=0 attempt=1
[2026-09-14T06:02:46.933Z] batch=field-waveform-1789365618227-4 D5 MODE_SWITCH_OK state=MODE_SWITCH_OK attempts=1 streak=0
[2026-09-14T06:02:46.940Z] batch=field-waveform-1789365618227-4 D1 MODE_SWITCH_START state=MODE_SWITCHING attempts=1 streak=0 attempt=1
[2026-09-14T06:02:46.942Z] batch=field-waveform-1789365618227-4 D1 MODE_SWITCH_OK state=MODE_SWITCH_OK attempts=1 streak=0
[2026-09-14T06:02:46.949Z] batch=field-waveform-1789365618227-4 D3 MODE_SWITCH_START state=MODE_SWITCHING attempts=1 streak=0 attempt=1
[2026-09-14T06:02:46.951Z] batch=field-waveform-1789365618227-4 D3 MODE_SWITCH_OK state=MODE_SWITCH_OK attempts=1 streak=0
