[2026-09-10T01:37:20.639Z] batch=field-waveform-1789004082583-21 D3 MODE_SWITCH_START state=MODE_SWITCHING attempts=1 streak=0 attempt=1
[2026-09-10T01:37:20.649Z] batch=field-waveform-1789004082583-21 D3 MODE_SWITCH_OK state=MODE_SWITCH_OK attempts=1 streak=0
[2026-09-10T01:37:20.667Z] batch=field-waveform-1789004082583-21 D2 MODE_SWITCH_START state=MODE_SWITCHING attempts=1 streak=0 attempt=1
[2026-09-10T01:37:20.669Z] batch=field-waveform-1789004082583-21 D2 MODE_SWITCH_OK state=MODE_SWITCH_OK attempts=1 streak=0
[2026-09-10T01:37:20.678Z] batch=field-waveform-1789004082583-21 D1 MODE_SWITCH_START state=MODE_SWITCHING attempts=1 streak=0 attempt=1
[2026-09-10T01:37:20.682Z] batch=field-waveform-1789004082583-21 D1 MODE_SWITCH_OK state=MODE_SWITCH_OK attempts=1 streak=0
[2026-09-10T01:37:20.691Z] batch=field-waveform-1789004082583-21 D5 MODE_SWITCH_START state=MODE_SWITCHING attempts=1 streak=0 attempt=1
[2026-09-10T01:37:20.694Z] batch=field-waveform-1789004082583-21 D5 MODE_SWITCH_OK state=MODE_SWITCH_OK attempts=1 streak=0
[2026-09-10T01:37:20.704Z] batch=field-waveform-1789004082583-21 D6 MODE_SWITCH_START state=MODE_SWITCHING attempts=1 streak=0 attempt=1
[2026-09-10T01:37:20.706Z] batch=field-waveform-1789004082583-21 D6 MODE_SWITCH_OK state=MODE_SWITCH_OK attempts=1 streak=0
[2026-09-10T01:37:20.717Z] batch=field-waveform-1789004082583-21 D4 MODE_SWITCH_START state=MODE_SWITCHING attempts=1 streak=0 attempt=1
[2026-09-10T01:37:20.720Z] batch=field-waveform-1789004082583-21 D4 MODE_SWITCH_OK state=MODE_SWITCH_OK attempts=1 streak=0
[2026-09-10T01:37:30.715Z] batch=field-waveform-1789004082583-21 D3 MODE_SWITCH_START state=MODE_SWITCHING attempts=1 streak=0 attempt=1
[2026-09-10T01:37:30.726Z] batch=field-waveform-1789004082583-21 D3 MODE_SWITCH_OK state=MODE_SWITCH_OK attempts=1 streak=0
[2026-09-10T01:37:30.734Z] batch=field-waveform-1789004082583-21 D2 MODE_SWITCH_START state=MODE_SWITCHING attempts=1 streak=0 attempt=1
[2026-09-10T01:37:30.740Z] batch=field-waveform-1789004082583-21 D2 MODE_SWITCH_OK state=MODE_SWITCH_OK attempts=1 streak=0
[2026-09-10T01:37:30.749Z] batch=field-waveform-1789004082583-21 D1 MODE_SWITCH_START state=MODE_SWITCHING attempts=1 streak=0 attempt=1
[2026-09-10T01:37:30.761Z] batch=field-waveform-1789004082583-21 D1 MODE_SWITCH_OK state=MODE_SWITCH_OK attempts=1 streak=0
[2026-09-10T01:37:30.771Z] batch=field-waveform-1789004082583-21 D5 MODE_SWITCH_START state=MODE_SWITCHING attempts=1 streak=0 attempt=1
[2026-09-10T01:37:30.775Z] batch=field-waveform-1789004082583-21 D5 MODE_SWITCH_OK state=MODE_SWITCH_OK attempts=1 streak=0
[2026-09-10T01:37:30.784Z] batch=field-waveform-1789004082583-21 D6 MODE_SWITCH_START state=MODE_SWITCHING attempts=1 streak=0 attempt=1
[2026-09-10T01:37:30.789Z] batch=field-waveform-1789004082583-21 D6 MODE_SWITCH_OK state=MODE_SWITCH_OK attempts=1 streak=0
[2026-09-10T01:37:30.805Z] batch=field-waveform-1789004082583-21 D4 MODE_SWITCH_START state=MODE_SWITCHING attempts=1 streak=0 attempt=1
[2026-09-10T01:37:30.809Z] batch=field-waveform-1789004082583-21 D4 MODE_SWITCH_OK state=MODE_SWITCH_OK attempts=1 streak=0
[2026-09-10T01:37:40.931Z] batch=field-waveform-1789004082583-21 D3 MODE_SWITCH_START state=MODE_SWITCHING attempts=1 streak=0 attempt=1
[2026-09-10T01:37:40.941Z] batch=field-waveform-1789004082583-21 D3 MODE_SWITCH_OK state=MODE_SWITCH_OK attempts=1 streak=0
[2026-09-10T01:37:40.958Z] batch=field-waveform-1789004082583-21 D2 MODE_SWITCH_START state=MODE_SWITCHING attempts=1 streak=0 attempt=1
[2026-09-10T01:37:40.960Z] batch=field-waveform-1789004082583-21 D2 MODE_SWITCH_OK state=MODE_SWITCH_OK attempts=1 streak=0
[2026-09-10T01:37:40.970Z] batch=field-waveform-1789004082583-21 D1 MODE_SWITCH_START state=MODE_SWITCHING attempts=1 streak=0 attempt=1
[2026-09-10T01:37:40.976Z] batch=field-waveform-1789004082583-21 D1 MODE_SWITCH_OK state=MODE_SWITCH_OK attempts=1 streak=0
[2026-09-10T01:37:40.991Z] batch=field-waveform-1789004082583-21 D5 MODE_SWITCH_START state=MODE_SWITCHING attempts=1 streak=0 attempt=1
[2026-09-10T01:37:40.997Z] batch=field-waveform-1789004082583-21 D5 MODE_SWITCH_OK state=MODE_SWITCH_OK attempts=1 streak=0
[2026-09-10T01:37:41.006Z] batch=field-waveform-1789004082583-21 D6 MODE_SWITCH_START state=MODE_SWITCHING attempts=1 streak=0 attempt=1
[2026-09-10T01:37:41.007Z] batch=field-waveform-1789004082583-21 D6 MODE_SWITCH_OK state=MODE_SWITCH_OK attempts=1 streak=0
[2026-09-10T01:37:41.017Z] batch=field-waveform-1789004082583-21 D4 MODE_SWITCH_START state=MODE_SWITCHING attempts=1 streak=0 attempt=1
[2026-09-10T01:37:41.018Z] batch=field-waveform-1789004082583-21 D4 MODE_SWITCH_OK state=MODE_SWITCH_OK attempts=1 streak=0
[2026-09-10T01:37:50.967Z] batch=field-waveform-1789004082583-21 D3 MODE_SWITCH_START state=MODE_SWITCHING attempts=1 streak=0 attempt=1
[2026-09-10T01:37:50.979Z] batch=field-waveform-1789004082583-21 D3 MODE_SWITCH_OK state=MODE_SWITCH_OK attempts=1 streak=0
[2026-09-10T01:37:50.989Z] batch=field-waveform-1789004082583-21 D2 MODE_SWITCH_START state=MODE_SWITCHING attempts=1 streak=0 attempt=1
[2026-09-10T01:37:50.996Z] batch=field-waveform-1789004082583-21 D2 MODE_SWITCH_OK state=MODE_SWITCH_OK attempts=1 streak=0
[2026-09-10T01:37:51.005Z] batch=field-waveform-1789004082583-21 D1 MODE_SWITCH_START state=MODE_SWITCHING attempts=1 streak=0 attempt=1
[2026-09-10T01:37:51.011Z] batch=field-waveform-1789004082583-21 D1 MODE_SWITCH_OK state=MODE_SWITCH_OK attempts=1 streak=0
[2026-09-10T01:37:51.024Z] batch=field-waveform-1789004082583-21 D5 MODE_SWITCH_START state=MODE_SWITCHING attempts=1 streak=0 attempt=1
[2026-09-10T01:37:51.037Z] batch=field-waveform-1789004082583-21 D5 MODE_SWITCH_OK state=MODE_SWITCH_OK attempts=1 streak=0
[2026-09-10T01:37:51.046Z] batch=field-waveform-1789004082583-21 D6 MODE_SWITCH_START state=MODE_SWITCHING attempts=1 streak=0 attempt=1
[2026-09-10T01:37:51.055Z] batch=field-waveform-1789004082583-21 D6 MODE_SWITCH_OK state=MODE_SWITCH_OK attempts=1 streak=0
[2026-09-10T01:37:51.340Z] batch=field-waveform-1789004082583-21 D4 MODE_SWITCH_START state=MODE_SWITCHING attempts=1 streak=0 attempt=1
[2026-09-10T01:37:51.342Z] batch=field-waveform-1789004082583-21 D4 MODE_SWITCH_OK state=MODE_SWITCH_OK attempts=1 streak=0
[2026-09-10T01:37:56.418Z] batch=field-waveform-1789004276418-22 D1 MODE_SWITCH_START state=MODE_SWITCHING attempts=1 streak=0 attempt=1
[2026-09-10T01:37:56.419Z] batch=field-waveform-1789004276418-22 D2 MODE_SWITCH_START state=MODE_SWITCHING attempts=1 streak=0 attempt=1
[2026-09-10T01:37:56.420Z] batch=field-waveform-1789004276418-22 D3 MODE_SWITCH_START state=MODE_SWITCHING attempts=1 streak=0 attempt=1
[2026-09-10T01:37:56.421Z] batch=field-waveform-1789004276418-22 D4 MODE_SWITCH_START state=MODE_SWITCHING attempts=1 streak=0 attempt=1
[2026-09-10T01:37:56.428Z] batch=field-waveform-1789004276418-22 D5 MODE_SWITCH_START state=MODE_SWITCHING attempts=1 streak=0 attempt=1
[2026-09-10T01:37:56.429Z] batch=field-waveform-1789004276418-22 D6 MODE_SWITCH_START state=MODE_SWITCHING attempts=1 streak=0 attempt=1
[2026-09-10T01:37:56.437Z] batch=field-waveform-1789004276418-22 D1 MODE_SWITCH_OK state=MODE_SWITCH_OK attempts=1 streak=0
[2026-09-10T01:37:56.438Z] batch=field-waveform-1789004276418-22 D2 MODE_SWITCH_OK state=MODE_SWITCH_OK attempts=1 streak=0
[2026-09-10T01:37:56.448Z] batch=field-waveform-1789004276418-22 D3 MODE_SWITCH_OK state=MODE_SWITCH_OK attempts=1 streak=0
[2026-09-10T01:37:56.448Z] batch=field-waveform-1789004276418-22 D4 MODE_SWITCH_OK state=MODE_SWITCH_OK attempts=1 streak=0
[2026-09-10T01:37:56.449Z] batch=field-waveform-1789004276418-22 D5 MODE_SWITCH_OK state=MODE_SWITCH_OK attempts=1 streak=0
[2026-09-10T01:37:56.449Z] batch=field-waveform-1789004276418-22 D6 MODE_SWITCH_OK state=MODE_SWITCH_OK attempts=1 streak=0
[2026-09-10T01:38:00.986Z] batch=field-waveform-1789004276418-22 D3 MODE_SWITCH_START state=MODE_SWITCHING attempts=1 streak=0 attempt=1
[2026-09-10T01:38:01.000Z] batch=field-waveform-1789004276418-22 D3 MODE_SWITCH_OK state=MODE_SWITCH_OK attempts=1 streak=0
[2026-09-10T01:38:01.001Z] batch=field-waveform-1789004276418-22 D2 MODE_SWITCH_START state=MODE_SWITCHING attempts=1 streak=0 attempt=1
[2026-09-10T01:38:01.004Z] batch=field-waveform-1789004276418-22 D2 MODE_SWITCH_OK state=MODE_SWITCH_OK attempts=1 streak=0
[2026-09-10T01:38:01.011Z] batch=field-waveform-1789004276418-22 D1 MODE_SWITCH_START state=MODE_SWITCHING attempts=1 streak=0 attempt=1
[2026-09-10T01:38:01.018Z] batch=field-waveform-1789004276418-22 D1 MODE_SWITCH_OK state=MODE_SWITCH_OK attempts=1 streak=0
[2026-09-10T01:38:01.041Z] batch=field-waveform-1789004276418-22 D5 MODE_SWITCH_START state=MODE_SWITCHING attempts=1 streak=0 attempt=1
[2026-09-10T01:38:01.047Z] batch=field-waveform-1789004276418-22 D5 MODE_SWITCH_OK state=MODE_SWITCH_OK attempts=1 streak=0
[2026-09-10T01:38:01.071Z] batch=field-waveform-1789004276418-22 D6 MODE_SWITCH_START state=MODE_SWITCHING attempts=1 streak=0 attempt=1
[2026-09-10T01:38:01.073Z] batch=field-waveform-1789004276418-22 D6 MODE_SWITCH_OK state=MODE_SWITCH_OK attempts=1 streak=0
[2026-09-10T01:38:01.348Z] batch=field-waveform-1789004276418-22 D4 MODE_SWITCH_START state=MODE_SWITCHING attempts=1 streak=0 attempt=1
[2026-09-10T01:38:01.352Z] batch=field-waveform-1789004276418-22 D4 MODE_SWITCH_OK state=MODE_SWITCH_OK attempts=1 streak=0
[2026-09-10T01:38:11.005Z] batch=field-waveform-1789004276418-22 D3 MODE_SWITCH_START state=MODE_SWITCHING attempts=1 streak=0 attempt=1
[2026-09-10T01:38:11.015Z] batch=field-waveform-1789004276418-22 D3 MODE_SWITCH_OK state=MODE_SWITCH_OK attempts=1 streak=0
[2026-09-10T01:38:11.030Z] batch=field-waveform-1789004276418-22 D2 MODE_SWITCH_START state=MODE_SWITCHING attempts=1 streak=0 attempt=1
[2026-09-10T01:38:11.037Z] batch=field-waveform-1789004276418-22 D2 MODE_SWITCH_OK state=MODE_SWITCH_OK attempts=1 streak=0
[2026-09-10T01:38:11.038Z] batch=field-waveform-1789004276418-22 D1 MODE_SWITCH_START state=MODE_SWITCHING attempts=1 streak=0 attempt=1
[2026-09-10T01:38:11.039Z] batch=field-waveform-1789004276418-22 D1 MODE_SWITCH_OK state=MODE_SWITCH_OK attempts=1 streak=0
[2026-09-10T01:38:11.055Z] batch=field-waveform-1789004276418-22 D5 MODE_SWITCH_START state=MODE_SWITCHING attempts=1 streak=0 attempt=1
[2026-09-10T01:38:11.058Z] batch=field-waveform-1789004276418-22 D5 MODE_SWITCH_OK state=MODE_SWITCH_OK attempts=1 streak=0
[2026-09-10T01:38:11.077Z] batch=field-waveform-1789004276418-22 D6 MODE_SWITCH_START state=MODE_SWITCHING attempts=1 streak=0 attempt=1
[2026-09-10T01:38:11.079Z] batch=field-waveform-1789004276418-22 D6 MODE_SWITCH_OK state=MODE_SWITCH_OK attempts=1 streak=0
[2026-09-10T01:38:11.356Z] batch=field-waveform-1789004276418-22 D4 MODE_SWITCH_START state=MODE_SWITCHING attempts=1 streak=0 attempt=1
[2026-09-10T01:38:11.359Z] batch=field-waveform-1789004276418-22 D4 MODE_SWITCH_OK state=MODE_SWITCH_OK attempts=1 streak=0
[2026-09-10T01:38:21.018Z] batch=field-waveform-1789004276418-22 D3 MODE_SWITCH_START state=MODE_SWITCHING attempts=1 streak=0 attempt=1
[2026-09-10T01:38:21.044Z] batch=field-waveform-1789004276418-22 D3 MODE_SWITCH_OK state=MODE_SWITCH_OK attempts=1 streak=0
[2026-09-10T01:38:21.054Z] batch=field-waveform-1789004276418-22 D2 MODE_SWITCH_START state=MODE_SWITCHING attempts=1 streak=0 attempt=1
[2026-09-10T01:38:21.064Z] batch=field-waveform-1789004276418-22 D2 MODE_SWITCH_OK state=MODE_SWITCH_OK attempts=1 streak=0
[2026-09-10T01:38:21.065Z] batch=field-waveform-1789004276418-22 D1 MODE_SWITCH_START state=MODE_SWITCHING attempts=1 streak=0 attempt=1
[2026-09-10T01:38:21.066Z] batch=field-waveform-1789004276418-22 D1 MODE_SWITCH_OK state=MODE_SWITCH_OK attempts=1 streak=0
[2026-09-10T01:38:21.067Z] batch=field-waveform-1789004276418-22 D5 MODE_SWITCH_START state=MODE_SWITCHING attempts=1 streak=0 attempt=1
[2026-09-10T01:38:21.068Z] batch=field-waveform-1789004276418-22 D5 MODE_SWITCH_OK state=MODE_SWITCH_OK attempts=1 streak=0
[2026-09-10T01:38:21.079Z] batch=field-waveform-1789004276418-22 D6 MODE_SWITCH_START state=MODE_SWITCHING attempts=1 streak=0 attempt=1
[2026-09-10T01:38:21.081Z] batch=field-waveform-1789004276418-22 D6 MODE_SWITCH_OK state=MODE_SWITCH_OK attempts=1 streak=0
[2026-09-10T01:38:21.363Z] batch=field-waveform-1789004276418-22 D4 MODE_SWITCH_START state=MODE_SWITCHING attempts=1 streak=0 attempt=1
[2026-09-10T01:38:21.365Z] batch=field-waveform-1789004276418-22 D4 MODE_SWITCH_OK state=MODE_SWITCH_OK attempts=1 streak=0
[2026-09-10T01:38:26.105Z] batch=field-waveform-1789004276418-22 D5 FIRST_FRAME state=FIRST_FRAME_RECEIVED attempts=1 streak=1
[2026-09-10T01:38:26.105Z] batch=field-waveform-1789004276418-22 D5 FIRST_VALID_SAMPLE state=FIRST_FRAME_RECEIVED attempts=1 streak=1
[2026-09-10T01:38:26.133Z] batch=field-waveform-1789004276418-22 D3 FIRST_FRAME state=FIRST_FRAME_RECEIVED attempts=1 streak=1
[2026-09-10T01:38:26.133Z] batch=field-waveform-1789004276418-22 D3 FIRST_VALID_SAMPLE state=FIRST_FRAME_RECEIVED attempts=1 streak=1
[2026-09-10T01:38:26.147Z] batch=field-waveform-1789004276418-22 D2 FIRST_FRAME state=FIRST_FRAME_RECEIVED attempts=1 streak=1
[2026-09-10T01:38:26.147Z] batch=field-waveform-1789004276418-22 D2 FIRST_VALID_SAMPLE state=FIRST_FRAME_RECEIVED attempts=1 streak=1
[2026-09-10T01:38:26.149Z] batch=field-waveform-1789004276418-22 D6 FIRST_FRAME state=FIRST_FRAME_RECEIVED attempts=1 streak=1
[2026-09-10T01:38:26.149Z] batch=field-waveform-1789004276418-22 D6 FIRST_VALID_SAMPLE state=FIRST_FRAME_RECEIVED attempts=1 streak=1
[2026-09-10T01:38:26.364Z] batch=field-waveform-1789004276418-22 D5 CHANNEL_SYNC_OK state=TEST_READY attempts=1 streak=5
[2026-09-10T01:38:26.364Z] batch=field-waveform-1789004276418-22 D5 TEST_READY state=TEST_READY attempts=1 streak=5
[2026-09-10T01:38:26.366Z] batch=field-waveform-1789004276418-22 D3 CHANNEL_SYNC_OK state=TEST_READY attempts=1 streak=5
[2026-09-10T01:38:26.366Z] batch=field-waveform-1789004276418-22 D3 TEST_READY state=TEST_READY attempts=1 streak=5
[2026-09-10T01:38:26.389Z] batch=field-waveform-1789004276418-22 D2 CHANNEL_SYNC_OK state=TEST_READY attempts=1 streak=5
[2026-09-10T01:38:26.389Z] batch=field-waveform-1789004276418-22 D2 TEST_READY state=TEST_READY attempts=1 streak=5
[2026-09-10T01:38:26.391Z] batch=field-waveform-1789004276418-22 D6 CHANNEL_SYNC_OK state=TEST_READY attempts=1 streak=5
[2026-09-10T01:38:26.391Z] batch=field-waveform-1789004276418-22 D6 TEST_READY state=TEST_READY attempts=1 streak=5
[2026-09-10T01:38:26.444Z] batch=field-waveform-1789004276418-22 D4 FIRST_FRAME state=FIRST_FRAME_RECEIVED attempts=1 streak=1
[2026-09-10T01:38:26.445Z] batch=field-waveform-1789004276418-22 D4 FIRST_VALID_SAMPLE state=FIRST_FRAME_RECEIVED attempts=1 streak=1
[2026-09-10T01:38:26.694Z] batch=field-waveform-1789004276418-22 D4 CHANNEL_SYNC_OK state=TEST_READY attempts=1 streak=5
[2026-09-10T01:38:26.695Z] batch=field-waveform-1789004276418-22 D4 TEST_READY state=TEST_READY attempts=1 streak=5
[2026-09-10T01:38:31.067Z] batch=field-waveform-1789004276418-22 D1 MODE_SWITCH_START state=MODE_SWITCHING attempts=1 streak=0 attempt=1
[2026-09-10T01:38:31.080Z] batch=field-waveform-1789004276418-22 D1 MODE_SWITCH_OK state=MODE_SWITCH_OK attempts=1 streak=0
[2026-09-10T01:38:41.084Z] batch=field-waveform-1789004276418-22 D1 MODE_SWITCH_START state=MODE_SWITCHING attempts=1 streak=0 attempt=1
[2026-09-10T01:38:41.095Z] batch=field-waveform-1789004276418-22 D1 MODE_SWITCH_OK state=MODE_SWITCH_OK attempts=1 streak=0
[2026-09-10T01:38:46.156Z] batch=field-waveform-1789004276418-22 D1 FIRST_FRAME state=FIRST_FRAME_RECEIVED attempts=1 streak=1
[2026-09-10T01:38:46.156Z] batch=field-waveform-1789004276418-22 D1 FIRST_VALID_SAMPLE state=FIRST_FRAME_RECEIVED attempts=1 streak=1
[2026-09-10T01:38:46.407Z] batch=field-waveform-1789004276418-22 D1 CHANNEL_SYNC_OK state=TEST_READY attempts=1 streak=5
[2026-09-10T01:38:46.408Z] batch=field-waveform-1789004276418-22 D1 TEST_READY state=TEST_READY attempts=1 streak=5
[2026-09-10T01:38:47.509Z] batch=field-waveform-1789004327509-23 D1 MODE_SWITCH_START state=MODE_SWITCHING attempts=1 streak=0 attempt=1
[2026-09-10T01:38:47.519Z] batch=field-waveform-1789004327509-23 D2 MODE_SWITCH_START state=MODE_SWITCHING attempts=1 streak=0 attempt=1
[2026-09-10T01:38:47.520Z] batch=field-waveform-1789004327509-23 D3 MODE_SWITCH_START state=MODE_SWITCHING attempts=1 streak=0 attempt=1
[2026-09-10T01:38:47.521Z] batch=field-waveform-1789004327509-23 D4 MODE_SWITCH_START state=MODE_SWITCHING attempts=1 streak=0 attempt=1
[2026-09-10T01:38:47.522Z] batch=field-waveform-1789004327509-23 D5 MODE_SWITCH_START state=MODE_SWITCHING attempts=1 streak=0 attempt=1
[2026-09-10T01:38:47.523Z] batch=field-waveform-1789004327509-23 D6 MODE_SWITCH_START state=MODE_SWITCHING attempts=1 streak=0 attempt=1
[2026-09-10T01:38:47.530Z] batch=field-waveform-1789004327509-23 D1 MODE_SWITCH_OK state=MODE_SWITCH_OK attempts=1 streak=0
[2026-09-10T01:38:47.531Z] batch=field-waveform-1789004327509-23 D2 MODE_SWITCH_OK state=MODE_SWITCH_OK attempts=1 streak=0
[2026-09-10T01:38:47.531Z] batch=field-waveform-1789004327509-23 D3 MODE_SWITCH_OK state=MODE_SWITCH_OK attempts=1 streak=0
[2026-09-10T01:38:47.532Z] batch=field-waveform-1789004327509-23 D4 MODE_SWITCH_OK state=MODE_SWITCH_OK attempts=1 streak=0
[2026-09-10T01:38:47.532Z] batch=field-waveform-1789004327509-23 D5 MODE_SWITCH_OK state=MODE_SWITCH_OK attempts=1 streak=0
[2026-09-10T01:38:47.533Z] batch=field-waveform-1789004327509-23 D6 MODE_SWITCH_OK state=MODE_SWITCH_OK attempts=1 streak=0
[2026-09-10T01:38:47.539Z] batch=field-waveform-1789004327509-23 D6 FIRST_FRAME state=FIRST_FRAME_RECEIVED attempts=1 streak=1
[2026-09-10T01:38:47.539Z] batch=field-waveform-1789004327509-23 D6 FIRST_VALID_SAMPLE state=FIRST_FRAME_RECEIVED attempts=1 streak=1
[2026-09-10T01:38:47.540Z] batch=field-waveform-1789004327509-23 D2 FIRST_FRAME state=FIRST_FRAME_RECEIVED attempts=1 streak=1
[2026-09-10T01:38:47.540Z] batch=field-waveform-1789004327509-23 D2 FIRST_VALID_SAMPLE state=FIRST_FRAME_RECEIVED attempts=1 streak=1
[2026-09-10T01:38:47.542Z] batch=field-waveform-1789004327509-23 D1 FIRST_FRAME state=FIRST_FRAME_RECEIVED attempts=1 streak=1
[2026-09-10T01:38:47.542Z] batch=field-waveform-1789004327509-23 D1 FIRST_VALID_SAMPLE state=FIRST_FRAME_RECEIVED attempts=1 streak=1
[2026-09-10T01:38:51.049Z] batch=field-waveform-1789004327509-23 D5 MODE_SWITCH_START state=MODE_SWITCHING attempts=1 streak=0 attempt=1
[2026-09-10T01:38:51.053Z] batch=field-waveform-1789004327509-23 D5 MODE_SWITCH_OK state=MODE_SWITCH_OK attempts=1 streak=0
[2026-09-10T01:38:51.075Z] batch=field-waveform-1789004327509-23 D3 MODE_SWITCH_START state=MODE_SWITCHING attempts=1 streak=0 attempt=1
[2026-09-10T01:38:51.079Z] batch=field-waveform-1789004327509-23 D3 MODE_SWITCH_OK state=MODE_SWITCH_OK attempts=1 streak=0
[2026-09-10T01:38:51.334Z] batch=field-waveform-1789004327509-23 D4 MODE_SWITCH_START state=MODE_SWITCHING attempts=1 streak=0 attempt=1
[2026-09-10T01:38:51.338Z] batch=field-waveform-1789004327509-23 D4 MODE_SWITCH_OK state=MODE_SWITCH_OK attempts=1 streak=0
[2026-09-10T01:38:57.555Z] batch=field-waveform-1789004327509-23 D6 MODE_SWITCH_START state=MODE_SWITCHING attempts=1 streak=0 attempt=1
[2026-09-10T01:38:57.560Z] batch=field-waveform-1789004327509-23 D6 MODE_SWITCH_OK state=MODE_SWITCH_OK attempts=1 streak=0
[2026-09-10T01:38:57.561Z] batch=field-waveform-1789004327509-23 D2 MODE_SWITCH_START state=MODE_SWITCHING attempts=1 streak=0 attempt=1
[2026-09-10T01:38:57.562Z] batch=field-waveform-1789004327509-23 D2 MODE_SWITCH_OK state=MODE_SWITCH_OK attempts=1 streak=0
[2026-09-10T01:38:57.562Z] batch=field-waveform-1789004327509-23 D1 MODE_SWITCH_START state=MODE_SWITCHING attempts=1 streak=0 attempt=1
[2026-09-10T01:38:57.563Z] batch=field-waveform-1789004327509-23 D1 MODE_SWITCH_OK state=MODE_SWITCH_OK attempts=1 streak=0
[2026-09-10T01:39:01.062Z] batch=field-waveform-1789004327509-23 D5 MODE_SWITCH_START state=MODE_SWITCHING attempts=1 streak=0 attempt=1
[2026-09-10T01:39:01.066Z] batch=field-waveform-1789004327509-23 D5 MODE_SWITCH_OK state=MODE_SWITCH_OK attempts=1 streak=0
[2026-09-10T01:39:01.079Z] batch=field-waveform-1789004327509-23 D3 MODE_SWITCH_START state=MODE_SWITCHING attempts=1 streak=0 attempt=1
[2026-09-10T01:39:01.084Z] batch=field-waveform-1789004327509-23 D3 MODE_SWITCH_OK state=MODE_SWITCH_OK attempts=1 streak=0
[2026-09-10T01:39:01.347Z] batch=field-waveform-1789004327509-23 D4 MODE_SWITCH_START state=MODE_SWITCHING attempts=1 streak=0 attempt=1
[2026-09-10T01:39:01.351Z] batch=field-waveform-1789004327509-23 D4 MODE_SWITCH_OK state=MODE_SWITCH_OK attempts=1 streak=0
[2026-09-10T01:39:07.571Z] batch=field-waveform-1789004327509-23 D6 MODE_SWITCH_START state=MODE_SWITCHING attempts=1 streak=0 attempt=1
[2026-09-10T01:39:07.579Z] batch=field-waveform-1789004327509-23 D6 MODE_SWITCH_OK state=MODE_SWITCH_OK attempts=1 streak=0
[2026-09-10T01:39:07.580Z] batch=field-waveform-1789004327509-23 D2 MODE_SWITCH_START state=MODE_SWITCHING attempts=1 streak=0 attempt=1
[2026-09-10T01:39:07.581Z] batch=field-waveform-1789004327509-23 D2 MODE_SWITCH_OK state=MODE_SWITCH_OK attempts=1 streak=0
[2026-09-10T01:39:07.582Z] batch=field-waveform-1789004327509-23 D1 MODE_SWITCH_START state=MODE_SWITCHING attempts=1 streak=0 attempt=1
[2026-09-10T01:39:07.583Z] batch=field-waveform-1789004327509-23 D1 MODE_SWITCH_OK state=MODE_SWITCH_OK attempts=1 streak=0
[2026-09-10T01:39:11.073Z] batch=field-waveform-1789004327509-23 D5 MODE_SWITCH_START state=MODE_SWITCHING attempts=1 streak=0 attempt=1
[2026-09-10T01:39:11.099Z] batch=field-waveform-1789004327509-23 D5 MODE_SWITCH_OK state=MODE_SWITCH_OK attempts=1 streak=0
[2026-09-10T01:39:11.101Z] batch=field-waveform-1789004327509-23 D3 MODE_SWITCH_START state=MODE_SWITCHING attempts=1 streak=0 attempt=1
[2026-09-10T01:39:11.103Z] batch=field-waveform-1789004327509-23 D3 MODE_SWITCH_OK state=MODE_SWITCH_OK attempts=1 streak=0
[2026-09-10T01:39:11.362Z] batch=field-waveform-1789004327509-23 D4 MODE_SWITCH_START state=MODE_SWITCHING attempts=1 streak=0 attempt=1
[2026-09-10T01:39:11.365Z] batch=field-waveform-1789004327509-23 D4 MODE_SWITCH_OK state=MODE_SWITCH_OK attempts=1 streak=0
[2026-09-10T01:39:17.591Z] batch=field-waveform-1789004327509-23 D6 MODE_SWITCH_START state=MODE_SWITCHING attempts=1 streak=0 attempt=1
[2026-09-10T01:39:17.597Z] batch=field-waveform-1789004327509-23 D6 MODE_SWITCH_OK state=MODE_SWITCH_OK attempts=1 streak=0
[2026-09-10T01:39:17.603Z] batch=field-waveform-1789004327509-23 D2 MODE_SWITCH_START state=MODE_SWITCHING attempts=1 streak=0 attempt=1
[2026-09-10T01:39:17.608Z] batch=field-waveform-1789004327509-23 D2 MODE_SWITCH_OK state=MODE_SWITCH_OK attempts=1 streak=0
[2026-09-10T01:39:17.609Z] batch=field-waveform-1789004327509-23 D1 MODE_SWITCH_START state=MODE_SWITCHING attempts=1 streak=0 attempt=1
[2026-09-10T01:39:17.610Z] batch=field-waveform-1789004327509-23 D1 MODE_SWITCH_OK state=MODE_SWITCH_OK attempts=1 streak=0
[2026-09-10T01:39:21.116Z] batch=field-waveform-1789004327509-23 D5 MODE_SWITCH_START state=MODE_SWITCHING attempts=1 streak=0 attempt=1
[2026-09-10T01:39:21.124Z] batch=field-waveform-1789004327509-23 D5 MODE_SWITCH_OK state=MODE_SWITCH_OK attempts=1 streak=0
[2026-09-10T01:39:21.124Z] batch=field-waveform-1789004327509-23 D3 MODE_SWITCH_START state=MODE_SWITCHING attempts=1 streak=0 attempt=1
[2026-09-10T01:39:21.125Z] batch=field-waveform-1789004327509-23 D3 MODE_SWITCH_OK state=MODE_SWITCH_OK attempts=1 streak=0
[2026-09-10T01:39:21.377Z] batch=field-waveform-1789004327509-23 D4 MODE_SWITCH_START state=MODE_SWITCHING attempts=1 streak=0 attempt=1
[2026-09-10T01:39:21.387Z] batch=field-waveform-1789004327509-23 D4 MODE_SWITCH_OK state=MODE_SWITCH_OK attempts=1 streak=0
[2026-09-10T01:39:27.613Z] batch=field-waveform-1789004327509-23 D6 MODE_SWITCH_START state=MODE_SWITCHING attempts=1 streak=0 attempt=1
[2026-09-10T01:39:27.644Z] batch=field-waveform-1789004327509-23 D6 MODE_SWITCH_OK state=MODE_SWITCH_OK attempts=1 streak=0
[2026-09-10T01:39:27.645Z] batch=field-waveform-1789004327509-23 D2 MODE_SWITCH_START state=MODE_SWITCHING attempts=1 streak=0 attempt=1
[2026-09-10T01:39:27.647Z] batch=field-waveform-1789004327509-23 D2 MODE_SWITCH_OK state=MODE_SWITCH_OK attempts=1 streak=0
[2026-09-10T01:39:27.649Z] batch=field-waveform-1789004327509-23 D1 MODE_SWITCH_START state=MODE_SWITCHING attempts=1 streak=0 attempt=1
[2026-09-10T01:39:27.652Z] batch=field-waveform-1789004327509-23 D1 MODE_SWITCH_OK state=MODE_SWITCH_OK attempts=1 streak=0
[2026-09-10T01:39:31.137Z] batch=field-waveform-1789004327509-23 D5 MODE_SWITCH_START state=MODE_SWITCHING attempts=1 streak=0 attempt=1
[2026-09-10T01:39:31.150Z] batch=field-waveform-1789004327509-23 D5 MODE_SWITCH_OK state=MODE_SWITCH_OK attempts=1 streak=0
[2026-09-10T01:39:31.152Z] batch=field-waveform-1789004327509-23 D3 MODE_SWITCH_START state=MODE_SWITCHING attempts=1 streak=0 attempt=1
[2026-09-10T01:39:31.154Z] batch=field-waveform-1789004327509-23 D3 MODE_SWITCH_OK state=MODE_SWITCH_OK attempts=1 streak=0
[2026-09-10T01:39:31.392Z] batch=field-waveform-1789004327509-23 D4 MODE_SWITCH_START state=MODE_SWITCHING attempts=1 streak=0 attempt=1
[2026-09-10T01:39:31.403Z] batch=field-waveform-1789004327509-23 D4 MODE_SWITCH_OK state=MODE_SWITCH_OK attempts=1 streak=0
[2026-09-10T01:39:36.238Z] batch=field-waveform-1789004327509-23 D3 FIRST_FRAME state=FIRST_FRAME_RECEIVED attempts=1 streak=1
[2026-09-10T01:39:36.239Z] batch=field-waveform-1789004327509-23 D3 FIRST_VALID_SAMPLE state=FIRST_FRAME_RECEIVED attempts=1 streak=1
[2026-09-10T01:39:36.262Z] batch=field-waveform-1789004327509-23 D5 FIRST_FRAME state=FIRST_FRAME_RECEIVED attempts=1 streak=1
[2026-09-10T01:39:36.262Z] batch=field-waveform-1789004327509-23 D5 FIRST_VALID_SAMPLE state=FIRST_FRAME_RECEIVED attempts=1 streak=1
[2026-09-10T01:39:36.440Z] batch=field-waveform-1789004327509-23 D5 CHANNEL_SYNC_OK state=TEST_READY attempts=1 streak=5
[2026-09-10T01:39:36.440Z] batch=field-waveform-1789004327509-23 D5 TEST_READY state=TEST_READY attempts=1 streak=5
[2026-09-10T01:39:36.487Z] batch=field-waveform-1789004327509-23 D3 CHANNEL_SYNC_OK state=TEST_READY attempts=1 streak=5
[2026-09-10T01:39:36.487Z] batch=field-waveform-1789004327509-23 D3 TEST_READY state=TEST_READY attempts=1 streak=5
[2026-09-10T01:39:36.502Z] batch=field-waveform-1789004327509-23 D4 FIRST_FRAME state=FIRST_FRAME_RECEIVED attempts=1 streak=1
[2026-09-10T01:39:36.502Z] batch=field-waveform-1789004327509-23 D4 FIRST_VALID_SAMPLE state=FIRST_FRAME_RECEIVED attempts=1 streak=1
[2026-09-10T01:39:36.740Z] batch=field-waveform-1789004327509-23 D4 CHANNEL_SYNC_OK state=TEST_READY attempts=1 streak=5
[2026-09-10T01:39:36.741Z] batch=field-waveform-1789004327509-23 D4 TEST_READY state=TEST_READY attempts=1 streak=5
[2026-09-10T01:39:37.648Z] batch=field-waveform-1789004327509-23 D6 MODE_SWITCH_START state=MODE_SWITCHING attempts=1 streak=0 attempt=1
[2026-09-10T01:39:37.653Z] batch=field-waveform-1789004327509-23 D6 MODE_SWITCH_OK state=MODE_SWITCH_OK attempts=1 streak=0
[2026-09-10T01:39:37.655Z] batch=field-waveform-1789004327509-23 D2 MODE_SWITCH_START state=MODE_SWITCHING attempts=1 streak=0 attempt=1
[2026-09-10T01:39:37.658Z] batch=field-waveform-1789004327509-23 D2 MODE_SWITCH_OK state=MODE_SWITCH_OK attempts=1 streak=0
[2026-09-10T01:39:37.660Z] batch=field-waveform-1789004327509-23 D1 MODE_SWITCH_START state=MODE_SWITCHING attempts=1 streak=0 attempt=1
[2026-09-10T01:39:37.674Z] batch=field-waveform-1789004327509-23 D1 MODE_SWITCH_OK state=MODE_SWITCH_OK attempts=1 streak=0
[2026-09-10T01:39:42.689Z] batch=field-waveform-1789004327509-23 D6 FIRST_FRAME state=FIRST_FRAME_RECEIVED attempts=1 streak=1
[2026-09-10T01:39:42.689Z] batch=field-waveform-1789004327509-23 D6 FIRST_VALID_SAMPLE state=FIRST_FRAME_RECEIVED attempts=1 streak=1
[2026-09-10T01:39:42.711Z] batch=field-waveform-1789004327509-23 D1 FIRST_FRAME state=FIRST_FRAME_RECEIVED attempts=1 streak=1
[2026-09-10T01:39:42.712Z] batch=field-waveform-1789004327509-23 D1 FIRST_VALID_SAMPLE state=FIRST_FRAME_RECEIVED attempts=1 streak=1
[2026-09-10T01:39:42.741Z] batch=field-waveform-1789004327509-23 D2 FIRST_FRAME state=FIRST_FRAME_RECEIVED attempts=1 streak=1
[2026-09-10T01:39:42.741Z] batch=field-waveform-1789004327509-23 D2 FIRST_VALID_SAMPLE state=FIRST_FRAME_RECEIVED attempts=1 streak=1
[2026-09-10T01:39:42.932Z] batch=field-waveform-1789004327509-23 D6 CHANNEL_SYNC_OK state=TEST_READY attempts=1 streak=5
[2026-09-10T01:39:42.933Z] batch=field-waveform-1789004327509-23 D6 TEST_READY state=TEST_READY attempts=1 streak=5
[2026-09-10T01:39:42.947Z] batch=field-waveform-1789004327509-23 D1 CHANNEL_SYNC_OK state=TEST_READY attempts=1 streak=5
[2026-09-10T01:39:42.947Z] batch=field-waveform-1789004327509-23 D1 TEST_READY state=TEST_READY attempts=1 streak=5
[2026-09-10T01:39:43.006Z] batch=field-waveform-1789004327509-23 D2 CHANNEL_SYNC_OK state=TEST_READY attempts=1 streak=5
[2026-09-10T01:39:43.006Z] batch=field-waveform-1789004327509-23 D2 TEST_READY state=TEST_READY attempts=1 streak=5
[2026-09-10T01:39:57.190Z] batch=field-waveform-1789004327509-23 D2 MODE_SWITCH_START state=MODE_SWITCHING attempts=1 streak=0 attempt=1
[2026-09-10T01:39:57.207Z] batch=field-waveform-1789004327509-23 D2 MODE_SWITCH_OK state=MODE_SWITCH_OK attempts=1 streak=0
[2026-09-10T01:40:02.255Z] batch=field-waveform-1789004327509-23 D2 FIRST_FRAME state=FIRST_FRAME_RECEIVED attempts=1 streak=1
[2026-09-10T01:40:02.255Z] batch=field-waveform-1789004327509-23 D2 FIRST_VALID_SAMPLE state=FIRST_FRAME_RECEIVED attempts=1 streak=1
[2026-09-10T01:40:02.497Z] batch=field-waveform-1789004327509-23 D2 CHANNEL_SYNC_OK state=TEST_READY attempts=1 streak=5
[2026-09-10T01:40:02.498Z] batch=field-waveform-1789004327509-23 D2 TEST_READY state=TEST_READY attempts=1 streak=5
[2026-09-10T01:40:46.816Z] batch=field-waveform-1789004327509-23 D5 MODE_SWITCH_START state=MODE_SWITCHING attempts=1 streak=0 attempt=1
[2026-09-10T01:40:46.818Z] batch=field-waveform-1789004327509-23 D5 MODE_SWITCH_OK state=MODE_SWITCH_OK attempts=1 streak=0
[2026-09-10T01:40:46.825Z] batch=field-waveform-1789004327509-23 D3 MODE_SWITCH_START state=MODE_SWITCHING attempts=1 streak=0 attempt=1
[2026-09-10T01:40:46.827Z] batch=field-waveform-1789004327509-23 D3 MODE_SWITCH_OK state=MODE_SWITCH_OK attempts=1 streak=0
[2026-09-10T01:40:46.835Z] batch=field-waveform-1789004327509-23 D4 MODE_SWITCH_START state=MODE_SWITCHING attempts=1 streak=0 attempt=1
[2026-09-10T01:40:46.848Z] batch=field-waveform-1789004327509-23 D4 MODE_SWITCH_OK state=MODE_SWITCH_OK attempts=1 streak=0
[2026-09-10T01:40:47.126Z] batch=field-waveform-1789004327509-23 D6 MODE_SWITCH_START state=MODE_SWITCHING attempts=1 streak=0 attempt=1
[2026-09-10T01:40:47.137Z] batch=field-waveform-1789004327509-23 D6 MODE_SWITCH_OK state=MODE_SWITCH_OK attempts=1 streak=0
[2026-09-10T01:40:47.251Z] batch=field-waveform-1789004327509-23 D2 MODE_SWITCH_START state=MODE_SWITCHING attempts=1 streak=0 attempt=1
[2026-09-10T01:40:47.261Z] batch=field-waveform-1789004327509-23 D2 MODE_SWITCH_OK state=MODE_SWITCH_OK attempts=1 streak=0
[2026-09-10T01:40:47.681Z] batch=field-waveform-1789004327509-23 D1 MODE_SWITCH_START state=MODE_SWITCHING attempts=1 streak=0 attempt=1
[2026-09-10T01:40:47.691Z] batch=field-waveform-1789004327509-23 D1 MODE_SWITCH_OK state=MODE_SWITCH_OK attempts=1 streak=0
[2026-09-10T01:40:56.831Z] batch=field-waveform-1789004327509-23 D5 MODE_SWITCH_START state=MODE_SWITCHING attempts=1 streak=0 attempt=1
[2026-09-10T01:40:56.835Z] batch=field-waveform-1789004327509-23 D5 MODE_SWITCH_OK state=MODE_SWITCH_OK attempts=1 streak=0
[2026-09-10T01:40:56.843Z] batch=field-waveform-1789004327509-23 D3 MODE_SWITCH_START state=MODE_SWITCHING attempts=1 streak=0 attempt=1
[2026-09-10T01:40:56.844Z] batch=field-waveform-1789004327509-23 D3 MODE_SWITCH_OK state=MODE_SWITCH_OK attempts=1 streak=0
[2026-09-10T01:40:56.947Z] batch=field-waveform-1789004327509-23 D4 MODE_SWITCH_START state=MODE_SWITCHING attempts=1 streak=0 attempt=1
[2026-09-10T01:40:56.958Z] batch=field-waveform-1789004327509-23 D4 MODE_SWITCH_OK state=MODE_SWITCH_OK attempts=1 streak=0
[2026-09-10T01:40:57.156Z] batch=field-waveform-1789004327509-23 D6 MODE_SWITCH_START state=MODE_SWITCHING attempts=1 streak=0 attempt=1
[2026-09-10T01:40:57.163Z] batch=field-waveform-1789004327509-23 D6 MODE_SWITCH_OK state=MODE_SWITCH_OK attempts=1 streak=0
[2026-09-10T01:40:57.344Z] batch=field-waveform-1789004327509-23 D2 MODE_SWITCH_START state=MODE_SWITCHING attempts=1 streak=0 attempt=1
[2026-09-10T01:40:57.356Z] batch=field-waveform-1789004327509-23 D2 MODE_SWITCH_OK state=MODE_SWITCH_OK attempts=1 streak=0
[2026-09-10T01:40:57.773Z] batch=field-waveform-1789004327509-23 D1 MODE_SWITCH_START state=MODE_SWITCHING attempts=1 streak=0 attempt=1
[2026-09-10T01:40:57.783Z] batch=field-waveform-1789004327509-23 D1 MODE_SWITCH_OK state=MODE_SWITCH_OK attempts=1 streak=0
[2026-09-10T01:41:01.940Z] batch=field-waveform-1789004327509-23 D3 FIRST_FRAME state=FIRST_FRAME_RECEIVED attempts=1 streak=1
[2026-09-10T01:41:01.940Z] batch=field-waveform-1789004327509-23 D3 FIRST_VALID_SAMPLE state=FIRST_FRAME_RECEIVED attempts=1 streak=1
[2026-09-10T01:41:01.951Z] batch=field-waveform-1789004327509-23 D5 FIRST_FRAME state=FIRST_FRAME_RECEIVED attempts=1 streak=1
[2026-09-10T01:41:01.951Z] batch=field-waveform-1789004327509-23 D5 FIRST_VALID_SAMPLE state=FIRST_FRAME_RECEIVED attempts=1 streak=1
[2026-09-10T01:41:02.161Z] batch=field-waveform-1789004327509-23 D4 FIRST_FRAME state=FIRST_FRAME_RECEIVED attempts=1 streak=1
[2026-09-10T01:41:02.162Z] batch=field-waveform-1789004327509-23 D4 FIRST_VALID_SAMPLE state=FIRST_FRAME_RECEIVED attempts=1 streak=1
[2026-09-10T01:41:02.202Z] batch=field-waveform-1789004327509-23 D3 CHANNEL_SYNC_OK state=TEST_READY attempts=1 streak=5
[2026-09-10T01:41:02.202Z] batch=field-waveform-1789004327509-23 D3 TEST_READY state=TEST_READY attempts=1 streak=5
[2026-09-10T01:41:02.203Z] batch=field-waveform-1789004327509-23 D5 CHANNEL_SYNC_OK state=TEST_READY attempts=1 streak=5
[2026-09-10T01:41:02.203Z] batch=field-waveform-1789004327509-23 D5 TEST_READY state=TEST_READY attempts=1 streak=5
[2026-09-10T01:41:02.206Z] batch=field-waveform-1789004327509-23 D6 FIRST_FRAME state=FIRST_FRAME_RECEIVED attempts=1 streak=1
[2026-09-10T01:41:02.206Z] batch=field-waveform-1789004327509-23 D6 FIRST_VALID_SAMPLE state=FIRST_FRAME_RECEIVED attempts=1 streak=1
[2026-09-10T01:41:02.330Z] batch=field-waveform-1789004327509-23 D4 CHANNEL_SYNC_OK state=TEST_READY attempts=1 streak=5
[2026-09-10T01:41:02.330Z] batch=field-waveform-1789004327509-23 D4 TEST_READY state=TEST_READY attempts=1 streak=5
[2026-09-10T01:41:02.520Z] batch=field-waveform-1789004327509-23 D6 CHANNEL_SYNC_OK state=TEST_READY attempts=1 streak=5
[2026-09-10T01:41:02.521Z] batch=field-waveform-1789004327509-23 D6 TEST_READY state=TEST_READY attempts=1 streak=5
[2026-09-10T01:41:02.522Z] batch=field-waveform-1789004327509-23 D2 FIRST_FRAME state=FIRST_FRAME_RECEIVED attempts=1 streak=1
[2026-09-10T01:41:02.522Z] batch=field-waveform-1789004327509-23 D2 FIRST_VALID_SAMPLE state=FIRST_FRAME_RECEIVED attempts=1 streak=1
[2026-09-10T01:41:02.745Z] batch=field-waveform-1789004327509-23 D2 CHANNEL_SYNC_OK state=TEST_READY attempts=1 streak=5
[2026-09-10T01:41:02.745Z] batch=field-waveform-1789004327509-23 D2 TEST_READY state=TEST_READY attempts=1 streak=5
[2026-09-10T01:41:02.872Z] batch=field-waveform-1789004327509-23 D1 FIRST_FRAME state=FIRST_FRAME_RECEIVED attempts=1 streak=1
[2026-09-10T01:41:02.872Z] batch=field-waveform-1789004327509-23 D1 FIRST_VALID_SAMPLE state=FIRST_FRAME_RECEIVED attempts=1 streak=1
[2026-09-10T01:41:03.095Z] batch=field-waveform-1789004327509-23 D1 CHANNEL_SYNC_OK state=TEST_READY attempts=1 streak=5
[2026-09-10T01:41:03.095Z] batch=field-waveform-1789004327509-23 D1 TEST_READY state=TEST_READY attempts=1 streak=5
[2026-09-10T01:41:37.898Z] batch=field-waveform-1789004327509-23 D1 MODE_SWITCH_START state=MODE_SWITCHING attempts=1 streak=0 attempt=1
[2026-09-10T01:41:37.914Z] batch=field-waveform-1789004327509-23 D1 MODE_SWITCH_OK state=MODE_SWITCH_OK attempts=1 streak=0
