[2026-09-10T08:18:09.723Z] batch=field-waveform-1789028127612-4 D5 MODE_SWITCH_START state=MODE_SWITCHING attempts=1 streak=0 attempt=1
[2026-09-10T08:18:09.727Z] batch=field-waveform-1789028127612-4 D5 MODE_SWITCH_OK state=MODE_SWITCH_OK attempts=1 streak=0
[2026-09-10T08:18:09.735Z] batch=field-waveform-1789028127612-4 D2 MODE_SWITCH_START state=MODE_SWITCHING attempts=1 streak=0 attempt=1
[2026-09-10T08:18:09.751Z] batch=field-waveform-1789028127612-4 D2 MODE_SWITCH_OK state=MODE_SWITCH_OK attempts=1 streak=0
[2026-09-10T08:18:09.756Z] batch=field-waveform-1789028127612-4 D4 MODE_SWITCH_START state=MODE_SWITCHING attempts=1 streak=0 attempt=1
[2026-09-10T08:18:09.764Z] batch=field-waveform-1789028127612-4 D4 MODE_SWITCH_OK state=MODE_SWITCH_OK attempts=1 streak=0
[2026-09-10T08:18:09.770Z] batch=field-waveform-1789028127612-4 D1 MODE_SWITCH_START state=MODE_SWITCHING attempts=1 streak=0 attempt=1
[2026-09-10T08:18:09.773Z] batch=field-waveform-1789028127612-4 D1 MODE_SWITCH_OK state=MODE_SWITCH_OK attempts=1 streak=0
[2026-09-10T08:18:09.785Z] batch=field-waveform-1789028127612-4 D6 MODE_SWITCH_START state=MODE_SWITCHING attempts=1 streak=0 attempt=1
[2026-09-10T08:18:09.799Z] batch=field-waveform-1789028127612-4 D6 MODE_SWITCH_OK state=MODE_SWITCH_OK attempts=1 streak=0
[2026-09-10T08:18:09.817Z] batch=field-waveform-1789028127612-4 D3 MODE_SWITCH_START state=MODE_SWITCHING attempts=1 streak=0 attempt=1
[2026-09-10T08:18:09.825Z] batch=field-waveform-1789028127612-4 D3 MODE_SWITCH_OK state=MODE_SWITCH_OK attempts=1 streak=0
[2026-09-10T08:18:19.978Z] batch=field-waveform-1789028127612-4 D5 MODE_SWITCH_START state=MODE_SWITCHING attempts=1 streak=0 attempt=1
[2026-09-10T08:18:19.988Z] batch=field-waveform-1789028127612-4 D5 MODE_SWITCH_OK state=MODE_SWITCH_OK attempts=1 streak=0
[2026-09-10T08:18:19.994Z] batch=field-waveform-1789028127612-4 D2 MODE_SWITCH_START state=MODE_SWITCHING attempts=1 streak=0 attempt=1
[2026-09-10T08:18:20.018Z] batch=field-waveform-1789028127612-4 D2 MODE_SWITCH_OK state=MODE_SWITCH_OK attempts=1 streak=0
[2026-09-10T08:18:20.024Z] batch=field-waveform-1789028127612-4 D4 MODE_SWITCH_START state=MODE_SWITCHING attempts=1 streak=0 attempt=1
[2026-09-10T08:18:20.028Z] batch=field-waveform-1789028127612-4 D4 MODE_SWITCH_OK state=MODE_SWITCH_OK attempts=1 streak=0
[2026-09-10T08:18:20.036Z] batch=field-waveform-1789028127612-4 D1 MODE_SWITCH_START state=MODE_SWITCHING attempts=1 streak=0 attempt=1
[2026-09-10T08:18:20.045Z] batch=field-waveform-1789028127612-4 D1 MODE_SWITCH_OK state=MODE_SWITCH_OK attempts=1 streak=0
[2026-09-10T08:18:20.054Z] batch=field-waveform-1789028127612-4 D6 MODE_SWITCH_START state=MODE_SWITCHING attempts=1 streak=0 attempt=1
[2026-09-10T08:18:20.072Z] batch=field-waveform-1789028127612-4 D6 MODE_SWITCH_OK state=MODE_SWITCH_OK attempts=1 streak=0
[2026-09-10T08:18:20.089Z] batch=field-waveform-1789028127612-4 D3 MODE_SWITCH_START state=MODE_SWITCHING attempts=1 streak=0 attempt=1
[2026-09-10T08:18:20.097Z] batch=field-waveform-1789028127612-4 D3 MODE_SWITCH_OK state=MODE_SWITCH_OK attempts=1 streak=0
[2026-09-10T08:18:30.225Z] batch=field-waveform-1789028127612-4 D5 MODE_SWITCH_START state=MODE_SWITCHING attempts=1 streak=0 attempt=1
[2026-09-10T08:18:30.234Z] batch=field-waveform-1789028127612-4 D5 MODE_SWITCH_OK state=MODE_SWITCH_OK attempts=1 streak=0
[2026-09-10T08:18:30.242Z] batch=field-waveform-1789028127612-4 D2 MODE_SWITCH_START state=MODE_SWITCHING attempts=1 streak=0 attempt=1
[2026-09-10T08:18:30.246Z] batch=field-waveform-1789028127612-4 D2 MODE_SWITCH_OK state=MODE_SWITCH_OK attempts=1 streak=0
[2026-09-10T08:18:30.261Z] batch=field-waveform-1789028127612-4 D4 MODE_SWITCH_START state=MODE_SWITCHING attempts=1 streak=0 attempt=1
[2026-09-10T08:18:30.267Z] batch=field-waveform-1789028127612-4 D4 MODE_SWITCH_OK state=MODE_SWITCH_OK attempts=1 streak=0
[2026-09-10T08:18:30.275Z] batch=field-waveform-1789028127612-4 D1 MODE_SWITCH_START state=MODE_SWITCHING attempts=1 streak=0 attempt=1
[2026-09-10T08:18:30.283Z] batch=field-waveform-1789028127612-4 D1 MODE_SWITCH_OK state=MODE_SWITCH_OK attempts=1 streak=0
[2026-09-10T08:18:30.292Z] batch=field-waveform-1789028127612-4 D6 MODE_SWITCH_START state=MODE_SWITCHING attempts=1 streak=0 attempt=1
[2026-09-10T08:18:30.293Z] batch=field-waveform-1789028127612-4 D6 MODE_SWITCH_OK state=MODE_SWITCH_OK attempts=1 streak=0
[2026-09-10T08:18:30.300Z] batch=field-waveform-1789028127612-4 D3 MODE_SWITCH_START state=MODE_SWITCHING attempts=1 streak=0 attempt=1
[2026-09-10T08:18:30.302Z] batch=field-waveform-1789028127612-4 D3 MODE_SWITCH_OK state=MODE_SWITCH_OK attempts=1 streak=0
[2026-09-10T08:18:40.552Z] batch=field-waveform-1789028127612-4 D5 MODE_SWITCH_START state=MODE_SWITCHING attempts=1 streak=0 attempt=1
[2026-09-10T08:18:40.561Z] batch=field-waveform-1789028127612-4 D5 MODE_SWITCH_OK state=MODE_SWITCH_OK attempts=1 streak=0
[2026-09-10T08:18:40.569Z] batch=field-waveform-1789028127612-4 D2 MODE_SWITCH_START state=MODE_SWITCHING attempts=1 streak=0 attempt=1
[2026-09-10T08:18:40.583Z] batch=field-waveform-1789028127612-4 D2 MODE_SWITCH_OK state=MODE_SWITCH_OK attempts=1 streak=0
[2026-09-10T08:18:40.588Z] batch=field-waveform-1789028127612-4 D4 MODE_SWITCH_START state=MODE_SWITCHING attempts=1 streak=0 attempt=1
[2026-09-10T08:18:40.590Z] batch=field-waveform-1789028127612-4 D4 MODE_SWITCH_OK state=MODE_SWITCH_OK attempts=1 streak=0
[2026-09-10T08:18:40.599Z] batch=field-waveform-1789028127612-4 D1 MODE_SWITCH_START state=MODE_SWITCHING attempts=1 streak=0 attempt=1
[2026-09-10T08:18:40.602Z] batch=field-waveform-1789028127612-4 D1 MODE_SWITCH_OK state=MODE_SWITCH_OK attempts=1 streak=0
[2026-09-10T08:18:40.608Z] batch=field-waveform-1789028127612-4 D6 MODE_SWITCH_START state=MODE_SWITCHING attempts=1 streak=0 attempt=1
[2026-09-10T08:18:40.611Z] batch=field-waveform-1789028127612-4 D6 MODE_SWITCH_OK state=MODE_SWITCH_OK attempts=1 streak=0
[2026-09-10T08:18:40.621Z] batch=field-waveform-1789028127612-4 D3 MODE_SWITCH_START state=MODE_SWITCHING attempts=1 streak=0 attempt=1
[2026-09-10T08:18:40.624Z] batch=field-waveform-1789028127612-4 D3 MODE_SWITCH_OK state=MODE_SWITCH_OK attempts=1 streak=0
[2026-09-10T08:18:50.856Z] batch=field-waveform-1789028127612-4 D5 MODE_SWITCH_START state=MODE_SWITCHING attempts=1 streak=0 attempt=1
[2026-09-10T08:18:50.867Z] batch=field-waveform-1789028127612-4 D5 MODE_SWITCH_OK state=MODE_SWITCH_OK attempts=1 streak=0
[2026-09-10T08:18:50.875Z] batch=field-waveform-1789028127612-4 D2 MODE_SWITCH_START state=MODE_SWITCHING attempts=1 streak=0 attempt=1
[2026-09-10T08:18:50.877Z] batch=field-waveform-1789028127612-4 D2 MODE_SWITCH_OK state=MODE_SWITCH_OK attempts=1 streak=0
[2026-09-10T08:18:50.882Z] batch=field-waveform-1789028127612-4 D4 MODE_SWITCH_START state=MODE_SWITCHING attempts=1 streak=0 attempt=1
[2026-09-10T08:18:50.884Z] batch=field-waveform-1789028127612-4 D4 MODE_SWITCH_OK state=MODE_SWITCH_OK attempts=1 streak=0
[2026-09-10T08:18:50.891Z] batch=field-waveform-1789028127612-4 D1 MODE_SWITCH_START state=MODE_SWITCHING attempts=1 streak=0 attempt=1
[2026-09-10T08:18:50.893Z] batch=field-waveform-1789028127612-4 D1 MODE_SWITCH_OK state=MODE_SWITCH_OK attempts=1 streak=0
[2026-09-10T08:18:50.899Z] batch=field-waveform-1789028127612-4 D6 MODE_SWITCH_START state=MODE_SWITCHING attempts=1 streak=0 attempt=1
[2026-09-10T08:18:50.900Z] batch=field-waveform-1789028127612-4 D6 MODE_SWITCH_OK state=MODE_SWITCH_OK attempts=1 streak=0
[2026-09-10T08:18:50.910Z] batch=field-waveform-1789028127612-4 D3 MODE_SWITCH_START state=MODE_SWITCHING attempts=1 streak=0 attempt=1
[2026-09-10T08:18:50.916Z] batch=field-waveform-1789028127612-4 D3 MODE_SWITCH_OK state=MODE_SWITCH_OK attempts=1 streak=0
[2026-09-10T08:19:01.124Z] batch=field-waveform-1789028127612-4 D5 MODE_SWITCH_START state=MODE_SWITCHING attempts=1 streak=0 attempt=1
[2026-09-10T08:19:01.139Z] batch=field-waveform-1789028127612-4 D5 MODE_SWITCH_OK state=MODE_SWITCH_OK attempts=1 streak=0
[2026-09-10T08:19:01.147Z] batch=field-waveform-1789028127612-4 D2 MODE_SWITCH_START state=MODE_SWITCHING attempts=1 streak=0 attempt=1
[2026-09-10T08:19:01.149Z] batch=field-waveform-1789028127612-4 D2 MODE_SWITCH_OK state=MODE_SWITCH_OK attempts=1 streak=0
[2026-09-10T08:19:01.154Z] batch=field-waveform-1789028127612-4 D4 MODE_SWITCH_START state=MODE_SWITCHING attempts=1 streak=0 attempt=1
[2026-09-10T08:19:01.156Z] batch=field-waveform-1789028127612-4 D4 MODE_SWITCH_OK state=MODE_SWITCH_OK attempts=1 streak=0
[2026-09-10T08:19:01.163Z] batch=field-waveform-1789028127612-4 D1 MODE_SWITCH_START state=MODE_SWITCHING attempts=1 streak=0 attempt=1
[2026-09-10T08:19:01.167Z] batch=field-waveform-1789028127612-4 D1 MODE_SWITCH_OK state=MODE_SWITCH_OK attempts=1 streak=0
[2026-09-10T08:19:01.173Z] batch=field-waveform-1789028127612-4 D6 MODE_SWITCH_START state=MODE_SWITCHING attempts=1 streak=0 attempt=1
[2026-09-10T08:19:01.175Z] batch=field-waveform-1789028127612-4 D6 MODE_SWITCH_OK state=MODE_SWITCH_OK attempts=1 streak=0
[2026-09-10T08:19:01.186Z] batch=field-waveform-1789028127612-4 D3 MODE_SWITCH_START state=MODE_SWITCHING attempts=1 streak=0 attempt=1
[2026-09-10T08:19:01.188Z] batch=field-waveform-1789028127612-4 D3 MODE_SWITCH_OK state=MODE_SWITCH_OK attempts=1 streak=0
[2026-09-10T08:19:11.183Z] batch=field-waveform-1789028127612-4 D5 MODE_SWITCH_START state=MODE_SWITCHING attempts=1 streak=0 attempt=1
[2026-09-10T08:19:11.193Z] batch=field-waveform-1789028127612-4 D5 MODE_SWITCH_OK state=MODE_SWITCH_OK attempts=1 streak=0
[2026-09-10T08:19:11.198Z] batch=field-waveform-1789028127612-4 D2 MODE_SWITCH_START state=MODE_SWITCHING attempts=1 streak=0 attempt=1
[2026-09-10T08:19:11.208Z] batch=field-waveform-1789028127612-4 D2 MODE_SWITCH_OK state=MODE_SWITCH_OK attempts=1 streak=0
[2026-09-10T08:19:11.214Z] batch=field-waveform-1789028127612-4 D4 MODE_SWITCH_START state=MODE_SWITCHING attempts=1 streak=0 attempt=1
[2026-09-10T08:19:11.227Z] batch=field-waveform-1789028127612-4 D4 MODE_SWITCH_OK state=MODE_SWITCH_OK attempts=1 streak=0
[2026-09-10T08:19:11.234Z] batch=field-waveform-1789028127612-4 D1 MODE_SWITCH_START state=MODE_SWITCHING attempts=1 streak=0 attempt=1
[2026-09-10T08:19:11.238Z] batch=field-waveform-1789028127612-4 D1 MODE_SWITCH_OK state=MODE_SWITCH_OK attempts=1 streak=0
[2026-09-10T08:19:11.245Z] batch=field-waveform-1789028127612-4 D6 MODE_SWITCH_START state=MODE_SWITCHING attempts=1 streak=0 attempt=1
[2026-09-10T08:19:11.246Z] batch=field-waveform-1789028127612-4 D6 MODE_SWITCH_OK state=MODE_SWITCH_OK attempts=1 streak=0
[2026-09-10T08:19:11.254Z] batch=field-waveform-1789028127612-4 D3 MODE_SWITCH_START state=MODE_SWITCHING attempts=1 streak=0 attempt=1
[2026-09-10T08:19:11.259Z] batch=field-waveform-1789028127612-4 D3 MODE_SWITCH_OK state=MODE_SWITCH_OK attempts=1 streak=0
[2026-09-10T08:19:21.223Z] batch=field-waveform-1789028127612-4 D5 MODE_SWITCH_START state=MODE_SWITCHING attempts=1 streak=0 attempt=1
[2026-09-10T08:19:21.235Z] batch=field-waveform-1789028127612-4 D5 MODE_SWITCH_OK state=MODE_SWITCH_OK attempts=1 streak=0
[2026-09-10T08:19:21.257Z] batch=field-waveform-1789028127612-4 D2 MODE_SWITCH_START state=MODE_SWITCHING attempts=1 streak=0 attempt=1
[2026-09-10T08:19:21.265Z] batch=field-waveform-1789028127612-4 D2 MODE_SWITCH_OK state=MODE_SWITCH_OK attempts=1 streak=0
[2026-09-10T08:19:21.278Z] batch=field-waveform-1789028127612-4 D4 MODE_SWITCH_START state=MODE_SWITCHING attempts=1 streak=0 attempt=1
[2026-09-10T08:19:21.287Z] batch=field-waveform-1789028127612-4 D4 MODE_SWITCH_OK state=MODE_SWITCH_OK attempts=1 streak=0
[2026-09-10T08:19:21.295Z] batch=field-waveform-1789028127612-4 D1 MODE_SWITCH_START state=MODE_SWITCHING attempts=1 streak=0 attempt=1
[2026-09-10T08:19:21.299Z] batch=field-waveform-1789028127612-4 D1 MODE_SWITCH_OK state=MODE_SWITCH_OK attempts=1 streak=0
[2026-09-10T08:19:21.305Z] batch=field-waveform-1789028127612-4 D6 MODE_SWITCH_START state=MODE_SWITCHING attempts=1 streak=0 attempt=1
[2026-09-10T08:19:21.311Z] batch=field-waveform-1789028127612-4 D6 MODE_SWITCH_OK state=MODE_SWITCH_OK attempts=1 streak=0
[2026-09-10T08:19:21.318Z] batch=field-waveform-1789028127612-4 D3 MODE_SWITCH_START state=MODE_SWITCHING attempts=1 streak=0 attempt=1
[2026-09-10T08:19:21.320Z] batch=field-waveform-1789028127612-4 D3 MODE_SWITCH_OK state=MODE_SWITCH_OK attempts=1 streak=0
[2026-09-10T08:19:31.408Z] batch=field-waveform-1789028127612-4 D5 MODE_SWITCH_START state=MODE_SWITCHING attempts=1 streak=0 attempt=1
[2026-09-10T08:19:31.410Z] batch=field-waveform-1789028127612-4 D5 MODE_SWITCH_OK state=MODE_SWITCH_OK attempts=1 streak=0
[2026-09-10T08:19:31.418Z] batch=field-waveform-1789028127612-4 D2 MODE_SWITCH_START state=MODE_SWITCHING attempts=1 streak=0 attempt=1
[2026-09-10T08:19:31.436Z] batch=field-waveform-1789028127612-4 D2 MODE_SWITCH_OK state=MODE_SWITCH_OK attempts=1 streak=0
[2026-09-10T08:19:31.442Z] batch=field-waveform-1789028127612-4 D4 MODE_SWITCH_START state=MODE_SWITCHING attempts=1 streak=0 attempt=1
[2026-09-10T08:19:31.444Z] batch=field-waveform-1789028127612-4 D4 MODE_SWITCH_OK state=MODE_SWITCH_OK attempts=1 streak=0
[2026-09-10T08:19:31.451Z] batch=field-waveform-1789028127612-4 D1 MODE_SWITCH_START state=MODE_SWITCHING attempts=1 streak=0 attempt=1
[2026-09-10T08:19:31.453Z] batch=field-waveform-1789028127612-4 D1 MODE_SWITCH_OK state=MODE_SWITCH_OK attempts=1 streak=0
[2026-09-10T08:19:31.459Z] batch=field-waveform-1789028127612-4 D6 MODE_SWITCH_START state=MODE_SWITCHING attempts=1 streak=0 attempt=1
[2026-09-10T08:19:31.465Z] batch=field-waveform-1789028127612-4 D6 MODE_SWITCH_OK state=MODE_SWITCH_OK attempts=1 streak=0
[2026-09-10T08:19:31.474Z] batch=field-waveform-1789028127612-4 D3 MODE_SWITCH_START state=MODE_SWITCHING attempts=1 streak=0 attempt=1
[2026-09-10T08:19:31.476Z] batch=field-waveform-1789028127612-4 D3 MODE_SWITCH_OK state=MODE_SWITCH_OK attempts=1 streak=0
[2026-09-10T08:19:41.852Z] batch=field-waveform-1789028127612-4 D5 MODE_SWITCH_START state=MODE_SWITCHING attempts=1 streak=0 attempt=1
[2026-09-10T08:19:41.864Z] batch=field-waveform-1789028127612-4 D5 MODE_SWITCH_OK state=MODE_SWITCH_OK attempts=1 streak=0
[2026-09-10T08:19:41.870Z] batch=field-waveform-1789028127612-4 D2 MODE_SWITCH_START state=MODE_SWITCHING attempts=1 streak=0 attempt=1
[2026-09-10T08:19:41.882Z] batch=field-waveform-1789028127612-4 D2 MODE_SWITCH_OK state=MODE_SWITCH_OK attempts=1 streak=0
[2026-09-10T08:19:41.896Z] batch=field-waveform-1789028127612-4 D4 MODE_SWITCH_START state=MODE_SWITCHING attempts=1 streak=0 attempt=1
[2026-09-10T08:19:41.899Z] batch=field-waveform-1789028127612-4 D4 MODE_SWITCH_OK state=MODE_SWITCH_OK attempts=1 streak=0
[2026-09-10T08:19:41.906Z] batch=field-waveform-1789028127612-4 D1 MODE_SWITCH_START state=MODE_SWITCHING attempts=1 streak=0 attempt=1
[2026-09-10T08:19:41.910Z] batch=field-waveform-1789028127612-4 D1 MODE_SWITCH_OK state=MODE_SWITCH_OK attempts=1 streak=0
[2026-09-10T08:19:41.918Z] batch=field-waveform-1789028127612-4 D6 MODE_SWITCH_START state=MODE_SWITCHING attempts=1 streak=0 attempt=1
[2026-09-10T08:19:41.922Z] batch=field-waveform-1789028127612-4 D6 MODE_SWITCH_OK state=MODE_SWITCH_OK attempts=1 streak=0
[2026-09-10T08:19:41.930Z] batch=field-waveform-1789028127612-4 D3 MODE_SWITCH_START state=MODE_SWITCHING attempts=1 streak=0 attempt=1
[2026-09-10T08:19:41.939Z] batch=field-waveform-1789028127612-4 D3 MODE_SWITCH_OK state=MODE_SWITCH_OK attempts=1 streak=0
[2026-09-10T08:19:51.928Z] batch=field-waveform-1789028127612-4 D5 MODE_SWITCH_START state=MODE_SWITCHING attempts=1 streak=0 attempt=1
[2026-09-10T08:19:51.946Z] batch=field-waveform-1789028127612-4 D5 MODE_SWITCH_OK state=MODE_SWITCH_OK attempts=1 streak=0
[2026-09-10T08:19:51.970Z] batch=field-waveform-1789028127612-4 D2 MODE_SWITCH_START state=MODE_SWITCHING attempts=1 streak=0 attempt=1
[2026-09-10T08:19:51.976Z] batch=field-waveform-1789028127612-4 D2 MODE_SWITCH_OK state=MODE_SWITCH_OK attempts=1 streak=0
[2026-09-10T08:19:51.985Z] batch=field-waveform-1789028127612-4 D4 MODE_SWITCH_START state=MODE_SWITCHING attempts=1 streak=0 attempt=1
[2026-09-10T08:19:51.987Z] batch=field-waveform-1789028127612-4 D4 MODE_SWITCH_OK state=MODE_SWITCH_OK attempts=1 streak=0
[2026-09-10T08:19:51.993Z] batch=field-waveform-1789028127612-4 D1 MODE_SWITCH_START state=MODE_SWITCHING attempts=1 streak=0 attempt=1
[2026-09-10T08:19:52.001Z] batch=field-waveform-1789028127612-4 D1 MODE_SWITCH_OK state=MODE_SWITCH_OK attempts=1 streak=0
[2026-09-10T08:19:52.013Z] batch=field-waveform-1789028127612-4 D6 MODE_SWITCH_START state=MODE_SWITCHING attempts=1 streak=0 attempt=1
[2026-09-10T08:19:52.017Z] batch=field-waveform-1789028127612-4 D6 MODE_SWITCH_OK state=MODE_SWITCH_OK attempts=1 streak=0
[2026-09-10T08:19:52.023Z] batch=field-waveform-1789028127612-4 D3 MODE_SWITCH_START state=MODE_SWITCHING attempts=1 streak=0 attempt=1
[2026-09-10T08:19:52.025Z] batch=field-waveform-1789028127612-4 D3 MODE_SWITCH_OK state=MODE_SWITCH_OK attempts=1 streak=0
[2026-09-10T08:20:02.283Z] batch=field-waveform-1789028127612-4 D5 MODE_SWITCH_START state=MODE_SWITCHING attempts=1 streak=0 attempt=1
[2026-09-10T08:20:02.294Z] batch=field-waveform-1789028127612-4 D5 MODE_SWITCH_OK state=MODE_SWITCH_OK attempts=1 streak=0
[2026-09-10T08:20:02.300Z] batch=field-waveform-1789028127612-4 D2 MODE_SWITCH_START state=MODE_SWITCHING attempts=1 streak=0 attempt=1
[2026-09-10T08:20:02.304Z] batch=field-waveform-1789028127612-4 D2 MODE_SWITCH_OK state=MODE_SWITCH_OK attempts=1 streak=0
[2026-09-10T08:20:02.311Z] batch=field-waveform-1789028127612-4 D4 MODE_SWITCH_START state=MODE_SWITCHING attempts=1 streak=0 attempt=1
[2026-09-10T08:20:02.313Z] batch=field-waveform-1789028127612-4 D4 MODE_SWITCH_OK state=MODE_SWITCH_OK attempts=1 streak=0
[2026-09-10T08:20:02.319Z] batch=field-waveform-1789028127612-4 D1 MODE_SWITCH_START state=MODE_SWITCHING attempts=1 streak=0 attempt=1
[2026-09-10T08:20:02.327Z] batch=field-waveform-1789028127612-4 D1 MODE_SWITCH_OK state=MODE_SWITCH_OK attempts=1 streak=0
[2026-09-10T08:20:02.333Z] batch=field-waveform-1789028127612-4 D6 MODE_SWITCH_START state=MODE_SWITCHING attempts=1 streak=0 attempt=1
[2026-09-10T08:20:02.336Z] batch=field-waveform-1789028127612-4 D6 MODE_SWITCH_OK state=MODE_SWITCH_OK attempts=1 streak=0
[2026-09-10T08:20:02.344Z] batch=field-waveform-1789028127612-4 D3 MODE_SWITCH_START state=MODE_SWITCHING attempts=1 streak=0 attempt=1
[2026-09-10T08:20:02.347Z] batch=field-waveform-1789028127612-4 D3 MODE_SWITCH_OK state=MODE_SWITCH_OK attempts=1 streak=0
[2026-09-10T08:20:12.560Z] batch=field-waveform-1789028127612-4 D5 MODE_SWITCH_START state=MODE_SWITCHING attempts=1 streak=0 attempt=1
[2026-09-10T08:20:12.570Z] batch=field-waveform-1789028127612-4 D5 MODE_SWITCH_OK state=MODE_SWITCH_OK attempts=1 streak=0
[2026-09-10T08:20:12.578Z] batch=field-waveform-1789028127612-4 D2 MODE_SWITCH_START state=MODE_SWITCHING attempts=1 streak=0 attempt=1
[2026-09-10T08:20:12.581Z] batch=field-waveform-1789028127612-4 D2 MODE_SWITCH_OK state=MODE_SWITCH_OK attempts=1 streak=0
[2026-09-10T08:20:12.588Z] batch=field-waveform-1789028127612-4 D4 MODE_SWITCH_START state=MODE_SWITCHING attempts=1 streak=0 attempt=1
[2026-09-10T08:20:12.591Z] batch=field-waveform-1789028127612-4 D4 MODE_SWITCH_OK state=MODE_SWITCH_OK attempts=1 streak=0
[2026-09-10T08:20:12.603Z] batch=field-waveform-1789028127612-4 D1 MODE_SWITCH_START state=MODE_SWITCHING attempts=1 streak=0 attempt=1
[2026-09-10T08:20:12.605Z] batch=field-waveform-1789028127612-4 D1 MODE_SWITCH_OK state=MODE_SWITCH_OK attempts=1 streak=0
[2026-09-10T08:20:12.613Z] batch=field-waveform-1789028127612-4 D6 MODE_SWITCH_START state=MODE_SWITCHING attempts=1 streak=0 attempt=1
[2026-09-10T08:20:12.626Z] batch=field-waveform-1789028127612-4 D6 MODE_SWITCH_OK state=MODE_SWITCH_OK attempts=1 streak=0
[2026-09-10T08:20:12.635Z] batch=field-waveform-1789028127612-4 D3 MODE_SWITCH_START state=MODE_SWITCHING attempts=1 streak=0 attempt=1
[2026-09-10T08:20:12.638Z] batch=field-waveform-1789028127612-4 D3 MODE_SWITCH_OK state=MODE_SWITCH_OK attempts=1 streak=0
[2026-09-10T08:20:23.020Z] batch=field-waveform-1789028127612-4 D5 MODE_SWITCH_START state=MODE_SWITCHING attempts=1 streak=0 attempt=1
[2026-09-10T08:20:23.030Z] batch=field-waveform-1789028127612-4 D5 MODE_SWITCH_OK state=MODE_SWITCH_OK attempts=1 streak=0
[2026-09-10T08:20:23.039Z] batch=field-waveform-1789028127612-4 D2 MODE_SWITCH_START state=MODE_SWITCHING attempts=1 streak=0 attempt=1
[2026-09-10T08:20:23.056Z] batch=field-waveform-1789028127612-4 D2 MODE_SWITCH_OK state=MODE_SWITCH_OK attempts=1 streak=0
[2026-09-10T08:20:23.062Z] batch=field-waveform-1789028127612-4 D4 MODE_SWITCH_START state=MODE_SWITCHING attempts=1 streak=0 attempt=1
[2026-09-10T08:20:23.064Z] batch=field-waveform-1789028127612-4 D4 MODE_SWITCH_OK state=MODE_SWITCH_OK attempts=1 streak=0
[2026-09-10T08:20:23.076Z] batch=field-waveform-1789028127612-4 D1 MODE_SWITCH_START state=MODE_SWITCHING attempts=1 streak=0 attempt=1
[2026-09-10T08:20:23.091Z] batch=field-waveform-1789028127612-4 D1 MODE_SWITCH_OK state=MODE_SWITCH_OK attempts=1 streak=0
[2026-09-10T08:20:23.099Z] batch=field-waveform-1789028127612-4 D6 MODE_SWITCH_START state=MODE_SWITCHING attempts=1 streak=0 attempt=1
[2026-09-10T08:20:23.104Z] batch=field-waveform-1789028127612-4 D6 MODE_SWITCH_OK state=MODE_SWITCH_OK attempts=1 streak=0
[2026-09-10T08:20:23.116Z] batch=field-waveform-1789028127612-4 D3 MODE_SWITCH_START state=MODE_SWITCHING attempts=1 streak=0 attempt=1
[2026-09-10T08:20:23.118Z] batch=field-waveform-1789028127612-4 D3 MODE_SWITCH_OK state=MODE_SWITCH_OK attempts=1 streak=0
[2026-09-10T08:20:33.054Z] batch=field-waveform-1789028127612-4 D5 MODE_SWITCH_START state=MODE_SWITCHING attempts=1 streak=0 attempt=1
[2026-09-10T08:20:33.057Z] batch=field-waveform-1789028127612-4 D5 MODE_SWITCH_OK state=MODE_SWITCH_OK attempts=1 streak=0
[2026-09-10T08:20:33.075Z] batch=field-waveform-1789028127612-4 D2 MODE_SWITCH_START state=MODE_SWITCHING attempts=1 streak=0 attempt=1
[2026-09-10T08:20:33.090Z] batch=field-waveform-1789028127612-4 D2 MODE_SWITCH_OK state=MODE_SWITCH_OK attempts=1 streak=0
[2026-09-10T08:20:33.105Z] batch=field-waveform-1789028127612-4 D4 MODE_SWITCH_START state=MODE_SWITCHING attempts=1 streak=0 attempt=1
[2026-09-10T08:20:33.109Z] batch=field-waveform-1789028127612-4 D4 MODE_SWITCH_OK state=MODE_SWITCH_OK attempts=1 streak=0
[2026-09-10T08:20:33.116Z] batch=field-waveform-1789028127612-4 D1 MODE_SWITCH_START state=MODE_SWITCHING attempts=1 streak=0 attempt=1
[2026-09-10T08:20:33.120Z] batch=field-waveform-1789028127612-4 D1 MODE_SWITCH_OK state=MODE_SWITCH_OK attempts=1 streak=0
[2026-09-10T08:20:33.131Z] batch=field-waveform-1789028127612-4 D6 MODE_SWITCH_START state=MODE_SWITCHING attempts=1 streak=0 attempt=1
[2026-09-10T08:20:33.133Z] batch=field-waveform-1789028127612-4 D6 MODE_SWITCH_OK state=MODE_SWITCH_OK attempts=1 streak=0
[2026-09-10T08:20:33.139Z] batch=field-waveform-1789028127612-4 D3 MODE_SWITCH_START state=MODE_SWITCHING attempts=1 streak=0 attempt=1
[2026-09-10T08:20:33.141Z] batch=field-waveform-1789028127612-4 D3 MODE_SWITCH_OK state=MODE_SWITCH_OK attempts=1 streak=0
[2026-09-10T08:20:43.079Z] batch=field-waveform-1789028127612-4 D5 MODE_SWITCH_START state=MODE_SWITCHING attempts=1 streak=0 attempt=1
[2026-09-10T08:20:43.093Z] batch=field-waveform-1789028127612-4 D5 MODE_SWITCH_OK state=MODE_SWITCH_OK attempts=1 streak=0
[2026-09-10T08:20:43.100Z] batch=field-waveform-1789028127612-4 D2 MODE_SWITCH_START state=MODE_SWITCHING attempts=1 streak=0 attempt=1
[2026-09-10T08:20:43.112Z] batch=field-waveform-1789028127612-4 D2 MODE_SWITCH_OK state=MODE_SWITCH_OK attempts=1 streak=0
[2026-09-10T08:20:43.120Z] batch=field-waveform-1789028127612-4 D4 MODE_SWITCH_START state=MODE_SWITCHING attempts=1 streak=0 attempt=1
[2026-09-10T08:20:43.126Z] batch=field-waveform-1789028127612-4 D4 MODE_SWITCH_OK state=MODE_SWITCH_OK attempts=1 streak=0
[2026-09-10T08:20:43.132Z] batch=field-waveform-1789028127612-4 D1 MODE_SWITCH_START state=MODE_SWITCHING attempts=1 streak=0 attempt=1
[2026-09-10T08:20:43.134Z] batch=field-waveform-1789028127612-4 D1 MODE_SWITCH_OK state=MODE_SWITCH_OK attempts=1 streak=0
[2026-09-10T08:20:43.142Z] batch=field-waveform-1789028127612-4 D6 MODE_SWITCH_START state=MODE_SWITCHING attempts=1 streak=0 attempt=1
[2026-09-10T08:20:43.144Z] batch=field-waveform-1789028127612-4 D6 MODE_SWITCH_OK state=MODE_SWITCH_OK attempts=1 streak=0
[2026-09-10T08:20:43.150Z] batch=field-waveform-1789028127612-4 D3 MODE_SWITCH_START state=MODE_SWITCHING attempts=1 streak=0 attempt=1
[2026-09-10T08:20:43.158Z] batch=field-waveform-1789028127612-4 D3 MODE_SWITCH_OK state=MODE_SWITCH_OK attempts=1 streak=0
[2026-09-10T08:20:53.297Z] batch=field-waveform-1789028127612-4 D5 MODE_SWITCH_START state=MODE_SWITCHING attempts=1 streak=0 attempt=1
[2026-09-10T08:20:53.307Z] batch=field-waveform-1789028127612-4 D5 MODE_SWITCH_OK state=MODE_SWITCH_OK attempts=1 streak=0
[2026-09-10T08:20:53.319Z] batch=field-waveform-1789028127612-4 D2 MODE_SWITCH_START state=MODE_SWITCHING attempts=1 streak=0 attempt=1
[2026-09-10T08:20:53.322Z] batch=field-waveform-1789028127612-4 D2 MODE_SWITCH_OK state=MODE_SWITCH_OK attempts=1 streak=0
[2026-09-10T08:20:53.336Z] batch=field-waveform-1789028127612-4 D4 MODE_SWITCH_START state=MODE_SWITCHING attempts=1 streak=0 attempt=1
[2026-09-10T08:20:53.340Z] batch=field-waveform-1789028127612-4 D4 MODE_SWITCH_OK state=MODE_SWITCH_OK attempts=1 streak=0
[2026-09-10T08:20:53.346Z] batch=field-waveform-1789028127612-4 D1 MODE_SWITCH_START state=MODE_SWITCHING attempts=1 streak=0 attempt=1
[2026-09-10T08:20:53.348Z] batch=field-waveform-1789028127612-4 D1 MODE_SWITCH_OK state=MODE_SWITCH_OK attempts=1 streak=0
[2026-09-10T08:20:53.353Z] batch=field-waveform-1789028127612-4 D6 MODE_SWITCH_START state=MODE_SWITCHING attempts=1 streak=0 attempt=1
[2026-09-10T08:20:53.355Z] batch=field-waveform-1789028127612-4 D6 MODE_SWITCH_OK state=MODE_SWITCH_OK attempts=1 streak=0
[2026-09-10T08:20:53.361Z] batch=field-waveform-1789028127612-4 D3 MODE_SWITCH_START state=MODE_SWITCHING attempts=1 streak=0 attempt=1
[2026-09-10T08:20:53.363Z] batch=field-waveform-1789028127612-4 D3 MODE_SWITCH_OK state=MODE_SWITCH_OK attempts=1 streak=0
[2026-09-10T08:21:03.594Z] batch=field-waveform-1789028127612-4 D5 MODE_SWITCH_START state=MODE_SWITCHING attempts=1 streak=0 attempt=1
[2026-09-10T08:21:03.607Z] batch=field-waveform-1789028127612-4 D5 MODE_SWITCH_OK state=MODE_SWITCH_OK attempts=1 streak=0
[2026-09-10T08:21:03.620Z] batch=field-waveform-1789028127612-4 D2 MODE_SWITCH_START state=MODE_SWITCHING attempts=1 streak=0 attempt=1
[2026-09-10T08:21:03.628Z] batch=field-waveform-1789028127612-4 D2 MODE_SWITCH_OK state=MODE_SWITCH_OK attempts=1 streak=0
[2026-09-10T08:21:03.636Z] batch=field-waveform-1789028127612-4 D4 MODE_SWITCH_START state=MODE_SWITCHING attempts=1 streak=0 attempt=1
[2026-09-10T08:21:03.642Z] batch=field-waveform-1789028127612-4 D4 MODE_SWITCH_OK state=MODE_SWITCH_OK attempts=1 streak=0
[2026-09-10T08:21:03.652Z] batch=field-waveform-1789028127612-4 D1 MODE_SWITCH_START state=MODE_SWITCHING attempts=1 streak=0 attempt=1
[2026-09-10T08:21:03.655Z] batch=field-waveform-1789028127612-4 D1 MODE_SWITCH_OK state=MODE_SWITCH_OK attempts=1 streak=0
[2026-09-10T08:21:03.662Z] batch=field-waveform-1789028127612-4 D6 MODE_SWITCH_START state=MODE_SWITCHING attempts=1 streak=0 attempt=1
[2026-09-10T08:21:03.687Z] batch=field-waveform-1789028127612-4 D6 MODE_SWITCH_OK state=MODE_SWITCH_OK attempts=1 streak=0
[2026-09-10T08:21:03.694Z] batch=field-waveform-1789028127612-4 D3 MODE_SWITCH_START state=MODE_SWITCHING attempts=1 streak=0 attempt=1
[2026-09-10T08:21:03.702Z] batch=field-waveform-1789028127612-4 D3 MODE_SWITCH_OK state=MODE_SWITCH_OK attempts=1 streak=0
[2026-09-10T08:21:13.819Z] batch=field-waveform-1789028127612-4 D5 MODE_SWITCH_START state=MODE_SWITCHING attempts=1 streak=0 attempt=1
[2026-09-10T08:21:13.821Z] batch=field-waveform-1789028127612-4 D5 MODE_SWITCH_OK state=MODE_SWITCH_OK attempts=1 streak=0
[2026-09-10T08:21:13.829Z] batch=field-waveform-1789028127612-4 D2 MODE_SWITCH_START state=MODE_SWITCHING attempts=1 streak=0 attempt=1
[2026-09-10T08:21:13.837Z] batch=field-waveform-1789028127612-4 D2 MODE_SWITCH_OK state=MODE_SWITCH_OK attempts=1 streak=0
[2026-09-10T08:21:13.844Z] batch=field-waveform-1789028127612-4 D4 MODE_SWITCH_START state=MODE_SWITCHING attempts=1 streak=0 attempt=1
[2026-09-10T08:21:13.850Z] batch=field-waveform-1789028127612-4 D4 MODE_SWITCH_OK state=MODE_SWITCH_OK attempts=1 streak=0
[2026-09-10T08:21:13.857Z] batch=field-waveform-1789028127612-4 D1 MODE_SWITCH_START state=MODE_SWITCHING attempts=1 streak=0 attempt=1
[2026-09-10T08:21:13.861Z] batch=field-waveform-1789028127612-4 D1 MODE_SWITCH_OK state=MODE_SWITCH_OK attempts=1 streak=0
[2026-09-10T08:21:13.867Z] batch=field-waveform-1789028127612-4 D6 MODE_SWITCH_START state=MODE_SWITCHING attempts=1 streak=0 attempt=1
[2026-09-10T08:21:13.869Z] batch=field-waveform-1789028127612-4 D6 MODE_SWITCH_OK state=MODE_SWITCH_OK attempts=1 streak=0
[2026-09-10T08:21:13.876Z] batch=field-waveform-1789028127612-4 D3 MODE_SWITCH_START state=MODE_SWITCHING attempts=1 streak=0 attempt=1
[2026-09-10T08:21:13.882Z] batch=field-waveform-1789028127612-4 D3 MODE_SWITCH_OK state=MODE_SWITCH_OK attempts=1 streak=0
[2026-09-10T08:21:23.938Z] batch=field-waveform-1789028127612-4 D5 MODE_SWITCH_START state=MODE_SWITCHING attempts=1 streak=0 attempt=1
[2026-09-10T08:21:23.947Z] batch=field-waveform-1789028127612-4 D5 MODE_SWITCH_OK state=MODE_SWITCH_OK attempts=1 streak=0
[2026-09-10T08:21:23.955Z] batch=field-waveform-1789028127612-4 D2 MODE_SWITCH_START state=MODE_SWITCHING attempts=1 streak=0 attempt=1
[2026-09-10T08:21:23.956Z] batch=field-waveform-1789028127612-4 D2 MODE_SWITCH_OK state=MODE_SWITCH_OK attempts=1 streak=0
[2026-09-10T08:21:23.965Z] batch=field-waveform-1789028127612-4 D4 MODE_SWITCH_START state=MODE_SWITCHING attempts=1 streak=0 attempt=1
[2026-09-10T08:21:23.969Z] batch=field-waveform-1789028127612-4 D4 MODE_SWITCH_OK state=MODE_SWITCH_OK attempts=1 streak=0
[2026-09-10T08:21:23.984Z] batch=field-waveform-1789028127612-4 D1 MODE_SWITCH_START state=MODE_SWITCHING attempts=1 streak=0 attempt=1
[2026-09-10T08:21:23.988Z] batch=field-waveform-1789028127612-4 D1 MODE_SWITCH_OK state=MODE_SWITCH_OK attempts=1 streak=0
[2026-09-10T08:21:23.994Z] batch=field-waveform-1789028127612-4 D6 MODE_SWITCH_START state=MODE_SWITCHING attempts=1 streak=0 attempt=1
[2026-09-10T08:21:23.999Z] batch=field-waveform-1789028127612-4 D6 MODE_SWITCH_OK state=MODE_SWITCH_OK attempts=1 streak=0
[2026-09-10T08:21:24.006Z] batch=field-waveform-1789028127612-4 D3 MODE_SWITCH_START state=MODE_SWITCHING attempts=1 streak=0 attempt=1
[2026-09-10T08:21:24.011Z] batch=field-waveform-1789028127612-4 D3 MODE_SWITCH_OK state=MODE_SWITCH_OK attempts=1 streak=0
[2026-09-10T08:21:28.641Z] batch=field-waveform-1789028488640-5 D1 MODE_SWITCH_START state=MODE_SWITCHING attempts=1 streak=0 attempt=1
[2026-09-10T08:21:28.653Z] batch=field-waveform-1789028488640-5 D2 MODE_SWITCH_START state=MODE_SWITCHING attempts=1 streak=0 attempt=1
[2026-09-10T08:21:28.654Z] batch=field-waveform-1789028488640-5 D3 MODE_SWITCH_START state=MODE_SWITCHING attempts=1 streak=0 attempt=1
[2026-09-10T08:21:28.662Z] batch=field-waveform-1789028488640-5 D4 MODE_SWITCH_START state=MODE_SWITCHING attempts=1 streak=0 attempt=1
[2026-09-10T08:21:28.663Z] batch=field-waveform-1789028488640-5 D5 MODE_SWITCH_START state=MODE_SWITCHING attempts=1 streak=0 attempt=1
[2026-09-10T08:21:28.665Z] batch=field-waveform-1789028488640-5 D6 MODE_SWITCH_START state=MODE_SWITCHING attempts=1 streak=0 attempt=1
[2026-09-10T08:21:28.681Z] batch=field-waveform-1789028488640-5 D1 MODE_SWITCH_OK state=MODE_SWITCH_OK attempts=1 streak=0
[2026-09-10T08:21:28.682Z] batch=field-waveform-1789028488640-5 D2 MODE_SWITCH_OK state=MODE_SWITCH_OK attempts=1 streak=0
[2026-09-10T08:21:28.682Z] batch=field-waveform-1789028488640-5 D3 MODE_SWITCH_OK state=MODE_SWITCH_OK attempts=1 streak=0
[2026-09-10T08:21:28.693Z] batch=field-waveform-1789028488640-5 D4 MODE_SWITCH_OK state=MODE_SWITCH_OK attempts=1 streak=0
[2026-09-10T08:21:28.694Z] batch=field-waveform-1789028488640-5 D5 MODE_SWITCH_OK state=MODE_SWITCH_OK attempts=1 streak=0
[2026-09-10T08:21:28.695Z] batch=field-waveform-1789028488640-5 D6 MODE_SWITCH_OK state=MODE_SWITCH_OK attempts=1 streak=0
[2026-09-10T08:21:33.955Z] batch=field-waveform-1789028488640-5 D5 MODE_SWITCH_START state=MODE_SWITCHING attempts=1 streak=0 attempt=1
[2026-09-10T08:21:33.962Z] batch=field-waveform-1789028488640-5 D5 MODE_SWITCH_OK state=MODE_SWITCH_OK attempts=1 streak=0
[2026-09-10T08:21:33.965Z] batch=field-waveform-1789028488640-5 D2 MODE_SWITCH_START state=MODE_SWITCHING attempts=1 streak=0 attempt=1
[2026-09-10T08:21:33.967Z] batch=field-waveform-1789028488640-5 D2 MODE_SWITCH_OK state=MODE_SWITCH_OK attempts=1 streak=0
[2026-09-10T08:21:33.970Z] batch=field-waveform-1789028488640-5 D4 MODE_SWITCH_START state=MODE_SWITCHING attempts=1 streak=0 attempt=1
[2026-09-10T08:21:33.977Z] batch=field-waveform-1789028488640-5 D4 MODE_SWITCH_OK state=MODE_SWITCH_OK attempts=1 streak=0
[2026-09-10T08:21:34.000Z] batch=field-waveform-1789028488640-5 D1 MODE_SWITCH_START state=MODE_SWITCHING attempts=1 streak=0 attempt=1
[2026-09-10T08:21:34.002Z] batch=field-waveform-1789028488640-5 D1 MODE_SWITCH_OK state=MODE_SWITCH_OK attempts=1 streak=0
[2026-09-10T08:21:34.003Z] batch=field-waveform-1789028488640-5 D6 MODE_SWITCH_START state=MODE_SWITCHING attempts=1 streak=0 attempt=1
[2026-09-10T08:21:34.004Z] batch=field-waveform-1789028488640-5 D6 MODE_SWITCH_OK state=MODE_SWITCH_OK attempts=1 streak=0
[2026-09-10T08:21:34.011Z] batch=field-waveform-1789028488640-5 D3 MODE_SWITCH_START state=MODE_SWITCHING attempts=1 streak=0 attempt=1
[2026-09-10T08:21:34.016Z] batch=field-waveform-1789028488640-5 D3 MODE_SWITCH_OK state=MODE_SWITCH_OK attempts=1 streak=0
[2026-09-10T08:21:43.966Z] batch=field-waveform-1789028488640-5 D5 MODE_SWITCH_START state=MODE_SWITCHING attempts=1 streak=0 attempt=1
[2026-09-10T08:21:43.971Z] batch=field-waveform-1789028488640-5 D5 MODE_SWITCH_OK state=MODE_SWITCH_OK attempts=1 streak=0
[2026-09-10T08:21:43.973Z] batch=field-waveform-1789028488640-5 D2 MODE_SWITCH_START state=MODE_SWITCHING attempts=1 streak=0 attempt=1
[2026-09-10T08:21:43.975Z] batch=field-waveform-1789028488640-5 D2 MODE_SWITCH_OK state=MODE_SWITCH_OK attempts=1 streak=0
[2026-09-10T08:21:43.978Z] batch=field-waveform-1789028488640-5 D4 MODE_SWITCH_START state=MODE_SWITCHING attempts=1 streak=0 attempt=1
[2026-09-10T08:21:43.990Z] batch=field-waveform-1789028488640-5 D4 MODE_SWITCH_OK state=MODE_SWITCH_OK attempts=1 streak=0
[2026-09-10T08:21:44.004Z] batch=field-waveform-1789028488640-5 D1 MODE_SWITCH_START state=MODE_SWITCHING attempts=1 streak=0 attempt=1
[2026-09-10T08:21:44.011Z] batch=field-waveform-1789028488640-5 D1 MODE_SWITCH_OK state=MODE_SWITCH_OK attempts=1 streak=0
[2026-09-10T08:21:44.015Z] batch=field-waveform-1789028488640-5 D6 MODE_SWITCH_START state=MODE_SWITCHING attempts=1 streak=0 attempt=1
[2026-09-10T08:21:44.017Z] batch=field-waveform-1789028488640-5 D6 MODE_SWITCH_OK state=MODE_SWITCH_OK attempts=1 streak=0
[2026-09-10T08:21:44.018Z] batch=field-waveform-1789028488640-5 D3 MODE_SWITCH_START state=MODE_SWITCHING attempts=1 streak=0 attempt=1
[2026-09-10T08:21:44.019Z] batch=field-waveform-1789028488640-5 D3 MODE_SWITCH_OK state=MODE_SWITCH_OK attempts=1 streak=0
[2026-09-10T08:21:53.981Z] batch=field-waveform-1789028488640-5 D5 MODE_SWITCH_START state=MODE_SWITCHING attempts=1 streak=0 attempt=1
[2026-09-10T08:21:53.982Z] batch=field-waveform-1789028488640-5 D5 MODE_SWITCH_OK state=MODE_SWITCH_OK attempts=1 streak=0
[2026-09-10T08:21:53.984Z] batch=field-waveform-1789028488640-5 D2 MODE_SWITCH_START state=MODE_SWITCHING attempts=1 streak=0 attempt=1
[2026-09-10T08:21:54.000Z] batch=field-waveform-1789028488640-5 D2 MODE_SWITCH_OK state=MODE_SWITCH_OK attempts=1 streak=0
[2026-09-10T08:21:54.007Z] batch=field-waveform-1789028488640-5 D4 MODE_SWITCH_START state=MODE_SWITCHING attempts=1 streak=0 attempt=1
[2026-09-10T08:21:54.009Z] batch=field-waveform-1789028488640-5 D4 MODE_SWITCH_OK state=MODE_SWITCH_OK attempts=1 streak=0
[2026-09-10T08:21:54.014Z] batch=field-waveform-1789028488640-5 D1 MODE_SWITCH_START state=MODE_SWITCHING attempts=1 streak=0 attempt=1
[2026-09-10T08:21:54.015Z] batch=field-waveform-1789028488640-5 D1 MODE_SWITCH_OK state=MODE_SWITCH_OK attempts=1 streak=0
[2026-09-10T08:21:54.017Z] batch=field-waveform-1789028488640-5 D6 MODE_SWITCH_START state=MODE_SWITCHING attempts=1 streak=0 attempt=1
[2026-09-10T08:21:54.018Z] batch=field-waveform-1789028488640-5 D6 MODE_SWITCH_OK state=MODE_SWITCH_OK attempts=1 streak=0
[2026-09-10T08:21:54.020Z] batch=field-waveform-1789028488640-5 D3 MODE_SWITCH_START state=MODE_SWITCHING attempts=1 streak=0 attempt=1
[2026-09-10T08:21:54.028Z] batch=field-waveform-1789028488640-5 D3 MODE_SWITCH_OK state=MODE_SWITCH_OK attempts=1 streak=0
[2026-09-10T08:21:59.029Z] batch=field-waveform-1789028488640-5 D5 FIRST_FRAME state=FIRST_FRAME_RECEIVED attempts=1 streak=1
[2026-09-10T08:21:59.029Z] batch=field-waveform-1789028488640-5 D5 FIRST_VALID_SAMPLE state=FIRST_FRAME_RECEIVED attempts=1 streak=1
[2026-09-10T08:21:59.051Z] batch=field-waveform-1789028488640-5 D2 FIRST_FRAME state=FIRST_FRAME_RECEIVED attempts=1 streak=1
[2026-09-10T08:21:59.051Z] batch=field-waveform-1789028488640-5 D2 FIRST_VALID_SAMPLE state=FIRST_FRAME_RECEIVED attempts=1 streak=1
[2026-09-10T08:21:59.064Z] batch=field-waveform-1789028488640-5 D4 FIRST_FRAME state=FIRST_FRAME_RECEIVED attempts=1 streak=1
[2026-09-10T08:21:59.064Z] batch=field-waveform-1789028488640-5 D4 FIRST_VALID_SAMPLE state=FIRST_FRAME_RECEIVED attempts=1 streak=1
[2026-09-10T08:21:59.070Z] batch=field-waveform-1789028488640-5 D6 FIRST_FRAME state=FIRST_FRAME_RECEIVED attempts=1 streak=1
[2026-09-10T08:21:59.071Z] batch=field-waveform-1789028488640-5 D6 FIRST_VALID_SAMPLE state=FIRST_FRAME_RECEIVED attempts=1 streak=1
[2026-09-10T08:21:59.072Z] batch=field-waveform-1789028488640-5 D3 FIRST_FRAME state=FIRST_FRAME_RECEIVED attempts=1 streak=1
[2026-09-10T08:21:59.072Z] batch=field-waveform-1789028488640-5 D3 FIRST_VALID_SAMPLE state=FIRST_FRAME_RECEIVED attempts=1 streak=1
[2026-09-10T08:21:59.120Z] batch=field-waveform-1789028488640-5 D1 FIRST_FRAME state=FIRST_FRAME_RECEIVED attempts=1 streak=1
[2026-09-10T08:21:59.120Z] batch=field-waveform-1789028488640-5 D1 FIRST_VALID_SAMPLE state=FIRST_FRAME_RECEIVED attempts=1 streak=1
[2026-09-10T08:21:59.282Z] batch=field-waveform-1789028488640-5 D5 CHANNEL_SYNC_OK state=TEST_READY attempts=1 streak=5
[2026-09-10T08:21:59.282Z] batch=field-waveform-1789028488640-5 D5 TEST_READY state=TEST_READY attempts=1 streak=5
[2026-09-10T08:21:59.288Z] batch=field-waveform-1789028488640-5 D2 CHANNEL_SYNC_OK state=TEST_READY attempts=1 streak=5
[2026-09-10T08:21:59.288Z] batch=field-waveform-1789028488640-5 D2 TEST_READY state=TEST_READY attempts=1 streak=5
[2026-09-10T08:21:59.310Z] batch=field-waveform-1789028488640-5 D4 CHANNEL_SYNC_OK state=TEST_READY attempts=1 streak=5
[2026-09-10T08:21:59.310Z] batch=field-waveform-1789028488640-5 D4 TEST_READY state=TEST_READY attempts=1 streak=5
[2026-09-10T08:21:59.312Z] batch=field-waveform-1789028488640-5 D6 CHANNEL_SYNC_OK state=TEST_READY attempts=1 streak=5
[2026-09-10T08:21:59.313Z] batch=field-waveform-1789028488640-5 D6 TEST_READY state=TEST_READY attempts=1 streak=5
[2026-09-10T08:21:59.319Z] batch=field-waveform-1789028488640-5 D3 CHANNEL_SYNC_OK state=TEST_READY attempts=1 streak=5
[2026-09-10T08:21:59.320Z] batch=field-waveform-1789028488640-5 D3 TEST_READY state=TEST_READY attempts=1 streak=5
[2026-09-10T08:21:59.332Z] batch=field-waveform-1789028488640-5 D1 CHANNEL_SYNC_OK state=TEST_READY attempts=1 streak=5
[2026-09-10T08:21:59.333Z] batch=field-waveform-1789028488640-5 D1 TEST_READY state=TEST_READY attempts=1 streak=5
[2026-09-10T08:22:10.197Z] batch=field-waveform-1789028488640-5 D3 MODE_SWITCH_START state=MODE_SWITCHING attempts=1 streak=0 attempt=1
[2026-09-10T08:22:10.202Z] batch=field-waveform-1789028488640-5 D3 MODE_SWITCH_OK state=MODE_SWITCH_OK attempts=1 streak=0
[2026-09-10T08:22:10.225Z] batch=field-waveform-1789028488640-5 D1 MODE_SWITCH_START state=MODE_SWITCHING attempts=1 streak=0 attempt=1
[2026-09-10T08:22:10.229Z] batch=field-waveform-1789028488640-5 D1 MODE_SWITCH_OK state=MODE_SWITCH_OK attempts=1 streak=0
[2026-09-10T08:22:10.231Z] batch=field-waveform-1789028488640-5 D5 MODE_SWITCH_START state=MODE_SWITCHING attempts=1 streak=0 attempt=1
[2026-09-10T08:22:10.239Z] batch=field-waveform-1789028488640-5 D5 MODE_SWITCH_OK state=MODE_SWITCH_OK attempts=1 streak=0
[2026-09-10T08:22:10.240Z] batch=field-waveform-1789028488640-5 D2 MODE_SWITCH_START state=MODE_SWITCHING attempts=1 streak=0 attempt=1
[2026-09-10T08:22:10.241Z] batch=field-waveform-1789028488640-5 D2 MODE_SWITCH_OK state=MODE_SWITCH_OK attempts=1 streak=0
[2026-09-10T08:22:15.280Z] batch=field-waveform-1789028488640-5 D3 FIRST_FRAME state=FIRST_FRAME_RECEIVED attempts=1 streak=1
[2026-09-10T08:22:15.280Z] batch=field-waveform-1789028488640-5 D3 FIRST_VALID_SAMPLE state=FIRST_FRAME_RECEIVED attempts=1 streak=1
[2026-09-10T08:22:15.281Z] batch=field-waveform-1789028488640-5 D1 FIRST_FRAME state=FIRST_FRAME_RECEIVED attempts=1 streak=1
[2026-09-10T08:22:15.282Z] batch=field-waveform-1789028488640-5 D1 FIRST_VALID_SAMPLE state=FIRST_FRAME_RECEIVED attempts=1 streak=1
[2026-09-10T08:22:15.283Z] batch=field-waveform-1789028488640-5 D5 FIRST_FRAME state=FIRST_FRAME_RECEIVED attempts=1 streak=1
[2026-09-10T08:22:15.283Z] batch=field-waveform-1789028488640-5 D5 FIRST_VALID_SAMPLE state=FIRST_FRAME_RECEIVED attempts=1 streak=1
[2026-09-10T08:22:15.291Z] batch=field-waveform-1789028488640-5 D2 FIRST_FRAME state=FIRST_FRAME_RECEIVED attempts=1 streak=1
[2026-09-10T08:22:15.291Z] batch=field-waveform-1789028488640-5 D2 FIRST_VALID_SAMPLE state=FIRST_FRAME_RECEIVED attempts=1 streak=1
[2026-09-10T08:22:15.523Z] batch=field-waveform-1789028488640-5 D3 CHANNEL_SYNC_OK state=TEST_READY attempts=1 streak=5
[2026-09-10T08:22:15.523Z] batch=field-waveform-1789028488640-5 D3 TEST_READY state=TEST_READY attempts=1 streak=5
[2026-09-10T08:22:15.524Z] batch=field-waveform-1789028488640-5 D1 CHANNEL_SYNC_OK state=TEST_READY attempts=1 streak=5
[2026-09-10T08:22:15.525Z] batch=field-waveform-1789028488640-5 D1 TEST_READY state=TEST_READY attempts=1 streak=5
[2026-09-10T08:22:15.533Z] batch=field-waveform-1789028488640-5 D2 CHANNEL_SYNC_OK state=TEST_READY attempts=1 streak=5
[2026-09-10T08:22:15.533Z] batch=field-waveform-1789028488640-5 D2 TEST_READY state=TEST_READY attempts=1 streak=5
[2026-09-10T08:22:15.537Z] batch=field-waveform-1789028488640-5 D5 CHANNEL_SYNC_OK state=TEST_READY attempts=1 streak=5
[2026-09-10T08:22:15.537Z] batch=field-waveform-1789028488640-5 D5 TEST_READY state=TEST_READY attempts=1 streak=5
[2026-09-10T08:23:09.016Z] batch=field-waveform-1789028488640-5 D1 MODE_SWITCH_START state=MODE_SWITCHING attempts=1 streak=0 attempt=1
[2026-09-10T08:23:09.026Z] batch=field-waveform-1789028488640-5 D1 MODE_SWITCH_OK state=MODE_SWITCH_OK attempts=1 streak=0
[2026-09-10T08:23:09.273Z] batch=field-waveform-1789028488640-5 D5 MODE_SWITCH_START state=MODE_SWITCHING attempts=1 streak=0 attempt=1
[2026-09-10T08:23:09.276Z] batch=field-waveform-1789028488640-5 D5 MODE_SWITCH_OK state=MODE_SWITCH_OK attempts=1 streak=0
[2026-09-10T08:23:09.281Z] batch=field-waveform-1789028488640-5 D2 MODE_SWITCH_START state=MODE_SWITCHING attempts=1 streak=0 attempt=1
[2026-09-10T08:23:09.283Z] batch=field-waveform-1789028488640-5 D2 MODE_SWITCH_OK state=MODE_SWITCH_OK attempts=1 streak=0
[2026-09-10T08:23:09.289Z] batch=field-waveform-1789028488640-5 D3 MODE_SWITCH_START state=MODE_SWITCHING attempts=1 streak=0 attempt=1
[2026-09-10T08:23:09.296Z] batch=field-waveform-1789028488640-5 D3 MODE_SWITCH_OK state=MODE_SWITCH_OK attempts=1 streak=0
[2026-09-10T08:23:09.301Z] batch=field-waveform-1789028488640-5 D6 MODE_SWITCH_START state=MODE_SWITCHING attempts=1 streak=0 attempt=1
[2026-09-10T08:23:09.303Z] batch=field-waveform-1789028488640-5 D6 MODE_SWITCH_OK state=MODE_SWITCH_OK attempts=1 streak=0
[2026-09-10T08:23:09.310Z] batch=field-waveform-1789028488640-5 D4 MODE_SWITCH_START state=MODE_SWITCHING attempts=1 streak=0 attempt=1
[2026-09-10T08:23:09.315Z] batch=field-waveform-1789028488640-5 D4 MODE_SWITCH_OK state=MODE_SWITCH_OK attempts=1 streak=0
[2026-09-10T08:23:19.089Z] batch=field-waveform-1789028488640-5 D1 MODE_SWITCH_START state=MODE_SWITCHING attempts=1 streak=0 attempt=1
[2026-09-10T08:23:19.102Z] batch=field-waveform-1789028488640-5 D1 MODE_SWITCH_OK state=MODE_SWITCH_OK attempts=1 streak=0
[2026-09-10T08:23:19.342Z] batch=field-waveform-1789028488640-5 D5 MODE_SWITCH_START state=MODE_SWITCHING attempts=1 streak=0 attempt=1
[2026-09-10T08:23:19.353Z] batch=field-waveform-1789028488640-5 D5 MODE_SWITCH_OK state=MODE_SWITCH_OK attempts=1 streak=0
[2026-09-10T08:23:19.369Z] batch=field-waveform-1789028488640-5 D2 MODE_SWITCH_START state=MODE_SWITCHING attempts=1 streak=0 attempt=1
[2026-09-10T08:23:19.379Z] batch=field-waveform-1789028488640-5 D2 MODE_SWITCH_OK state=MODE_SWITCH_OK attempts=1 streak=0
[2026-09-10T08:23:19.385Z] batch=field-waveform-1789028488640-5 D3 MODE_SWITCH_START state=MODE_SWITCHING attempts=1 streak=0 attempt=1
[2026-09-10T08:23:19.388Z] batch=field-waveform-1789028488640-5 D3 MODE_SWITCH_OK state=MODE_SWITCH_OK attempts=1 streak=0
[2026-09-10T08:23:19.394Z] batch=field-waveform-1789028488640-5 D6 MODE_SWITCH_START state=MODE_SWITCHING attempts=1 streak=0 attempt=1
[2026-09-10T08:23:19.395Z] batch=field-waveform-1789028488640-5 D6 MODE_SWITCH_OK state=MODE_SWITCH_OK attempts=1 streak=0
[2026-09-10T08:23:19.401Z] batch=field-waveform-1789028488640-5 D4 MODE_SWITCH_START state=MODE_SWITCHING attempts=1 streak=0 attempt=1
[2026-09-10T08:23:19.403Z] batch=field-waveform-1789028488640-5 D4 MODE_SWITCH_OK state=MODE_SWITCH_OK attempts=1 streak=0
[2026-09-10T08:23:24.343Z] batch=field-waveform-1789028488640-5 D1 FIRST_FRAME state=FIRST_FRAME_RECEIVED attempts=1 streak=1
[2026-09-10T08:23:24.343Z] batch=field-waveform-1789028488640-5 D1 FIRST_VALID_SAMPLE state=FIRST_FRAME_RECEIVED attempts=1 streak=1
[2026-09-10T08:23:24.480Z] batch=field-waveform-1789028488640-5 D1 CHANNEL_SYNC_OK state=TEST_READY attempts=1 streak=5
[2026-09-10T08:23:24.480Z] batch=field-waveform-1789028488640-5 D1 TEST_READY state=TEST_READY attempts=1 streak=5
[2026-09-10T08:23:24.481Z] batch=field-waveform-1789028488640-5 D2 FIRST_FRAME state=FIRST_FRAME_RECEIVED attempts=1 streak=1
[2026-09-10T08:23:24.481Z] batch=field-waveform-1789028488640-5 D2 FIRST_VALID_SAMPLE state=FIRST_FRAME_RECEIVED attempts=1 streak=1
[2026-09-10T08:23:24.485Z] batch=field-waveform-1789028488640-5 D5 FIRST_FRAME state=FIRST_FRAME_RECEIVED attempts=1 streak=1
[2026-09-10T08:23:24.485Z] batch=field-waveform-1789028488640-5 D5 FIRST_VALID_SAMPLE state=FIRST_FRAME_RECEIVED attempts=1 streak=1
[2026-09-10T08:23:24.487Z] batch=field-waveform-1789028488640-5 D3 FIRST_FRAME state=FIRST_FRAME_RECEIVED attempts=1 streak=1
[2026-09-10T08:23:24.487Z] batch=field-waveform-1789028488640-5 D3 FIRST_VALID_SAMPLE state=FIRST_FRAME_RECEIVED attempts=1 streak=1
[2026-09-10T08:23:24.492Z] batch=field-waveform-1789028488640-5 D6 FIRST_FRAME state=FIRST_FRAME_RECEIVED attempts=1 streak=1
[2026-09-10T08:23:24.492Z] batch=field-waveform-1789028488640-5 D6 FIRST_VALID_SAMPLE state=FIRST_FRAME_RECEIVED attempts=1 streak=1
[2026-09-10T08:23:24.493Z] batch=field-waveform-1789028488640-5 D4 FIRST_FRAME state=FIRST_FRAME_RECEIVED attempts=1 streak=1
[2026-09-10T08:23:24.493Z] batch=field-waveform-1789028488640-5 D4 FIRST_VALID_SAMPLE state=FIRST_FRAME_RECEIVED attempts=1 streak=1
[2026-09-10T08:23:24.910Z] batch=field-waveform-1789028488640-5 D5 CHANNEL_SYNC_OK state=TEST_READY attempts=1 streak=5
[2026-09-10T08:23:24.910Z] batch=field-waveform-1789028488640-5 D5 TEST_READY state=TEST_READY attempts=1 streak=5
[2026-09-10T08:23:24.912Z] batch=field-waveform-1789028488640-5 D2 CHANNEL_SYNC_OK state=TEST_READY attempts=1 streak=5
[2026-09-10T08:23:24.912Z] batch=field-waveform-1789028488640-5 D2 TEST_READY state=TEST_READY attempts=1 streak=5
[2026-09-10T08:23:24.914Z] batch=field-waveform-1789028488640-5 D3 CHANNEL_SYNC_OK state=TEST_READY attempts=1 streak=5
[2026-09-10T08:23:24.914Z] batch=field-waveform-1789028488640-5 D3 TEST_READY state=TEST_READY attempts=1 streak=5
[2026-09-10T08:23:24.916Z] batch=field-waveform-1789028488640-5 D6 CHANNEL_SYNC_OK state=TEST_READY attempts=1 streak=5
[2026-09-10T08:23:24.917Z] batch=field-waveform-1789028488640-5 D6 TEST_READY state=TEST_READY attempts=1 streak=5
[2026-09-10T08:23:24.924Z] batch=field-waveform-1789028488640-5 D4 CHANNEL_SYNC_OK state=TEST_READY attempts=1 streak=5
[2026-09-10T08:23:24.925Z] batch=field-waveform-1789028488640-5 D4 TEST_READY state=TEST_READY attempts=1 streak=5
