[2026-09-18T01:56:23.269Z] batch=field-waveform-1789696425634-4 D1 MODE_SWITCH_START state=MODE_SWITCHING attempts=1 streak=0 attempt=1
[2026-09-18T01:56:23.270Z] batch=field-waveform-1789696425634-4 D1 MODE_SWITCH_OK state=MODE_SWITCH_OK attempts=1 streak=0
[2026-09-18T01:56:23.712Z] batch=field-waveform-1789696425634-4 D6 MODE_SWITCH_START state=MODE_SWITCHING attempts=1 streak=0 attempt=1
[2026-09-18T01:56:23.713Z] batch=field-waveform-1789696425634-4 D6 MODE_SWITCH_OK state=MODE_SWITCH_OK attempts=1 streak=0
[2026-09-18T01:56:23.726Z] batch=field-waveform-1789696425634-4 D5 MODE_SWITCH_START state=MODE_SWITCHING attempts=1 streak=0 attempt=1
[2026-09-18T01:56:23.727Z] batch=field-waveform-1789696425634-4 D5 MODE_SWITCH_OK state=MODE_SWITCH_OK attempts=1 streak=0
[2026-09-18T01:56:23.734Z] batch=field-waveform-1789696425634-4 D3 MODE_SWITCH_START state=MODE_SWITCHING attempts=1 streak=0 attempt=1
[2026-09-18T01:56:23.736Z] batch=field-waveform-1789696425634-4 D3 MODE_SWITCH_OK state=MODE_SWITCH_OK attempts=1 streak=0
[2026-09-18T01:56:23.741Z] batch=field-waveform-1789696425634-4 D2 MODE_SWITCH_START state=MODE_SWITCHING attempts=1 streak=0 attempt=1
[2026-09-18T01:56:23.742Z] batch=field-waveform-1789696425634-4 D2 MODE_SWITCH_OK state=MODE_SWITCH_OK attempts=1 streak=0
[2026-09-18T01:56:23.747Z] batch=field-waveform-1789696425634-4 D4 MODE_SWITCH_START state=MODE_SWITCHING attempts=1 streak=0 attempt=1
[2026-09-18T01:56:23.749Z] batch=field-waveform-1789696425634-4 D4 MODE_SWITCH_OK state=MODE_SWITCH_OK attempts=1 streak=0
[2026-09-18T01:56:30.265Z] batch=field-waveform-1789696590264-5 D1 MODE_SWITCH_START state=MODE_SWITCHING attempts=1 streak=0 attempt=1
[2026-09-18T01:56:30.266Z] batch=field-waveform-1789696590264-5 D2 MODE_SWITCH_START state=MODE_SWITCHING attempts=1 streak=0 attempt=1
[2026-09-18T01:56:30.267Z] batch=field-waveform-1789696590264-5 D3 MODE_SWITCH_START state=MODE_SWITCHING attempts=1 streak=0 attempt=1
[2026-09-18T01:56:30.268Z] batch=field-waveform-1789696590264-5 D4 MODE_SWITCH_START state=MODE_SWITCHING attempts=1 streak=0 attempt=1
[2026-09-18T01:56:30.270Z] batch=field-waveform-1789696590264-5 D5 MODE_SWITCH_START state=MODE_SWITCHING attempts=1 streak=0 attempt=1
[2026-09-18T01:56:30.271Z] batch=field-waveform-1789696590264-5 D6 MODE_SWITCH_START state=MODE_SWITCHING attempts=1 streak=0 attempt=1
[2026-09-18T01:56:30.273Z] batch=field-waveform-1789696590264-5 D1 MODE_SWITCH_OK state=MODE_SWITCH_OK attempts=1 streak=0
[2026-09-18T01:56:30.274Z] batch=field-waveform-1789696590264-5 D2 MODE_SWITCH_OK state=MODE_SWITCH_OK attempts=1 streak=0
[2026-09-18T01:56:30.275Z] batch=field-waveform-1789696590264-5 D3 MODE_SWITCH_OK state=MODE_SWITCH_OK attempts=1 streak=0
[2026-09-18T01:56:30.275Z] batch=field-waveform-1789696590264-5 D4 MODE_SWITCH_OK state=MODE_SWITCH_OK attempts=1 streak=0
[2026-09-18T01:56:30.276Z] batch=field-waveform-1789696590264-5 D5 MODE_SWITCH_OK state=MODE_SWITCH_OK attempts=1 streak=0
[2026-09-18T01:56:30.276Z] batch=field-waveform-1789696590264-5 D6 MODE_SWITCH_OK state=MODE_SWITCH_OK attempts=1 streak=0
[2026-09-18T01:56:33.280Z] batch=field-waveform-1789696590264-5 D1 MODE_SWITCH_START state=MODE_SWITCHING attempts=1 streak=0 attempt=1
[2026-09-18T01:56:33.282Z] batch=field-waveform-1789696590264-5 D1 MODE_SWITCH_OK state=MODE_SWITCH_OK attempts=1 streak=0
[2026-09-18T01:56:33.720Z] batch=field-waveform-1789696590264-5 D6 MODE_SWITCH_START state=MODE_SWITCHING attempts=1 streak=0 attempt=1
[2026-09-18T01:56:33.721Z] batch=field-waveform-1789696590264-5 D6 MODE_SWITCH_OK state=MODE_SWITCH_OK attempts=1 streak=0
[2026-09-18T01:56:33.736Z] batch=field-waveform-1789696590264-5 D5 MODE_SWITCH_START state=MODE_SWITCHING attempts=1 streak=0 attempt=1
[2026-09-18T01:56:33.737Z] batch=field-waveform-1789696590264-5 D5 MODE_SWITCH_OK state=MODE_SWITCH_OK attempts=1 streak=0
[2026-09-18T01:56:33.739Z] batch=field-waveform-1789696590264-5 D3 MODE_SWITCH_START state=MODE_SWITCHING attempts=1 streak=0 attempt=1
[2026-09-18T01:56:33.742Z] batch=field-waveform-1789696590264-5 D3 MODE_SWITCH_OK state=MODE_SWITCH_OK attempts=1 streak=0
[2026-09-18T01:56:33.744Z] batch=field-waveform-1789696590264-5 D2 MODE_SWITCH_START state=MODE_SWITCHING attempts=1 streak=0 attempt=1
[2026-09-18T01:56:33.745Z] batch=field-waveform-1789696590264-5 D2 MODE_SWITCH_OK state=MODE_SWITCH_OK attempts=1 streak=0
[2026-09-18T01:56:33.752Z] batch=field-waveform-1789696590264-5 D4 MODE_SWITCH_START state=MODE_SWITCHING attempts=1 streak=0 attempt=1
[2026-09-18T01:56:33.754Z] batch=field-waveform-1789696590264-5 D4 MODE_SWITCH_OK state=MODE_SWITCH_OK attempts=1 streak=0
[2026-09-18T01:56:43.283Z] batch=field-waveform-1789696590264-5 D1 MODE_SWITCH_START state=MODE_SWITCHING attempts=1 streak=0 attempt=1
[2026-09-18T01:56:43.284Z] batch=field-waveform-1789696590264-5 D1 MODE_SWITCH_OK state=MODE_SWITCH_OK attempts=1 streak=0
[2026-09-18T01:56:43.732Z] batch=field-waveform-1789696590264-5 D6 MODE_SWITCH_START state=MODE_SWITCHING attempts=1 streak=0 attempt=1
[2026-09-18T01:56:43.734Z] batch=field-waveform-1789696590264-5 D6 MODE_SWITCH_OK state=MODE_SWITCH_OK attempts=1 streak=0
[2026-09-18T01:56:43.737Z] batch=field-waveform-1789696590264-5 D5 MODE_SWITCH_START state=MODE_SWITCHING attempts=1 streak=0 attempt=1
[2026-09-18T01:56:43.739Z] batch=field-waveform-1789696590264-5 D5 MODE_SWITCH_OK state=MODE_SWITCH_OK attempts=1 streak=0
[2026-09-18T01:56:43.748Z] batch=field-waveform-1789696590264-5 D3 MODE_SWITCH_START state=MODE_SWITCHING attempts=1 streak=0 attempt=1
[2026-09-18T01:56:43.750Z] batch=field-waveform-1789696590264-5 D3 MODE_SWITCH_OK state=MODE_SWITCH_OK attempts=1 streak=0
[2026-09-18T01:56:43.752Z] batch=field-waveform-1789696590264-5 D2 MODE_SWITCH_START state=MODE_SWITCHING attempts=1 streak=0 attempt=1
[2026-09-18T01:56:43.753Z] batch=field-waveform-1789696590264-5 D2 MODE_SWITCH_OK state=MODE_SWITCH_OK attempts=1 streak=0
[2026-09-18T01:56:43.755Z] batch=field-waveform-1789696590264-5 D4 MODE_SWITCH_START state=MODE_SWITCHING attempts=1 streak=0 attempt=1
[2026-09-18T01:56:43.757Z] batch=field-waveform-1789696590264-5 D4 MODE_SWITCH_OK state=MODE_SWITCH_OK attempts=1 streak=0
[2026-09-18T01:56:53.292Z] batch=field-waveform-1789696590264-5 D1 MODE_SWITCH_START state=MODE_SWITCHING attempts=1 streak=0 attempt=1
[2026-09-18T01:56:53.293Z] batch=field-waveform-1789696590264-5 D1 MODE_SWITCH_OK state=MODE_SWITCH_OK attempts=1 streak=0
[2026-09-18T01:56:53.740Z] batch=field-waveform-1789696590264-5 D6 MODE_SWITCH_START state=MODE_SWITCHING attempts=1 streak=0 attempt=1
[2026-09-18T01:56:53.742Z] batch=field-waveform-1789696590264-5 D6 MODE_SWITCH_OK state=MODE_SWITCH_OK attempts=1 streak=0
[2026-09-18T01:56:53.742Z] batch=field-waveform-1789696590264-5 D5 MODE_SWITCH_START state=MODE_SWITCHING attempts=1 streak=0 attempt=1
[2026-09-18T01:56:53.743Z] batch=field-waveform-1789696590264-5 D5 MODE_SWITCH_OK state=MODE_SWITCH_OK attempts=1 streak=0
[2026-09-18T01:56:53.755Z] batch=field-waveform-1789696590264-5 D3 MODE_SWITCH_START state=MODE_SWITCHING attempts=1 streak=0 attempt=1
[2026-09-18T01:56:53.756Z] batch=field-waveform-1789696590264-5 D3 MODE_SWITCH_OK state=MODE_SWITCH_OK attempts=1 streak=0
[2026-09-18T01:56:53.757Z] batch=field-waveform-1789696590264-5 D2 MODE_SWITCH_START state=MODE_SWITCHING attempts=1 streak=0 attempt=1
[2026-09-18T01:56:53.758Z] batch=field-waveform-1789696590264-5 D2 MODE_SWITCH_OK state=MODE_SWITCH_OK attempts=1 streak=0
[2026-09-18T01:56:53.759Z] batch=field-waveform-1789696590264-5 D4 MODE_SWITCH_START state=MODE_SWITCHING attempts=1 streak=0 attempt=1
[2026-09-18T01:56:53.760Z] batch=field-waveform-1789696590264-5 D4 MODE_SWITCH_OK state=MODE_SWITCH_OK attempts=1 streak=0
[2026-09-18T01:56:58.784Z] batch=field-waveform-1789696590264-5 D6 FIRST_FRAME state=FIRST_FRAME_RECEIVED attempts=1 streak=1
[2026-09-18T01:56:58.784Z] batch=field-waveform-1789696590264-5 D6 FIRST_VALID_SAMPLE state=FIRST_FRAME_RECEIVED attempts=1 streak=1
[2026-09-18T01:56:58.793Z] batch=field-waveform-1789696590264-5 D5 FIRST_FRAME state=FIRST_FRAME_RECEIVED attempts=1 streak=1
[2026-09-18T01:56:58.794Z] batch=field-waveform-1789696590264-5 D5 FIRST_VALID_SAMPLE state=FIRST_FRAME_RECEIVED attempts=1 streak=1
[2026-09-18T01:56:58.800Z] batch=field-waveform-1789696590264-5 D4 FIRST_FRAME state=FIRST_FRAME_RECEIVED attempts=1 streak=1
[2026-09-18T01:56:58.800Z] batch=field-waveform-1789696590264-5 D4 FIRST_VALID_SAMPLE state=FIRST_FRAME_RECEIVED attempts=1 streak=1
[2026-09-18T01:56:58.845Z] batch=field-waveform-1789696590264-5 D3 FIRST_FRAME state=FIRST_FRAME_RECEIVED attempts=1 streak=1
[2026-09-18T01:56:58.845Z] batch=field-waveform-1789696590264-5 D3 FIRST_VALID_SAMPLE state=FIRST_FRAME_RECEIVED attempts=1 streak=1
[2026-09-18T01:56:58.850Z] batch=field-waveform-1789696590264-5 D2 FIRST_FRAME state=FIRST_FRAME_RECEIVED attempts=1 streak=1
[2026-09-18T01:56:58.850Z] batch=field-waveform-1789696590264-5 D2 FIRST_VALID_SAMPLE state=FIRST_FRAME_RECEIVED attempts=1 streak=1
[2026-09-18T01:56:59.040Z] batch=field-waveform-1789696590264-5 D6 CHANNEL_SYNC_OK state=TEST_READY attempts=1 streak=5
[2026-09-18T01:56:59.040Z] batch=field-waveform-1789696590264-5 D6 TEST_READY state=TEST_READY attempts=1 streak=5
[2026-09-18T01:56:59.048Z] batch=field-waveform-1789696590264-5 D4 CHANNEL_SYNC_OK state=TEST_READY attempts=1 streak=5
[2026-09-18T01:56:59.048Z] batch=field-waveform-1789696590264-5 D4 TEST_READY state=TEST_READY attempts=1 streak=5
[2026-09-18T01:56:59.049Z] batch=field-waveform-1789696590264-5 D5 CHANNEL_SYNC_OK state=TEST_READY attempts=1 streak=5
[2026-09-18T01:56:59.049Z] batch=field-waveform-1789696590264-5 D5 TEST_READY state=TEST_READY attempts=1 streak=5
[2026-09-18T01:56:59.093Z] batch=field-waveform-1789696590264-5 D3 CHANNEL_SYNC_OK state=TEST_READY attempts=1 streak=5
[2026-09-18T01:56:59.093Z] batch=field-waveform-1789696590264-5 D3 TEST_READY state=TEST_READY attempts=1 streak=5
[2026-09-18T01:56:59.112Z] batch=field-waveform-1789696590264-5 D2 CHANNEL_SYNC_OK state=TEST_READY attempts=1 streak=5
[2026-09-18T01:56:59.112Z] batch=field-waveform-1789696590264-5 D2 TEST_READY state=TEST_READY attempts=1 streak=5
[2026-09-18T01:57:03.293Z] batch=field-waveform-1789696590264-5 D1 MODE_SWITCH_START state=MODE_SWITCHING attempts=1 streak=0 attempt=1
[2026-09-18T01:57:03.295Z] batch=field-waveform-1789696590264-5 D1 MODE_SWITCH_OK state=MODE_SWITCH_OK attempts=1 streak=0
[2026-09-18T01:57:13.296Z] batch=field-waveform-1789696590264-5 D1 MODE_SWITCH_START state=MODE_SWITCHING attempts=1 streak=0 attempt=1
[2026-09-18T01:57:13.308Z] batch=field-waveform-1789696590264-5 D1 MODE_SWITCH_OK state=MODE_SWITCH_OK attempts=1 streak=0
[2026-09-18T01:57:18.396Z] batch=field-waveform-1789696590264-5 D1 FIRST_FRAME state=FIRST_FRAME_RECEIVED attempts=1 streak=1
[2026-09-18T01:57:18.397Z] batch=field-waveform-1789696590264-5 D1 FIRST_VALID_SAMPLE state=FIRST_FRAME_RECEIVED attempts=1 streak=1
[2026-09-18T01:57:18.658Z] batch=field-waveform-1789696590264-5 D1 CHANNEL_SYNC_OK state=TEST_READY attempts=1 streak=5
[2026-09-18T01:57:18.658Z] batch=field-waveform-1789696590264-5 D1 TEST_READY state=TEST_READY attempts=1 streak=5
[2026-09-18T01:58:10.954Z] batch=field-waveform-1789696590264-5 D1 MODE_SWITCH_START state=MODE_SWITCHING attempts=1 streak=0 attempt=1
[2026-09-18T01:58:10.956Z] batch=field-waveform-1789696590264-5 D1 MODE_SWITCH_OK state=MODE_SWITCH_OK attempts=1 streak=0
[2026-09-18T01:58:10.959Z] batch=field-waveform-1789696590264-5 D3 MODE_SWITCH_START state=MODE_SWITCHING attempts=1 streak=0 attempt=1
[2026-09-18T01:58:10.959Z] batch=field-waveform-1789696590264-5 D3 MODE_SWITCH_OK state=MODE_SWITCH_OK attempts=1 streak=0
[2026-09-18T01:58:10.963Z] batch=field-waveform-1789696590264-5 D6 MODE_SWITCH_START state=MODE_SWITCHING attempts=1 streak=0 attempt=1
[2026-09-18T01:58:10.964Z] batch=field-waveform-1789696590264-5 D6 MODE_SWITCH_OK state=MODE_SWITCH_OK attempts=1 streak=0
[2026-09-18T01:58:10.967Z] batch=field-waveform-1789696590264-5 D2 MODE_SWITCH_START state=MODE_SWITCHING attempts=1 streak=0 attempt=1
[2026-09-18T01:58:10.970Z] batch=field-waveform-1789696590264-5 D2 MODE_SWITCH_OK state=MODE_SWITCH_OK attempts=1 streak=0
[2026-09-18T01:58:10.973Z] batch=field-waveform-1789696590264-5 D5 MODE_SWITCH_START state=MODE_SWITCHING attempts=1 streak=0 attempt=1
[2026-09-18T01:58:10.983Z] batch=field-waveform-1789696590264-5 D5 MODE_SWITCH_OK state=MODE_SWITCH_OK attempts=1 streak=0
[2026-09-18T01:58:10.990Z] batch=field-waveform-1789696590264-5 D4 MODE_SWITCH_START state=MODE_SWITCHING attempts=1 streak=0 attempt=1
[2026-09-18T01:58:10.992Z] batch=field-waveform-1789696590264-5 D4 MODE_SWITCH_OK state=MODE_SWITCH_OK attempts=1 streak=0
[2026-09-18T01:58:21.163Z] batch=field-waveform-1789696590264-5 D1 MODE_SWITCH_START state=MODE_SWITCHING attempts=1 streak=0 attempt=1
[2026-09-18T01:58:21.164Z] batch=field-waveform-1789696590264-5 D1 MODE_SWITCH_OK state=MODE_SWITCH_OK attempts=1 streak=0
[2026-09-18T01:58:21.167Z] batch=field-waveform-1789696590264-5 D3 MODE_SWITCH_START state=MODE_SWITCHING attempts=1 streak=0 attempt=1
[2026-09-18T01:58:21.169Z] batch=field-waveform-1789696590264-5 D3 MODE_SWITCH_OK state=MODE_SWITCH_OK attempts=1 streak=0
[2026-09-18T01:58:21.171Z] batch=field-waveform-1789696590264-5 D6 MODE_SWITCH_START state=MODE_SWITCHING attempts=1 streak=0 attempt=1
[2026-09-18T01:58:21.172Z] batch=field-waveform-1789696590264-5 D6 MODE_SWITCH_OK state=MODE_SWITCH_OK attempts=1 streak=0
[2026-09-18T01:58:21.175Z] batch=field-waveform-1789696590264-5 D2 MODE_SWITCH_START state=MODE_SWITCHING attempts=1 streak=0 attempt=1
[2026-09-18T01:58:21.176Z] batch=field-waveform-1789696590264-5 D2 MODE_SWITCH_OK state=MODE_SWITCH_OK attempts=1 streak=0
[2026-09-18T01:58:21.178Z] batch=field-waveform-1789696590264-5 D5 MODE_SWITCH_START state=MODE_SWITCHING attempts=1 streak=0 attempt=1
[2026-09-18T01:58:21.179Z] batch=field-waveform-1789696590264-5 D5 MODE_SWITCH_OK state=MODE_SWITCH_OK attempts=1 streak=0
[2026-09-18T01:58:21.181Z] batch=field-waveform-1789696590264-5 D4 MODE_SWITCH_START state=MODE_SWITCHING attempts=1 streak=0 attempt=1
[2026-09-18T01:58:21.182Z] batch=field-waveform-1789696590264-5 D4 MODE_SWITCH_OK state=MODE_SWITCH_OK attempts=1 streak=0
[2026-09-18T01:58:31.230Z] batch=field-waveform-1789696590264-5 D1 MODE_SWITCH_START state=MODE_SWITCHING attempts=1 streak=0 attempt=1
[2026-09-18T01:58:31.231Z] batch=field-waveform-1789696590264-5 D1 MODE_SWITCH_OK state=MODE_SWITCH_OK attempts=1 streak=0
[2026-09-18T01:58:31.235Z] batch=field-waveform-1789696590264-5 D3 MODE_SWITCH_START state=MODE_SWITCHING attempts=1 streak=0 attempt=1
[2026-09-18T01:58:31.240Z] batch=field-waveform-1789696590264-5 D3 MODE_SWITCH_OK state=MODE_SWITCH_OK attempts=1 streak=0
[2026-09-18T01:58:31.246Z] batch=field-waveform-1789696590264-5 D6 MODE_SWITCH_START state=MODE_SWITCHING attempts=1 streak=0 attempt=1
[2026-09-18T01:58:31.247Z] batch=field-waveform-1789696590264-5 D6 MODE_SWITCH_OK state=MODE_SWITCH_OK attempts=1 streak=0
[2026-09-18T01:58:31.250Z] batch=field-waveform-1789696590264-5 D2 MODE_SWITCH_START state=MODE_SWITCHING attempts=1 streak=0 attempt=1
[2026-09-18T01:58:31.251Z] batch=field-waveform-1789696590264-5 D2 MODE_SWITCH_OK state=MODE_SWITCH_OK attempts=1 streak=0
[2026-09-18T01:58:31.253Z] batch=field-waveform-1789696590264-5 D5 MODE_SWITCH_START state=MODE_SWITCHING attempts=1 streak=0 attempt=1
[2026-09-18T01:58:31.254Z] batch=field-waveform-1789696590264-5 D5 MODE_SWITCH_OK state=MODE_SWITCH_OK attempts=1 streak=0
[2026-09-18T01:58:31.257Z] batch=field-waveform-1789696590264-5 D4 MODE_SWITCH_START state=MODE_SWITCHING attempts=1 streak=0 attempt=1
[2026-09-18T01:58:31.257Z] batch=field-waveform-1789696590264-5 D4 MODE_SWITCH_OK state=MODE_SWITCH_OK attempts=1 streak=0
[2026-09-18T01:58:41.323Z] batch=field-waveform-1789696590264-5 D1 MODE_SWITCH_START state=MODE_SWITCHING attempts=1 streak=0 attempt=1
[2026-09-18T01:58:41.324Z] batch=field-waveform-1789696590264-5 D1 MODE_SWITCH_OK state=MODE_SWITCH_OK attempts=1 streak=0
[2026-09-18T01:58:41.327Z] batch=field-waveform-1789696590264-5 D3 MODE_SWITCH_START state=MODE_SWITCHING attempts=1 streak=0 attempt=1
[2026-09-18T01:58:41.329Z] batch=field-waveform-1789696590264-5 D3 MODE_SWITCH_OK state=MODE_SWITCH_OK attempts=1 streak=0
[2026-09-18T01:58:41.333Z] batch=field-waveform-1789696590264-5 D6 MODE_SWITCH_START state=MODE_SWITCHING attempts=1 streak=0 attempt=1
[2026-09-18T01:58:41.333Z] batch=field-waveform-1789696590264-5 D6 MODE_SWITCH_OK state=MODE_SWITCH_OK attempts=1 streak=0
[2026-09-18T01:58:41.336Z] batch=field-waveform-1789696590264-5 D2 MODE_SWITCH_START state=MODE_SWITCHING attempts=1 streak=0 attempt=1
[2026-09-18T01:58:41.337Z] batch=field-waveform-1789696590264-5 D2 MODE_SWITCH_OK state=MODE_SWITCH_OK attempts=1 streak=0
[2026-09-18T01:58:41.340Z] batch=field-waveform-1789696590264-5 D5 MODE_SWITCH_START state=MODE_SWITCHING attempts=1 streak=0 attempt=1
[2026-09-18T01:58:41.341Z] batch=field-waveform-1789696590264-5 D5 MODE_SWITCH_OK state=MODE_SWITCH_OK attempts=1 streak=0
[2026-09-18T01:58:41.344Z] batch=field-waveform-1789696590264-5 D4 MODE_SWITCH_START state=MODE_SWITCHING attempts=1 streak=0 attempt=1
[2026-09-18T01:58:41.345Z] batch=field-waveform-1789696590264-5 D4 MODE_SWITCH_OK state=MODE_SWITCH_OK attempts=1 streak=0
[2026-09-18T01:58:42.435Z] batch=field-waveform-1789696722434-6 D1 MODE_SWITCH_START state=MODE_SWITCHING attempts=1 streak=0 attempt=1
[2026-09-18T01:58:42.436Z] batch=field-waveform-1789696722434-6 D2 MODE_SWITCH_START state=MODE_SWITCHING attempts=1 streak=0 attempt=1
[2026-09-18T01:58:42.437Z] batch=field-waveform-1789696722434-6 D3 MODE_SWITCH_START state=MODE_SWITCHING attempts=1 streak=0 attempt=1
[2026-09-18T01:58:42.438Z] batch=field-waveform-1789696722434-6 D4 MODE_SWITCH_START state=MODE_SWITCHING attempts=1 streak=0 attempt=1
[2026-09-18T01:58:42.439Z] batch=field-waveform-1789696722434-6 D5 MODE_SWITCH_START state=MODE_SWITCHING attempts=1 streak=0 attempt=1
[2026-09-18T01:58:42.439Z] batch=field-waveform-1789696722434-6 D6 MODE_SWITCH_START state=MODE_SWITCHING attempts=1 streak=0 attempt=1
[2026-09-18T01:58:42.442Z] batch=field-waveform-1789696722434-6 D1 MODE_SWITCH_OK state=MODE_SWITCH_OK attempts=1 streak=0
[2026-09-18T01:58:42.443Z] batch=field-waveform-1789696722434-6 D2 MODE_SWITCH_OK state=MODE_SWITCH_OK attempts=1 streak=0
[2026-09-18T01:58:42.444Z] batch=field-waveform-1789696722434-6 D3 MODE_SWITCH_OK state=MODE_SWITCH_OK attempts=1 streak=0
[2026-09-18T01:58:42.444Z] batch=field-waveform-1789696722434-6 D4 MODE_SWITCH_OK state=MODE_SWITCH_OK attempts=1 streak=0
[2026-09-18T01:58:42.445Z] batch=field-waveform-1789696722434-6 D5 MODE_SWITCH_OK state=MODE_SWITCH_OK attempts=1 streak=0
[2026-09-18T01:58:42.445Z] batch=field-waveform-1789696722434-6 D6 MODE_SWITCH_OK state=MODE_SWITCH_OK attempts=1 streak=0
[2026-09-18T01:58:51.334Z] batch=field-waveform-1789696722434-6 D1 MODE_SWITCH_START state=MODE_SWITCHING attempts=1 streak=0 attempt=1
[2026-09-18T01:58:51.336Z] batch=field-waveform-1789696722434-6 D1 MODE_SWITCH_OK state=MODE_SWITCH_OK attempts=1 streak=0
[2026-09-18T01:58:51.337Z] batch=field-waveform-1789696722434-6 D3 MODE_SWITCH_START state=MODE_SWITCHING attempts=1 streak=0 attempt=1
[2026-09-18T01:58:51.338Z] batch=field-waveform-1789696722434-6 D3 MODE_SWITCH_OK state=MODE_SWITCH_OK attempts=1 streak=0
[2026-09-18T01:58:51.343Z] batch=field-waveform-1789696722434-6 D6 MODE_SWITCH_START state=MODE_SWITCHING attempts=1 streak=0 attempt=1
[2026-09-18T01:58:51.347Z] batch=field-waveform-1789696722434-6 D6 MODE_SWITCH_OK state=MODE_SWITCH_OK attempts=1 streak=0
[2026-09-18T01:58:51.348Z] batch=field-waveform-1789696722434-6 D2 MODE_SWITCH_START state=MODE_SWITCHING attempts=1 streak=0 attempt=1
[2026-09-18T01:58:51.350Z] batch=field-waveform-1789696722434-6 D2 MODE_SWITCH_OK state=MODE_SWITCH_OK attempts=1 streak=0
[2026-09-18T01:58:51.351Z] batch=field-waveform-1789696722434-6 D5 MODE_SWITCH_START state=MODE_SWITCHING attempts=1 streak=0 attempt=1
[2026-09-18T01:58:51.353Z] batch=field-waveform-1789696722434-6 D5 MODE_SWITCH_OK state=MODE_SWITCH_OK attempts=1 streak=0
[2026-09-18T01:58:51.357Z] batch=field-waveform-1789696722434-6 D4 MODE_SWITCH_START state=MODE_SWITCHING attempts=1 streak=0 attempt=1
[2026-09-18T01:58:51.359Z] batch=field-waveform-1789696722434-6 D4 MODE_SWITCH_OK state=MODE_SWITCH_OK attempts=1 streak=0
[2026-09-18T01:59:01.341Z] batch=field-waveform-1789696722434-6 D1 MODE_SWITCH_START state=MODE_SWITCHING attempts=1 streak=0 attempt=1
[2026-09-18T01:59:01.342Z] batch=field-waveform-1789696722434-6 D1 MODE_SWITCH_OK state=MODE_SWITCH_OK attempts=1 streak=0
[2026-09-18T01:59:01.342Z] batch=field-waveform-1789696722434-6 D3 MODE_SWITCH_START state=MODE_SWITCHING attempts=1 streak=0 attempt=1
[2026-09-18T01:59:01.343Z] batch=field-waveform-1789696722434-6 D3 MODE_SWITCH_OK state=MODE_SWITCH_OK attempts=1 streak=0
[2026-09-18T01:59:01.347Z] batch=field-waveform-1789696722434-6 D6 MODE_SWITCH_START state=MODE_SWITCHING attempts=1 streak=0 attempt=1
[2026-09-18T01:59:01.354Z] batch=field-waveform-1789696722434-6 D6 MODE_SWITCH_OK state=MODE_SWITCH_OK attempts=1 streak=0
[2026-09-18T01:59:01.355Z] batch=field-waveform-1789696722434-6 D2 MODE_SWITCH_START state=MODE_SWITCHING attempts=1 streak=0 attempt=1
[2026-09-18T01:59:01.357Z] batch=field-waveform-1789696722434-6 D2 MODE_SWITCH_OK state=MODE_SWITCH_OK attempts=1 streak=0
[2026-09-18T01:59:01.357Z] batch=field-waveform-1789696722434-6 D5 MODE_SWITCH_START state=MODE_SWITCHING attempts=1 streak=0 attempt=1
[2026-09-18T01:59:01.358Z] batch=field-waveform-1789696722434-6 D5 MODE_SWITCH_OK state=MODE_SWITCH_OK attempts=1 streak=0
[2026-09-18T01:59:01.365Z] batch=field-waveform-1789696722434-6 D4 MODE_SWITCH_START state=MODE_SWITCHING attempts=1 streak=0 attempt=1
[2026-09-18T01:59:01.368Z] batch=field-waveform-1789696722434-6 D4 MODE_SWITCH_OK state=MODE_SWITCH_OK attempts=1 streak=0
[2026-09-18T01:59:11.353Z] batch=field-waveform-1789696722434-6 D1 MODE_SWITCH_START state=MODE_SWITCHING attempts=1 streak=0 attempt=1
[2026-09-18T01:59:11.358Z] batch=field-waveform-1789696722434-6 D1 MODE_SWITCH_OK state=MODE_SWITCH_OK attempts=1 streak=0
[2026-09-18T01:59:11.359Z] batch=field-waveform-1789696722434-6 D3 MODE_SWITCH_START state=MODE_SWITCHING attempts=1 streak=0 attempt=1
[2026-09-18T01:59:11.360Z] batch=field-waveform-1789696722434-6 D3 MODE_SWITCH_OK state=MODE_SWITCH_OK attempts=1 streak=0
[2026-09-18T01:59:11.361Z] batch=field-waveform-1789696722434-6 D6 MODE_SWITCH_START state=MODE_SWITCHING attempts=1 streak=0 attempt=1
[2026-09-18T01:59:11.362Z] batch=field-waveform-1789696722434-6 D6 MODE_SWITCH_OK state=MODE_SWITCH_OK attempts=1 streak=0
[2026-09-18T01:59:11.362Z] batch=field-waveform-1789696722434-6 D2 MODE_SWITCH_START state=MODE_SWITCHING attempts=1 streak=0 attempt=1
[2026-09-18T01:59:11.363Z] batch=field-waveform-1789696722434-6 D2 MODE_SWITCH_OK state=MODE_SWITCH_OK attempts=1 streak=0
[2026-09-18T01:59:11.363Z] batch=field-waveform-1789696722434-6 D5 MODE_SWITCH_START state=MODE_SWITCHING attempts=1 streak=0 attempt=1
[2026-09-18T01:59:11.364Z] batch=field-waveform-1789696722434-6 D5 MODE_SWITCH_OK state=MODE_SWITCH_OK attempts=1 streak=0
[2026-09-18T01:59:11.369Z] batch=field-waveform-1789696722434-6 D4 MODE_SWITCH_START state=MODE_SWITCHING attempts=1 streak=0 attempt=1
[2026-09-18T01:59:11.371Z] batch=field-waveform-1789696722434-6 D4 MODE_SWITCH_OK state=MODE_SWITCH_OK attempts=1 streak=0
[2026-09-18T01:59:21.373Z] batch=field-waveform-1789696722434-6 D1 MODE_SWITCH_START state=MODE_SWITCHING attempts=1 streak=0 attempt=1
[2026-09-18T01:59:21.374Z] batch=field-waveform-1789696722434-6 D1 MODE_SWITCH_OK state=MODE_SWITCH_OK attempts=1 streak=0
[2026-09-18T01:59:21.375Z] batch=field-waveform-1789696722434-6 D3 MODE_SWITCH_START state=MODE_SWITCHING attempts=1 streak=0 attempt=1
[2026-09-18T01:59:21.375Z] batch=field-waveform-1789696722434-6 D3 MODE_SWITCH_OK state=MODE_SWITCH_OK attempts=1 streak=0
[2026-09-18T01:59:21.376Z] batch=field-waveform-1789696722434-6 D6 MODE_SWITCH_START state=MODE_SWITCHING attempts=1 streak=0 attempt=1
[2026-09-18T01:59:21.377Z] batch=field-waveform-1789696722434-6 D6 MODE_SWITCH_OK state=MODE_SWITCH_OK attempts=1 streak=0
[2026-09-18T01:59:21.379Z] batch=field-waveform-1789696722434-6 D2 MODE_SWITCH_START state=MODE_SWITCHING attempts=1 streak=0 attempt=1
[2026-09-18T01:59:21.380Z] batch=field-waveform-1789696722434-6 D2 MODE_SWITCH_OK state=MODE_SWITCH_OK attempts=1 streak=0
[2026-09-18T01:59:21.381Z] batch=field-waveform-1789696722434-6 D5 MODE_SWITCH_START state=MODE_SWITCHING attempts=1 streak=0 attempt=1
[2026-09-18T01:59:21.382Z] batch=field-waveform-1789696722434-6 D5 MODE_SWITCH_OK state=MODE_SWITCH_OK attempts=1 streak=0
[2026-09-18T01:59:21.383Z] batch=field-waveform-1789696722434-6 D4 MODE_SWITCH_START state=MODE_SWITCHING attempts=1 streak=0 attempt=1
[2026-09-18T01:59:21.384Z] batch=field-waveform-1789696722434-6 D4 MODE_SWITCH_OK state=MODE_SWITCH_OK attempts=1 streak=0
[2026-09-18T01:59:24.967Z] batch=field-waveform-1789696764965-7 D1 MODE_SWITCH_START state=MODE_SWITCHING attempts=1 streak=0 attempt=1
[2026-09-18T01:59:24.970Z] batch=field-waveform-1789696764965-7 D2 MODE_SWITCH_START state=MODE_SWITCHING attempts=1 streak=0 attempt=1
[2026-09-18T01:59:24.970Z] batch=field-waveform-1789696764965-7 D3 MODE_SWITCH_START state=MODE_SWITCHING attempts=1 streak=0 attempt=1
[2026-09-18T01:59:24.972Z] batch=field-waveform-1789696764965-7 D4 MODE_SWITCH_START state=MODE_SWITCHING attempts=1 streak=0 attempt=1
[2026-09-18T01:59:24.973Z] batch=field-waveform-1789696764965-7 D5 MODE_SWITCH_START state=MODE_SWITCHING attempts=1 streak=0 attempt=1
[2026-09-18T01:59:24.974Z] batch=field-waveform-1789696764965-7 D6 MODE_SWITCH_START state=MODE_SWITCHING attempts=1 streak=0 attempt=1
[2026-09-18T01:59:24.977Z] batch=field-waveform-1789696764965-7 D1 MODE_SWITCH_OK state=MODE_SWITCH_OK attempts=1 streak=0
[2026-09-18T01:59:24.977Z] batch=field-waveform-1789696764965-7 D2 MODE_SWITCH_OK state=MODE_SWITCH_OK attempts=1 streak=0
[2026-09-18T01:59:24.977Z] batch=field-waveform-1789696764965-7 D3 MODE_SWITCH_OK state=MODE_SWITCH_OK attempts=1 streak=0
[2026-09-18T01:59:24.978Z] batch=field-waveform-1789696764965-7 D4 MODE_SWITCH_OK state=MODE_SWITCH_OK attempts=1 streak=0
[2026-09-18T01:59:24.978Z] batch=field-waveform-1789696764965-7 D5 MODE_SWITCH_OK state=MODE_SWITCH_OK attempts=1 streak=0
[2026-09-18T01:59:24.979Z] batch=field-waveform-1789696764965-7 D6 MODE_SWITCH_OK state=MODE_SWITCH_OK attempts=1 streak=0
[2026-09-18T01:59:31.375Z] batch=field-waveform-1789696764965-7 D1 MODE_SWITCH_START state=MODE_SWITCHING attempts=1 streak=0 attempt=1
[2026-09-18T01:59:31.378Z] batch=field-waveform-1789696764965-7 D1 MODE_SWITCH_OK state=MODE_SWITCH_OK attempts=1 streak=0
[2026-09-18T01:59:31.386Z] batch=field-waveform-1789696764965-7 D3 MODE_SWITCH_START state=MODE_SWITCHING attempts=1 streak=0 attempt=1
[2026-09-18T01:59:31.395Z] batch=field-waveform-1789696764965-7 D3 MODE_SWITCH_OK state=MODE_SWITCH_OK attempts=1 streak=0
[2026-09-18T01:59:31.397Z] batch=field-waveform-1789696764965-7 D6 MODE_SWITCH_START state=MODE_SWITCHING attempts=1 streak=0 attempt=1
[2026-09-18T01:59:31.398Z] batch=field-waveform-1789696764965-7 D6 MODE_SWITCH_OK state=MODE_SWITCH_OK attempts=1 streak=0
[2026-09-18T01:59:31.399Z] batch=field-waveform-1789696764965-7 D2 MODE_SWITCH_START state=MODE_SWITCHING attempts=1 streak=0 attempt=1
[2026-09-18T01:59:31.401Z] batch=field-waveform-1789696764965-7 D2 MODE_SWITCH_OK state=MODE_SWITCH_OK attempts=1 streak=0
[2026-09-18T01:59:31.403Z] batch=field-waveform-1789696764965-7 D5 MODE_SWITCH_START state=MODE_SWITCHING attempts=1 streak=0 attempt=1
[2026-09-18T01:59:31.405Z] batch=field-waveform-1789696764965-7 D5 MODE_SWITCH_OK state=MODE_SWITCH_OK attempts=1 streak=0
[2026-09-18T01:59:31.406Z] batch=field-waveform-1789696764965-7 D4 MODE_SWITCH_START state=MODE_SWITCHING attempts=1 streak=0 attempt=1
[2026-09-18T01:59:31.408Z] batch=field-waveform-1789696764965-7 D4 MODE_SWITCH_OK state=MODE_SWITCH_OK attempts=1 streak=0
[2026-09-18T01:59:41.386Z] batch=field-waveform-1789696764965-7 D1 MODE_SWITCH_START state=MODE_SWITCHING attempts=1 streak=0 attempt=1
[2026-09-18T01:59:41.388Z] batch=field-waveform-1789696764965-7 D1 MODE_SWITCH_OK state=MODE_SWITCH_OK attempts=1 streak=0
[2026-09-18T01:59:41.402Z] batch=field-waveform-1789696764965-7 D3 MODE_SWITCH_START state=MODE_SWITCHING attempts=1 streak=0 attempt=1
[2026-09-18T01:59:41.403Z] batch=field-waveform-1789696764965-7 D3 MODE_SWITCH_OK state=MODE_SWITCH_OK attempts=1 streak=0
[2026-09-18T01:59:41.405Z] batch=field-waveform-1789696764965-7 D6 MODE_SWITCH_START state=MODE_SWITCHING attempts=1 streak=0 attempt=1
[2026-09-18T01:59:41.407Z] batch=field-waveform-1789696764965-7 D6 MODE_SWITCH_OK state=MODE_SWITCH_OK attempts=1 streak=0
[2026-09-18T01:59:41.411Z] batch=field-waveform-1789696764965-7 D2 MODE_SWITCH_START state=MODE_SWITCHING attempts=1 streak=0 attempt=1
[2026-09-18T01:59:41.413Z] batch=field-waveform-1789696764965-7 D2 MODE_SWITCH_OK state=MODE_SWITCH_OK attempts=1 streak=0
[2026-09-18T01:59:41.414Z] batch=field-waveform-1789696764965-7 D5 MODE_SWITCH_START state=MODE_SWITCHING attempts=1 streak=0 attempt=1
[2026-09-18T01:59:41.415Z] batch=field-waveform-1789696764965-7 D5 MODE_SWITCH_OK state=MODE_SWITCH_OK attempts=1 streak=0
[2026-09-18T01:59:41.417Z] batch=field-waveform-1789696764965-7 D4 MODE_SWITCH_START state=MODE_SWITCHING attempts=1 streak=0 attempt=1
[2026-09-18T01:59:41.423Z] batch=field-waveform-1789696764965-7 D4 MODE_SWITCH_OK state=MODE_SWITCH_OK attempts=1 streak=0
[2026-09-18T01:59:51.396Z] batch=field-waveform-1789696764965-7 D1 MODE_SWITCH_START state=MODE_SWITCHING attempts=1 streak=0 attempt=1
[2026-09-18T01:59:51.398Z] batch=field-waveform-1789696764965-7 D1 MODE_SWITCH_OK state=MODE_SWITCH_OK attempts=1 streak=0
[2026-09-18T01:59:51.411Z] batch=field-waveform-1789696764965-7 D3 MODE_SWITCH_START state=MODE_SWITCHING attempts=1 streak=0 attempt=1
[2026-09-18T01:59:51.412Z] batch=field-waveform-1789696764965-7 D3 MODE_SWITCH_OK state=MODE_SWITCH_OK attempts=1 streak=0
[2026-09-18T01:59:51.414Z] batch=field-waveform-1789696764965-7 D6 MODE_SWITCH_START state=MODE_SWITCHING attempts=1 streak=0 attempt=1
[2026-09-18T01:59:51.415Z] batch=field-waveform-1789696764965-7 D6 MODE_SWITCH_OK state=MODE_SWITCH_OK attempts=1 streak=0
[2026-09-18T01:59:51.418Z] batch=field-waveform-1789696764965-7 D2 MODE_SWITCH_START state=MODE_SWITCHING attempts=1 streak=0 attempt=1
[2026-09-18T01:59:51.420Z] batch=field-waveform-1789696764965-7 D2 MODE_SWITCH_OK state=MODE_SWITCH_OK attempts=1 streak=0
[2026-09-18T01:59:51.421Z] batch=field-waveform-1789696764965-7 D5 MODE_SWITCH_START state=MODE_SWITCHING attempts=1 streak=0 attempt=1
[2026-09-18T01:59:51.422Z] batch=field-waveform-1789696764965-7 D5 MODE_SWITCH_OK state=MODE_SWITCH_OK attempts=1 streak=0
[2026-09-18T01:59:51.425Z] batch=field-waveform-1789696764965-7 D4 MODE_SWITCH_START state=MODE_SWITCHING attempts=1 streak=0 attempt=1
[2026-09-18T01:59:51.426Z] batch=field-waveform-1789696764965-7 D4 MODE_SWITCH_OK state=MODE_SWITCH_OK attempts=1 streak=0
[2026-09-18T01:59:54.424Z] batch=field-waveform-1789696794423-8 D1 MODE_SWITCH_START state=MODE_SWITCHING attempts=1 streak=0 attempt=1
[2026-09-18T01:59:54.426Z] batch=field-waveform-1789696794423-8 D2 MODE_SWITCH_START state=MODE_SWITCHING attempts=1 streak=0 attempt=1
[2026-09-18T01:59:54.428Z] batch=field-waveform-1789696794423-8 D3 MODE_SWITCH_START state=MODE_SWITCHING attempts=1 streak=0 attempt=1
[2026-09-18T01:59:54.429Z] batch=field-waveform-1789696794423-8 D4 MODE_SWITCH_START state=MODE_SWITCHING attempts=1 streak=0 attempt=1
[2026-09-18T01:59:54.430Z] batch=field-waveform-1789696794423-8 D5 MODE_SWITCH_START state=MODE_SWITCHING attempts=1 streak=0 attempt=1
[2026-09-18T01:59:54.432Z] batch=field-waveform-1789696794423-8 D6 MODE_SWITCH_START state=MODE_SWITCHING attempts=1 streak=0 attempt=1
[2026-09-18T01:59:54.440Z] batch=field-waveform-1789696794423-8 D1 MODE_SWITCH_OK state=MODE_SWITCH_OK attempts=1 streak=0
[2026-09-18T01:59:54.441Z] batch=field-waveform-1789696794423-8 D2 MODE_SWITCH_OK state=MODE_SWITCH_OK attempts=1 streak=0
[2026-09-18T01:59:54.442Z] batch=field-waveform-1789696794423-8 D3 MODE_SWITCH_OK state=MODE_SWITCH_OK attempts=1 streak=0
[2026-09-18T01:59:54.443Z] batch=field-waveform-1789696794423-8 D4 MODE_SWITCH_OK state=MODE_SWITCH_OK attempts=1 streak=0
[2026-09-18T01:59:54.444Z] batch=field-waveform-1789696794423-8 D5 MODE_SWITCH_OK state=MODE_SWITCH_OK attempts=1 streak=0
[2026-09-18T01:59:54.445Z] batch=field-waveform-1789696794423-8 D6 MODE_SWITCH_OK state=MODE_SWITCH_OK attempts=1 streak=0
[2026-09-18T02:00:01.409Z] batch=field-waveform-1789696794423-8 D1 MODE_SWITCH_START state=MODE_SWITCHING attempts=1 streak=0 attempt=1
[2026-09-18T02:00:01.411Z] batch=field-waveform-1789696794423-8 D1 MODE_SWITCH_OK state=MODE_SWITCH_OK attempts=1 streak=0
[2026-09-18T02:00:01.413Z] batch=field-waveform-1789696794423-8 D3 MODE_SWITCH_START state=MODE_SWITCHING attempts=1 streak=0 attempt=1
[2026-09-18T02:00:01.415Z] batch=field-waveform-1789696794423-8 D3 MODE_SWITCH_OK state=MODE_SWITCH_OK attempts=1 streak=0
[2026-09-18T02:00:01.418Z] batch=field-waveform-1789696794423-8 D6 MODE_SWITCH_START state=MODE_SWITCHING attempts=1 streak=0 attempt=1
[2026-09-18T02:00:01.421Z] batch=field-waveform-1789696794423-8 D6 MODE_SWITCH_OK state=MODE_SWITCH_OK attempts=1 streak=0
[2026-09-18T02:00:01.426Z] batch=field-waveform-1789696794423-8 D2 MODE_SWITCH_START state=MODE_SWITCHING attempts=1 streak=0 attempt=1
[2026-09-18T02:00:01.427Z] batch=field-waveform-1789696794423-8 D2 MODE_SWITCH_OK state=MODE_SWITCH_OK attempts=1 streak=0
[2026-09-18T02:00:01.429Z] batch=field-waveform-1789696794423-8 D5 MODE_SWITCH_START state=MODE_SWITCHING attempts=1 streak=0 attempt=1
[2026-09-18T02:00:01.431Z] batch=field-waveform-1789696794423-8 D5 MODE_SWITCH_OK state=MODE_SWITCH_OK attempts=1 streak=0
[2026-09-18T02:00:01.434Z] batch=field-waveform-1789696794423-8 D4 MODE_SWITCH_START state=MODE_SWITCHING attempts=1 streak=0 attempt=1
[2026-09-18T02:00:01.437Z] batch=field-waveform-1789696794423-8 D4 MODE_SWITCH_OK state=MODE_SWITCH_OK attempts=1 streak=0
[2026-09-18T02:00:11.417Z] batch=field-waveform-1789696794423-8 D1 MODE_SWITCH_START state=MODE_SWITCHING attempts=1 streak=0 attempt=1
[2026-09-18T02:00:11.420Z] batch=field-waveform-1789696794423-8 D1 MODE_SWITCH_OK state=MODE_SWITCH_OK attempts=1 streak=0
[2026-09-18T02:00:11.422Z] batch=field-waveform-1789696794423-8 D3 MODE_SWITCH_START state=MODE_SWITCHING attempts=1 streak=0 attempt=1
[2026-09-18T02:00:11.423Z] batch=field-waveform-1789696794423-8 D3 MODE_SWITCH_OK state=MODE_SWITCH_OK attempts=1 streak=0
[2026-09-18T02:00:11.441Z] batch=field-waveform-1789696794423-8 D6 MODE_SWITCH_START state=MODE_SWITCHING attempts=1 streak=0 attempt=1
[2026-09-18T02:00:11.442Z] batch=field-waveform-1789696794423-8 D6 MODE_SWITCH_OK state=MODE_SWITCH_OK attempts=1 streak=0
[2026-09-18T02:00:11.443Z] batch=field-waveform-1789696794423-8 D2 MODE_SWITCH_START state=MODE_SWITCHING attempts=1 streak=0 attempt=1
[2026-09-18T02:00:11.444Z] batch=field-waveform-1789696794423-8 D2 MODE_SWITCH_OK state=MODE_SWITCH_OK attempts=1 streak=0
[2026-09-18T02:00:11.445Z] batch=field-waveform-1789696794423-8 D5 MODE_SWITCH_START state=MODE_SWITCHING attempts=1 streak=0 attempt=1
[2026-09-18T02:00:11.445Z] batch=field-waveform-1789696794423-8 D5 MODE_SWITCH_OK state=MODE_SWITCH_OK attempts=1 streak=0
[2026-09-18T02:00:11.446Z] batch=field-waveform-1789696794423-8 D4 MODE_SWITCH_START state=MODE_SWITCHING attempts=1 streak=0 attempt=1
[2026-09-18T02:00:11.446Z] batch=field-waveform-1789696794423-8 D4 MODE_SWITCH_OK state=MODE_SWITCH_OK attempts=1 streak=0
[2026-09-18T02:00:21.424Z] batch=field-waveform-1789696794423-8 D1 MODE_SWITCH_START state=MODE_SWITCHING attempts=1 streak=0 attempt=1
[2026-09-18T02:00:21.425Z] batch=field-waveform-1789696794423-8 D1 MODE_SWITCH_OK state=MODE_SWITCH_OK attempts=1 streak=0
[2026-09-18T02:00:21.436Z] batch=field-waveform-1789696794423-8 D3 MODE_SWITCH_START state=MODE_SWITCHING attempts=1 streak=0 attempt=1
[2026-09-18T02:00:21.437Z] batch=field-waveform-1789696794423-8 D3 MODE_SWITCH_OK state=MODE_SWITCH_OK attempts=1 streak=0
[2026-09-18T02:00:21.450Z] batch=field-waveform-1789696794423-8 D6 MODE_SWITCH_START state=MODE_SWITCHING attempts=1 streak=0 attempt=1
[2026-09-18T02:00:21.451Z] batch=field-waveform-1789696794423-8 D6 MODE_SWITCH_OK state=MODE_SWITCH_OK attempts=1 streak=0
[2026-09-18T02:00:21.452Z] batch=field-waveform-1789696794423-8 D2 MODE_SWITCH_START state=MODE_SWITCHING attempts=1 streak=0 attempt=1
[2026-09-18T02:00:21.452Z] batch=field-waveform-1789696794423-8 D2 MODE_SWITCH_OK state=MODE_SWITCH_OK attempts=1 streak=0
[2026-09-18T02:00:21.453Z] batch=field-waveform-1789696794423-8 D5 MODE_SWITCH_START state=MODE_SWITCHING attempts=1 streak=0 attempt=1
[2026-09-18T02:00:21.453Z] batch=field-waveform-1789696794423-8 D5 MODE_SWITCH_OK state=MODE_SWITCH_OK attempts=1 streak=0
[2026-09-18T02:00:21.455Z] batch=field-waveform-1789696794423-8 D4 MODE_SWITCH_START state=MODE_SWITCHING attempts=1 streak=0 attempt=1
[2026-09-18T02:00:21.455Z] batch=field-waveform-1789696794423-8 D4 MODE_SWITCH_OK state=MODE_SWITCH_OK attempts=1 streak=0
[2026-09-18T02:00:31.445Z] batch=field-waveform-1789696794423-8 D1 MODE_SWITCH_START state=MODE_SWITCHING attempts=1 streak=0 attempt=1
[2026-09-18T02:00:31.446Z] batch=field-waveform-1789696794423-8 D1 MODE_SWITCH_OK state=MODE_SWITCH_OK attempts=1 streak=0
[2026-09-18T02:00:31.447Z] batch=field-waveform-1789696794423-8 D3 MODE_SWITCH_START state=MODE_SWITCHING attempts=1 streak=0 attempt=1
[2026-09-18T02:00:31.448Z] batch=field-waveform-1789696794423-8 D3 MODE_SWITCH_OK state=MODE_SWITCH_OK attempts=1 streak=0
[2026-09-18T02:00:31.451Z] batch=field-waveform-1789696794423-8 D6 MODE_SWITCH_START state=MODE_SWITCHING attempts=1 streak=0 attempt=1
[2026-09-18T02:00:31.452Z] batch=field-waveform-1789696794423-8 D6 MODE_SWITCH_OK state=MODE_SWITCH_OK attempts=1 streak=0
[2026-09-18T02:00:31.453Z] batch=field-waveform-1789696794423-8 D2 MODE_SWITCH_START state=MODE_SWITCHING attempts=1 streak=0 attempt=1
[2026-09-18T02:00:31.455Z] batch=field-waveform-1789696794423-8 D2 MODE_SWITCH_OK state=MODE_SWITCH_OK attempts=1 streak=0
[2026-09-18T02:00:31.456Z] batch=field-waveform-1789696794423-8 D5 MODE_SWITCH_START state=MODE_SWITCHING attempts=1 streak=0 attempt=1
[2026-09-18T02:00:31.457Z] batch=field-waveform-1789696794423-8 D5 MODE_SWITCH_OK state=MODE_SWITCH_OK attempts=1 streak=0
[2026-09-18T02:00:31.457Z] batch=field-waveform-1789696794423-8 D4 MODE_SWITCH_START state=MODE_SWITCHING attempts=1 streak=0 attempt=1
[2026-09-18T02:00:31.458Z] batch=field-waveform-1789696794423-8 D4 MODE_SWITCH_OK state=MODE_SWITCH_OK attempts=1 streak=0
[2026-09-18T02:00:41.454Z] batch=field-waveform-1789696794423-8 D1 MODE_SWITCH_START state=MODE_SWITCHING attempts=1 streak=0 attempt=1
[2026-09-18T02:00:41.455Z] batch=field-waveform-1789696794423-8 D1 MODE_SWITCH_OK state=MODE_SWITCH_OK attempts=1 streak=0
[2026-09-18T02:00:41.456Z] batch=field-waveform-1789696794423-8 D3 MODE_SWITCH_START state=MODE_SWITCHING attempts=1 streak=0 attempt=1
[2026-09-18T02:00:41.457Z] batch=field-waveform-1789696794423-8 D3 MODE_SWITCH_OK state=MODE_SWITCH_OK attempts=1 streak=0
[2026-09-18T02:00:41.458Z] batch=field-waveform-1789696794423-8 D6 MODE_SWITCH_START state=MODE_SWITCHING attempts=1 streak=0 attempt=1
[2026-09-18T02:00:41.459Z] batch=field-waveform-1789696794423-8 D6 MODE_SWITCH_OK state=MODE_SWITCH_OK attempts=1 streak=0
[2026-09-18T02:00:41.461Z] batch=field-waveform-1789696794423-8 D2 MODE_SWITCH_START state=MODE_SWITCHING attempts=1 streak=0 attempt=1
[2026-09-18T02:00:41.462Z] batch=field-waveform-1789696794423-8 D2 MODE_SWITCH_OK state=MODE_SWITCH_OK attempts=1 streak=0
[2026-09-18T02:00:41.463Z] batch=field-waveform-1789696794423-8 D5 MODE_SWITCH_START state=MODE_SWITCHING attempts=1 streak=0 attempt=1
[2026-09-18T02:00:41.464Z] batch=field-waveform-1789696794423-8 D5 MODE_SWITCH_OK state=MODE_SWITCH_OK attempts=1 streak=0
[2026-09-18T02:00:41.465Z] batch=field-waveform-1789696794423-8 D4 MODE_SWITCH_START state=MODE_SWITCHING attempts=1 streak=0 attempt=1
[2026-09-18T02:00:41.466Z] batch=field-waveform-1789696794423-8 D4 MODE_SWITCH_OK state=MODE_SWITCH_OK attempts=1 streak=0
[2026-09-18T02:00:51.459Z] batch=field-waveform-1789696794423-8 D1 MODE_SWITCH_START state=MODE_SWITCHING attempts=1 streak=0 attempt=1
[2026-09-18T02:00:51.462Z] batch=field-waveform-1789696794423-8 D1 MODE_SWITCH_OK state=MODE_SWITCH_OK attempts=1 streak=0
[2026-09-18T02:00:51.463Z] batch=field-waveform-1789696794423-8 D3 MODE_SWITCH_START state=MODE_SWITCHING attempts=1 streak=0 attempt=1
[2026-09-18T02:00:51.464Z] batch=field-waveform-1789696794423-8 D3 MODE_SWITCH_OK state=MODE_SWITCH_OK attempts=1 streak=0
[2026-09-18T02:00:51.466Z] batch=field-waveform-1789696794423-8 D6 MODE_SWITCH_START state=MODE_SWITCHING attempts=1 streak=0 attempt=1
[2026-09-18T02:00:51.478Z] batch=field-waveform-1789696794423-8 D6 MODE_SWITCH_OK state=MODE_SWITCH_OK attempts=1 streak=0
[2026-09-18T02:00:51.479Z] batch=field-waveform-1789696794423-8 D2 MODE_SWITCH_START state=MODE_SWITCHING attempts=1 streak=0 attempt=1
[2026-09-18T02:00:51.479Z] batch=field-waveform-1789696794423-8 D2 MODE_SWITCH_OK state=MODE_SWITCH_OK attempts=1 streak=0
[2026-09-18T02:00:51.480Z] batch=field-waveform-1789696794423-8 D5 MODE_SWITCH_START state=MODE_SWITCHING attempts=1 streak=0 attempt=1
[2026-09-18T02:00:51.481Z] batch=field-waveform-1789696794423-8 D5 MODE_SWITCH_OK state=MODE_SWITCH_OK attempts=1 streak=0
[2026-09-18T02:00:51.481Z] batch=field-waveform-1789696794423-8 D4 MODE_SWITCH_START state=MODE_SWITCHING attempts=1 streak=0 attempt=1
[2026-09-18T02:00:51.482Z] batch=field-waveform-1789696794423-8 D4 MODE_SWITCH_OK state=MODE_SWITCH_OK attempts=1 streak=0
[2026-09-18T02:00:56.508Z] batch=field-waveform-1789696794423-8 D1 FIRST_FRAME state=FIRST_FRAME_RECEIVED attempts=1 streak=1
[2026-09-18T02:00:56.509Z] batch=field-waveform-1789696794423-8 D1 FIRST_VALID_SAMPLE state=FIRST_FRAME_RECEIVED attempts=1 streak=1
[2026-09-18T02:00:56.516Z] batch=field-waveform-1789696794423-8 D3 FIRST_FRAME state=FIRST_FRAME_RECEIVED attempts=1 streak=1
[2026-09-18T02:00:56.516Z] batch=field-waveform-1789696794423-8 D3 FIRST_VALID_SAMPLE state=FIRST_FRAME_RECEIVED attempts=1 streak=1
[2026-09-18T02:00:56.527Z] batch=field-waveform-1789696794423-8 D2 FIRST_FRAME state=FIRST_FRAME_RECEIVED attempts=1 streak=1
[2026-09-18T02:00:56.527Z] batch=field-waveform-1789696794423-8 D2 FIRST_VALID_SAMPLE state=FIRST_FRAME_RECEIVED attempts=1 streak=1
[2026-09-18T02:00:56.528Z] batch=field-waveform-1789696794423-8 D4 FIRST_FRAME state=FIRST_FRAME_RECEIVED attempts=1 streak=1
[2026-09-18T02:00:56.529Z] batch=field-waveform-1789696794423-8 D4 FIRST_VALID_SAMPLE state=FIRST_FRAME_RECEIVED attempts=1 streak=1
[2026-09-18T02:00:56.533Z] batch=field-waveform-1789696794423-8 D6 FIRST_FRAME state=FIRST_FRAME_RECEIVED attempts=1 streak=1
[2026-09-18T02:00:56.534Z] batch=field-waveform-1789696794423-8 D6 FIRST_VALID_SAMPLE state=FIRST_FRAME_RECEIVED attempts=1 streak=1
[2026-09-18T02:00:56.537Z] batch=field-waveform-1789696794423-8 D5 FIRST_FRAME state=FIRST_FRAME_RECEIVED attempts=1 streak=1
[2026-09-18T02:00:56.537Z] batch=field-waveform-1789696794423-8 D5 FIRST_VALID_SAMPLE state=FIRST_FRAME_RECEIVED attempts=1 streak=1
[2026-09-18T02:00:56.764Z] batch=field-waveform-1789696794423-8 D1 CHANNEL_SYNC_OK state=TEST_READY attempts=1 streak=5
[2026-09-18T02:00:56.765Z] batch=field-waveform-1789696794423-8 D1 TEST_READY state=TEST_READY attempts=1 streak=5
[2026-09-18T02:00:56.768Z] batch=field-waveform-1789696794423-8 D3 CHANNEL_SYNC_OK state=TEST_READY attempts=1 streak=5
[2026-09-18T02:00:56.768Z] batch=field-waveform-1789696794423-8 D3 TEST_READY state=TEST_READY attempts=1 streak=5
[2026-09-18T02:00:56.795Z] batch=field-waveform-1789696794423-8 D2 CHANNEL_SYNC_OK state=TEST_READY attempts=1 streak=5
[2026-09-18T02:00:56.795Z] batch=field-waveform-1789696794423-8 D2 TEST_READY state=TEST_READY attempts=1 streak=5
[2026-09-18T02:00:56.796Z] batch=field-waveform-1789696794423-8 D4 CHANNEL_SYNC_OK state=TEST_READY attempts=1 streak=5
[2026-09-18T02:00:56.798Z] batch=field-waveform-1789696794423-8 D4 TEST_READY state=TEST_READY attempts=1 streak=5
[2026-09-18T02:00:56.798Z] batch=field-waveform-1789696794423-8 D5 CHANNEL_SYNC_OK state=TEST_READY attempts=1 streak=5
[2026-09-18T02:00:56.799Z] batch=field-waveform-1789696794423-8 D5 TEST_READY state=TEST_READY attempts=1 streak=5
[2026-09-18T02:00:56.799Z] batch=field-waveform-1789696794423-8 D6 CHANNEL_SYNC_OK state=TEST_READY attempts=1 streak=5
[2026-09-18T02:00:56.800Z] batch=field-waveform-1789696794423-8 D6 TEST_READY state=TEST_READY attempts=1 streak=5
[2026-09-18T02:01:49.263Z] batch=field-waveform-1789696794423-8 D3 MODE_SWITCH_START state=MODE_SWITCHING attempts=1 streak=0 attempt=1
[2026-09-18T02:01:49.264Z] batch=field-waveform-1789696794423-8 D3 MODE_SWITCH_OK state=MODE_SWITCH_OK attempts=1 streak=0
[2026-09-18T02:01:49.489Z] batch=field-waveform-1789696794423-8 D1 MODE_SWITCH_START state=MODE_SWITCHING attempts=1 streak=0 attempt=1
[2026-09-18T02:01:49.497Z] batch=field-waveform-1789696794423-8 D1 MODE_SWITCH_OK state=MODE_SWITCH_OK attempts=1 streak=0
[2026-09-18T02:01:49.505Z] batch=field-waveform-1789696794423-8 D2 MODE_SWITCH_START state=MODE_SWITCHING attempts=1 streak=0 attempt=1
[2026-09-18T02:01:49.506Z] batch=field-waveform-1789696794423-8 D2 MODE_SWITCH_OK state=MODE_SWITCH_OK attempts=1 streak=0
[2026-09-18T02:01:49.509Z] batch=field-waveform-1789696794423-8 D4 MODE_SWITCH_START state=MODE_SWITCHING attempts=1 streak=0 attempt=1
[2026-09-18T02:01:49.511Z] batch=field-waveform-1789696794423-8 D4 MODE_SWITCH_OK state=MODE_SWITCH_OK attempts=1 streak=0
[2026-09-18T02:01:49.513Z] batch=field-waveform-1789696794423-8 D6 MODE_SWITCH_START state=MODE_SWITCHING attempts=1 streak=0 attempt=1
[2026-09-18T02:01:49.514Z] batch=field-waveform-1789696794423-8 D6 MODE_SWITCH_OK state=MODE_SWITCH_OK attempts=1 streak=0
[2026-09-18T02:01:49.519Z] batch=field-waveform-1789696794423-8 D5 MODE_SWITCH_START state=MODE_SWITCHING attempts=1 streak=0 attempt=1
[2026-09-18T02:01:49.521Z] batch=field-waveform-1789696794423-8 D5 MODE_SWITCH_OK state=MODE_SWITCH_OK attempts=1 streak=0
[2026-09-18T02:01:59.332Z] batch=field-waveform-1789696794423-8 D3 MODE_SWITCH_START state=MODE_SWITCHING attempts=1 streak=0 attempt=1
[2026-09-18T02:01:59.333Z] batch=field-waveform-1789696794423-8 D3 MODE_SWITCH_OK state=MODE_SWITCH_OK attempts=1 streak=0
[2026-09-18T02:01:59.548Z] batch=field-waveform-1789696794423-8 D1 MODE_SWITCH_START state=MODE_SWITCHING attempts=1 streak=0 attempt=1
[2026-09-18T02:01:59.550Z] batch=field-waveform-1789696794423-8 D1 MODE_SWITCH_OK state=MODE_SWITCH_OK attempts=1 streak=0
[2026-09-18T02:01:59.553Z] batch=field-waveform-1789696794423-8 D2 MODE_SWITCH_START state=MODE_SWITCHING attempts=1 streak=0 attempt=1
[2026-09-18T02:01:59.554Z] batch=field-waveform-1789696794423-8 D2 MODE_SWITCH_OK state=MODE_SWITCH_OK attempts=1 streak=0
[2026-09-18T02:01:59.557Z] batch=field-waveform-1789696794423-8 D4 MODE_SWITCH_START state=MODE_SWITCHING attempts=1 streak=0 attempt=1
[2026-09-18T02:01:59.557Z] batch=field-waveform-1789696794423-8 D4 MODE_SWITCH_OK state=MODE_SWITCH_OK attempts=1 streak=0
[2026-09-18T02:01:59.561Z] batch=field-waveform-1789696794423-8 D6 MODE_SWITCH_START state=MODE_SWITCHING attempts=1 streak=0 attempt=1
[2026-09-18T02:01:59.561Z] batch=field-waveform-1789696794423-8 D6 MODE_SWITCH_OK state=MODE_SWITCH_OK attempts=1 streak=0
[2026-09-18T02:01:59.564Z] batch=field-waveform-1789696794423-8 D5 MODE_SWITCH_START state=MODE_SWITCHING attempts=1 streak=0 attempt=1
[2026-09-18T02:01:59.565Z] batch=field-waveform-1789696794423-8 D5 MODE_SWITCH_OK state=MODE_SWITCH_OK attempts=1 streak=0
[2026-09-18T02:02:04.467Z] batch=field-waveform-1789696794423-8 D3 FIRST_FRAME state=FIRST_FRAME_RECEIVED attempts=1 streak=1
[2026-09-18T02:02:04.468Z] batch=field-waveform-1789696794423-8 D3 FIRST_VALID_SAMPLE state=FIRST_FRAME_RECEIVED attempts=1 streak=1
[2026-09-18T02:02:04.689Z] batch=field-waveform-1789696794423-8 D3 CHANNEL_SYNC_OK state=TEST_READY attempts=1 streak=5
[2026-09-18T02:02:04.690Z] batch=field-waveform-1789696794423-8 D3 TEST_READY state=TEST_READY attempts=1 streak=5
[2026-09-18T02:02:04.691Z] batch=field-waveform-1789696794423-8 D4 FIRST_FRAME state=FIRST_FRAME_RECEIVED attempts=1 streak=1
[2026-09-18T02:02:04.691Z] batch=field-waveform-1789696794423-8 D4 FIRST_VALID_SAMPLE state=FIRST_FRAME_RECEIVED attempts=1 streak=1
[2026-09-18T02:02:04.692Z] batch=field-waveform-1789696794423-8 D6 FIRST_FRAME state=FIRST_FRAME_RECEIVED attempts=1 streak=1
[2026-09-18T02:02:04.692Z] batch=field-waveform-1789696794423-8 D6 FIRST_VALID_SAMPLE state=FIRST_FRAME_RECEIVED attempts=1 streak=1
[2026-09-18T02:02:04.693Z] batch=field-waveform-1789696794423-8 D1 FIRST_FRAME state=FIRST_FRAME_RECEIVED attempts=1 streak=1
[2026-09-18T02:02:04.693Z] batch=field-waveform-1789696794423-8 D1 FIRST_VALID_SAMPLE state=FIRST_FRAME_RECEIVED attempts=1 streak=1
[2026-09-18T02:02:04.694Z] batch=field-waveform-1789696794423-8 D2 FIRST_FRAME state=FIRST_FRAME_RECEIVED attempts=1 streak=1
[2026-09-18T02:02:04.694Z] batch=field-waveform-1789696794423-8 D2 FIRST_VALID_SAMPLE state=FIRST_FRAME_RECEIVED attempts=1 streak=1
[2026-09-18T02:02:04.695Z] batch=field-waveform-1789696794423-8 D5 FIRST_FRAME state=FIRST_FRAME_RECEIVED attempts=1 streak=1
[2026-09-18T02:02:04.695Z] batch=field-waveform-1789696794423-8 D5 FIRST_VALID_SAMPLE state=FIRST_FRAME_RECEIVED attempts=1 streak=1
[2026-09-18T02:02:04.929Z] batch=field-waveform-1789696794423-8 D4 CHANNEL_SYNC_OK state=TEST_READY attempts=1 streak=5
[2026-09-18T02:02:04.930Z] batch=field-waveform-1789696794423-8 D4 TEST_READY state=TEST_READY attempts=1 streak=5
[2026-09-18T02:02:04.931Z] batch=field-waveform-1789696794423-8 D6 CHANNEL_SYNC_OK state=TEST_READY attempts=1 streak=5
[2026-09-18T02:02:04.931Z] batch=field-waveform-1789696794423-8 D6 TEST_READY state=TEST_READY attempts=1 streak=5
[2026-09-18T02:02:04.933Z] batch=field-waveform-1789696794423-8 D1 CHANNEL_SYNC_OK state=TEST_READY attempts=1 streak=5
[2026-09-18T02:02:04.933Z] batch=field-waveform-1789696794423-8 D1 TEST_READY state=TEST_READY attempts=1 streak=5
[2026-09-18T02:02:04.935Z] batch=field-waveform-1789696794423-8 D2 CHANNEL_SYNC_OK state=TEST_READY attempts=1 streak=5
[2026-09-18T02:02:04.935Z] batch=field-waveform-1789696794423-8 D2 TEST_READY state=TEST_READY attempts=1 streak=5
[2026-09-18T02:02:04.936Z] batch=field-waveform-1789696794423-8 D5 CHANNEL_SYNC_OK state=TEST_READY attempts=1 streak=5
[2026-09-18T02:02:04.936Z] batch=field-waveform-1789696794423-8 D5 TEST_READY state=TEST_READY attempts=1 streak=5
