[2026-09-18T03:26:18.266Z] batch=field-waveform-1789701819309-34 D5 MODE_SWITCH_START state=MODE_SWITCHING attempts=1 streak=0 attempt=1
[2026-09-18T03:26:18.267Z] batch=field-waveform-1789701819309-34 D5 MODE_SWITCH_OK state=MODE_SWITCH_OK attempts=1 streak=0
[2026-09-18T03:26:18.273Z] batch=field-waveform-1789701819309-34 D3 MODE_SWITCH_START state=MODE_SWITCHING attempts=1 streak=0 attempt=1
[2026-09-18T03:26:18.274Z] batch=field-waveform-1789701819309-34 D3 MODE_SWITCH_OK state=MODE_SWITCH_OK attempts=1 streak=0
[2026-09-18T03:26:18.280Z] batch=field-waveform-1789701819309-34 D4 MODE_SWITCH_START state=MODE_SWITCHING attempts=1 streak=0 attempt=1
[2026-09-18T03:26:18.282Z] batch=field-waveform-1789701819309-34 D4 MODE_SWITCH_OK state=MODE_SWITCH_OK attempts=1 streak=0
[2026-09-18T03:26:18.290Z] batch=field-waveform-1789701819309-34 D6 MODE_SWITCH_START state=MODE_SWITCHING attempts=1 streak=0 attempt=1
[2026-09-18T03:26:18.291Z] batch=field-waveform-1789701819309-34 D6 MODE_SWITCH_OK state=MODE_SWITCH_OK attempts=1 streak=0
[2026-09-18T03:26:18.297Z] batch=field-waveform-1789701819309-34 D2 MODE_SWITCH_START state=MODE_SWITCHING attempts=1 streak=0 attempt=1
[2026-09-18T03:26:18.299Z] batch=field-waveform-1789701819309-34 D2 MODE_SWITCH_OK state=MODE_SWITCH_OK attempts=1 streak=0
[2026-09-18T03:26:18.304Z] batch=field-waveform-1789701819309-34 D1 MODE_SWITCH_START state=MODE_SWITCHING attempts=1 streak=0 attempt=1
[2026-09-18T03:26:18.305Z] batch=field-waveform-1789701819309-34 D1 MODE_SWITCH_OK state=MODE_SWITCH_OK attempts=1 streak=0
[2026-09-18T03:26:22.858Z] batch=field-waveform-1789701982856-35 D1 MODE_SWITCH_START state=MODE_SWITCHING attempts=1 streak=0 attempt=1
[2026-09-18T03:26:22.860Z] batch=field-waveform-1789701982856-35 D2 MODE_SWITCH_START state=MODE_SWITCHING attempts=1 streak=0 attempt=1
[2026-09-18T03:26:22.862Z] batch=field-waveform-1789701982856-35 D3 MODE_SWITCH_START state=MODE_SWITCHING attempts=1 streak=0 attempt=1
[2026-09-18T03:26:22.863Z] batch=field-waveform-1789701982856-35 D4 MODE_SWITCH_START state=MODE_SWITCHING attempts=1 streak=0 attempt=1
[2026-09-18T03:26:22.864Z] batch=field-waveform-1789701982856-35 D5 MODE_SWITCH_START state=MODE_SWITCHING attempts=1 streak=0 attempt=1
[2026-09-18T03:26:22.865Z] batch=field-waveform-1789701982856-35 D6 MODE_SWITCH_START state=MODE_SWITCHING attempts=1 streak=0 attempt=1
[2026-09-18T03:26:22.868Z] batch=field-waveform-1789701982856-35 D1 MODE_SWITCH_OK state=MODE_SWITCH_OK attempts=1 streak=0
[2026-09-18T03:26:22.869Z] batch=field-waveform-1789701982856-35 D2 MODE_SWITCH_OK state=MODE_SWITCH_OK attempts=1 streak=0
[2026-09-18T03:26:22.869Z] batch=field-waveform-1789701982856-35 D3 MODE_SWITCH_OK state=MODE_SWITCH_OK attempts=1 streak=0
[2026-09-18T03:26:22.870Z] batch=field-waveform-1789701982856-35 D4 MODE_SWITCH_OK state=MODE_SWITCH_OK attempts=1 streak=0
[2026-09-18T03:26:22.876Z] batch=field-waveform-1789701982856-35 D5 MODE_SWITCH_OK state=MODE_SWITCH_OK attempts=1 streak=0
[2026-09-18T03:26:22.877Z] batch=field-waveform-1789701982856-35 D6 MODE_SWITCH_OK state=MODE_SWITCH_OK attempts=1 streak=0
[2026-09-18T03:26:28.275Z] batch=field-waveform-1789701982856-35 D5 MODE_SWITCH_START state=MODE_SWITCHING attempts=1 streak=0 attempt=1
[2026-09-18T03:26:28.277Z] batch=field-waveform-1789701982856-35 D5 MODE_SWITCH_OK state=MODE_SWITCH_OK attempts=1 streak=0
[2026-09-18T03:26:28.278Z] batch=field-waveform-1789701982856-35 D3 MODE_SWITCH_START state=MODE_SWITCHING attempts=1 streak=0 attempt=1
[2026-09-18T03:26:28.279Z] batch=field-waveform-1789701982856-35 D3 MODE_SWITCH_OK state=MODE_SWITCH_OK attempts=1 streak=0
[2026-09-18T03:26:28.290Z] batch=field-waveform-1789701982856-35 D4 MODE_SWITCH_START state=MODE_SWITCHING attempts=1 streak=0 attempt=1
[2026-09-18T03:26:28.292Z] batch=field-waveform-1789701982856-35 D4 MODE_SWITCH_OK state=MODE_SWITCH_OK attempts=1 streak=0
[2026-09-18T03:26:28.294Z] batch=field-waveform-1789701982856-35 D6 MODE_SWITCH_START state=MODE_SWITCHING attempts=1 streak=0 attempt=1
[2026-09-18T03:26:28.295Z] batch=field-waveform-1789701982856-35 D6 MODE_SWITCH_OK state=MODE_SWITCH_OK attempts=1 streak=0
[2026-09-18T03:26:28.305Z] batch=field-waveform-1789701982856-35 D2 MODE_SWITCH_START state=MODE_SWITCHING attempts=1 streak=0 attempt=1
[2026-09-18T03:26:28.307Z] batch=field-waveform-1789701982856-35 D2 MODE_SWITCH_OK state=MODE_SWITCH_OK attempts=1 streak=0
[2026-09-18T03:26:28.308Z] batch=field-waveform-1789701982856-35 D1 MODE_SWITCH_START state=MODE_SWITCHING attempts=1 streak=0 attempt=1
[2026-09-18T03:26:28.309Z] batch=field-waveform-1789701982856-35 D1 MODE_SWITCH_OK state=MODE_SWITCH_OK attempts=1 streak=0
[2026-09-18T03:26:38.287Z] batch=field-waveform-1789701982856-35 D5 MODE_SWITCH_START state=MODE_SWITCHING attempts=1 streak=0 attempt=1
[2026-09-18T03:26:38.289Z] batch=field-waveform-1789701982856-35 D5 MODE_SWITCH_OK state=MODE_SWITCH_OK attempts=1 streak=0
[2026-09-18T03:26:38.291Z] batch=field-waveform-1789701982856-35 D3 MODE_SWITCH_START state=MODE_SWITCHING attempts=1 streak=0 attempt=1
[2026-09-18T03:26:38.292Z] batch=field-waveform-1789701982856-35 D3 MODE_SWITCH_OK state=MODE_SWITCH_OK attempts=1 streak=0
[2026-09-18T03:26:38.293Z] batch=field-waveform-1789701982856-35 D4 MODE_SWITCH_START state=MODE_SWITCHING attempts=1 streak=0 attempt=1
[2026-09-18T03:26:38.294Z] batch=field-waveform-1789701982856-35 D4 MODE_SWITCH_OK state=MODE_SWITCH_OK attempts=1 streak=0
[2026-09-18T03:26:38.296Z] batch=field-waveform-1789701982856-35 D6 MODE_SWITCH_START state=MODE_SWITCHING attempts=1 streak=0 attempt=1
[2026-09-18T03:26:38.297Z] batch=field-waveform-1789701982856-35 D6 MODE_SWITCH_OK state=MODE_SWITCH_OK attempts=1 streak=0
[2026-09-18T03:26:38.318Z] batch=field-waveform-1789701982856-35 D2 MODE_SWITCH_START state=MODE_SWITCHING attempts=1 streak=0 attempt=1
[2026-09-18T03:26:38.320Z] batch=field-waveform-1789701982856-35 D2 MODE_SWITCH_OK state=MODE_SWITCH_OK attempts=1 streak=0
[2026-09-18T03:26:38.322Z] batch=field-waveform-1789701982856-35 D1 MODE_SWITCH_START state=MODE_SWITCHING attempts=1 streak=0 attempt=1
[2026-09-18T03:26:38.323Z] batch=field-waveform-1789701982856-35 D1 MODE_SWITCH_OK state=MODE_SWITCH_OK attempts=1 streak=0
[2026-09-18T03:26:48.299Z] batch=field-waveform-1789701982856-35 D5 MODE_SWITCH_START state=MODE_SWITCHING attempts=1 streak=0 attempt=1
[2026-09-18T03:26:48.303Z] batch=field-waveform-1789701982856-35 D5 MODE_SWITCH_OK state=MODE_SWITCH_OK attempts=1 streak=0
[2026-09-18T03:26:48.303Z] batch=field-waveform-1789701982856-35 D3 MODE_SWITCH_START state=MODE_SWITCHING attempts=1 streak=0 attempt=1
[2026-09-18T03:26:48.304Z] batch=field-waveform-1789701982856-35 D3 MODE_SWITCH_OK state=MODE_SWITCH_OK attempts=1 streak=0
[2026-09-18T03:26:48.305Z] batch=field-waveform-1789701982856-35 D4 MODE_SWITCH_START state=MODE_SWITCHING attempts=1 streak=0 attempt=1
[2026-09-18T03:26:48.305Z] batch=field-waveform-1789701982856-35 D4 MODE_SWITCH_OK state=MODE_SWITCH_OK attempts=1 streak=0
[2026-09-18T03:26:48.306Z] batch=field-waveform-1789701982856-35 D6 MODE_SWITCH_START state=MODE_SWITCHING attempts=1 streak=0 attempt=1
[2026-09-18T03:26:48.307Z] batch=field-waveform-1789701982856-35 D6 MODE_SWITCH_OK state=MODE_SWITCH_OK attempts=1 streak=0
[2026-09-18T03:26:48.324Z] batch=field-waveform-1789701982856-35 D2 MODE_SWITCH_START state=MODE_SWITCHING attempts=1 streak=0 attempt=1
[2026-09-18T03:26:48.326Z] batch=field-waveform-1789701982856-35 D2 MODE_SWITCH_OK state=MODE_SWITCH_OK attempts=1 streak=0
[2026-09-18T03:26:48.327Z] batch=field-waveform-1789701982856-35 D1 MODE_SWITCH_START state=MODE_SWITCHING attempts=1 streak=0 attempt=1
[2026-09-18T03:26:48.330Z] batch=field-waveform-1789701982856-35 D1 MODE_SWITCH_OK state=MODE_SWITCH_OK attempts=1 streak=0
[2026-09-18T03:26:53.375Z] batch=field-waveform-1789701982856-35 D2 FIRST_FRAME state=FIRST_FRAME_RECEIVED attempts=1 streak=1
[2026-09-18T03:26:53.376Z] batch=field-waveform-1789701982856-35 D2 FIRST_VALID_SAMPLE state=FIRST_FRAME_RECEIVED attempts=1 streak=1
[2026-09-18T03:26:53.377Z] batch=field-waveform-1789701982856-35 D3 FIRST_FRAME state=FIRST_FRAME_RECEIVED attempts=1 streak=1
[2026-09-18T03:26:53.377Z] batch=field-waveform-1789701982856-35 D3 FIRST_VALID_SAMPLE state=FIRST_FRAME_RECEIVED attempts=1 streak=1
[2026-09-18T03:26:53.394Z] batch=field-waveform-1789701982856-35 D1 FIRST_FRAME state=FIRST_FRAME_RECEIVED attempts=1 streak=1
[2026-09-18T03:26:53.394Z] batch=field-waveform-1789701982856-35 D1 FIRST_VALID_SAMPLE state=FIRST_FRAME_RECEIVED attempts=1 streak=1
[2026-09-18T03:26:53.396Z] batch=field-waveform-1789701982856-35 D6 FIRST_FRAME state=FIRST_FRAME_RECEIVED attempts=1 streak=1
[2026-09-18T03:26:53.397Z] batch=field-waveform-1789701982856-35 D6 FIRST_VALID_SAMPLE state=FIRST_FRAME_RECEIVED attempts=1 streak=1
[2026-09-18T03:26:53.397Z] batch=field-waveform-1789701982856-35 D5 FIRST_FRAME state=FIRST_FRAME_RECEIVED attempts=1 streak=1
[2026-09-18T03:26:53.398Z] batch=field-waveform-1789701982856-35 D5 FIRST_VALID_SAMPLE state=FIRST_FRAME_RECEIVED attempts=1 streak=1
[2026-09-18T03:26:53.398Z] batch=field-waveform-1789701982856-35 D4 FIRST_FRAME state=FIRST_FRAME_RECEIVED attempts=1 streak=1
[2026-09-18T03:26:53.399Z] batch=field-waveform-1789701982856-35 D4 FIRST_VALID_SAMPLE state=FIRST_FRAME_RECEIVED attempts=1 streak=1
[2026-09-18T03:26:53.613Z] batch=field-waveform-1789701982856-35 D2 CHANNEL_SYNC_OK state=TEST_READY attempts=1 streak=5
[2026-09-18T03:26:53.614Z] batch=field-waveform-1789701982856-35 D2 TEST_READY state=TEST_READY attempts=1 streak=5
[2026-09-18T03:26:53.616Z] batch=field-waveform-1789701982856-35 D3 CHANNEL_SYNC_OK state=TEST_READY attempts=1 streak=5
[2026-09-18T03:26:53.616Z] batch=field-waveform-1789701982856-35 D3 TEST_READY state=TEST_READY attempts=1 streak=5
[2026-09-18T03:26:53.630Z] batch=field-waveform-1789701982856-35 D5 CHANNEL_SYNC_OK state=TEST_READY attempts=1 streak=5
[2026-09-18T03:26:53.630Z] batch=field-waveform-1789701982856-35 D5 TEST_READY state=TEST_READY attempts=1 streak=5
[2026-09-18T03:26:53.632Z] batch=field-waveform-1789701982856-35 D1 CHANNEL_SYNC_OK state=TEST_READY attempts=1 streak=5
[2026-09-18T03:26:53.632Z] batch=field-waveform-1789701982856-35 D1 TEST_READY state=TEST_READY attempts=1 streak=5
[2026-09-18T03:26:53.634Z] batch=field-waveform-1789701982856-35 D6 CHANNEL_SYNC_OK state=TEST_READY attempts=1 streak=5
[2026-09-18T03:26:53.634Z] batch=field-waveform-1789701982856-35 D6 TEST_READY state=TEST_READY attempts=1 streak=5
[2026-09-18T03:26:53.652Z] batch=field-waveform-1789701982856-35 D4 CHANNEL_SYNC_OK state=TEST_READY attempts=1 streak=5
[2026-09-18T03:26:53.652Z] batch=field-waveform-1789701982856-35 D4 TEST_READY state=TEST_READY attempts=1 streak=5
[2026-09-18T03:27:03.993Z] batch=field-waveform-1789701982856-35 D2 MODE_SWITCH_START state=MODE_SWITCHING attempts=1 streak=0 attempt=1
[2026-09-18T03:27:04.000Z] batch=field-waveform-1789701982856-35 D2 MODE_SWITCH_OK state=MODE_SWITCH_OK attempts=1 streak=0
[2026-09-18T03:27:04.002Z] batch=field-waveform-1789701982856-35 D3 MODE_SWITCH_START state=MODE_SWITCHING attempts=1 streak=0 attempt=1
[2026-09-18T03:27:04.004Z] batch=field-waveform-1789701982856-35 D3 MODE_SWITCH_OK state=MODE_SWITCH_OK attempts=1 streak=0
[2026-09-18T03:27:04.006Z] batch=field-waveform-1789701982856-35 D1 MODE_SWITCH_START state=MODE_SWITCHING attempts=1 streak=0 attempt=1
[2026-09-18T03:27:04.008Z] batch=field-waveform-1789701982856-35 D1 MODE_SWITCH_OK state=MODE_SWITCH_OK attempts=1 streak=0
[2026-09-18T03:27:04.010Z] batch=field-waveform-1789701982856-35 D6 MODE_SWITCH_START state=MODE_SWITCHING attempts=1 streak=0 attempt=1
[2026-09-18T03:27:04.014Z] batch=field-waveform-1789701982856-35 D6 MODE_SWITCH_OK state=MODE_SWITCH_OK attempts=1 streak=0
[2026-09-18T03:27:04.015Z] batch=field-waveform-1789701982856-35 D5 MODE_SWITCH_START state=MODE_SWITCHING attempts=1 streak=0 attempt=1
[2026-09-18T03:27:04.017Z] batch=field-waveform-1789701982856-35 D5 MODE_SWITCH_OK state=MODE_SWITCH_OK attempts=1 streak=0
[2026-09-18T03:27:04.020Z] batch=field-waveform-1789701982856-35 D4 MODE_SWITCH_START state=MODE_SWITCHING attempts=1 streak=0 attempt=1
[2026-09-18T03:27:04.021Z] batch=field-waveform-1789701982856-35 D4 MODE_SWITCH_OK state=MODE_SWITCH_OK attempts=1 streak=0
[2026-09-18T03:27:09.050Z] batch=field-waveform-1789701982856-35 D2 FIRST_FRAME state=FIRST_FRAME_RECEIVED attempts=1 streak=1
[2026-09-18T03:27:09.050Z] batch=field-waveform-1789701982856-35 D2 FIRST_VALID_SAMPLE state=FIRST_FRAME_RECEIVED attempts=1 streak=1
[2026-09-18T03:27:09.059Z] batch=field-waveform-1789701982856-35 D3 FIRST_FRAME state=FIRST_FRAME_RECEIVED attempts=1 streak=1
[2026-09-18T03:27:09.059Z] batch=field-waveform-1789701982856-35 D3 FIRST_VALID_SAMPLE state=FIRST_FRAME_RECEIVED attempts=1 streak=1
[2026-09-18T03:27:09.076Z] batch=field-waveform-1789701982856-35 D1 FIRST_FRAME state=FIRST_FRAME_RECEIVED attempts=1 streak=1
[2026-09-18T03:27:09.077Z] batch=field-waveform-1789701982856-35 D1 FIRST_VALID_SAMPLE state=FIRST_FRAME_RECEIVED attempts=1 streak=1
[2026-09-18T03:27:09.078Z] batch=field-waveform-1789701982856-35 D4 FIRST_FRAME state=FIRST_FRAME_RECEIVED attempts=1 streak=1
[2026-09-18T03:27:09.078Z] batch=field-waveform-1789701982856-35 D4 FIRST_VALID_SAMPLE state=FIRST_FRAME_RECEIVED attempts=1 streak=1
[2026-09-18T03:27:09.079Z] batch=field-waveform-1789701982856-35 D5 FIRST_FRAME state=FIRST_FRAME_RECEIVED attempts=1 streak=1
[2026-09-18T03:27:09.079Z] batch=field-waveform-1789701982856-35 D5 FIRST_VALID_SAMPLE state=FIRST_FRAME_RECEIVED attempts=1 streak=1
[2026-09-18T03:27:09.080Z] batch=field-waveform-1789701982856-35 D6 FIRST_FRAME state=FIRST_FRAME_RECEIVED attempts=1 streak=1
[2026-09-18T03:27:09.080Z] batch=field-waveform-1789701982856-35 D6 FIRST_VALID_SAMPLE state=FIRST_FRAME_RECEIVED attempts=1 streak=1
[2026-09-18T03:27:09.304Z] batch=field-waveform-1789701982856-35 D2 CHANNEL_SYNC_OK state=TEST_READY attempts=1 streak=5
[2026-09-18T03:27:09.305Z] batch=field-waveform-1789701982856-35 D2 TEST_READY state=TEST_READY attempts=1 streak=5
[2026-09-18T03:27:09.308Z] batch=field-waveform-1789701982856-35 D3 CHANNEL_SYNC_OK state=TEST_READY attempts=1 streak=5
[2026-09-18T03:27:09.308Z] batch=field-waveform-1789701982856-35 D3 TEST_READY state=TEST_READY attempts=1 streak=5
[2026-09-18T03:27:09.336Z] batch=field-waveform-1789701982856-35 D5 CHANNEL_SYNC_OK state=TEST_READY attempts=1 streak=5
[2026-09-18T03:27:09.336Z] batch=field-waveform-1789701982856-35 D5 TEST_READY state=TEST_READY attempts=1 streak=5
[2026-09-18T03:27:09.338Z] batch=field-waveform-1789701982856-35 D1 CHANNEL_SYNC_OK state=TEST_READY attempts=1 streak=5
[2026-09-18T03:27:09.338Z] batch=field-waveform-1789701982856-35 D1 TEST_READY state=TEST_READY attempts=1 streak=5
[2026-09-18T03:27:09.340Z] batch=field-waveform-1789701982856-35 D6 CHANNEL_SYNC_OK state=TEST_READY attempts=1 streak=5
[2026-09-18T03:27:09.340Z] batch=field-waveform-1789701982856-35 D6 TEST_READY state=TEST_READY attempts=1 streak=5
[2026-09-18T03:27:09.340Z] batch=field-waveform-1789701982856-35 D4 CHANNEL_SYNC_OK state=TEST_READY attempts=1 streak=5
[2026-09-18T03:27:09.341Z] batch=field-waveform-1789701982856-35 D4 TEST_READY state=TEST_READY attempts=1 streak=5
[2026-09-18T03:28:00.556Z] batch=field-waveform-1789701982856-35 D3 MODE_SWITCH_START state=MODE_SWITCHING attempts=1 streak=0 attempt=1
[2026-09-18T03:28:00.558Z] batch=field-waveform-1789701982856-35 D3 MODE_SWITCH_OK state=MODE_SWITCH_OK attempts=1 streak=0
[2026-09-18T03:28:00.560Z] batch=field-waveform-1789701982856-35 D1 MODE_SWITCH_START state=MODE_SWITCHING attempts=1 streak=0 attempt=1
[2026-09-18T03:28:00.561Z] batch=field-waveform-1789701982856-35 D1 MODE_SWITCH_OK state=MODE_SWITCH_OK attempts=1 streak=0
[2026-09-18T03:28:00.673Z] batch=field-waveform-1789701982856-35 D2 MODE_SWITCH_START state=MODE_SWITCHING attempts=1 streak=0 attempt=1
[2026-09-18T03:28:00.674Z] batch=field-waveform-1789701982856-35 D2 MODE_SWITCH_OK state=MODE_SWITCH_OK attempts=1 streak=0
[2026-09-18T03:28:00.889Z] batch=field-waveform-1789701982856-35 D6 MODE_SWITCH_START state=MODE_SWITCHING attempts=1 streak=0 attempt=1
[2026-09-18T03:28:00.890Z] batch=field-waveform-1789701982856-35 D6 MODE_SWITCH_OK state=MODE_SWITCH_OK attempts=1 streak=0
[2026-09-18T03:28:00.893Z] batch=field-waveform-1789701982856-35 D5 MODE_SWITCH_START state=MODE_SWITCHING attempts=1 streak=0 attempt=1
[2026-09-18T03:28:00.894Z] batch=field-waveform-1789701982856-35 D5 MODE_SWITCH_OK state=MODE_SWITCH_OK attempts=1 streak=0
[2026-09-18T03:28:00.897Z] batch=field-waveform-1789701982856-35 D4 MODE_SWITCH_START state=MODE_SWITCHING attempts=1 streak=0 attempt=1
[2026-09-18T03:28:00.898Z] batch=field-waveform-1789701982856-35 D4 MODE_SWITCH_OK state=MODE_SWITCH_OK attempts=1 streak=0
[2026-09-18T03:28:10.662Z] batch=field-waveform-1789701982856-35 D3 MODE_SWITCH_START state=MODE_SWITCHING attempts=1 streak=0 attempt=1
[2026-09-18T03:28:10.664Z] batch=field-waveform-1789701982856-35 D3 MODE_SWITCH_OK state=MODE_SWITCH_OK attempts=1 streak=0
[2026-09-18T03:28:10.667Z] batch=field-waveform-1789701982856-35 D1 MODE_SWITCH_START state=MODE_SWITCHING attempts=1 streak=0 attempt=1
[2026-09-18T03:28:10.669Z] batch=field-waveform-1789701982856-35 D1 MODE_SWITCH_OK state=MODE_SWITCH_OK attempts=1 streak=0
[2026-09-18T03:28:10.789Z] batch=field-waveform-1789701982856-35 D2 MODE_SWITCH_START state=MODE_SWITCHING attempts=1 streak=0 attempt=1
[2026-09-18T03:28:10.792Z] batch=field-waveform-1789701982856-35 D2 MODE_SWITCH_OK state=MODE_SWITCH_OK attempts=1 streak=0
[2026-09-18T03:28:11.006Z] batch=field-waveform-1789701982856-35 D6 MODE_SWITCH_START state=MODE_SWITCHING attempts=1 streak=0 attempt=1
[2026-09-18T03:28:11.006Z] batch=field-waveform-1789701982856-35 D6 MODE_SWITCH_OK state=MODE_SWITCH_OK attempts=1 streak=0
[2026-09-18T03:28:11.009Z] batch=field-waveform-1789701982856-35 D5 MODE_SWITCH_START state=MODE_SWITCHING attempts=1 streak=0 attempt=1
[2026-09-18T03:28:11.010Z] batch=field-waveform-1789701982856-35 D5 MODE_SWITCH_OK state=MODE_SWITCH_OK attempts=1 streak=0
[2026-09-18T03:28:11.014Z] batch=field-waveform-1789701982856-35 D4 MODE_SWITCH_START state=MODE_SWITCHING attempts=1 streak=0 attempt=1
[2026-09-18T03:28:11.014Z] batch=field-waveform-1789701982856-35 D4 MODE_SWITCH_OK state=MODE_SWITCH_OK attempts=1 streak=0
[2026-09-18T03:28:15.728Z] batch=field-waveform-1789701982856-35 D3 FIRST_FRAME state=FIRST_FRAME_RECEIVED attempts=1 streak=1
[2026-09-18T03:28:15.728Z] batch=field-waveform-1789701982856-35 D3 FIRST_VALID_SAMPLE state=FIRST_FRAME_RECEIVED attempts=1 streak=1
[2026-09-18T03:28:15.872Z] batch=field-waveform-1789701982856-35 D1 FIRST_FRAME state=FIRST_FRAME_RECEIVED attempts=1 streak=1
[2026-09-18T03:28:15.873Z] batch=field-waveform-1789701982856-35 D1 FIRST_VALID_SAMPLE state=FIRST_FRAME_RECEIVED attempts=1 streak=1
[2026-09-18T03:28:16.057Z] batch=field-waveform-1789701982856-35 D2 FIRST_FRAME state=FIRST_FRAME_RECEIVED attempts=1 streak=1
[2026-09-18T03:28:16.058Z] batch=field-waveform-1789701982856-35 D2 FIRST_VALID_SAMPLE state=FIRST_FRAME_RECEIVED attempts=1 streak=1
[2026-09-18T03:28:16.066Z] batch=field-waveform-1789701982856-35 D1 CHANNEL_SYNC_OK state=TEST_READY attempts=1 streak=5
[2026-09-18T03:28:16.066Z] batch=field-waveform-1789701982856-35 D1 TEST_READY state=TEST_READY attempts=1 streak=5
[2026-09-18T03:28:16.067Z] batch=field-waveform-1789701982856-35 D3 CHANNEL_SYNC_OK state=TEST_READY attempts=1 streak=5
[2026-09-18T03:28:16.067Z] batch=field-waveform-1789701982856-35 D3 TEST_READY state=TEST_READY attempts=1 streak=5
[2026-09-18T03:28:16.206Z] batch=field-waveform-1789701982856-35 D6 FIRST_FRAME state=FIRST_FRAME_RECEIVED attempts=1 streak=1
[2026-09-18T03:28:16.207Z] batch=field-waveform-1789701982856-35 D6 FIRST_VALID_SAMPLE state=FIRST_FRAME_RECEIVED attempts=1 streak=1
[2026-09-18T03:28:16.208Z] batch=field-waveform-1789701982856-35 D2 CHANNEL_SYNC_OK state=TEST_READY attempts=1 streak=5
[2026-09-18T03:28:16.209Z] batch=field-waveform-1789701982856-35 D2 TEST_READY state=TEST_READY attempts=1 streak=5
[2026-09-18T03:28:16.210Z] batch=field-waveform-1789701982856-35 D5 FIRST_FRAME state=FIRST_FRAME_RECEIVED attempts=1 streak=1
[2026-09-18T03:28:16.210Z] batch=field-waveform-1789701982856-35 D5 FIRST_VALID_SAMPLE state=FIRST_FRAME_RECEIVED attempts=1 streak=1
[2026-09-18T03:28:16.211Z] batch=field-waveform-1789701982856-35 D4 FIRST_FRAME state=FIRST_FRAME_RECEIVED attempts=1 streak=1
[2026-09-18T03:28:16.211Z] batch=field-waveform-1789701982856-35 D4 FIRST_VALID_SAMPLE state=FIRST_FRAME_RECEIVED attempts=1 streak=1
[2026-09-18T03:28:16.423Z] batch=field-waveform-1789701982856-35 D6 CHANNEL_SYNC_OK state=TEST_READY attempts=1 streak=5
[2026-09-18T03:28:16.424Z] batch=field-waveform-1789701982856-35 D6 TEST_READY state=TEST_READY attempts=1 streak=5
[2026-09-18T03:28:16.428Z] batch=field-waveform-1789701982856-35 D4 CHANNEL_SYNC_OK state=TEST_READY attempts=1 streak=5
[2026-09-18T03:28:16.429Z] batch=field-waveform-1789701982856-35 D4 TEST_READY state=TEST_READY attempts=1 streak=5
[2026-09-18T03:28:16.433Z] batch=field-waveform-1789701982856-35 D5 CHANNEL_SYNC_OK state=TEST_READY attempts=1 streak=5
[2026-09-18T03:28:16.433Z] batch=field-waveform-1789701982856-35 D5 TEST_READY state=TEST_READY attempts=1 streak=5
