[2026-09-14T03:25:52.278Z] batch=field-waveform-1789356352277-12 D1 MODE_SWITCH_START state=MODE_SWITCHING attempts=1 streak=0 attempt=1
[2026-09-14T03:25:52.280Z] batch=field-waveform-1789356352277-12 D2 MODE_SWITCH_START state=MODE_SWITCHING attempts=1 streak=0 attempt=1
[2026-09-14T03:25:52.283Z] batch=field-waveform-1789356352277-12 D3 MODE_SWITCH_START state=MODE_SWITCHING attempts=1 streak=0 attempt=1
[2026-09-14T03:25:52.286Z] batch=field-waveform-1789356352277-12 D4 MODE_SWITCH_START state=MODE_SWITCHING attempts=1 streak=0 attempt=1
[2026-09-14T03:25:52.287Z] batch=field-waveform-1789356352277-12 D5 MODE_SWITCH_START state=MODE_SWITCHING attempts=1 streak=0 attempt=1
[2026-09-14T03:25:52.288Z] batch=field-waveform-1789356352277-12 D6 MODE_SWITCH_START state=MODE_SWITCHING attempts=1 streak=0 attempt=1
[2026-09-14T03:25:52.291Z] batch=field-waveform-1789356352277-12 D1 MODE_SWITCH_OK state=MODE_SWITCH_OK attempts=1 streak=0
[2026-09-14T03:25:52.291Z] batch=field-waveform-1789356352277-12 D2 MODE_SWITCH_OK state=MODE_SWITCH_OK attempts=1 streak=0
[2026-09-14T03:25:52.292Z] batch=field-waveform-1789356352277-12 D3 MODE_SWITCH_OK state=MODE_SWITCH_OK attempts=1 streak=0
[2026-09-14T03:25:52.292Z] batch=field-waveform-1789356352277-12 D4 MODE_SWITCH_OK state=MODE_SWITCH_OK attempts=1 streak=0
[2026-09-14T03:25:52.293Z] batch=field-waveform-1789356352277-12 D5 MODE_SWITCH_OK state=MODE_SWITCH_OK attempts=1 streak=0
[2026-09-14T03:25:52.293Z] batch=field-waveform-1789356352277-12 D6 MODE_SWITCH_OK state=MODE_SWITCH_OK attempts=1 streak=0
[2026-09-14T03:25:54.431Z] batch=field-waveform-1789356352277-12 D3 MODE_SWITCH_START state=MODE_SWITCHING attempts=1 streak=0 attempt=1
[2026-09-14T03:25:54.433Z] batch=field-waveform-1789356352277-12 D3 MODE_SWITCH_OK state=MODE_SWITCH_OK attempts=1 streak=0
[2026-09-14T03:25:54.436Z] batch=field-waveform-1789356352277-12 D6 MODE_SWITCH_START state=MODE_SWITCHING attempts=1 streak=0 attempt=1
[2026-09-14T03:25:54.437Z] batch=field-waveform-1789356352277-12 D6 MODE_SWITCH_OK state=MODE_SWITCH_OK attempts=1 streak=0
[2026-09-14T03:25:54.439Z] batch=field-waveform-1789356352277-12 D4 MODE_SWITCH_START state=MODE_SWITCHING attempts=1 streak=0 attempt=1
[2026-09-14T03:25:54.441Z] batch=field-waveform-1789356352277-12 D4 MODE_SWITCH_OK state=MODE_SWITCH_OK attempts=1 streak=0
[2026-09-14T03:25:54.442Z] batch=field-waveform-1789356352277-12 D2 MODE_SWITCH_START state=MODE_SWITCHING attempts=1 streak=0 attempt=1
[2026-09-14T03:25:54.444Z] batch=field-waveform-1789356352277-12 D2 MODE_SWITCH_OK state=MODE_SWITCH_OK attempts=1 streak=0
[2026-09-14T03:25:54.445Z] batch=field-waveform-1789356352277-12 D5 MODE_SWITCH_START state=MODE_SWITCHING attempts=1 streak=0 attempt=1
[2026-09-14T03:25:54.446Z] batch=field-waveform-1789356352277-12 D5 MODE_SWITCH_OK state=MODE_SWITCH_OK attempts=1 streak=0
[2026-09-14T03:25:54.452Z] batch=field-waveform-1789356352277-12 D1 MODE_SWITCH_START state=MODE_SWITCHING attempts=1 streak=0 attempt=1
[2026-09-14T03:25:54.453Z] batch=field-waveform-1789356352277-12 D1 MODE_SWITCH_OK state=MODE_SWITCH_OK attempts=1 streak=0
[2026-09-14T03:26:04.446Z] batch=field-waveform-1789356352277-12 D3 MODE_SWITCH_START state=MODE_SWITCHING attempts=1 streak=0 attempt=1
[2026-09-14T03:26:04.446Z] batch=field-waveform-1789356352277-12 D3 MODE_SWITCH_OK state=MODE_SWITCH_OK attempts=1 streak=0
[2026-09-14T03:26:04.447Z] batch=field-waveform-1789356352277-12 D6 MODE_SWITCH_START state=MODE_SWITCHING attempts=1 streak=0 attempt=1
[2026-09-14T03:26:04.447Z] batch=field-waveform-1789356352277-12 D6 MODE_SWITCH_OK state=MODE_SWITCH_OK attempts=1 streak=0
[2026-09-14T03:26:04.448Z] batch=field-waveform-1789356352277-12 D4 MODE_SWITCH_START state=MODE_SWITCHING attempts=1 streak=0 attempt=1
[2026-09-14T03:26:04.448Z] batch=field-waveform-1789356352277-12 D4 MODE_SWITCH_OK state=MODE_SWITCH_OK attempts=1 streak=0
[2026-09-14T03:26:04.449Z] batch=field-waveform-1789356352277-12 D2 MODE_SWITCH_START state=MODE_SWITCHING attempts=1 streak=0 attempt=1
[2026-09-14T03:26:04.449Z] batch=field-waveform-1789356352277-12 D2 MODE_SWITCH_OK state=MODE_SWITCH_OK attempts=1 streak=0
[2026-09-14T03:26:04.450Z] batch=field-waveform-1789356352277-12 D5 MODE_SWITCH_START state=MODE_SWITCHING attempts=1 streak=0 attempt=1
[2026-09-14T03:26:04.450Z] batch=field-waveform-1789356352277-12 D5 MODE_SWITCH_OK state=MODE_SWITCH_OK attempts=1 streak=0
[2026-09-14T03:26:04.461Z] batch=field-waveform-1789356352277-12 D1 MODE_SWITCH_START state=MODE_SWITCHING attempts=1 streak=0 attempt=1
[2026-09-14T03:26:04.462Z] batch=field-waveform-1789356352277-12 D1 MODE_SWITCH_OK state=MODE_SWITCH_OK attempts=1 streak=0
[2026-09-14T03:26:14.458Z] batch=field-waveform-1789356352277-12 D3 MODE_SWITCH_START state=MODE_SWITCHING attempts=1 streak=0 attempt=1
[2026-09-14T03:26:14.459Z] batch=field-waveform-1789356352277-12 D3 MODE_SWITCH_OK state=MODE_SWITCH_OK attempts=1 streak=0
[2026-09-14T03:26:14.460Z] batch=field-waveform-1789356352277-12 D6 MODE_SWITCH_START state=MODE_SWITCHING attempts=1 streak=0 attempt=1
[2026-09-14T03:26:14.460Z] batch=field-waveform-1789356352277-12 D6 MODE_SWITCH_OK state=MODE_SWITCH_OK attempts=1 streak=0
[2026-09-14T03:26:14.461Z] batch=field-waveform-1789356352277-12 D4 MODE_SWITCH_START state=MODE_SWITCHING attempts=1 streak=0 attempt=1
[2026-09-14T03:26:14.461Z] batch=field-waveform-1789356352277-12 D4 MODE_SWITCH_OK state=MODE_SWITCH_OK attempts=1 streak=0
[2026-09-14T03:26:14.462Z] batch=field-waveform-1789356352277-12 D2 MODE_SWITCH_START state=MODE_SWITCHING attempts=1 streak=0 attempt=1
[2026-09-14T03:26:14.462Z] batch=field-waveform-1789356352277-12 D2 MODE_SWITCH_OK state=MODE_SWITCH_OK attempts=1 streak=0
[2026-09-14T03:26:14.463Z] batch=field-waveform-1789356352277-12 D5 MODE_SWITCH_START state=MODE_SWITCHING attempts=1 streak=0 attempt=1
[2026-09-14T03:26:14.463Z] batch=field-waveform-1789356352277-12 D5 MODE_SWITCH_OK state=MODE_SWITCH_OK attempts=1 streak=0
[2026-09-14T03:26:14.466Z] batch=field-waveform-1789356352277-12 D1 MODE_SWITCH_START state=MODE_SWITCHING attempts=1 streak=0 attempt=1
[2026-09-14T03:26:14.467Z] batch=field-waveform-1789356352277-12 D1 MODE_SWITCH_OK state=MODE_SWITCH_OK attempts=1 streak=0
[2026-09-14T03:26:19.512Z] batch=field-waveform-1789356352277-12 D4 FIRST_FRAME state=FIRST_FRAME_RECEIVED attempts=1 streak=1
[2026-09-14T03:26:19.512Z] batch=field-waveform-1789356352277-12 D4 FIRST_VALID_SAMPLE state=FIRST_FRAME_RECEIVED attempts=1 streak=1
[2026-09-14T03:26:19.513Z] batch=field-waveform-1789356352277-12 D1 FIRST_FRAME state=FIRST_FRAME_RECEIVED attempts=1 streak=1
[2026-09-14T03:26:19.513Z] batch=field-waveform-1789356352277-12 D1 FIRST_VALID_SAMPLE state=FIRST_FRAME_RECEIVED attempts=1 streak=1
[2026-09-14T03:26:19.514Z] batch=field-waveform-1789356352277-12 D6 FIRST_FRAME state=FIRST_FRAME_RECEIVED attempts=1 streak=1
[2026-09-14T03:26:19.514Z] batch=field-waveform-1789356352277-12 D6 FIRST_VALID_SAMPLE state=FIRST_FRAME_RECEIVED attempts=1 streak=1
[2026-09-14T03:26:19.533Z] batch=field-waveform-1789356352277-12 D2 FIRST_FRAME state=FIRST_FRAME_RECEIVED attempts=1 streak=1
[2026-09-14T03:26:19.533Z] batch=field-waveform-1789356352277-12 D2 FIRST_VALID_SAMPLE state=FIRST_FRAME_RECEIVED attempts=1 streak=1
[2026-09-14T03:26:19.538Z] batch=field-waveform-1789356352277-12 D5 FIRST_FRAME state=FIRST_FRAME_RECEIVED attempts=1 streak=1
[2026-09-14T03:26:19.538Z] batch=field-waveform-1789356352277-12 D5 FIRST_VALID_SAMPLE state=FIRST_FRAME_RECEIVED attempts=1 streak=1
[2026-09-14T03:26:19.550Z] batch=field-waveform-1789356352277-12 D3 FIRST_FRAME state=FIRST_FRAME_RECEIVED attempts=1 streak=1
[2026-09-14T03:26:19.551Z] batch=field-waveform-1789356352277-12 D3 FIRST_VALID_SAMPLE state=FIRST_FRAME_RECEIVED attempts=1 streak=1
[2026-09-14T03:26:19.763Z] batch=field-waveform-1789356352277-12 D1 CHANNEL_SYNC_OK state=TEST_READY attempts=1 streak=5
[2026-09-14T03:26:19.764Z] batch=field-waveform-1789356352277-12 D1 TEST_READY state=TEST_READY attempts=1 streak=5
[2026-09-14T03:26:19.777Z] batch=field-waveform-1789356352277-12 D4 CHANNEL_SYNC_OK state=TEST_READY attempts=1 streak=5
[2026-09-14T03:26:19.777Z] batch=field-waveform-1789356352277-12 D4 TEST_READY state=TEST_READY attempts=1 streak=5
[2026-09-14T03:26:19.779Z] batch=field-waveform-1789356352277-12 D6 CHANNEL_SYNC_OK state=TEST_READY attempts=1 streak=5
[2026-09-14T03:26:19.779Z] batch=field-waveform-1789356352277-12 D6 TEST_READY state=TEST_READY attempts=1 streak=5
[2026-09-14T03:26:19.783Z] batch=field-waveform-1789356352277-12 D2 CHANNEL_SYNC_OK state=TEST_READY attempts=1 streak=5
[2026-09-14T03:26:19.783Z] batch=field-waveform-1789356352277-12 D2 TEST_READY state=TEST_READY attempts=1 streak=5
[2026-09-14T03:26:19.785Z] batch=field-waveform-1789356352277-12 D5 CHANNEL_SYNC_OK state=TEST_READY attempts=1 streak=5
[2026-09-14T03:26:19.785Z] batch=field-waveform-1789356352277-12 D5 TEST_READY state=TEST_READY attempts=1 streak=5
[2026-09-14T03:26:19.801Z] batch=field-waveform-1789356352277-12 D3 CHANNEL_SYNC_OK state=TEST_READY attempts=1 streak=5
[2026-09-14T03:26:19.802Z] batch=field-waveform-1789356352277-12 D3 TEST_READY state=TEST_READY attempts=1 streak=5
[2026-09-14T03:26:30.611Z] batch=field-waveform-1789356352277-12 D2 MODE_SWITCH_START state=MODE_SWITCHING attempts=1 streak=0 attempt=1
[2026-09-14T03:26:30.612Z] batch=field-waveform-1789356352277-12 D2 MODE_SWITCH_OK state=MODE_SWITCH_OK attempts=1 streak=0
[2026-09-14T03:26:30.614Z] batch=field-waveform-1789356352277-12 D5 MODE_SWITCH_START state=MODE_SWITCHING attempts=1 streak=0 attempt=1
[2026-09-14T03:26:30.614Z] batch=field-waveform-1789356352277-12 D5 MODE_SWITCH_OK state=MODE_SWITCH_OK attempts=1 streak=0
[2026-09-14T03:26:30.616Z] batch=field-waveform-1789356352277-12 D3 MODE_SWITCH_START state=MODE_SWITCHING attempts=1 streak=0 attempt=1
[2026-09-14T03:26:30.616Z] batch=field-waveform-1789356352277-12 D3 MODE_SWITCH_OK state=MODE_SWITCH_OK attempts=1 streak=0
[2026-09-14T03:26:30.635Z] batch=field-waveform-1789356352277-12 D4 MODE_SWITCH_START state=MODE_SWITCHING attempts=1 streak=0 attempt=1
[2026-09-14T03:26:30.635Z] batch=field-waveform-1789356352277-12 D4 MODE_SWITCH_OK state=MODE_SWITCH_OK attempts=1 streak=0
[2026-09-14T03:26:30.636Z] batch=field-waveform-1789356352277-12 D1 MODE_SWITCH_START state=MODE_SWITCHING attempts=1 streak=0 attempt=1
[2026-09-14T03:26:30.637Z] batch=field-waveform-1789356352277-12 D1 MODE_SWITCH_OK state=MODE_SWITCH_OK attempts=1 streak=0
[2026-09-14T03:26:35.660Z] batch=field-waveform-1789356352277-12 D2 FIRST_FRAME state=FIRST_FRAME_RECEIVED attempts=1 streak=1
[2026-09-14T03:26:35.660Z] batch=field-waveform-1789356352277-12 D2 FIRST_VALID_SAMPLE state=FIRST_FRAME_RECEIVED attempts=1 streak=1
[2026-09-14T03:26:35.662Z] batch=field-waveform-1789356352277-12 D5 FIRST_FRAME state=FIRST_FRAME_RECEIVED attempts=1 streak=1
[2026-09-14T03:26:35.662Z] batch=field-waveform-1789356352277-12 D5 FIRST_VALID_SAMPLE state=FIRST_FRAME_RECEIVED attempts=1 streak=1
[2026-09-14T03:26:35.678Z] batch=field-waveform-1789356352277-12 D3 FIRST_FRAME state=FIRST_FRAME_RECEIVED attempts=1 streak=1
[2026-09-14T03:26:35.678Z] batch=field-waveform-1789356352277-12 D3 FIRST_VALID_SAMPLE state=FIRST_FRAME_RECEIVED attempts=1 streak=1
[2026-09-14T03:26:35.696Z] batch=field-waveform-1789356352277-12 D4 FIRST_FRAME state=FIRST_FRAME_RECEIVED attempts=1 streak=1
[2026-09-14T03:26:35.696Z] batch=field-waveform-1789356352277-12 D4 FIRST_VALID_SAMPLE state=FIRST_FRAME_RECEIVED attempts=1 streak=1
[2026-09-14T03:26:35.699Z] batch=field-waveform-1789356352277-12 D1 FIRST_FRAME state=FIRST_FRAME_RECEIVED attempts=1 streak=1
[2026-09-14T03:26:35.699Z] batch=field-waveform-1789356352277-12 D1 FIRST_VALID_SAMPLE state=FIRST_FRAME_RECEIVED attempts=1 streak=1
[2026-09-14T03:26:35.910Z] batch=field-waveform-1789356352277-12 D2 CHANNEL_SYNC_OK state=TEST_READY attempts=1 streak=5
[2026-09-14T03:26:35.910Z] batch=field-waveform-1789356352277-12 D2 TEST_READY state=TEST_READY attempts=1 streak=5
[2026-09-14T03:26:35.912Z] batch=field-waveform-1789356352277-12 D5 CHANNEL_SYNC_OK state=TEST_READY attempts=1 streak=5
[2026-09-14T03:26:35.912Z] batch=field-waveform-1789356352277-12 D5 TEST_READY state=TEST_READY attempts=1 streak=5
[2026-09-14T03:26:35.924Z] batch=field-waveform-1789356352277-12 D3 CHANNEL_SYNC_OK state=TEST_READY attempts=1 streak=5
[2026-09-14T03:26:35.924Z] batch=field-waveform-1789356352277-12 D3 TEST_READY state=TEST_READY attempts=1 streak=5
[2026-09-14T03:26:35.971Z] batch=field-waveform-1789356352277-12 D4 CHANNEL_SYNC_OK state=TEST_READY attempts=1 streak=5
[2026-09-14T03:26:35.971Z] batch=field-waveform-1789356352277-12 D4 TEST_READY state=TEST_READY attempts=1 streak=5
[2026-09-14T03:26:35.973Z] batch=field-waveform-1789356352277-12 D1 CHANNEL_SYNC_OK state=TEST_READY attempts=1 streak=5
[2026-09-14T03:26:35.974Z] batch=field-waveform-1789356352277-12 D1 TEST_READY state=TEST_READY attempts=1 streak=5
[2026-09-14T03:27:29.297Z] batch=field-waveform-1789356352277-12 D6 MODE_SWITCH_START state=MODE_SWITCHING attempts=1 streak=0 attempt=1
[2026-09-14T03:27:29.298Z] batch=field-waveform-1789356352277-12 D6 MODE_SWITCH_OK state=MODE_SWITCH_OK attempts=1 streak=0
[2026-09-14T03:27:29.303Z] batch=field-waveform-1789356352277-12 D1 MODE_SWITCH_START state=MODE_SWITCHING attempts=1 streak=0 attempt=1
[2026-09-14T03:27:29.304Z] batch=field-waveform-1789356352277-12 D1 MODE_SWITCH_OK state=MODE_SWITCH_OK attempts=1 streak=0
[2026-09-14T03:27:29.308Z] batch=field-waveform-1789356352277-12 D2 MODE_SWITCH_START state=MODE_SWITCHING attempts=1 streak=0 attempt=1
[2026-09-14T03:27:29.309Z] batch=field-waveform-1789356352277-12 D2 MODE_SWITCH_OK state=MODE_SWITCH_OK attempts=1 streak=0
[2026-09-14T03:27:29.311Z] batch=field-waveform-1789356352277-12 D4 MODE_SWITCH_START state=MODE_SWITCHING attempts=1 streak=0 attempt=1
[2026-09-14T03:27:29.311Z] batch=field-waveform-1789356352277-12 D4 MODE_SWITCH_OK state=MODE_SWITCH_OK attempts=1 streak=0
[2026-09-14T03:27:29.314Z] batch=field-waveform-1789356352277-12 D3 MODE_SWITCH_START state=MODE_SWITCHING attempts=1 streak=0 attempt=1
[2026-09-14T03:27:29.314Z] batch=field-waveform-1789356352277-12 D3 MODE_SWITCH_OK state=MODE_SWITCH_OK attempts=1 streak=0
[2026-09-14T03:27:29.406Z] batch=field-waveform-1789356352277-12 D5 MODE_SWITCH_START state=MODE_SWITCHING attempts=1 streak=0 attempt=1
[2026-09-14T03:27:29.407Z] batch=field-waveform-1789356352277-12 D5 MODE_SWITCH_OK state=MODE_SWITCH_OK attempts=1 streak=0
[2026-09-14T03:27:39.404Z] batch=field-waveform-1789356352277-12 D6 MODE_SWITCH_START state=MODE_SWITCHING attempts=1 streak=0 attempt=1
[2026-09-14T03:27:39.405Z] batch=field-waveform-1789356352277-12 D6 MODE_SWITCH_OK state=MODE_SWITCH_OK attempts=1 streak=0
[2026-09-14T03:27:39.407Z] batch=field-waveform-1789356352277-12 D1 MODE_SWITCH_START state=MODE_SWITCHING attempts=1 streak=0 attempt=1
[2026-09-14T03:27:39.408Z] batch=field-waveform-1789356352277-12 D1 MODE_SWITCH_OK state=MODE_SWITCH_OK attempts=1 streak=0
[2026-09-14T03:27:39.411Z] batch=field-waveform-1789356352277-12 D2 MODE_SWITCH_START state=MODE_SWITCHING attempts=1 streak=0 attempt=1
[2026-09-14T03:27:39.412Z] batch=field-waveform-1789356352277-12 D2 MODE_SWITCH_OK state=MODE_SWITCH_OK attempts=1 streak=0
[2026-09-14T03:27:39.414Z] batch=field-waveform-1789356352277-12 D4 MODE_SWITCH_START state=MODE_SWITCHING attempts=1 streak=0 attempt=1
[2026-09-14T03:27:39.415Z] batch=field-waveform-1789356352277-12 D4 MODE_SWITCH_OK state=MODE_SWITCH_OK attempts=1 streak=0
[2026-09-14T03:27:39.417Z] batch=field-waveform-1789356352277-12 D3 MODE_SWITCH_START state=MODE_SWITCHING attempts=1 streak=0 attempt=1
[2026-09-14T03:27:39.418Z] batch=field-waveform-1789356352277-12 D3 MODE_SWITCH_OK state=MODE_SWITCH_OK attempts=1 streak=0
[2026-09-14T03:27:39.421Z] batch=field-waveform-1789356352277-12 D5 MODE_SWITCH_START state=MODE_SWITCHING attempts=1 streak=0 attempt=1
[2026-09-14T03:27:39.422Z] batch=field-waveform-1789356352277-12 D5 MODE_SWITCH_OK state=MODE_SWITCH_OK attempts=1 streak=0
[2026-09-14T03:27:44.537Z] batch=field-waveform-1789356352277-12 D1 FIRST_FRAME state=FIRST_FRAME_RECEIVED attempts=1 streak=1
[2026-09-14T03:27:44.537Z] batch=field-waveform-1789356352277-12 D1 FIRST_VALID_SAMPLE state=FIRST_FRAME_RECEIVED attempts=1 streak=1
[2026-09-14T03:27:44.538Z] batch=field-waveform-1789356352277-12 D6 FIRST_FRAME state=FIRST_FRAME_RECEIVED attempts=1 streak=1
[2026-09-14T03:27:44.539Z] batch=field-waveform-1789356352277-12 D6 FIRST_VALID_SAMPLE state=FIRST_FRAME_RECEIVED attempts=1 streak=1
[2026-09-14T03:27:44.540Z] batch=field-waveform-1789356352277-12 D3 FIRST_FRAME state=FIRST_FRAME_RECEIVED attempts=1 streak=1
[2026-09-14T03:27:44.540Z] batch=field-waveform-1789356352277-12 D3 FIRST_VALID_SAMPLE state=FIRST_FRAME_RECEIVED attempts=1 streak=1
[2026-09-14T03:27:44.541Z] batch=field-waveform-1789356352277-12 D2 FIRST_FRAME state=FIRST_FRAME_RECEIVED attempts=1 streak=1
[2026-09-14T03:27:44.541Z] batch=field-waveform-1789356352277-12 D2 FIRST_VALID_SAMPLE state=FIRST_FRAME_RECEIVED attempts=1 streak=1
[2026-09-14T03:27:44.541Z] batch=field-waveform-1789356352277-12 D4 FIRST_FRAME state=FIRST_FRAME_RECEIVED attempts=1 streak=1
[2026-09-14T03:27:44.542Z] batch=field-waveform-1789356352277-12 D4 FIRST_VALID_SAMPLE state=FIRST_FRAME_RECEIVED attempts=1 streak=1
[2026-09-14T03:27:44.542Z] batch=field-waveform-1789356352277-12 D5 FIRST_FRAME state=FIRST_FRAME_RECEIVED attempts=1 streak=1
[2026-09-14T03:27:44.543Z] batch=field-waveform-1789356352277-12 D5 FIRST_VALID_SAMPLE state=FIRST_FRAME_RECEIVED attempts=1 streak=1
[2026-09-14T03:27:44.692Z] batch=field-waveform-1789356352277-12 D1 CHANNEL_SYNC_OK state=TEST_READY attempts=1 streak=5
[2026-09-14T03:27:44.693Z] batch=field-waveform-1789356352277-12 D1 TEST_READY state=TEST_READY attempts=1 streak=5
[2026-09-14T03:27:44.711Z] batch=field-waveform-1789356352277-12 D6 CHANNEL_SYNC_OK state=TEST_READY attempts=1 streak=5
[2026-09-14T03:27:44.712Z] batch=field-waveform-1789356352277-12 D6 TEST_READY state=TEST_READY attempts=1 streak=5
[2026-09-14T03:27:44.924Z] batch=field-waveform-1789356352277-12 D3 CHANNEL_SYNC_OK state=TEST_READY attempts=1 streak=5
[2026-09-14T03:27:44.927Z] batch=field-waveform-1789356352277-12 D3 TEST_READY state=TEST_READY attempts=1 streak=5
[2026-09-14T03:27:44.928Z] batch=field-waveform-1789356352277-12 D4 CHANNEL_SYNC_OK state=TEST_READY attempts=1 streak=5
[2026-09-14T03:27:44.928Z] batch=field-waveform-1789356352277-12 D4 TEST_READY state=TEST_READY attempts=1 streak=5
[2026-09-14T03:27:44.931Z] batch=field-waveform-1789356352277-12 D2 CHANNEL_SYNC_OK state=TEST_READY attempts=1 streak=5
[2026-09-14T03:27:44.931Z] batch=field-waveform-1789356352277-12 D2 TEST_READY state=TEST_READY attempts=1 streak=5
[2026-09-14T03:27:44.932Z] batch=field-waveform-1789356352277-12 D5 CHANNEL_SYNC_OK state=TEST_READY attempts=1 streak=5
[2026-09-14T03:27:44.932Z] batch=field-waveform-1789356352277-12 D5 TEST_READY state=TEST_READY attempts=1 streak=5
