[2026-09-16T06:25:42.124Z] batch=field-waveform-1789539763390-10 D1 MODE_SWITCH_START state=MODE_SWITCHING attempts=1 streak=0 attempt=1
[2026-09-16T06:25:42.125Z] batch=field-waveform-1789539763390-10 D1 MODE_SWITCH_OK state=MODE_SWITCH_OK attempts=1 streak=0
[2026-09-16T06:25:42.130Z] batch=field-waveform-1789539763390-10 D3 MODE_SWITCH_START state=MODE_SWITCHING attempts=1 streak=0 attempt=1
[2026-09-16T06:25:42.131Z] batch=field-waveform-1789539763390-10 D3 MODE_SWITCH_OK state=MODE_SWITCH_OK attempts=1 streak=0
[2026-09-16T06:25:42.135Z] batch=field-waveform-1789539763390-10 D4 MODE_SWITCH_START state=MODE_SWITCHING attempts=1 streak=0 attempt=1
[2026-09-16T06:25:42.136Z] batch=field-waveform-1789539763390-10 D4 MODE_SWITCH_OK state=MODE_SWITCH_OK attempts=1 streak=0
[2026-09-16T06:25:42.513Z] batch=field-waveform-1789539763390-10 D5 MODE_SWITCH_START state=MODE_SWITCHING attempts=1 streak=0 attempt=1
[2026-09-16T06:25:42.514Z] batch=field-waveform-1789539763390-10 D5 MODE_SWITCH_OK state=MODE_SWITCH_OK attempts=1 streak=0
[2026-09-16T06:25:42.519Z] batch=field-waveform-1789539763390-10 D2 MODE_SWITCH_START state=MODE_SWITCHING attempts=1 streak=0 attempt=1
[2026-09-16T06:25:42.520Z] batch=field-waveform-1789539763390-10 D2 MODE_SWITCH_OK state=MODE_SWITCH_OK attempts=1 streak=0
[2026-09-16T06:25:42.525Z] batch=field-waveform-1789539763390-10 D6 MODE_SWITCH_START state=MODE_SWITCHING attempts=1 streak=0 attempt=1
[2026-09-16T06:25:42.526Z] batch=field-waveform-1789539763390-10 D6 MODE_SWITCH_OK state=MODE_SWITCH_OK attempts=1 streak=0
[2026-09-16T06:25:48.502Z] batch=field-waveform-1789539948499-11 D1 MODE_SWITCH_START state=MODE_SWITCHING attempts=1 streak=0 attempt=1
[2026-09-16T06:25:48.504Z] batch=field-waveform-1789539948499-11 D2 MODE_SWITCH_START state=MODE_SWITCHING attempts=1 streak=0 attempt=1
[2026-09-16T06:25:48.505Z] batch=field-waveform-1789539948499-11 D3 MODE_SWITCH_START state=MODE_SWITCHING attempts=1 streak=0 attempt=1
[2026-09-16T06:25:48.505Z] batch=field-waveform-1789539948499-11 D4 MODE_SWITCH_START state=MODE_SWITCHING attempts=1 streak=0 attempt=1
[2026-09-16T06:25:48.506Z] batch=field-waveform-1789539948499-11 D5 MODE_SWITCH_START state=MODE_SWITCHING attempts=1 streak=0 attempt=1
[2026-09-16T06:25:48.508Z] batch=field-waveform-1789539948499-11 D6 MODE_SWITCH_START state=MODE_SWITCHING attempts=1 streak=0 attempt=1
[2026-09-16T06:25:48.512Z] batch=field-waveform-1789539948499-11 D1 MODE_SWITCH_OK state=MODE_SWITCH_OK attempts=1 streak=0
[2026-09-16T06:25:48.512Z] batch=field-waveform-1789539948499-11 D2 MODE_SWITCH_OK state=MODE_SWITCH_OK attempts=1 streak=0
[2026-09-16T06:25:48.513Z] batch=field-waveform-1789539948499-11 D3 MODE_SWITCH_OK state=MODE_SWITCH_OK attempts=1 streak=0
[2026-09-16T06:25:48.513Z] batch=field-waveform-1789539948499-11 D4 MODE_SWITCH_OK state=MODE_SWITCH_OK attempts=1 streak=0
[2026-09-16T06:25:48.514Z] batch=field-waveform-1789539948499-11 D5 MODE_SWITCH_OK state=MODE_SWITCH_OK attempts=1 streak=0
[2026-09-16T06:25:48.515Z] batch=field-waveform-1789539948499-11 D6 MODE_SWITCH_OK state=MODE_SWITCH_OK attempts=1 streak=0
[2026-09-16T06:25:52.133Z] batch=field-waveform-1789539948499-11 D1 MODE_SWITCH_START state=MODE_SWITCHING attempts=1 streak=0 attempt=1
[2026-09-16T06:25:52.135Z] batch=field-waveform-1789539948499-11 D1 MODE_SWITCH_OK state=MODE_SWITCH_OK attempts=1 streak=0
[2026-09-16T06:25:52.135Z] batch=field-waveform-1789539948499-11 D3 MODE_SWITCH_START state=MODE_SWITCHING attempts=1 streak=0 attempt=1
[2026-09-16T06:25:52.136Z] batch=field-waveform-1789539948499-11 D3 MODE_SWITCH_OK state=MODE_SWITCH_OK attempts=1 streak=0
[2026-09-16T06:25:52.137Z] batch=field-waveform-1789539948499-11 D4 MODE_SWITCH_START state=MODE_SWITCHING attempts=1 streak=0 attempt=1
[2026-09-16T06:25:52.138Z] batch=field-waveform-1789539948499-11 D4 MODE_SWITCH_OK state=MODE_SWITCH_OK attempts=1 streak=0
[2026-09-16T06:25:52.519Z] batch=field-waveform-1789539948499-11 D5 MODE_SWITCH_START state=MODE_SWITCHING attempts=1 streak=0 attempt=1
[2026-09-16T06:25:52.520Z] batch=field-waveform-1789539948499-11 D5 MODE_SWITCH_OK state=MODE_SWITCH_OK attempts=1 streak=0
[2026-09-16T06:25:52.521Z] batch=field-waveform-1789539948499-11 D2 MODE_SWITCH_START state=MODE_SWITCHING attempts=1 streak=0 attempt=1
[2026-09-16T06:25:52.522Z] batch=field-waveform-1789539948499-11 D2 MODE_SWITCH_OK state=MODE_SWITCH_OK attempts=1 streak=0
[2026-09-16T06:25:52.530Z] batch=field-waveform-1789539948499-11 D6 MODE_SWITCH_START state=MODE_SWITCHING attempts=1 streak=0 attempt=1
[2026-09-16T06:25:52.531Z] batch=field-waveform-1789539948499-11 D6 MODE_SWITCH_OK state=MODE_SWITCH_OK attempts=1 streak=0
[2026-09-16T06:26:02.142Z] batch=field-waveform-1789539948499-11 D1 MODE_SWITCH_START state=MODE_SWITCHING attempts=1 streak=0 attempt=1
[2026-09-16T06:26:02.144Z] batch=field-waveform-1789539948499-11 D1 MODE_SWITCH_OK state=MODE_SWITCH_OK attempts=1 streak=0
[2026-09-16T06:26:02.147Z] batch=field-waveform-1789539948499-11 D3 MODE_SWITCH_START state=MODE_SWITCHING attempts=1 streak=0 attempt=1
[2026-09-16T06:26:02.151Z] batch=field-waveform-1789539948499-11 D3 MODE_SWITCH_OK state=MODE_SWITCH_OK attempts=1 streak=0
[2026-09-16T06:26:02.158Z] batch=field-waveform-1789539948499-11 D4 MODE_SWITCH_START state=MODE_SWITCHING attempts=1 streak=0 attempt=1
[2026-09-16T06:26:02.160Z] batch=field-waveform-1789539948499-11 D4 MODE_SWITCH_OK state=MODE_SWITCH_OK attempts=1 streak=0
[2026-09-16T06:26:02.526Z] batch=field-waveform-1789539948499-11 D5 MODE_SWITCH_START state=MODE_SWITCHING attempts=1 streak=0 attempt=1
[2026-09-16T06:26:02.527Z] batch=field-waveform-1789539948499-11 D5 MODE_SWITCH_OK state=MODE_SWITCH_OK attempts=1 streak=0
[2026-09-16T06:26:02.528Z] batch=field-waveform-1789539948499-11 D2 MODE_SWITCH_START state=MODE_SWITCHING attempts=1 streak=0 attempt=1
[2026-09-16T06:26:02.530Z] batch=field-waveform-1789539948499-11 D2 MODE_SWITCH_OK state=MODE_SWITCH_OK attempts=1 streak=0
[2026-09-16T06:26:02.532Z] batch=field-waveform-1789539948499-11 D6 MODE_SWITCH_START state=MODE_SWITCHING attempts=1 streak=0 attempt=1
[2026-09-16T06:26:02.533Z] batch=field-waveform-1789539948499-11 D6 MODE_SWITCH_OK state=MODE_SWITCH_OK attempts=1 streak=0
[2026-09-16T06:26:03.534Z] batch=field-waveform-1789539963534-12 D1 MODE_SWITCH_START state=MODE_SWITCHING attempts=1 streak=0 attempt=1
[2026-09-16T06:26:03.538Z] batch=field-waveform-1789539963534-12 D2 MODE_SWITCH_START state=MODE_SWITCHING attempts=1 streak=0 attempt=1
[2026-09-16T06:26:03.539Z] batch=field-waveform-1789539963534-12 D3 MODE_SWITCH_START state=MODE_SWITCHING attempts=1 streak=0 attempt=1
[2026-09-16T06:26:03.540Z] batch=field-waveform-1789539963534-12 D4 MODE_SWITCH_START state=MODE_SWITCHING attempts=1 streak=0 attempt=1
[2026-09-16T06:26:03.541Z] batch=field-waveform-1789539963534-12 D5 MODE_SWITCH_START state=MODE_SWITCHING attempts=1 streak=0 attempt=1
[2026-09-16T06:26:03.542Z] batch=field-waveform-1789539963534-12 D6 MODE_SWITCH_START state=MODE_SWITCHING attempts=1 streak=0 attempt=1
[2026-09-16T06:26:03.544Z] batch=field-waveform-1789539963534-12 D1 MODE_SWITCH_OK state=MODE_SWITCH_OK attempts=1 streak=0
[2026-09-16T06:26:03.545Z] batch=field-waveform-1789539963534-12 D2 MODE_SWITCH_OK state=MODE_SWITCH_OK attempts=1 streak=0
[2026-09-16T06:26:03.546Z] batch=field-waveform-1789539963534-12 D3 MODE_SWITCH_OK state=MODE_SWITCH_OK attempts=1 streak=0
[2026-09-16T06:26:03.547Z] batch=field-waveform-1789539963534-12 D4 MODE_SWITCH_OK state=MODE_SWITCH_OK attempts=1 streak=0
[2026-09-16T06:26:03.548Z] batch=field-waveform-1789539963534-12 D5 MODE_SWITCH_OK state=MODE_SWITCH_OK attempts=1 streak=0
[2026-09-16T06:26:03.549Z] batch=field-waveform-1789539963534-12 D6 MODE_SWITCH_OK state=MODE_SWITCH_OK attempts=1 streak=0
[2026-09-16T06:26:12.147Z] batch=field-waveform-1789539963534-12 D1 MODE_SWITCH_START state=MODE_SWITCHING attempts=1 streak=0 attempt=1
[2026-09-16T06:26:12.148Z] batch=field-waveform-1789539963534-12 D1 MODE_SWITCH_OK state=MODE_SWITCH_OK attempts=1 streak=0
[2026-09-16T06:26:12.159Z] batch=field-waveform-1789539963534-12 D3 MODE_SWITCH_START state=MODE_SWITCHING attempts=1 streak=0 attempt=1
[2026-09-16T06:26:12.162Z] batch=field-waveform-1789539963534-12 D3 MODE_SWITCH_OK state=MODE_SWITCH_OK attempts=1 streak=0
[2026-09-16T06:26:12.165Z] batch=field-waveform-1789539963534-12 D4 MODE_SWITCH_START state=MODE_SWITCHING attempts=1 streak=0 attempt=1
[2026-09-16T06:26:12.165Z] batch=field-waveform-1789539963534-12 D4 MODE_SWITCH_OK state=MODE_SWITCH_OK attempts=1 streak=0
[2026-09-16T06:26:12.536Z] batch=field-waveform-1789539963534-12 D5 MODE_SWITCH_START state=MODE_SWITCHING attempts=1 streak=0 attempt=1
[2026-09-16T06:26:12.537Z] batch=field-waveform-1789539963534-12 D5 MODE_SWITCH_OK state=MODE_SWITCH_OK attempts=1 streak=0
[2026-09-16T06:26:12.539Z] batch=field-waveform-1789539963534-12 D2 MODE_SWITCH_START state=MODE_SWITCHING attempts=1 streak=0 attempt=1
[2026-09-16T06:26:12.540Z] batch=field-waveform-1789539963534-12 D2 MODE_SWITCH_OK state=MODE_SWITCH_OK attempts=1 streak=0
[2026-09-16T06:26:12.541Z] batch=field-waveform-1789539963534-12 D6 MODE_SWITCH_START state=MODE_SWITCHING attempts=1 streak=0 attempt=1
[2026-09-16T06:26:12.542Z] batch=field-waveform-1789539963534-12 D6 MODE_SWITCH_OK state=MODE_SWITCH_OK attempts=1 streak=0
[2026-09-16T06:26:22.154Z] batch=field-waveform-1789539963534-12 D1 MODE_SWITCH_START state=MODE_SWITCHING attempts=1 streak=0 attempt=1
[2026-09-16T06:26:22.156Z] batch=field-waveform-1789539963534-12 D1 MODE_SWITCH_OK state=MODE_SWITCH_OK attempts=1 streak=0
[2026-09-16T06:26:22.170Z] batch=field-waveform-1789539963534-12 D3 MODE_SWITCH_START state=MODE_SWITCHING attempts=1 streak=0 attempt=1
[2026-09-16T06:26:22.171Z] batch=field-waveform-1789539963534-12 D3 MODE_SWITCH_OK state=MODE_SWITCH_OK attempts=1 streak=0
[2026-09-16T06:26:22.173Z] batch=field-waveform-1789539963534-12 D4 MODE_SWITCH_START state=MODE_SWITCHING attempts=1 streak=0 attempt=1
[2026-09-16T06:26:22.177Z] batch=field-waveform-1789539963534-12 D4 MODE_SWITCH_OK state=MODE_SWITCH_OK attempts=1 streak=0
[2026-09-16T06:26:22.539Z] batch=field-waveform-1789539963534-12 D5 MODE_SWITCH_START state=MODE_SWITCHING attempts=1 streak=0 attempt=1
[2026-09-16T06:26:22.541Z] batch=field-waveform-1789539963534-12 D5 MODE_SWITCH_OK state=MODE_SWITCH_OK attempts=1 streak=0
[2026-09-16T06:26:22.544Z] batch=field-waveform-1789539963534-12 D2 MODE_SWITCH_START state=MODE_SWITCHING attempts=1 streak=0 attempt=1
[2026-09-16T06:26:22.545Z] batch=field-waveform-1789539963534-12 D2 MODE_SWITCH_OK state=MODE_SWITCH_OK attempts=1 streak=0
[2026-09-16T06:26:22.546Z] batch=field-waveform-1789539963534-12 D6 MODE_SWITCH_START state=MODE_SWITCHING attempts=1 streak=0 attempt=1
[2026-09-16T06:26:22.547Z] batch=field-waveform-1789539963534-12 D6 MODE_SWITCH_OK state=MODE_SWITCH_OK attempts=1 streak=0
[2026-09-16T06:26:32.161Z] batch=field-waveform-1789539963534-12 D1 MODE_SWITCH_START state=MODE_SWITCHING attempts=1 streak=0 attempt=1
[2026-09-16T06:26:32.166Z] batch=field-waveform-1789539963534-12 D1 MODE_SWITCH_OK state=MODE_SWITCH_OK attempts=1 streak=0
[2026-09-16T06:26:32.179Z] batch=field-waveform-1789539963534-12 D3 MODE_SWITCH_START state=MODE_SWITCHING attempts=1 streak=0 attempt=1
[2026-09-16T06:26:32.182Z] batch=field-waveform-1789539963534-12 D3 MODE_SWITCH_OK state=MODE_SWITCH_OK attempts=1 streak=0
[2026-09-16T06:26:32.183Z] batch=field-waveform-1789539963534-12 D4 MODE_SWITCH_START state=MODE_SWITCHING attempts=1 streak=0 attempt=1
[2026-09-16T06:26:32.185Z] batch=field-waveform-1789539963534-12 D4 MODE_SWITCH_OK state=MODE_SWITCH_OK attempts=1 streak=0
[2026-09-16T06:26:32.544Z] batch=field-waveform-1789539963534-12 D5 MODE_SWITCH_START state=MODE_SWITCHING attempts=1 streak=0 attempt=1
[2026-09-16T06:26:32.547Z] batch=field-waveform-1789539963534-12 D5 MODE_SWITCH_OK state=MODE_SWITCH_OK attempts=1 streak=0
[2026-09-16T06:26:32.550Z] batch=field-waveform-1789539963534-12 D2 MODE_SWITCH_START state=MODE_SWITCHING attempts=1 streak=0 attempt=1
[2026-09-16T06:26:32.551Z] batch=field-waveform-1789539963534-12 D2 MODE_SWITCH_OK state=MODE_SWITCH_OK attempts=1 streak=0
[2026-09-16T06:26:32.552Z] batch=field-waveform-1789539963534-12 D6 MODE_SWITCH_START state=MODE_SWITCHING attempts=1 streak=0 attempt=1
[2026-09-16T06:26:32.554Z] batch=field-waveform-1789539963534-12 D6 MODE_SWITCH_OK state=MODE_SWITCH_OK attempts=1 streak=0
[2026-09-16T06:26:42.167Z] batch=field-waveform-1789539963534-12 D1 MODE_SWITCH_START state=MODE_SWITCHING attempts=1 streak=0 attempt=1
[2026-09-16T06:26:42.170Z] batch=field-waveform-1789539963534-12 D1 MODE_SWITCH_OK state=MODE_SWITCH_OK attempts=1 streak=0
[2026-09-16T06:26:42.184Z] batch=field-waveform-1789539963534-12 D3 MODE_SWITCH_START state=MODE_SWITCHING attempts=1 streak=0 attempt=1
[2026-09-16T06:26:42.187Z] batch=field-waveform-1789539963534-12 D3 MODE_SWITCH_OK state=MODE_SWITCH_OK attempts=1 streak=0
[2026-09-16T06:26:42.191Z] batch=field-waveform-1789539963534-12 D4 MODE_SWITCH_START state=MODE_SWITCHING attempts=1 streak=0 attempt=1
[2026-09-16T06:26:42.195Z] batch=field-waveform-1789539963534-12 D4 MODE_SWITCH_OK state=MODE_SWITCH_OK attempts=1 streak=0
[2026-09-16T06:26:42.561Z] batch=field-waveform-1789539963534-12 D5 MODE_SWITCH_START state=MODE_SWITCHING attempts=1 streak=0 attempt=1
[2026-09-16T06:26:42.564Z] batch=field-waveform-1789539963534-12 D5 MODE_SWITCH_OK state=MODE_SWITCH_OK attempts=1 streak=0
[2026-09-16T06:26:42.567Z] batch=field-waveform-1789539963534-12 D2 MODE_SWITCH_START state=MODE_SWITCHING attempts=1 streak=0 attempt=1
[2026-09-16T06:26:42.568Z] batch=field-waveform-1789539963534-12 D2 MODE_SWITCH_OK state=MODE_SWITCH_OK attempts=1 streak=0
[2026-09-16T06:26:42.572Z] batch=field-waveform-1789539963534-12 D6 MODE_SWITCH_START state=MODE_SWITCHING attempts=1 streak=0 attempt=1
[2026-09-16T06:26:42.573Z] batch=field-waveform-1789539963534-12 D6 MODE_SWITCH_OK state=MODE_SWITCH_OK attempts=1 streak=0
[2026-09-16T06:26:47.232Z] batch=field-waveform-1789539963534-12 D3 FIRST_FRAME state=FIRST_FRAME_RECEIVED attempts=1 streak=1
[2026-09-16T06:26:47.232Z] batch=field-waveform-1789539963534-12 D3 FIRST_VALID_SAMPLE state=FIRST_FRAME_RECEIVED attempts=1 streak=1
[2026-09-16T06:26:47.251Z] batch=field-waveform-1789539963534-12 D1 FIRST_FRAME state=FIRST_FRAME_RECEIVED attempts=1 streak=1
[2026-09-16T06:26:47.251Z] batch=field-waveform-1789539963534-12 D1 FIRST_VALID_SAMPLE state=FIRST_FRAME_RECEIVED attempts=1 streak=1
[2026-09-16T06:26:47.254Z] batch=field-waveform-1789539963534-12 D4 FIRST_FRAME state=FIRST_FRAME_RECEIVED attempts=1 streak=1
[2026-09-16T06:26:47.254Z] batch=field-waveform-1789539963534-12 D4 FIRST_VALID_SAMPLE state=FIRST_FRAME_RECEIVED attempts=1 streak=1
[2026-09-16T06:26:47.479Z] batch=field-waveform-1789539963534-12 D3 CHANNEL_SYNC_OK state=TEST_READY attempts=1 streak=5
[2026-09-16T06:26:47.479Z] batch=field-waveform-1789539963534-12 D3 TEST_READY state=TEST_READY attempts=1 streak=5
[2026-09-16T06:26:47.494Z] batch=field-waveform-1789539963534-12 D1 CHANNEL_SYNC_OK state=TEST_READY attempts=1 streak=5
[2026-09-16T06:26:47.495Z] batch=field-waveform-1789539963534-12 D1 TEST_READY state=TEST_READY attempts=1 streak=5
[2026-09-16T06:26:47.516Z] batch=field-waveform-1789539963534-12 D4 CHANNEL_SYNC_OK state=TEST_READY attempts=1 streak=5
[2026-09-16T06:26:47.516Z] batch=field-waveform-1789539963534-12 D4 TEST_READY state=TEST_READY attempts=1 streak=5
[2026-09-16T06:26:47.606Z] batch=field-waveform-1789539963534-12 D5 FIRST_FRAME state=FIRST_FRAME_RECEIVED attempts=1 streak=1
[2026-09-16T06:26:47.606Z] batch=field-waveform-1789539963534-12 D5 FIRST_VALID_SAMPLE state=FIRST_FRAME_RECEIVED attempts=1 streak=1
[2026-09-16T06:26:47.632Z] batch=field-waveform-1789539963534-12 D6 FIRST_FRAME state=FIRST_FRAME_RECEIVED attempts=1 streak=1
[2026-09-16T06:26:47.633Z] batch=field-waveform-1789539963534-12 D6 FIRST_VALID_SAMPLE state=FIRST_FRAME_RECEIVED attempts=1 streak=1
[2026-09-16T06:26:47.662Z] batch=field-waveform-1789539963534-12 D2 FIRST_FRAME state=FIRST_FRAME_RECEIVED attempts=1 streak=1
[2026-09-16T06:26:47.663Z] batch=field-waveform-1789539963534-12 D2 FIRST_VALID_SAMPLE state=FIRST_FRAME_RECEIVED attempts=1 streak=1
[2026-09-16T06:26:47.858Z] batch=field-waveform-1789539963534-12 D5 CHANNEL_SYNC_OK state=TEST_READY attempts=1 streak=5
[2026-09-16T06:26:47.859Z] batch=field-waveform-1789539963534-12 D5 TEST_READY state=TEST_READY attempts=1 streak=5
[2026-09-16T06:26:47.864Z] batch=field-waveform-1789539963534-12 D6 CHANNEL_SYNC_OK state=TEST_READY attempts=1 streak=5
[2026-09-16T06:26:47.865Z] batch=field-waveform-1789539963534-12 D6 TEST_READY state=TEST_READY attempts=1 streak=5
[2026-09-16T06:26:47.909Z] batch=field-waveform-1789539963534-12 D2 CHANNEL_SYNC_OK state=TEST_READY attempts=1 streak=5
[2026-09-16T06:26:47.909Z] batch=field-waveform-1789539963534-12 D2 TEST_READY state=TEST_READY attempts=1 streak=5
[2026-09-16T06:29:06.149Z] batch=field-waveform-1789539963534-12 D4 MODE_SWITCH_START state=MODE_SWITCHING attempts=1 streak=0 attempt=1
[2026-09-16T06:29:06.150Z] batch=field-waveform-1789539963534-12 D4 MODE_SWITCH_OK state=MODE_SWITCH_OK attempts=1 streak=0
[2026-09-16T06:29:07.488Z] batch=field-waveform-1789540147487-13 D1 MODE_SWITCH_START state=MODE_SWITCHING attempts=1 streak=0 attempt=1
[2026-09-16T06:29:07.489Z] batch=field-waveform-1789540147487-13 D2 MODE_SWITCH_START state=MODE_SWITCHING attempts=1 streak=0 attempt=1
[2026-09-16T06:29:07.490Z] batch=field-waveform-1789540147487-13 D3 MODE_SWITCH_START state=MODE_SWITCHING attempts=1 streak=0 attempt=1
[2026-09-16T06:29:07.491Z] batch=field-waveform-1789540147487-13 D4 MODE_SWITCH_START state=MODE_SWITCHING attempts=1 streak=0 attempt=1
[2026-09-16T06:29:07.491Z] batch=field-waveform-1789540147487-13 D5 MODE_SWITCH_START state=MODE_SWITCHING attempts=1 streak=0 attempt=1
[2026-09-16T06:29:07.493Z] batch=field-waveform-1789540147487-13 D6 MODE_SWITCH_START state=MODE_SWITCHING attempts=1 streak=0 attempt=1
[2026-09-16T06:29:07.496Z] batch=field-waveform-1789540147487-13 D1 MODE_SWITCH_OK state=MODE_SWITCH_OK attempts=1 streak=0
[2026-09-16T06:29:07.500Z] batch=field-waveform-1789540147487-13 D2 MODE_SWITCH_OK state=MODE_SWITCH_OK attempts=1 streak=0
[2026-09-16T06:29:07.501Z] batch=field-waveform-1789540147487-13 D3 MODE_SWITCH_OK state=MODE_SWITCH_OK attempts=1 streak=0
[2026-09-16T06:29:07.501Z] batch=field-waveform-1789540147487-13 D4 MODE_SWITCH_OK state=MODE_SWITCH_OK attempts=1 streak=0
[2026-09-16T06:29:07.502Z] batch=field-waveform-1789540147487-13 D5 MODE_SWITCH_OK state=MODE_SWITCH_OK attempts=1 streak=0
[2026-09-16T06:29:07.506Z] batch=field-waveform-1789540147487-13 D6 MODE_SWITCH_OK state=MODE_SWITCH_OK attempts=1 streak=0
[2026-09-16T06:29:07.508Z] batch=field-waveform-1789540147487-13 D6 FIRST_FRAME state=FIRST_FRAME_RECEIVED attempts=1 streak=1
[2026-09-16T06:29:07.509Z] batch=field-waveform-1789540147487-13 D6 FIRST_VALID_SAMPLE state=FIRST_FRAME_RECEIVED attempts=1 streak=1
[2026-09-16T06:29:07.513Z] batch=field-waveform-1789540147487-13 D3 FIRST_FRAME state=FIRST_FRAME_RECEIVED attempts=1 streak=1
[2026-09-16T06:29:07.513Z] batch=field-waveform-1789540147487-13 D3 FIRST_VALID_SAMPLE state=FIRST_FRAME_RECEIVED attempts=1 streak=1
[2026-09-16T06:29:07.514Z] batch=field-waveform-1789540147487-13 D5 FIRST_FRAME state=FIRST_FRAME_RECEIVED attempts=1 streak=1
[2026-09-16T06:29:07.514Z] batch=field-waveform-1789540147487-13 D5 FIRST_VALID_SAMPLE state=FIRST_FRAME_RECEIVED attempts=1 streak=1
[2026-09-16T06:29:07.574Z] batch=field-waveform-1789540147487-13 D1 FIRST_FRAME state=FIRST_FRAME_RECEIVED attempts=1 streak=1
[2026-09-16T06:29:07.574Z] batch=field-waveform-1789540147487-13 D1 FIRST_VALID_SAMPLE state=FIRST_FRAME_RECEIVED attempts=1 streak=1
[2026-09-16T06:29:16.161Z] batch=field-waveform-1789540147487-13 D4 MODE_SWITCH_START state=MODE_SWITCHING attempts=1 streak=0 attempt=1
[2026-09-16T06:29:16.166Z] batch=field-waveform-1789540147487-13 D4 MODE_SWITCH_OK state=MODE_SWITCH_OK attempts=1 streak=0
[2026-09-16T06:29:16.168Z] batch=field-waveform-1789540147487-13 D2 MODE_SWITCH_START state=MODE_SWITCHING attempts=1 streak=0 attempt=1
[2026-09-16T06:29:16.169Z] batch=field-waveform-1789540147487-13 D2 MODE_SWITCH_OK state=MODE_SWITCH_OK attempts=1 streak=0
[2026-09-16T06:29:26.056Z] batch=field-waveform-1789540147487-13 D6 MODE_SWITCH_START state=MODE_SWITCHING attempts=1 streak=0 attempt=1
[2026-09-16T06:29:26.058Z] batch=field-waveform-1789540147487-13 D6 MODE_SWITCH_OK state=MODE_SWITCH_OK attempts=1 streak=0
[2026-09-16T06:29:26.072Z] batch=field-waveform-1789540147487-13 D3 MODE_SWITCH_START state=MODE_SWITCHING attempts=1 streak=0 attempt=1
[2026-09-16T06:29:26.073Z] batch=field-waveform-1789540147487-13 D3 MODE_SWITCH_OK state=MODE_SWITCH_OK attempts=1 streak=0
[2026-09-16T06:29:26.133Z] batch=field-waveform-1789540147487-13 D5 MODE_SWITCH_START state=MODE_SWITCHING attempts=1 streak=0 attempt=1
[2026-09-16T06:29:26.142Z] batch=field-waveform-1789540147487-13 D5 MODE_SWITCH_OK state=MODE_SWITCH_OK attempts=1 streak=0
[2026-09-16T06:29:26.148Z] batch=field-waveform-1789540147487-13 D1 MODE_SWITCH_START state=MODE_SWITCHING attempts=1 streak=0 attempt=1
[2026-09-16T06:29:26.148Z] batch=field-waveform-1789540147487-13 D1 MODE_SWITCH_OK state=MODE_SWITCH_OK attempts=1 streak=0
[2026-09-16T06:29:26.178Z] batch=field-waveform-1789540147487-13 D4 MODE_SWITCH_START state=MODE_SWITCHING attempts=1 streak=0 attempt=1
[2026-09-16T06:29:26.180Z] batch=field-waveform-1789540147487-13 D4 MODE_SWITCH_OK state=MODE_SWITCH_OK attempts=1 streak=0
[2026-09-16T06:29:26.180Z] batch=field-waveform-1789540147487-13 D2 MODE_SWITCH_START state=MODE_SWITCHING attempts=1 streak=0 attempt=1
[2026-09-16T06:29:26.181Z] batch=field-waveform-1789540147487-13 D2 MODE_SWITCH_OK state=MODE_SWITCH_OK attempts=1 streak=0
[2026-09-16T06:29:36.087Z] batch=field-waveform-1789540147487-13 D6 MODE_SWITCH_START state=MODE_SWITCHING attempts=1 streak=0 attempt=1
[2026-09-16T06:29:36.102Z] batch=field-waveform-1789540147487-13 D6 MODE_SWITCH_OK state=MODE_SWITCH_OK attempts=1 streak=0
[2026-09-16T06:29:36.114Z] batch=field-waveform-1789540147487-13 D3 MODE_SWITCH_START state=MODE_SWITCHING attempts=1 streak=0 attempt=1
[2026-09-16T06:29:36.116Z] batch=field-waveform-1789540147487-13 D3 MODE_SWITCH_OK state=MODE_SWITCH_OK attempts=1 streak=0
[2026-09-16T06:29:36.155Z] batch=field-waveform-1789540147487-13 D5 MODE_SWITCH_START state=MODE_SWITCHING attempts=1 streak=0 attempt=1
[2026-09-16T06:29:36.156Z] batch=field-waveform-1789540147487-13 D5 MODE_SWITCH_OK state=MODE_SWITCH_OK attempts=1 streak=0
[2026-09-16T06:29:36.160Z] batch=field-waveform-1789540147487-13 D1 MODE_SWITCH_START state=MODE_SWITCHING attempts=1 streak=0 attempt=1
[2026-09-16T06:29:36.161Z] batch=field-waveform-1789540147487-13 D1 MODE_SWITCH_OK state=MODE_SWITCH_OK attempts=1 streak=0
[2026-09-16T06:29:36.187Z] batch=field-waveform-1789540147487-13 D4 MODE_SWITCH_START state=MODE_SWITCHING attempts=1 streak=0 attempt=1
[2026-09-16T06:29:36.189Z] batch=field-waveform-1789540147487-13 D4 MODE_SWITCH_OK state=MODE_SWITCH_OK attempts=1 streak=0
[2026-09-16T06:29:36.190Z] batch=field-waveform-1789540147487-13 D2 MODE_SWITCH_START state=MODE_SWITCHING attempts=1 streak=0 attempt=1
[2026-09-16T06:29:36.193Z] batch=field-waveform-1789540147487-13 D2 MODE_SWITCH_OK state=MODE_SWITCH_OK attempts=1 streak=0
[2026-09-16T06:29:38.340Z] batch=field-waveform-1789540178339-14 D1 MODE_SWITCH_START state=MODE_SWITCHING attempts=1 streak=0 attempt=1
[2026-09-16T06:29:38.343Z] batch=field-waveform-1789540178339-14 D2 MODE_SWITCH_START state=MODE_SWITCHING attempts=1 streak=0 attempt=1
[2026-09-16T06:29:38.344Z] batch=field-waveform-1789540178339-14 D3 MODE_SWITCH_START state=MODE_SWITCHING attempts=1 streak=0 attempt=1
[2026-09-16T06:29:38.344Z] batch=field-waveform-1789540178339-14 D4 MODE_SWITCH_START state=MODE_SWITCHING attempts=1 streak=0 attempt=1
[2026-09-16T06:29:38.346Z] batch=field-waveform-1789540178339-14 D5 MODE_SWITCH_START state=MODE_SWITCHING attempts=1 streak=0 attempt=1
[2026-09-16T06:29:38.346Z] batch=field-waveform-1789540178339-14 D6 MODE_SWITCH_START state=MODE_SWITCHING attempts=1 streak=0 attempt=1
[2026-09-16T06:29:38.350Z] batch=field-waveform-1789540178339-14 D1 MODE_SWITCH_OK state=MODE_SWITCH_OK attempts=1 streak=0
[2026-09-16T06:29:38.351Z] batch=field-waveform-1789540178339-14 D2 MODE_SWITCH_OK state=MODE_SWITCH_OK attempts=1 streak=0
[2026-09-16T06:29:38.352Z] batch=field-waveform-1789540178339-14 D3 MODE_SWITCH_OK state=MODE_SWITCH_OK attempts=1 streak=0
[2026-09-16T06:29:38.352Z] batch=field-waveform-1789540178339-14 D4 MODE_SWITCH_OK state=MODE_SWITCH_OK attempts=1 streak=0
[2026-09-16T06:29:38.353Z] batch=field-waveform-1789540178339-14 D5 MODE_SWITCH_OK state=MODE_SWITCH_OK attempts=1 streak=0
[2026-09-16T06:29:38.354Z] batch=field-waveform-1789540178339-14 D6 MODE_SWITCH_OK state=MODE_SWITCH_OK attempts=1 streak=0
[2026-09-16T06:29:46.110Z] batch=field-waveform-1789540178339-14 D6 MODE_SWITCH_START state=MODE_SWITCHING attempts=1 streak=0 attempt=1
[2026-09-16T06:29:46.112Z] batch=field-waveform-1789540178339-14 D6 MODE_SWITCH_OK state=MODE_SWITCH_OK attempts=1 streak=0
[2026-09-16T06:29:46.118Z] batch=field-waveform-1789540178339-14 D3 MODE_SWITCH_START state=MODE_SWITCHING attempts=1 streak=0 attempt=1
[2026-09-16T06:29:46.119Z] batch=field-waveform-1789540178339-14 D3 MODE_SWITCH_OK state=MODE_SWITCH_OK attempts=1 streak=0
[2026-09-16T06:29:46.171Z] batch=field-waveform-1789540178339-14 D5 MODE_SWITCH_START state=MODE_SWITCHING attempts=1 streak=0 attempt=1
[2026-09-16T06:29:46.172Z] batch=field-waveform-1789540178339-14 D5 MODE_SWITCH_OK state=MODE_SWITCH_OK attempts=1 streak=0
[2026-09-16T06:29:46.174Z] batch=field-waveform-1789540178339-14 D1 MODE_SWITCH_START state=MODE_SWITCHING attempts=1 streak=0 attempt=1
[2026-09-16T06:29:46.175Z] batch=field-waveform-1789540178339-14 D1 MODE_SWITCH_OK state=MODE_SWITCH_OK attempts=1 streak=0
[2026-09-16T06:29:46.202Z] batch=field-waveform-1789540178339-14 D4 MODE_SWITCH_START state=MODE_SWITCHING attempts=1 streak=0 attempt=1
[2026-09-16T06:29:46.204Z] batch=field-waveform-1789540178339-14 D4 MODE_SWITCH_OK state=MODE_SWITCH_OK attempts=1 streak=0
[2026-09-16T06:29:46.205Z] batch=field-waveform-1789540178339-14 D2 MODE_SWITCH_START state=MODE_SWITCHING attempts=1 streak=0 attempt=1
[2026-09-16T06:29:46.207Z] batch=field-waveform-1789540178339-14 D2 MODE_SWITCH_OK state=MODE_SWITCH_OK attempts=1 streak=0
[2026-09-16T06:29:56.123Z] batch=field-waveform-1789540178339-14 D6 MODE_SWITCH_START state=MODE_SWITCHING attempts=1 streak=0 attempt=1
[2026-09-16T06:29:56.124Z] batch=field-waveform-1789540178339-14 D6 MODE_SWITCH_OK state=MODE_SWITCH_OK attempts=1 streak=0
[2026-09-16T06:29:56.125Z] batch=field-waveform-1789540178339-14 D3 MODE_SWITCH_START state=MODE_SWITCHING attempts=1 streak=0 attempt=1
[2026-09-16T06:29:56.125Z] batch=field-waveform-1789540178339-14 D3 MODE_SWITCH_OK state=MODE_SWITCH_OK attempts=1 streak=0
[2026-09-16T06:29:56.183Z] batch=field-waveform-1789540178339-14 D5 MODE_SWITCH_START state=MODE_SWITCHING attempts=1 streak=0 attempt=1
[2026-09-16T06:29:56.184Z] batch=field-waveform-1789540178339-14 D5 MODE_SWITCH_OK state=MODE_SWITCH_OK attempts=1 streak=0
[2026-09-16T06:29:56.185Z] batch=field-waveform-1789540178339-14 D1 MODE_SWITCH_START state=MODE_SWITCHING attempts=1 streak=0 attempt=1
[2026-09-16T06:29:56.186Z] batch=field-waveform-1789540178339-14 D1 MODE_SWITCH_OK state=MODE_SWITCH_OK attempts=1 streak=0
[2026-09-16T06:29:56.207Z] batch=field-waveform-1789540178339-14 D4 MODE_SWITCH_START state=MODE_SWITCHING attempts=1 streak=0 attempt=1
[2026-09-16T06:29:56.208Z] batch=field-waveform-1789540178339-14 D4 MODE_SWITCH_OK state=MODE_SWITCH_OK attempts=1 streak=0
[2026-09-16T06:29:56.209Z] batch=field-waveform-1789540178339-14 D2 MODE_SWITCH_START state=MODE_SWITCHING attempts=1 streak=0 attempt=1
[2026-09-16T06:29:56.209Z] batch=field-waveform-1789540178339-14 D2 MODE_SWITCH_OK state=MODE_SWITCH_OK attempts=1 streak=0
[2026-09-16T06:30:06.126Z] batch=field-waveform-1789540178339-14 D6 MODE_SWITCH_START state=MODE_SWITCHING attempts=1 streak=0 attempt=1
[2026-09-16T06:30:06.127Z] batch=field-waveform-1789540178339-14 D6 MODE_SWITCH_OK state=MODE_SWITCH_OK attempts=1 streak=0
[2026-09-16T06:30:06.129Z] batch=field-waveform-1789540178339-14 D3 MODE_SWITCH_START state=MODE_SWITCHING attempts=1 streak=0 attempt=1
[2026-09-16T06:30:06.131Z] batch=field-waveform-1789540178339-14 D3 MODE_SWITCH_OK state=MODE_SWITCH_OK attempts=1 streak=0
[2026-09-16T06:30:06.189Z] batch=field-waveform-1789540178339-14 D5 MODE_SWITCH_START state=MODE_SWITCHING attempts=1 streak=0 attempt=1
[2026-09-16T06:30:06.191Z] batch=field-waveform-1789540178339-14 D5 MODE_SWITCH_OK state=MODE_SWITCH_OK attempts=1 streak=0
[2026-09-16T06:30:06.192Z] batch=field-waveform-1789540178339-14 D1 MODE_SWITCH_START state=MODE_SWITCHING attempts=1 streak=0 attempt=1
[2026-09-16T06:30:06.194Z] batch=field-waveform-1789540178339-14 D1 MODE_SWITCH_OK state=MODE_SWITCH_OK attempts=1 streak=0
[2026-09-16T06:30:06.208Z] batch=field-waveform-1789540178339-14 D4 MODE_SWITCH_START state=MODE_SWITCHING attempts=1 streak=0 attempt=1
[2026-09-16T06:30:06.209Z] batch=field-waveform-1789540178339-14 D4 MODE_SWITCH_OK state=MODE_SWITCH_OK attempts=1 streak=0
[2026-09-16T06:30:06.211Z] batch=field-waveform-1789540178339-14 D2 MODE_SWITCH_START state=MODE_SWITCHING attempts=1 streak=0 attempt=1
[2026-09-16T06:30:06.217Z] batch=field-waveform-1789540178339-14 D2 MODE_SWITCH_OK state=MODE_SWITCH_OK attempts=1 streak=0
[2026-09-16T06:30:16.147Z] batch=field-waveform-1789540178339-14 D6 MODE_SWITCH_START state=MODE_SWITCHING attempts=1 streak=0 attempt=1
[2026-09-16T06:30:16.148Z] batch=field-waveform-1789540178339-14 D6 MODE_SWITCH_OK state=MODE_SWITCH_OK attempts=1 streak=0
[2026-09-16T06:30:16.149Z] batch=field-waveform-1789540178339-14 D3 MODE_SWITCH_START state=MODE_SWITCHING attempts=1 streak=0 attempt=1
[2026-09-16T06:30:16.150Z] batch=field-waveform-1789540178339-14 D3 MODE_SWITCH_OK state=MODE_SWITCH_OK attempts=1 streak=0
[2026-09-16T06:30:16.202Z] batch=field-waveform-1789540178339-14 D5 MODE_SWITCH_START state=MODE_SWITCHING attempts=1 streak=0 attempt=1
[2026-09-16T06:30:16.205Z] batch=field-waveform-1789540178339-14 D5 MODE_SWITCH_OK state=MODE_SWITCH_OK attempts=1 streak=0
[2026-09-16T06:30:16.206Z] batch=field-waveform-1789540178339-14 D1 MODE_SWITCH_START state=MODE_SWITCHING attempts=1 streak=0 attempt=1
[2026-09-16T06:30:16.207Z] batch=field-waveform-1789540178339-14 D1 MODE_SWITCH_OK state=MODE_SWITCH_OK attempts=1 streak=0
[2026-09-16T06:30:16.218Z] batch=field-waveform-1789540178339-14 D4 MODE_SWITCH_START state=MODE_SWITCHING attempts=1 streak=0 attempt=1
[2026-09-16T06:30:16.221Z] batch=field-waveform-1789540178339-14 D4 MODE_SWITCH_OK state=MODE_SWITCH_OK attempts=1 streak=0
[2026-09-16T06:30:16.222Z] batch=field-waveform-1789540178339-14 D2 MODE_SWITCH_START state=MODE_SWITCHING attempts=1 streak=0 attempt=1
[2026-09-16T06:30:16.223Z] batch=field-waveform-1789540178339-14 D2 MODE_SWITCH_OK state=MODE_SWITCH_OK attempts=1 streak=0
[2026-09-16T06:30:21.383Z] batch=field-waveform-1789540178339-14 D2 FIRST_FRAME state=FIRST_FRAME_RECEIVED attempts=1 streak=1
[2026-09-16T06:30:21.383Z] batch=field-waveform-1789540178339-14 D2 FIRST_VALID_SAMPLE state=FIRST_FRAME_RECEIVED attempts=1 streak=1
[2026-09-16T06:30:21.384Z] batch=field-waveform-1789540178339-14 D3 FIRST_FRAME state=FIRST_FRAME_RECEIVED attempts=1 streak=1
[2026-09-16T06:30:21.384Z] batch=field-waveform-1789540178339-14 D3 FIRST_VALID_SAMPLE state=FIRST_FRAME_RECEIVED attempts=1 streak=1
[2026-09-16T06:30:21.385Z] batch=field-waveform-1789540178339-14 D6 FIRST_FRAME state=FIRST_FRAME_RECEIVED attempts=1 streak=1
[2026-09-16T06:30:21.385Z] batch=field-waveform-1789540178339-14 D6 FIRST_VALID_SAMPLE state=FIRST_FRAME_RECEIVED attempts=1 streak=1
[2026-09-16T06:30:21.395Z] batch=field-waveform-1789540178339-14 D5 FIRST_FRAME state=FIRST_FRAME_RECEIVED attempts=1 streak=1
[2026-09-16T06:30:21.395Z] batch=field-waveform-1789540178339-14 D5 FIRST_VALID_SAMPLE state=FIRST_FRAME_RECEIVED attempts=1 streak=1
[2026-09-16T06:30:21.395Z] batch=field-waveform-1789540178339-14 D4 FIRST_FRAME state=FIRST_FRAME_RECEIVED attempts=1 streak=1
[2026-09-16T06:30:21.396Z] batch=field-waveform-1789540178339-14 D4 FIRST_VALID_SAMPLE state=FIRST_FRAME_RECEIVED attempts=1 streak=1
[2026-09-16T06:30:21.396Z] batch=field-waveform-1789540178339-14 D1 FIRST_FRAME state=FIRST_FRAME_RECEIVED attempts=1 streak=1
[2026-09-16T06:30:21.397Z] batch=field-waveform-1789540178339-14 D1 FIRST_VALID_SAMPLE state=FIRST_FRAME_RECEIVED attempts=1 streak=1
[2026-09-16T06:30:21.617Z] batch=field-waveform-1789540178339-14 D2 CHANNEL_SYNC_OK state=TEST_READY attempts=1 streak=5
[2026-09-16T06:30:21.617Z] batch=field-waveform-1789540178339-14 D2 TEST_READY state=TEST_READY attempts=1 streak=5
[2026-09-16T06:30:21.619Z] batch=field-waveform-1789540178339-14 D3 CHANNEL_SYNC_OK state=TEST_READY attempts=1 streak=5
[2026-09-16T06:30:21.619Z] batch=field-waveform-1789540178339-14 D3 TEST_READY state=TEST_READY attempts=1 streak=5
[2026-09-16T06:30:21.631Z] batch=field-waveform-1789540178339-14 D6 CHANNEL_SYNC_OK state=TEST_READY attempts=1 streak=5
[2026-09-16T06:30:21.631Z] batch=field-waveform-1789540178339-14 D6 TEST_READY state=TEST_READY attempts=1 streak=5
[2026-09-16T06:30:21.635Z] batch=field-waveform-1789540178339-14 D5 CHANNEL_SYNC_OK state=TEST_READY attempts=1 streak=5
[2026-09-16T06:30:21.636Z] batch=field-waveform-1789540178339-14 D5 TEST_READY state=TEST_READY attempts=1 streak=5
[2026-09-16T06:30:21.641Z] batch=field-waveform-1789540178339-14 D1 CHANNEL_SYNC_OK state=TEST_READY attempts=1 streak=5
[2026-09-16T06:30:21.642Z] batch=field-waveform-1789540178339-14 D1 TEST_READY state=TEST_READY attempts=1 streak=5
[2026-09-16T06:30:21.644Z] batch=field-waveform-1789540178339-14 D4 CHANNEL_SYNC_OK state=TEST_READY attempts=1 streak=5
[2026-09-16T06:30:21.644Z] batch=field-waveform-1789540178339-14 D4 TEST_READY state=TEST_READY attempts=1 streak=5
[2026-09-16T06:31:15.966Z] batch=field-waveform-1789540178339-14 D3 MODE_SWITCH_START state=MODE_SWITCHING attempts=1 streak=0 attempt=1
[2026-09-16T06:31:15.967Z] batch=field-waveform-1789540178339-14 D3 MODE_SWITCH_OK state=MODE_SWITCH_OK attempts=1 streak=0
[2026-09-16T06:31:15.970Z] batch=field-waveform-1789540178339-14 D6 MODE_SWITCH_START state=MODE_SWITCHING attempts=1 streak=0 attempt=1
[2026-09-16T06:31:15.970Z] batch=field-waveform-1789540178339-14 D6 MODE_SWITCH_OK state=MODE_SWITCH_OK attempts=1 streak=0
[2026-09-16T06:31:15.973Z] batch=field-waveform-1789540178339-14 D1 MODE_SWITCH_START state=MODE_SWITCHING attempts=1 streak=0 attempt=1
[2026-09-16T06:31:15.974Z] batch=field-waveform-1789540178339-14 D1 MODE_SWITCH_OK state=MODE_SWITCH_OK attempts=1 streak=0
[2026-09-16T06:31:15.976Z] batch=field-waveform-1789540178339-14 D4 MODE_SWITCH_START state=MODE_SWITCHING attempts=1 streak=0 attempt=1
[2026-09-16T06:31:15.977Z] batch=field-waveform-1789540178339-14 D4 MODE_SWITCH_OK state=MODE_SWITCH_OK attempts=1 streak=0
[2026-09-16T06:31:15.981Z] batch=field-waveform-1789540178339-14 D2 MODE_SWITCH_START state=MODE_SWITCHING attempts=1 streak=0 attempt=1
[2026-09-16T06:31:15.982Z] batch=field-waveform-1789540178339-14 D2 MODE_SWITCH_OK state=MODE_SWITCH_OK attempts=1 streak=0
[2026-09-16T06:31:16.107Z] batch=field-waveform-1789540178339-14 D5 MODE_SWITCH_START state=MODE_SWITCHING attempts=1 streak=0 attempt=1
[2026-09-16T06:31:16.108Z] batch=field-waveform-1789540178339-14 D5 MODE_SWITCH_OK state=MODE_SWITCH_OK attempts=1 streak=0
[2026-09-16T06:31:25.974Z] batch=field-waveform-1789540178339-14 D3 MODE_SWITCH_START state=MODE_SWITCHING attempts=1 streak=0 attempt=1
[2026-09-16T06:31:25.975Z] batch=field-waveform-1789540178339-14 D3 MODE_SWITCH_OK state=MODE_SWITCH_OK attempts=1 streak=0
[2026-09-16T06:31:26.188Z] batch=field-waveform-1789540178339-14 D6 MODE_SWITCH_START state=MODE_SWITCHING attempts=1 streak=0 attempt=1
[2026-09-16T06:31:26.189Z] batch=field-waveform-1789540178339-14 D6 MODE_SWITCH_OK state=MODE_SWITCH_OK attempts=1 streak=0
[2026-09-16T06:31:26.192Z] batch=field-waveform-1789540178339-14 D1 MODE_SWITCH_START state=MODE_SWITCHING attempts=1 streak=0 attempt=1
[2026-09-16T06:31:26.192Z] batch=field-waveform-1789540178339-14 D1 MODE_SWITCH_OK state=MODE_SWITCH_OK attempts=1 streak=0
[2026-09-16T06:31:26.195Z] batch=field-waveform-1789540178339-14 D4 MODE_SWITCH_START state=MODE_SWITCHING attempts=1 streak=0 attempt=1
[2026-09-16T06:31:26.196Z] batch=field-waveform-1789540178339-14 D4 MODE_SWITCH_OK state=MODE_SWITCH_OK attempts=1 streak=0
[2026-09-16T06:31:26.198Z] batch=field-waveform-1789540178339-14 D2 MODE_SWITCH_START state=MODE_SWITCHING attempts=1 streak=0 attempt=1
[2026-09-16T06:31:26.199Z] batch=field-waveform-1789540178339-14 D2 MODE_SWITCH_OK state=MODE_SWITCH_OK attempts=1 streak=0
[2026-09-16T06:31:26.201Z] batch=field-waveform-1789540178339-14 D5 MODE_SWITCH_START state=MODE_SWITCHING attempts=1 streak=0 attempt=1
[2026-09-16T06:31:26.204Z] batch=field-waveform-1789540178339-14 D5 MODE_SWITCH_OK state=MODE_SWITCH_OK attempts=1 streak=0
[2026-09-16T06:31:31.072Z] batch=field-waveform-1789540178339-14 D3 FIRST_FRAME state=FIRST_FRAME_RECEIVED attempts=1 streak=1
[2026-09-16T06:31:31.074Z] batch=field-waveform-1789540178339-14 D3 FIRST_VALID_SAMPLE state=FIRST_FRAME_RECEIVED attempts=1 streak=1
[2026-09-16T06:31:31.297Z] batch=field-waveform-1789540178339-14 D3 CHANNEL_SYNC_OK state=TEST_READY attempts=1 streak=5
[2026-09-16T06:31:31.298Z] batch=field-waveform-1789540178339-14 D3 TEST_READY state=TEST_READY attempts=1 streak=5
[2026-09-16T06:31:31.322Z] batch=field-waveform-1789540178339-14 D6 FIRST_FRAME state=FIRST_FRAME_RECEIVED attempts=1 streak=1
[2026-09-16T06:31:31.322Z] batch=field-waveform-1789540178339-14 D6 FIRST_VALID_SAMPLE state=FIRST_FRAME_RECEIVED attempts=1 streak=1
[2026-09-16T06:31:31.326Z] batch=field-waveform-1789540178339-14 D5 FIRST_FRAME state=FIRST_FRAME_RECEIVED attempts=1 streak=1
[2026-09-16T06:31:31.326Z] batch=field-waveform-1789540178339-14 D5 FIRST_VALID_SAMPLE state=FIRST_FRAME_RECEIVED attempts=1 streak=1
[2026-09-16T06:31:31.327Z] batch=field-waveform-1789540178339-14 D4 FIRST_FRAME state=FIRST_FRAME_RECEIVED attempts=1 streak=1
[2026-09-16T06:31:31.327Z] batch=field-waveform-1789540178339-14 D4 FIRST_VALID_SAMPLE state=FIRST_FRAME_RECEIVED attempts=1 streak=1
[2026-09-16T06:31:31.328Z] batch=field-waveform-1789540178339-14 D1 FIRST_FRAME state=FIRST_FRAME_RECEIVED attempts=1 streak=1
[2026-09-16T06:31:31.329Z] batch=field-waveform-1789540178339-14 D1 FIRST_VALID_SAMPLE state=FIRST_FRAME_RECEIVED attempts=1 streak=1
[2026-09-16T06:31:31.330Z] batch=field-waveform-1789540178339-14 D2 FIRST_FRAME state=FIRST_FRAME_RECEIVED attempts=1 streak=1
[2026-09-16T06:31:31.331Z] batch=field-waveform-1789540178339-14 D2 FIRST_VALID_SAMPLE state=FIRST_FRAME_RECEIVED attempts=1 streak=1
[2026-09-16T06:31:31.584Z] batch=field-waveform-1789540178339-14 D4 CHANNEL_SYNC_OK state=TEST_READY attempts=1 streak=5
[2026-09-16T06:31:31.584Z] batch=field-waveform-1789540178339-14 D4 TEST_READY state=TEST_READY attempts=1 streak=5
[2026-09-16T06:31:31.586Z] batch=field-waveform-1789540178339-14 D1 CHANNEL_SYNC_OK state=TEST_READY attempts=1 streak=5
[2026-09-16T06:31:31.586Z] batch=field-waveform-1789540178339-14 D1 TEST_READY state=TEST_READY attempts=1 streak=5
[2026-09-16T06:31:31.587Z] batch=field-waveform-1789540178339-14 D2 CHANNEL_SYNC_OK state=TEST_READY attempts=1 streak=5
[2026-09-16T06:31:31.587Z] batch=field-waveform-1789540178339-14 D2 TEST_READY state=TEST_READY attempts=1 streak=5
[2026-09-16T06:31:31.588Z] batch=field-waveform-1789540178339-14 D6 CHANNEL_SYNC_OK state=TEST_READY attempts=1 streak=5
[2026-09-16T06:31:31.588Z] batch=field-waveform-1789540178339-14 D6 TEST_READY state=TEST_READY attempts=1 streak=5
[2026-09-16T06:31:31.591Z] batch=field-waveform-1789540178339-14 D5 CHANNEL_SYNC_OK state=TEST_READY attempts=1 streak=5
[2026-09-16T06:31:31.591Z] batch=field-waveform-1789540178339-14 D5 TEST_READY state=TEST_READY attempts=1 streak=5
