[2026-09-10T02:43:15.579Z] batch=field-waveform-1789008035482-1 D3 MODE_SWITCH_START state=MODE_SWITCHING attempts=1 streak=0 attempt=1
[2026-09-10T02:43:15.593Z] batch=field-waveform-1789008035482-1 D3 MODE_SWITCH_OK state=MODE_SWITCH_OK attempts=1 streak=0
[2026-09-10T02:43:15.600Z] batch=field-waveform-1789008035482-1 D1 MODE_SWITCH_START state=MODE_SWITCHING attempts=1 streak=0 attempt=1
[2026-09-10T02:43:15.605Z] batch=field-waveform-1789008035482-1 D1 MODE_SWITCH_OK state=MODE_SWITCH_OK attempts=1 streak=0
[2026-09-10T02:43:15.612Z] batch=field-waveform-1789008035482-1 D6 MODE_SWITCH_START state=MODE_SWITCHING attempts=1 streak=0 attempt=1
[2026-09-10T02:43:15.615Z] batch=field-waveform-1789008035482-1 D6 MODE_SWITCH_OK state=MODE_SWITCH_OK attempts=1 streak=0
[2026-09-10T02:43:15.626Z] batch=field-waveform-1789008035482-1 D4 MODE_SWITCH_START state=MODE_SWITCHING attempts=1 streak=0 attempt=1
[2026-09-10T02:43:15.630Z] batch=field-waveform-1789008035482-1 D4 MODE_SWITCH_OK state=MODE_SWITCH_OK attempts=1 streak=0
[2026-09-10T02:43:15.638Z] batch=field-waveform-1789008035482-1 D5 MODE_SWITCH_START state=MODE_SWITCHING attempts=1 streak=0 attempt=1
[2026-09-10T02:43:15.640Z] batch=field-waveform-1789008035482-1 D5 MODE_SWITCH_OK state=MODE_SWITCH_OK attempts=1 streak=0
[2026-09-10T02:43:15.646Z] batch=field-waveform-1789008035482-1 D2 MODE_SWITCH_START state=MODE_SWITCHING attempts=1 streak=0 attempt=1
[2026-09-10T02:43:15.648Z] batch=field-waveform-1789008035482-1 D2 MODE_SWITCH_OK state=MODE_SWITCH_OK attempts=1 streak=0
[2026-09-10T02:43:25.940Z] batch=field-waveform-1789008035482-1 D3 MODE_SWITCH_START state=MODE_SWITCHING attempts=1 streak=0 attempt=1
[2026-09-10T02:43:25.952Z] batch=field-waveform-1789008035482-1 D3 MODE_SWITCH_OK state=MODE_SWITCH_OK attempts=1 streak=0
[2026-09-10T02:43:25.959Z] batch=field-waveform-1789008035482-1 D1 MODE_SWITCH_START state=MODE_SWITCHING attempts=1 streak=0 attempt=1
[2026-09-10T02:43:25.963Z] batch=field-waveform-1789008035482-1 D1 MODE_SWITCH_OK state=MODE_SWITCH_OK attempts=1 streak=0
[2026-09-10T02:43:25.971Z] batch=field-waveform-1789008035482-1 D6 MODE_SWITCH_START state=MODE_SWITCHING attempts=1 streak=0 attempt=1
[2026-09-10T02:43:25.974Z] batch=field-waveform-1789008035482-1 D6 MODE_SWITCH_OK state=MODE_SWITCH_OK attempts=1 streak=0
[2026-09-10T02:43:25.983Z] batch=field-waveform-1789008035482-1 D4 MODE_SWITCH_START state=MODE_SWITCHING attempts=1 streak=0 attempt=1
[2026-09-10T02:43:25.986Z] batch=field-waveform-1789008035482-1 D4 MODE_SWITCH_OK state=MODE_SWITCH_OK attempts=1 streak=0
[2026-09-10T02:43:25.995Z] batch=field-waveform-1789008035482-1 D5 MODE_SWITCH_START state=MODE_SWITCHING attempts=1 streak=0 attempt=1
[2026-09-10T02:43:26.000Z] batch=field-waveform-1789008035482-1 D5 MODE_SWITCH_OK state=MODE_SWITCH_OK attempts=1 streak=0
[2026-09-10T02:43:26.008Z] batch=field-waveform-1789008035482-1 D2 MODE_SWITCH_START state=MODE_SWITCHING attempts=1 streak=0 attempt=1
[2026-09-10T02:43:26.014Z] batch=field-waveform-1789008035482-1 D2 MODE_SWITCH_OK state=MODE_SWITCH_OK attempts=1 streak=0
[2026-09-10T02:43:36.114Z] batch=field-waveform-1789008035482-1 D3 MODE_SWITCH_START state=MODE_SWITCHING attempts=1 streak=0 attempt=1
[2026-09-10T02:43:36.141Z] batch=field-waveform-1789008035482-1 D3 MODE_SWITCH_OK state=MODE_SWITCH_OK attempts=1 streak=0
[2026-09-10T02:43:36.156Z] batch=field-waveform-1789008035482-1 D1 MODE_SWITCH_START state=MODE_SWITCHING attempts=1 streak=0 attempt=1
[2026-09-10T02:43:36.166Z] batch=field-waveform-1789008035482-1 D1 MODE_SWITCH_OK state=MODE_SWITCH_OK attempts=1 streak=0
[2026-09-10T02:43:36.186Z] batch=field-waveform-1789008035482-1 D6 MODE_SWITCH_START state=MODE_SWITCHING attempts=1 streak=0 attempt=1
[2026-09-10T02:43:36.197Z] batch=field-waveform-1789008035482-1 D6 MODE_SWITCH_OK state=MODE_SWITCH_OK attempts=1 streak=0
[2026-09-10T02:43:36.206Z] batch=field-waveform-1789008035482-1 D4 MODE_SWITCH_START state=MODE_SWITCHING attempts=1 streak=0 attempt=1
[2026-09-10T02:43:36.210Z] batch=field-waveform-1789008035482-1 D4 MODE_SWITCH_OK state=MODE_SWITCH_OK attempts=1 streak=0
[2026-09-10T02:43:36.217Z] batch=field-waveform-1789008035482-1 D5 MODE_SWITCH_START state=MODE_SWITCHING attempts=1 streak=0 attempt=1
[2026-09-10T02:43:36.223Z] batch=field-waveform-1789008035482-1 D5 MODE_SWITCH_OK state=MODE_SWITCH_OK attempts=1 streak=0
[2026-09-10T02:43:36.231Z] batch=field-waveform-1789008035482-1 D2 MODE_SWITCH_START state=MODE_SWITCHING attempts=1 streak=0 attempt=1
[2026-09-10T02:43:36.238Z] batch=field-waveform-1789008035482-1 D2 MODE_SWITCH_OK state=MODE_SWITCH_OK attempts=1 streak=0
[2026-09-10T02:43:41.109Z] batch=field-waveform-1789008221108-2 D1 MODE_SWITCH_START state=MODE_SWITCHING attempts=1 streak=0 attempt=1
[2026-09-10T02:43:41.131Z] batch=field-waveform-1789008221108-2 D2 MODE_SWITCH_START state=MODE_SWITCHING attempts=1 streak=0 attempt=1
[2026-09-10T02:43:41.132Z] batch=field-waveform-1789008221108-2 D3 MODE_SWITCH_START state=MODE_SWITCHING attempts=1 streak=0 attempt=1
[2026-09-10T02:43:41.146Z] batch=field-waveform-1789008221108-2 D4 MODE_SWITCH_START state=MODE_SWITCHING attempts=1 streak=0 attempt=1
[2026-09-10T02:43:41.148Z] batch=field-waveform-1789008221108-2 D5 MODE_SWITCH_START state=MODE_SWITCHING attempts=1 streak=0 attempt=1
[2026-09-10T02:43:41.149Z] batch=field-waveform-1789008221108-2 D6 MODE_SWITCH_START state=MODE_SWITCHING attempts=1 streak=0 attempt=1
[2026-09-10T02:43:41.159Z] batch=field-waveform-1789008221108-2 D1 MODE_SWITCH_OK state=MODE_SWITCH_OK attempts=1 streak=0
[2026-09-10T02:43:41.161Z] batch=field-waveform-1789008221108-2 D2 MODE_SWITCH_OK state=MODE_SWITCH_OK attempts=1 streak=0
[2026-09-10T02:43:41.161Z] batch=field-waveform-1789008221108-2 D3 MODE_SWITCH_OK state=MODE_SWITCH_OK attempts=1 streak=0
[2026-09-10T02:43:41.162Z] batch=field-waveform-1789008221108-2 D4 MODE_SWITCH_OK state=MODE_SWITCH_OK attempts=1 streak=0
[2026-09-10T02:43:41.163Z] batch=field-waveform-1789008221108-2 D5 MODE_SWITCH_OK state=MODE_SWITCH_OK attempts=1 streak=0
[2026-09-10T02:43:41.164Z] batch=field-waveform-1789008221108-2 D6 MODE_SWITCH_OK state=MODE_SWITCH_OK attempts=1 streak=0
[2026-09-10T02:43:46.146Z] batch=field-waveform-1789008221108-2 D3 MODE_SWITCH_START state=MODE_SWITCHING attempts=1 streak=0 attempt=1
[2026-09-10T02:43:46.156Z] batch=field-waveform-1789008221108-2 D3 MODE_SWITCH_OK state=MODE_SWITCH_OK attempts=1 streak=0
[2026-09-10T02:43:46.174Z] batch=field-waveform-1789008221108-2 D1 MODE_SWITCH_START state=MODE_SWITCHING attempts=1 streak=0 attempt=1
[2026-09-10T02:43:46.186Z] batch=field-waveform-1789008221108-2 D1 MODE_SWITCH_OK state=MODE_SWITCH_OK attempts=1 streak=0
[2026-09-10T02:43:46.199Z] batch=field-waveform-1789008221108-2 D6 MODE_SWITCH_START state=MODE_SWITCHING attempts=1 streak=0 attempt=1
[2026-09-10T02:43:46.205Z] batch=field-waveform-1789008221108-2 D6 MODE_SWITCH_OK state=MODE_SWITCH_OK attempts=1 streak=0
[2026-09-10T02:43:46.210Z] batch=field-waveform-1789008221108-2 D4 MODE_SWITCH_START state=MODE_SWITCHING attempts=1 streak=0 attempt=1
[2026-09-10T02:43:46.212Z] batch=field-waveform-1789008221108-2 D4 MODE_SWITCH_OK state=MODE_SWITCH_OK attempts=1 streak=0
[2026-09-10T02:43:46.232Z] batch=field-waveform-1789008221108-2 D5 MODE_SWITCH_START state=MODE_SWITCHING attempts=1 streak=0 attempt=1
[2026-09-10T02:43:46.234Z] batch=field-waveform-1789008221108-2 D5 MODE_SWITCH_OK state=MODE_SWITCH_OK attempts=1 streak=0
[2026-09-10T02:43:46.249Z] batch=field-waveform-1789008221108-2 D2 MODE_SWITCH_START state=MODE_SWITCHING attempts=1 streak=0 attempt=1
[2026-09-10T02:43:46.250Z] batch=field-waveform-1789008221108-2 D2 MODE_SWITCH_OK state=MODE_SWITCH_OK attempts=1 streak=0
[2026-09-10T02:43:56.166Z] batch=field-waveform-1789008221108-2 D3 MODE_SWITCH_START state=MODE_SWITCHING attempts=1 streak=0 attempt=1
[2026-09-10T02:43:56.170Z] batch=field-waveform-1789008221108-2 D3 MODE_SWITCH_OK state=MODE_SWITCH_OK attempts=1 streak=0
[2026-09-10T02:43:56.188Z] batch=field-waveform-1789008221108-2 D1 MODE_SWITCH_START state=MODE_SWITCHING attempts=1 streak=0 attempt=1
[2026-09-10T02:43:56.190Z] batch=field-waveform-1789008221108-2 D1 MODE_SWITCH_OK state=MODE_SWITCH_OK attempts=1 streak=0
[2026-09-10T02:43:56.211Z] batch=field-waveform-1789008221108-2 D6 MODE_SWITCH_START state=MODE_SWITCHING attempts=1 streak=0 attempt=1
[2026-09-10T02:43:56.213Z] batch=field-waveform-1789008221108-2 D6 MODE_SWITCH_OK state=MODE_SWITCH_OK attempts=1 streak=0
[2026-09-10T02:43:56.223Z] batch=field-waveform-1789008221108-2 D4 MODE_SWITCH_START state=MODE_SWITCHING attempts=1 streak=0 attempt=1
[2026-09-10T02:43:56.226Z] batch=field-waveform-1789008221108-2 D4 MODE_SWITCH_OK state=MODE_SWITCH_OK attempts=1 streak=0
[2026-09-10T02:43:56.238Z] batch=field-waveform-1789008221108-2 D5 MODE_SWITCH_START state=MODE_SWITCHING attempts=1 streak=0 attempt=1
[2026-09-10T02:43:56.240Z] batch=field-waveform-1789008221108-2 D5 MODE_SWITCH_OK state=MODE_SWITCH_OK attempts=1 streak=0
[2026-09-10T02:43:56.252Z] batch=field-waveform-1789008221108-2 D2 MODE_SWITCH_START state=MODE_SWITCHING attempts=1 streak=0 attempt=1
[2026-09-10T02:43:56.255Z] batch=field-waveform-1789008221108-2 D2 MODE_SWITCH_OK state=MODE_SWITCH_OK attempts=1 streak=0
[2026-09-10T02:44:06.172Z] batch=field-waveform-1789008221108-2 D3 MODE_SWITCH_START state=MODE_SWITCHING attempts=1 streak=0 attempt=1
[2026-09-10T02:44:06.184Z] batch=field-waveform-1789008221108-2 D3 MODE_SWITCH_OK state=MODE_SWITCH_OK attempts=1 streak=0
[2026-09-10T02:44:06.190Z] batch=field-waveform-1789008221108-2 D1 MODE_SWITCH_START state=MODE_SWITCHING attempts=1 streak=0 attempt=1
[2026-09-10T02:44:06.195Z] batch=field-waveform-1789008221108-2 D1 MODE_SWITCH_OK state=MODE_SWITCH_OK attempts=1 streak=0
[2026-09-10T02:44:06.219Z] batch=field-waveform-1789008221108-2 D6 MODE_SWITCH_START state=MODE_SWITCHING attempts=1 streak=0 attempt=1
[2026-09-10T02:44:06.221Z] batch=field-waveform-1789008221108-2 D6 MODE_SWITCH_OK state=MODE_SWITCH_OK attempts=1 streak=0
[2026-09-10T02:44:06.230Z] batch=field-waveform-1789008221108-2 D4 MODE_SWITCH_START state=MODE_SWITCHING attempts=1 streak=0 attempt=1
[2026-09-10T02:44:06.233Z] batch=field-waveform-1789008221108-2 D4 MODE_SWITCH_OK state=MODE_SWITCH_OK attempts=1 streak=0
[2026-09-10T02:44:06.256Z] batch=field-waveform-1789008221108-2 D5 MODE_SWITCH_START state=MODE_SWITCHING attempts=1 streak=0 attempt=1
[2026-09-10T02:44:06.259Z] batch=field-waveform-1789008221108-2 D5 MODE_SWITCH_OK state=MODE_SWITCH_OK attempts=1 streak=0
[2026-09-10T02:44:06.261Z] batch=field-waveform-1789008221108-2 D2 MODE_SWITCH_START state=MODE_SWITCHING attempts=1 streak=0 attempt=1
[2026-09-10T02:44:06.264Z] batch=field-waveform-1789008221108-2 D2 MODE_SWITCH_OK state=MODE_SWITCH_OK attempts=1 streak=0
[2026-09-10T02:44:11.254Z] batch=field-waveform-1789008221108-2 D1 FIRST_FRAME state=FIRST_FRAME_RECEIVED attempts=1 streak=1
[2026-09-10T02:44:11.254Z] batch=field-waveform-1789008221108-2 D1 FIRST_VALID_SAMPLE state=FIRST_FRAME_RECEIVED attempts=1 streak=1
[2026-09-10T02:44:11.281Z] batch=field-waveform-1789008221108-2 D3 FIRST_FRAME state=FIRST_FRAME_RECEIVED attempts=1 streak=1
[2026-09-10T02:44:11.282Z] batch=field-waveform-1789008221108-2 D3 FIRST_VALID_SAMPLE state=FIRST_FRAME_RECEIVED attempts=1 streak=1
[2026-09-10T02:44:11.296Z] batch=field-waveform-1789008221108-2 D4 FIRST_FRAME state=FIRST_FRAME_RECEIVED attempts=1 streak=1
[2026-09-10T02:44:11.297Z] batch=field-waveform-1789008221108-2 D4 FIRST_VALID_SAMPLE state=FIRST_FRAME_RECEIVED attempts=1 streak=1
[2026-09-10T02:44:11.299Z] batch=field-waveform-1789008221108-2 D6 FIRST_FRAME state=FIRST_FRAME_RECEIVED attempts=1 streak=1
[2026-09-10T02:44:11.300Z] batch=field-waveform-1789008221108-2 D6 FIRST_VALID_SAMPLE state=FIRST_FRAME_RECEIVED attempts=1 streak=1
[2026-09-10T02:44:11.304Z] batch=field-waveform-1789008221108-2 D2 FIRST_FRAME state=FIRST_FRAME_RECEIVED attempts=1 streak=1
[2026-09-10T02:44:11.304Z] batch=field-waveform-1789008221108-2 D2 FIRST_VALID_SAMPLE state=FIRST_FRAME_RECEIVED attempts=1 streak=1
[2026-09-10T02:44:11.331Z] batch=field-waveform-1789008221108-2 D5 FIRST_FRAME state=FIRST_FRAME_RECEIVED attempts=1 streak=1
[2026-09-10T02:44:11.331Z] batch=field-waveform-1789008221108-2 D5 FIRST_VALID_SAMPLE state=FIRST_FRAME_RECEIVED attempts=1 streak=1
[2026-09-10T02:44:11.514Z] batch=field-waveform-1789008221108-2 D1 CHANNEL_SYNC_OK state=TEST_READY attempts=1 streak=5
[2026-09-10T02:44:11.514Z] batch=field-waveform-1789008221108-2 D1 TEST_READY state=TEST_READY attempts=1 streak=5
[2026-09-10T02:44:11.530Z] batch=field-waveform-1789008221108-2 D3 CHANNEL_SYNC_OK state=TEST_READY attempts=1 streak=5
[2026-09-10T02:44:11.530Z] batch=field-waveform-1789008221108-2 D3 TEST_READY state=TEST_READY attempts=1 streak=5
[2026-09-10T02:44:11.552Z] batch=field-waveform-1789008221108-2 D4 CHANNEL_SYNC_OK state=TEST_READY attempts=1 streak=5
[2026-09-10T02:44:11.552Z] batch=field-waveform-1789008221108-2 D4 TEST_READY state=TEST_READY attempts=1 streak=5
[2026-09-10T02:44:11.554Z] batch=field-waveform-1789008221108-2 D6 CHANNEL_SYNC_OK state=TEST_READY attempts=1 streak=5
[2026-09-10T02:44:11.555Z] batch=field-waveform-1789008221108-2 D6 TEST_READY state=TEST_READY attempts=1 streak=5
[2026-09-10T02:44:11.556Z] batch=field-waveform-1789008221108-2 D2 CHANNEL_SYNC_OK state=TEST_READY attempts=1 streak=5
[2026-09-10T02:44:11.556Z] batch=field-waveform-1789008221108-2 D2 TEST_READY state=TEST_READY attempts=1 streak=5
[2026-09-10T02:44:11.606Z] batch=field-waveform-1789008221108-2 D5 CHANNEL_SYNC_OK state=TEST_READY attempts=1 streak=5
[2026-09-10T02:44:11.606Z] batch=field-waveform-1789008221108-2 D5 TEST_READY state=TEST_READY attempts=1 streak=5
[2026-09-10T02:45:20.203Z] batch=field-waveform-1789008221108-2 D1 MODE_SWITCH_START state=MODE_SWITCHING attempts=1 streak=0 attempt=1
[2026-09-10T02:45:20.213Z] batch=field-waveform-1789008221108-2 D1 MODE_SWITCH_OK state=MODE_SWITCH_OK attempts=1 streak=0
[2026-09-10T02:45:20.221Z] batch=field-waveform-1789008221108-2 D3 MODE_SWITCH_START state=MODE_SWITCHING attempts=1 streak=0 attempt=1
[2026-09-10T02:45:20.223Z] batch=field-waveform-1789008221108-2 D3 MODE_SWITCH_OK state=MODE_SWITCH_OK attempts=1 streak=0
[2026-09-10T02:45:20.232Z] batch=field-waveform-1789008221108-2 D6 MODE_SWITCH_START state=MODE_SWITCHING attempts=1 streak=0 attempt=1
[2026-09-10T02:45:20.236Z] batch=field-waveform-1789008221108-2 D6 MODE_SWITCH_OK state=MODE_SWITCH_OK attempts=1 streak=0
[2026-09-10T02:45:20.242Z] batch=field-waveform-1789008221108-2 D4 MODE_SWITCH_START state=MODE_SWITCHING attempts=1 streak=0 attempt=1
[2026-09-10T02:45:20.248Z] batch=field-waveform-1789008221108-2 D4 MODE_SWITCH_OK state=MODE_SWITCH_OK attempts=1 streak=0
[2026-09-10T02:45:20.263Z] batch=field-waveform-1789008221108-2 D5 MODE_SWITCH_START state=MODE_SWITCHING attempts=1 streak=0 attempt=1
[2026-09-10T02:45:20.265Z] batch=field-waveform-1789008221108-2 D5 MODE_SWITCH_OK state=MODE_SWITCH_OK attempts=1 streak=0
[2026-09-10T02:45:20.272Z] batch=field-waveform-1789008221108-2 D2 MODE_SWITCH_START state=MODE_SWITCHING attempts=1 streak=0 attempt=1
[2026-09-10T02:45:20.274Z] batch=field-waveform-1789008221108-2 D2 MODE_SWITCH_OK state=MODE_SWITCH_OK attempts=1 streak=0
[2026-09-10T02:45:30.219Z] batch=field-waveform-1789008221108-2 D1 MODE_SWITCH_START state=MODE_SWITCHING attempts=1 streak=0 attempt=1
[2026-09-10T02:45:30.225Z] batch=field-waveform-1789008221108-2 D1 MODE_SWITCH_OK state=MODE_SWITCH_OK attempts=1 streak=0
[2026-09-10T02:45:30.233Z] batch=field-waveform-1789008221108-2 D3 MODE_SWITCH_START state=MODE_SWITCHING attempts=1 streak=0 attempt=1
[2026-09-10T02:45:30.244Z] batch=field-waveform-1789008221108-2 D3 MODE_SWITCH_OK state=MODE_SWITCH_OK attempts=1 streak=0
[2026-09-10T02:45:30.250Z] batch=field-waveform-1789008221108-2 D6 MODE_SWITCH_START state=MODE_SWITCHING attempts=1 streak=0 attempt=1
[2026-09-10T02:45:30.254Z] batch=field-waveform-1789008221108-2 D6 MODE_SWITCH_OK state=MODE_SWITCH_OK attempts=1 streak=0
[2026-09-10T02:45:30.263Z] batch=field-waveform-1789008221108-2 D4 MODE_SWITCH_START state=MODE_SWITCHING attempts=1 streak=0 attempt=1
[2026-09-10T02:45:30.265Z] batch=field-waveform-1789008221108-2 D4 MODE_SWITCH_OK state=MODE_SWITCH_OK attempts=1 streak=0
[2026-09-10T02:45:30.271Z] batch=field-waveform-1789008221108-2 D5 MODE_SWITCH_START state=MODE_SWITCHING attempts=1 streak=0 attempt=1
[2026-09-10T02:45:30.275Z] batch=field-waveform-1789008221108-2 D5 MODE_SWITCH_OK state=MODE_SWITCH_OK attempts=1 streak=0
[2026-09-10T02:45:30.281Z] batch=field-waveform-1789008221108-2 D2 MODE_SWITCH_START state=MODE_SWITCHING attempts=1 streak=0 attempt=1
[2026-09-10T02:45:30.288Z] batch=field-waveform-1789008221108-2 D2 MODE_SWITCH_OK state=MODE_SWITCH_OK attempts=1 streak=0
[2026-09-10T02:45:35.263Z] batch=field-waveform-1789008221108-2 D1 FIRST_FRAME state=FIRST_FRAME_RECEIVED attempts=1 streak=1
[2026-09-10T02:45:35.263Z] batch=field-waveform-1789008221108-2 D1 FIRST_VALID_SAMPLE state=FIRST_FRAME_RECEIVED attempts=1 streak=1
[2026-09-10T02:45:35.292Z] batch=field-waveform-1789008221108-2 D3 FIRST_FRAME state=FIRST_FRAME_RECEIVED attempts=1 streak=1
[2026-09-10T02:45:35.292Z] batch=field-waveform-1789008221108-2 D3 FIRST_VALID_SAMPLE state=FIRST_FRAME_RECEIVED attempts=1 streak=1
[2026-09-10T02:45:35.409Z] batch=field-waveform-1789008221108-2 D5 FIRST_FRAME state=FIRST_FRAME_RECEIVED attempts=1 streak=1
[2026-09-10T02:45:35.409Z] batch=field-waveform-1789008221108-2 D5 FIRST_VALID_SAMPLE state=FIRST_FRAME_RECEIVED attempts=1 streak=1
[2026-09-10T02:45:35.424Z] batch=field-waveform-1789008221108-2 D6 FIRST_FRAME state=FIRST_FRAME_RECEIVED attempts=1 streak=1
[2026-09-10T02:45:35.424Z] batch=field-waveform-1789008221108-2 D6 FIRST_VALID_SAMPLE state=FIRST_FRAME_RECEIVED attempts=1 streak=1
[2026-09-10T02:45:35.430Z] batch=field-waveform-1789008221108-2 D2 FIRST_FRAME state=FIRST_FRAME_RECEIVED attempts=1 streak=1
[2026-09-10T02:45:35.430Z] batch=field-waveform-1789008221108-2 D2 FIRST_VALID_SAMPLE state=FIRST_FRAME_RECEIVED attempts=1 streak=1
[2026-09-10T02:45:35.433Z] batch=field-waveform-1789008221108-2 D4 FIRST_FRAME state=FIRST_FRAME_RECEIVED attempts=1 streak=1
[2026-09-10T02:45:35.433Z] batch=field-waveform-1789008221108-2 D4 FIRST_VALID_SAMPLE state=FIRST_FRAME_RECEIVED attempts=1 streak=1
[2026-09-10T02:45:35.549Z] batch=field-waveform-1789008221108-2 D1 CHANNEL_SYNC_OK state=TEST_READY attempts=1 streak=5
[2026-09-10T02:45:35.549Z] batch=field-waveform-1789008221108-2 D1 TEST_READY state=TEST_READY attempts=1 streak=5
[2026-09-10T02:45:35.566Z] batch=field-waveform-1789008221108-2 D3 CHANNEL_SYNC_OK state=TEST_READY attempts=1 streak=5
[2026-09-10T02:45:35.567Z] batch=field-waveform-1789008221108-2 D3 TEST_READY state=TEST_READY attempts=1 streak=5
[2026-09-10T02:45:35.698Z] batch=field-waveform-1789008221108-2 D6 CHANNEL_SYNC_OK state=TEST_READY attempts=1 streak=5
[2026-09-10T02:45:35.698Z] batch=field-waveform-1789008221108-2 D6 TEST_READY state=TEST_READY attempts=1 streak=5
[2026-09-10T02:45:35.779Z] batch=field-waveform-1789008221108-2 D2 CHANNEL_SYNC_OK state=TEST_READY attempts=1 streak=5
[2026-09-10T02:45:35.779Z] batch=field-waveform-1789008221108-2 D2 TEST_READY state=TEST_READY attempts=1 streak=5
[2026-09-10T02:45:35.781Z] batch=field-waveform-1789008221108-2 D5 CHANNEL_SYNC_OK state=TEST_READY attempts=1 streak=5
[2026-09-10T02:45:35.782Z] batch=field-waveform-1789008221108-2 D5 TEST_READY state=TEST_READY attempts=1 streak=5
[2026-09-10T02:45:35.835Z] batch=field-waveform-1789008221108-2 D4 CHANNEL_SYNC_OK state=TEST_READY attempts=1 streak=5
[2026-09-10T02:45:35.835Z] batch=field-waveform-1789008221108-2 D4 TEST_READY state=TEST_READY attempts=1 streak=5
