[2026-09-10T01:17:04.636Z] batch=field-waveform-1789002866109-14 D1 MODE_SWITCH_START state=MODE_SWITCHING attempts=1 streak=0 attempt=1
[2026-09-10T01:17:04.648Z] batch=field-waveform-1789002866109-14 D1 MODE_SWITCH_OK state=MODE_SWITCH_OK attempts=1 streak=0
[2026-09-10T01:17:04.930Z] batch=field-waveform-1789002866109-14 D6 MODE_SWITCH_START state=MODE_SWITCHING attempts=1 streak=0 attempt=1
[2026-09-10T01:17:04.932Z] batch=field-waveform-1789002866109-14 D6 MODE_SWITCH_OK state=MODE_SWITCH_OK attempts=1 streak=0
[2026-09-10T01:17:04.948Z] batch=field-waveform-1789002866109-14 D2 MODE_SWITCH_START state=MODE_SWITCHING attempts=1 streak=0 attempt=1
[2026-09-10T01:17:04.959Z] batch=field-waveform-1789002866109-14 D2 MODE_SWITCH_OK state=MODE_SWITCH_OK attempts=1 streak=0
[2026-09-10T01:17:04.976Z] batch=field-waveform-1789002866109-14 D3 MODE_SWITCH_START state=MODE_SWITCHING attempts=1 streak=0 attempt=1
[2026-09-10T01:17:04.995Z] batch=field-waveform-1789002866109-14 D3 MODE_SWITCH_OK state=MODE_SWITCH_OK attempts=1 streak=0
[2026-09-10T01:17:05.004Z] batch=field-waveform-1789002866109-14 D4 MODE_SWITCH_START state=MODE_SWITCHING attempts=1 streak=0 attempt=1
[2026-09-10T01:17:05.006Z] batch=field-waveform-1789002866109-14 D4 MODE_SWITCH_OK state=MODE_SWITCH_OK attempts=1 streak=0
[2026-09-10T01:17:05.015Z] batch=field-waveform-1789002866109-14 D5 MODE_SWITCH_START state=MODE_SWITCHING attempts=1 streak=0 attempt=1
[2026-09-10T01:17:05.017Z] batch=field-waveform-1789002866109-14 D5 MODE_SWITCH_OK state=MODE_SWITCH_OK attempts=1 streak=0
[2026-09-10T01:17:07.312Z] batch=field-waveform-1789003027311-15 D1 MODE_SWITCH_START state=MODE_SWITCHING attempts=1 streak=0 attempt=1
[2026-09-10T01:17:07.319Z] batch=field-waveform-1789003027311-15 D2 MODE_SWITCH_START state=MODE_SWITCHING attempts=1 streak=0 attempt=1
[2026-09-10T01:17:07.320Z] batch=field-waveform-1789003027311-15 D3 MODE_SWITCH_START state=MODE_SWITCHING attempts=1 streak=0 attempt=1
[2026-09-10T01:17:07.323Z] batch=field-waveform-1789003027311-15 D4 MODE_SWITCH_START state=MODE_SWITCHING attempts=1 streak=0 attempt=1
[2026-09-10T01:17:07.331Z] batch=field-waveform-1789003027311-15 D5 MODE_SWITCH_START state=MODE_SWITCHING attempts=1 streak=0 attempt=1
[2026-09-10T01:17:07.332Z] batch=field-waveform-1789003027311-15 D6 MODE_SWITCH_START state=MODE_SWITCHING attempts=1 streak=0 attempt=1
[2026-09-10T01:17:07.343Z] batch=field-waveform-1789003027311-15 D1 MODE_SWITCH_OK state=MODE_SWITCH_OK attempts=1 streak=0
[2026-09-10T01:17:07.352Z] batch=field-waveform-1789003027311-15 D2 MODE_SWITCH_OK state=MODE_SWITCH_OK attempts=1 streak=0
[2026-09-10T01:17:07.355Z] batch=field-waveform-1789003027311-15 D3 MODE_SWITCH_OK state=MODE_SWITCH_OK attempts=1 streak=0
[2026-09-10T01:17:07.356Z] batch=field-waveform-1789003027311-15 D4 MODE_SWITCH_OK state=MODE_SWITCH_OK attempts=1 streak=0
[2026-09-10T01:17:07.357Z] batch=field-waveform-1789003027311-15 D5 MODE_SWITCH_OK state=MODE_SWITCH_OK attempts=1 streak=0
[2026-09-10T01:17:07.357Z] batch=field-waveform-1789003027311-15 D6 MODE_SWITCH_OK state=MODE_SWITCH_OK attempts=1 streak=0
[2026-09-10T01:17:14.664Z] batch=field-waveform-1789003027311-15 D1 MODE_SWITCH_START state=MODE_SWITCHING attempts=1 streak=0 attempt=1
[2026-09-10T01:17:14.668Z] batch=field-waveform-1789003027311-15 D1 MODE_SWITCH_OK state=MODE_SWITCH_OK attempts=1 streak=0
[2026-09-10T01:17:14.939Z] batch=field-waveform-1789003027311-15 D6 MODE_SWITCH_START state=MODE_SWITCHING attempts=1 streak=0 attempt=1
[2026-09-10T01:17:14.965Z] batch=field-waveform-1789003027311-15 D6 MODE_SWITCH_OK state=MODE_SWITCH_OK attempts=1 streak=0
[2026-09-10T01:17:14.967Z] batch=field-waveform-1789003027311-15 D2 MODE_SWITCH_START state=MODE_SWITCHING attempts=1 streak=0 attempt=1
[2026-09-10T01:17:14.970Z] batch=field-waveform-1789003027311-15 D2 MODE_SWITCH_OK state=MODE_SWITCH_OK attempts=1 streak=0
[2026-09-10T01:17:14.998Z] batch=field-waveform-1789003027311-15 D3 MODE_SWITCH_START state=MODE_SWITCHING attempts=1 streak=0 attempt=1
[2026-09-10T01:17:15.004Z] batch=field-waveform-1789003027311-15 D3 MODE_SWITCH_OK state=MODE_SWITCH_OK attempts=1 streak=0
[2026-09-10T01:17:15.007Z] batch=field-waveform-1789003027311-15 D4 MODE_SWITCH_START state=MODE_SWITCHING attempts=1 streak=0 attempt=1
[2026-09-10T01:17:15.008Z] batch=field-waveform-1789003027311-15 D4 MODE_SWITCH_OK state=MODE_SWITCH_OK attempts=1 streak=0
[2026-09-10T01:17:15.020Z] batch=field-waveform-1789003027311-15 D5 MODE_SWITCH_START state=MODE_SWITCHING attempts=1 streak=0 attempt=1
[2026-09-10T01:17:15.023Z] batch=field-waveform-1789003027311-15 D5 MODE_SWITCH_OK state=MODE_SWITCH_OK attempts=1 streak=0
[2026-09-10T01:17:24.682Z] batch=field-waveform-1789003027311-15 D1 MODE_SWITCH_START state=MODE_SWITCHING attempts=1 streak=0 attempt=1
[2026-09-10T01:17:24.689Z] batch=field-waveform-1789003027311-15 D1 MODE_SWITCH_OK state=MODE_SWITCH_OK attempts=1 streak=0
[2026-09-10T01:17:24.974Z] batch=field-waveform-1789003027311-15 D6 MODE_SWITCH_START state=MODE_SWITCHING attempts=1 streak=0 attempt=1
[2026-09-10T01:17:25.004Z] batch=field-waveform-1789003027311-15 D6 MODE_SWITCH_OK state=MODE_SWITCH_OK attempts=1 streak=0
[2026-09-10T01:17:25.005Z] batch=field-waveform-1789003027311-15 D2 MODE_SWITCH_START state=MODE_SWITCHING attempts=1 streak=0 attempt=1
[2026-09-10T01:17:25.008Z] batch=field-waveform-1789003027311-15 D2 MODE_SWITCH_OK state=MODE_SWITCH_OK attempts=1 streak=0
[2026-09-10T01:17:25.009Z] batch=field-waveform-1789003027311-15 D3 MODE_SWITCH_START state=MODE_SWITCHING attempts=1 streak=0 attempt=1
[2026-09-10T01:17:25.010Z] batch=field-waveform-1789003027311-15 D3 MODE_SWITCH_OK state=MODE_SWITCH_OK attempts=1 streak=0
[2026-09-10T01:17:25.011Z] batch=field-waveform-1789003027311-15 D4 MODE_SWITCH_START state=MODE_SWITCHING attempts=1 streak=0 attempt=1
[2026-09-10T01:17:25.012Z] batch=field-waveform-1789003027311-15 D4 MODE_SWITCH_OK state=MODE_SWITCH_OK attempts=1 streak=0
[2026-09-10T01:17:25.025Z] batch=field-waveform-1789003027311-15 D5 MODE_SWITCH_START state=MODE_SWITCHING attempts=1 streak=0 attempt=1
[2026-09-10T01:17:25.036Z] batch=field-waveform-1789003027311-15 D5 MODE_SWITCH_OK state=MODE_SWITCH_OK attempts=1 streak=0
[2026-09-10T01:17:34.704Z] batch=field-waveform-1789003027311-15 D1 MODE_SWITCH_START state=MODE_SWITCHING attempts=1 streak=0 attempt=1
[2026-09-10T01:17:34.717Z] batch=field-waveform-1789003027311-15 D1 MODE_SWITCH_OK state=MODE_SWITCH_OK attempts=1 streak=0
[2026-09-10T01:17:35.011Z] batch=field-waveform-1789003027311-15 D6 MODE_SWITCH_START state=MODE_SWITCHING attempts=1 streak=0 attempt=1
[2026-09-10T01:17:35.016Z] batch=field-waveform-1789003027311-15 D6 MODE_SWITCH_OK state=MODE_SWITCH_OK attempts=1 streak=0
[2026-09-10T01:17:35.017Z] batch=field-waveform-1789003027311-15 D2 MODE_SWITCH_START state=MODE_SWITCHING attempts=1 streak=0 attempt=1
[2026-09-10T01:17:35.018Z] batch=field-waveform-1789003027311-15 D2 MODE_SWITCH_OK state=MODE_SWITCH_OK attempts=1 streak=0
[2026-09-10T01:17:35.019Z] batch=field-waveform-1789003027311-15 D3 MODE_SWITCH_START state=MODE_SWITCHING attempts=1 streak=0 attempt=1
[2026-09-10T01:17:35.020Z] batch=field-waveform-1789003027311-15 D3 MODE_SWITCH_OK state=MODE_SWITCH_OK attempts=1 streak=0
[2026-09-10T01:17:35.021Z] batch=field-waveform-1789003027311-15 D4 MODE_SWITCH_START state=MODE_SWITCHING attempts=1 streak=0 attempt=1
[2026-09-10T01:17:35.022Z] batch=field-waveform-1789003027311-15 D4 MODE_SWITCH_OK state=MODE_SWITCH_OK attempts=1 streak=0
[2026-09-10T01:17:35.040Z] batch=field-waveform-1789003027311-15 D5 MODE_SWITCH_START state=MODE_SWITCHING attempts=1 streak=0 attempt=1
[2026-09-10T01:17:35.052Z] batch=field-waveform-1789003027311-15 D5 MODE_SWITCH_OK state=MODE_SWITCH_OK attempts=1 streak=0
[2026-09-10T01:17:39.764Z] batch=field-waveform-1789003027311-15 D1 FIRST_FRAME state=FIRST_FRAME_RECEIVED attempts=1 streak=1
[2026-09-10T01:17:39.764Z] batch=field-waveform-1789003027311-15 D1 FIRST_VALID_SAMPLE state=FIRST_FRAME_RECEIVED attempts=1 streak=1
[2026-09-10T01:17:40.007Z] batch=field-waveform-1789003027311-15 D1 CHANNEL_SYNC_OK state=TEST_READY attempts=1 streak=5
[2026-09-10T01:17:40.008Z] batch=field-waveform-1789003027311-15 D1 TEST_READY state=TEST_READY attempts=1 streak=5
[2026-09-10T01:17:40.060Z] batch=field-waveform-1789003027311-15 D6 FIRST_FRAME state=FIRST_FRAME_RECEIVED attempts=1 streak=1
[2026-09-10T01:17:40.061Z] batch=field-waveform-1789003027311-15 D6 FIRST_VALID_SAMPLE state=FIRST_FRAME_RECEIVED attempts=1 streak=1
[2026-09-10T01:17:40.067Z] batch=field-waveform-1789003027311-15 D2 FIRST_FRAME state=FIRST_FRAME_RECEIVED attempts=1 streak=1
[2026-09-10T01:17:40.068Z] batch=field-waveform-1789003027311-15 D2 FIRST_VALID_SAMPLE state=FIRST_FRAME_RECEIVED attempts=1 streak=1
[2026-09-10T01:17:40.097Z] batch=field-waveform-1789003027311-15 D3 FIRST_FRAME state=FIRST_FRAME_RECEIVED attempts=1 streak=1
[2026-09-10T01:17:40.097Z] batch=field-waveform-1789003027311-15 D3 FIRST_VALID_SAMPLE state=FIRST_FRAME_RECEIVED attempts=1 streak=1
[2026-09-10T01:17:40.104Z] batch=field-waveform-1789003027311-15 D5 FIRST_FRAME state=FIRST_FRAME_RECEIVED attempts=1 streak=1
[2026-09-10T01:17:40.104Z] batch=field-waveform-1789003027311-15 D5 FIRST_VALID_SAMPLE state=FIRST_FRAME_RECEIVED attempts=1 streak=1
[2026-09-10T01:17:40.115Z] batch=field-waveform-1789003027311-15 D4 FIRST_FRAME state=FIRST_FRAME_RECEIVED attempts=1 streak=1
[2026-09-10T01:17:40.115Z] batch=field-waveform-1789003027311-15 D4 FIRST_VALID_SAMPLE state=FIRST_FRAME_RECEIVED attempts=1 streak=1
[2026-09-10T01:17:40.322Z] batch=field-waveform-1789003027311-15 D2 CHANNEL_SYNC_OK state=TEST_READY attempts=1 streak=5
[2026-09-10T01:17:40.322Z] batch=field-waveform-1789003027311-15 D2 TEST_READY state=TEST_READY attempts=1 streak=5
[2026-09-10T01:17:40.325Z] batch=field-waveform-1789003027311-15 D6 CHANNEL_SYNC_OK state=TEST_READY attempts=1 streak=5
[2026-09-10T01:17:40.326Z] batch=field-waveform-1789003027311-15 D6 TEST_READY state=TEST_READY attempts=1 streak=5
[2026-09-10T01:17:40.347Z] batch=field-waveform-1789003027311-15 D3 CHANNEL_SYNC_OK state=TEST_READY attempts=1 streak=5
[2026-09-10T01:17:40.347Z] batch=field-waveform-1789003027311-15 D3 TEST_READY state=TEST_READY attempts=1 streak=5
[2026-09-10T01:17:40.361Z] batch=field-waveform-1789003027311-15 D5 CHANNEL_SYNC_OK state=TEST_READY attempts=1 streak=5
[2026-09-10T01:17:40.361Z] batch=field-waveform-1789003027311-15 D5 TEST_READY state=TEST_READY attempts=1 streak=5
[2026-09-10T01:17:40.363Z] batch=field-waveform-1789003027311-15 D4 CHANNEL_SYNC_OK state=TEST_READY attempts=1 streak=5
[2026-09-10T01:17:40.364Z] batch=field-waveform-1789003027311-15 D4 TEST_READY state=TEST_READY attempts=1 streak=5
[2026-09-10T01:18:46.439Z] batch=field-waveform-1789003027311-15 D3 MODE_SWITCH_START state=MODE_SWITCHING attempts=1 streak=0 attempt=1
[2026-09-10T01:18:46.445Z] batch=field-waveform-1789003027311-15 D3 MODE_SWITCH_OK state=MODE_SWITCH_OK attempts=1 streak=0
[2026-09-10T01:18:46.451Z] batch=field-waveform-1789003027311-15 D1 MODE_SWITCH_START state=MODE_SWITCHING attempts=1 streak=0 attempt=1
[2026-09-10T01:18:46.453Z] batch=field-waveform-1789003027311-15 D1 MODE_SWITCH_OK state=MODE_SWITCH_OK attempts=1 streak=0
[2026-09-10T01:18:46.555Z] batch=field-waveform-1789003027311-15 D5 MODE_SWITCH_START state=MODE_SWITCHING attempts=1 streak=0 attempt=1
[2026-09-10T01:18:46.565Z] batch=field-waveform-1789003027311-15 D5 MODE_SWITCH_OK state=MODE_SWITCH_OK attempts=1 streak=0
[2026-09-10T01:18:46.576Z] batch=field-waveform-1789003027311-15 D4 MODE_SWITCH_START state=MODE_SWITCHING attempts=1 streak=0 attempt=1
[2026-09-10T01:18:46.584Z] batch=field-waveform-1789003027311-15 D4 MODE_SWITCH_OK state=MODE_SWITCH_OK attempts=1 streak=0
[2026-09-10T01:18:46.591Z] batch=field-waveform-1789003027311-15 D6 MODE_SWITCH_START state=MODE_SWITCHING attempts=1 streak=0 attempt=1
[2026-09-10T01:18:46.603Z] batch=field-waveform-1789003027311-15 D6 MODE_SWITCH_OK state=MODE_SWITCH_OK attempts=1 streak=0
[2026-09-10T01:18:46.611Z] batch=field-waveform-1789003027311-15 D2 MODE_SWITCH_START state=MODE_SWITCHING attempts=1 streak=0 attempt=1
[2026-09-10T01:18:46.617Z] batch=field-waveform-1789003027311-15 D2 MODE_SWITCH_OK state=MODE_SWITCH_OK attempts=1 streak=0
[2026-09-10T01:18:56.504Z] batch=field-waveform-1789003027311-15 D3 MODE_SWITCH_START state=MODE_SWITCHING attempts=1 streak=0 attempt=1
[2026-09-10T01:18:56.512Z] batch=field-waveform-1789003027311-15 D3 MODE_SWITCH_OK state=MODE_SWITCH_OK attempts=1 streak=0
[2026-09-10T01:18:56.519Z] batch=field-waveform-1789003027311-15 D1 MODE_SWITCH_START state=MODE_SWITCHING attempts=1 streak=0 attempt=1
[2026-09-10T01:18:56.524Z] batch=field-waveform-1789003027311-15 D1 MODE_SWITCH_OK state=MODE_SWITCH_OK attempts=1 streak=0
[2026-09-10T01:18:56.625Z] batch=field-waveform-1789003027311-15 D5 MODE_SWITCH_START state=MODE_SWITCHING attempts=1 streak=0 attempt=1
[2026-09-10T01:18:56.636Z] batch=field-waveform-1789003027311-15 D5 MODE_SWITCH_OK state=MODE_SWITCH_OK attempts=1 streak=0
[2026-09-10T01:18:56.652Z] batch=field-waveform-1789003027311-15 D4 MODE_SWITCH_START state=MODE_SWITCHING attempts=1 streak=0 attempt=1
[2026-09-10T01:18:56.659Z] batch=field-waveform-1789003027311-15 D4 MODE_SWITCH_OK state=MODE_SWITCH_OK attempts=1 streak=0
[2026-09-10T01:18:56.667Z] batch=field-waveform-1789003027311-15 D6 MODE_SWITCH_START state=MODE_SWITCHING attempts=1 streak=0 attempt=1
[2026-09-10T01:18:56.674Z] batch=field-waveform-1789003027311-15 D6 MODE_SWITCH_OK state=MODE_SWITCH_OK attempts=1 streak=0
[2026-09-10T01:18:56.681Z] batch=field-waveform-1789003027311-15 D2 MODE_SWITCH_START state=MODE_SWITCHING attempts=1 streak=0 attempt=1
[2026-09-10T01:18:56.682Z] batch=field-waveform-1789003027311-15 D2 MODE_SWITCH_OK state=MODE_SWITCH_OK attempts=1 streak=0
[2026-09-10T01:19:01.661Z] batch=field-waveform-1789003027311-15 D1 FIRST_FRAME state=FIRST_FRAME_RECEIVED attempts=1 streak=1
[2026-09-10T01:19:01.662Z] batch=field-waveform-1789003027311-15 D1 FIRST_VALID_SAMPLE state=FIRST_FRAME_RECEIVED attempts=1 streak=1
[2026-09-10T01:19:01.673Z] batch=field-waveform-1789003027311-15 D3 FIRST_FRAME state=FIRST_FRAME_RECEIVED attempts=1 streak=1
[2026-09-10T01:19:01.673Z] batch=field-waveform-1789003027311-15 D3 FIRST_VALID_SAMPLE state=FIRST_FRAME_RECEIVED attempts=1 streak=1
[2026-09-10T01:19:01.789Z] batch=field-waveform-1789003027311-15 D5 FIRST_FRAME state=FIRST_FRAME_RECEIVED attempts=1 streak=1
[2026-09-10T01:19:01.790Z] batch=field-waveform-1789003027311-15 D5 FIRST_VALID_SAMPLE state=FIRST_FRAME_RECEIVED attempts=1 streak=1
[2026-09-10T01:19:01.791Z] batch=field-waveform-1789003027311-15 D6 FIRST_FRAME state=FIRST_FRAME_RECEIVED attempts=1 streak=1
[2026-09-10T01:19:01.792Z] batch=field-waveform-1789003027311-15 D6 FIRST_VALID_SAMPLE state=FIRST_FRAME_RECEIVED attempts=1 streak=1
[2026-09-10T01:19:01.795Z] batch=field-waveform-1789003027311-15 D2 FIRST_FRAME state=FIRST_FRAME_RECEIVED attempts=1 streak=1
[2026-09-10T01:19:01.795Z] batch=field-waveform-1789003027311-15 D2 FIRST_VALID_SAMPLE state=FIRST_FRAME_RECEIVED attempts=1 streak=1
[2026-09-10T01:19:01.808Z] batch=field-waveform-1789003027311-15 D4 FIRST_FRAME state=FIRST_FRAME_RECEIVED attempts=1 streak=1
[2026-09-10T01:19:01.809Z] batch=field-waveform-1789003027311-15 D4 FIRST_VALID_SAMPLE state=FIRST_FRAME_RECEIVED attempts=1 streak=1
[2026-09-10T01:19:01.925Z] batch=field-waveform-1789003027311-15 D3 CHANNEL_SYNC_OK state=TEST_READY attempts=1 streak=5
[2026-09-10T01:19:01.925Z] batch=field-waveform-1789003027311-15 D3 TEST_READY state=TEST_READY attempts=1 streak=5
[2026-09-10T01:19:01.929Z] batch=field-waveform-1789003027311-15 D1 CHANNEL_SYNC_OK state=TEST_READY attempts=1 streak=5
[2026-09-10T01:19:01.930Z] batch=field-waveform-1789003027311-15 D1 TEST_READY state=TEST_READY attempts=1 streak=5
[2026-09-10T01:19:02.042Z] batch=field-waveform-1789003027311-15 D5 CHANNEL_SYNC_OK state=TEST_READY attempts=1 streak=5
[2026-09-10T01:19:02.042Z] batch=field-waveform-1789003027311-15 D5 TEST_READY state=TEST_READY attempts=1 streak=5
[2026-09-10T01:19:02.071Z] batch=field-waveform-1789003027311-15 D6 CHANNEL_SYNC_OK state=TEST_READY attempts=1 streak=5
[2026-09-10T01:19:02.072Z] batch=field-waveform-1789003027311-15 D6 TEST_READY state=TEST_READY attempts=1 streak=5
[2026-09-10T01:19:02.083Z] batch=field-waveform-1789003027311-15 D2 CHANNEL_SYNC_OK state=TEST_READY attempts=1 streak=5
[2026-09-10T01:19:02.083Z] batch=field-waveform-1789003027311-15 D2 TEST_READY state=TEST_READY attempts=1 streak=5
[2026-09-10T01:19:02.095Z] batch=field-waveform-1789003027311-15 D4 CHANNEL_SYNC_OK state=TEST_READY attempts=1 streak=5
[2026-09-10T01:19:02.095Z] batch=field-waveform-1789003027311-15 D4 TEST_READY state=TEST_READY attempts=1 streak=5
