[2026-09-16T03:43:59.617Z] batch=field-waveform-1789530081608-3 D6 MODE_SWITCH_START state=MODE_SWITCHING attempts=1 streak=0 attempt=1
[2026-09-16T03:43:59.618Z] batch=field-waveform-1789530081608-3 D6 MODE_SWITCH_OK state=MODE_SWITCH_OK attempts=1 streak=0
[2026-09-16T03:43:59.624Z] batch=field-waveform-1789530081608-3 D5 MODE_SWITCH_START state=MODE_SWITCHING attempts=1 streak=0 attempt=1
[2026-09-16T03:43:59.627Z] batch=field-waveform-1789530081608-3 D5 MODE_SWITCH_OK state=MODE_SWITCH_OK attempts=1 streak=0
[2026-09-16T03:43:59.632Z] batch=field-waveform-1789530081608-3 D1 MODE_SWITCH_START state=MODE_SWITCHING attempts=1 streak=0 attempt=1
[2026-09-16T03:43:59.633Z] batch=field-waveform-1789530081608-3 D1 MODE_SWITCH_OK state=MODE_SWITCH_OK attempts=1 streak=0
[2026-09-16T03:43:59.638Z] batch=field-waveform-1789530081608-3 D3 MODE_SWITCH_START state=MODE_SWITCHING attempts=1 streak=0 attempt=1
[2026-09-16T03:43:59.640Z] batch=field-waveform-1789530081608-3 D3 MODE_SWITCH_OK state=MODE_SWITCH_OK attempts=1 streak=0
[2026-09-16T03:43:59.646Z] batch=field-waveform-1789530081608-3 D4 MODE_SWITCH_START state=MODE_SWITCHING attempts=1 streak=0 attempt=1
[2026-09-16T03:43:59.648Z] batch=field-waveform-1789530081608-3 D4 MODE_SWITCH_OK state=MODE_SWITCH_OK attempts=1 streak=0
[2026-09-16T03:43:59.657Z] batch=field-waveform-1789530081608-3 D2 MODE_SWITCH_START state=MODE_SWITCHING attempts=1 streak=0 attempt=1
[2026-09-16T03:43:59.661Z] batch=field-waveform-1789530081608-3 D2 MODE_SWITCH_OK state=MODE_SWITCH_OK attempts=1 streak=0
[2026-09-16T03:44:09.678Z] batch=field-waveform-1789530081608-3 D6 MODE_SWITCH_START state=MODE_SWITCHING attempts=1 streak=0 attempt=1
[2026-09-16T03:44:09.680Z] batch=field-waveform-1789530081608-3 D6 MODE_SWITCH_OK state=MODE_SWITCH_OK attempts=1 streak=0
[2026-09-16T03:44:09.686Z] batch=field-waveform-1789530081608-3 D5 MODE_SWITCH_START state=MODE_SWITCHING attempts=1 streak=0 attempt=1
[2026-09-16T03:44:09.688Z] batch=field-waveform-1789530081608-3 D5 MODE_SWITCH_OK state=MODE_SWITCH_OK attempts=1 streak=0
[2026-09-16T03:44:09.693Z] batch=field-waveform-1789530081608-3 D1 MODE_SWITCH_START state=MODE_SWITCHING attempts=1 streak=0 attempt=1
[2026-09-16T03:44:09.694Z] batch=field-waveform-1789530081608-3 D1 MODE_SWITCH_OK state=MODE_SWITCH_OK attempts=1 streak=0
[2026-09-16T03:44:09.699Z] batch=field-waveform-1789530081608-3 D3 MODE_SWITCH_START state=MODE_SWITCHING attempts=1 streak=0 attempt=1
[2026-09-16T03:44:09.701Z] batch=field-waveform-1789530081608-3 D3 MODE_SWITCH_OK state=MODE_SWITCH_OK attempts=1 streak=0
[2026-09-16T03:44:09.708Z] batch=field-waveform-1789530081608-3 D4 MODE_SWITCH_START state=MODE_SWITCHING attempts=1 streak=0 attempt=1
[2026-09-16T03:44:09.716Z] batch=field-waveform-1789530081608-3 D4 MODE_SWITCH_OK state=MODE_SWITCH_OK attempts=1 streak=0
[2026-09-16T03:44:09.725Z] batch=field-waveform-1789530081608-3 D2 MODE_SWITCH_START state=MODE_SWITCHING attempts=1 streak=0 attempt=1
[2026-09-16T03:44:09.726Z] batch=field-waveform-1789530081608-3 D2 MODE_SWITCH_OK state=MODE_SWITCH_OK attempts=1 streak=0
[2026-09-16T03:44:19.706Z] batch=field-waveform-1789530081608-3 D6 MODE_SWITCH_START state=MODE_SWITCHING attempts=1 streak=0 attempt=1
[2026-09-16T03:44:19.709Z] batch=field-waveform-1789530081608-3 D6 MODE_SWITCH_OK state=MODE_SWITCH_OK attempts=1 streak=0
[2026-09-16T03:44:19.713Z] batch=field-waveform-1789530081608-3 D5 MODE_SWITCH_START state=MODE_SWITCHING attempts=1 streak=0 attempt=1
[2026-09-16T03:44:19.715Z] batch=field-waveform-1789530081608-3 D5 MODE_SWITCH_OK state=MODE_SWITCH_OK attempts=1 streak=0
[2026-09-16T03:44:19.720Z] batch=field-waveform-1789530081608-3 D1 MODE_SWITCH_START state=MODE_SWITCHING attempts=1 streak=0 attempt=1
[2026-09-16T03:44:19.721Z] batch=field-waveform-1789530081608-3 D1 MODE_SWITCH_OK state=MODE_SWITCH_OK attempts=1 streak=0
[2026-09-16T03:44:19.727Z] batch=field-waveform-1789530081608-3 D3 MODE_SWITCH_START state=MODE_SWITCHING attempts=1 streak=0 attempt=1
[2026-09-16T03:44:19.729Z] batch=field-waveform-1789530081608-3 D3 MODE_SWITCH_OK state=MODE_SWITCH_OK attempts=1 streak=0
[2026-09-16T03:44:19.766Z] batch=field-waveform-1789530081608-3 D4 MODE_SWITCH_START state=MODE_SWITCHING attempts=1 streak=0 attempt=1
[2026-09-16T03:44:19.769Z] batch=field-waveform-1789530081608-3 D4 MODE_SWITCH_OK state=MODE_SWITCH_OK attempts=1 streak=0
[2026-09-16T03:44:19.775Z] batch=field-waveform-1789530081608-3 D2 MODE_SWITCH_START state=MODE_SWITCHING attempts=1 streak=0 attempt=1
[2026-09-16T03:44:19.776Z] batch=field-waveform-1789530081608-3 D2 MODE_SWITCH_OK state=MODE_SWITCH_OK attempts=1 streak=0
[2026-09-16T03:44:29.726Z] batch=field-waveform-1789530081608-3 D6 MODE_SWITCH_START state=MODE_SWITCHING attempts=1 streak=0 attempt=1
[2026-09-16T03:44:29.728Z] batch=field-waveform-1789530081608-3 D6 MODE_SWITCH_OK state=MODE_SWITCH_OK attempts=1 streak=0
[2026-09-16T03:44:29.733Z] batch=field-waveform-1789530081608-3 D5 MODE_SWITCH_START state=MODE_SWITCHING attempts=1 streak=0 attempt=1
[2026-09-16T03:44:29.735Z] batch=field-waveform-1789530081608-3 D5 MODE_SWITCH_OK state=MODE_SWITCH_OK attempts=1 streak=0
[2026-09-16T03:44:29.904Z] batch=field-waveform-1789530081608-3 D1 MODE_SWITCH_START state=MODE_SWITCHING attempts=1 streak=0 attempt=1
[2026-09-16T03:44:29.905Z] batch=field-waveform-1789530081608-3 D1 MODE_SWITCH_OK state=MODE_SWITCH_OK attempts=1 streak=0
[2026-09-16T03:44:29.910Z] batch=field-waveform-1789530081608-3 D3 MODE_SWITCH_START state=MODE_SWITCHING attempts=1 streak=0 attempt=1
[2026-09-16T03:44:29.911Z] batch=field-waveform-1789530081608-3 D3 MODE_SWITCH_OK state=MODE_SWITCH_OK attempts=1 streak=0
[2026-09-16T03:44:29.916Z] batch=field-waveform-1789530081608-3 D4 MODE_SWITCH_START state=MODE_SWITCHING attempts=1 streak=0 attempt=1
[2026-09-16T03:44:29.917Z] batch=field-waveform-1789530081608-3 D4 MODE_SWITCH_OK state=MODE_SWITCH_OK attempts=1 streak=0
[2026-09-16T03:44:29.922Z] batch=field-waveform-1789530081608-3 D2 MODE_SWITCH_START state=MODE_SWITCHING attempts=1 streak=0 attempt=1
[2026-09-16T03:44:29.924Z] batch=field-waveform-1789530081608-3 D2 MODE_SWITCH_OK state=MODE_SWITCH_OK attempts=1 streak=0
[2026-09-16T03:44:32.674Z] batch=field-waveform-1789530272672-4 D1 MODE_SWITCH_START state=MODE_SWITCHING attempts=1 streak=0 attempt=1
[2026-09-16T03:44:32.677Z] batch=field-waveform-1789530272672-4 D2 MODE_SWITCH_START state=MODE_SWITCHING attempts=1 streak=0 attempt=1
[2026-09-16T03:44:32.678Z] batch=field-waveform-1789530272672-4 D3 MODE_SWITCH_START state=MODE_SWITCHING attempts=1 streak=0 attempt=1
[2026-09-16T03:44:32.679Z] batch=field-waveform-1789530272672-4 D4 MODE_SWITCH_START state=MODE_SWITCHING attempts=1 streak=0 attempt=1
[2026-09-16T03:44:32.680Z] batch=field-waveform-1789530272672-4 D5 MODE_SWITCH_START state=MODE_SWITCHING attempts=1 streak=0 attempt=1
[2026-09-16T03:44:32.681Z] batch=field-waveform-1789530272672-4 D6 MODE_SWITCH_START state=MODE_SWITCHING attempts=1 streak=0 attempt=1
[2026-09-16T03:44:32.683Z] batch=field-waveform-1789530272672-4 D1 MODE_SWITCH_OK state=MODE_SWITCH_OK attempts=1 streak=0
[2026-09-16T03:44:32.684Z] batch=field-waveform-1789530272672-4 D2 MODE_SWITCH_OK state=MODE_SWITCH_OK attempts=1 streak=0
[2026-09-16T03:44:32.685Z] batch=field-waveform-1789530272672-4 D3 MODE_SWITCH_OK state=MODE_SWITCH_OK attempts=1 streak=0
[2026-09-16T03:44:32.685Z] batch=field-waveform-1789530272672-4 D4 MODE_SWITCH_OK state=MODE_SWITCH_OK attempts=1 streak=0
[2026-09-16T03:44:32.685Z] batch=field-waveform-1789530272672-4 D5 MODE_SWITCH_OK state=MODE_SWITCH_OK attempts=1 streak=0
[2026-09-16T03:44:32.686Z] batch=field-waveform-1789530272672-4 D6 MODE_SWITCH_OK state=MODE_SWITCH_OK attempts=1 streak=0
[2026-09-16T03:44:39.734Z] batch=field-waveform-1789530272672-4 D6 MODE_SWITCH_START state=MODE_SWITCHING attempts=1 streak=0 attempt=1
[2026-09-16T03:44:39.736Z] batch=field-waveform-1789530272672-4 D6 MODE_SWITCH_OK state=MODE_SWITCH_OK attempts=1 streak=0
[2026-09-16T03:44:39.738Z] batch=field-waveform-1789530272672-4 D5 MODE_SWITCH_START state=MODE_SWITCHING attempts=1 streak=0 attempt=1
[2026-09-16T03:44:39.740Z] batch=field-waveform-1789530272672-4 D5 MODE_SWITCH_OK state=MODE_SWITCH_OK attempts=1 streak=0
[2026-09-16T03:44:39.908Z] batch=field-waveform-1789530272672-4 D1 MODE_SWITCH_START state=MODE_SWITCHING attempts=1 streak=0 attempt=1
[2026-09-16T03:44:39.911Z] batch=field-waveform-1789530272672-4 D1 MODE_SWITCH_OK state=MODE_SWITCH_OK attempts=1 streak=0
[2026-09-16T03:44:39.912Z] batch=field-waveform-1789530272672-4 D3 MODE_SWITCH_START state=MODE_SWITCHING attempts=1 streak=0 attempt=1
[2026-09-16T03:44:39.914Z] batch=field-waveform-1789530272672-4 D3 MODE_SWITCH_OK state=MODE_SWITCH_OK attempts=1 streak=0
[2026-09-16T03:44:39.923Z] batch=field-waveform-1789530272672-4 D4 MODE_SWITCH_START state=MODE_SWITCHING attempts=1 streak=0 attempt=1
[2026-09-16T03:44:39.925Z] batch=field-waveform-1789530272672-4 D4 MODE_SWITCH_OK state=MODE_SWITCH_OK attempts=1 streak=0
[2026-09-16T03:44:39.928Z] batch=field-waveform-1789530272672-4 D2 MODE_SWITCH_START state=MODE_SWITCHING attempts=1 streak=0 attempt=1
[2026-09-16T03:44:39.930Z] batch=field-waveform-1789530272672-4 D2 MODE_SWITCH_OK state=MODE_SWITCH_OK attempts=1 streak=0
[2026-09-16T03:44:49.752Z] batch=field-waveform-1789530272672-4 D6 MODE_SWITCH_START state=MODE_SWITCHING attempts=1 streak=0 attempt=1
[2026-09-16T03:44:49.753Z] batch=field-waveform-1789530272672-4 D6 MODE_SWITCH_OK state=MODE_SWITCH_OK attempts=1 streak=0
[2026-09-16T03:44:49.754Z] batch=field-waveform-1789530272672-4 D5 MODE_SWITCH_START state=MODE_SWITCHING attempts=1 streak=0 attempt=1
[2026-09-16T03:44:49.755Z] batch=field-waveform-1789530272672-4 D5 MODE_SWITCH_OK state=MODE_SWITCH_OK attempts=1 streak=0
[2026-09-16T03:44:49.915Z] batch=field-waveform-1789530272672-4 D1 MODE_SWITCH_START state=MODE_SWITCHING attempts=1 streak=0 attempt=1
[2026-09-16T03:44:49.916Z] batch=field-waveform-1789530272672-4 D1 MODE_SWITCH_OK state=MODE_SWITCH_OK attempts=1 streak=0
[2026-09-16T03:44:49.917Z] batch=field-waveform-1789530272672-4 D3 MODE_SWITCH_START state=MODE_SWITCHING attempts=1 streak=0 attempt=1
[2026-09-16T03:44:49.918Z] batch=field-waveform-1789530272672-4 D3 MODE_SWITCH_OK state=MODE_SWITCH_OK attempts=1 streak=0
[2026-09-16T03:44:49.930Z] batch=field-waveform-1789530272672-4 D4 MODE_SWITCH_START state=MODE_SWITCHING attempts=1 streak=0 attempt=1
[2026-09-16T03:44:49.931Z] batch=field-waveform-1789530272672-4 D4 MODE_SWITCH_OK state=MODE_SWITCH_OK attempts=1 streak=0
[2026-09-16T03:44:49.932Z] batch=field-waveform-1789530272672-4 D2 MODE_SWITCH_START state=MODE_SWITCHING attempts=1 streak=0 attempt=1
[2026-09-16T03:44:49.933Z] batch=field-waveform-1789530272672-4 D2 MODE_SWITCH_OK state=MODE_SWITCH_OK attempts=1 streak=0
[2026-09-16T03:44:59.767Z] batch=field-waveform-1789530272672-4 D6 MODE_SWITCH_START state=MODE_SWITCHING attempts=1 streak=0 attempt=1
[2026-09-16T03:44:59.768Z] batch=field-waveform-1789530272672-4 D6 MODE_SWITCH_OK state=MODE_SWITCH_OK attempts=1 streak=0
[2026-09-16T03:44:59.771Z] batch=field-waveform-1789530272672-4 D5 MODE_SWITCH_START state=MODE_SWITCHING attempts=1 streak=0 attempt=1
[2026-09-16T03:44:59.773Z] batch=field-waveform-1789530272672-4 D5 MODE_SWITCH_OK state=MODE_SWITCH_OK attempts=1 streak=0
[2026-09-16T03:44:59.919Z] batch=field-waveform-1789530272672-4 D1 MODE_SWITCH_START state=MODE_SWITCHING attempts=1 streak=0 attempt=1
[2026-09-16T03:44:59.921Z] batch=field-waveform-1789530272672-4 D1 MODE_SWITCH_OK state=MODE_SWITCH_OK attempts=1 streak=0
[2026-09-16T03:44:59.922Z] batch=field-waveform-1789530272672-4 D3 MODE_SWITCH_START state=MODE_SWITCHING attempts=1 streak=0 attempt=1
[2026-09-16T03:44:59.923Z] batch=field-waveform-1789530272672-4 D3 MODE_SWITCH_OK state=MODE_SWITCH_OK attempts=1 streak=0
[2026-09-16T03:44:59.937Z] batch=field-waveform-1789530272672-4 D4 MODE_SWITCH_START state=MODE_SWITCHING attempts=1 streak=0 attempt=1
[2026-09-16T03:44:59.939Z] batch=field-waveform-1789530272672-4 D4 MODE_SWITCH_OK state=MODE_SWITCH_OK attempts=1 streak=0
[2026-09-16T03:44:59.940Z] batch=field-waveform-1789530272672-4 D2 MODE_SWITCH_START state=MODE_SWITCHING attempts=1 streak=0 attempt=1
[2026-09-16T03:44:59.941Z] batch=field-waveform-1789530272672-4 D2 MODE_SWITCH_OK state=MODE_SWITCH_OK attempts=1 streak=0
[2026-09-16T03:45:09.775Z] batch=field-waveform-1789530272672-4 D6 MODE_SWITCH_START state=MODE_SWITCHING attempts=1 streak=0 attempt=1
[2026-09-16T03:45:09.780Z] batch=field-waveform-1789530272672-4 D6 MODE_SWITCH_OK state=MODE_SWITCH_OK attempts=1 streak=0
[2026-09-16T03:45:09.782Z] batch=field-waveform-1789530272672-4 D5 MODE_SWITCH_START state=MODE_SWITCHING attempts=1 streak=0 attempt=1
[2026-09-16T03:45:09.785Z] batch=field-waveform-1789530272672-4 D5 MODE_SWITCH_OK state=MODE_SWITCH_OK attempts=1 streak=0
[2026-09-16T03:45:09.951Z] batch=field-waveform-1789530272672-4 D1 MODE_SWITCH_START state=MODE_SWITCHING attempts=1 streak=0 attempt=1
[2026-09-16T03:45:09.952Z] batch=field-waveform-1789530272672-4 D1 MODE_SWITCH_OK state=MODE_SWITCH_OK attempts=1 streak=0
[2026-09-16T03:45:09.953Z] batch=field-waveform-1789530272672-4 D3 MODE_SWITCH_START state=MODE_SWITCHING attempts=1 streak=0 attempt=1
[2026-09-16T03:45:09.954Z] batch=field-waveform-1789530272672-4 D3 MODE_SWITCH_OK state=MODE_SWITCH_OK attempts=1 streak=0
[2026-09-16T03:45:09.954Z] batch=field-waveform-1789530272672-4 D4 MODE_SWITCH_START state=MODE_SWITCHING attempts=1 streak=0 attempt=1
[2026-09-16T03:45:09.955Z] batch=field-waveform-1789530272672-4 D4 MODE_SWITCH_OK state=MODE_SWITCH_OK attempts=1 streak=0
[2026-09-16T03:45:09.956Z] batch=field-waveform-1789530272672-4 D2 MODE_SWITCH_START state=MODE_SWITCHING attempts=1 streak=0 attempt=1
[2026-09-16T03:45:09.957Z] batch=field-waveform-1789530272672-4 D2 MODE_SWITCH_OK state=MODE_SWITCH_OK attempts=1 streak=0
[2026-09-16T03:45:19.785Z] batch=field-waveform-1789530272672-4 D6 MODE_SWITCH_START state=MODE_SWITCHING attempts=1 streak=0 attempt=1
[2026-09-16T03:45:19.787Z] batch=field-waveform-1789530272672-4 D6 MODE_SWITCH_OK state=MODE_SWITCH_OK attempts=1 streak=0
[2026-09-16T03:45:19.789Z] batch=field-waveform-1789530272672-4 D5 MODE_SWITCH_START state=MODE_SWITCHING attempts=1 streak=0 attempt=1
[2026-09-16T03:45:19.791Z] batch=field-waveform-1789530272672-4 D5 MODE_SWITCH_OK state=MODE_SWITCH_OK attempts=1 streak=0
[2026-09-16T03:45:19.964Z] batch=field-waveform-1789530272672-4 D1 MODE_SWITCH_START state=MODE_SWITCHING attempts=1 streak=0 attempt=1
[2026-09-16T03:45:19.965Z] batch=field-waveform-1789530272672-4 D1 MODE_SWITCH_OK state=MODE_SWITCH_OK attempts=1 streak=0
[2026-09-16T03:45:19.966Z] batch=field-waveform-1789530272672-4 D3 MODE_SWITCH_START state=MODE_SWITCHING attempts=1 streak=0 attempt=1
[2026-09-16T03:45:19.967Z] batch=field-waveform-1789530272672-4 D3 MODE_SWITCH_OK state=MODE_SWITCH_OK attempts=1 streak=0
[2026-09-16T03:45:19.968Z] batch=field-waveform-1789530272672-4 D4 MODE_SWITCH_START state=MODE_SWITCHING attempts=1 streak=0 attempt=1
[2026-09-16T03:45:19.969Z] batch=field-waveform-1789530272672-4 D4 MODE_SWITCH_OK state=MODE_SWITCH_OK attempts=1 streak=0
[2026-09-16T03:45:19.970Z] batch=field-waveform-1789530272672-4 D2 MODE_SWITCH_START state=MODE_SWITCHING attempts=1 streak=0 attempt=1
[2026-09-16T03:45:19.971Z] batch=field-waveform-1789530272672-4 D2 MODE_SWITCH_OK state=MODE_SWITCH_OK attempts=1 streak=0
[2026-09-16T03:45:29.796Z] batch=field-waveform-1789530272672-4 D6 MODE_SWITCH_START state=MODE_SWITCHING attempts=1 streak=0 attempt=1
[2026-09-16T03:45:29.798Z] batch=field-waveform-1789530272672-4 D6 MODE_SWITCH_OK state=MODE_SWITCH_OK attempts=1 streak=0
[2026-09-16T03:45:29.800Z] batch=field-waveform-1789530272672-4 D5 MODE_SWITCH_START state=MODE_SWITCHING attempts=1 streak=0 attempt=1
[2026-09-16T03:45:29.801Z] batch=field-waveform-1789530272672-4 D5 MODE_SWITCH_OK state=MODE_SWITCH_OK attempts=1 streak=0
[2026-09-16T03:45:29.968Z] batch=field-waveform-1789530272672-4 D1 MODE_SWITCH_START state=MODE_SWITCHING attempts=1 streak=0 attempt=1
[2026-09-16T03:45:29.969Z] batch=field-waveform-1789530272672-4 D1 MODE_SWITCH_OK state=MODE_SWITCH_OK attempts=1 streak=0
[2026-09-16T03:45:29.970Z] batch=field-waveform-1789530272672-4 D3 MODE_SWITCH_START state=MODE_SWITCHING attempts=1 streak=0 attempt=1
[2026-09-16T03:45:29.971Z] batch=field-waveform-1789530272672-4 D3 MODE_SWITCH_OK state=MODE_SWITCH_OK attempts=1 streak=0
[2026-09-16T03:45:29.972Z] batch=field-waveform-1789530272672-4 D4 MODE_SWITCH_START state=MODE_SWITCHING attempts=1 streak=0 attempt=1
[2026-09-16T03:45:29.973Z] batch=field-waveform-1789530272672-4 D4 MODE_SWITCH_OK state=MODE_SWITCH_OK attempts=1 streak=0
[2026-09-16T03:45:29.974Z] batch=field-waveform-1789530272672-4 D2 MODE_SWITCH_START state=MODE_SWITCHING attempts=1 streak=0 attempt=1
[2026-09-16T03:45:29.975Z] batch=field-waveform-1789530272672-4 D2 MODE_SWITCH_OK state=MODE_SWITCH_OK attempts=1 streak=0
[2026-09-16T03:45:36.853Z] batch=field-waveform-1789530272672-4 D3 FIRST_FRAME state=FIRST_FRAME_RECEIVED attempts=1 streak=1
[2026-09-16T03:45:36.853Z] batch=field-waveform-1789530272672-4 D3 FIRST_VALID_SAMPLE state=FIRST_FRAME_RECEIVED attempts=1 streak=1
[2026-09-16T03:45:36.862Z] batch=field-waveform-1789530272672-4 D5 FIRST_FRAME state=FIRST_FRAME_RECEIVED attempts=1 streak=1
[2026-09-16T03:45:36.863Z] batch=field-waveform-1789530272672-4 D5 FIRST_VALID_SAMPLE state=FIRST_FRAME_RECEIVED attempts=1 streak=1
[2026-09-16T03:45:36.866Z] batch=field-waveform-1789530272672-4 D6 FIRST_FRAME state=FIRST_FRAME_RECEIVED attempts=1 streak=1
[2026-09-16T03:45:36.866Z] batch=field-waveform-1789530272672-4 D6 FIRST_VALID_SAMPLE state=FIRST_FRAME_RECEIVED attempts=1 streak=1
[2026-09-16T03:45:36.871Z] batch=field-waveform-1789530272672-4 D2 FIRST_FRAME state=FIRST_FRAME_RECEIVED attempts=1 streak=1
[2026-09-16T03:45:36.871Z] batch=field-waveform-1789530272672-4 D2 FIRST_VALID_SAMPLE state=FIRST_FRAME_RECEIVED attempts=1 streak=1
[2026-09-16T03:45:36.890Z] batch=field-waveform-1789530272672-4 D4 FIRST_FRAME state=FIRST_FRAME_RECEIVED attempts=1 streak=1
[2026-09-16T03:45:36.891Z] batch=field-waveform-1789530272672-4 D4 FIRST_VALID_SAMPLE state=FIRST_FRAME_RECEIVED attempts=1 streak=1
[2026-09-16T03:45:36.906Z] batch=field-waveform-1789530272672-4 D1 FIRST_FRAME state=FIRST_FRAME_RECEIVED attempts=1 streak=1
[2026-09-16T03:45:36.906Z] batch=field-waveform-1789530272672-4 D1 FIRST_VALID_SAMPLE state=FIRST_FRAME_RECEIVED attempts=1 streak=1
[2026-09-16T03:45:37.103Z] batch=field-waveform-1789530272672-4 D3 CHANNEL_SYNC_OK state=TEST_READY attempts=1 streak=5
[2026-09-16T03:45:37.104Z] batch=field-waveform-1789530272672-4 D3 TEST_READY state=TEST_READY attempts=1 streak=5
[2026-09-16T03:45:37.110Z] batch=field-waveform-1789530272672-4 D5 CHANNEL_SYNC_OK state=TEST_READY attempts=1 streak=5
[2026-09-16T03:45:37.110Z] batch=field-waveform-1789530272672-4 D5 TEST_READY state=TEST_READY attempts=1 streak=5
[2026-09-16T03:45:37.114Z] batch=field-waveform-1789530272672-4 D6 CHANNEL_SYNC_OK state=TEST_READY attempts=1 streak=5
[2026-09-16T03:45:37.115Z] batch=field-waveform-1789530272672-4 D6 TEST_READY state=TEST_READY attempts=1 streak=5
[2026-09-16T03:45:37.118Z] batch=field-waveform-1789530272672-4 D2 CHANNEL_SYNC_OK state=TEST_READY attempts=1 streak=5
[2026-09-16T03:45:37.118Z] batch=field-waveform-1789530272672-4 D2 TEST_READY state=TEST_READY attempts=1 streak=5
[2026-09-16T03:45:37.139Z] batch=field-waveform-1789530272672-4 D4 CHANNEL_SYNC_OK state=TEST_READY attempts=1 streak=5
[2026-09-16T03:45:37.140Z] batch=field-waveform-1789530272672-4 D4 TEST_READY state=TEST_READY attempts=1 streak=5
[2026-09-16T03:45:37.158Z] batch=field-waveform-1789530272672-4 D1 CHANNEL_SYNC_OK state=TEST_READY attempts=1 streak=5
[2026-09-16T03:45:37.159Z] batch=field-waveform-1789530272672-4 D1 TEST_READY state=TEST_READY attempts=1 streak=5
[2026-09-16T03:46:29.826Z] batch=field-waveform-1789530272672-4 D4 MODE_SWITCH_START state=MODE_SWITCHING attempts=1 streak=0 attempt=1
[2026-09-16T03:46:29.828Z] batch=field-waveform-1789530272672-4 D4 MODE_SWITCH_OK state=MODE_SWITCH_OK attempts=1 streak=0
[2026-09-16T03:46:29.831Z] batch=field-waveform-1789530272672-4 D1 MODE_SWITCH_START state=MODE_SWITCHING attempts=1 streak=0 attempt=1
[2026-09-16T03:46:29.832Z] batch=field-waveform-1789530272672-4 D1 MODE_SWITCH_OK state=MODE_SWITCH_OK attempts=1 streak=0
[2026-09-16T03:46:29.835Z] batch=field-waveform-1789530272672-4 D3 MODE_SWITCH_START state=MODE_SWITCHING attempts=1 streak=0 attempt=1
[2026-09-16T03:46:29.836Z] batch=field-waveform-1789530272672-4 D3 MODE_SWITCH_OK state=MODE_SWITCH_OK attempts=1 streak=0
[2026-09-16T03:46:29.937Z] batch=field-waveform-1789530272672-4 D2 MODE_SWITCH_START state=MODE_SWITCHING attempts=1 streak=0 attempt=1
[2026-09-16T03:46:29.938Z] batch=field-waveform-1789530272672-4 D2 MODE_SWITCH_OK state=MODE_SWITCH_OK attempts=1 streak=0
[2026-09-16T03:46:39.960Z] batch=field-waveform-1789530272672-4 D4 MODE_SWITCH_START state=MODE_SWITCHING attempts=1 streak=0 attempt=1
[2026-09-16T03:46:39.961Z] batch=field-waveform-1789530272672-4 D4 MODE_SWITCH_OK state=MODE_SWITCH_OK attempts=1 streak=0
[2026-09-16T03:46:39.970Z] batch=field-waveform-1789530272672-4 D1 MODE_SWITCH_START state=MODE_SWITCHING attempts=1 streak=0 attempt=1
[2026-09-16T03:46:39.973Z] batch=field-waveform-1789530272672-4 D1 MODE_SWITCH_OK state=MODE_SWITCH_OK attempts=1 streak=0
[2026-09-16T03:46:39.976Z] batch=field-waveform-1789530272672-4 D3 MODE_SWITCH_START state=MODE_SWITCHING attempts=1 streak=0 attempt=1
[2026-09-16T03:46:39.977Z] batch=field-waveform-1789530272672-4 D3 MODE_SWITCH_OK state=MODE_SWITCH_OK attempts=1 streak=0
[2026-09-16T03:46:39.980Z] batch=field-waveform-1789530272672-4 D6 MODE_SWITCH_START state=MODE_SWITCHING attempts=1 streak=0 attempt=1
[2026-09-16T03:46:39.980Z] batch=field-waveform-1789530272672-4 D6 MODE_SWITCH_OK state=MODE_SWITCH_OK attempts=1 streak=0
[2026-09-16T03:46:39.983Z] batch=field-waveform-1789530272672-4 D5 MODE_SWITCH_START state=MODE_SWITCHING attempts=1 streak=0 attempt=1
[2026-09-16T03:46:39.983Z] batch=field-waveform-1789530272672-4 D5 MODE_SWITCH_OK state=MODE_SWITCH_OK attempts=1 streak=0
[2026-09-16T03:46:39.986Z] batch=field-waveform-1789530272672-4 D2 MODE_SWITCH_START state=MODE_SWITCHING attempts=1 streak=0 attempt=1
[2026-09-16T03:46:39.987Z] batch=field-waveform-1789530272672-4 D2 MODE_SWITCH_OK state=MODE_SWITCH_OK attempts=1 streak=0
[2026-09-16T03:46:45.090Z] batch=field-waveform-1789530272672-4 D3 FIRST_FRAME state=FIRST_FRAME_RECEIVED attempts=1 streak=1
[2026-09-16T03:46:45.091Z] batch=field-waveform-1789530272672-4 D3 FIRST_VALID_SAMPLE state=FIRST_FRAME_RECEIVED attempts=1 streak=1
[2026-09-16T03:46:45.092Z] batch=field-waveform-1789530272672-4 D4 FIRST_FRAME state=FIRST_FRAME_RECEIVED attempts=1 streak=1
[2026-09-16T03:46:45.092Z] batch=field-waveform-1789530272672-4 D4 FIRST_VALID_SAMPLE state=FIRST_FRAME_RECEIVED attempts=1 streak=1
[2026-09-16T03:46:45.093Z] batch=field-waveform-1789530272672-4 D6 FIRST_FRAME state=FIRST_FRAME_RECEIVED attempts=1 streak=1
[2026-09-16T03:46:45.093Z] batch=field-waveform-1789530272672-4 D6 FIRST_VALID_SAMPLE state=FIRST_FRAME_RECEIVED attempts=1 streak=1
[2026-09-16T03:46:45.093Z] batch=field-waveform-1789530272672-4 D2 FIRST_FRAME state=FIRST_FRAME_RECEIVED attempts=1 streak=1
[2026-09-16T03:46:45.094Z] batch=field-waveform-1789530272672-4 D2 FIRST_VALID_SAMPLE state=FIRST_FRAME_RECEIVED attempts=1 streak=1
[2026-09-16T03:46:45.094Z] batch=field-waveform-1789530272672-4 D1 FIRST_FRAME state=FIRST_FRAME_RECEIVED attempts=1 streak=1
[2026-09-16T03:46:45.094Z] batch=field-waveform-1789530272672-4 D1 FIRST_VALID_SAMPLE state=FIRST_FRAME_RECEIVED attempts=1 streak=1
[2026-09-16T03:46:45.097Z] batch=field-waveform-1789530272672-4 D5 FIRST_FRAME state=FIRST_FRAME_RECEIVED attempts=1 streak=1
[2026-09-16T03:46:45.097Z] batch=field-waveform-1789530272672-4 D5 FIRST_VALID_SAMPLE state=FIRST_FRAME_RECEIVED attempts=1 streak=1
[2026-09-16T03:46:45.308Z] batch=field-waveform-1789530272672-4 D2 CHANNEL_SYNC_OK state=TEST_READY attempts=1 streak=5
[2026-09-16T03:46:45.308Z] batch=field-waveform-1789530272672-4 D2 TEST_READY state=TEST_READY attempts=1 streak=5
[2026-09-16T03:46:45.309Z] batch=field-waveform-1789530272672-4 D6 CHANNEL_SYNC_OK state=TEST_READY attempts=1 streak=5
[2026-09-16T03:46:45.309Z] batch=field-waveform-1789530272672-4 D6 TEST_READY state=TEST_READY attempts=1 streak=5
[2026-09-16T03:46:45.391Z] batch=field-waveform-1789530272672-4 D1 CHANNEL_SYNC_OK state=TEST_READY attempts=1 streak=5
[2026-09-16T03:46:45.391Z] batch=field-waveform-1789530272672-4 D1 TEST_READY state=TEST_READY attempts=1 streak=5
[2026-09-16T03:46:45.393Z] batch=field-waveform-1789530272672-4 D5 CHANNEL_SYNC_OK state=TEST_READY attempts=1 streak=5
[2026-09-16T03:46:45.394Z] batch=field-waveform-1789530272672-4 D5 TEST_READY state=TEST_READY attempts=1 streak=5
[2026-09-16T03:46:45.394Z] batch=field-waveform-1789530272672-4 D3 CHANNEL_SYNC_OK state=TEST_READY attempts=1 streak=5
[2026-09-16T03:46:45.394Z] batch=field-waveform-1789530272672-4 D3 TEST_READY state=TEST_READY attempts=1 streak=5
[2026-09-16T03:46:45.395Z] batch=field-waveform-1789530272672-4 D4 CHANNEL_SYNC_OK state=TEST_READY attempts=1 streak=5
[2026-09-16T03:46:45.396Z] batch=field-waveform-1789530272672-4 D4 TEST_READY state=TEST_READY attempts=1 streak=5
