[2026-09-14T10:57:34.635Z] batch=field-waveform-1789383433538-3 D1 MODE_SWITCH_START state=MODE_SWITCHING attempts=1 streak=0 attempt=1
[2026-09-14T10:57:34.638Z] batch=field-waveform-1789383433538-3 D1 MODE_SWITCH_OK state=MODE_SWITCH_OK attempts=1 streak=0
[2026-09-14T10:57:34.640Z] batch=field-waveform-1789383433538-3 D2 MODE_SWITCH_START state=MODE_SWITCHING attempts=1 streak=0 attempt=1
[2026-09-14T10:57:34.641Z] batch=field-waveform-1789383433538-3 D2 MODE_SWITCH_OK state=MODE_SWITCH_OK attempts=1 streak=0
[2026-09-14T10:57:34.929Z] batch=field-waveform-1789383433538-3 D4 MODE_SWITCH_START state=MODE_SWITCHING attempts=1 streak=0 attempt=1
[2026-09-14T10:57:34.931Z] batch=field-waveform-1789383433538-3 D4 MODE_SWITCH_OK state=MODE_SWITCH_OK attempts=1 streak=0
[2026-09-14T10:57:34.944Z] batch=field-waveform-1789383433538-3 D3 MODE_SWITCH_START state=MODE_SWITCHING attempts=1 streak=0 attempt=1
[2026-09-14T10:57:34.945Z] batch=field-waveform-1789383433538-3 D3 MODE_SWITCH_OK state=MODE_SWITCH_OK attempts=1 streak=0
[2026-09-14T10:57:34.946Z] batch=field-waveform-1789383433538-3 D5 MODE_SWITCH_START state=MODE_SWITCHING attempts=1 streak=0 attempt=1
[2026-09-14T10:57:34.947Z] batch=field-waveform-1789383433538-3 D5 MODE_SWITCH_OK state=MODE_SWITCH_OK attempts=1 streak=0
[2026-09-14T10:57:35.218Z] batch=field-waveform-1789383433538-3 D6 MODE_SWITCH_START state=MODE_SWITCHING attempts=1 streak=0 attempt=1
[2026-09-14T10:57:35.220Z] batch=field-waveform-1789383433538-3 D6 MODE_SWITCH_OK state=MODE_SWITCH_OK attempts=1 streak=0
[2026-09-14T10:57:44.652Z] batch=field-waveform-1789383433538-3 D1 MODE_SWITCH_START state=MODE_SWITCHING attempts=1 streak=0 attempt=1
[2026-09-14T10:57:44.657Z] batch=field-waveform-1789383433538-3 D1 MODE_SWITCH_OK state=MODE_SWITCH_OK attempts=1 streak=0
[2026-09-14T10:57:44.660Z] batch=field-waveform-1789383433538-3 D2 MODE_SWITCH_START state=MODE_SWITCHING attempts=1 streak=0 attempt=1
[2026-09-14T10:57:44.665Z] batch=field-waveform-1789383433538-3 D2 MODE_SWITCH_OK state=MODE_SWITCH_OK attempts=1 streak=0
[2026-09-14T10:57:44.944Z] batch=field-waveform-1789383433538-3 D4 MODE_SWITCH_START state=MODE_SWITCHING attempts=1 streak=0 attempt=1
[2026-09-14T10:57:44.947Z] batch=field-waveform-1789383433538-3 D4 MODE_SWITCH_OK state=MODE_SWITCH_OK attempts=1 streak=0
[2026-09-14T10:57:44.949Z] batch=field-waveform-1789383433538-3 D3 MODE_SWITCH_START state=MODE_SWITCHING attempts=1 streak=0 attempt=1
[2026-09-14T10:57:44.951Z] batch=field-waveform-1789383433538-3 D3 MODE_SWITCH_OK state=MODE_SWITCH_OK attempts=1 streak=0
[2026-09-14T10:57:44.952Z] batch=field-waveform-1789383433538-3 D5 MODE_SWITCH_START state=MODE_SWITCHING attempts=1 streak=0 attempt=1
[2026-09-14T10:57:44.954Z] batch=field-waveform-1789383433538-3 D5 MODE_SWITCH_OK state=MODE_SWITCH_OK attempts=1 streak=0
[2026-09-14T10:57:45.234Z] batch=field-waveform-1789383433538-3 D6 MODE_SWITCH_START state=MODE_SWITCHING attempts=1 streak=0 attempt=1
[2026-09-14T10:57:45.237Z] batch=field-waveform-1789383433538-3 D6 MODE_SWITCH_OK state=MODE_SWITCH_OK attempts=1 streak=0
[2026-09-14T10:57:54.666Z] batch=field-waveform-1789383433538-3 D1 MODE_SWITCH_START state=MODE_SWITCHING attempts=1 streak=0 attempt=1
[2026-09-14T10:57:54.670Z] batch=field-waveform-1789383433538-3 D1 MODE_SWITCH_OK state=MODE_SWITCH_OK attempts=1 streak=0
[2026-09-14T10:57:54.672Z] batch=field-waveform-1789383433538-3 D2 MODE_SWITCH_START state=MODE_SWITCHING attempts=1 streak=0 attempt=1
[2026-09-14T10:57:54.673Z] batch=field-waveform-1789383433538-3 D2 MODE_SWITCH_OK state=MODE_SWITCH_OK attempts=1 streak=0
[2026-09-14T10:57:54.948Z] batch=field-waveform-1789383433538-3 D4 MODE_SWITCH_START state=MODE_SWITCHING attempts=1 streak=0 attempt=1
[2026-09-14T10:57:54.950Z] batch=field-waveform-1789383433538-3 D4 MODE_SWITCH_OK state=MODE_SWITCH_OK attempts=1 streak=0
[2026-09-14T10:57:54.954Z] batch=field-waveform-1789383433538-3 D3 MODE_SWITCH_START state=MODE_SWITCHING attempts=1 streak=0 attempt=1
[2026-09-14T10:57:54.955Z] batch=field-waveform-1789383433538-3 D3 MODE_SWITCH_OK state=MODE_SWITCH_OK attempts=1 streak=0
[2026-09-14T10:57:54.956Z] batch=field-waveform-1789383433538-3 D5 MODE_SWITCH_START state=MODE_SWITCHING attempts=1 streak=0 attempt=1
[2026-09-14T10:57:54.957Z] batch=field-waveform-1789383433538-3 D5 MODE_SWITCH_OK state=MODE_SWITCH_OK attempts=1 streak=0
[2026-09-14T10:57:55.240Z] batch=field-waveform-1789383433538-3 D6 MODE_SWITCH_START state=MODE_SWITCHING attempts=1 streak=0 attempt=1
[2026-09-14T10:57:55.243Z] batch=field-waveform-1789383433538-3 D6 MODE_SWITCH_OK state=MODE_SWITCH_OK attempts=1 streak=0
[2026-09-14T10:58:02.162Z] batch=field-waveform-1789383482159-4 D1 MODE_SWITCH_START state=MODE_SWITCHING attempts=1 streak=0 attempt=1
[2026-09-14T10:58:02.164Z] batch=field-waveform-1789383482159-4 D2 MODE_SWITCH_START state=MODE_SWITCHING attempts=1 streak=0 attempt=1
[2026-09-14T10:58:02.167Z] batch=field-waveform-1789383482159-4 D3 MODE_SWITCH_START state=MODE_SWITCHING attempts=1 streak=0 attempt=1
[2026-09-14T10:58:02.168Z] batch=field-waveform-1789383482159-4 D4 MODE_SWITCH_START state=MODE_SWITCHING attempts=1 streak=0 attempt=1
[2026-09-14T10:58:02.170Z] batch=field-waveform-1789383482159-4 D5 MODE_SWITCH_START state=MODE_SWITCHING attempts=1 streak=0 attempt=1
[2026-09-14T10:58:02.171Z] batch=field-waveform-1789383482159-4 D6 MODE_SWITCH_START state=MODE_SWITCHING attempts=1 streak=0 attempt=1
[2026-09-14T10:58:02.179Z] batch=field-waveform-1789383482159-4 D1 MODE_SWITCH_OK state=MODE_SWITCH_OK attempts=1 streak=0
[2026-09-14T10:58:02.180Z] batch=field-waveform-1789383482159-4 D2 MODE_SWITCH_OK state=MODE_SWITCH_OK attempts=1 streak=0
[2026-09-14T10:58:02.181Z] batch=field-waveform-1789383482159-4 D3 MODE_SWITCH_OK state=MODE_SWITCH_OK attempts=1 streak=0
[2026-09-14T10:58:02.183Z] batch=field-waveform-1789383482159-4 D4 MODE_SWITCH_OK state=MODE_SWITCH_OK attempts=1 streak=0
[2026-09-14T10:58:02.184Z] batch=field-waveform-1789383482159-4 D5 MODE_SWITCH_OK state=MODE_SWITCH_OK attempts=1 streak=0
[2026-09-14T10:58:02.185Z] batch=field-waveform-1789383482159-4 D6 MODE_SWITCH_OK state=MODE_SWITCH_OK attempts=1 streak=0
[2026-09-14T10:58:04.677Z] batch=field-waveform-1789383482159-4 D1 MODE_SWITCH_START state=MODE_SWITCHING attempts=1 streak=0 attempt=1
[2026-09-14T10:58:04.680Z] batch=field-waveform-1789383482159-4 D1 MODE_SWITCH_OK state=MODE_SWITCH_OK attempts=1 streak=0
[2026-09-14T10:58:04.681Z] batch=field-waveform-1789383482159-4 D2 MODE_SWITCH_START state=MODE_SWITCHING attempts=1 streak=0 attempt=1
[2026-09-14T10:58:04.682Z] batch=field-waveform-1789383482159-4 D2 MODE_SWITCH_OK state=MODE_SWITCH_OK attempts=1 streak=0
[2026-09-14T10:58:04.951Z] batch=field-waveform-1789383482159-4 D4 MODE_SWITCH_START state=MODE_SWITCHING attempts=1 streak=0 attempt=1
[2026-09-14T10:58:04.954Z] batch=field-waveform-1789383482159-4 D4 MODE_SWITCH_OK state=MODE_SWITCH_OK attempts=1 streak=0
[2026-09-14T10:58:04.957Z] batch=field-waveform-1789383482159-4 D3 MODE_SWITCH_START state=MODE_SWITCHING attempts=1 streak=0 attempt=1
[2026-09-14T10:58:04.963Z] batch=field-waveform-1789383482159-4 D3 MODE_SWITCH_OK state=MODE_SWITCH_OK attempts=1 streak=0
[2026-09-14T10:58:04.967Z] batch=field-waveform-1789383482159-4 D5 MODE_SWITCH_START state=MODE_SWITCHING attempts=1 streak=0 attempt=1
[2026-09-14T10:58:04.969Z] batch=field-waveform-1789383482159-4 D5 MODE_SWITCH_OK state=MODE_SWITCH_OK attempts=1 streak=0
[2026-09-14T10:58:05.255Z] batch=field-waveform-1789383482159-4 D6 MODE_SWITCH_START state=MODE_SWITCHING attempts=1 streak=0 attempt=1
[2026-09-14T10:58:05.258Z] batch=field-waveform-1789383482159-4 D6 MODE_SWITCH_OK state=MODE_SWITCH_OK attempts=1 streak=0
[2026-09-14T10:58:14.684Z] batch=field-waveform-1789383482159-4 D1 MODE_SWITCH_START state=MODE_SWITCHING attempts=1 streak=0 attempt=1
[2026-09-14T10:58:14.687Z] batch=field-waveform-1789383482159-4 D1 MODE_SWITCH_OK state=MODE_SWITCH_OK attempts=1 streak=0
[2026-09-14T10:58:14.688Z] batch=field-waveform-1789383482159-4 D2 MODE_SWITCH_START state=MODE_SWITCHING attempts=1 streak=0 attempt=1
[2026-09-14T10:58:14.690Z] batch=field-waveform-1789383482159-4 D2 MODE_SWITCH_OK state=MODE_SWITCH_OK attempts=1 streak=0
[2026-09-14T10:58:14.960Z] batch=field-waveform-1789383482159-4 D4 MODE_SWITCH_START state=MODE_SWITCHING attempts=1 streak=0 attempt=1
[2026-09-14T10:58:14.963Z] batch=field-waveform-1789383482159-4 D4 MODE_SWITCH_OK state=MODE_SWITCH_OK attempts=1 streak=0
[2026-09-14T10:58:14.977Z] batch=field-waveform-1789383482159-4 D3 MODE_SWITCH_START state=MODE_SWITCHING attempts=1 streak=0 attempt=1
[2026-09-14T10:58:14.978Z] batch=field-waveform-1789383482159-4 D3 MODE_SWITCH_OK state=MODE_SWITCH_OK attempts=1 streak=0
[2026-09-14T10:58:14.979Z] batch=field-waveform-1789383482159-4 D5 MODE_SWITCH_START state=MODE_SWITCHING attempts=1 streak=0 attempt=1
[2026-09-14T10:58:14.980Z] batch=field-waveform-1789383482159-4 D5 MODE_SWITCH_OK state=MODE_SWITCH_OK attempts=1 streak=0
[2026-09-14T10:58:15.265Z] batch=field-waveform-1789383482159-4 D6 MODE_SWITCH_START state=MODE_SWITCHING attempts=1 streak=0 attempt=1
[2026-09-14T10:58:15.269Z] batch=field-waveform-1789383482159-4 D6 MODE_SWITCH_OK state=MODE_SWITCH_OK attempts=1 streak=0
[2026-09-14T10:58:24.701Z] batch=field-waveform-1789383482159-4 D1 MODE_SWITCH_START state=MODE_SWITCHING attempts=1 streak=0 attempt=1
[2026-09-14T10:58:24.707Z] batch=field-waveform-1789383482159-4 D1 MODE_SWITCH_OK state=MODE_SWITCH_OK attempts=1 streak=0
[2026-09-14T10:58:24.711Z] batch=field-waveform-1789383482159-4 D2 MODE_SWITCH_START state=MODE_SWITCHING attempts=1 streak=0 attempt=1
[2026-09-14T10:58:24.713Z] batch=field-waveform-1789383482159-4 D2 MODE_SWITCH_OK state=MODE_SWITCH_OK attempts=1 streak=0
[2026-09-14T10:58:24.975Z] batch=field-waveform-1789383482159-4 D4 MODE_SWITCH_START state=MODE_SWITCHING attempts=1 streak=0 attempt=1
[2026-09-14T10:58:24.977Z] batch=field-waveform-1789383482159-4 D4 MODE_SWITCH_OK state=MODE_SWITCH_OK attempts=1 streak=0
[2026-09-14T10:58:24.980Z] batch=field-waveform-1789383482159-4 D3 MODE_SWITCH_START state=MODE_SWITCHING attempts=1 streak=0 attempt=1
[2026-09-14T10:58:24.981Z] batch=field-waveform-1789383482159-4 D3 MODE_SWITCH_OK state=MODE_SWITCH_OK attempts=1 streak=0
[2026-09-14T10:58:24.983Z] batch=field-waveform-1789383482159-4 D5 MODE_SWITCH_START state=MODE_SWITCHING attempts=1 streak=0 attempt=1
[2026-09-14T10:58:24.985Z] batch=field-waveform-1789383482159-4 D5 MODE_SWITCH_OK state=MODE_SWITCH_OK attempts=1 streak=0
[2026-09-14T10:58:25.271Z] batch=field-waveform-1789383482159-4 D6 MODE_SWITCH_START state=MODE_SWITCHING attempts=1 streak=0 attempt=1
[2026-09-14T10:58:25.273Z] batch=field-waveform-1789383482159-4 D6 MODE_SWITCH_OK state=MODE_SWITCH_OK attempts=1 streak=0
[2026-09-14T10:58:32.015Z] batch=field-waveform-1789383512010-5 D1 MODE_SWITCH_START state=MODE_SWITCHING attempts=1 streak=0 attempt=1
[2026-09-14T10:58:32.018Z] batch=field-waveform-1789383512010-5 D2 MODE_SWITCH_START state=MODE_SWITCHING attempts=1 streak=0 attempt=1
[2026-09-14T10:58:32.020Z] batch=field-waveform-1789383512010-5 D3 MODE_SWITCH_START state=MODE_SWITCHING attempts=1 streak=0 attempt=1
[2026-09-14T10:58:32.022Z] batch=field-waveform-1789383512010-5 D4 MODE_SWITCH_START state=MODE_SWITCHING attempts=1 streak=0 attempt=1
[2026-09-14T10:58:32.023Z] batch=field-waveform-1789383512010-5 D5 MODE_SWITCH_START state=MODE_SWITCHING attempts=1 streak=0 attempt=1
[2026-09-14T10:58:32.025Z] batch=field-waveform-1789383512010-5 D6 MODE_SWITCH_START state=MODE_SWITCHING attempts=1 streak=0 attempt=1
[2026-09-14T10:58:32.032Z] batch=field-waveform-1789383512010-5 D1 MODE_SWITCH_OK state=MODE_SWITCH_OK attempts=1 streak=0
[2026-09-14T10:58:32.033Z] batch=field-waveform-1789383512010-5 D2 MODE_SWITCH_OK state=MODE_SWITCH_OK attempts=1 streak=0
[2026-09-14T10:58:32.034Z] batch=field-waveform-1789383512010-5 D3 MODE_SWITCH_OK state=MODE_SWITCH_OK attempts=1 streak=0
[2026-09-14T10:58:32.035Z] batch=field-waveform-1789383512010-5 D4 MODE_SWITCH_OK state=MODE_SWITCH_OK attempts=1 streak=0
[2026-09-14T10:58:32.036Z] batch=field-waveform-1789383512010-5 D5 MODE_SWITCH_OK state=MODE_SWITCH_OK attempts=1 streak=0
[2026-09-14T10:58:32.037Z] batch=field-waveform-1789383512010-5 D6 MODE_SWITCH_OK state=MODE_SWITCH_OK attempts=1 streak=0
[2026-09-14T10:58:34.713Z] batch=field-waveform-1789383512010-5 D1 MODE_SWITCH_START state=MODE_SWITCHING attempts=1 streak=0 attempt=1
[2026-09-14T10:58:34.718Z] batch=field-waveform-1789383512010-5 D1 MODE_SWITCH_OK state=MODE_SWITCH_OK attempts=1 streak=0
[2026-09-14T10:58:34.721Z] batch=field-waveform-1789383512010-5 D2 MODE_SWITCH_START state=MODE_SWITCHING attempts=1 streak=0 attempt=1
[2026-09-14T10:58:34.724Z] batch=field-waveform-1789383512010-5 D2 MODE_SWITCH_OK state=MODE_SWITCH_OK attempts=1 streak=0
[2026-09-14T10:58:34.989Z] batch=field-waveform-1789383512010-5 D4 MODE_SWITCH_START state=MODE_SWITCHING attempts=1 streak=0 attempt=1
[2026-09-14T10:58:34.991Z] batch=field-waveform-1789383512010-5 D4 MODE_SWITCH_OK state=MODE_SWITCH_OK attempts=1 streak=0
[2026-09-14T10:58:34.993Z] batch=field-waveform-1789383512010-5 D3 MODE_SWITCH_START state=MODE_SWITCHING attempts=1 streak=0 attempt=1
[2026-09-14T10:58:34.995Z] batch=field-waveform-1789383512010-5 D3 MODE_SWITCH_OK state=MODE_SWITCH_OK attempts=1 streak=0
[2026-09-14T10:58:34.996Z] batch=field-waveform-1789383512010-5 D5 MODE_SWITCH_START state=MODE_SWITCHING attempts=1 streak=0 attempt=1
[2026-09-14T10:58:35.000Z] batch=field-waveform-1789383512010-5 D5 MODE_SWITCH_OK state=MODE_SWITCH_OK attempts=1 streak=0
[2026-09-14T10:58:35.285Z] batch=field-waveform-1789383512010-5 D6 MODE_SWITCH_START state=MODE_SWITCHING attempts=1 streak=0 attempt=1
[2026-09-14T10:58:35.288Z] batch=field-waveform-1789383512010-5 D6 MODE_SWITCH_OK state=MODE_SWITCH_OK attempts=1 streak=0
[2026-09-14T10:58:44.727Z] batch=field-waveform-1789383512010-5 D1 MODE_SWITCH_START state=MODE_SWITCHING attempts=1 streak=0 attempt=1
[2026-09-14T10:58:44.728Z] batch=field-waveform-1789383512010-5 D1 MODE_SWITCH_OK state=MODE_SWITCH_OK attempts=1 streak=0
[2026-09-14T10:58:44.730Z] batch=field-waveform-1789383512010-5 D2 MODE_SWITCH_START state=MODE_SWITCHING attempts=1 streak=0 attempt=1
[2026-09-14T10:58:44.731Z] batch=field-waveform-1789383512010-5 D2 MODE_SWITCH_OK state=MODE_SWITCH_OK attempts=1 streak=0
[2026-09-14T10:58:45.004Z] batch=field-waveform-1789383512010-5 D4 MODE_SWITCH_START state=MODE_SWITCHING attempts=1 streak=0 attempt=1
[2026-09-14T10:58:45.010Z] batch=field-waveform-1789383512010-5 D4 MODE_SWITCH_OK state=MODE_SWITCH_OK attempts=1 streak=0
[2026-09-14T10:58:45.013Z] batch=field-waveform-1789383512010-5 D3 MODE_SWITCH_START state=MODE_SWITCHING attempts=1 streak=0 attempt=1
[2026-09-14T10:58:45.015Z] batch=field-waveform-1789383512010-5 D3 MODE_SWITCH_OK state=MODE_SWITCH_OK attempts=1 streak=0
[2026-09-14T10:58:45.016Z] batch=field-waveform-1789383512010-5 D5 MODE_SWITCH_START state=MODE_SWITCHING attempts=1 streak=0 attempt=1
[2026-09-14T10:58:45.018Z] batch=field-waveform-1789383512010-5 D5 MODE_SWITCH_OK state=MODE_SWITCH_OK attempts=1 streak=0
[2026-09-14T10:58:45.295Z] batch=field-waveform-1789383512010-5 D6 MODE_SWITCH_START state=MODE_SWITCHING attempts=1 streak=0 attempt=1
[2026-09-14T10:58:45.299Z] batch=field-waveform-1789383512010-5 D6 MODE_SWITCH_OK state=MODE_SWITCH_OK attempts=1 streak=0
[2026-09-14T10:58:54.742Z] batch=field-waveform-1789383512010-5 D1 MODE_SWITCH_START state=MODE_SWITCHING attempts=1 streak=0 attempt=1
[2026-09-14T10:58:54.749Z] batch=field-waveform-1789383512010-5 D1 MODE_SWITCH_OK state=MODE_SWITCH_OK attempts=1 streak=0
[2026-09-14T10:58:54.750Z] batch=field-waveform-1789383512010-5 D2 MODE_SWITCH_START state=MODE_SWITCHING attempts=1 streak=0 attempt=1
[2026-09-14T10:58:54.750Z] batch=field-waveform-1789383512010-5 D2 MODE_SWITCH_OK state=MODE_SWITCH_OK attempts=1 streak=0
[2026-09-14T10:58:55.014Z] batch=field-waveform-1789383512010-5 D4 MODE_SWITCH_START state=MODE_SWITCHING attempts=1 streak=0 attempt=1
[2026-09-14T10:58:55.017Z] batch=field-waveform-1789383512010-5 D4 MODE_SWITCH_OK state=MODE_SWITCH_OK attempts=1 streak=0
[2026-09-14T10:58:55.019Z] batch=field-waveform-1789383512010-5 D3 MODE_SWITCH_START state=MODE_SWITCHING attempts=1 streak=0 attempt=1
[2026-09-14T10:58:55.021Z] batch=field-waveform-1789383512010-5 D3 MODE_SWITCH_OK state=MODE_SWITCH_OK attempts=1 streak=0
[2026-09-14T10:58:55.023Z] batch=field-waveform-1789383512010-5 D5 MODE_SWITCH_START state=MODE_SWITCHING attempts=1 streak=0 attempt=1
[2026-09-14T10:58:55.025Z] batch=field-waveform-1789383512010-5 D5 MODE_SWITCH_OK state=MODE_SWITCH_OK attempts=1 streak=0
[2026-09-14T10:58:55.302Z] batch=field-waveform-1789383512010-5 D6 MODE_SWITCH_START state=MODE_SWITCHING attempts=1 streak=0 attempt=1
[2026-09-14T10:58:55.305Z] batch=field-waveform-1789383512010-5 D6 MODE_SWITCH_OK state=MODE_SWITCH_OK attempts=1 streak=0
[2026-09-14T10:58:59.790Z] batch=field-waveform-1789383512010-5 D2 FIRST_FRAME state=FIRST_FRAME_RECEIVED attempts=1 streak=1
[2026-09-14T10:58:59.791Z] batch=field-waveform-1789383512010-5 D2 FIRST_VALID_SAMPLE state=FIRST_FRAME_RECEIVED attempts=1 streak=1
[2026-09-14T10:58:59.828Z] batch=field-waveform-1789383512010-5 D1 FIRST_FRAME state=FIRST_FRAME_RECEIVED attempts=1 streak=1
[2026-09-14T10:58:59.828Z] batch=field-waveform-1789383512010-5 D1 FIRST_VALID_SAMPLE state=FIRST_FRAME_RECEIVED attempts=1 streak=1
[2026-09-14T10:59:00.040Z] batch=field-waveform-1789383512010-5 D2 CHANNEL_SYNC_OK state=TEST_READY attempts=1 streak=5
[2026-09-14T10:59:00.040Z] batch=field-waveform-1789383512010-5 D2 TEST_READY state=TEST_READY attempts=1 streak=5
[2026-09-14T10:59:00.067Z] batch=field-waveform-1789383512010-5 D4 FIRST_FRAME state=FIRST_FRAME_RECEIVED attempts=1 streak=1
[2026-09-14T10:59:00.067Z] batch=field-waveform-1789383512010-5 D4 FIRST_VALID_SAMPLE state=FIRST_FRAME_RECEIVED attempts=1 streak=1
[2026-09-14T10:59:00.078Z] batch=field-waveform-1789383512010-5 D1 CHANNEL_SYNC_OK state=TEST_READY attempts=1 streak=5
[2026-09-14T10:59:00.078Z] batch=field-waveform-1789383512010-5 D1 TEST_READY state=TEST_READY attempts=1 streak=5
[2026-09-14T10:59:00.097Z] batch=field-waveform-1789383512010-5 D3 FIRST_FRAME state=FIRST_FRAME_RECEIVED attempts=1 streak=1
[2026-09-14T10:59:00.097Z] batch=field-waveform-1789383512010-5 D3 FIRST_VALID_SAMPLE state=FIRST_FRAME_RECEIVED attempts=1 streak=1
[2026-09-14T10:59:00.117Z] batch=field-waveform-1789383512010-5 D5 FIRST_FRAME state=FIRST_FRAME_RECEIVED attempts=1 streak=1
[2026-09-14T10:59:00.117Z] batch=field-waveform-1789383512010-5 D5 FIRST_VALID_SAMPLE state=FIRST_FRAME_RECEIVED attempts=1 streak=1
[2026-09-14T10:59:00.319Z] batch=field-waveform-1789383512010-5 D4 CHANNEL_SYNC_OK state=TEST_READY attempts=1 streak=5
[2026-09-14T10:59:00.320Z] batch=field-waveform-1789383512010-5 D4 TEST_READY state=TEST_READY attempts=1 streak=5
[2026-09-14T10:59:00.343Z] batch=field-waveform-1789383512010-5 D3 CHANNEL_SYNC_OK state=TEST_READY attempts=1 streak=5
[2026-09-14T10:59:00.343Z] batch=field-waveform-1789383512010-5 D3 TEST_READY state=TEST_READY attempts=1 streak=5
[2026-09-14T10:59:00.346Z] batch=field-waveform-1789383512010-5 D6 FIRST_FRAME state=FIRST_FRAME_RECEIVED attempts=1 streak=1
[2026-09-14T10:59:00.346Z] batch=field-waveform-1789383512010-5 D6 FIRST_VALID_SAMPLE state=FIRST_FRAME_RECEIVED attempts=1 streak=1
[2026-09-14T10:59:00.362Z] batch=field-waveform-1789383512010-5 D5 CHANNEL_SYNC_OK state=TEST_READY attempts=1 streak=5
[2026-09-14T10:59:00.362Z] batch=field-waveform-1789383512010-5 D5 TEST_READY state=TEST_READY attempts=1 streak=5
[2026-09-14T10:59:00.603Z] batch=field-waveform-1789383512010-5 D6 CHANNEL_SYNC_OK state=TEST_READY attempts=1 streak=5
[2026-09-14T10:59:00.603Z] batch=field-waveform-1789383512010-5 D6 TEST_READY state=TEST_READY attempts=1 streak=5
[2026-09-14T10:59:11.458Z] batch=field-waveform-1789383512010-5 D1 MODE_SWITCH_START state=MODE_SWITCHING attempts=1 streak=0 attempt=1
[2026-09-14T10:59:11.461Z] batch=field-waveform-1789383512010-5 D1 MODE_SWITCH_OK state=MODE_SWITCH_OK attempts=1 streak=0
[2026-09-14T10:59:11.463Z] batch=field-waveform-1789383512010-5 D3 MODE_SWITCH_START state=MODE_SWITCHING attempts=1 streak=0 attempt=1
[2026-09-14T10:59:11.465Z] batch=field-waveform-1789383512010-5 D3 MODE_SWITCH_OK state=MODE_SWITCH_OK attempts=1 streak=0
[2026-09-14T10:59:11.485Z] batch=field-waveform-1789383512010-5 D6 MODE_SWITCH_START state=MODE_SWITCHING attempts=1 streak=0 attempt=1
[2026-09-14T10:59:11.487Z] batch=field-waveform-1789383512010-5 D6 MODE_SWITCH_OK state=MODE_SWITCH_OK attempts=1 streak=0
[2026-09-14T10:59:11.489Z] batch=field-waveform-1789383512010-5 D2 MODE_SWITCH_START state=MODE_SWITCHING attempts=1 streak=0 attempt=1
[2026-09-14T10:59:11.491Z] batch=field-waveform-1789383512010-5 D2 MODE_SWITCH_OK state=MODE_SWITCH_OK attempts=1 streak=0
[2026-09-14T10:59:11.605Z] batch=field-waveform-1789383512010-5 D4 MODE_SWITCH_START state=MODE_SWITCHING attempts=1 streak=0 attempt=1
[2026-09-14T10:59:11.610Z] batch=field-waveform-1789383512010-5 D4 MODE_SWITCH_OK state=MODE_SWITCH_OK attempts=1 streak=0
[2026-09-14T10:59:16.535Z] batch=field-waveform-1789383512010-5 D1 FIRST_FRAME state=FIRST_FRAME_RECEIVED attempts=1 streak=1
[2026-09-14T10:59:16.536Z] batch=field-waveform-1789383512010-5 D1 FIRST_VALID_SAMPLE state=FIRST_FRAME_RECEIVED attempts=1 streak=1
[2026-09-14T10:59:16.540Z] batch=field-waveform-1789383512010-5 D3 FIRST_FRAME state=FIRST_FRAME_RECEIVED attempts=1 streak=1
[2026-09-14T10:59:16.540Z] batch=field-waveform-1789383512010-5 D3 FIRST_VALID_SAMPLE state=FIRST_FRAME_RECEIVED attempts=1 streak=1
[2026-09-14T10:59:16.541Z] batch=field-waveform-1789383512010-5 D6 FIRST_FRAME state=FIRST_FRAME_RECEIVED attempts=1 streak=1
[2026-09-14T10:59:16.541Z] batch=field-waveform-1789383512010-5 D6 FIRST_VALID_SAMPLE state=FIRST_FRAME_RECEIVED attempts=1 streak=1
[2026-09-14T10:59:16.549Z] batch=field-waveform-1789383512010-5 D2 FIRST_FRAME state=FIRST_FRAME_RECEIVED attempts=1 streak=1
[2026-09-14T10:59:16.549Z] batch=field-waveform-1789383512010-5 D2 FIRST_VALID_SAMPLE state=FIRST_FRAME_RECEIVED attempts=1 streak=1
[2026-09-14T10:59:16.698Z] batch=field-waveform-1789383512010-5 D4 FIRST_FRAME state=FIRST_FRAME_RECEIVED attempts=1 streak=1
[2026-09-14T10:59:16.699Z] batch=field-waveform-1789383512010-5 D4 FIRST_VALID_SAMPLE state=FIRST_FRAME_RECEIVED attempts=1 streak=1
[2026-09-14T10:59:16.789Z] batch=field-waveform-1789383512010-5 D1 CHANNEL_SYNC_OK state=TEST_READY attempts=1 streak=5
[2026-09-14T10:59:16.791Z] batch=field-waveform-1789383512010-5 D1 TEST_READY state=TEST_READY attempts=1 streak=5
[2026-09-14T10:59:16.793Z] batch=field-waveform-1789383512010-5 D3 CHANNEL_SYNC_OK state=TEST_READY attempts=1 streak=5
[2026-09-14T10:59:16.794Z] batch=field-waveform-1789383512010-5 D3 TEST_READY state=TEST_READY attempts=1 streak=5
[2026-09-14T10:59:16.825Z] batch=field-waveform-1789383512010-5 D2 CHANNEL_SYNC_OK state=TEST_READY attempts=1 streak=5
[2026-09-14T10:59:16.825Z] batch=field-waveform-1789383512010-5 D2 TEST_READY state=TEST_READY attempts=1 streak=5
[2026-09-14T10:59:16.826Z] batch=field-waveform-1789383512010-5 D6 CHANNEL_SYNC_OK state=TEST_READY attempts=1 streak=5
[2026-09-14T10:59:16.827Z] batch=field-waveform-1789383512010-5 D6 TEST_READY state=TEST_READY attempts=1 streak=5
[2026-09-14T10:59:16.953Z] batch=field-waveform-1789383512010-5 D4 CHANNEL_SYNC_OK state=TEST_READY attempts=1 streak=5
[2026-09-14T10:59:16.954Z] batch=field-waveform-1789383512010-5 D4 TEST_READY state=TEST_READY attempts=1 streak=5
[2026-09-14T11:00:09.606Z] batch=field-waveform-1789383512010-5 D5 MODE_SWITCH_START state=MODE_SWITCHING attempts=1 streak=0 attempt=1
[2026-09-14T11:00:09.610Z] batch=field-waveform-1789383512010-5 D5 MODE_SWITCH_OK state=MODE_SWITCH_OK attempts=1 streak=0
[2026-09-14T11:00:09.613Z] batch=field-waveform-1789383512010-5 D2 MODE_SWITCH_START state=MODE_SWITCHING attempts=1 streak=0 attempt=1
[2026-09-14T11:00:09.615Z] batch=field-waveform-1789383512010-5 D2 MODE_SWITCH_OK state=MODE_SWITCH_OK attempts=1 streak=0
[2026-09-14T11:00:09.624Z] batch=field-waveform-1789383512010-5 D3 MODE_SWITCH_START state=MODE_SWITCHING attempts=1 streak=0 attempt=1
[2026-09-14T11:00:09.627Z] batch=field-waveform-1789383512010-5 D3 MODE_SWITCH_OK state=MODE_SWITCH_OK attempts=1 streak=0
[2026-09-14T11:00:09.630Z] batch=field-waveform-1789383512010-5 D4 MODE_SWITCH_START state=MODE_SWITCHING attempts=1 streak=0 attempt=1
[2026-09-14T11:00:09.637Z] batch=field-waveform-1789383512010-5 D4 MODE_SWITCH_OK state=MODE_SWITCH_OK attempts=1 streak=0
[2026-09-14T11:00:09.643Z] batch=field-waveform-1789383512010-5 D1 MODE_SWITCH_START state=MODE_SWITCHING attempts=1 streak=0 attempt=1
[2026-09-14T11:00:09.646Z] batch=field-waveform-1789383512010-5 D1 MODE_SWITCH_OK state=MODE_SWITCH_OK attempts=1 streak=0
[2026-09-14T11:00:09.651Z] batch=field-waveform-1789383512010-5 D6 MODE_SWITCH_START state=MODE_SWITCHING attempts=1 streak=0 attempt=1
[2026-09-14T11:00:09.656Z] batch=field-waveform-1789383512010-5 D6 MODE_SWITCH_OK state=MODE_SWITCH_OK attempts=1 streak=0
[2026-09-14T11:00:19.638Z] batch=field-waveform-1789383512010-5 D5 MODE_SWITCH_START state=MODE_SWITCHING attempts=1 streak=0 attempt=1
[2026-09-14T11:00:19.640Z] batch=field-waveform-1789383512010-5 D5 MODE_SWITCH_OK state=MODE_SWITCH_OK attempts=1 streak=0
[2026-09-14T11:00:19.643Z] batch=field-waveform-1789383512010-5 D2 MODE_SWITCH_START state=MODE_SWITCHING attempts=1 streak=0 attempt=1
[2026-09-14T11:00:19.644Z] batch=field-waveform-1789383512010-5 D2 MODE_SWITCH_OK state=MODE_SWITCH_OK attempts=1 streak=0
[2026-09-14T11:00:19.647Z] batch=field-waveform-1789383512010-5 D3 MODE_SWITCH_START state=MODE_SWITCHING attempts=1 streak=0 attempt=1
[2026-09-14T11:00:19.648Z] batch=field-waveform-1789383512010-5 D3 MODE_SWITCH_OK state=MODE_SWITCH_OK attempts=1 streak=0
[2026-09-14T11:00:19.743Z] batch=field-waveform-1789383512010-5 D4 MODE_SWITCH_START state=MODE_SWITCHING attempts=1 streak=0 attempt=1
[2026-09-14T11:00:19.746Z] batch=field-waveform-1789383512010-5 D4 MODE_SWITCH_OK state=MODE_SWITCH_OK attempts=1 streak=0
[2026-09-14T11:00:19.749Z] batch=field-waveform-1789383512010-5 D1 MODE_SWITCH_START state=MODE_SWITCHING attempts=1 streak=0 attempt=1
[2026-09-14T11:00:19.751Z] batch=field-waveform-1789383512010-5 D1 MODE_SWITCH_OK state=MODE_SWITCH_OK attempts=1 streak=0
[2026-09-14T11:00:19.755Z] batch=field-waveform-1789383512010-5 D6 MODE_SWITCH_START state=MODE_SWITCHING attempts=1 streak=0 attempt=1
[2026-09-14T11:00:19.758Z] batch=field-waveform-1789383512010-5 D6 MODE_SWITCH_OK state=MODE_SWITCH_OK attempts=1 streak=0
[2026-09-14T11:00:24.763Z] batch=field-waveform-1789383512010-5 D3 FIRST_FRAME state=FIRST_FRAME_RECEIVED attempts=1 streak=1
[2026-09-14T11:00:24.764Z] batch=field-waveform-1789383512010-5 D3 FIRST_VALID_SAMPLE state=FIRST_FRAME_RECEIVED attempts=1 streak=1
[2026-09-14T11:00:24.765Z] batch=field-waveform-1789383512010-5 D5 FIRST_FRAME state=FIRST_FRAME_RECEIVED attempts=1 streak=1
[2026-09-14T11:00:24.765Z] batch=field-waveform-1789383512010-5 D5 FIRST_VALID_SAMPLE state=FIRST_FRAME_RECEIVED attempts=1 streak=1
[2026-09-14T11:00:24.766Z] batch=field-waveform-1789383512010-5 D2 FIRST_FRAME state=FIRST_FRAME_RECEIVED attempts=1 streak=1
[2026-09-14T11:00:24.766Z] batch=field-waveform-1789383512010-5 D2 FIRST_VALID_SAMPLE state=FIRST_FRAME_RECEIVED attempts=1 streak=1
[2026-09-14T11:00:24.867Z] batch=field-waveform-1789383512010-5 D4 FIRST_FRAME state=FIRST_FRAME_RECEIVED attempts=1 streak=1
[2026-09-14T11:00:24.868Z] batch=field-waveform-1789383512010-5 D4 FIRST_VALID_SAMPLE state=FIRST_FRAME_RECEIVED attempts=1 streak=1
[2026-09-14T11:00:24.869Z] batch=field-waveform-1789383512010-5 D1 FIRST_FRAME state=FIRST_FRAME_RECEIVED attempts=1 streak=1
[2026-09-14T11:00:24.869Z] batch=field-waveform-1789383512010-5 D1 FIRST_VALID_SAMPLE state=FIRST_FRAME_RECEIVED attempts=1 streak=1
[2026-09-14T11:00:24.870Z] batch=field-waveform-1789383512010-5 D6 FIRST_FRAME state=FIRST_FRAME_RECEIVED attempts=1 streak=1
[2026-09-14T11:00:24.870Z] batch=field-waveform-1789383512010-5 D6 FIRST_VALID_SAMPLE state=FIRST_FRAME_RECEIVED attempts=1 streak=1
[2026-09-14T11:00:25.101Z] batch=field-waveform-1789383512010-5 D4 CHANNEL_SYNC_OK state=TEST_READY attempts=1 streak=5
[2026-09-14T11:00:25.101Z] batch=field-waveform-1789383512010-5 D4 TEST_READY state=TEST_READY attempts=1 streak=5
[2026-09-14T11:00:25.104Z] batch=field-waveform-1789383512010-5 D1 CHANNEL_SYNC_OK state=TEST_READY attempts=1 streak=5
[2026-09-14T11:00:25.104Z] batch=field-waveform-1789383512010-5 D1 TEST_READY state=TEST_READY attempts=1 streak=5
[2026-09-14T11:00:25.107Z] batch=field-waveform-1789383512010-5 D6 CHANNEL_SYNC_OK state=TEST_READY attempts=1 streak=5
[2026-09-14T11:00:25.107Z] batch=field-waveform-1789383512010-5 D6 TEST_READY state=TEST_READY attempts=1 streak=5
[2026-09-14T11:00:25.109Z] batch=field-waveform-1789383512010-5 D3 CHANNEL_SYNC_OK state=TEST_READY attempts=1 streak=5
[2026-09-14T11:00:25.110Z] batch=field-waveform-1789383512010-5 D3 TEST_READY state=TEST_READY attempts=1 streak=5
[2026-09-14T11:00:25.113Z] batch=field-waveform-1789383512010-5 D5 CHANNEL_SYNC_OK state=TEST_READY attempts=1 streak=5
[2026-09-14T11:00:25.113Z] batch=field-waveform-1789383512010-5 D5 TEST_READY state=TEST_READY attempts=1 streak=5
[2026-09-14T11:00:25.115Z] batch=field-waveform-1789383512010-5 D2 CHANNEL_SYNC_OK state=TEST_READY attempts=1 streak=5
[2026-09-14T11:00:25.115Z] batch=field-waveform-1789383512010-5 D2 TEST_READY state=TEST_READY attempts=1 streak=5
