[2026-09-18T03:00:20.207Z] batch=field-waveform-1789700420205-26 D1 MODE_SWITCH_START state=MODE_SWITCHING attempts=1 streak=0 attempt=1
[2026-09-18T03:00:20.208Z] batch=field-waveform-1789700420205-26 D2 MODE_SWITCH_START state=MODE_SWITCHING attempts=1 streak=0 attempt=1
[2026-09-18T03:00:20.209Z] batch=field-waveform-1789700420205-26 D3 MODE_SWITCH_START state=MODE_SWITCHING attempts=1 streak=0 attempt=1
[2026-09-18T03:00:20.210Z] batch=field-waveform-1789700420205-26 D4 MODE_SWITCH_START state=MODE_SWITCHING attempts=1 streak=0 attempt=1
[2026-09-18T03:00:20.210Z] batch=field-waveform-1789700420205-26 D5 MODE_SWITCH_START state=MODE_SWITCHING attempts=1 streak=0 attempt=1
[2026-09-18T03:00:20.211Z] batch=field-waveform-1789700420205-26 D6 MODE_SWITCH_START state=MODE_SWITCHING attempts=1 streak=0 attempt=1
[2026-09-18T03:00:20.213Z] batch=field-waveform-1789700420205-26 D1 MODE_SWITCH_OK state=MODE_SWITCH_OK attempts=1 streak=0
[2026-09-18T03:00:20.214Z] batch=field-waveform-1789700420205-26 D2 MODE_SWITCH_OK state=MODE_SWITCH_OK attempts=1 streak=0
[2026-09-18T03:00:20.217Z] batch=field-waveform-1789700420205-26 D3 MODE_SWITCH_OK state=MODE_SWITCH_OK attempts=1 streak=0
[2026-09-18T03:00:20.218Z] batch=field-waveform-1789700420205-26 D4 MODE_SWITCH_OK state=MODE_SWITCH_OK attempts=1 streak=0
[2026-09-18T03:00:20.218Z] batch=field-waveform-1789700420205-26 D5 MODE_SWITCH_OK state=MODE_SWITCH_OK attempts=1 streak=0
[2026-09-18T03:00:20.219Z] batch=field-waveform-1789700420205-26 D6 MODE_SWITCH_OK state=MODE_SWITCH_OK attempts=1 streak=0
[2026-09-18T03:00:23.275Z] batch=field-waveform-1789700420205-26 D2 MODE_SWITCH_START state=MODE_SWITCHING attempts=1 streak=0 attempt=1
[2026-09-18T03:00:23.279Z] batch=field-waveform-1789700420205-26 D2 MODE_SWITCH_OK state=MODE_SWITCH_OK attempts=1 streak=0
[2026-09-18T03:00:23.279Z] batch=field-waveform-1789700420205-26 D6 MODE_SWITCH_START state=MODE_SWITCHING attempts=1 streak=0 attempt=1
[2026-09-18T03:00:23.281Z] batch=field-waveform-1789700420205-26 D6 MODE_SWITCH_OK state=MODE_SWITCH_OK attempts=1 streak=0
[2026-09-18T03:00:23.282Z] batch=field-waveform-1789700420205-26 D1 MODE_SWITCH_START state=MODE_SWITCHING attempts=1 streak=0 attempt=1
[2026-09-18T03:00:23.285Z] batch=field-waveform-1789700420205-26 D1 MODE_SWITCH_OK state=MODE_SWITCH_OK attempts=1 streak=0
[2026-09-18T03:00:23.295Z] batch=field-waveform-1789700420205-26 D5 MODE_SWITCH_START state=MODE_SWITCHING attempts=1 streak=0 attempt=1
[2026-09-18T03:00:23.296Z] batch=field-waveform-1789700420205-26 D5 MODE_SWITCH_OK state=MODE_SWITCH_OK attempts=1 streak=0
[2026-09-18T03:00:23.363Z] batch=field-waveform-1789700420205-26 D3 MODE_SWITCH_START state=MODE_SWITCHING attempts=1 streak=0 attempt=1
[2026-09-18T03:00:23.364Z] batch=field-waveform-1789700420205-26 D3 MODE_SWITCH_OK state=MODE_SWITCH_OK attempts=1 streak=0
[2026-09-18T03:00:23.684Z] batch=field-waveform-1789700420205-26 D4 MODE_SWITCH_START state=MODE_SWITCHING attempts=1 streak=0 attempt=1
[2026-09-18T03:00:23.685Z] batch=field-waveform-1789700420205-26 D4 MODE_SWITCH_OK state=MODE_SWITCH_OK attempts=1 streak=0
[2026-09-18T03:00:33.290Z] batch=field-waveform-1789700420205-26 D2 MODE_SWITCH_START state=MODE_SWITCHING attempts=1 streak=0 attempt=1
[2026-09-18T03:00:33.292Z] batch=field-waveform-1789700420205-26 D2 MODE_SWITCH_OK state=MODE_SWITCH_OK attempts=1 streak=0
[2026-09-18T03:00:33.293Z] batch=field-waveform-1789700420205-26 D6 MODE_SWITCH_START state=MODE_SWITCHING attempts=1 streak=0 attempt=1
[2026-09-18T03:00:33.295Z] batch=field-waveform-1789700420205-26 D6 MODE_SWITCH_OK state=MODE_SWITCH_OK attempts=1 streak=0
[2026-09-18T03:00:33.296Z] batch=field-waveform-1789700420205-26 D1 MODE_SWITCH_START state=MODE_SWITCHING attempts=1 streak=0 attempt=1
[2026-09-18T03:00:33.298Z] batch=field-waveform-1789700420205-26 D1 MODE_SWITCH_OK state=MODE_SWITCH_OK attempts=1 streak=0
[2026-09-18T03:00:33.300Z] batch=field-waveform-1789700420205-26 D5 MODE_SWITCH_START state=MODE_SWITCHING attempts=1 streak=0 attempt=1
[2026-09-18T03:00:33.302Z] batch=field-waveform-1789700420205-26 D5 MODE_SWITCH_OK state=MODE_SWITCH_OK attempts=1 streak=0
[2026-09-18T03:00:33.365Z] batch=field-waveform-1789700420205-26 D3 MODE_SWITCH_START state=MODE_SWITCHING attempts=1 streak=0 attempt=1
[2026-09-18T03:00:33.366Z] batch=field-waveform-1789700420205-26 D3 MODE_SWITCH_OK state=MODE_SWITCH_OK attempts=1 streak=0
[2026-09-18T03:00:33.687Z] batch=field-waveform-1789700420205-26 D4 MODE_SWITCH_START state=MODE_SWITCHING attempts=1 streak=0 attempt=1
[2026-09-18T03:00:33.688Z] batch=field-waveform-1789700420205-26 D4 MODE_SWITCH_OK state=MODE_SWITCH_OK attempts=1 streak=0
[2026-09-18T03:00:43.301Z] batch=field-waveform-1789700420205-26 D2 MODE_SWITCH_START state=MODE_SWITCHING attempts=1 streak=0 attempt=1
[2026-09-18T03:00:43.306Z] batch=field-waveform-1789700420205-26 D2 MODE_SWITCH_OK state=MODE_SWITCH_OK attempts=1 streak=0
[2026-09-18T03:00:43.307Z] batch=field-waveform-1789700420205-26 D6 MODE_SWITCH_START state=MODE_SWITCHING attempts=1 streak=0 attempt=1
[2026-09-18T03:00:43.308Z] batch=field-waveform-1789700420205-26 D6 MODE_SWITCH_OK state=MODE_SWITCH_OK attempts=1 streak=0
[2026-09-18T03:00:43.309Z] batch=field-waveform-1789700420205-26 D1 MODE_SWITCH_START state=MODE_SWITCHING attempts=1 streak=0 attempt=1
[2026-09-18T03:00:43.310Z] batch=field-waveform-1789700420205-26 D1 MODE_SWITCH_OK state=MODE_SWITCH_OK attempts=1 streak=0
[2026-09-18T03:00:43.312Z] batch=field-waveform-1789700420205-26 D5 MODE_SWITCH_START state=MODE_SWITCHING attempts=1 streak=0 attempt=1
[2026-09-18T03:00:43.313Z] batch=field-waveform-1789700420205-26 D5 MODE_SWITCH_OK state=MODE_SWITCH_OK attempts=1 streak=0
[2026-09-18T03:00:43.377Z] batch=field-waveform-1789700420205-26 D3 MODE_SWITCH_START state=MODE_SWITCHING attempts=1 streak=0 attempt=1
[2026-09-18T03:00:43.379Z] batch=field-waveform-1789700420205-26 D3 MODE_SWITCH_OK state=MODE_SWITCH_OK attempts=1 streak=0
[2026-09-18T03:00:43.700Z] batch=field-waveform-1789700420205-26 D4 MODE_SWITCH_START state=MODE_SWITCHING attempts=1 streak=0 attempt=1
[2026-09-18T03:00:43.701Z] batch=field-waveform-1789700420205-26 D4 MODE_SWITCH_OK state=MODE_SWITCH_OK attempts=1 streak=0
[2026-09-18T03:00:48.358Z] batch=field-waveform-1789700420205-26 D1 FIRST_FRAME state=FIRST_FRAME_RECEIVED attempts=1 streak=1
[2026-09-18T03:00:48.359Z] batch=field-waveform-1789700420205-26 D1 FIRST_VALID_SAMPLE state=FIRST_FRAME_RECEIVED attempts=1 streak=1
[2026-09-18T03:00:48.363Z] batch=field-waveform-1789700420205-26 D6 FIRST_FRAME state=FIRST_FRAME_RECEIVED attempts=1 streak=1
[2026-09-18T03:00:48.363Z] batch=field-waveform-1789700420205-26 D6 FIRST_VALID_SAMPLE state=FIRST_FRAME_RECEIVED attempts=1 streak=1
[2026-09-18T03:00:48.372Z] batch=field-waveform-1789700420205-26 D2 FIRST_FRAME state=FIRST_FRAME_RECEIVED attempts=1 streak=1
[2026-09-18T03:00:48.372Z] batch=field-waveform-1789700420205-26 D2 FIRST_VALID_SAMPLE state=FIRST_FRAME_RECEIVED attempts=1 streak=1
[2026-09-18T03:00:48.392Z] batch=field-waveform-1789700420205-26 D5 FIRST_FRAME state=FIRST_FRAME_RECEIVED attempts=1 streak=1
[2026-09-18T03:00:48.392Z] batch=field-waveform-1789700420205-26 D5 FIRST_VALID_SAMPLE state=FIRST_FRAME_RECEIVED attempts=1 streak=1
[2026-09-18T03:00:48.427Z] batch=field-waveform-1789700420205-26 D3 FIRST_FRAME state=FIRST_FRAME_RECEIVED attempts=1 streak=1
[2026-09-18T03:00:48.428Z] batch=field-waveform-1789700420205-26 D3 FIRST_VALID_SAMPLE state=FIRST_FRAME_RECEIVED attempts=1 streak=1
[2026-09-18T03:00:48.616Z] batch=field-waveform-1789700420205-26 D1 CHANNEL_SYNC_OK state=TEST_READY attempts=1 streak=5
[2026-09-18T03:00:48.616Z] batch=field-waveform-1789700420205-26 D1 TEST_READY state=TEST_READY attempts=1 streak=5
[2026-09-18T03:00:48.619Z] batch=field-waveform-1789700420205-26 D6 CHANNEL_SYNC_OK state=TEST_READY attempts=1 streak=5
[2026-09-18T03:00:48.619Z] batch=field-waveform-1789700420205-26 D6 TEST_READY state=TEST_READY attempts=1 streak=5
[2026-09-18T03:00:48.620Z] batch=field-waveform-1789700420205-26 D2 CHANNEL_SYNC_OK state=TEST_READY attempts=1 streak=5
[2026-09-18T03:00:48.620Z] batch=field-waveform-1789700420205-26 D2 TEST_READY state=TEST_READY attempts=1 streak=5
[2026-09-18T03:00:48.641Z] batch=field-waveform-1789700420205-26 D5 CHANNEL_SYNC_OK state=TEST_READY attempts=1 streak=5
[2026-09-18T03:00:48.641Z] batch=field-waveform-1789700420205-26 D5 TEST_READY state=TEST_READY attempts=1 streak=5
[2026-09-18T03:00:48.682Z] batch=field-waveform-1789700420205-26 D3 CHANNEL_SYNC_OK state=TEST_READY attempts=1 streak=5
[2026-09-18T03:00:48.682Z] batch=field-waveform-1789700420205-26 D3 TEST_READY state=TEST_READY attempts=1 streak=5
[2026-09-18T03:00:48.767Z] batch=field-waveform-1789700420205-26 D4 FIRST_FRAME state=FIRST_FRAME_RECEIVED attempts=1 streak=1
[2026-09-18T03:00:48.768Z] batch=field-waveform-1789700420205-26 D4 FIRST_VALID_SAMPLE state=FIRST_FRAME_RECEIVED attempts=1 streak=1
[2026-09-18T03:00:49.025Z] batch=field-waveform-1789700420205-26 D4 CHANNEL_SYNC_OK state=TEST_READY attempts=1 streak=5
[2026-09-18T03:00:49.026Z] batch=field-waveform-1789700420205-26 D4 TEST_READY state=TEST_READY attempts=1 streak=5
[2026-09-18T03:00:59.895Z] batch=field-waveform-1789700420205-26 D4 MODE_SWITCH_START state=MODE_SWITCHING attempts=1 streak=0 attempt=1
[2026-09-18T03:00:59.897Z] batch=field-waveform-1789700420205-26 D4 MODE_SWITCH_OK state=MODE_SWITCH_OK attempts=1 streak=0
[2026-09-18T03:00:59.898Z] batch=field-waveform-1789700420205-26 D5 MODE_SWITCH_START state=MODE_SWITCHING attempts=1 streak=0 attempt=1
[2026-09-18T03:00:59.901Z] batch=field-waveform-1789700420205-26 D5 MODE_SWITCH_OK state=MODE_SWITCH_OK attempts=1 streak=0
[2026-09-18T03:00:59.956Z] batch=field-waveform-1789700420205-26 D1 MODE_SWITCH_START state=MODE_SWITCHING attempts=1 streak=0 attempt=1
[2026-09-18T03:00:59.958Z] batch=field-waveform-1789700420205-26 D1 MODE_SWITCH_OK state=MODE_SWITCH_OK attempts=1 streak=0
[2026-09-18T03:00:59.958Z] batch=field-waveform-1789700420205-26 D6 MODE_SWITCH_START state=MODE_SWITCHING attempts=1 streak=0 attempt=1
[2026-09-18T03:00:59.959Z] batch=field-waveform-1789700420205-26 D6 MODE_SWITCH_OK state=MODE_SWITCH_OK attempts=1 streak=0
[2026-09-18T03:01:04.951Z] batch=field-waveform-1789700420205-26 D4 FIRST_FRAME state=FIRST_FRAME_RECEIVED attempts=1 streak=1
[2026-09-18T03:01:04.951Z] batch=field-waveform-1789700420205-26 D4 FIRST_VALID_SAMPLE state=FIRST_FRAME_RECEIVED attempts=1 streak=1
[2026-09-18T03:01:04.967Z] batch=field-waveform-1789700420205-26 D5 FIRST_FRAME state=FIRST_FRAME_RECEIVED attempts=1 streak=1
[2026-09-18T03:01:04.967Z] batch=field-waveform-1789700420205-26 D5 FIRST_VALID_SAMPLE state=FIRST_FRAME_RECEIVED attempts=1 streak=1
[2026-09-18T03:01:04.992Z] batch=field-waveform-1789700420205-26 D1 FIRST_FRAME state=FIRST_FRAME_RECEIVED attempts=1 streak=1
[2026-09-18T03:01:04.992Z] batch=field-waveform-1789700420205-26 D1 FIRST_VALID_SAMPLE state=FIRST_FRAME_RECEIVED attempts=1 streak=1
[2026-09-18T03:01:04.993Z] batch=field-waveform-1789700420205-26 D6 FIRST_FRAME state=FIRST_FRAME_RECEIVED attempts=1 streak=1
[2026-09-18T03:01:04.994Z] batch=field-waveform-1789700420205-26 D6 FIRST_VALID_SAMPLE state=FIRST_FRAME_RECEIVED attempts=1 streak=1
[2026-09-18T03:01:05.200Z] batch=field-waveform-1789700420205-26 D4 CHANNEL_SYNC_OK state=TEST_READY attempts=1 streak=5
[2026-09-18T03:01:05.200Z] batch=field-waveform-1789700420205-26 D4 TEST_READY state=TEST_READY attempts=1 streak=5
[2026-09-18T03:01:05.211Z] batch=field-waveform-1789700420205-26 D5 CHANNEL_SYNC_OK state=TEST_READY attempts=1 streak=5
[2026-09-18T03:01:05.211Z] batch=field-waveform-1789700420205-26 D5 TEST_READY state=TEST_READY attempts=1 streak=5
[2026-09-18T03:01:05.252Z] batch=field-waveform-1789700420205-26 D1 CHANNEL_SYNC_OK state=TEST_READY attempts=1 streak=5
[2026-09-18T03:01:05.252Z] batch=field-waveform-1789700420205-26 D1 TEST_READY state=TEST_READY attempts=1 streak=5
[2026-09-18T03:01:05.254Z] batch=field-waveform-1789700420205-26 D6 CHANNEL_SYNC_OK state=TEST_READY attempts=1 streak=5
[2026-09-18T03:01:05.254Z] batch=field-waveform-1789700420205-26 D6 TEST_READY state=TEST_READY attempts=1 streak=5
[2026-09-18T03:01:58.042Z] batch=field-waveform-1789700420205-26 D3 MODE_SWITCH_START state=MODE_SWITCHING attempts=1 streak=0 attempt=1
[2026-09-18T03:01:58.043Z] batch=field-waveform-1789700420205-26 D3 MODE_SWITCH_OK state=MODE_SWITCH_OK attempts=1 streak=0
[2026-09-18T03:01:58.045Z] batch=field-waveform-1789700420205-26 D1 MODE_SWITCH_START state=MODE_SWITCHING attempts=1 streak=0 attempt=1
[2026-09-18T03:01:58.046Z] batch=field-waveform-1789700420205-26 D1 MODE_SWITCH_OK state=MODE_SWITCH_OK attempts=1 streak=0
[2026-09-18T03:01:58.049Z] batch=field-waveform-1789700420205-26 D6 MODE_SWITCH_START state=MODE_SWITCHING attempts=1 streak=0 attempt=1
[2026-09-18T03:01:58.050Z] batch=field-waveform-1789700420205-26 D6 MODE_SWITCH_OK state=MODE_SWITCH_OK attempts=1 streak=0
[2026-09-18T03:01:58.053Z] batch=field-waveform-1789700420205-26 D2 MODE_SWITCH_START state=MODE_SWITCHING attempts=1 streak=0 attempt=1
[2026-09-18T03:01:58.054Z] batch=field-waveform-1789700420205-26 D2 MODE_SWITCH_OK state=MODE_SWITCH_OK attempts=1 streak=0
[2026-09-18T03:01:58.057Z] batch=field-waveform-1789700420205-26 D4 MODE_SWITCH_START state=MODE_SWITCHING attempts=1 streak=0 attempt=1
[2026-09-18T03:01:58.059Z] batch=field-waveform-1789700420205-26 D4 MODE_SWITCH_OK state=MODE_SWITCH_OK attempts=1 streak=0
[2026-09-18T03:01:58.061Z] batch=field-waveform-1789700420205-26 D5 MODE_SWITCH_START state=MODE_SWITCHING attempts=1 streak=0 attempt=1
[2026-09-18T03:01:58.062Z] batch=field-waveform-1789700420205-26 D5 MODE_SWITCH_OK state=MODE_SWITCH_OK attempts=1 streak=0
[2026-09-18T03:02:08.085Z] batch=field-waveform-1789700420205-26 D3 MODE_SWITCH_START state=MODE_SWITCHING attempts=1 streak=0 attempt=1
[2026-09-18T03:02:08.086Z] batch=field-waveform-1789700420205-26 D3 MODE_SWITCH_OK state=MODE_SWITCH_OK attempts=1 streak=0
[2026-09-18T03:02:08.089Z] batch=field-waveform-1789700420205-26 D1 MODE_SWITCH_START state=MODE_SWITCHING attempts=1 streak=0 attempt=1
[2026-09-18T03:02:08.090Z] batch=field-waveform-1789700420205-26 D1 MODE_SWITCH_OK state=MODE_SWITCH_OK attempts=1 streak=0
[2026-09-18T03:02:08.093Z] batch=field-waveform-1789700420205-26 D6 MODE_SWITCH_START state=MODE_SWITCHING attempts=1 streak=0 attempt=1
[2026-09-18T03:02:08.094Z] batch=field-waveform-1789700420205-26 D6 MODE_SWITCH_OK state=MODE_SWITCH_OK attempts=1 streak=0
[2026-09-18T03:02:08.097Z] batch=field-waveform-1789700420205-26 D2 MODE_SWITCH_START state=MODE_SWITCHING attempts=1 streak=0 attempt=1
[2026-09-18T03:02:08.099Z] batch=field-waveform-1789700420205-26 D2 MODE_SWITCH_OK state=MODE_SWITCH_OK attempts=1 streak=0
[2026-09-18T03:02:08.102Z] batch=field-waveform-1789700420205-26 D4 MODE_SWITCH_START state=MODE_SWITCHING attempts=1 streak=0 attempt=1
[2026-09-18T03:02:08.103Z] batch=field-waveform-1789700420205-26 D4 MODE_SWITCH_OK state=MODE_SWITCH_OK attempts=1 streak=0
[2026-09-18T03:02:08.105Z] batch=field-waveform-1789700420205-26 D5 MODE_SWITCH_START state=MODE_SWITCHING attempts=1 streak=0 attempt=1
[2026-09-18T03:02:08.107Z] batch=field-waveform-1789700420205-26 D5 MODE_SWITCH_OK state=MODE_SWITCH_OK attempts=1 streak=0
[2026-09-18T03:02:13.210Z] batch=field-waveform-1789700420205-26 D6 FIRST_FRAME state=FIRST_FRAME_RECEIVED attempts=1 streak=1
[2026-09-18T03:02:13.211Z] batch=field-waveform-1789700420205-26 D6 FIRST_VALID_SAMPLE state=FIRST_FRAME_RECEIVED attempts=1 streak=1
[2026-09-18T03:02:13.212Z] batch=field-waveform-1789700420205-26 D1 FIRST_FRAME state=FIRST_FRAME_RECEIVED attempts=1 streak=1
[2026-09-18T03:02:13.212Z] batch=field-waveform-1789700420205-26 D1 FIRST_VALID_SAMPLE state=FIRST_FRAME_RECEIVED attempts=1 streak=1
[2026-09-18T03:02:13.212Z] batch=field-waveform-1789700420205-26 D5 FIRST_FRAME state=FIRST_FRAME_RECEIVED attempts=1 streak=1
[2026-09-18T03:02:13.213Z] batch=field-waveform-1789700420205-26 D5 FIRST_VALID_SAMPLE state=FIRST_FRAME_RECEIVED attempts=1 streak=1
[2026-09-18T03:02:13.213Z] batch=field-waveform-1789700420205-26 D2 FIRST_FRAME state=FIRST_FRAME_RECEIVED attempts=1 streak=1
[2026-09-18T03:02:13.214Z] batch=field-waveform-1789700420205-26 D2 FIRST_VALID_SAMPLE state=FIRST_FRAME_RECEIVED attempts=1 streak=1
[2026-09-18T03:02:13.214Z] batch=field-waveform-1789700420205-26 D4 FIRST_FRAME state=FIRST_FRAME_RECEIVED attempts=1 streak=1
[2026-09-18T03:02:13.215Z] batch=field-waveform-1789700420205-26 D4 FIRST_VALID_SAMPLE state=FIRST_FRAME_RECEIVED attempts=1 streak=1
[2026-09-18T03:02:13.215Z] batch=field-waveform-1789700420205-26 D3 FIRST_FRAME state=FIRST_FRAME_RECEIVED attempts=1 streak=1
[2026-09-18T03:02:13.215Z] batch=field-waveform-1789700420205-26 D3 FIRST_VALID_SAMPLE state=FIRST_FRAME_RECEIVED attempts=1 streak=1
[2026-09-18T03:02:13.484Z] batch=field-waveform-1789700420205-26 D5 CHANNEL_SYNC_OK state=TEST_READY attempts=1 streak=5
[2026-09-18T03:02:13.484Z] batch=field-waveform-1789700420205-26 D5 TEST_READY state=TEST_READY attempts=1 streak=5
[2026-09-18T03:02:13.561Z] batch=field-waveform-1789700420205-26 D4 CHANNEL_SYNC_OK state=TEST_READY attempts=1 streak=5
[2026-09-18T03:02:13.562Z] batch=field-waveform-1789700420205-26 D4 TEST_READY state=TEST_READY attempts=1 streak=5
[2026-09-18T03:02:13.564Z] batch=field-waveform-1789700420205-26 D3 CHANNEL_SYNC_OK state=TEST_READY attempts=1 streak=5
[2026-09-18T03:02:13.564Z] batch=field-waveform-1789700420205-26 D3 TEST_READY state=TEST_READY attempts=1 streak=5
[2026-09-18T03:02:13.565Z] batch=field-waveform-1789700420205-26 D6 CHANNEL_SYNC_OK state=TEST_READY attempts=1 streak=5
[2026-09-18T03:02:13.566Z] batch=field-waveform-1789700420205-26 D6 TEST_READY state=TEST_READY attempts=1 streak=5
[2026-09-18T03:02:13.568Z] batch=field-waveform-1789700420205-26 D1 CHANNEL_SYNC_OK state=TEST_READY attempts=1 streak=5
[2026-09-18T03:02:13.569Z] batch=field-waveform-1789700420205-26 D1 TEST_READY state=TEST_READY attempts=1 streak=5
[2026-09-18T03:02:13.571Z] batch=field-waveform-1789700420205-26 D2 CHANNEL_SYNC_OK state=TEST_READY attempts=1 streak=5
[2026-09-18T03:02:13.572Z] batch=field-waveform-1789700420205-26 D2 TEST_READY state=TEST_READY attempts=1 streak=5
[2026-09-18T03:02:58.154Z] batch=field-waveform-1789700420205-26 D2 MODE_SWITCH_START state=MODE_SWITCHING attempts=1 streak=0 attempt=1
[2026-09-18T03:02:58.156Z] batch=field-waveform-1789700420205-26 D2 MODE_SWITCH_OK state=MODE_SWITCH_OK attempts=1 streak=0
[2026-09-18T03:02:58.162Z] batch=field-waveform-1789700420205-26 D4 MODE_SWITCH_START state=MODE_SWITCHING attempts=1 streak=0 attempt=1
[2026-09-18T03:02:58.164Z] batch=field-waveform-1789700420205-26 D4 MODE_SWITCH_OK state=MODE_SWITCH_OK attempts=1 streak=0
[2026-09-18T03:02:58.173Z] batch=field-waveform-1789700420205-26 D3 MODE_SWITCH_START state=MODE_SWITCHING attempts=1 streak=0 attempt=1
[2026-09-18T03:02:58.174Z] batch=field-waveform-1789700420205-26 D3 MODE_SWITCH_OK state=MODE_SWITCH_OK attempts=1 streak=0
[2026-09-18T03:02:58.179Z] batch=field-waveform-1789700420205-26 D6 MODE_SWITCH_START state=MODE_SWITCHING attempts=1 streak=0 attempt=1
[2026-09-18T03:02:58.180Z] batch=field-waveform-1789700420205-26 D6 MODE_SWITCH_OK state=MODE_SWITCH_OK attempts=1 streak=0
[2026-09-18T03:02:58.185Z] batch=field-waveform-1789700420205-26 D1 MODE_SWITCH_START state=MODE_SWITCHING attempts=1 streak=0 attempt=1
[2026-09-18T03:02:58.186Z] batch=field-waveform-1789700420205-26 D1 MODE_SWITCH_OK state=MODE_SWITCH_OK attempts=1 streak=0
[2026-09-18T03:02:58.191Z] batch=field-waveform-1789700420205-26 D5 MODE_SWITCH_START state=MODE_SWITCHING attempts=1 streak=0 attempt=1
[2026-09-18T03:02:58.192Z] batch=field-waveform-1789700420205-26 D5 MODE_SWITCH_OK state=MODE_SWITCH_OK attempts=1 streak=0
[2026-09-18T03:03:00.201Z] batch=field-waveform-1789700580200-27 D1 MODE_SWITCH_START state=MODE_SWITCHING attempts=1 streak=0 attempt=1
[2026-09-18T03:03:00.202Z] batch=field-waveform-1789700580200-27 D2 MODE_SWITCH_START state=MODE_SWITCHING attempts=1 streak=0 attempt=1
[2026-09-18T03:03:00.203Z] batch=field-waveform-1789700580200-27 D3 MODE_SWITCH_START state=MODE_SWITCHING attempts=1 streak=0 attempt=1
[2026-09-18T03:03:00.205Z] batch=field-waveform-1789700580200-27 D4 MODE_SWITCH_START state=MODE_SWITCHING attempts=1 streak=0 attempt=1
[2026-09-18T03:03:00.206Z] batch=field-waveform-1789700580200-27 D5 MODE_SWITCH_START state=MODE_SWITCHING attempts=1 streak=0 attempt=1
[2026-09-18T03:03:00.207Z] batch=field-waveform-1789700580200-27 D6 MODE_SWITCH_START state=MODE_SWITCHING attempts=1 streak=0 attempt=1
[2026-09-18T03:03:00.209Z] batch=field-waveform-1789700580200-27 D1 MODE_SWITCH_OK state=MODE_SWITCH_OK attempts=1 streak=0
[2026-09-18T03:03:00.209Z] batch=field-waveform-1789700580200-27 D2 MODE_SWITCH_OK state=MODE_SWITCH_OK attempts=1 streak=0
[2026-09-18T03:03:00.210Z] batch=field-waveform-1789700580200-27 D3 MODE_SWITCH_OK state=MODE_SWITCH_OK attempts=1 streak=0
[2026-09-18T03:03:00.210Z] batch=field-waveform-1789700580200-27 D4 MODE_SWITCH_OK state=MODE_SWITCH_OK attempts=1 streak=0
[2026-09-18T03:03:00.210Z] batch=field-waveform-1789700580200-27 D5 MODE_SWITCH_OK state=MODE_SWITCH_OK attempts=1 streak=0
[2026-09-18T03:03:00.211Z] batch=field-waveform-1789700580200-27 D6 MODE_SWITCH_OK state=MODE_SWITCH_OK attempts=1 streak=0
[2026-09-18T03:03:08.168Z] batch=field-waveform-1789700580200-27 D2 MODE_SWITCH_START state=MODE_SWITCHING attempts=1 streak=0 attempt=1
[2026-09-18T03:03:08.170Z] batch=field-waveform-1789700580200-27 D2 MODE_SWITCH_OK state=MODE_SWITCH_OK attempts=1 streak=0
[2026-09-18T03:03:08.171Z] batch=field-waveform-1789700580200-27 D4 MODE_SWITCH_START state=MODE_SWITCHING attempts=1 streak=0 attempt=1
[2026-09-18T03:03:08.173Z] batch=field-waveform-1789700580200-27 D4 MODE_SWITCH_OK state=MODE_SWITCH_OK attempts=1 streak=0
[2026-09-18T03:03:08.177Z] batch=field-waveform-1789700580200-27 D3 MODE_SWITCH_START state=MODE_SWITCHING attempts=1 streak=0 attempt=1
[2026-09-18T03:03:08.178Z] batch=field-waveform-1789700580200-27 D3 MODE_SWITCH_OK state=MODE_SWITCH_OK attempts=1 streak=0
[2026-09-18T03:03:08.183Z] batch=field-waveform-1789700580200-27 D6 MODE_SWITCH_START state=MODE_SWITCHING attempts=1 streak=0 attempt=1
[2026-09-18T03:03:08.185Z] batch=field-waveform-1789700580200-27 D6 MODE_SWITCH_OK state=MODE_SWITCH_OK attempts=1 streak=0
[2026-09-18T03:03:08.187Z] batch=field-waveform-1789700580200-27 D1 MODE_SWITCH_START state=MODE_SWITCHING attempts=1 streak=0 attempt=1
[2026-09-18T03:03:08.189Z] batch=field-waveform-1789700580200-27 D1 MODE_SWITCH_OK state=MODE_SWITCH_OK attempts=1 streak=0
[2026-09-18T03:03:08.194Z] batch=field-waveform-1789700580200-27 D5 MODE_SWITCH_START state=MODE_SWITCHING attempts=1 streak=0 attempt=1
[2026-09-18T03:03:08.195Z] batch=field-waveform-1789700580200-27 D5 MODE_SWITCH_OK state=MODE_SWITCH_OK attempts=1 streak=0
