[2026-09-11T00:51:16.995Z] batch=field-waveform-1789087719025-1 D3 MODE_SWITCH_START state=MODE_SWITCHING attempts=1 streak=0 attempt=1
[2026-09-11T00:51:17.006Z] batch=field-waveform-1789087719025-1 D3 MODE_SWITCH_OK state=MODE_SWITCH_OK attempts=1 streak=0
[2026-09-11T00:51:17.013Z] batch=field-waveform-1789087719025-1 D5 MODE_SWITCH_START state=MODE_SWITCHING attempts=1 streak=0 attempt=1
[2026-09-11T00:51:17.017Z] batch=field-waveform-1789087719025-1 D5 MODE_SWITCH_OK state=MODE_SWITCH_OK attempts=1 streak=0
[2026-09-11T00:51:17.024Z] batch=field-waveform-1789087719025-1 D6 MODE_SWITCH_START state=MODE_SWITCHING attempts=1 streak=0 attempt=1
[2026-09-11T00:51:17.026Z] batch=field-waveform-1789087719025-1 D6 MODE_SWITCH_OK state=MODE_SWITCH_OK attempts=1 streak=0
[2026-09-11T00:51:17.033Z] batch=field-waveform-1789087719025-1 D4 MODE_SWITCH_START state=MODE_SWITCHING attempts=1 streak=0 attempt=1
[2026-09-11T00:51:17.036Z] batch=field-waveform-1789087719025-1 D4 MODE_SWITCH_OK state=MODE_SWITCH_OK attempts=1 streak=0
[2026-09-11T00:51:17.045Z] batch=field-waveform-1789087719025-1 D2 MODE_SWITCH_START state=MODE_SWITCHING attempts=1 streak=0 attempt=1
[2026-09-11T00:51:17.048Z] batch=field-waveform-1789087719025-1 D2 MODE_SWITCH_OK state=MODE_SWITCH_OK attempts=1 streak=0
[2026-09-11T00:51:17.056Z] batch=field-waveform-1789087719025-1 D1 MODE_SWITCH_START state=MODE_SWITCHING attempts=1 streak=0 attempt=1
[2026-09-11T00:51:17.060Z] batch=field-waveform-1789087719025-1 D1 MODE_SWITCH_OK state=MODE_SWITCH_OK attempts=1 streak=0
[2026-09-11T00:51:27.123Z] batch=field-waveform-1789087719025-1 D3 MODE_SWITCH_START state=MODE_SWITCHING attempts=1 streak=0 attempt=1
[2026-09-11T00:51:27.125Z] batch=field-waveform-1789087719025-1 D3 MODE_SWITCH_OK state=MODE_SWITCH_OK attempts=1 streak=0
[2026-09-11T00:51:27.133Z] batch=field-waveform-1789087719025-1 D5 MODE_SWITCH_START state=MODE_SWITCHING attempts=1 streak=0 attempt=1
[2026-09-11T00:51:27.148Z] batch=field-waveform-1789087719025-1 D5 MODE_SWITCH_OK state=MODE_SWITCH_OK attempts=1 streak=0
[2026-09-11T00:51:27.158Z] batch=field-waveform-1789087719025-1 D6 MODE_SWITCH_START state=MODE_SWITCHING attempts=1 streak=0 attempt=1
[2026-09-11T00:51:27.168Z] batch=field-waveform-1789087719025-1 D6 MODE_SWITCH_OK state=MODE_SWITCH_OK attempts=1 streak=0
[2026-09-11T00:51:27.185Z] batch=field-waveform-1789087719025-1 D4 MODE_SWITCH_START state=MODE_SWITCHING attempts=1 streak=0 attempt=1
[2026-09-11T00:51:27.188Z] batch=field-waveform-1789087719025-1 D4 MODE_SWITCH_OK state=MODE_SWITCH_OK attempts=1 streak=0
[2026-09-11T00:51:27.195Z] batch=field-waveform-1789087719025-1 D2 MODE_SWITCH_START state=MODE_SWITCHING attempts=1 streak=0 attempt=1
[2026-09-11T00:51:27.200Z] batch=field-waveform-1789087719025-1 D2 MODE_SWITCH_OK state=MODE_SWITCH_OK attempts=1 streak=0
[2026-09-11T00:51:27.208Z] batch=field-waveform-1789087719025-1 D1 MODE_SWITCH_START state=MODE_SWITCHING attempts=1 streak=0 attempt=1
[2026-09-11T00:51:27.212Z] batch=field-waveform-1789087719025-1 D1 MODE_SWITCH_OK state=MODE_SWITCH_OK attempts=1 streak=0
[2026-09-11T00:51:37.236Z] batch=field-waveform-1789087719025-1 D3 MODE_SWITCH_START state=MODE_SWITCHING attempts=1 streak=0 attempt=1
[2026-09-11T00:51:37.247Z] batch=field-waveform-1789087719025-1 D3 MODE_SWITCH_OK state=MODE_SWITCH_OK attempts=1 streak=0
[2026-09-11T00:51:37.254Z] batch=field-waveform-1789087719025-1 D5 MODE_SWITCH_START state=MODE_SWITCHING attempts=1 streak=0 attempt=1
[2026-09-11T00:51:37.255Z] batch=field-waveform-1789087719025-1 D5 MODE_SWITCH_OK state=MODE_SWITCH_OK attempts=1 streak=0
[2026-09-11T00:51:37.261Z] batch=field-waveform-1789087719025-1 D6 MODE_SWITCH_START state=MODE_SWITCHING attempts=1 streak=0 attempt=1
[2026-09-11T00:51:37.263Z] batch=field-waveform-1789087719025-1 D6 MODE_SWITCH_OK state=MODE_SWITCH_OK attempts=1 streak=0
[2026-09-11T00:51:37.270Z] batch=field-waveform-1789087719025-1 D4 MODE_SWITCH_START state=MODE_SWITCHING attempts=1 streak=0 attempt=1
[2026-09-11T00:51:37.273Z] batch=field-waveform-1789087719025-1 D4 MODE_SWITCH_OK state=MODE_SWITCH_OK attempts=1 streak=0
[2026-09-11T00:51:37.281Z] batch=field-waveform-1789087719025-1 D2 MODE_SWITCH_START state=MODE_SWITCHING attempts=1 streak=0 attempt=1
[2026-09-11T00:51:37.285Z] batch=field-waveform-1789087719025-1 D2 MODE_SWITCH_OK state=MODE_SWITCH_OK attempts=1 streak=0
[2026-09-11T00:51:37.292Z] batch=field-waveform-1789087719025-1 D1 MODE_SWITCH_START state=MODE_SWITCHING attempts=1 streak=0 attempt=1
[2026-09-11T00:51:37.295Z] batch=field-waveform-1789087719025-1 D1 MODE_SWITCH_OK state=MODE_SWITCH_OK attempts=1 streak=0
[2026-09-11T00:51:47.370Z] batch=field-waveform-1789087719025-1 D3 MODE_SWITCH_START state=MODE_SWITCHING attempts=1 streak=0 attempt=1
[2026-09-11T00:51:47.381Z] batch=field-waveform-1789087719025-1 D3 MODE_SWITCH_OK state=MODE_SWITCH_OK attempts=1 streak=0
[2026-09-11T00:51:47.397Z] batch=field-waveform-1789087719025-1 D5 MODE_SWITCH_START state=MODE_SWITCHING attempts=1 streak=0 attempt=1
[2026-09-11T00:51:47.404Z] batch=field-waveform-1789087719025-1 D5 MODE_SWITCH_OK state=MODE_SWITCH_OK attempts=1 streak=0
[2026-09-11T00:51:47.412Z] batch=field-waveform-1789087719025-1 D6 MODE_SWITCH_START state=MODE_SWITCHING attempts=1 streak=0 attempt=1
[2026-09-11T00:51:47.423Z] batch=field-waveform-1789087719025-1 D6 MODE_SWITCH_OK state=MODE_SWITCH_OK attempts=1 streak=0
[2026-09-11T00:51:47.431Z] batch=field-waveform-1789087719025-1 D4 MODE_SWITCH_START state=MODE_SWITCHING attempts=1 streak=0 attempt=1
[2026-09-11T00:51:47.438Z] batch=field-waveform-1789087719025-1 D4 MODE_SWITCH_OK state=MODE_SWITCH_OK attempts=1 streak=0
[2026-09-11T00:51:47.446Z] batch=field-waveform-1789087719025-1 D2 MODE_SWITCH_START state=MODE_SWITCHING attempts=1 streak=0 attempt=1
[2026-09-11T00:51:47.449Z] batch=field-waveform-1789087719025-1 D2 MODE_SWITCH_OK state=MODE_SWITCH_OK attempts=1 streak=0
[2026-09-11T00:51:47.466Z] batch=field-waveform-1789087719025-1 D1 MODE_SWITCH_START state=MODE_SWITCHING attempts=1 streak=0 attempt=1
[2026-09-11T00:51:47.468Z] batch=field-waveform-1789087719025-1 D1 MODE_SWITCH_OK state=MODE_SWITCH_OK attempts=1 streak=0
[2026-09-11T00:51:57.669Z] batch=field-waveform-1789087719025-1 D3 MODE_SWITCH_START state=MODE_SWITCHING attempts=1 streak=0 attempt=1
[2026-09-11T00:51:57.674Z] batch=field-waveform-1789087719025-1 D3 MODE_SWITCH_OK state=MODE_SWITCH_OK attempts=1 streak=0
[2026-09-11T00:51:57.681Z] batch=field-waveform-1789087719025-1 D5 MODE_SWITCH_START state=MODE_SWITCHING attempts=1 streak=0 attempt=1
[2026-09-11T00:51:57.692Z] batch=field-waveform-1789087719025-1 D5 MODE_SWITCH_OK state=MODE_SWITCH_OK attempts=1 streak=0
[2026-09-11T00:51:57.700Z] batch=field-waveform-1789087719025-1 D6 MODE_SWITCH_START state=MODE_SWITCHING attempts=1 streak=0 attempt=1
[2026-09-11T00:51:57.706Z] batch=field-waveform-1789087719025-1 D6 MODE_SWITCH_OK state=MODE_SWITCH_OK attempts=1 streak=0
[2026-09-11T00:51:57.713Z] batch=field-waveform-1789087719025-1 D4 MODE_SWITCH_START state=MODE_SWITCHING attempts=1 streak=0 attempt=1
[2026-09-11T00:51:57.718Z] batch=field-waveform-1789087719025-1 D4 MODE_SWITCH_OK state=MODE_SWITCH_OK attempts=1 streak=0
[2026-09-11T00:51:57.725Z] batch=field-waveform-1789087719025-1 D2 MODE_SWITCH_START state=MODE_SWITCHING attempts=1 streak=0 attempt=1
[2026-09-11T00:51:57.727Z] batch=field-waveform-1789087719025-1 D2 MODE_SWITCH_OK state=MODE_SWITCH_OK attempts=1 streak=0
[2026-09-11T00:51:57.734Z] batch=field-waveform-1789087719025-1 D1 MODE_SWITCH_START state=MODE_SWITCHING attempts=1 streak=0 attempt=1
[2026-09-11T00:51:57.737Z] batch=field-waveform-1789087719025-1 D1 MODE_SWITCH_OK state=MODE_SWITCH_OK attempts=1 streak=0
[2026-09-11T00:52:07.910Z] batch=field-waveform-1789087719025-1 D3 MODE_SWITCH_START state=MODE_SWITCHING attempts=1 streak=0 attempt=1
[2026-09-11T00:52:07.924Z] batch=field-waveform-1789087719025-1 D3 MODE_SWITCH_OK state=MODE_SWITCH_OK attempts=1 streak=0
[2026-09-11T00:52:07.939Z] batch=field-waveform-1789087719025-1 D5 MODE_SWITCH_START state=MODE_SWITCHING attempts=1 streak=0 attempt=1
[2026-09-11T00:52:07.945Z] batch=field-waveform-1789087719025-1 D5 MODE_SWITCH_OK state=MODE_SWITCH_OK attempts=1 streak=0
[2026-09-11T00:52:07.957Z] batch=field-waveform-1789087719025-1 D6 MODE_SWITCH_START state=MODE_SWITCHING attempts=1 streak=0 attempt=1
[2026-09-11T00:52:07.960Z] batch=field-waveform-1789087719025-1 D6 MODE_SWITCH_OK state=MODE_SWITCH_OK attempts=1 streak=0
[2026-09-11T00:52:07.968Z] batch=field-waveform-1789087719025-1 D4 MODE_SWITCH_START state=MODE_SWITCHING attempts=1 streak=0 attempt=1
[2026-09-11T00:52:07.974Z] batch=field-waveform-1789087719025-1 D4 MODE_SWITCH_OK state=MODE_SWITCH_OK attempts=1 streak=0
[2026-09-11T00:52:07.982Z] batch=field-waveform-1789087719025-1 D2 MODE_SWITCH_START state=MODE_SWITCHING attempts=1 streak=0 attempt=1
[2026-09-11T00:52:07.983Z] batch=field-waveform-1789087719025-1 D2 MODE_SWITCH_OK state=MODE_SWITCH_OK attempts=1 streak=0
[2026-09-11T00:52:07.991Z] batch=field-waveform-1789087719025-1 D1 MODE_SWITCH_START state=MODE_SWITCHING attempts=1 streak=0 attempt=1
[2026-09-11T00:52:07.996Z] batch=field-waveform-1789087719025-1 D1 MODE_SWITCH_OK state=MODE_SWITCH_OK attempts=1 streak=0
[2026-09-11T00:52:18.107Z] batch=field-waveform-1789087719025-1 D3 MODE_SWITCH_START state=MODE_SWITCHING attempts=1 streak=0 attempt=1
[2026-09-11T00:52:18.118Z] batch=field-waveform-1789087719025-1 D3 MODE_SWITCH_OK state=MODE_SWITCH_OK attempts=1 streak=0
[2026-09-11T00:52:18.133Z] batch=field-waveform-1789087719025-1 D5 MODE_SWITCH_START state=MODE_SWITCHING attempts=1 streak=0 attempt=1
[2026-09-11T00:52:18.137Z] batch=field-waveform-1789087719025-1 D5 MODE_SWITCH_OK state=MODE_SWITCH_OK attempts=1 streak=0
[2026-09-11T00:52:18.144Z] batch=field-waveform-1789087719025-1 D6 MODE_SWITCH_START state=MODE_SWITCHING attempts=1 streak=0 attempt=1
[2026-09-11T00:52:18.150Z] batch=field-waveform-1789087719025-1 D6 MODE_SWITCH_OK state=MODE_SWITCH_OK attempts=1 streak=0
[2026-09-11T00:52:18.157Z] batch=field-waveform-1789087719025-1 D4 MODE_SWITCH_START state=MODE_SWITCHING attempts=1 streak=0 attempt=1
[2026-09-11T00:52:18.160Z] batch=field-waveform-1789087719025-1 D4 MODE_SWITCH_OK state=MODE_SWITCH_OK attempts=1 streak=0
[2026-09-11T00:52:18.170Z] batch=field-waveform-1789087719025-1 D2 MODE_SWITCH_START state=MODE_SWITCHING attempts=1 streak=0 attempt=1
[2026-09-11T00:52:18.173Z] batch=field-waveform-1789087719025-1 D2 MODE_SWITCH_OK state=MODE_SWITCH_OK attempts=1 streak=0
[2026-09-11T00:52:18.181Z] batch=field-waveform-1789087719025-1 D1 MODE_SWITCH_START state=MODE_SWITCHING attempts=1 streak=0 attempt=1
[2026-09-11T00:52:18.185Z] batch=field-waveform-1789087719025-1 D1 MODE_SWITCH_OK state=MODE_SWITCH_OK attempts=1 streak=0
[2026-09-11T00:52:28.194Z] batch=field-waveform-1789087719025-1 D3 MODE_SWITCH_START state=MODE_SWITCHING attempts=1 streak=0 attempt=1
[2026-09-11T00:52:28.206Z] batch=field-waveform-1789087719025-1 D3 MODE_SWITCH_OK state=MODE_SWITCH_OK attempts=1 streak=0
[2026-09-11T00:52:28.223Z] batch=field-waveform-1789087719025-1 D5 MODE_SWITCH_START state=MODE_SWITCHING attempts=1 streak=0 attempt=1
[2026-09-11T00:52:28.227Z] batch=field-waveform-1789087719025-1 D5 MODE_SWITCH_OK state=MODE_SWITCH_OK attempts=1 streak=0
[2026-09-11T00:52:28.233Z] batch=field-waveform-1789087719025-1 D6 MODE_SWITCH_START state=MODE_SWITCHING attempts=1 streak=0 attempt=1
[2026-09-11T00:52:28.235Z] batch=field-waveform-1789087719025-1 D6 MODE_SWITCH_OK state=MODE_SWITCH_OK attempts=1 streak=0
[2026-09-11T00:52:28.244Z] batch=field-waveform-1789087719025-1 D4 MODE_SWITCH_START state=MODE_SWITCHING attempts=1 streak=0 attempt=1
[2026-09-11T00:52:28.248Z] batch=field-waveform-1789087719025-1 D4 MODE_SWITCH_OK state=MODE_SWITCH_OK attempts=1 streak=0
[2026-09-11T00:52:28.258Z] batch=field-waveform-1789087719025-1 D2 MODE_SWITCH_START state=MODE_SWITCHING attempts=1 streak=0 attempt=1
[2026-09-11T00:52:28.261Z] batch=field-waveform-1789087719025-1 D2 MODE_SWITCH_OK state=MODE_SWITCH_OK attempts=1 streak=0
[2026-09-11T00:52:28.269Z] batch=field-waveform-1789087719025-1 D1 MODE_SWITCH_START state=MODE_SWITCHING attempts=1 streak=0 attempt=1
[2026-09-11T00:52:28.272Z] batch=field-waveform-1789087719025-1 D1 MODE_SWITCH_OK state=MODE_SWITCH_OK attempts=1 streak=0
[2026-09-11T00:52:38.624Z] batch=field-waveform-1789087719025-1 D3 MODE_SWITCH_START state=MODE_SWITCHING attempts=1 streak=0 attempt=1
[2026-09-11T00:52:38.635Z] batch=field-waveform-1789087719025-1 D3 MODE_SWITCH_OK state=MODE_SWITCH_OK attempts=1 streak=0
[2026-09-11T00:52:38.649Z] batch=field-waveform-1789087719025-1 D5 MODE_SWITCH_START state=MODE_SWITCHING attempts=1 streak=0 attempt=1
[2026-09-11T00:52:38.667Z] batch=field-waveform-1789087719025-1 D5 MODE_SWITCH_OK state=MODE_SWITCH_OK attempts=1 streak=0
[2026-09-11T00:52:38.675Z] batch=field-waveform-1789087719025-1 D6 MODE_SWITCH_START state=MODE_SWITCHING attempts=1 streak=0 attempt=1
[2026-09-11T00:52:38.683Z] batch=field-waveform-1789087719025-1 D6 MODE_SWITCH_OK state=MODE_SWITCH_OK attempts=1 streak=0
[2026-09-11T00:52:38.690Z] batch=field-waveform-1789087719025-1 D4 MODE_SWITCH_START state=MODE_SWITCHING attempts=1 streak=0 attempt=1
[2026-09-11T00:52:38.693Z] batch=field-waveform-1789087719025-1 D4 MODE_SWITCH_OK state=MODE_SWITCH_OK attempts=1 streak=0
[2026-09-11T00:52:38.700Z] batch=field-waveform-1789087719025-1 D2 MODE_SWITCH_START state=MODE_SWITCHING attempts=1 streak=0 attempt=1
[2026-09-11T00:52:38.709Z] batch=field-waveform-1789087719025-1 D2 MODE_SWITCH_OK state=MODE_SWITCH_OK attempts=1 streak=0
[2026-09-11T00:52:38.718Z] batch=field-waveform-1789087719025-1 D1 MODE_SWITCH_START state=MODE_SWITCHING attempts=1 streak=0 attempt=1
[2026-09-11T00:52:38.726Z] batch=field-waveform-1789087719025-1 D1 MODE_SWITCH_OK state=MODE_SWITCH_OK attempts=1 streak=0
[2026-09-11T00:52:48.970Z] batch=field-waveform-1789087719025-1 D3 MODE_SWITCH_START state=MODE_SWITCHING attempts=1 streak=0 attempt=1
[2026-09-11T00:52:48.980Z] batch=field-waveform-1789087719025-1 D3 MODE_SWITCH_OK state=MODE_SWITCH_OK attempts=1 streak=0
[2026-09-11T00:52:48.989Z] batch=field-waveform-1789087719025-1 D5 MODE_SWITCH_START state=MODE_SWITCHING attempts=1 streak=0 attempt=1
[2026-09-11T00:52:48.993Z] batch=field-waveform-1789087719025-1 D5 MODE_SWITCH_OK state=MODE_SWITCH_OK attempts=1 streak=0
[2026-09-11T00:52:49.005Z] batch=field-waveform-1789087719025-1 D6 MODE_SWITCH_START state=MODE_SWITCHING attempts=1 streak=0 attempt=1
[2026-09-11T00:52:49.006Z] batch=field-waveform-1789087719025-1 D6 MODE_SWITCH_OK state=MODE_SWITCH_OK attempts=1 streak=0
[2026-09-11T00:52:49.014Z] batch=field-waveform-1789087719025-1 D4 MODE_SWITCH_START state=MODE_SWITCHING attempts=1 streak=0 attempt=1
[2026-09-11T00:52:49.016Z] batch=field-waveform-1789087719025-1 D4 MODE_SWITCH_OK state=MODE_SWITCH_OK attempts=1 streak=0
[2026-09-11T00:52:49.026Z] batch=field-waveform-1789087719025-1 D2 MODE_SWITCH_START state=MODE_SWITCHING attempts=1 streak=0 attempt=1
[2026-09-11T00:52:49.029Z] batch=field-waveform-1789087719025-1 D2 MODE_SWITCH_OK state=MODE_SWITCH_OK attempts=1 streak=0
[2026-09-11T00:52:49.036Z] batch=field-waveform-1789087719025-1 D1 MODE_SWITCH_START state=MODE_SWITCHING attempts=1 streak=0 attempt=1
[2026-09-11T00:52:49.041Z] batch=field-waveform-1789087719025-1 D1 MODE_SWITCH_OK state=MODE_SWITCH_OK attempts=1 streak=0
[2026-09-11T00:52:59.213Z] batch=field-waveform-1789087719025-1 D3 MODE_SWITCH_START state=MODE_SWITCHING attempts=1 streak=0 attempt=1
[2026-09-11T00:52:59.219Z] batch=field-waveform-1789087719025-1 D3 MODE_SWITCH_OK state=MODE_SWITCH_OK attempts=1 streak=0
[2026-09-11T00:52:59.225Z] batch=field-waveform-1789087719025-1 D5 MODE_SWITCH_START state=MODE_SWITCHING attempts=1 streak=0 attempt=1
[2026-09-11T00:52:59.229Z] batch=field-waveform-1789087719025-1 D5 MODE_SWITCH_OK state=MODE_SWITCH_OK attempts=1 streak=0
[2026-09-11T00:52:59.235Z] batch=field-waveform-1789087719025-1 D6 MODE_SWITCH_START state=MODE_SWITCHING attempts=1 streak=0 attempt=1
[2026-09-11T00:52:59.237Z] batch=field-waveform-1789087719025-1 D6 MODE_SWITCH_OK state=MODE_SWITCH_OK attempts=1 streak=0
[2026-09-11T00:52:59.243Z] batch=field-waveform-1789087719025-1 D4 MODE_SWITCH_START state=MODE_SWITCHING attempts=1 streak=0 attempt=1
[2026-09-11T00:52:59.247Z] batch=field-waveform-1789087719025-1 D4 MODE_SWITCH_OK state=MODE_SWITCH_OK attempts=1 streak=0
[2026-09-11T00:52:59.252Z] batch=field-waveform-1789087719025-1 D2 MODE_SWITCH_START state=MODE_SWITCHING attempts=1 streak=0 attempt=1
[2026-09-11T00:52:59.255Z] batch=field-waveform-1789087719025-1 D2 MODE_SWITCH_OK state=MODE_SWITCH_OK attempts=1 streak=0
[2026-09-11T00:52:59.262Z] batch=field-waveform-1789087719025-1 D1 MODE_SWITCH_START state=MODE_SWITCHING attempts=1 streak=0 attempt=1
[2026-09-11T00:52:59.264Z] batch=field-waveform-1789087719025-1 D1 MODE_SWITCH_OK state=MODE_SWITCH_OK attempts=1 streak=0
[2026-09-11T00:53:04.710Z] batch=field-waveform-1789087984709-2 D1 MODE_SWITCH_START state=MODE_SWITCHING attempts=1 streak=0 attempt=1
[2026-09-11T00:53:04.721Z] batch=field-waveform-1789087984709-2 D2 MODE_SWITCH_START state=MODE_SWITCHING attempts=1 streak=0 attempt=1
[2026-09-11T00:53:04.732Z] batch=field-waveform-1789087984709-2 D3 MODE_SWITCH_START state=MODE_SWITCHING attempts=1 streak=0 attempt=1
[2026-09-11T00:53:04.735Z] batch=field-waveform-1789087984709-2 D4 MODE_SWITCH_START state=MODE_SWITCHING attempts=1 streak=0 attempt=1
[2026-09-11T00:53:04.736Z] batch=field-waveform-1789087984709-2 D5 MODE_SWITCH_START state=MODE_SWITCHING attempts=1 streak=0 attempt=1
[2026-09-11T00:53:04.737Z] batch=field-waveform-1789087984709-2 D6 MODE_SWITCH_START state=MODE_SWITCHING attempts=1 streak=0 attempt=1
[2026-09-11T00:53:04.740Z] batch=field-waveform-1789087984709-2 D1 MODE_SWITCH_OK state=MODE_SWITCH_OK attempts=1 streak=0
[2026-09-11T00:53:04.740Z] batch=field-waveform-1789087984709-2 D2 MODE_SWITCH_OK state=MODE_SWITCH_OK attempts=1 streak=0
[2026-09-11T00:53:04.741Z] batch=field-waveform-1789087984709-2 D3 MODE_SWITCH_OK state=MODE_SWITCH_OK attempts=1 streak=0
[2026-09-11T00:53:04.742Z] batch=field-waveform-1789087984709-2 D4 MODE_SWITCH_OK state=MODE_SWITCH_OK attempts=1 streak=0
[2026-09-11T00:53:04.743Z] batch=field-waveform-1789087984709-2 D5 MODE_SWITCH_OK state=MODE_SWITCH_OK attempts=1 streak=0
[2026-09-11T00:53:04.744Z] batch=field-waveform-1789087984709-2 D6 MODE_SWITCH_OK state=MODE_SWITCH_OK attempts=1 streak=0
[2026-09-11T00:53:09.221Z] batch=field-waveform-1789087984709-2 D3 MODE_SWITCH_START state=MODE_SWITCHING attempts=1 streak=0 attempt=1
[2026-09-11T00:53:09.227Z] batch=field-waveform-1789087984709-2 D3 MODE_SWITCH_OK state=MODE_SWITCH_OK attempts=1 streak=0
[2026-09-11T00:53:09.231Z] batch=field-waveform-1789087984709-2 D5 MODE_SWITCH_START state=MODE_SWITCHING attempts=1 streak=0 attempt=1
[2026-09-11T00:53:09.244Z] batch=field-waveform-1789087984709-2 D5 MODE_SWITCH_OK state=MODE_SWITCH_OK attempts=1 streak=0
[2026-09-11T00:53:09.247Z] batch=field-waveform-1789087984709-2 D6 MODE_SWITCH_START state=MODE_SWITCHING attempts=1 streak=0 attempt=1
[2026-09-11T00:53:09.256Z] batch=field-waveform-1789087984709-2 D6 MODE_SWITCH_OK state=MODE_SWITCH_OK attempts=1 streak=0
[2026-09-11T00:53:09.258Z] batch=field-waveform-1789087984709-2 D4 MODE_SWITCH_START state=MODE_SWITCHING attempts=1 streak=0 attempt=1
[2026-09-11T00:53:09.262Z] batch=field-waveform-1789087984709-2 D4 MODE_SWITCH_OK state=MODE_SWITCH_OK attempts=1 streak=0
[2026-09-11T00:53:09.264Z] batch=field-waveform-1789087984709-2 D2 MODE_SWITCH_START state=MODE_SWITCHING attempts=1 streak=0 attempt=1
[2026-09-11T00:53:09.274Z] batch=field-waveform-1789087984709-2 D2 MODE_SWITCH_OK state=MODE_SWITCH_OK attempts=1 streak=0
[2026-09-11T00:53:09.276Z] batch=field-waveform-1789087984709-2 D1 MODE_SWITCH_START state=MODE_SWITCHING attempts=1 streak=0 attempt=1
[2026-09-11T00:53:09.279Z] batch=field-waveform-1789087984709-2 D1 MODE_SWITCH_OK state=MODE_SWITCH_OK attempts=1 streak=0
[2026-09-11T00:53:19.242Z] batch=field-waveform-1789087984709-2 D3 MODE_SWITCH_START state=MODE_SWITCHING attempts=1 streak=0 attempt=1
[2026-09-11T00:53:19.248Z] batch=field-waveform-1789087984709-2 D3 MODE_SWITCH_OK state=MODE_SWITCH_OK attempts=1 streak=0
[2026-09-11T00:53:19.251Z] batch=field-waveform-1789087984709-2 D5 MODE_SWITCH_START state=MODE_SWITCHING attempts=1 streak=0 attempt=1
[2026-09-11T00:53:19.265Z] batch=field-waveform-1789087984709-2 D5 MODE_SWITCH_OK state=MODE_SWITCH_OK attempts=1 streak=0
[2026-09-11T00:53:19.268Z] batch=field-waveform-1789087984709-2 D6 MODE_SWITCH_START state=MODE_SWITCHING attempts=1 streak=0 attempt=1
[2026-09-11T00:53:19.280Z] batch=field-waveform-1789087984709-2 D6 MODE_SWITCH_OK state=MODE_SWITCH_OK attempts=1 streak=0
[2026-09-11T00:53:19.281Z] batch=field-waveform-1789087984709-2 D4 MODE_SWITCH_START state=MODE_SWITCHING attempts=1 streak=0 attempt=1
[2026-09-11T00:53:19.282Z] batch=field-waveform-1789087984709-2 D4 MODE_SWITCH_OK state=MODE_SWITCH_OK attempts=1 streak=0
[2026-09-11T00:53:19.284Z] batch=field-waveform-1789087984709-2 D2 MODE_SWITCH_START state=MODE_SWITCHING attempts=1 streak=0 attempt=1
[2026-09-11T00:53:19.287Z] batch=field-waveform-1789087984709-2 D2 MODE_SWITCH_OK state=MODE_SWITCH_OK attempts=1 streak=0
[2026-09-11T00:53:19.289Z] batch=field-waveform-1789087984709-2 D1 MODE_SWITCH_START state=MODE_SWITCHING attempts=1 streak=0 attempt=1
[2026-09-11T00:53:19.293Z] batch=field-waveform-1789087984709-2 D1 MODE_SWITCH_OK state=MODE_SWITCH_OK attempts=1 streak=0
[2026-09-11T00:53:29.255Z] batch=field-waveform-1789087984709-2 D3 MODE_SWITCH_START state=MODE_SWITCHING attempts=1 streak=0 attempt=1
[2026-09-11T00:53:29.270Z] batch=field-waveform-1789087984709-2 D3 MODE_SWITCH_OK state=MODE_SWITCH_OK attempts=1 streak=0
[2026-09-11T00:53:29.271Z] batch=field-waveform-1789087984709-2 D5 MODE_SWITCH_START state=MODE_SWITCHING attempts=1 streak=0 attempt=1
[2026-09-11T00:53:29.274Z] batch=field-waveform-1789087984709-2 D5 MODE_SWITCH_OK state=MODE_SWITCH_OK attempts=1 streak=0
[2026-09-11T00:53:29.299Z] batch=field-waveform-1789087984709-2 D6 MODE_SWITCH_START state=MODE_SWITCHING attempts=1 streak=0 attempt=1
[2026-09-11T00:53:29.307Z] batch=field-waveform-1789087984709-2 D6 MODE_SWITCH_OK state=MODE_SWITCH_OK attempts=1 streak=0
[2026-09-11T00:53:29.310Z] batch=field-waveform-1789087984709-2 D4 MODE_SWITCH_START state=MODE_SWITCHING attempts=1 streak=0 attempt=1
[2026-09-11T00:53:29.320Z] batch=field-waveform-1789087984709-2 D4 MODE_SWITCH_OK state=MODE_SWITCH_OK attempts=1 streak=0
[2026-09-11T00:53:29.321Z] batch=field-waveform-1789087984709-2 D2 MODE_SWITCH_START state=MODE_SWITCHING attempts=1 streak=0 attempt=1
[2026-09-11T00:53:29.329Z] batch=field-waveform-1789087984709-2 D2 MODE_SWITCH_OK state=MODE_SWITCH_OK attempts=1 streak=0
[2026-09-11T00:53:29.335Z] batch=field-waveform-1789087984709-2 D1 MODE_SWITCH_START state=MODE_SWITCHING attempts=1 streak=0 attempt=1
[2026-09-11T00:53:29.341Z] batch=field-waveform-1789087984709-2 D1 MODE_SWITCH_OK state=MODE_SWITCH_OK attempts=1 streak=0
[2026-09-11T00:53:34.315Z] batch=field-waveform-1789087984709-2 D5 FIRST_FRAME state=FIRST_FRAME_RECEIVED attempts=1 streak=1
[2026-09-11T00:53:34.316Z] batch=field-waveform-1789087984709-2 D5 FIRST_VALID_SAMPLE state=FIRST_FRAME_RECEIVED attempts=1 streak=1
[2026-09-11T00:53:34.339Z] batch=field-waveform-1789087984709-2 D3 FIRST_FRAME state=FIRST_FRAME_RECEIVED attempts=1 streak=1
[2026-09-11T00:53:34.339Z] batch=field-waveform-1789087984709-2 D3 FIRST_VALID_SAMPLE state=FIRST_FRAME_RECEIVED attempts=1 streak=1
[2026-09-11T00:53:34.374Z] batch=field-waveform-1789087984709-2 D4 FIRST_FRAME state=FIRST_FRAME_RECEIVED attempts=1 streak=1
[2026-09-11T00:53:34.374Z] batch=field-waveform-1789087984709-2 D4 FIRST_VALID_SAMPLE state=FIRST_FRAME_RECEIVED attempts=1 streak=1
[2026-09-11T00:53:34.381Z] batch=field-waveform-1789087984709-2 D1 FIRST_FRAME state=FIRST_FRAME_RECEIVED attempts=1 streak=1
[2026-09-11T00:53:34.382Z] batch=field-waveform-1789087984709-2 D1 FIRST_VALID_SAMPLE state=FIRST_FRAME_RECEIVED attempts=1 streak=1
[2026-09-11T00:53:34.421Z] batch=field-waveform-1789087984709-2 D6 FIRST_FRAME state=FIRST_FRAME_RECEIVED attempts=1 streak=1
[2026-09-11T00:53:34.422Z] batch=field-waveform-1789087984709-2 D6 FIRST_VALID_SAMPLE state=FIRST_FRAME_RECEIVED attempts=1 streak=1
[2026-09-11T00:53:34.427Z] batch=field-waveform-1789087984709-2 D2 FIRST_FRAME state=FIRST_FRAME_RECEIVED attempts=1 streak=1
[2026-09-11T00:53:34.427Z] batch=field-waveform-1789087984709-2 D2 FIRST_VALID_SAMPLE state=FIRST_FRAME_RECEIVED attempts=1 streak=1
[2026-09-11T00:53:34.576Z] batch=field-waveform-1789087984709-2 D5 CHANNEL_SYNC_OK state=TEST_READY attempts=1 streak=5
[2026-09-11T00:53:34.576Z] batch=field-waveform-1789087984709-2 D5 TEST_READY state=TEST_READY attempts=1 streak=5
[2026-09-11T00:53:34.599Z] batch=field-waveform-1789087984709-2 D3 CHANNEL_SYNC_OK state=TEST_READY attempts=1 streak=5
[2026-09-11T00:53:34.599Z] batch=field-waveform-1789087984709-2 D3 TEST_READY state=TEST_READY attempts=1 streak=5
[2026-09-11T00:53:34.656Z] batch=field-waveform-1789087984709-2 D4 CHANNEL_SYNC_OK state=TEST_READY attempts=1 streak=5
[2026-09-11T00:53:34.656Z] batch=field-waveform-1789087984709-2 D4 TEST_READY state=TEST_READY attempts=1 streak=5
[2026-09-11T00:53:34.674Z] batch=field-waveform-1789087984709-2 D1 CHANNEL_SYNC_OK state=TEST_READY attempts=1 streak=5
[2026-09-11T00:53:34.674Z] batch=field-waveform-1789087984709-2 D1 TEST_READY state=TEST_READY attempts=1 streak=5
[2026-09-11T00:53:34.681Z] batch=field-waveform-1789087984709-2 D6 CHANNEL_SYNC_OK state=TEST_READY attempts=1 streak=5
[2026-09-11T00:53:34.681Z] batch=field-waveform-1789087984709-2 D6 TEST_READY state=TEST_READY attempts=1 streak=5
[2026-09-11T00:53:34.687Z] batch=field-waveform-1789087984709-2 D2 CHANNEL_SYNC_OK state=TEST_READY attempts=1 streak=5
[2026-09-11T00:53:34.688Z] batch=field-waveform-1789087984709-2 D2 TEST_READY state=TEST_READY attempts=1 streak=5
[2026-09-11T00:54:43.571Z] batch=field-waveform-1789087984709-2 D6 MODE_SWITCH_START state=MODE_SWITCHING attempts=1 streak=0 attempt=1
[2026-09-11T00:54:43.581Z] batch=field-waveform-1789087984709-2 D6 MODE_SWITCH_OK state=MODE_SWITCH_OK attempts=1 streak=0
[2026-09-11T00:54:43.587Z] batch=field-waveform-1789087984709-2 D1 MODE_SWITCH_START state=MODE_SWITCHING attempts=1 streak=0 attempt=1
[2026-09-11T00:54:43.591Z] batch=field-waveform-1789087984709-2 D1 MODE_SWITCH_OK state=MODE_SWITCH_OK attempts=1 streak=0
[2026-09-11T00:54:43.601Z] batch=field-waveform-1789087984709-2 D4 MODE_SWITCH_START state=MODE_SWITCHING attempts=1 streak=0 attempt=1
[2026-09-11T00:54:43.605Z] batch=field-waveform-1789087984709-2 D4 MODE_SWITCH_OK state=MODE_SWITCH_OK attempts=1 streak=0
[2026-09-11T00:54:43.612Z] batch=field-waveform-1789087984709-2 D3 MODE_SWITCH_START state=MODE_SWITCHING attempts=1 streak=0 attempt=1
[2026-09-11T00:54:43.623Z] batch=field-waveform-1789087984709-2 D3 MODE_SWITCH_OK state=MODE_SWITCH_OK attempts=1 streak=0
[2026-09-11T00:54:43.629Z] batch=field-waveform-1789087984709-2 D2 MODE_SWITCH_START state=MODE_SWITCHING attempts=1 streak=0 attempt=1
[2026-09-11T00:54:43.636Z] batch=field-waveform-1789087984709-2 D2 MODE_SWITCH_OK state=MODE_SWITCH_OK attempts=1 streak=0
[2026-09-11T00:54:43.653Z] batch=field-waveform-1789087984709-2 D5 MODE_SWITCH_START state=MODE_SWITCHING attempts=1 streak=0 attempt=1
[2026-09-11T00:54:43.658Z] batch=field-waveform-1789087984709-2 D5 MODE_SWITCH_OK state=MODE_SWITCH_OK attempts=1 streak=0
[2026-09-11T00:54:53.592Z] batch=field-waveform-1789087984709-2 D6 MODE_SWITCH_START state=MODE_SWITCHING attempts=1 streak=0 attempt=1
[2026-09-11T00:54:53.598Z] batch=field-waveform-1789087984709-2 D6 MODE_SWITCH_OK state=MODE_SWITCH_OK attempts=1 streak=0
[2026-09-11T00:54:53.605Z] batch=field-waveform-1789087984709-2 D1 MODE_SWITCH_START state=MODE_SWITCHING attempts=1 streak=0 attempt=1
[2026-09-11T00:54:53.625Z] batch=field-waveform-1789087984709-2 D1 MODE_SWITCH_OK state=MODE_SWITCH_OK attempts=1 streak=0
[2026-09-11T00:54:53.640Z] batch=field-waveform-1789087984709-2 D4 MODE_SWITCH_START state=MODE_SWITCHING attempts=1 streak=0 attempt=1
[2026-09-11T00:54:53.644Z] batch=field-waveform-1789087984709-2 D4 MODE_SWITCH_OK state=MODE_SWITCH_OK attempts=1 streak=0
[2026-09-11T00:54:53.650Z] batch=field-waveform-1789087984709-2 D3 MODE_SWITCH_START state=MODE_SWITCHING attempts=1 streak=0 attempt=1
[2026-09-11T00:54:53.653Z] batch=field-waveform-1789087984709-2 D3 MODE_SWITCH_OK state=MODE_SWITCH_OK attempts=1 streak=0
[2026-09-11T00:54:53.660Z] batch=field-waveform-1789087984709-2 D2 MODE_SWITCH_START state=MODE_SWITCHING attempts=1 streak=0 attempt=1
[2026-09-11T00:54:53.662Z] batch=field-waveform-1789087984709-2 D2 MODE_SWITCH_OK state=MODE_SWITCH_OK attempts=1 streak=0
[2026-09-11T00:54:53.670Z] batch=field-waveform-1789087984709-2 D5 MODE_SWITCH_START state=MODE_SWITCHING attempts=1 streak=0 attempt=1
[2026-09-11T00:54:53.676Z] batch=field-waveform-1789087984709-2 D5 MODE_SWITCH_OK state=MODE_SWITCH_OK attempts=1 streak=0
[2026-09-11T00:54:58.757Z] batch=field-waveform-1789087984709-2 D6 FIRST_FRAME state=FIRST_FRAME_RECEIVED attempts=1 streak=1
[2026-09-11T00:54:58.757Z] batch=field-waveform-1789087984709-2 D6 FIRST_VALID_SAMPLE state=FIRST_FRAME_RECEIVED attempts=1 streak=1
[2026-09-11T00:54:58.932Z] batch=field-waveform-1789087984709-2 D4 FIRST_FRAME state=FIRST_FRAME_RECEIVED attempts=1 streak=1
[2026-09-11T00:54:58.932Z] batch=field-waveform-1789087984709-2 D4 FIRST_VALID_SAMPLE state=FIRST_FRAME_RECEIVED attempts=1 streak=1
[2026-09-11T00:54:58.951Z] batch=field-waveform-1789087984709-2 D1 FIRST_FRAME state=FIRST_FRAME_RECEIVED attempts=1 streak=1
[2026-09-11T00:54:58.952Z] batch=field-waveform-1789087984709-2 D1 FIRST_VALID_SAMPLE state=FIRST_FRAME_RECEIVED attempts=1 streak=1
[2026-09-11T00:54:58.987Z] batch=field-waveform-1789087984709-2 D3 FIRST_FRAME state=FIRST_FRAME_RECEIVED attempts=1 streak=1
[2026-09-11T00:54:58.987Z] batch=field-waveform-1789087984709-2 D3 FIRST_VALID_SAMPLE state=FIRST_FRAME_RECEIVED attempts=1 streak=1
[2026-09-11T00:54:59.003Z] batch=field-waveform-1789087984709-2 D3 CHANNEL_SYNC_OK state=TEST_READY attempts=1 streak=5
[2026-09-11T00:54:59.004Z] batch=field-waveform-1789087984709-2 D3 TEST_READY state=TEST_READY attempts=1 streak=5
[2026-09-11T00:54:59.006Z] batch=field-waveform-1789087984709-2 D5 FIRST_FRAME state=FIRST_FRAME_RECEIVED attempts=1 streak=1
[2026-09-11T00:54:59.007Z] batch=field-waveform-1789087984709-2 D5 FIRST_VALID_SAMPLE state=FIRST_FRAME_RECEIVED attempts=1 streak=1
[2026-09-11T00:54:59.021Z] batch=field-waveform-1789087984709-2 D5 CHANNEL_SYNC_OK state=TEST_READY attempts=1 streak=5
[2026-09-11T00:54:59.021Z] batch=field-waveform-1789087984709-2 D5 TEST_READY state=TEST_READY attempts=1 streak=5
[2026-09-11T00:54:59.024Z] batch=field-waveform-1789087984709-2 D2 FIRST_FRAME state=FIRST_FRAME_RECEIVED attempts=1 streak=1
[2026-09-11T00:54:59.024Z] batch=field-waveform-1789087984709-2 D2 FIRST_VALID_SAMPLE state=FIRST_FRAME_RECEIVED attempts=1 streak=1
[2026-09-11T00:54:59.037Z] batch=field-waveform-1789087984709-2 D2 CHANNEL_SYNC_OK state=TEST_READY attempts=1 streak=5
[2026-09-11T00:54:59.037Z] batch=field-waveform-1789087984709-2 D2 TEST_READY state=TEST_READY attempts=1 streak=5
[2026-09-11T00:54:59.040Z] batch=field-waveform-1789087984709-2 D6 CHANNEL_SYNC_OK state=TEST_READY attempts=1 streak=5
[2026-09-11T00:54:59.040Z] batch=field-waveform-1789087984709-2 D6 TEST_READY state=TEST_READY attempts=1 streak=5
[2026-09-11T00:54:59.139Z] batch=field-waveform-1789087984709-2 D1 CHANNEL_SYNC_OK state=TEST_READY attempts=1 streak=5
[2026-09-11T00:54:59.139Z] batch=field-waveform-1789087984709-2 D1 TEST_READY state=TEST_READY attempts=1 streak=5
[2026-09-11T00:54:59.267Z] batch=field-waveform-1789087984709-2 D4 CHANNEL_SYNC_OK state=TEST_READY attempts=1 streak=5
[2026-09-11T00:54:59.268Z] batch=field-waveform-1789087984709-2 D4 TEST_READY state=TEST_READY attempts=1 streak=5
