[2026-09-15T01:36:40.141Z] batch=field-waveform-1789436042349-5 D2 MODE_SWITCH_START state=MODE_SWITCHING attempts=1 streak=0 attempt=1
[2026-09-15T01:36:40.143Z] batch=field-waveform-1789436042349-5 D2 MODE_SWITCH_OK state=MODE_SWITCH_OK attempts=1 streak=0
[2026-09-15T01:36:40.148Z] batch=field-waveform-1789436042349-5 D5 MODE_SWITCH_START state=MODE_SWITCHING attempts=1 streak=0 attempt=1
[2026-09-15T01:36:40.150Z] batch=field-waveform-1789436042349-5 D5 MODE_SWITCH_OK state=MODE_SWITCH_OK attempts=1 streak=0
[2026-09-15T01:36:40.155Z] batch=field-waveform-1789436042349-5 D6 MODE_SWITCH_START state=MODE_SWITCHING attempts=1 streak=0 attempt=1
[2026-09-15T01:36:40.156Z] batch=field-waveform-1789436042349-5 D6 MODE_SWITCH_OK state=MODE_SWITCH_OK attempts=1 streak=0
[2026-09-15T01:36:40.163Z] batch=field-waveform-1789436042349-5 D4 MODE_SWITCH_START state=MODE_SWITCHING attempts=1 streak=0 attempt=1
[2026-09-15T01:36:40.164Z] batch=field-waveform-1789436042349-5 D4 MODE_SWITCH_OK state=MODE_SWITCH_OK attempts=1 streak=0
[2026-09-15T01:36:40.173Z] batch=field-waveform-1789436042349-5 D3 MODE_SWITCH_START state=MODE_SWITCHING attempts=1 streak=0 attempt=1
[2026-09-15T01:36:40.176Z] batch=field-waveform-1789436042349-5 D3 MODE_SWITCH_OK state=MODE_SWITCH_OK attempts=1 streak=0
[2026-09-15T01:36:40.180Z] batch=field-waveform-1789436042349-5 D1 MODE_SWITCH_START state=MODE_SWITCHING attempts=1 streak=0 attempt=1
[2026-09-15T01:36:40.182Z] batch=field-waveform-1789436042349-5 D1 MODE_SWITCH_OK state=MODE_SWITCH_OK attempts=1 streak=0
[2026-09-15T01:36:45.830Z] batch=field-waveform-1789436205827-6 D1 MODE_SWITCH_START state=MODE_SWITCHING attempts=1 streak=0 attempt=1
[2026-09-15T01:36:45.831Z] batch=field-waveform-1789436205827-6 D2 MODE_SWITCH_START state=MODE_SWITCHING attempts=1 streak=0 attempt=1
[2026-09-15T01:36:45.832Z] batch=field-waveform-1789436205827-6 D3 MODE_SWITCH_START state=MODE_SWITCHING attempts=1 streak=0 attempt=1
[2026-09-15T01:36:45.833Z] batch=field-waveform-1789436205827-6 D4 MODE_SWITCH_START state=MODE_SWITCHING attempts=1 streak=0 attempt=1
[2026-09-15T01:36:45.834Z] batch=field-waveform-1789436205827-6 D5 MODE_SWITCH_START state=MODE_SWITCHING attempts=1 streak=0 attempt=1
[2026-09-15T01:36:45.835Z] batch=field-waveform-1789436205827-6 D6 MODE_SWITCH_START state=MODE_SWITCHING attempts=1 streak=0 attempt=1
[2026-09-15T01:36:45.837Z] batch=field-waveform-1789436205827-6 D1 MODE_SWITCH_OK state=MODE_SWITCH_OK attempts=1 streak=0
[2026-09-15T01:36:45.839Z] batch=field-waveform-1789436205827-6 D2 MODE_SWITCH_OK state=MODE_SWITCH_OK attempts=1 streak=0
[2026-09-15T01:36:45.839Z] batch=field-waveform-1789436205827-6 D3 MODE_SWITCH_OK state=MODE_SWITCH_OK attempts=1 streak=0
[2026-09-15T01:36:45.839Z] batch=field-waveform-1789436205827-6 D4 MODE_SWITCH_OK state=MODE_SWITCH_OK attempts=1 streak=0
[2026-09-15T01:36:45.840Z] batch=field-waveform-1789436205827-6 D5 MODE_SWITCH_OK state=MODE_SWITCH_OK attempts=1 streak=0
[2026-09-15T01:36:45.840Z] batch=field-waveform-1789436205827-6 D6 MODE_SWITCH_OK state=MODE_SWITCH_OK attempts=1 streak=0
[2026-09-15T01:36:50.147Z] batch=field-waveform-1789436205827-6 D2 MODE_SWITCH_START state=MODE_SWITCHING attempts=1 streak=0 attempt=1
[2026-09-15T01:36:50.152Z] batch=field-waveform-1789436205827-6 D2 MODE_SWITCH_OK state=MODE_SWITCH_OK attempts=1 streak=0
[2026-09-15T01:36:50.155Z] batch=field-waveform-1789436205827-6 D5 MODE_SWITCH_START state=MODE_SWITCHING attempts=1 streak=0 attempt=1
[2026-09-15T01:36:50.160Z] batch=field-waveform-1789436205827-6 D5 MODE_SWITCH_OK state=MODE_SWITCH_OK attempts=1 streak=0
[2026-09-15T01:36:50.163Z] batch=field-waveform-1789436205827-6 D6 MODE_SWITCH_START state=MODE_SWITCHING attempts=1 streak=0 attempt=1
[2026-09-15T01:36:50.169Z] batch=field-waveform-1789436205827-6 D6 MODE_SWITCH_OK state=MODE_SWITCH_OK attempts=1 streak=0
[2026-09-15T01:36:50.172Z] batch=field-waveform-1789436205827-6 D4 MODE_SWITCH_START state=MODE_SWITCHING attempts=1 streak=0 attempt=1
[2026-09-15T01:36:50.173Z] batch=field-waveform-1789436205827-6 D4 MODE_SWITCH_OK state=MODE_SWITCH_OK attempts=1 streak=0
[2026-09-15T01:36:50.188Z] batch=field-waveform-1789436205827-6 D3 MODE_SWITCH_START state=MODE_SWITCHING attempts=1 streak=0 attempt=1
[2026-09-15T01:36:50.191Z] batch=field-waveform-1789436205827-6 D3 MODE_SWITCH_OK state=MODE_SWITCH_OK attempts=1 streak=0
[2026-09-15T01:36:50.193Z] batch=field-waveform-1789436205827-6 D1 MODE_SWITCH_START state=MODE_SWITCHING attempts=1 streak=0 attempt=1
[2026-09-15T01:36:50.197Z] batch=field-waveform-1789436205827-6 D1 MODE_SWITCH_OK state=MODE_SWITCH_OK attempts=1 streak=0
[2026-09-15T01:37:00.161Z] batch=field-waveform-1789436205827-6 D2 MODE_SWITCH_START state=MODE_SWITCHING attempts=1 streak=0 attempt=1
[2026-09-15T01:37:00.163Z] batch=field-waveform-1789436205827-6 D2 MODE_SWITCH_OK state=MODE_SWITCH_OK attempts=1 streak=0
[2026-09-15T01:37:00.165Z] batch=field-waveform-1789436205827-6 D5 MODE_SWITCH_START state=MODE_SWITCHING attempts=1 streak=0 attempt=1
[2026-09-15T01:37:00.166Z] batch=field-waveform-1789436205827-6 D5 MODE_SWITCH_OK state=MODE_SWITCH_OK attempts=1 streak=0
[2026-09-15T01:37:00.170Z] batch=field-waveform-1789436205827-6 D6 MODE_SWITCH_START state=MODE_SWITCHING attempts=1 streak=0 attempt=1
[2026-09-15T01:37:00.171Z] batch=field-waveform-1789436205827-6 D6 MODE_SWITCH_OK state=MODE_SWITCH_OK attempts=1 streak=0
[2026-09-15T01:37:00.175Z] batch=field-waveform-1789436205827-6 D4 MODE_SWITCH_START state=MODE_SWITCHING attempts=1 streak=0 attempt=1
[2026-09-15T01:37:00.177Z] batch=field-waveform-1789436205827-6 D4 MODE_SWITCH_OK state=MODE_SWITCH_OK attempts=1 streak=0
[2026-09-15T01:37:00.192Z] batch=field-waveform-1789436205827-6 D3 MODE_SWITCH_START state=MODE_SWITCHING attempts=1 streak=0 attempt=1
[2026-09-15T01:37:00.193Z] batch=field-waveform-1789436205827-6 D3 MODE_SWITCH_OK state=MODE_SWITCH_OK attempts=1 streak=0
[2026-09-15T01:37:00.203Z] batch=field-waveform-1789436205827-6 D1 MODE_SWITCH_START state=MODE_SWITCHING attempts=1 streak=0 attempt=1
[2026-09-15T01:37:00.204Z] batch=field-waveform-1789436205827-6 D1 MODE_SWITCH_OK state=MODE_SWITCH_OK attempts=1 streak=0
[2026-09-15T01:37:10.166Z] batch=field-waveform-1789436205827-6 D2 MODE_SWITCH_START state=MODE_SWITCHING attempts=1 streak=0 attempt=1
[2026-09-15T01:37:10.168Z] batch=field-waveform-1789436205827-6 D2 MODE_SWITCH_OK state=MODE_SWITCH_OK attempts=1 streak=0
[2026-09-15T01:37:10.172Z] batch=field-waveform-1789436205827-6 D5 MODE_SWITCH_START state=MODE_SWITCHING attempts=1 streak=0 attempt=1
[2026-09-15T01:37:10.173Z] batch=field-waveform-1789436205827-6 D5 MODE_SWITCH_OK state=MODE_SWITCH_OK attempts=1 streak=0
[2026-09-15T01:37:10.174Z] batch=field-waveform-1789436205827-6 D6 MODE_SWITCH_START state=MODE_SWITCHING attempts=1 streak=0 attempt=1
[2026-09-15T01:37:10.175Z] batch=field-waveform-1789436205827-6 D6 MODE_SWITCH_OK state=MODE_SWITCH_OK attempts=1 streak=0
[2026-09-15T01:37:10.177Z] batch=field-waveform-1789436205827-6 D4 MODE_SWITCH_START state=MODE_SWITCHING attempts=1 streak=0 attempt=1
[2026-09-15T01:37:10.178Z] batch=field-waveform-1789436205827-6 D4 MODE_SWITCH_OK state=MODE_SWITCH_OK attempts=1 streak=0
[2026-09-15T01:37:10.200Z] batch=field-waveform-1789436205827-6 D3 MODE_SWITCH_START state=MODE_SWITCHING attempts=1 streak=0 attempt=1
[2026-09-15T01:37:10.201Z] batch=field-waveform-1789436205827-6 D3 MODE_SWITCH_OK state=MODE_SWITCH_OK attempts=1 streak=0
[2026-09-15T01:37:10.205Z] batch=field-waveform-1789436205827-6 D1 MODE_SWITCH_START state=MODE_SWITCHING attempts=1 streak=0 attempt=1
[2026-09-15T01:37:10.206Z] batch=field-waveform-1789436205827-6 D1 MODE_SWITCH_OK state=MODE_SWITCH_OK attempts=1 streak=0
[2026-09-15T01:37:15.253Z] batch=field-waveform-1789436205827-6 D5 FIRST_FRAME state=FIRST_FRAME_RECEIVED attempts=1 streak=1
[2026-09-15T01:37:15.253Z] batch=field-waveform-1789436205827-6 D5 FIRST_VALID_SAMPLE state=FIRST_FRAME_RECEIVED attempts=1 streak=1
[2026-09-15T01:37:15.255Z] batch=field-waveform-1789436205827-6 D2 FIRST_FRAME state=FIRST_FRAME_RECEIVED attempts=1 streak=1
[2026-09-15T01:37:15.257Z] batch=field-waveform-1789436205827-6 D2 FIRST_VALID_SAMPLE state=FIRST_FRAME_RECEIVED attempts=1 streak=1
[2026-09-15T01:37:15.258Z] batch=field-waveform-1789436205827-6 D4 FIRST_FRAME state=FIRST_FRAME_RECEIVED attempts=1 streak=1
[2026-09-15T01:37:15.258Z] batch=field-waveform-1789436205827-6 D4 FIRST_VALID_SAMPLE state=FIRST_FRAME_RECEIVED attempts=1 streak=1
[2026-09-15T01:37:15.281Z] batch=field-waveform-1789436205827-6 D3 FIRST_FRAME state=FIRST_FRAME_RECEIVED attempts=1 streak=1
[2026-09-15T01:37:15.281Z] batch=field-waveform-1789436205827-6 D3 FIRST_VALID_SAMPLE state=FIRST_FRAME_RECEIVED attempts=1 streak=1
[2026-09-15T01:37:15.286Z] batch=field-waveform-1789436205827-6 D1 FIRST_FRAME state=FIRST_FRAME_RECEIVED attempts=1 streak=1
[2026-09-15T01:37:15.286Z] batch=field-waveform-1789436205827-6 D1 FIRST_VALID_SAMPLE state=FIRST_FRAME_RECEIVED attempts=1 streak=1
[2026-09-15T01:37:15.486Z] batch=field-waveform-1789436205827-6 D5 CHANNEL_SYNC_OK state=TEST_READY attempts=1 streak=5
[2026-09-15T01:37:15.487Z] batch=field-waveform-1789436205827-6 D5 TEST_READY state=TEST_READY attempts=1 streak=5
[2026-09-15T01:37:15.488Z] batch=field-waveform-1789436205827-6 D2 CHANNEL_SYNC_OK state=TEST_READY attempts=1 streak=5
[2026-09-15T01:37:15.488Z] batch=field-waveform-1789436205827-6 D2 TEST_READY state=TEST_READY attempts=1 streak=5
[2026-09-15T01:37:15.503Z] batch=field-waveform-1789436205827-6 D4 CHANNEL_SYNC_OK state=TEST_READY attempts=1 streak=5
[2026-09-15T01:37:15.503Z] batch=field-waveform-1789436205827-6 D4 TEST_READY state=TEST_READY attempts=1 streak=5
[2026-09-15T01:37:15.519Z] batch=field-waveform-1789436205827-6 D3 CHANNEL_SYNC_OK state=TEST_READY attempts=1 streak=5
[2026-09-15T01:37:15.520Z] batch=field-waveform-1789436205827-6 D3 TEST_READY state=TEST_READY attempts=1 streak=5
[2026-09-15T01:37:15.536Z] batch=field-waveform-1789436205827-6 D1 CHANNEL_SYNC_OK state=TEST_READY attempts=1 streak=5
[2026-09-15T01:37:15.536Z] batch=field-waveform-1789436205827-6 D1 TEST_READY state=TEST_READY attempts=1 streak=5
[2026-09-15T01:37:20.185Z] batch=field-waveform-1789436205827-6 D6 MODE_SWITCH_START state=MODE_SWITCHING attempts=1 streak=0 attempt=1
[2026-09-15T01:37:20.190Z] batch=field-waveform-1789436205827-6 D6 MODE_SWITCH_OK state=MODE_SWITCH_OK attempts=1 streak=0
[2026-09-15T01:37:26.487Z] batch=field-waveform-1789436205827-6 D2 MODE_SWITCH_START state=MODE_SWITCHING attempts=1 streak=0 attempt=1
[2026-09-15T01:37:26.488Z] batch=field-waveform-1789436205827-6 D2 MODE_SWITCH_OK state=MODE_SWITCH_OK attempts=1 streak=0
[2026-09-15T01:37:26.513Z] batch=field-waveform-1789436205827-6 D4 MODE_SWITCH_START state=MODE_SWITCHING attempts=1 streak=0 attempt=1
[2026-09-15T01:37:26.514Z] batch=field-waveform-1789436205827-6 D4 MODE_SWITCH_OK state=MODE_SWITCH_OK attempts=1 streak=0
[2026-09-15T01:37:26.515Z] batch=field-waveform-1789436205827-6 D3 MODE_SWITCH_START state=MODE_SWITCHING attempts=1 streak=0 attempt=1
[2026-09-15T01:37:26.516Z] batch=field-waveform-1789436205827-6 D3 MODE_SWITCH_OK state=MODE_SWITCH_OK attempts=1 streak=0
[2026-09-15T01:37:26.610Z] batch=field-waveform-1789436205827-6 D1 MODE_SWITCH_START state=MODE_SWITCHING attempts=1 streak=0 attempt=1
[2026-09-15T01:37:26.612Z] batch=field-waveform-1789436205827-6 D1 MODE_SWITCH_OK state=MODE_SWITCH_OK attempts=1 streak=0
[2026-09-15T01:37:26.614Z] batch=field-waveform-1789436205827-6 D5 MODE_SWITCH_START state=MODE_SWITCHING attempts=1 streak=0 attempt=1
[2026-09-15T01:37:26.616Z] batch=field-waveform-1789436205827-6 D5 MODE_SWITCH_OK state=MODE_SWITCH_OK attempts=1 streak=0
[2026-09-15T01:37:30.072Z] batch=field-waveform-1789436205827-6 D6 FIRST_FRAME state=FIRST_FRAME_RECEIVED attempts=1 streak=1
[2026-09-15T01:37:30.073Z] batch=field-waveform-1789436205827-6 D6 FIRST_VALID_SAMPLE state=FIRST_FRAME_RECEIVED attempts=1 streak=1
[2026-09-15T01:37:30.333Z] batch=field-waveform-1789436205827-6 D6 CHANNEL_SYNC_OK state=TEST_READY attempts=1 streak=5
[2026-09-15T01:37:30.333Z] batch=field-waveform-1789436205827-6 D6 TEST_READY state=TEST_READY attempts=1 streak=5
[2026-09-15T01:37:31.544Z] batch=field-waveform-1789436205827-6 D2 FIRST_FRAME state=FIRST_FRAME_RECEIVED attempts=1 streak=1
[2026-09-15T01:37:31.544Z] batch=field-waveform-1789436205827-6 D2 FIRST_VALID_SAMPLE state=FIRST_FRAME_RECEIVED attempts=1 streak=1
[2026-09-15T01:37:31.562Z] batch=field-waveform-1789436205827-6 D4 FIRST_FRAME state=FIRST_FRAME_RECEIVED attempts=1 streak=1
[2026-09-15T01:37:31.563Z] batch=field-waveform-1789436205827-6 D4 FIRST_VALID_SAMPLE state=FIRST_FRAME_RECEIVED attempts=1 streak=1
[2026-09-15T01:37:31.582Z] batch=field-waveform-1789436205827-6 D3 FIRST_FRAME state=FIRST_FRAME_RECEIVED attempts=1 streak=1
[2026-09-15T01:37:31.582Z] batch=field-waveform-1789436205827-6 D3 FIRST_VALID_SAMPLE state=FIRST_FRAME_RECEIVED attempts=1 streak=1
[2026-09-15T01:37:31.673Z] batch=field-waveform-1789436205827-6 D1 FIRST_FRAME state=FIRST_FRAME_RECEIVED attempts=1 streak=1
[2026-09-15T01:37:31.674Z] batch=field-waveform-1789436205827-6 D1 FIRST_VALID_SAMPLE state=FIRST_FRAME_RECEIVED attempts=1 streak=1
[2026-09-15T01:37:31.674Z] batch=field-waveform-1789436205827-6 D5 FIRST_FRAME state=FIRST_FRAME_RECEIVED attempts=1 streak=1
[2026-09-15T01:37:31.675Z] batch=field-waveform-1789436205827-6 D5 FIRST_VALID_SAMPLE state=FIRST_FRAME_RECEIVED attempts=1 streak=1
[2026-09-15T01:37:31.800Z] batch=field-waveform-1789436205827-6 D2 CHANNEL_SYNC_OK state=TEST_READY attempts=1 streak=5
[2026-09-15T01:37:31.800Z] batch=field-waveform-1789436205827-6 D2 TEST_READY state=TEST_READY attempts=1 streak=5
[2026-09-15T01:37:31.831Z] batch=field-waveform-1789436205827-6 D4 CHANNEL_SYNC_OK state=TEST_READY attempts=1 streak=5
[2026-09-15T01:37:31.831Z] batch=field-waveform-1789436205827-6 D4 TEST_READY state=TEST_READY attempts=1 streak=5
[2026-09-15T01:37:31.833Z] batch=field-waveform-1789436205827-6 D3 CHANNEL_SYNC_OK state=TEST_READY attempts=1 streak=5
[2026-09-15T01:37:31.834Z] batch=field-waveform-1789436205827-6 D3 TEST_READY state=TEST_READY attempts=1 streak=5
[2026-09-15T01:37:31.935Z] batch=field-waveform-1789436205827-6 D5 CHANNEL_SYNC_OK state=TEST_READY attempts=1 streak=5
[2026-09-15T01:37:31.936Z] batch=field-waveform-1789436205827-6 D5 TEST_READY state=TEST_READY attempts=1 streak=5
[2026-09-15T01:37:31.950Z] batch=field-waveform-1789436205827-6 D1 CHANNEL_SYNC_OK state=TEST_READY attempts=1 streak=5
[2026-09-15T01:37:31.951Z] batch=field-waveform-1789436205827-6 D1 TEST_READY state=TEST_READY attempts=1 streak=5
[2026-09-15T01:38:23.059Z] batch=field-waveform-1789436205827-6 D2 MODE_SWITCH_START state=MODE_SWITCHING attempts=1 streak=0 attempt=1
[2026-09-15T01:38:23.061Z] batch=field-waveform-1789436205827-6 D2 MODE_SWITCH_OK state=MODE_SWITCH_OK attempts=1 streak=0
[2026-09-15T01:38:23.065Z] batch=field-waveform-1789436205827-6 D3 MODE_SWITCH_START state=MODE_SWITCHING attempts=1 streak=0 attempt=1
[2026-09-15T01:38:23.069Z] batch=field-waveform-1789436205827-6 D3 MODE_SWITCH_OK state=MODE_SWITCH_OK attempts=1 streak=0
[2026-09-15T01:38:23.074Z] batch=field-waveform-1789436205827-6 D4 MODE_SWITCH_START state=MODE_SWITCHING attempts=1 streak=0 attempt=1
[2026-09-15T01:38:23.077Z] batch=field-waveform-1789436205827-6 D4 MODE_SWITCH_OK state=MODE_SWITCH_OK attempts=1 streak=0
[2026-09-15T01:38:23.081Z] batch=field-waveform-1789436205827-6 D1 MODE_SWITCH_START state=MODE_SWITCHING attempts=1 streak=0 attempt=1
[2026-09-15T01:38:23.085Z] batch=field-waveform-1789436205827-6 D1 MODE_SWITCH_OK state=MODE_SWITCH_OK attempts=1 streak=0
[2026-09-15T01:38:23.089Z] batch=field-waveform-1789436205827-6 D5 MODE_SWITCH_START state=MODE_SWITCHING attempts=1 streak=0 attempt=1
[2026-09-15T01:38:23.091Z] batch=field-waveform-1789436205827-6 D5 MODE_SWITCH_OK state=MODE_SWITCH_OK attempts=1 streak=0
[2026-09-15T01:38:30.241Z] batch=field-waveform-1789436205827-6 D6 MODE_SWITCH_START state=MODE_SWITCHING attempts=1 streak=0 attempt=1
[2026-09-15T01:38:30.242Z] batch=field-waveform-1789436205827-6 D6 MODE_SWITCH_OK state=MODE_SWITCH_OK attempts=1 streak=0
[2026-09-15T01:38:33.071Z] batch=field-waveform-1789436205827-6 D2 MODE_SWITCH_START state=MODE_SWITCHING attempts=1 streak=0 attempt=1
[2026-09-15T01:38:33.077Z] batch=field-waveform-1789436205827-6 D2 MODE_SWITCH_OK state=MODE_SWITCH_OK attempts=1 streak=0
[2026-09-15T01:38:33.238Z] batch=field-waveform-1789436205827-6 D3 MODE_SWITCH_START state=MODE_SWITCHING attempts=1 streak=0 attempt=1
[2026-09-15T01:38:33.240Z] batch=field-waveform-1789436205827-6 D3 MODE_SWITCH_OK state=MODE_SWITCH_OK attempts=1 streak=0
[2026-09-15T01:38:33.246Z] batch=field-waveform-1789436205827-6 D4 MODE_SWITCH_START state=MODE_SWITCHING attempts=1 streak=0 attempt=1
[2026-09-15T01:38:33.251Z] batch=field-waveform-1789436205827-6 D4 MODE_SWITCH_OK state=MODE_SWITCH_OK attempts=1 streak=0
[2026-09-15T01:38:33.255Z] batch=field-waveform-1789436205827-6 D1 MODE_SWITCH_START state=MODE_SWITCHING attempts=1 streak=0 attempt=1
[2026-09-15T01:38:33.259Z] batch=field-waveform-1789436205827-6 D1 MODE_SWITCH_OK state=MODE_SWITCH_OK attempts=1 streak=0
[2026-09-15T01:38:33.264Z] batch=field-waveform-1789436205827-6 D5 MODE_SWITCH_START state=MODE_SWITCHING attempts=1 streak=0 attempt=1
[2026-09-15T01:38:33.265Z] batch=field-waveform-1789436205827-6 D5 MODE_SWITCH_OK state=MODE_SWITCH_OK attempts=1 streak=0
[2026-09-15T01:38:38.382Z] batch=field-waveform-1789436205827-6 D2 FIRST_FRAME state=FIRST_FRAME_RECEIVED attempts=1 streak=1
[2026-09-15T01:38:38.383Z] batch=field-waveform-1789436205827-6 D2 FIRST_VALID_SAMPLE state=FIRST_FRAME_RECEIVED attempts=1 streak=1
[2026-09-15T01:38:38.619Z] batch=field-waveform-1789436205827-6 D1 FIRST_FRAME state=FIRST_FRAME_RECEIVED attempts=1 streak=1
[2026-09-15T01:38:38.619Z] batch=field-waveform-1789436205827-6 D1 FIRST_VALID_SAMPLE state=FIRST_FRAME_RECEIVED attempts=1 streak=1
[2026-09-15T01:38:38.621Z] batch=field-waveform-1789436205827-6 D1 CHANNEL_SYNC_OK state=TEST_READY attempts=1 streak=5
[2026-09-15T01:38:38.621Z] batch=field-waveform-1789436205827-6 D1 TEST_READY state=TEST_READY attempts=1 streak=5
[2026-09-15T01:38:38.622Z] batch=field-waveform-1789436205827-6 D4 FIRST_FRAME state=FIRST_FRAME_RECEIVED attempts=1 streak=1
[2026-09-15T01:38:38.622Z] batch=field-waveform-1789436205827-6 D4 FIRST_VALID_SAMPLE state=FIRST_FRAME_RECEIVED attempts=1 streak=1
[2026-09-15T01:38:38.623Z] batch=field-waveform-1789436205827-6 D4 CHANNEL_SYNC_OK state=TEST_READY attempts=1 streak=5
[2026-09-15T01:38:38.623Z] batch=field-waveform-1789436205827-6 D4 TEST_READY state=TEST_READY attempts=1 streak=5
[2026-09-15T01:38:38.624Z] batch=field-waveform-1789436205827-6 D3 FIRST_FRAME state=FIRST_FRAME_RECEIVED attempts=1 streak=1
[2026-09-15T01:38:38.624Z] batch=field-waveform-1789436205827-6 D3 FIRST_VALID_SAMPLE state=FIRST_FRAME_RECEIVED attempts=1 streak=1
[2026-09-15T01:38:38.625Z] batch=field-waveform-1789436205827-6 D3 CHANNEL_SYNC_OK state=TEST_READY attempts=1 streak=5
[2026-09-15T01:38:38.626Z] batch=field-waveform-1789436205827-6 D3 TEST_READY state=TEST_READY attempts=1 streak=5
[2026-09-15T01:38:38.626Z] batch=field-waveform-1789436205827-6 D5 FIRST_FRAME state=FIRST_FRAME_RECEIVED attempts=1 streak=1
[2026-09-15T01:38:38.626Z] batch=field-waveform-1789436205827-6 D5 FIRST_VALID_SAMPLE state=FIRST_FRAME_RECEIVED attempts=1 streak=1
[2026-09-15T01:38:38.629Z] batch=field-waveform-1789436205827-6 D5 CHANNEL_SYNC_OK state=TEST_READY attempts=1 streak=5
[2026-09-15T01:38:38.629Z] batch=field-waveform-1789436205827-6 D5 TEST_READY state=TEST_READY attempts=1 streak=5
[2026-09-15T01:38:38.630Z] batch=field-waveform-1789436205827-6 D2 CHANNEL_SYNC_OK state=TEST_READY attempts=1 streak=5
[2026-09-15T01:38:38.631Z] batch=field-waveform-1789436205827-6 D2 TEST_READY state=TEST_READY attempts=1 streak=5
[2026-09-15T01:38:40.377Z] batch=field-waveform-1789436205827-6 D6 MODE_SWITCH_START state=MODE_SWITCHING attempts=1 streak=0 attempt=1
[2026-09-15T01:38:40.380Z] batch=field-waveform-1789436205827-6 D6 MODE_SWITCH_OK state=MODE_SWITCH_OK attempts=1 streak=0
[2026-09-15T01:38:45.595Z] batch=field-waveform-1789436205827-6 D6 FIRST_FRAME state=FIRST_FRAME_RECEIVED attempts=1 streak=1
[2026-09-15T01:38:45.595Z] batch=field-waveform-1789436205827-6 D6 FIRST_VALID_SAMPLE state=FIRST_FRAME_RECEIVED attempts=1 streak=1
[2026-09-15T01:38:45.782Z] batch=field-waveform-1789436205827-6 D6 CHANNEL_SYNC_OK state=TEST_READY attempts=1 streak=5
[2026-09-15T01:38:45.784Z] batch=field-waveform-1789436205827-6 D6 TEST_READY state=TEST_READY attempts=1 streak=5
[2026-09-15T01:39:14.414Z] batch=field-waveform-1789436205827-6 D6 MODE_SWITCH_START state=MODE_SWITCHING attempts=1 streak=0 attempt=1
[2026-09-15T01:39:14.415Z] batch=field-waveform-1789436205827-6 D6 MODE_SWITCH_OK state=MODE_SWITCH_OK attempts=1 streak=0
