[2026-09-10T05:50:15.294Z] batch=field-waveform-1789019257624-1 D5 MODE_SWITCH_START state=MODE_SWITCHING attempts=1 streak=0 attempt=1
[2026-09-10T05:50:15.313Z] batch=field-waveform-1789019257624-1 D5 MODE_SWITCH_OK state=MODE_SWITCH_OK attempts=1 streak=0
[2026-09-10T05:50:15.329Z] batch=field-waveform-1789019257624-1 D6 MODE_SWITCH_START state=MODE_SWITCHING attempts=1 streak=0 attempt=1
[2026-09-10T05:50:15.332Z] batch=field-waveform-1789019257624-1 D6 MODE_SWITCH_OK state=MODE_SWITCH_OK attempts=1 streak=0
[2026-09-10T05:50:15.344Z] batch=field-waveform-1789019257624-1 D1 MODE_SWITCH_START state=MODE_SWITCHING attempts=1 streak=0 attempt=1
[2026-09-10T05:50:15.347Z] batch=field-waveform-1789019257624-1 D1 MODE_SWITCH_OK state=MODE_SWITCH_OK attempts=1 streak=0
[2026-09-10T05:50:15.360Z] batch=field-waveform-1789019257624-1 D2 MODE_SWITCH_START state=MODE_SWITCHING attempts=1 streak=0 attempt=1
[2026-09-10T05:50:15.362Z] batch=field-waveform-1789019257624-1 D2 MODE_SWITCH_OK state=MODE_SWITCH_OK attempts=1 streak=0
[2026-09-10T05:50:15.372Z] batch=field-waveform-1789019257624-1 D3 MODE_SWITCH_START state=MODE_SWITCHING attempts=1 streak=0 attempt=1
[2026-09-10T05:50:15.376Z] batch=field-waveform-1789019257624-1 D3 MODE_SWITCH_OK state=MODE_SWITCH_OK attempts=1 streak=0
[2026-09-10T05:50:15.390Z] batch=field-waveform-1789019257624-1 D4 MODE_SWITCH_START state=MODE_SWITCHING attempts=1 streak=0 attempt=1
[2026-09-10T05:50:15.393Z] batch=field-waveform-1789019257624-1 D4 MODE_SWITCH_OK state=MODE_SWITCH_OK attempts=1 streak=0
[2026-09-10T05:50:17.713Z] batch=field-waveform-1789019417711-2 D1 MODE_SWITCH_START state=MODE_SWITCHING attempts=1 streak=0 attempt=1
[2026-09-10T05:50:17.724Z] batch=field-waveform-1789019417711-2 D2 MODE_SWITCH_START state=MODE_SWITCHING attempts=1 streak=0 attempt=1
[2026-09-10T05:50:17.729Z] batch=field-waveform-1789019417711-2 D3 MODE_SWITCH_START state=MODE_SWITCHING attempts=1 streak=0 attempt=1
[2026-09-10T05:50:17.734Z] batch=field-waveform-1789019417711-2 D4 MODE_SWITCH_START state=MODE_SWITCHING attempts=1 streak=0 attempt=1
[2026-09-10T05:50:17.735Z] batch=field-waveform-1789019417711-2 D5 MODE_SWITCH_START state=MODE_SWITCHING attempts=1 streak=0 attempt=1
[2026-09-10T05:50:17.737Z] batch=field-waveform-1789019417711-2 D6 MODE_SWITCH_START state=MODE_SWITCHING attempts=1 streak=0 attempt=1
[2026-09-10T05:50:17.741Z] batch=field-waveform-1789019417711-2 D1 MODE_SWITCH_OK state=MODE_SWITCH_OK attempts=1 streak=0
[2026-09-10T05:50:17.742Z] batch=field-waveform-1789019417711-2 D2 MODE_SWITCH_OK state=MODE_SWITCH_OK attempts=1 streak=0
[2026-09-10T05:50:17.742Z] batch=field-waveform-1789019417711-2 D3 MODE_SWITCH_OK state=MODE_SWITCH_OK attempts=1 streak=0
[2026-09-10T05:50:17.743Z] batch=field-waveform-1789019417711-2 D4 MODE_SWITCH_OK state=MODE_SWITCH_OK attempts=1 streak=0
[2026-09-10T05:50:17.744Z] batch=field-waveform-1789019417711-2 D5 MODE_SWITCH_OK state=MODE_SWITCH_OK attempts=1 streak=0
[2026-09-10T05:50:17.744Z] batch=field-waveform-1789019417711-2 D6 MODE_SWITCH_OK state=MODE_SWITCH_OK attempts=1 streak=0
[2026-09-10T05:50:25.319Z] batch=field-waveform-1789019417711-2 D5 MODE_SWITCH_START state=MODE_SWITCHING attempts=1 streak=0 attempt=1
[2026-09-10T05:50:25.347Z] batch=field-waveform-1789019417711-2 D5 MODE_SWITCH_OK state=MODE_SWITCH_OK attempts=1 streak=0
[2026-09-10T05:50:25.350Z] batch=field-waveform-1789019417711-2 D6 MODE_SWITCH_START state=MODE_SWITCHING attempts=1 streak=0 attempt=1
[2026-09-10T05:50:25.354Z] batch=field-waveform-1789019417711-2 D6 MODE_SWITCH_OK state=MODE_SWITCH_OK attempts=1 streak=0
[2026-09-10T05:50:25.356Z] batch=field-waveform-1789019417711-2 D1 MODE_SWITCH_START state=MODE_SWITCHING attempts=1 streak=0 attempt=1
[2026-09-10T05:50:25.361Z] batch=field-waveform-1789019417711-2 D1 MODE_SWITCH_OK state=MODE_SWITCH_OK attempts=1 streak=0
[2026-09-10T05:50:25.364Z] batch=field-waveform-1789019417711-2 D2 MODE_SWITCH_START state=MODE_SWITCHING attempts=1 streak=0 attempt=1
[2026-09-10T05:50:25.367Z] batch=field-waveform-1789019417711-2 D2 MODE_SWITCH_OK state=MODE_SWITCH_OK attempts=1 streak=0
[2026-09-10T05:50:25.377Z] batch=field-waveform-1789019417711-2 D3 MODE_SWITCH_START state=MODE_SWITCHING attempts=1 streak=0 attempt=1
[2026-09-10T05:50:25.383Z] batch=field-waveform-1789019417711-2 D3 MODE_SWITCH_OK state=MODE_SWITCH_OK attempts=1 streak=0
[2026-09-10T05:50:25.396Z] batch=field-waveform-1789019417711-2 D4 MODE_SWITCH_START state=MODE_SWITCHING attempts=1 streak=0 attempt=1
[2026-09-10T05:50:25.399Z] batch=field-waveform-1789019417711-2 D4 MODE_SWITCH_OK state=MODE_SWITCH_OK attempts=1 streak=0
[2026-09-10T05:50:35.350Z] batch=field-waveform-1789019417711-2 D5 MODE_SWITCH_START state=MODE_SWITCHING attempts=1 streak=0 attempt=1
[2026-09-10T05:50:35.354Z] batch=field-waveform-1789019417711-2 D5 MODE_SWITCH_OK state=MODE_SWITCH_OK attempts=1 streak=0
[2026-09-10T05:50:35.356Z] batch=field-waveform-1789019417711-2 D6 MODE_SWITCH_START state=MODE_SWITCHING attempts=1 streak=0 attempt=1
[2026-09-10T05:50:35.359Z] batch=field-waveform-1789019417711-2 D6 MODE_SWITCH_OK state=MODE_SWITCH_OK attempts=1 streak=0
[2026-09-10T05:50:35.361Z] batch=field-waveform-1789019417711-2 D1 MODE_SWITCH_START state=MODE_SWITCHING attempts=1 streak=0 attempt=1
[2026-09-10T05:50:35.363Z] batch=field-waveform-1789019417711-2 D1 MODE_SWITCH_OK state=MODE_SWITCH_OK attempts=1 streak=0
[2026-09-10T05:50:35.371Z] batch=field-waveform-1789019417711-2 D2 MODE_SWITCH_START state=MODE_SWITCHING attempts=1 streak=0 attempt=1
[2026-09-10T05:50:35.376Z] batch=field-waveform-1789019417711-2 D2 MODE_SWITCH_OK state=MODE_SWITCH_OK attempts=1 streak=0
[2026-09-10T05:50:35.385Z] batch=field-waveform-1789019417711-2 D3 MODE_SWITCH_START state=MODE_SWITCHING attempts=1 streak=0 attempt=1
[2026-09-10T05:50:35.388Z] batch=field-waveform-1789019417711-2 D3 MODE_SWITCH_OK state=MODE_SWITCH_OK attempts=1 streak=0
[2026-09-10T05:50:35.411Z] batch=field-waveform-1789019417711-2 D4 MODE_SWITCH_START state=MODE_SWITCHING attempts=1 streak=0 attempt=1
[2026-09-10T05:50:35.415Z] batch=field-waveform-1789019417711-2 D4 MODE_SWITCH_OK state=MODE_SWITCH_OK attempts=1 streak=0
[2026-09-10T05:50:45.368Z] batch=field-waveform-1789019417711-2 D5 MODE_SWITCH_START state=MODE_SWITCHING attempts=1 streak=0 attempt=1
[2026-09-10T05:50:45.394Z] batch=field-waveform-1789019417711-2 D5 MODE_SWITCH_OK state=MODE_SWITCH_OK attempts=1 streak=0
[2026-09-10T05:50:45.398Z] batch=field-waveform-1789019417711-2 D6 MODE_SWITCH_START state=MODE_SWITCHING attempts=1 streak=0 attempt=1
[2026-09-10T05:50:45.403Z] batch=field-waveform-1789019417711-2 D6 MODE_SWITCH_OK state=MODE_SWITCH_OK attempts=1 streak=0
[2026-09-10T05:50:45.405Z] batch=field-waveform-1789019417711-2 D1 MODE_SWITCH_START state=MODE_SWITCHING attempts=1 streak=0 attempt=1
[2026-09-10T05:50:45.410Z] batch=field-waveform-1789019417711-2 D1 MODE_SWITCH_OK state=MODE_SWITCH_OK attempts=1 streak=0
[2026-09-10T05:50:45.412Z] batch=field-waveform-1789019417711-2 D2 MODE_SWITCH_START state=MODE_SWITCHING attempts=1 streak=0 attempt=1
[2026-09-10T05:50:45.415Z] batch=field-waveform-1789019417711-2 D2 MODE_SWITCH_OK state=MODE_SWITCH_OK attempts=1 streak=0
[2026-09-10T05:50:45.416Z] batch=field-waveform-1789019417711-2 D3 MODE_SWITCH_START state=MODE_SWITCHING attempts=1 streak=0 attempt=1
[2026-09-10T05:50:45.419Z] batch=field-waveform-1789019417711-2 D3 MODE_SWITCH_OK state=MODE_SWITCH_OK attempts=1 streak=0
[2026-09-10T05:50:45.420Z] batch=field-waveform-1789019417711-2 D4 MODE_SWITCH_START state=MODE_SWITCHING attempts=1 streak=0 attempt=1
[2026-09-10T05:50:45.430Z] batch=field-waveform-1789019417711-2 D4 MODE_SWITCH_OK state=MODE_SWITCH_OK attempts=1 streak=0
[2026-09-10T05:50:55.399Z] batch=field-waveform-1789019417711-2 D5 MODE_SWITCH_START state=MODE_SWITCHING attempts=1 streak=0 attempt=1
[2026-09-10T05:50:55.406Z] batch=field-waveform-1789019417711-2 D5 MODE_SWITCH_OK state=MODE_SWITCH_OK attempts=1 streak=0
[2026-09-10T05:50:55.410Z] batch=field-waveform-1789019417711-2 D6 MODE_SWITCH_START state=MODE_SWITCHING attempts=1 streak=0 attempt=1
[2026-09-10T05:50:55.419Z] batch=field-waveform-1789019417711-2 D6 MODE_SWITCH_OK state=MODE_SWITCH_OK attempts=1 streak=0
[2026-09-10T05:50:55.420Z] batch=field-waveform-1789019417711-2 D1 MODE_SWITCH_START state=MODE_SWITCHING attempts=1 streak=0 attempt=1
[2026-09-10T05:50:55.422Z] batch=field-waveform-1789019417711-2 D1 MODE_SWITCH_OK state=MODE_SWITCH_OK attempts=1 streak=0
[2026-09-10T05:50:55.425Z] batch=field-waveform-1789019417711-2 D2 MODE_SWITCH_START state=MODE_SWITCHING attempts=1 streak=0 attempt=1
[2026-09-10T05:50:55.432Z] batch=field-waveform-1789019417711-2 D2 MODE_SWITCH_OK state=MODE_SWITCH_OK attempts=1 streak=0
[2026-09-10T05:50:55.433Z] batch=field-waveform-1789019417711-2 D3 MODE_SWITCH_START state=MODE_SWITCHING attempts=1 streak=0 attempt=1
[2026-09-10T05:50:55.436Z] batch=field-waveform-1789019417711-2 D3 MODE_SWITCH_OK state=MODE_SWITCH_OK attempts=1 streak=0
[2026-09-10T05:50:55.438Z] batch=field-waveform-1789019417711-2 D4 MODE_SWITCH_START state=MODE_SWITCHING attempts=1 streak=0 attempt=1
[2026-09-10T05:50:55.442Z] batch=field-waveform-1789019417711-2 D4 MODE_SWITCH_OK state=MODE_SWITCH_OK attempts=1 streak=0
[2026-09-10T05:51:00.457Z] batch=field-waveform-1789019417711-2 D6 FIRST_FRAME state=FIRST_FRAME_RECEIVED attempts=1 streak=1
[2026-09-10T05:51:00.457Z] batch=field-waveform-1789019417711-2 D6 FIRST_VALID_SAMPLE state=FIRST_FRAME_RECEIVED attempts=1 streak=1
[2026-09-10T05:51:00.489Z] batch=field-waveform-1789019417711-2 D5 FIRST_FRAME state=FIRST_FRAME_RECEIVED attempts=1 streak=1
[2026-09-10T05:51:00.489Z] batch=field-waveform-1789019417711-2 D5 FIRST_VALID_SAMPLE state=FIRST_FRAME_RECEIVED attempts=1 streak=1
[2026-09-10T05:51:00.515Z] batch=field-waveform-1789019417711-2 D1 FIRST_FRAME state=FIRST_FRAME_RECEIVED attempts=1 streak=1
[2026-09-10T05:51:00.515Z] batch=field-waveform-1789019417711-2 D1 FIRST_VALID_SAMPLE state=FIRST_FRAME_RECEIVED attempts=1 streak=1
[2026-09-10T05:51:00.521Z] batch=field-waveform-1789019417711-2 D3 FIRST_FRAME state=FIRST_FRAME_RECEIVED attempts=1 streak=1
[2026-09-10T05:51:00.521Z] batch=field-waveform-1789019417711-2 D3 FIRST_VALID_SAMPLE state=FIRST_FRAME_RECEIVED attempts=1 streak=1
[2026-09-10T05:51:00.526Z] batch=field-waveform-1789019417711-2 D2 FIRST_FRAME state=FIRST_FRAME_RECEIVED attempts=1 streak=1
[2026-09-10T05:51:00.526Z] batch=field-waveform-1789019417711-2 D2 FIRST_VALID_SAMPLE state=FIRST_FRAME_RECEIVED attempts=1 streak=1
[2026-09-10T05:51:00.529Z] batch=field-waveform-1789019417711-2 D4 FIRST_FRAME state=FIRST_FRAME_RECEIVED attempts=1 streak=1
[2026-09-10T05:51:00.529Z] batch=field-waveform-1789019417711-2 D4 FIRST_VALID_SAMPLE state=FIRST_FRAME_RECEIVED attempts=1 streak=1
[2026-09-10T05:51:00.714Z] batch=field-waveform-1789019417711-2 D6 CHANNEL_SYNC_OK state=TEST_READY attempts=1 streak=5
[2026-09-10T05:51:00.714Z] batch=field-waveform-1789019417711-2 D6 TEST_READY state=TEST_READY attempts=1 streak=5
[2026-09-10T05:51:00.756Z] batch=field-waveform-1789019417711-2 D5 CHANNEL_SYNC_OK state=TEST_READY attempts=1 streak=5
[2026-09-10T05:51:00.756Z] batch=field-waveform-1789019417711-2 D5 TEST_READY state=TEST_READY attempts=1 streak=5
[2026-09-10T05:51:00.763Z] batch=field-waveform-1789019417711-2 D1 CHANNEL_SYNC_OK state=TEST_READY attempts=1 streak=5
[2026-09-10T05:51:00.763Z] batch=field-waveform-1789019417711-2 D1 TEST_READY state=TEST_READY attempts=1 streak=5
[2026-09-10T05:51:00.769Z] batch=field-waveform-1789019417711-2 D3 CHANNEL_SYNC_OK state=TEST_READY attempts=1 streak=5
[2026-09-10T05:51:00.769Z] batch=field-waveform-1789019417711-2 D3 TEST_READY state=TEST_READY attempts=1 streak=5
[2026-09-10T05:51:00.773Z] batch=field-waveform-1789019417711-2 D2 CHANNEL_SYNC_OK state=TEST_READY attempts=1 streak=5
[2026-09-10T05:51:00.773Z] batch=field-waveform-1789019417711-2 D2 TEST_READY state=TEST_READY attempts=1 streak=5
[2026-09-10T05:51:00.776Z] batch=field-waveform-1789019417711-2 D4 CHANNEL_SYNC_OK state=TEST_READY attempts=1 streak=5
[2026-09-10T05:51:00.776Z] batch=field-waveform-1789019417711-2 D4 TEST_READY state=TEST_READY attempts=1 streak=5
[2026-09-10T05:52:05.631Z] batch=field-waveform-1789019417711-2 D5 MODE_SWITCH_START state=MODE_SWITCHING attempts=1 streak=0 attempt=1
[2026-09-10T05:52:05.648Z] batch=field-waveform-1789019417711-2 D5 MODE_SWITCH_OK state=MODE_SWITCH_OK attempts=1 streak=0
[2026-09-10T05:52:05.654Z] batch=field-waveform-1789019417711-2 D1 MODE_SWITCH_START state=MODE_SWITCHING attempts=1 streak=0 attempt=1
[2026-09-10T05:52:05.662Z] batch=field-waveform-1789019417711-2 D1 MODE_SWITCH_OK state=MODE_SWITCH_OK attempts=1 streak=0
[2026-09-10T05:52:05.671Z] batch=field-waveform-1789019417711-2 D6 MODE_SWITCH_START state=MODE_SWITCHING attempts=1 streak=0 attempt=1
[2026-09-10T05:52:05.675Z] batch=field-waveform-1789019417711-2 D6 MODE_SWITCH_OK state=MODE_SWITCH_OK attempts=1 streak=0
[2026-09-10T05:52:05.682Z] batch=field-waveform-1789019417711-2 D4 MODE_SWITCH_START state=MODE_SWITCHING attempts=1 streak=0 attempt=1
[2026-09-10T05:52:05.687Z] batch=field-waveform-1789019417711-2 D4 MODE_SWITCH_OK state=MODE_SWITCH_OK attempts=1 streak=0
[2026-09-10T05:52:05.697Z] batch=field-waveform-1789019417711-2 D2 MODE_SWITCH_START state=MODE_SWITCHING attempts=1 streak=0 attempt=1
[2026-09-10T05:52:05.702Z] batch=field-waveform-1789019417711-2 D2 MODE_SWITCH_OK state=MODE_SWITCH_OK attempts=1 streak=0
[2026-09-10T05:52:05.709Z] batch=field-waveform-1789019417711-2 D3 MODE_SWITCH_START state=MODE_SWITCHING attempts=1 streak=0 attempt=1
[2026-09-10T05:52:05.711Z] batch=field-waveform-1789019417711-2 D3 MODE_SWITCH_OK state=MODE_SWITCH_OK attempts=1 streak=0
[2026-09-10T05:52:15.839Z] batch=field-waveform-1789019417711-2 D5 MODE_SWITCH_START state=MODE_SWITCHING attempts=1 streak=0 attempt=1
[2026-09-10T05:52:15.846Z] batch=field-waveform-1789019417711-2 D5 MODE_SWITCH_OK state=MODE_SWITCH_OK attempts=1 streak=0
[2026-09-10T05:52:15.853Z] batch=field-waveform-1789019417711-2 D1 MODE_SWITCH_START state=MODE_SWITCHING attempts=1 streak=0 attempt=1
[2026-09-10T05:52:15.869Z] batch=field-waveform-1789019417711-2 D1 MODE_SWITCH_OK state=MODE_SWITCH_OK attempts=1 streak=0
[2026-09-10T05:52:15.885Z] batch=field-waveform-1789019417711-2 D6 MODE_SWITCH_START state=MODE_SWITCHING attempts=1 streak=0 attempt=1
[2026-09-10T05:52:15.892Z] batch=field-waveform-1789019417711-2 D6 MODE_SWITCH_OK state=MODE_SWITCH_OK attempts=1 streak=0
[2026-09-10T05:52:15.899Z] batch=field-waveform-1789019417711-2 D4 MODE_SWITCH_START state=MODE_SWITCHING attempts=1 streak=0 attempt=1
[2026-09-10T05:52:15.901Z] batch=field-waveform-1789019417711-2 D4 MODE_SWITCH_OK state=MODE_SWITCH_OK attempts=1 streak=0
[2026-09-10T05:52:15.908Z] batch=field-waveform-1789019417711-2 D2 MODE_SWITCH_START state=MODE_SWITCHING attempts=1 streak=0 attempt=1
[2026-09-10T05:52:15.913Z] batch=field-waveform-1789019417711-2 D2 MODE_SWITCH_OK state=MODE_SWITCH_OK attempts=1 streak=0
[2026-09-10T05:52:15.920Z] batch=field-waveform-1789019417711-2 D3 MODE_SWITCH_START state=MODE_SWITCHING attempts=1 streak=0 attempt=1
[2026-09-10T05:52:15.922Z] batch=field-waveform-1789019417711-2 D3 MODE_SWITCH_OK state=MODE_SWITCH_OK attempts=1 streak=0
[2026-09-10T05:52:20.937Z] batch=field-waveform-1789019417711-2 D1 FIRST_FRAME state=FIRST_FRAME_RECEIVED attempts=1 streak=1
[2026-09-10T05:52:20.938Z] batch=field-waveform-1789019417711-2 D1 FIRST_VALID_SAMPLE state=FIRST_FRAME_RECEIVED attempts=1 streak=1
[2026-09-10T05:52:20.948Z] batch=field-waveform-1789019417711-2 D5 FIRST_FRAME state=FIRST_FRAME_RECEIVED attempts=1 streak=1
[2026-09-10T05:52:20.948Z] batch=field-waveform-1789019417711-2 D5 FIRST_VALID_SAMPLE state=FIRST_FRAME_RECEIVED attempts=1 streak=1
[2026-09-10T05:52:21.280Z] batch=field-waveform-1789019417711-2 D1 CHANNEL_SYNC_OK state=TEST_READY attempts=1 streak=5
[2026-09-10T05:52:21.280Z] batch=field-waveform-1789019417711-2 D1 TEST_READY state=TEST_READY attempts=1 streak=5
[2026-09-10T05:52:21.287Z] batch=field-waveform-1789019417711-2 D6 FIRST_FRAME state=FIRST_FRAME_RECEIVED attempts=1 streak=1
[2026-09-10T05:52:21.287Z] batch=field-waveform-1789019417711-2 D6 FIRST_VALID_SAMPLE state=FIRST_FRAME_RECEIVED attempts=1 streak=1
[2026-09-10T05:52:21.295Z] batch=field-waveform-1789019417711-2 D6 CHANNEL_SYNC_OK state=TEST_READY attempts=1 streak=5
[2026-09-10T05:52:21.296Z] batch=field-waveform-1789019417711-2 D6 TEST_READY state=TEST_READY attempts=1 streak=5
[2026-09-10T05:52:21.297Z] batch=field-waveform-1789019417711-2 D3 FIRST_FRAME state=FIRST_FRAME_RECEIVED attempts=1 streak=1
[2026-09-10T05:52:21.298Z] batch=field-waveform-1789019417711-2 D3 FIRST_VALID_SAMPLE state=FIRST_FRAME_RECEIVED attempts=1 streak=1
[2026-09-10T05:52:21.311Z] batch=field-waveform-1789019417711-2 D3 CHANNEL_SYNC_OK state=TEST_READY attempts=1 streak=5
[2026-09-10T05:52:21.311Z] batch=field-waveform-1789019417711-2 D3 TEST_READY state=TEST_READY attempts=1 streak=5
[2026-09-10T05:52:21.313Z] batch=field-waveform-1789019417711-2 D4 FIRST_FRAME state=FIRST_FRAME_RECEIVED attempts=1 streak=1
[2026-09-10T05:52:21.313Z] batch=field-waveform-1789019417711-2 D4 FIRST_VALID_SAMPLE state=FIRST_FRAME_RECEIVED attempts=1 streak=1
[2026-09-10T05:52:21.326Z] batch=field-waveform-1789019417711-2 D4 CHANNEL_SYNC_OK state=TEST_READY attempts=1 streak=5
[2026-09-10T05:52:21.326Z] batch=field-waveform-1789019417711-2 D4 TEST_READY state=TEST_READY attempts=1 streak=5
[2026-09-10T05:52:21.333Z] batch=field-waveform-1789019417711-2 D5 CHANNEL_SYNC_OK state=TEST_READY attempts=1 streak=5
[2026-09-10T05:52:21.333Z] batch=field-waveform-1789019417711-2 D5 TEST_READY state=TEST_READY attempts=1 streak=5
[2026-09-10T05:52:21.335Z] batch=field-waveform-1789019417711-2 D2 FIRST_FRAME state=FIRST_FRAME_RECEIVED attempts=1 streak=1
[2026-09-10T05:52:21.335Z] batch=field-waveform-1789019417711-2 D2 FIRST_VALID_SAMPLE state=FIRST_FRAME_RECEIVED attempts=1 streak=1
[2026-09-10T05:52:21.340Z] batch=field-waveform-1789019417711-2 D2 CHANNEL_SYNC_OK state=TEST_READY attempts=1 streak=5
[2026-09-10T05:52:21.340Z] batch=field-waveform-1789019417711-2 D2 TEST_READY state=TEST_READY attempts=1 streak=5
[2026-09-10T05:52:47.607Z] batch=field-waveform-1789019417711-2 D3 MODE_SWITCH_START state=MODE_SWITCHING attempts=1 streak=0 attempt=1
[2026-09-10T05:52:47.616Z] batch=field-waveform-1789019417711-2 D3 MODE_SWITCH_OK state=MODE_SWITCH_OK attempts=1 streak=0
[2026-09-10T05:52:47.624Z] batch=field-waveform-1789019417711-2 D5 MODE_SWITCH_START state=MODE_SWITCHING attempts=1 streak=0 attempt=1
[2026-09-10T05:52:47.636Z] batch=field-waveform-1789019417711-2 D5 MODE_SWITCH_OK state=MODE_SWITCH_OK attempts=1 streak=0
[2026-09-10T05:52:47.645Z] batch=field-waveform-1789019417711-2 D4 MODE_SWITCH_START state=MODE_SWITCHING attempts=1 streak=0 attempt=1
[2026-09-10T05:52:47.650Z] batch=field-waveform-1789019417711-2 D4 MODE_SWITCH_OK state=MODE_SWITCH_OK attempts=1 streak=0
[2026-09-10T05:52:47.659Z] batch=field-waveform-1789019417711-2 D2 MODE_SWITCH_START state=MODE_SWITCHING attempts=1 streak=0 attempt=1
[2026-09-10T05:52:47.671Z] batch=field-waveform-1789019417711-2 D2 MODE_SWITCH_OK state=MODE_SWITCH_OK attempts=1 streak=0
[2026-09-10T05:52:47.680Z] batch=field-waveform-1789019417711-2 D1 MODE_SWITCH_START state=MODE_SWITCHING attempts=1 streak=0 attempt=1
[2026-09-10T05:52:47.687Z] batch=field-waveform-1789019417711-2 D1 MODE_SWITCH_OK state=MODE_SWITCH_OK attempts=1 streak=0
[2026-09-10T05:52:47.701Z] batch=field-waveform-1789019417711-2 D6 MODE_SWITCH_START state=MODE_SWITCHING attempts=1 streak=0 attempt=1
[2026-09-10T05:52:47.705Z] batch=field-waveform-1789019417711-2 D6 MODE_SWITCH_OK state=MODE_SWITCH_OK attempts=1 streak=0
