[2026-09-17T08:10:46.462Z] batch=field-waveform-1789632476730-12 D2 MODE_SWITCH_START state=MODE_SWITCHING attempts=1 streak=0 attempt=1
[2026-09-17T08:10:46.463Z] batch=field-waveform-1789632476730-12 D2 MODE_SWITCH_OK state=MODE_SWITCH_OK attempts=1 streak=0
[2026-09-17T08:10:46.468Z] batch=field-waveform-1789632476730-12 D5 MODE_SWITCH_START state=MODE_SWITCHING attempts=1 streak=0 attempt=1
[2026-09-17T08:10:46.469Z] batch=field-waveform-1789632476730-12 D5 MODE_SWITCH_OK state=MODE_SWITCH_OK attempts=1 streak=0
[2026-09-17T08:10:46.479Z] batch=field-waveform-1789632476730-12 D1 MODE_SWITCH_START state=MODE_SWITCHING attempts=1 streak=0 attempt=1
[2026-09-17T08:10:46.480Z] batch=field-waveform-1789632476730-12 D1 MODE_SWITCH_OK state=MODE_SWITCH_OK attempts=1 streak=0
[2026-09-17T08:10:46.487Z] batch=field-waveform-1789632476730-12 D3 MODE_SWITCH_START state=MODE_SWITCHING attempts=1 streak=0 attempt=1
[2026-09-17T08:10:46.490Z] batch=field-waveform-1789632476730-12 D3 MODE_SWITCH_OK state=MODE_SWITCH_OK attempts=1 streak=0
[2026-09-17T08:10:46.495Z] batch=field-waveform-1789632476730-12 D4 MODE_SWITCH_START state=MODE_SWITCHING attempts=1 streak=0 attempt=1
[2026-09-17T08:10:46.496Z] batch=field-waveform-1789632476730-12 D4 MODE_SWITCH_OK state=MODE_SWITCH_OK attempts=1 streak=0
[2026-09-17T08:10:46.500Z] batch=field-waveform-1789632476730-12 D6 MODE_SWITCH_START state=MODE_SWITCHING attempts=1 streak=0 attempt=1
[2026-09-17T08:10:46.501Z] batch=field-waveform-1789632476730-12 D6 MODE_SWITCH_OK state=MODE_SWITCH_OK attempts=1 streak=0
[2026-09-17T08:10:49.128Z] batch=field-waveform-1789632649126-13 D1 MODE_SWITCH_START state=MODE_SWITCHING attempts=1 streak=0 attempt=1
[2026-09-17T08:10:49.130Z] batch=field-waveform-1789632649126-13 D2 MODE_SWITCH_START state=MODE_SWITCHING attempts=1 streak=0 attempt=1
[2026-09-17T08:10:49.131Z] batch=field-waveform-1789632649126-13 D3 MODE_SWITCH_START state=MODE_SWITCHING attempts=1 streak=0 attempt=1
[2026-09-17T08:10:49.132Z] batch=field-waveform-1789632649126-13 D4 MODE_SWITCH_START state=MODE_SWITCHING attempts=1 streak=0 attempt=1
[2026-09-17T08:10:49.133Z] batch=field-waveform-1789632649126-13 D5 MODE_SWITCH_START state=MODE_SWITCHING attempts=1 streak=0 attempt=1
[2026-09-17T08:10:49.134Z] batch=field-waveform-1789632649126-13 D6 MODE_SWITCH_START state=MODE_SWITCHING attempts=1 streak=0 attempt=1
[2026-09-17T08:10:49.137Z] batch=field-waveform-1789632649126-13 D1 MODE_SWITCH_OK state=MODE_SWITCH_OK attempts=1 streak=0
[2026-09-17T08:10:49.137Z] batch=field-waveform-1789632649126-13 D2 MODE_SWITCH_OK state=MODE_SWITCH_OK attempts=1 streak=0
[2026-09-17T08:10:49.138Z] batch=field-waveform-1789632649126-13 D3 MODE_SWITCH_OK state=MODE_SWITCH_OK attempts=1 streak=0
[2026-09-17T08:10:49.139Z] batch=field-waveform-1789632649126-13 D4 MODE_SWITCH_OK state=MODE_SWITCH_OK attempts=1 streak=0
[2026-09-17T08:10:49.139Z] batch=field-waveform-1789632649126-13 D5 MODE_SWITCH_OK state=MODE_SWITCH_OK attempts=1 streak=0
[2026-09-17T08:10:49.141Z] batch=field-waveform-1789632649126-13 D6 MODE_SWITCH_OK state=MODE_SWITCH_OK attempts=1 streak=0
[2026-09-17T08:10:56.469Z] batch=field-waveform-1789632649126-13 D2 MODE_SWITCH_START state=MODE_SWITCHING attempts=1 streak=0 attempt=1
[2026-09-17T08:10:56.471Z] batch=field-waveform-1789632649126-13 D2 MODE_SWITCH_OK state=MODE_SWITCH_OK attempts=1 streak=0
[2026-09-17T08:10:56.474Z] batch=field-waveform-1789632649126-13 D5 MODE_SWITCH_START state=MODE_SWITCHING attempts=1 streak=0 attempt=1
[2026-09-17T08:10:56.476Z] batch=field-waveform-1789632649126-13 D5 MODE_SWITCH_OK state=MODE_SWITCH_OK attempts=1 streak=0
[2026-09-17T08:10:56.481Z] batch=field-waveform-1789632649126-13 D1 MODE_SWITCH_START state=MODE_SWITCHING attempts=1 streak=0 attempt=1
[2026-09-17T08:10:56.483Z] batch=field-waveform-1789632649126-13 D1 MODE_SWITCH_OK state=MODE_SWITCH_OK attempts=1 streak=0
[2026-09-17T08:10:56.499Z] batch=field-waveform-1789632649126-13 D3 MODE_SWITCH_START state=MODE_SWITCHING attempts=1 streak=0 attempt=1
[2026-09-17T08:10:56.500Z] batch=field-waveform-1789632649126-13 D3 MODE_SWITCH_OK state=MODE_SWITCH_OK attempts=1 streak=0
[2026-09-17T08:10:56.501Z] batch=field-waveform-1789632649126-13 D4 MODE_SWITCH_START state=MODE_SWITCHING attempts=1 streak=0 attempt=1
[2026-09-17T08:10:56.503Z] batch=field-waveform-1789632649126-13 D4 MODE_SWITCH_OK state=MODE_SWITCH_OK attempts=1 streak=0
[2026-09-17T08:10:56.518Z] batch=field-waveform-1789632649126-13 D6 MODE_SWITCH_START state=MODE_SWITCHING attempts=1 streak=0 attempt=1
[2026-09-17T08:10:56.521Z] batch=field-waveform-1789632649126-13 D6 MODE_SWITCH_OK state=MODE_SWITCH_OK attempts=1 streak=0
[2026-09-17T08:11:06.477Z] batch=field-waveform-1789632649126-13 D2 MODE_SWITCH_START state=MODE_SWITCHING attempts=1 streak=0 attempt=1
[2026-09-17T08:11:06.479Z] batch=field-waveform-1789632649126-13 D2 MODE_SWITCH_OK state=MODE_SWITCH_OK attempts=1 streak=0
[2026-09-17T08:11:06.480Z] batch=field-waveform-1789632649126-13 D5 MODE_SWITCH_START state=MODE_SWITCHING attempts=1 streak=0 attempt=1
[2026-09-17T08:11:06.480Z] batch=field-waveform-1789632649126-13 D5 MODE_SWITCH_OK state=MODE_SWITCH_OK attempts=1 streak=0
[2026-09-17T08:11:06.494Z] batch=field-waveform-1789632649126-13 D1 MODE_SWITCH_START state=MODE_SWITCHING attempts=1 streak=0 attempt=1
[2026-09-17T08:11:06.495Z] batch=field-waveform-1789632649126-13 D1 MODE_SWITCH_OK state=MODE_SWITCH_OK attempts=1 streak=0
[2026-09-17T08:11:06.505Z] batch=field-waveform-1789632649126-13 D3 MODE_SWITCH_START state=MODE_SWITCHING attempts=1 streak=0 attempt=1
[2026-09-17T08:11:06.506Z] batch=field-waveform-1789632649126-13 D3 MODE_SWITCH_OK state=MODE_SWITCH_OK attempts=1 streak=0
[2026-09-17T08:11:06.507Z] batch=field-waveform-1789632649126-13 D4 MODE_SWITCH_START state=MODE_SWITCHING attempts=1 streak=0 attempt=1
[2026-09-17T08:11:06.511Z] batch=field-waveform-1789632649126-13 D4 MODE_SWITCH_OK state=MODE_SWITCH_OK attempts=1 streak=0
[2026-09-17T08:11:06.524Z] batch=field-waveform-1789632649126-13 D6 MODE_SWITCH_START state=MODE_SWITCHING attempts=1 streak=0 attempt=1
[2026-09-17T08:11:06.526Z] batch=field-waveform-1789632649126-13 D6 MODE_SWITCH_OK state=MODE_SWITCH_OK attempts=1 streak=0
[2026-09-17T08:11:16.487Z] batch=field-waveform-1789632649126-13 D2 MODE_SWITCH_START state=MODE_SWITCHING attempts=1 streak=0 attempt=1
[2026-09-17T08:11:16.489Z] batch=field-waveform-1789632649126-13 D2 MODE_SWITCH_OK state=MODE_SWITCH_OK attempts=1 streak=0
[2026-09-17T08:11:16.490Z] batch=field-waveform-1789632649126-13 D5 MODE_SWITCH_START state=MODE_SWITCHING attempts=1 streak=0 attempt=1
[2026-09-17T08:11:16.491Z] batch=field-waveform-1789632649126-13 D5 MODE_SWITCH_OK state=MODE_SWITCH_OK attempts=1 streak=0
[2026-09-17T08:11:16.496Z] batch=field-waveform-1789632649126-13 D1 MODE_SWITCH_START state=MODE_SWITCHING attempts=1 streak=0 attempt=1
[2026-09-17T08:11:16.497Z] batch=field-waveform-1789632649126-13 D1 MODE_SWITCH_OK state=MODE_SWITCH_OK attempts=1 streak=0
[2026-09-17T08:11:16.507Z] batch=field-waveform-1789632649126-13 D3 MODE_SWITCH_START state=MODE_SWITCHING attempts=1 streak=0 attempt=1
[2026-09-17T08:11:16.510Z] batch=field-waveform-1789632649126-13 D3 MODE_SWITCH_OK state=MODE_SWITCH_OK attempts=1 streak=0
[2026-09-17T08:11:16.516Z] batch=field-waveform-1789632649126-13 D4 MODE_SWITCH_START state=MODE_SWITCHING attempts=1 streak=0 attempt=1
[2026-09-17T08:11:16.518Z] batch=field-waveform-1789632649126-13 D4 MODE_SWITCH_OK state=MODE_SWITCH_OK attempts=1 streak=0
[2026-09-17T08:11:16.537Z] batch=field-waveform-1789632649126-13 D6 MODE_SWITCH_START state=MODE_SWITCHING attempts=1 streak=0 attempt=1
[2026-09-17T08:11:16.538Z] batch=field-waveform-1789632649126-13 D6 MODE_SWITCH_OK state=MODE_SWITCH_OK attempts=1 streak=0
[2026-09-17T08:11:26.497Z] batch=field-waveform-1789632649126-13 D2 MODE_SWITCH_START state=MODE_SWITCHING attempts=1 streak=0 attempt=1
[2026-09-17T08:11:26.499Z] batch=field-waveform-1789632649126-13 D2 MODE_SWITCH_OK state=MODE_SWITCH_OK attempts=1 streak=0
[2026-09-17T08:11:26.503Z] batch=field-waveform-1789632649126-13 D5 MODE_SWITCH_START state=MODE_SWITCHING attempts=1 streak=0 attempt=1
[2026-09-17T08:11:26.505Z] batch=field-waveform-1789632649126-13 D5 MODE_SWITCH_OK state=MODE_SWITCH_OK attempts=1 streak=0
[2026-09-17T08:11:26.508Z] batch=field-waveform-1789632649126-13 D1 MODE_SWITCH_START state=MODE_SWITCHING attempts=1 streak=0 attempt=1
[2026-09-17T08:11:26.510Z] batch=field-waveform-1789632649126-13 D1 MODE_SWITCH_OK state=MODE_SWITCH_OK attempts=1 streak=0
[2026-09-17T08:11:26.539Z] batch=field-waveform-1789632649126-13 D3 MODE_SWITCH_START state=MODE_SWITCHING attempts=1 streak=0 attempt=1
[2026-09-17T08:11:26.540Z] batch=field-waveform-1789632649126-13 D3 MODE_SWITCH_OK state=MODE_SWITCH_OK attempts=1 streak=0
[2026-09-17T08:11:26.541Z] batch=field-waveform-1789632649126-13 D4 MODE_SWITCH_START state=MODE_SWITCHING attempts=1 streak=0 attempt=1
[2026-09-17T08:11:26.542Z] batch=field-waveform-1789632649126-13 D4 MODE_SWITCH_OK state=MODE_SWITCH_OK attempts=1 streak=0
[2026-09-17T08:11:26.542Z] batch=field-waveform-1789632649126-13 D6 MODE_SWITCH_START state=MODE_SWITCHING attempts=1 streak=0 attempt=1
[2026-09-17T08:11:26.543Z] batch=field-waveform-1789632649126-13 D6 MODE_SWITCH_OK state=MODE_SWITCH_OK attempts=1 streak=0
[2026-09-17T08:11:31.539Z] batch=field-waveform-1789632649126-13 D5 FIRST_FRAME state=FIRST_FRAME_RECEIVED attempts=1 streak=1
[2026-09-17T08:11:31.540Z] batch=field-waveform-1789632649126-13 D5 FIRST_VALID_SAMPLE state=FIRST_FRAME_RECEIVED attempts=1 streak=1
[2026-09-17T08:11:31.603Z] batch=field-waveform-1789632649126-13 D1 FIRST_FRAME state=FIRST_FRAME_RECEIVED attempts=1 streak=1
[2026-09-17T08:11:31.603Z] batch=field-waveform-1789632649126-13 D1 FIRST_VALID_SAMPLE state=FIRST_FRAME_RECEIVED attempts=1 streak=1
[2026-09-17T08:11:31.605Z] batch=field-waveform-1789632649126-13 D2 FIRST_FRAME state=FIRST_FRAME_RECEIVED attempts=1 streak=1
[2026-09-17T08:11:31.606Z] batch=field-waveform-1789632649126-13 D2 FIRST_VALID_SAMPLE state=FIRST_FRAME_RECEIVED attempts=1 streak=1
[2026-09-17T08:11:31.607Z] batch=field-waveform-1789632649126-13 D6 FIRST_FRAME state=FIRST_FRAME_RECEIVED attempts=1 streak=1
[2026-09-17T08:11:31.607Z] batch=field-waveform-1789632649126-13 D6 FIRST_VALID_SAMPLE state=FIRST_FRAME_RECEIVED attempts=1 streak=1
[2026-09-17T08:11:31.613Z] batch=field-waveform-1789632649126-13 D4 FIRST_FRAME state=FIRST_FRAME_RECEIVED attempts=1 streak=1
[2026-09-17T08:11:31.613Z] batch=field-waveform-1789632649126-13 D4 FIRST_VALID_SAMPLE state=FIRST_FRAME_RECEIVED attempts=1 streak=1
[2026-09-17T08:11:31.634Z] batch=field-waveform-1789632649126-13 D3 FIRST_FRAME state=FIRST_FRAME_RECEIVED attempts=1 streak=1
[2026-09-17T08:11:31.634Z] batch=field-waveform-1789632649126-13 D3 FIRST_VALID_SAMPLE state=FIRST_FRAME_RECEIVED attempts=1 streak=1
[2026-09-17T08:11:31.792Z] batch=field-waveform-1789632649126-13 D5 CHANNEL_SYNC_OK state=TEST_READY attempts=1 streak=5
[2026-09-17T08:11:31.792Z] batch=field-waveform-1789632649126-13 D5 TEST_READY state=TEST_READY attempts=1 streak=5
[2026-09-17T08:11:31.835Z] batch=field-waveform-1789632649126-13 D1 CHANNEL_SYNC_OK state=TEST_READY attempts=1 streak=5
[2026-09-17T08:11:31.835Z] batch=field-waveform-1789632649126-13 D1 TEST_READY state=TEST_READY attempts=1 streak=5
[2026-09-17T08:11:31.840Z] batch=field-waveform-1789632649126-13 D2 CHANNEL_SYNC_OK state=TEST_READY attempts=1 streak=5
[2026-09-17T08:11:31.841Z] batch=field-waveform-1789632649126-13 D2 TEST_READY state=TEST_READY attempts=1 streak=5
[2026-09-17T08:11:31.850Z] batch=field-waveform-1789632649126-13 D6 CHANNEL_SYNC_OK state=TEST_READY attempts=1 streak=5
[2026-09-17T08:11:31.850Z] batch=field-waveform-1789632649126-13 D6 TEST_READY state=TEST_READY attempts=1 streak=5
[2026-09-17T08:11:31.863Z] batch=field-waveform-1789632649126-13 D4 CHANNEL_SYNC_OK state=TEST_READY attempts=1 streak=5
[2026-09-17T08:11:31.863Z] batch=field-waveform-1789632649126-13 D4 TEST_READY state=TEST_READY attempts=1 streak=5
[2026-09-17T08:11:31.886Z] batch=field-waveform-1789632649126-13 D3 CHANNEL_SYNC_OK state=TEST_READY attempts=1 streak=5
[2026-09-17T08:11:31.886Z] batch=field-waveform-1789632649126-13 D3 TEST_READY state=TEST_READY attempts=1 streak=5
[2026-09-17T08:12:26.679Z] batch=field-waveform-1789632649126-13 D1 MODE_SWITCH_START state=MODE_SWITCHING attempts=1 streak=0 attempt=1
[2026-09-17T08:12:26.680Z] batch=field-waveform-1789632649126-13 D1 MODE_SWITCH_OK state=MODE_SWITCH_OK attempts=1 streak=0
[2026-09-17T08:12:26.683Z] batch=field-waveform-1789632649126-13 D5 MODE_SWITCH_START state=MODE_SWITCHING attempts=1 streak=0 attempt=1
[2026-09-17T08:12:26.685Z] batch=field-waveform-1789632649126-13 D5 MODE_SWITCH_OK state=MODE_SWITCH_OK attempts=1 streak=0
[2026-09-17T08:12:26.687Z] batch=field-waveform-1789632649126-13 D6 MODE_SWITCH_START state=MODE_SWITCHING attempts=1 streak=0 attempt=1
[2026-09-17T08:12:26.688Z] batch=field-waveform-1789632649126-13 D6 MODE_SWITCH_OK state=MODE_SWITCH_OK attempts=1 streak=0
[2026-09-17T08:12:26.691Z] batch=field-waveform-1789632649126-13 D2 MODE_SWITCH_START state=MODE_SWITCHING attempts=1 streak=0 attempt=1
[2026-09-17T08:12:26.692Z] batch=field-waveform-1789632649126-13 D2 MODE_SWITCH_OK state=MODE_SWITCH_OK attempts=1 streak=0
[2026-09-17T08:12:26.696Z] batch=field-waveform-1789632649126-13 D4 MODE_SWITCH_START state=MODE_SWITCHING attempts=1 streak=0 attempt=1
[2026-09-17T08:12:26.696Z] batch=field-waveform-1789632649126-13 D4 MODE_SWITCH_OK state=MODE_SWITCH_OK attempts=1 streak=0
[2026-09-17T08:12:26.699Z] batch=field-waveform-1789632649126-13 D3 MODE_SWITCH_START state=MODE_SWITCHING attempts=1 streak=0 attempt=1
[2026-09-17T08:12:26.700Z] batch=field-waveform-1789632649126-13 D3 MODE_SWITCH_OK state=MODE_SWITCH_OK attempts=1 streak=0
[2026-09-17T08:12:36.787Z] batch=field-waveform-1789632649126-13 D1 MODE_SWITCH_START state=MODE_SWITCHING attempts=1 streak=0 attempt=1
[2026-09-17T08:12:36.788Z] batch=field-waveform-1789632649126-13 D1 MODE_SWITCH_OK state=MODE_SWITCH_OK attempts=1 streak=0
[2026-09-17T08:12:36.791Z] batch=field-waveform-1789632649126-13 D5 MODE_SWITCH_START state=MODE_SWITCHING attempts=1 streak=0 attempt=1
[2026-09-17T08:12:36.791Z] batch=field-waveform-1789632649126-13 D5 MODE_SWITCH_OK state=MODE_SWITCH_OK attempts=1 streak=0
[2026-09-17T08:12:36.794Z] batch=field-waveform-1789632649126-13 D6 MODE_SWITCH_START state=MODE_SWITCHING attempts=1 streak=0 attempt=1
[2026-09-17T08:12:36.795Z] batch=field-waveform-1789632649126-13 D6 MODE_SWITCH_OK state=MODE_SWITCH_OK attempts=1 streak=0
[2026-09-17T08:12:36.798Z] batch=field-waveform-1789632649126-13 D2 MODE_SWITCH_START state=MODE_SWITCHING attempts=1 streak=0 attempt=1
[2026-09-17T08:12:36.798Z] batch=field-waveform-1789632649126-13 D2 MODE_SWITCH_OK state=MODE_SWITCH_OK attempts=1 streak=0
[2026-09-17T08:12:36.801Z] batch=field-waveform-1789632649126-13 D4 MODE_SWITCH_START state=MODE_SWITCHING attempts=1 streak=0 attempt=1
[2026-09-17T08:12:36.803Z] batch=field-waveform-1789632649126-13 D4 MODE_SWITCH_OK state=MODE_SWITCH_OK attempts=1 streak=0
[2026-09-17T08:12:36.805Z] batch=field-waveform-1789632649126-13 D3 MODE_SWITCH_START state=MODE_SWITCHING attempts=1 streak=0 attempt=1
[2026-09-17T08:12:36.806Z] batch=field-waveform-1789632649126-13 D3 MODE_SWITCH_OK state=MODE_SWITCH_OK attempts=1 streak=0
[2026-09-17T08:12:41.969Z] batch=field-waveform-1789632649126-13 D2 FIRST_FRAME state=FIRST_FRAME_RECEIVED attempts=1 streak=1
[2026-09-17T08:12:41.969Z] batch=field-waveform-1789632649126-13 D2 FIRST_VALID_SAMPLE state=FIRST_FRAME_RECEIVED attempts=1 streak=1
[2026-09-17T08:12:41.975Z] batch=field-waveform-1789632649126-13 D5 FIRST_FRAME state=FIRST_FRAME_RECEIVED attempts=1 streak=1
[2026-09-17T08:12:41.975Z] batch=field-waveform-1789632649126-13 D5 FIRST_VALID_SAMPLE state=FIRST_FRAME_RECEIVED attempts=1 streak=1
[2026-09-17T08:12:41.976Z] batch=field-waveform-1789632649126-13 D1 FIRST_FRAME state=FIRST_FRAME_RECEIVED attempts=1 streak=1
[2026-09-17T08:12:41.976Z] batch=field-waveform-1789632649126-13 D1 FIRST_VALID_SAMPLE state=FIRST_FRAME_RECEIVED attempts=1 streak=1
[2026-09-17T08:12:41.977Z] batch=field-waveform-1789632649126-13 D6 FIRST_FRAME state=FIRST_FRAME_RECEIVED attempts=1 streak=1
[2026-09-17T08:12:41.978Z] batch=field-waveform-1789632649126-13 D6 FIRST_VALID_SAMPLE state=FIRST_FRAME_RECEIVED attempts=1 streak=1
[2026-09-17T08:12:41.979Z] batch=field-waveform-1789632649126-13 D4 FIRST_FRAME state=FIRST_FRAME_RECEIVED attempts=1 streak=1
[2026-09-17T08:12:41.980Z] batch=field-waveform-1789632649126-13 D4 FIRST_VALID_SAMPLE state=FIRST_FRAME_RECEIVED attempts=1 streak=1
[2026-09-17T08:12:41.982Z] batch=field-waveform-1789632649126-13 D3 FIRST_FRAME state=FIRST_FRAME_RECEIVED attempts=1 streak=1
[2026-09-17T08:12:41.982Z] batch=field-waveform-1789632649126-13 D3 FIRST_VALID_SAMPLE state=FIRST_FRAME_RECEIVED attempts=1 streak=1
[2026-09-17T08:12:42.100Z] batch=field-waveform-1789632649126-13 D2 CHANNEL_SYNC_OK state=TEST_READY attempts=1 streak=5
[2026-09-17T08:12:42.100Z] batch=field-waveform-1789632649126-13 D2 TEST_READY state=TEST_READY attempts=1 streak=5
[2026-09-17T08:12:42.101Z] batch=field-waveform-1789632649126-13 D5 CHANNEL_SYNC_OK state=TEST_READY attempts=1 streak=5
[2026-09-17T08:12:42.102Z] batch=field-waveform-1789632649126-13 D5 TEST_READY state=TEST_READY attempts=1 streak=5
[2026-09-17T08:12:42.209Z] batch=field-waveform-1789632649126-13 D1 CHANNEL_SYNC_OK state=TEST_READY attempts=1 streak=5
[2026-09-17T08:12:42.209Z] batch=field-waveform-1789632649126-13 D1 TEST_READY state=TEST_READY attempts=1 streak=5
[2026-09-17T08:12:42.236Z] batch=field-waveform-1789632649126-13 D6 CHANNEL_SYNC_OK state=TEST_READY attempts=1 streak=5
[2026-09-17T08:12:42.236Z] batch=field-waveform-1789632649126-13 D6 TEST_READY state=TEST_READY attempts=1 streak=5
[2026-09-17T08:12:42.237Z] batch=field-waveform-1789632649126-13 D4 CHANNEL_SYNC_OK state=TEST_READY attempts=1 streak=5
[2026-09-17T08:12:42.237Z] batch=field-waveform-1789632649126-13 D4 TEST_READY state=TEST_READY attempts=1 streak=5
[2026-09-17T08:12:42.240Z] batch=field-waveform-1789632649126-13 D3 CHANNEL_SYNC_OK state=TEST_READY attempts=1 streak=5
[2026-09-17T08:12:42.240Z] batch=field-waveform-1789632649126-13 D3 TEST_READY state=TEST_READY attempts=1 streak=5
