[2026-09-11T06:34:27.867Z] batch=field-waveform-1789108268403-12 D2 MODE_SWITCH_START state=MODE_SWITCHING attempts=1 streak=0 attempt=1
[2026-09-11T06:34:27.878Z] batch=field-waveform-1789108268403-12 D2 MODE_SWITCH_OK state=MODE_SWITCH_OK attempts=1 streak=0
[2026-09-11T06:34:27.893Z] batch=field-waveform-1789108268403-12 D4 MODE_SWITCH_START state=MODE_SWITCHING attempts=1 streak=0 attempt=1
[2026-09-11T06:34:27.896Z] batch=field-waveform-1789108268403-12 D4 MODE_SWITCH_OK state=MODE_SWITCH_OK attempts=1 streak=0
[2026-09-11T06:34:27.905Z] batch=field-waveform-1789108268403-12 D5 MODE_SWITCH_START state=MODE_SWITCHING attempts=1 streak=0 attempt=1
[2026-09-11T06:34:27.907Z] batch=field-waveform-1789108268403-12 D5 MODE_SWITCH_OK state=MODE_SWITCH_OK attempts=1 streak=0
[2026-09-11T06:34:27.917Z] batch=field-waveform-1789108268403-12 D1 MODE_SWITCH_START state=MODE_SWITCHING attempts=1 streak=0 attempt=1
[2026-09-11T06:34:27.919Z] batch=field-waveform-1789108268403-12 D1 MODE_SWITCH_OK state=MODE_SWITCH_OK attempts=1 streak=0
[2026-09-11T06:34:28.274Z] batch=field-waveform-1789108268403-12 D3 MODE_SWITCH_START state=MODE_SWITCHING attempts=1 streak=0 attempt=1
[2026-09-11T06:34:28.284Z] batch=field-waveform-1789108268403-12 D3 MODE_SWITCH_OK state=MODE_SWITCH_OK attempts=1 streak=0
[2026-09-11T06:34:28.293Z] batch=field-waveform-1789108268403-12 D6 MODE_SWITCH_START state=MODE_SWITCHING attempts=1 streak=0 attempt=1
[2026-09-11T06:34:28.305Z] batch=field-waveform-1789108268403-12 D6 MODE_SWITCH_OK state=MODE_SWITCH_OK attempts=1 streak=0
[2026-09-11T06:34:37.885Z] batch=field-waveform-1789108268403-12 D2 MODE_SWITCH_START state=MODE_SWITCHING attempts=1 streak=0 attempt=1
[2026-09-11T06:34:37.895Z] batch=field-waveform-1789108268403-12 D2 MODE_SWITCH_OK state=MODE_SWITCH_OK attempts=1 streak=0
[2026-09-11T06:34:37.905Z] batch=field-waveform-1789108268403-12 D4 MODE_SWITCH_START state=MODE_SWITCHING attempts=1 streak=0 attempt=1
[2026-09-11T06:34:37.906Z] batch=field-waveform-1789108268403-12 D4 MODE_SWITCH_OK state=MODE_SWITCH_OK attempts=1 streak=0
[2026-09-11T06:34:37.916Z] batch=field-waveform-1789108268403-12 D5 MODE_SWITCH_START state=MODE_SWITCHING attempts=1 streak=0 attempt=1
[2026-09-11T06:34:37.918Z] batch=field-waveform-1789108268403-12 D5 MODE_SWITCH_OK state=MODE_SWITCH_OK attempts=1 streak=0
[2026-09-11T06:34:37.926Z] batch=field-waveform-1789108268403-12 D1 MODE_SWITCH_START state=MODE_SWITCHING attempts=1 streak=0 attempt=1
[2026-09-11T06:34:37.935Z] batch=field-waveform-1789108268403-12 D1 MODE_SWITCH_OK state=MODE_SWITCH_OK attempts=1 streak=0
[2026-09-11T06:34:38.557Z] batch=field-waveform-1789108268403-12 D3 MODE_SWITCH_START state=MODE_SWITCHING attempts=1 streak=0 attempt=1
[2026-09-11T06:34:38.569Z] batch=field-waveform-1789108268403-12 D3 MODE_SWITCH_OK state=MODE_SWITCH_OK attempts=1 streak=0
[2026-09-11T06:34:38.577Z] batch=field-waveform-1789108268403-12 D6 MODE_SWITCH_START state=MODE_SWITCHING attempts=1 streak=0 attempt=1
[2026-09-11T06:34:38.581Z] batch=field-waveform-1789108268403-12 D6 MODE_SWITCH_OK state=MODE_SWITCH_OK attempts=1 streak=0
[2026-09-11T06:34:47.938Z] batch=field-waveform-1789108268403-12 D2 MODE_SWITCH_START state=MODE_SWITCHING attempts=1 streak=0 attempt=1
[2026-09-11T06:34:47.947Z] batch=field-waveform-1789108268403-12 D2 MODE_SWITCH_OK state=MODE_SWITCH_OK attempts=1 streak=0
[2026-09-11T06:34:47.957Z] batch=field-waveform-1789108268403-12 D4 MODE_SWITCH_START state=MODE_SWITCHING attempts=1 streak=0 attempt=1
[2026-09-11T06:34:47.959Z] batch=field-waveform-1789108268403-12 D4 MODE_SWITCH_OK state=MODE_SWITCH_OK attempts=1 streak=0
[2026-09-11T06:34:47.968Z] batch=field-waveform-1789108268403-12 D5 MODE_SWITCH_START state=MODE_SWITCHING attempts=1 streak=0 attempt=1
[2026-09-11T06:34:47.972Z] batch=field-waveform-1789108268403-12 D5 MODE_SWITCH_OK state=MODE_SWITCH_OK attempts=1 streak=0
[2026-09-11T06:34:47.989Z] batch=field-waveform-1789108268403-12 D1 MODE_SWITCH_START state=MODE_SWITCHING attempts=1 streak=0 attempt=1
[2026-09-11T06:34:47.992Z] batch=field-waveform-1789108268403-12 D1 MODE_SWITCH_OK state=MODE_SWITCH_OK attempts=1 streak=0
[2026-09-11T06:34:48.799Z] batch=field-waveform-1789108268403-12 D3 MODE_SWITCH_START state=MODE_SWITCHING attempts=1 streak=0 attempt=1
[2026-09-11T06:34:48.802Z] batch=field-waveform-1789108268403-12 D3 MODE_SWITCH_OK state=MODE_SWITCH_OK attempts=1 streak=0
[2026-09-11T06:34:48.817Z] batch=field-waveform-1789108268403-12 D6 MODE_SWITCH_START state=MODE_SWITCHING attempts=1 streak=0 attempt=1
[2026-09-11T06:34:48.828Z] batch=field-waveform-1789108268403-12 D6 MODE_SWITCH_OK state=MODE_SWITCH_OK attempts=1 streak=0
[2026-09-11T06:34:58.111Z] batch=field-waveform-1789108268403-12 D2 MODE_SWITCH_START state=MODE_SWITCHING attempts=1 streak=0 attempt=1
[2026-09-11T06:34:58.120Z] batch=field-waveform-1789108268403-12 D2 MODE_SWITCH_OK state=MODE_SWITCH_OK attempts=1 streak=0
[2026-09-11T06:34:58.129Z] batch=field-waveform-1789108268403-12 D4 MODE_SWITCH_START state=MODE_SWITCHING attempts=1 streak=0 attempt=1
[2026-09-11T06:34:58.132Z] batch=field-waveform-1789108268403-12 D4 MODE_SWITCH_OK state=MODE_SWITCH_OK attempts=1 streak=0
[2026-09-11T06:34:58.140Z] batch=field-waveform-1789108268403-12 D5 MODE_SWITCH_START state=MODE_SWITCHING attempts=1 streak=0 attempt=1
[2026-09-11T06:34:58.143Z] batch=field-waveform-1789108268403-12 D5 MODE_SWITCH_OK state=MODE_SWITCH_OK attempts=1 streak=0
[2026-09-11T06:34:58.154Z] batch=field-waveform-1789108268403-12 D1 MODE_SWITCH_START state=MODE_SWITCHING attempts=1 streak=0 attempt=1
[2026-09-11T06:34:58.155Z] batch=field-waveform-1789108268403-12 D1 MODE_SWITCH_OK state=MODE_SWITCH_OK attempts=1 streak=0
[2026-09-11T06:34:58.923Z] batch=field-waveform-1789108268403-12 D3 MODE_SWITCH_START state=MODE_SWITCHING attempts=1 streak=0 attempt=1
[2026-09-11T06:34:58.932Z] batch=field-waveform-1789108268403-12 D3 MODE_SWITCH_OK state=MODE_SWITCH_OK attempts=1 streak=0
[2026-09-11T06:34:58.941Z] batch=field-waveform-1789108268403-12 D6 MODE_SWITCH_START state=MODE_SWITCHING attempts=1 streak=0 attempt=1
[2026-09-11T06:34:58.957Z] batch=field-waveform-1789108268403-12 D6 MODE_SWITCH_OK state=MODE_SWITCH_OK attempts=1 streak=0
[2026-09-11T06:35:08.219Z] batch=field-waveform-1789108268403-12 D2 MODE_SWITCH_START state=MODE_SWITCHING attempts=1 streak=0 attempt=1
[2026-09-11T06:35:08.222Z] batch=field-waveform-1789108268403-12 D2 MODE_SWITCH_OK state=MODE_SWITCH_OK attempts=1 streak=0
[2026-09-11T06:35:08.230Z] batch=field-waveform-1789108268403-12 D4 MODE_SWITCH_START state=MODE_SWITCHING attempts=1 streak=0 attempt=1
[2026-09-11T06:35:08.239Z] batch=field-waveform-1789108268403-12 D4 MODE_SWITCH_OK state=MODE_SWITCH_OK attempts=1 streak=0
[2026-09-11T06:35:08.256Z] batch=field-waveform-1789108268403-12 D5 MODE_SWITCH_START state=MODE_SWITCHING attempts=1 streak=0 attempt=1
[2026-09-11T06:35:08.258Z] batch=field-waveform-1789108268403-12 D5 MODE_SWITCH_OK state=MODE_SWITCH_OK attempts=1 streak=0
[2026-09-11T06:35:08.274Z] batch=field-waveform-1789108268403-12 D1 MODE_SWITCH_START state=MODE_SWITCHING attempts=1 streak=0 attempt=1
[2026-09-11T06:35:08.277Z] batch=field-waveform-1789108268403-12 D1 MODE_SWITCH_OK state=MODE_SWITCH_OK attempts=1 streak=0
[2026-09-11T06:35:09.228Z] batch=field-waveform-1789108268403-12 D3 MODE_SWITCH_START state=MODE_SWITCHING attempts=1 streak=0 attempt=1
[2026-09-11T06:35:09.237Z] batch=field-waveform-1789108268403-12 D3 MODE_SWITCH_OK state=MODE_SWITCH_OK attempts=1 streak=0
[2026-09-11T06:35:09.245Z] batch=field-waveform-1789108268403-12 D6 MODE_SWITCH_START state=MODE_SWITCHING attempts=1 streak=0 attempt=1
[2026-09-11T06:35:09.255Z] batch=field-waveform-1789108268403-12 D6 MODE_SWITCH_OK state=MODE_SWITCH_OK attempts=1 streak=0
[2026-09-11T06:35:18.352Z] batch=field-waveform-1789108268403-12 D2 MODE_SWITCH_START state=MODE_SWITCHING attempts=1 streak=0 attempt=1
[2026-09-11T06:35:18.363Z] batch=field-waveform-1789108268403-12 D2 MODE_SWITCH_OK state=MODE_SWITCH_OK attempts=1 streak=0
[2026-09-11T06:35:18.385Z] batch=field-waveform-1789108268403-12 D4 MODE_SWITCH_START state=MODE_SWITCHING attempts=1 streak=0 attempt=1
[2026-09-11T06:35:18.389Z] batch=field-waveform-1789108268403-12 D4 MODE_SWITCH_OK state=MODE_SWITCH_OK attempts=1 streak=0
[2026-09-11T06:35:18.401Z] batch=field-waveform-1789108268403-12 D5 MODE_SWITCH_START state=MODE_SWITCHING attempts=1 streak=0 attempt=1
[2026-09-11T06:35:18.414Z] batch=field-waveform-1789108268403-12 D5 MODE_SWITCH_OK state=MODE_SWITCH_OK attempts=1 streak=0
[2026-09-11T06:35:18.433Z] batch=field-waveform-1789108268403-12 D1 MODE_SWITCH_START state=MODE_SWITCHING attempts=1 streak=0 attempt=1
[2026-09-11T06:35:18.435Z] batch=field-waveform-1789108268403-12 D1 MODE_SWITCH_OK state=MODE_SWITCH_OK attempts=1 streak=0
[2026-09-11T06:35:19.656Z] batch=field-waveform-1789108268403-12 D3 MODE_SWITCH_START state=MODE_SWITCHING attempts=1 streak=0 attempt=1
[2026-09-11T06:35:19.667Z] batch=field-waveform-1789108268403-12 D3 MODE_SWITCH_OK state=MODE_SWITCH_OK attempts=1 streak=0
[2026-09-11T06:35:19.676Z] batch=field-waveform-1789108268403-12 D6 MODE_SWITCH_START state=MODE_SWITCHING attempts=1 streak=0 attempt=1
[2026-09-11T06:35:19.679Z] batch=field-waveform-1789108268403-12 D6 MODE_SWITCH_OK state=MODE_SWITCH_OK attempts=1 streak=0
[2026-09-11T06:35:21.303Z] batch=field-waveform-1789108521302-13 D1 MODE_SWITCH_START state=MODE_SWITCHING attempts=1 streak=0 attempt=1
[2026-09-11T06:35:21.315Z] batch=field-waveform-1789108521302-13 D2 MODE_SWITCH_START state=MODE_SWITCHING attempts=1 streak=0 attempt=1
[2026-09-11T06:35:21.319Z] batch=field-waveform-1789108521302-13 D3 MODE_SWITCH_START state=MODE_SWITCHING attempts=1 streak=0 attempt=1
[2026-09-11T06:35:21.320Z] batch=field-waveform-1789108521302-13 D4 MODE_SWITCH_START state=MODE_SWITCHING attempts=1 streak=0 attempt=1
[2026-09-11T06:35:21.321Z] batch=field-waveform-1789108521302-13 D5 MODE_SWITCH_START state=MODE_SWITCHING attempts=1 streak=0 attempt=1
[2026-09-11T06:35:21.321Z] batch=field-waveform-1789108521302-13 D6 MODE_SWITCH_START state=MODE_SWITCHING attempts=1 streak=0 attempt=1
[2026-09-11T06:35:21.324Z] batch=field-waveform-1789108521302-13 D1 MODE_SWITCH_OK state=MODE_SWITCH_OK attempts=1 streak=0
[2026-09-11T06:35:21.324Z] batch=field-waveform-1789108521302-13 D2 MODE_SWITCH_OK state=MODE_SWITCH_OK attempts=1 streak=0
[2026-09-11T06:35:21.325Z] batch=field-waveform-1789108521302-13 D3 MODE_SWITCH_OK state=MODE_SWITCH_OK attempts=1 streak=0
[2026-09-11T06:35:21.325Z] batch=field-waveform-1789108521302-13 D4 MODE_SWITCH_OK state=MODE_SWITCH_OK attempts=1 streak=0
[2026-09-11T06:35:21.335Z] batch=field-waveform-1789108521302-13 D5 MODE_SWITCH_OK state=MODE_SWITCH_OK attempts=1 streak=0
[2026-09-11T06:35:21.336Z] batch=field-waveform-1789108521302-13 D6 MODE_SWITCH_OK state=MODE_SWITCH_OK attempts=1 streak=0
[2026-09-11T06:35:28.379Z] batch=field-waveform-1789108521302-13 D2 MODE_SWITCH_START state=MODE_SWITCHING attempts=1 streak=0 attempt=1
[2026-09-11T06:35:28.392Z] batch=field-waveform-1789108521302-13 D2 MODE_SWITCH_OK state=MODE_SWITCH_OK attempts=1 streak=0
[2026-09-11T06:35:28.392Z] batch=field-waveform-1789108521302-13 D4 MODE_SWITCH_START state=MODE_SWITCHING attempts=1 streak=0 attempt=1
[2026-09-11T06:35:28.394Z] batch=field-waveform-1789108521302-13 D4 MODE_SWITCH_OK state=MODE_SWITCH_OK attempts=1 streak=0
[2026-09-11T06:35:28.425Z] batch=field-waveform-1789108521302-13 D5 MODE_SWITCH_START state=MODE_SWITCHING attempts=1 streak=0 attempt=1
[2026-09-11T06:35:28.429Z] batch=field-waveform-1789108521302-13 D5 MODE_SWITCH_OK state=MODE_SWITCH_OK attempts=1 streak=0
[2026-09-11T06:35:28.435Z] batch=field-waveform-1789108521302-13 D1 MODE_SWITCH_START state=MODE_SWITCHING attempts=1 streak=0 attempt=1
[2026-09-11T06:35:28.444Z] batch=field-waveform-1789108521302-13 D1 MODE_SWITCH_OK state=MODE_SWITCH_OK attempts=1 streak=0
[2026-09-11T06:35:29.673Z] batch=field-waveform-1789108521302-13 D3 MODE_SWITCH_START state=MODE_SWITCHING attempts=1 streak=0 attempt=1
[2026-09-11T06:35:29.678Z] batch=field-waveform-1789108521302-13 D3 MODE_SWITCH_OK state=MODE_SWITCH_OK attempts=1 streak=0
[2026-09-11T06:35:29.680Z] batch=field-waveform-1789108521302-13 D6 MODE_SWITCH_START state=MODE_SWITCHING attempts=1 streak=0 attempt=1
[2026-09-11T06:35:29.681Z] batch=field-waveform-1789108521302-13 D6 MODE_SWITCH_OK state=MODE_SWITCH_OK attempts=1 streak=0
[2026-09-11T06:35:38.393Z] batch=field-waveform-1789108521302-13 D2 MODE_SWITCH_START state=MODE_SWITCHING attempts=1 streak=0 attempt=1
[2026-09-11T06:35:38.400Z] batch=field-waveform-1789108521302-13 D2 MODE_SWITCH_OK state=MODE_SWITCH_OK attempts=1 streak=0
[2026-09-11T06:35:38.402Z] batch=field-waveform-1789108521302-13 D4 MODE_SWITCH_START state=MODE_SWITCHING attempts=1 streak=0 attempt=1
[2026-09-11T06:35:38.404Z] batch=field-waveform-1789108521302-13 D4 MODE_SWITCH_OK state=MODE_SWITCH_OK attempts=1 streak=0
[2026-09-11T06:35:38.431Z] batch=field-waveform-1789108521302-13 D5 MODE_SWITCH_START state=MODE_SWITCHING attempts=1 streak=0 attempt=1
[2026-09-11T06:35:38.432Z] batch=field-waveform-1789108521302-13 D5 MODE_SWITCH_OK state=MODE_SWITCH_OK attempts=1 streak=0
[2026-09-11T06:35:38.453Z] batch=field-waveform-1789108521302-13 D1 MODE_SWITCH_START state=MODE_SWITCHING attempts=1 streak=0 attempt=1
[2026-09-11T06:35:38.456Z] batch=field-waveform-1789108521302-13 D1 MODE_SWITCH_OK state=MODE_SWITCH_OK attempts=1 streak=0
[2026-09-11T06:35:39.689Z] batch=field-waveform-1789108521302-13 D3 MODE_SWITCH_START state=MODE_SWITCHING attempts=1 streak=0 attempt=1
[2026-09-11T06:35:39.695Z] batch=field-waveform-1789108521302-13 D3 MODE_SWITCH_OK state=MODE_SWITCH_OK attempts=1 streak=0
[2026-09-11T06:35:39.696Z] batch=field-waveform-1789108521302-13 D6 MODE_SWITCH_START state=MODE_SWITCHING attempts=1 streak=0 attempt=1
[2026-09-11T06:35:39.697Z] batch=field-waveform-1789108521302-13 D6 MODE_SWITCH_OK state=MODE_SWITCH_OK attempts=1 streak=0
[2026-09-11T06:35:48.406Z] batch=field-waveform-1789108521302-13 D2 MODE_SWITCH_START state=MODE_SWITCHING attempts=1 streak=0 attempt=1
[2026-09-11T06:35:48.417Z] batch=field-waveform-1789108521302-13 D2 MODE_SWITCH_OK state=MODE_SWITCH_OK attempts=1 streak=0
[2026-09-11T06:35:48.418Z] batch=field-waveform-1789108521302-13 D4 MODE_SWITCH_START state=MODE_SWITCHING attempts=1 streak=0 attempt=1
[2026-09-11T06:35:48.419Z] batch=field-waveform-1789108521302-13 D4 MODE_SWITCH_OK state=MODE_SWITCH_OK attempts=1 streak=0
[2026-09-11T06:35:48.452Z] batch=field-waveform-1789108521302-13 D5 MODE_SWITCH_START state=MODE_SWITCHING attempts=1 streak=0 attempt=1
[2026-09-11T06:35:48.454Z] batch=field-waveform-1789108521302-13 D5 MODE_SWITCH_OK state=MODE_SWITCH_OK attempts=1 streak=0
[2026-09-11T06:35:48.456Z] batch=field-waveform-1789108521302-13 D1 MODE_SWITCH_START state=MODE_SWITCHING attempts=1 streak=0 attempt=1
[2026-09-11T06:35:48.457Z] batch=field-waveform-1789108521302-13 D1 MODE_SWITCH_OK state=MODE_SWITCH_OK attempts=1 streak=0
[2026-09-11T06:35:49.699Z] batch=field-waveform-1789108521302-13 D3 MODE_SWITCH_START state=MODE_SWITCHING attempts=1 streak=0 attempt=1
[2026-09-11T06:35:49.702Z] batch=field-waveform-1789108521302-13 D3 MODE_SWITCH_OK state=MODE_SWITCH_OK attempts=1 streak=0
[2026-09-11T06:35:49.703Z] batch=field-waveform-1789108521302-13 D6 MODE_SWITCH_START state=MODE_SWITCHING attempts=1 streak=0 attempt=1
[2026-09-11T06:35:49.707Z] batch=field-waveform-1789108521302-13 D6 MODE_SWITCH_OK state=MODE_SWITCH_OK attempts=1 streak=0
[2026-09-11T06:35:53.465Z] batch=field-waveform-1789108521302-13 D2 FIRST_FRAME state=FIRST_FRAME_RECEIVED attempts=1 streak=1
[2026-09-11T06:35:53.466Z] batch=field-waveform-1789108521302-13 D2 FIRST_VALID_SAMPLE state=FIRST_FRAME_RECEIVED attempts=1 streak=1
[2026-09-11T06:35:53.504Z] batch=field-waveform-1789108521302-13 D4 FIRST_FRAME state=FIRST_FRAME_RECEIVED attempts=1 streak=1
[2026-09-11T06:35:53.505Z] batch=field-waveform-1789108521302-13 D4 FIRST_VALID_SAMPLE state=FIRST_FRAME_RECEIVED attempts=1 streak=1
[2026-09-11T06:35:53.514Z] batch=field-waveform-1789108521302-13 D5 FIRST_FRAME state=FIRST_FRAME_RECEIVED attempts=1 streak=1
[2026-09-11T06:35:53.515Z] batch=field-waveform-1789108521302-13 D5 FIRST_VALID_SAMPLE state=FIRST_FRAME_RECEIVED attempts=1 streak=1
[2026-09-11T06:35:53.526Z] batch=field-waveform-1789108521302-13 D1 FIRST_FRAME state=FIRST_FRAME_RECEIVED attempts=1 streak=1
[2026-09-11T06:35:53.526Z] batch=field-waveform-1789108521302-13 D1 FIRST_VALID_SAMPLE state=FIRST_FRAME_RECEIVED attempts=1 streak=1
[2026-09-11T06:35:53.721Z] batch=field-waveform-1789108521302-13 D2 CHANNEL_SYNC_OK state=TEST_READY attempts=1 streak=5
[2026-09-11T06:35:53.721Z] batch=field-waveform-1789108521302-13 D2 TEST_READY state=TEST_READY attempts=1 streak=5
[2026-09-11T06:35:53.772Z] batch=field-waveform-1789108521302-13 D4 CHANNEL_SYNC_OK state=TEST_READY attempts=1 streak=5
[2026-09-11T06:35:53.773Z] batch=field-waveform-1789108521302-13 D4 TEST_READY state=TEST_READY attempts=1 streak=5
[2026-09-11T06:35:53.785Z] batch=field-waveform-1789108521302-13 D5 CHANNEL_SYNC_OK state=TEST_READY attempts=1 streak=5
[2026-09-11T06:35:53.786Z] batch=field-waveform-1789108521302-13 D5 TEST_READY state=TEST_READY attempts=1 streak=5
[2026-09-11T06:35:53.794Z] batch=field-waveform-1789108521302-13 D1 CHANNEL_SYNC_OK state=TEST_READY attempts=1 streak=5
[2026-09-11T06:35:53.794Z] batch=field-waveform-1789108521302-13 D1 TEST_READY state=TEST_READY attempts=1 streak=5
[2026-09-11T06:35:59.711Z] batch=field-waveform-1789108521302-13 D3 MODE_SWITCH_START state=MODE_SWITCHING attempts=1 streak=0 attempt=1
[2026-09-11T06:35:59.718Z] batch=field-waveform-1789108521302-13 D3 MODE_SWITCH_OK state=MODE_SWITCH_OK attempts=1 streak=0
[2026-09-11T06:35:59.718Z] batch=field-waveform-1789108521302-13 D6 MODE_SWITCH_START state=MODE_SWITCHING attempts=1 streak=0 attempt=1
[2026-09-11T06:35:59.720Z] batch=field-waveform-1789108521302-13 D6 MODE_SWITCH_OK state=MODE_SWITCH_OK attempts=1 streak=0
[2026-09-11T06:36:04.794Z] batch=field-waveform-1789108521302-13 D6 FIRST_FRAME state=FIRST_FRAME_RECEIVED attempts=1 streak=1
[2026-09-11T06:36:04.794Z] batch=field-waveform-1789108521302-13 D6 FIRST_VALID_SAMPLE state=FIRST_FRAME_RECEIVED attempts=1 streak=1
[2026-09-11T06:36:04.803Z] batch=field-waveform-1789108521302-13 D3 FIRST_FRAME state=FIRST_FRAME_RECEIVED attempts=1 streak=1
[2026-09-11T06:36:04.804Z] batch=field-waveform-1789108521302-13 D3 FIRST_VALID_SAMPLE state=FIRST_FRAME_RECEIVED attempts=1 streak=1
[2026-09-11T06:36:05.050Z] batch=field-waveform-1789108521302-13 D6 CHANNEL_SYNC_OK state=TEST_READY attempts=1 streak=5
[2026-09-11T06:36:05.051Z] batch=field-waveform-1789108521302-13 D6 TEST_READY state=TEST_READY attempts=1 streak=5
[2026-09-11T06:36:05.053Z] batch=field-waveform-1789108521302-13 D3 CHANNEL_SYNC_OK state=TEST_READY attempts=1 streak=5
[2026-09-11T06:36:05.053Z] batch=field-waveform-1789108521302-13 D3 TEST_READY state=TEST_READY attempts=1 streak=5
[2026-09-11T06:37:00.478Z] batch=field-waveform-1789108521302-13 D1 MODE_SWITCH_START state=MODE_SWITCHING attempts=1 streak=0 attempt=1
[2026-09-11T06:37:00.488Z] batch=field-waveform-1789108521302-13 D1 MODE_SWITCH_OK state=MODE_SWITCH_OK attempts=1 streak=0
[2026-09-11T06:37:00.498Z] batch=field-waveform-1789108521302-13 D2 MODE_SWITCH_START state=MODE_SWITCHING attempts=1 streak=0 attempt=1
[2026-09-11T06:37:00.500Z] batch=field-waveform-1789108521302-13 D2 MODE_SWITCH_OK state=MODE_SWITCH_OK attempts=1 streak=0
[2026-09-11T06:37:00.507Z] batch=field-waveform-1789108521302-13 D4 MODE_SWITCH_START state=MODE_SWITCHING attempts=1 streak=0 attempt=1
[2026-09-11T06:37:00.508Z] batch=field-waveform-1789108521302-13 D4 MODE_SWITCH_OK state=MODE_SWITCH_OK attempts=1 streak=0
[2026-09-11T06:37:00.514Z] batch=field-waveform-1789108521302-13 D5 MODE_SWITCH_START state=MODE_SWITCHING attempts=1 streak=0 attempt=1
[2026-09-11T06:37:00.518Z] batch=field-waveform-1789108521302-13 D5 MODE_SWITCH_OK state=MODE_SWITCH_OK attempts=1 streak=0
[2026-09-11T06:37:09.856Z] batch=field-waveform-1789108521302-13 D3 MODE_SWITCH_START state=MODE_SWITCHING attempts=1 streak=0 attempt=1
[2026-09-11T06:37:09.865Z] batch=field-waveform-1789108521302-13 D3 MODE_SWITCH_OK state=MODE_SWITCH_OK attempts=1 streak=0
[2026-09-11T06:37:09.873Z] batch=field-waveform-1789108521302-13 D6 MODE_SWITCH_START state=MODE_SWITCHING attempts=1 streak=0 attempt=1
[2026-09-11T06:37:09.885Z] batch=field-waveform-1789108521302-13 D6 MODE_SWITCH_OK state=MODE_SWITCH_OK attempts=1 streak=0
[2026-09-11T06:37:10.594Z] batch=field-waveform-1789108521302-13 D1 MODE_SWITCH_START state=MODE_SWITCHING attempts=1 streak=0 attempt=1
[2026-09-11T06:37:10.604Z] batch=field-waveform-1789108521302-13 D1 MODE_SWITCH_OK state=MODE_SWITCH_OK attempts=1 streak=0
[2026-09-11T06:37:10.619Z] batch=field-waveform-1789108521302-13 D2 MODE_SWITCH_START state=MODE_SWITCHING attempts=1 streak=0 attempt=1
[2026-09-11T06:37:10.621Z] batch=field-waveform-1789108521302-13 D2 MODE_SWITCH_OK state=MODE_SWITCH_OK attempts=1 streak=0
[2026-09-11T06:37:10.630Z] batch=field-waveform-1789108521302-13 D4 MODE_SWITCH_START state=MODE_SWITCHING attempts=1 streak=0 attempt=1
[2026-09-11T06:37:10.631Z] batch=field-waveform-1789108521302-13 D4 MODE_SWITCH_OK state=MODE_SWITCH_OK attempts=1 streak=0
[2026-09-11T06:37:10.637Z] batch=field-waveform-1789108521302-13 D5 MODE_SWITCH_START state=MODE_SWITCHING attempts=1 streak=0 attempt=1
[2026-09-11T06:37:10.643Z] batch=field-waveform-1789108521302-13 D5 MODE_SWITCH_OK state=MODE_SWITCH_OK attempts=1 streak=0
[2026-09-11T06:37:15.328Z] batch=field-waveform-1789108521302-13 D3 FIRST_FRAME state=FIRST_FRAME_RECEIVED attempts=1 streak=1
[2026-09-11T06:37:15.329Z] batch=field-waveform-1789108521302-13 D3 FIRST_VALID_SAMPLE state=FIRST_FRAME_RECEIVED attempts=1 streak=1
[2026-09-11T06:37:15.332Z] batch=field-waveform-1789108521302-13 D3 CHANNEL_SYNC_OK state=TEST_READY attempts=1 streak=5
[2026-09-11T06:37:15.332Z] batch=field-waveform-1789108521302-13 D3 TEST_READY state=TEST_READY attempts=1 streak=5
[2026-09-11T06:37:15.333Z] batch=field-waveform-1789108521302-13 D6 FIRST_FRAME state=FIRST_FRAME_RECEIVED attempts=1 streak=1
[2026-09-11T06:37:15.334Z] batch=field-waveform-1789108521302-13 D6 FIRST_VALID_SAMPLE state=FIRST_FRAME_RECEIVED attempts=1 streak=1
[2026-09-11T06:37:15.336Z] batch=field-waveform-1789108521302-13 D6 CHANNEL_SYNC_OK state=TEST_READY attempts=1 streak=5
[2026-09-11T06:37:15.336Z] batch=field-waveform-1789108521302-13 D6 TEST_READY state=TEST_READY attempts=1 streak=5
[2026-09-11T06:37:15.802Z] batch=field-waveform-1789108521302-13 D5 FIRST_FRAME state=FIRST_FRAME_RECEIVED attempts=1 streak=1
[2026-09-11T06:37:15.802Z] batch=field-waveform-1789108521302-13 D5 FIRST_VALID_SAMPLE state=FIRST_FRAME_RECEIVED attempts=1 streak=1
[2026-09-11T06:37:15.804Z] batch=field-waveform-1789108521302-13 D1 FIRST_FRAME state=FIRST_FRAME_RECEIVED attempts=1 streak=1
[2026-09-11T06:37:15.804Z] batch=field-waveform-1789108521302-13 D1 FIRST_VALID_SAMPLE state=FIRST_FRAME_RECEIVED attempts=1 streak=1
[2026-09-11T06:37:15.814Z] batch=field-waveform-1789108521302-13 D2 FIRST_FRAME state=FIRST_FRAME_RECEIVED attempts=1 streak=1
[2026-09-11T06:37:15.814Z] batch=field-waveform-1789108521302-13 D2 FIRST_VALID_SAMPLE state=FIRST_FRAME_RECEIVED attempts=1 streak=1
[2026-09-11T06:37:15.816Z] batch=field-waveform-1789108521302-13 D4 FIRST_FRAME state=FIRST_FRAME_RECEIVED attempts=1 streak=1
[2026-09-11T06:37:15.816Z] batch=field-waveform-1789108521302-13 D4 FIRST_VALID_SAMPLE state=FIRST_FRAME_RECEIVED attempts=1 streak=1
[2026-09-11T06:37:16.069Z] batch=field-waveform-1789108521302-13 D4 CHANNEL_SYNC_OK state=TEST_READY attempts=1 streak=5
[2026-09-11T06:37:16.070Z] batch=field-waveform-1789108521302-13 D4 TEST_READY state=TEST_READY attempts=1 streak=5
[2026-09-11T06:37:16.072Z] batch=field-waveform-1789108521302-13 D1 CHANNEL_SYNC_OK state=TEST_READY attempts=1 streak=5
[2026-09-11T06:37:16.072Z] batch=field-waveform-1789108521302-13 D1 TEST_READY state=TEST_READY attempts=1 streak=5
[2026-09-11T06:37:16.197Z] batch=field-waveform-1789108521302-13 D5 CHANNEL_SYNC_OK state=TEST_READY attempts=1 streak=5
[2026-09-11T06:37:16.197Z] batch=field-waveform-1789108521302-13 D5 TEST_READY state=TEST_READY attempts=1 streak=5
[2026-09-11T06:37:16.208Z] batch=field-waveform-1789108521302-13 D2 CHANNEL_SYNC_OK state=TEST_READY attempts=1 streak=5
[2026-09-11T06:37:16.208Z] batch=field-waveform-1789108521302-13 D2 TEST_READY state=TEST_READY attempts=1 streak=5
[2026-09-11T06:38:00.216Z] batch=field-waveform-1789108521302-13 D3 MODE_SWITCH_START state=MODE_SWITCHING attempts=1 streak=0 attempt=1
[2026-09-11T06:38:00.230Z] batch=field-waveform-1789108521302-13 D3 MODE_SWITCH_OK state=MODE_SWITCH_OK attempts=1 streak=0
[2026-09-11T06:38:00.242Z] batch=field-waveform-1789108521302-13 D6 MODE_SWITCH_START state=MODE_SWITCHING attempts=1 streak=0 attempt=1
[2026-09-11T06:38:00.259Z] batch=field-waveform-1789108521302-13 D6 MODE_SWITCH_OK state=MODE_SWITCH_OK attempts=1 streak=0
[2026-09-11T06:38:01.016Z] batch=field-waveform-1789108521302-13 D5 MODE_SWITCH_START state=MODE_SWITCHING attempts=1 streak=0 attempt=1
[2026-09-11T06:38:01.027Z] batch=field-waveform-1789108521302-13 D5 MODE_SWITCH_OK state=MODE_SWITCH_OK attempts=1 streak=0
[2026-09-11T06:38:01.043Z] batch=field-waveform-1789108521302-13 D1 MODE_SWITCH_START state=MODE_SWITCHING attempts=1 streak=0 attempt=1
[2026-09-11T06:38:01.055Z] batch=field-waveform-1789108521302-13 D1 MODE_SWITCH_OK state=MODE_SWITCH_OK attempts=1 streak=0
[2026-09-11T06:38:01.065Z] batch=field-waveform-1789108521302-13 D2 MODE_SWITCH_START state=MODE_SWITCHING attempts=1 streak=0 attempt=1
[2026-09-11T06:38:01.067Z] batch=field-waveform-1789108521302-13 D2 MODE_SWITCH_OK state=MODE_SWITCH_OK attempts=1 streak=0
[2026-09-11T06:38:01.075Z] batch=field-waveform-1789108521302-13 D4 MODE_SWITCH_START state=MODE_SWITCHING attempts=1 streak=0 attempt=1
[2026-09-11T06:38:01.083Z] batch=field-waveform-1789108521302-13 D4 MODE_SWITCH_OK state=MODE_SWITCH_OK attempts=1 streak=0
