[2026-09-14T10:30:19.936Z] batch=field-waveform-1789381819933-8 D1 MODE_SWITCH_START state=MODE_SWITCHING attempts=1 streak=0 attempt=1
[2026-09-14T10:30:19.938Z] batch=field-waveform-1789381819933-8 D2 MODE_SWITCH_START state=MODE_SWITCHING attempts=1 streak=0 attempt=1
[2026-09-14T10:30:19.939Z] batch=field-waveform-1789381819933-8 D3 MODE_SWITCH_START state=MODE_SWITCHING attempts=1 streak=0 attempt=1
[2026-09-14T10:30:19.946Z] batch=field-waveform-1789381819933-8 D4 MODE_SWITCH_START state=MODE_SWITCHING attempts=1 streak=0 attempt=1
[2026-09-14T10:30:19.948Z] batch=field-waveform-1789381819933-8 D5 MODE_SWITCH_START state=MODE_SWITCHING attempts=1 streak=0 attempt=1
[2026-09-14T10:30:19.949Z] batch=field-waveform-1789381819933-8 D6 MODE_SWITCH_START state=MODE_SWITCHING attempts=1 streak=0 attempt=1
[2026-09-14T10:30:19.955Z] batch=field-waveform-1789381819933-8 D1 MODE_SWITCH_OK state=MODE_SWITCH_OK attempts=1 streak=0
[2026-09-14T10:30:19.956Z] batch=field-waveform-1789381819933-8 D2 MODE_SWITCH_OK state=MODE_SWITCH_OK attempts=1 streak=0
[2026-09-14T10:30:19.956Z] batch=field-waveform-1789381819933-8 D3 MODE_SWITCH_OK state=MODE_SWITCH_OK attempts=1 streak=0
[2026-09-14T10:30:19.957Z] batch=field-waveform-1789381819933-8 D4 MODE_SWITCH_OK state=MODE_SWITCH_OK attempts=1 streak=0
[2026-09-14T10:30:19.960Z] batch=field-waveform-1789381819933-8 D5 MODE_SWITCH_OK state=MODE_SWITCH_OK attempts=1 streak=0
[2026-09-14T10:30:19.962Z] batch=field-waveform-1789381819933-8 D6 MODE_SWITCH_OK state=MODE_SWITCH_OK attempts=1 streak=0
[2026-09-14T10:30:23.314Z] batch=field-waveform-1789381819933-8 D6 MODE_SWITCH_START state=MODE_SWITCHING attempts=1 streak=0 attempt=1
[2026-09-14T10:30:23.316Z] batch=field-waveform-1789381819933-8 D6 MODE_SWITCH_OK state=MODE_SWITCH_OK attempts=1 streak=0
[2026-09-14T10:30:23.318Z] batch=field-waveform-1789381819933-8 D2 MODE_SWITCH_START state=MODE_SWITCHING attempts=1 streak=0 attempt=1
[2026-09-14T10:30:23.319Z] batch=field-waveform-1789381819933-8 D2 MODE_SWITCH_OK state=MODE_SWITCH_OK attempts=1 streak=0
[2026-09-14T10:30:23.321Z] batch=field-waveform-1789381819933-8 D4 MODE_SWITCH_START state=MODE_SWITCHING attempts=1 streak=0 attempt=1
[2026-09-14T10:30:23.323Z] batch=field-waveform-1789381819933-8 D4 MODE_SWITCH_OK state=MODE_SWITCH_OK attempts=1 streak=0
[2026-09-14T10:30:23.324Z] batch=field-waveform-1789381819933-8 D3 MODE_SWITCH_START state=MODE_SWITCHING attempts=1 streak=0 attempt=1
[2026-09-14T10:30:23.325Z] batch=field-waveform-1789381819933-8 D3 MODE_SWITCH_OK state=MODE_SWITCH_OK attempts=1 streak=0
[2026-09-14T10:30:23.325Z] batch=field-waveform-1789381819933-8 D5 MODE_SWITCH_START state=MODE_SWITCHING attempts=1 streak=0 attempt=1
[2026-09-14T10:30:23.329Z] batch=field-waveform-1789381819933-8 D5 MODE_SWITCH_OK state=MODE_SWITCH_OK attempts=1 streak=0
[2026-09-14T10:30:23.332Z] batch=field-waveform-1789381819933-8 D1 MODE_SWITCH_START state=MODE_SWITCHING attempts=1 streak=0 attempt=1
[2026-09-14T10:30:23.334Z] batch=field-waveform-1789381819933-8 D1 MODE_SWITCH_OK state=MODE_SWITCH_OK attempts=1 streak=0
[2026-09-14T10:30:33.330Z] batch=field-waveform-1789381819933-8 D6 MODE_SWITCH_START state=MODE_SWITCHING attempts=1 streak=0 attempt=1
[2026-09-14T10:30:33.337Z] batch=field-waveform-1789381819933-8 D6 MODE_SWITCH_OK state=MODE_SWITCH_OK attempts=1 streak=0
[2026-09-14T10:30:33.340Z] batch=field-waveform-1789381819933-8 D2 MODE_SWITCH_START state=MODE_SWITCHING attempts=1 streak=0 attempt=1
[2026-09-14T10:30:33.342Z] batch=field-waveform-1789381819933-8 D2 MODE_SWITCH_OK state=MODE_SWITCH_OK attempts=1 streak=0
[2026-09-14T10:30:33.343Z] batch=field-waveform-1789381819933-8 D4 MODE_SWITCH_START state=MODE_SWITCHING attempts=1 streak=0 attempt=1
[2026-09-14T10:30:33.345Z] batch=field-waveform-1789381819933-8 D4 MODE_SWITCH_OK state=MODE_SWITCH_OK attempts=1 streak=0
[2026-09-14T10:30:33.347Z] batch=field-waveform-1789381819933-8 D3 MODE_SWITCH_START state=MODE_SWITCHING attempts=1 streak=0 attempt=1
[2026-09-14T10:30:33.348Z] batch=field-waveform-1789381819933-8 D3 MODE_SWITCH_OK state=MODE_SWITCH_OK attempts=1 streak=0
[2026-09-14T10:30:33.349Z] batch=field-waveform-1789381819933-8 D5 MODE_SWITCH_START state=MODE_SWITCHING attempts=1 streak=0 attempt=1
[2026-09-14T10:30:33.349Z] batch=field-waveform-1789381819933-8 D5 MODE_SWITCH_OK state=MODE_SWITCH_OK attempts=1 streak=0
[2026-09-14T10:30:33.350Z] batch=field-waveform-1789381819933-8 D1 MODE_SWITCH_START state=MODE_SWITCHING attempts=1 streak=0 attempt=1
[2026-09-14T10:30:33.354Z] batch=field-waveform-1789381819933-8 D1 MODE_SWITCH_OK state=MODE_SWITCH_OK attempts=1 streak=0
[2026-09-14T10:30:43.344Z] batch=field-waveform-1789381819933-8 D6 MODE_SWITCH_START state=MODE_SWITCHING attempts=1 streak=0 attempt=1
[2026-09-14T10:30:43.350Z] batch=field-waveform-1789381819933-8 D6 MODE_SWITCH_OK state=MODE_SWITCH_OK attempts=1 streak=0
[2026-09-14T10:30:43.352Z] batch=field-waveform-1789381819933-8 D2 MODE_SWITCH_START state=MODE_SWITCHING attempts=1 streak=0 attempt=1
[2026-09-14T10:30:43.355Z] batch=field-waveform-1789381819933-8 D2 MODE_SWITCH_OK state=MODE_SWITCH_OK attempts=1 streak=0
[2026-09-14T10:30:43.356Z] batch=field-waveform-1789381819933-8 D4 MODE_SWITCH_START state=MODE_SWITCHING attempts=1 streak=0 attempt=1
[2026-09-14T10:30:43.356Z] batch=field-waveform-1789381819933-8 D4 MODE_SWITCH_OK state=MODE_SWITCH_OK attempts=1 streak=0
[2026-09-14T10:30:43.357Z] batch=field-waveform-1789381819933-8 D3 MODE_SWITCH_START state=MODE_SWITCHING attempts=1 streak=0 attempt=1
[2026-09-14T10:30:43.362Z] batch=field-waveform-1789381819933-8 D3 MODE_SWITCH_OK state=MODE_SWITCH_OK attempts=1 streak=0
[2026-09-14T10:30:43.364Z] batch=field-waveform-1789381819933-8 D5 MODE_SWITCH_START state=MODE_SWITCHING attempts=1 streak=0 attempt=1
[2026-09-14T10:30:43.366Z] batch=field-waveform-1789381819933-8 D5 MODE_SWITCH_OK state=MODE_SWITCH_OK attempts=1 streak=0
[2026-09-14T10:30:43.368Z] batch=field-waveform-1789381819933-8 D1 MODE_SWITCH_START state=MODE_SWITCHING attempts=1 streak=0 attempt=1
[2026-09-14T10:30:43.370Z] batch=field-waveform-1789381819933-8 D1 MODE_SWITCH_OK state=MODE_SWITCH_OK attempts=1 streak=0
[2026-09-14T10:30:48.401Z] batch=field-waveform-1789381819933-8 D2 FIRST_FRAME state=FIRST_FRAME_RECEIVED attempts=1 streak=1
[2026-09-14T10:30:48.401Z] batch=field-waveform-1789381819933-8 D2 FIRST_VALID_SAMPLE state=FIRST_FRAME_RECEIVED attempts=1 streak=1
[2026-09-14T10:30:48.406Z] batch=field-waveform-1789381819933-8 D6 FIRST_FRAME state=FIRST_FRAME_RECEIVED attempts=1 streak=1
[2026-09-14T10:30:48.407Z] batch=field-waveform-1789381819933-8 D6 FIRST_VALID_SAMPLE state=FIRST_FRAME_RECEIVED attempts=1 streak=1
[2026-09-14T10:30:48.410Z] batch=field-waveform-1789381819933-8 D5 FIRST_FRAME state=FIRST_FRAME_RECEIVED attempts=1 streak=1
[2026-09-14T10:30:48.411Z] batch=field-waveform-1789381819933-8 D5 FIRST_VALID_SAMPLE state=FIRST_FRAME_RECEIVED attempts=1 streak=1
[2026-09-14T10:30:48.452Z] batch=field-waveform-1789381819933-8 D4 FIRST_FRAME state=FIRST_FRAME_RECEIVED attempts=1 streak=1
[2026-09-14T10:30:48.452Z] batch=field-waveform-1789381819933-8 D4 FIRST_VALID_SAMPLE state=FIRST_FRAME_RECEIVED attempts=1 streak=1
[2026-09-14T10:30:48.453Z] batch=field-waveform-1789381819933-8 D1 FIRST_FRAME state=FIRST_FRAME_RECEIVED attempts=1 streak=1
[2026-09-14T10:30:48.454Z] batch=field-waveform-1789381819933-8 D1 FIRST_VALID_SAMPLE state=FIRST_FRAME_RECEIVED attempts=1 streak=1
[2026-09-14T10:30:48.458Z] batch=field-waveform-1789381819933-8 D3 FIRST_FRAME state=FIRST_FRAME_RECEIVED attempts=1 streak=1
[2026-09-14T10:30:48.459Z] batch=field-waveform-1789381819933-8 D3 FIRST_VALID_SAMPLE state=FIRST_FRAME_RECEIVED attempts=1 streak=1
[2026-09-14T10:30:48.658Z] batch=field-waveform-1789381819933-8 D2 CHANNEL_SYNC_OK state=TEST_READY attempts=1 streak=5
[2026-09-14T10:30:48.658Z] batch=field-waveform-1789381819933-8 D2 TEST_READY state=TEST_READY attempts=1 streak=5
[2026-09-14T10:30:48.659Z] batch=field-waveform-1789381819933-8 D6 CHANNEL_SYNC_OK state=TEST_READY attempts=1 streak=5
[2026-09-14T10:30:48.659Z] batch=field-waveform-1789381819933-8 D6 TEST_READY state=TEST_READY attempts=1 streak=5
[2026-09-14T10:30:48.660Z] batch=field-waveform-1789381819933-8 D5 CHANNEL_SYNC_OK state=TEST_READY attempts=1 streak=5
[2026-09-14T10:30:48.660Z] batch=field-waveform-1789381819933-8 D5 TEST_READY state=TEST_READY attempts=1 streak=5
[2026-09-14T10:30:48.699Z] batch=field-waveform-1789381819933-8 D4 CHANNEL_SYNC_OK state=TEST_READY attempts=1 streak=5
[2026-09-14T10:30:48.699Z] batch=field-waveform-1789381819933-8 D4 TEST_READY state=TEST_READY attempts=1 streak=5
[2026-09-14T10:30:48.700Z] batch=field-waveform-1789381819933-8 D1 CHANNEL_SYNC_OK state=TEST_READY attempts=1 streak=5
[2026-09-14T10:30:48.700Z] batch=field-waveform-1789381819933-8 D1 TEST_READY state=TEST_READY attempts=1 streak=5
[2026-09-14T10:30:48.710Z] batch=field-waveform-1789381819933-8 D3 CHANNEL_SYNC_OK state=TEST_READY attempts=1 streak=5
[2026-09-14T10:30:48.710Z] batch=field-waveform-1789381819933-8 D3 TEST_READY state=TEST_READY attempts=1 streak=5
[2026-09-14T10:30:59.607Z] batch=field-waveform-1789381819933-8 D3 MODE_SWITCH_START state=MODE_SWITCHING attempts=1 streak=0 attempt=1
[2026-09-14T10:30:59.613Z] batch=field-waveform-1789381819933-8 D3 MODE_SWITCH_OK state=MODE_SWITCH_OK attempts=1 streak=0
[2026-09-14T10:30:59.618Z] batch=field-waveform-1789381819933-8 D2 MODE_SWITCH_START state=MODE_SWITCHING attempts=1 streak=0 attempt=1
[2026-09-14T10:30:59.624Z] batch=field-waveform-1789381819933-8 D2 MODE_SWITCH_OK state=MODE_SWITCH_OK attempts=1 streak=0
[2026-09-14T10:30:59.628Z] batch=field-waveform-1789381819933-8 D6 MODE_SWITCH_START state=MODE_SWITCHING attempts=1 streak=0 attempt=1
[2026-09-14T10:30:59.634Z] batch=field-waveform-1789381819933-8 D6 MODE_SWITCH_OK state=MODE_SWITCH_OK attempts=1 streak=0
[2026-09-14T10:30:59.642Z] batch=field-waveform-1789381819933-8 D5 MODE_SWITCH_START state=MODE_SWITCHING attempts=1 streak=0 attempt=1
[2026-09-14T10:30:59.646Z] batch=field-waveform-1789381819933-8 D5 MODE_SWITCH_OK state=MODE_SWITCH_OK attempts=1 streak=0
[2026-09-14T10:30:59.692Z] batch=field-waveform-1789381819933-8 D4 MODE_SWITCH_START state=MODE_SWITCHING attempts=1 streak=0 attempt=1
[2026-09-14T10:30:59.697Z] batch=field-waveform-1789381819933-8 D4 MODE_SWITCH_OK state=MODE_SWITCH_OK attempts=1 streak=0
[2026-09-14T10:30:59.775Z] batch=field-waveform-1789381819933-8 D1 MODE_SWITCH_START state=MODE_SWITCHING attempts=1 streak=0 attempt=1
[2026-09-14T10:30:59.777Z] batch=field-waveform-1789381819933-8 D1 MODE_SWITCH_OK state=MODE_SWITCH_OK attempts=1 streak=0
[2026-09-14T10:31:04.648Z] batch=field-waveform-1789381819933-8 D3 FIRST_FRAME state=FIRST_FRAME_RECEIVED attempts=1 streak=1
[2026-09-14T10:31:04.648Z] batch=field-waveform-1789381819933-8 D3 FIRST_VALID_SAMPLE state=FIRST_FRAME_RECEIVED attempts=1 streak=1
[2026-09-14T10:31:04.714Z] batch=field-waveform-1789381819933-8 D6 FIRST_FRAME state=FIRST_FRAME_RECEIVED attempts=1 streak=1
[2026-09-14T10:31:04.714Z] batch=field-waveform-1789381819933-8 D6 FIRST_VALID_SAMPLE state=FIRST_FRAME_RECEIVED attempts=1 streak=1
[2026-09-14T10:31:04.716Z] batch=field-waveform-1789381819933-8 D2 FIRST_FRAME state=FIRST_FRAME_RECEIVED attempts=1 streak=1
[2026-09-14T10:31:04.716Z] batch=field-waveform-1789381819933-8 D2 FIRST_VALID_SAMPLE state=FIRST_FRAME_RECEIVED attempts=1 streak=1
[2026-09-14T10:31:04.726Z] batch=field-waveform-1789381819933-8 D5 FIRST_FRAME state=FIRST_FRAME_RECEIVED attempts=1 streak=1
[2026-09-14T10:31:04.726Z] batch=field-waveform-1789381819933-8 D5 FIRST_VALID_SAMPLE state=FIRST_FRAME_RECEIVED attempts=1 streak=1
[2026-09-14T10:31:04.737Z] batch=field-waveform-1789381819933-8 D4 FIRST_FRAME state=FIRST_FRAME_RECEIVED attempts=1 streak=1
[2026-09-14T10:31:04.737Z] batch=field-waveform-1789381819933-8 D4 FIRST_VALID_SAMPLE state=FIRST_FRAME_RECEIVED attempts=1 streak=1
[2026-09-14T10:31:04.830Z] batch=field-waveform-1789381819933-8 D1 FIRST_FRAME state=FIRST_FRAME_RECEIVED attempts=1 streak=1
[2026-09-14T10:31:04.831Z] batch=field-waveform-1789381819933-8 D1 FIRST_VALID_SAMPLE state=FIRST_FRAME_RECEIVED attempts=1 streak=1
[2026-09-14T10:31:04.897Z] batch=field-waveform-1789381819933-8 D3 CHANNEL_SYNC_OK state=TEST_READY attempts=1 streak=5
[2026-09-14T10:31:04.897Z] batch=field-waveform-1789381819933-8 D3 TEST_READY state=TEST_READY attempts=1 streak=5
[2026-09-14T10:31:04.962Z] batch=field-waveform-1789381819933-8 D6 CHANNEL_SYNC_OK state=TEST_READY attempts=1 streak=5
[2026-09-14T10:31:04.962Z] batch=field-waveform-1789381819933-8 D6 TEST_READY state=TEST_READY attempts=1 streak=5
[2026-09-14T10:31:04.967Z] batch=field-waveform-1789381819933-8 D2 CHANNEL_SYNC_OK state=TEST_READY attempts=1 streak=5
[2026-09-14T10:31:04.967Z] batch=field-waveform-1789381819933-8 D2 TEST_READY state=TEST_READY attempts=1 streak=5
[2026-09-14T10:31:04.969Z] batch=field-waveform-1789381819933-8 D5 CHANNEL_SYNC_OK state=TEST_READY attempts=1 streak=5
[2026-09-14T10:31:04.970Z] batch=field-waveform-1789381819933-8 D5 TEST_READY state=TEST_READY attempts=1 streak=5
[2026-09-14T10:31:04.992Z] batch=field-waveform-1789381819933-8 D4 CHANNEL_SYNC_OK state=TEST_READY attempts=1 streak=5
[2026-09-14T10:31:04.993Z] batch=field-waveform-1789381819933-8 D4 TEST_READY state=TEST_READY attempts=1 streak=5
[2026-09-14T10:31:05.069Z] batch=field-waveform-1789381819933-8 D1 CHANNEL_SYNC_OK state=TEST_READY attempts=1 streak=5
[2026-09-14T10:31:05.069Z] batch=field-waveform-1789381819933-8 D1 TEST_READY state=TEST_READY attempts=1 streak=5
[2026-09-14T10:31:57.592Z] batch=field-waveform-1789381819933-8 D1 MODE_SWITCH_START state=MODE_SWITCHING attempts=1 streak=0 attempt=1
[2026-09-14T10:31:57.596Z] batch=field-waveform-1789381819933-8 D1 MODE_SWITCH_OK state=MODE_SWITCH_OK attempts=1 streak=0
[2026-09-14T10:31:57.599Z] batch=field-waveform-1789381819933-8 D3 MODE_SWITCH_START state=MODE_SWITCHING attempts=1 streak=0 attempt=1
[2026-09-14T10:31:57.601Z] batch=field-waveform-1789381819933-8 D3 MODE_SWITCH_OK state=MODE_SWITCH_OK attempts=1 streak=0
[2026-09-14T10:31:57.604Z] batch=field-waveform-1789381819933-8 D6 MODE_SWITCH_START state=MODE_SWITCHING attempts=1 streak=0 attempt=1
[2026-09-14T10:31:57.605Z] batch=field-waveform-1789381819933-8 D6 MODE_SWITCH_OK state=MODE_SWITCH_OK attempts=1 streak=0
[2026-09-14T10:31:57.608Z] batch=field-waveform-1789381819933-8 D5 MODE_SWITCH_START state=MODE_SWITCHING attempts=1 streak=0 attempt=1
[2026-09-14T10:31:57.609Z] batch=field-waveform-1789381819933-8 D5 MODE_SWITCH_OK state=MODE_SWITCH_OK attempts=1 streak=0
[2026-09-14T10:31:57.612Z] batch=field-waveform-1789381819933-8 D2 MODE_SWITCH_START state=MODE_SWITCHING attempts=1 streak=0 attempt=1
[2026-09-14T10:31:57.613Z] batch=field-waveform-1789381819933-8 D2 MODE_SWITCH_OK state=MODE_SWITCH_OK attempts=1 streak=0
[2026-09-14T10:31:57.616Z] batch=field-waveform-1789381819933-8 D4 MODE_SWITCH_START state=MODE_SWITCHING attempts=1 streak=0 attempt=1
[2026-09-14T10:31:57.617Z] batch=field-waveform-1789381819933-8 D4 MODE_SWITCH_OK state=MODE_SWITCH_OK attempts=1 streak=0
[2026-09-14T10:32:07.647Z] batch=field-waveform-1789381819933-8 D1 MODE_SWITCH_START state=MODE_SWITCHING attempts=1 streak=0 attempt=1
[2026-09-14T10:32:07.649Z] batch=field-waveform-1789381819933-8 D1 MODE_SWITCH_OK state=MODE_SWITCH_OK attempts=1 streak=0
[2026-09-14T10:32:07.655Z] batch=field-waveform-1789381819933-8 D3 MODE_SWITCH_START state=MODE_SWITCHING attempts=1 streak=0 attempt=1
[2026-09-14T10:32:07.656Z] batch=field-waveform-1789381819933-8 D3 MODE_SWITCH_OK state=MODE_SWITCH_OK attempts=1 streak=0
[2026-09-14T10:32:07.659Z] batch=field-waveform-1789381819933-8 D6 MODE_SWITCH_START state=MODE_SWITCHING attempts=1 streak=0 attempt=1
[2026-09-14T10:32:07.660Z] batch=field-waveform-1789381819933-8 D6 MODE_SWITCH_OK state=MODE_SWITCH_OK attempts=1 streak=0
[2026-09-14T10:32:07.664Z] batch=field-waveform-1789381819933-8 D5 MODE_SWITCH_START state=MODE_SWITCHING attempts=1 streak=0 attempt=1
[2026-09-14T10:32:07.664Z] batch=field-waveform-1789381819933-8 D5 MODE_SWITCH_OK state=MODE_SWITCH_OK attempts=1 streak=0
[2026-09-14T10:32:07.668Z] batch=field-waveform-1789381819933-8 D2 MODE_SWITCH_START state=MODE_SWITCHING attempts=1 streak=0 attempt=1
[2026-09-14T10:32:07.670Z] batch=field-waveform-1789381819933-8 D2 MODE_SWITCH_OK state=MODE_SWITCH_OK attempts=1 streak=0
[2026-09-14T10:32:07.673Z] batch=field-waveform-1789381819933-8 D4 MODE_SWITCH_START state=MODE_SWITCHING attempts=1 streak=0 attempt=1
[2026-09-14T10:32:07.674Z] batch=field-waveform-1789381819933-8 D4 MODE_SWITCH_OK state=MODE_SWITCH_OK attempts=1 streak=0
[2026-09-14T10:32:12.931Z] batch=field-waveform-1789381819933-8 D1 FIRST_FRAME state=FIRST_FRAME_RECEIVED attempts=1 streak=1
[2026-09-14T10:32:12.932Z] batch=field-waveform-1789381819933-8 D1 FIRST_VALID_SAMPLE state=FIRST_FRAME_RECEIVED attempts=1 streak=1
[2026-09-14T10:32:12.949Z] batch=field-waveform-1789381819933-8 D2 FIRST_FRAME state=FIRST_FRAME_RECEIVED attempts=1 streak=1
[2026-09-14T10:32:12.951Z] batch=field-waveform-1789381819933-8 D2 FIRST_VALID_SAMPLE state=FIRST_FRAME_RECEIVED attempts=1 streak=1
[2026-09-14T10:32:12.955Z] batch=field-waveform-1789381819933-8 D3 FIRST_FRAME state=FIRST_FRAME_RECEIVED attempts=1 streak=1
[2026-09-14T10:32:12.957Z] batch=field-waveform-1789381819933-8 D3 FIRST_VALID_SAMPLE state=FIRST_FRAME_RECEIVED attempts=1 streak=1
[2026-09-14T10:32:12.962Z] batch=field-waveform-1789381819933-8 D6 FIRST_FRAME state=FIRST_FRAME_RECEIVED attempts=1 streak=1
[2026-09-14T10:32:12.963Z] batch=field-waveform-1789381819933-8 D6 FIRST_VALID_SAMPLE state=FIRST_FRAME_RECEIVED attempts=1 streak=1
[2026-09-14T10:32:12.971Z] batch=field-waveform-1789381819933-8 D4 FIRST_FRAME state=FIRST_FRAME_RECEIVED attempts=1 streak=1
[2026-09-14T10:32:12.971Z] batch=field-waveform-1789381819933-8 D4 FIRST_VALID_SAMPLE state=FIRST_FRAME_RECEIVED attempts=1 streak=1
[2026-09-14T10:32:12.979Z] batch=field-waveform-1789381819933-8 D5 FIRST_FRAME state=FIRST_FRAME_RECEIVED attempts=1 streak=1
[2026-09-14T10:32:12.979Z] batch=field-waveform-1789381819933-8 D5 FIRST_VALID_SAMPLE state=FIRST_FRAME_RECEIVED attempts=1 streak=1
[2026-09-14T10:32:13.225Z] batch=field-waveform-1789381819933-8 D1 CHANNEL_SYNC_OK state=TEST_READY attempts=1 streak=5
[2026-09-14T10:32:13.226Z] batch=field-waveform-1789381819933-8 D1 TEST_READY state=TEST_READY attempts=1 streak=5
[2026-09-14T10:32:13.301Z] batch=field-waveform-1789381819933-8 D2 CHANNEL_SYNC_OK state=TEST_READY attempts=1 streak=5
[2026-09-14T10:32:13.301Z] batch=field-waveform-1789381819933-8 D2 TEST_READY state=TEST_READY attempts=1 streak=5
[2026-09-14T10:32:13.302Z] batch=field-waveform-1789381819933-8 D6 CHANNEL_SYNC_OK state=TEST_READY attempts=1 streak=5
[2026-09-14T10:32:13.303Z] batch=field-waveform-1789381819933-8 D6 TEST_READY state=TEST_READY attempts=1 streak=5
[2026-09-14T10:32:13.304Z] batch=field-waveform-1789381819933-8 D3 CHANNEL_SYNC_OK state=TEST_READY attempts=1 streak=5
[2026-09-14T10:32:13.304Z] batch=field-waveform-1789381819933-8 D3 TEST_READY state=TEST_READY attempts=1 streak=5
[2026-09-14T10:32:13.305Z] batch=field-waveform-1789381819933-8 D4 CHANNEL_SYNC_OK state=TEST_READY attempts=1 streak=5
[2026-09-14T10:32:13.308Z] batch=field-waveform-1789381819933-8 D4 TEST_READY state=TEST_READY attempts=1 streak=5
[2026-09-14T10:32:13.313Z] batch=field-waveform-1789381819933-8 D5 CHANNEL_SYNC_OK state=TEST_READY attempts=1 streak=5
[2026-09-14T10:32:13.313Z] batch=field-waveform-1789381819933-8 D5 TEST_READY state=TEST_READY attempts=1 streak=5
