[2026-09-15T07:13:41.442Z] batch=field-waveform-1789456263678-2 D5 MODE_SWITCH_START state=MODE_SWITCHING attempts=1 streak=0 attempt=1
[2026-09-15T07:13:41.443Z] batch=field-waveform-1789456263678-2 D5 MODE_SWITCH_OK state=MODE_SWITCH_OK attempts=1 streak=0
[2026-09-15T07:13:42.032Z] batch=field-waveform-1789456263678-2 D1 MODE_SWITCH_START state=MODE_SWITCHING attempts=1 streak=0 attempt=1
[2026-09-15T07:13:42.036Z] batch=field-waveform-1789456263678-2 D1 MODE_SWITCH_OK state=MODE_SWITCH_OK attempts=1 streak=0
[2026-09-15T07:13:42.046Z] batch=field-waveform-1789456263678-2 D2 MODE_SWITCH_START state=MODE_SWITCHING attempts=1 streak=0 attempt=1
[2026-09-15T07:13:42.047Z] batch=field-waveform-1789456263678-2 D2 MODE_SWITCH_OK state=MODE_SWITCH_OK attempts=1 streak=0
[2026-09-15T07:13:42.054Z] batch=field-waveform-1789456263678-2 D6 MODE_SWITCH_START state=MODE_SWITCHING attempts=1 streak=0 attempt=1
[2026-09-15T07:13:42.056Z] batch=field-waveform-1789456263678-2 D6 MODE_SWITCH_OK state=MODE_SWITCH_OK attempts=1 streak=0
[2026-09-15T07:13:42.063Z] batch=field-waveform-1789456263678-2 D3 MODE_SWITCH_START state=MODE_SWITCHING attempts=1 streak=0 attempt=1
[2026-09-15T07:13:42.066Z] batch=field-waveform-1789456263678-2 D3 MODE_SWITCH_OK state=MODE_SWITCH_OK attempts=1 streak=0
[2026-09-15T07:13:42.274Z] batch=field-waveform-1789456263678-2 D4 MODE_SWITCH_START state=MODE_SWITCHING attempts=1 streak=0 attempt=1
[2026-09-15T07:13:42.275Z] batch=field-waveform-1789456263678-2 D4 MODE_SWITCH_OK state=MODE_SWITCH_OK attempts=1 streak=0
[2026-09-15T07:13:51.862Z] batch=field-waveform-1789456263678-2 D5 MODE_SWITCH_START state=MODE_SWITCHING attempts=1 streak=0 attempt=1
[2026-09-15T07:13:51.864Z] batch=field-waveform-1789456263678-2 D5 MODE_SWITCH_OK state=MODE_SWITCH_OK attempts=1 streak=0
[2026-09-15T07:13:52.051Z] batch=field-waveform-1789456263678-2 D1 MODE_SWITCH_START state=MODE_SWITCHING attempts=1 streak=0 attempt=1
[2026-09-15T07:13:52.053Z] batch=field-waveform-1789456263678-2 D1 MODE_SWITCH_OK state=MODE_SWITCH_OK attempts=1 streak=0
[2026-09-15T07:13:52.262Z] batch=field-waveform-1789456263678-2 D2 MODE_SWITCH_START state=MODE_SWITCHING attempts=1 streak=0 attempt=1
[2026-09-15T07:13:52.264Z] batch=field-waveform-1789456263678-2 D2 MODE_SWITCH_OK state=MODE_SWITCH_OK attempts=1 streak=0
[2026-09-15T07:13:52.269Z] batch=field-waveform-1789456263678-2 D6 MODE_SWITCH_START state=MODE_SWITCHING attempts=1 streak=0 attempt=1
[2026-09-15T07:13:52.270Z] batch=field-waveform-1789456263678-2 D6 MODE_SWITCH_OK state=MODE_SWITCH_OK attempts=1 streak=0
[2026-09-15T07:13:52.276Z] batch=field-waveform-1789456263678-2 D3 MODE_SWITCH_START state=MODE_SWITCHING attempts=1 streak=0 attempt=1
[2026-09-15T07:13:52.277Z] batch=field-waveform-1789456263678-2 D3 MODE_SWITCH_OK state=MODE_SWITCH_OK attempts=1 streak=0
[2026-09-15T07:13:52.610Z] batch=field-waveform-1789456263678-2 D4 MODE_SWITCH_START state=MODE_SWITCHING attempts=1 streak=0 attempt=1
[2026-09-15T07:13:52.612Z] batch=field-waveform-1789456263678-2 D4 MODE_SWITCH_OK state=MODE_SWITCH_OK attempts=1 streak=0
[2026-09-15T07:14:02.130Z] batch=field-waveform-1789456263678-2 D5 MODE_SWITCH_START state=MODE_SWITCHING attempts=1 streak=0 attempt=1
[2026-09-15T07:14:02.135Z] batch=field-waveform-1789456263678-2 D5 MODE_SWITCH_OK state=MODE_SWITCH_OK attempts=1 streak=0
[2026-09-15T07:14:02.146Z] batch=field-waveform-1789456263678-2 D1 MODE_SWITCH_START state=MODE_SWITCHING attempts=1 streak=0 attempt=1
[2026-09-15T07:14:02.153Z] batch=field-waveform-1789456263678-2 D1 MODE_SWITCH_OK state=MODE_SWITCH_OK attempts=1 streak=0
[2026-09-15T07:14:02.470Z] batch=field-waveform-1789456263678-2 D2 MODE_SWITCH_START state=MODE_SWITCHING attempts=1 streak=0 attempt=1
[2026-09-15T07:14:02.472Z] batch=field-waveform-1789456263678-2 D2 MODE_SWITCH_OK state=MODE_SWITCH_OK attempts=1 streak=0
[2026-09-15T07:14:02.476Z] batch=field-waveform-1789456263678-2 D6 MODE_SWITCH_START state=MODE_SWITCHING attempts=1 streak=0 attempt=1
[2026-09-15T07:14:02.477Z] batch=field-waveform-1789456263678-2 D6 MODE_SWITCH_OK state=MODE_SWITCH_OK attempts=1 streak=0
[2026-09-15T07:14:02.483Z] batch=field-waveform-1789456263678-2 D3 MODE_SWITCH_START state=MODE_SWITCHING attempts=1 streak=0 attempt=1
[2026-09-15T07:14:02.484Z] batch=field-waveform-1789456263678-2 D3 MODE_SWITCH_OK state=MODE_SWITCH_OK attempts=1 streak=0
[2026-09-15T07:14:02.651Z] batch=field-waveform-1789456263678-2 D4 MODE_SWITCH_START state=MODE_SWITCHING attempts=1 streak=0 attempt=1
[2026-09-15T07:14:02.653Z] batch=field-waveform-1789456263678-2 D4 MODE_SWITCH_OK state=MODE_SWITCH_OK attempts=1 streak=0
[2026-09-15T07:14:12.250Z] batch=field-waveform-1789456263678-2 D5 MODE_SWITCH_START state=MODE_SWITCHING attempts=1 streak=0 attempt=1
[2026-09-15T07:14:12.254Z] batch=field-waveform-1789456263678-2 D5 MODE_SWITCH_OK state=MODE_SWITCH_OK attempts=1 streak=0
[2026-09-15T07:14:12.264Z] batch=field-waveform-1789456263678-2 D1 MODE_SWITCH_START state=MODE_SWITCHING attempts=1 streak=0 attempt=1
[2026-09-15T07:14:12.270Z] batch=field-waveform-1789456263678-2 D1 MODE_SWITCH_OK state=MODE_SWITCH_OK attempts=1 streak=0
[2026-09-15T07:14:12.607Z] batch=field-waveform-1789456263678-2 D2 MODE_SWITCH_START state=MODE_SWITCHING attempts=1 streak=0 attempt=1
[2026-09-15T07:14:12.611Z] batch=field-waveform-1789456263678-2 D2 MODE_SWITCH_OK state=MODE_SWITCH_OK attempts=1 streak=0
[2026-09-15T07:14:12.618Z] batch=field-waveform-1789456263678-2 D6 MODE_SWITCH_START state=MODE_SWITCHING attempts=1 streak=0 attempt=1
[2026-09-15T07:14:12.622Z] batch=field-waveform-1789456263678-2 D6 MODE_SWITCH_OK state=MODE_SWITCH_OK attempts=1 streak=0
[2026-09-15T07:14:12.628Z] batch=field-waveform-1789456263678-2 D3 MODE_SWITCH_START state=MODE_SWITCHING attempts=1 streak=0 attempt=1
[2026-09-15T07:14:12.629Z] batch=field-waveform-1789456263678-2 D3 MODE_SWITCH_OK state=MODE_SWITCH_OK attempts=1 streak=0
[2026-09-15T07:14:13.053Z] batch=field-waveform-1789456263678-2 D4 MODE_SWITCH_START state=MODE_SWITCHING attempts=1 streak=0 attempt=1
[2026-09-15T07:14:13.055Z] batch=field-waveform-1789456263678-2 D4 MODE_SWITCH_OK state=MODE_SWITCH_OK attempts=1 streak=0
[2026-09-15T07:14:22.701Z] batch=field-waveform-1789456263678-2 D5 MODE_SWITCH_START state=MODE_SWITCHING attempts=1 streak=0 attempt=1
[2026-09-15T07:14:22.702Z] batch=field-waveform-1789456263678-2 D5 MODE_SWITCH_OK state=MODE_SWITCH_OK attempts=1 streak=0
[2026-09-15T07:14:22.706Z] batch=field-waveform-1789456263678-2 D1 MODE_SWITCH_START state=MODE_SWITCHING attempts=1 streak=0 attempt=1
[2026-09-15T07:14:22.707Z] batch=field-waveform-1789456263678-2 D1 MODE_SWITCH_OK state=MODE_SWITCH_OK attempts=1 streak=0
[2026-09-15T07:14:22.711Z] batch=field-waveform-1789456263678-2 D2 MODE_SWITCH_START state=MODE_SWITCHING attempts=1 streak=0 attempt=1
[2026-09-15T07:14:22.712Z] batch=field-waveform-1789456263678-2 D2 MODE_SWITCH_OK state=MODE_SWITCH_OK attempts=1 streak=0
[2026-09-15T07:14:22.722Z] batch=field-waveform-1789456263678-2 D6 MODE_SWITCH_START state=MODE_SWITCHING attempts=1 streak=0 attempt=1
[2026-09-15T07:14:22.723Z] batch=field-waveform-1789456263678-2 D6 MODE_SWITCH_OK state=MODE_SWITCH_OK attempts=1 streak=0
[2026-09-15T07:14:22.728Z] batch=field-waveform-1789456263678-2 D3 MODE_SWITCH_START state=MODE_SWITCHING attempts=1 streak=0 attempt=1
[2026-09-15T07:14:22.729Z] batch=field-waveform-1789456263678-2 D3 MODE_SWITCH_OK state=MODE_SWITCH_OK attempts=1 streak=0
[2026-09-15T07:14:23.184Z] batch=field-waveform-1789456263678-2 D4 MODE_SWITCH_START state=MODE_SWITCHING attempts=1 streak=0 attempt=1
[2026-09-15T07:14:23.186Z] batch=field-waveform-1789456263678-2 D4 MODE_SWITCH_OK state=MODE_SWITCH_OK attempts=1 streak=0
[2026-09-15T07:14:32.950Z] batch=field-waveform-1789456263678-2 D5 MODE_SWITCH_START state=MODE_SWITCHING attempts=1 streak=0 attempt=1
[2026-09-15T07:14:32.952Z] batch=field-waveform-1789456263678-2 D5 MODE_SWITCH_OK state=MODE_SWITCH_OK attempts=1 streak=0
[2026-09-15T07:14:32.958Z] batch=field-waveform-1789456263678-2 D1 MODE_SWITCH_START state=MODE_SWITCHING attempts=1 streak=0 attempt=1
[2026-09-15T07:14:32.959Z] batch=field-waveform-1789456263678-2 D1 MODE_SWITCH_OK state=MODE_SWITCH_OK attempts=1 streak=0
[2026-09-15T07:14:32.964Z] batch=field-waveform-1789456263678-2 D2 MODE_SWITCH_START state=MODE_SWITCHING attempts=1 streak=0 attempt=1
[2026-09-15T07:14:32.965Z] batch=field-waveform-1789456263678-2 D2 MODE_SWITCH_OK state=MODE_SWITCH_OK attempts=1 streak=0
[2026-09-15T07:14:32.969Z] batch=field-waveform-1789456263678-2 D6 MODE_SWITCH_START state=MODE_SWITCHING attempts=1 streak=0 attempt=1
[2026-09-15T07:14:32.972Z] batch=field-waveform-1789456263678-2 D6 MODE_SWITCH_OK state=MODE_SWITCH_OK attempts=1 streak=0
[2026-09-15T07:14:32.980Z] batch=field-waveform-1789456263678-2 D3 MODE_SWITCH_START state=MODE_SWITCHING attempts=1 streak=0 attempt=1
[2026-09-15T07:14:32.985Z] batch=field-waveform-1789456263678-2 D3 MODE_SWITCH_OK state=MODE_SWITCH_OK attempts=1 streak=0
[2026-09-15T07:14:33.214Z] batch=field-waveform-1789456263678-2 D4 MODE_SWITCH_START state=MODE_SWITCHING attempts=1 streak=0 attempt=1
[2026-09-15T07:14:33.233Z] batch=field-waveform-1789456263678-2 D4 MODE_SWITCH_OK state=MODE_SWITCH_OK attempts=1 streak=0
[2026-09-15T07:14:43.048Z] batch=field-waveform-1789456263678-2 D5 MODE_SWITCH_START state=MODE_SWITCHING attempts=1 streak=0 attempt=1
[2026-09-15T07:14:43.050Z] batch=field-waveform-1789456263678-2 D5 MODE_SWITCH_OK state=MODE_SWITCH_OK attempts=1 streak=0
[2026-09-15T07:14:43.055Z] batch=field-waveform-1789456263678-2 D1 MODE_SWITCH_START state=MODE_SWITCHING attempts=1 streak=0 attempt=1
[2026-09-15T07:14:43.057Z] batch=field-waveform-1789456263678-2 D1 MODE_SWITCH_OK state=MODE_SWITCH_OK attempts=1 streak=0
[2026-09-15T07:14:43.064Z] batch=field-waveform-1789456263678-2 D2 MODE_SWITCH_START state=MODE_SWITCHING attempts=1 streak=0 attempt=1
[2026-09-15T07:14:43.066Z] batch=field-waveform-1789456263678-2 D2 MODE_SWITCH_OK state=MODE_SWITCH_OK attempts=1 streak=0
[2026-09-15T07:14:43.073Z] batch=field-waveform-1789456263678-2 D6 MODE_SWITCH_START state=MODE_SWITCHING attempts=1 streak=0 attempt=1
[2026-09-15T07:14:43.075Z] batch=field-waveform-1789456263678-2 D6 MODE_SWITCH_OK state=MODE_SWITCH_OK attempts=1 streak=0
[2026-09-15T07:14:43.084Z] batch=field-waveform-1789456263678-2 D3 MODE_SWITCH_START state=MODE_SWITCHING attempts=1 streak=0 attempt=1
[2026-09-15T07:14:43.087Z] batch=field-waveform-1789456263678-2 D3 MODE_SWITCH_OK state=MODE_SWITCH_OK attempts=1 streak=0
[2026-09-15T07:14:43.423Z] batch=field-waveform-1789456263678-2 D4 MODE_SWITCH_START state=MODE_SWITCHING attempts=1 streak=0 attempt=1
[2026-09-15T07:14:43.425Z] batch=field-waveform-1789456263678-2 D4 MODE_SWITCH_OK state=MODE_SWITCH_OK attempts=1 streak=0
[2026-09-15T07:14:46.315Z] batch=field-waveform-1789456486313-3 D1 MODE_SWITCH_START state=MODE_SWITCHING attempts=1 streak=0 attempt=1
[2026-09-15T07:14:46.317Z] batch=field-waveform-1789456486313-3 D2 MODE_SWITCH_START state=MODE_SWITCHING attempts=1 streak=0 attempt=1
[2026-09-15T07:14:46.317Z] batch=field-waveform-1789456486313-3 D3 MODE_SWITCH_START state=MODE_SWITCHING attempts=1 streak=0 attempt=1
[2026-09-15T07:14:46.318Z] batch=field-waveform-1789456486313-3 D4 MODE_SWITCH_START state=MODE_SWITCHING attempts=1 streak=0 attempt=1
[2026-09-15T07:14:46.319Z] batch=field-waveform-1789456486313-3 D5 MODE_SWITCH_START state=MODE_SWITCHING attempts=1 streak=0 attempt=1
[2026-09-15T07:14:46.319Z] batch=field-waveform-1789456486313-3 D6 MODE_SWITCH_START state=MODE_SWITCHING attempts=1 streak=0 attempt=1
[2026-09-15T07:14:46.322Z] batch=field-waveform-1789456486313-3 D1 MODE_SWITCH_OK state=MODE_SWITCH_OK attempts=1 streak=0
[2026-09-15T07:14:46.322Z] batch=field-waveform-1789456486313-3 D2 MODE_SWITCH_OK state=MODE_SWITCH_OK attempts=1 streak=0
[2026-09-15T07:14:46.323Z] batch=field-waveform-1789456486313-3 D3 MODE_SWITCH_OK state=MODE_SWITCH_OK attempts=1 streak=0
[2026-09-15T07:14:46.324Z] batch=field-waveform-1789456486313-3 D4 MODE_SWITCH_OK state=MODE_SWITCH_OK attempts=1 streak=0
[2026-09-15T07:14:46.325Z] batch=field-waveform-1789456486313-3 D5 MODE_SWITCH_OK state=MODE_SWITCH_OK attempts=1 streak=0
[2026-09-15T07:14:46.326Z] batch=field-waveform-1789456486313-3 D6 MODE_SWITCH_OK state=MODE_SWITCH_OK attempts=1 streak=0
[2026-09-15T07:14:53.065Z] batch=field-waveform-1789456486313-3 D5 MODE_SWITCH_START state=MODE_SWITCHING attempts=1 streak=0 attempt=1
[2026-09-15T07:14:53.067Z] batch=field-waveform-1789456486313-3 D5 MODE_SWITCH_OK state=MODE_SWITCH_OK attempts=1 streak=0
[2026-09-15T07:14:53.068Z] batch=field-waveform-1789456486313-3 D1 MODE_SWITCH_START state=MODE_SWITCHING attempts=1 streak=0 attempt=1
[2026-09-15T07:14:53.076Z] batch=field-waveform-1789456486313-3 D1 MODE_SWITCH_OK state=MODE_SWITCH_OK attempts=1 streak=0
[2026-09-15T07:14:53.080Z] batch=field-waveform-1789456486313-3 D2 MODE_SWITCH_START state=MODE_SWITCHING attempts=1 streak=0 attempt=1
[2026-09-15T07:14:53.088Z] batch=field-waveform-1789456486313-3 D2 MODE_SWITCH_OK state=MODE_SWITCH_OK attempts=1 streak=0
[2026-09-15T07:14:53.090Z] batch=field-waveform-1789456486313-3 D6 MODE_SWITCH_START state=MODE_SWITCHING attempts=1 streak=0 attempt=1
[2026-09-15T07:14:53.092Z] batch=field-waveform-1789456486313-3 D6 MODE_SWITCH_OK state=MODE_SWITCH_OK attempts=1 streak=0
[2026-09-15T07:14:53.095Z] batch=field-waveform-1789456486313-3 D3 MODE_SWITCH_START state=MODE_SWITCHING attempts=1 streak=0 attempt=1
[2026-09-15T07:14:53.097Z] batch=field-waveform-1789456486313-3 D3 MODE_SWITCH_OK state=MODE_SWITCH_OK attempts=1 streak=0
[2026-09-15T07:14:53.430Z] batch=field-waveform-1789456486313-3 D4 MODE_SWITCH_START state=MODE_SWITCHING attempts=1 streak=0 attempt=1
[2026-09-15T07:14:53.433Z] batch=field-waveform-1789456486313-3 D4 MODE_SWITCH_OK state=MODE_SWITCH_OK attempts=1 streak=0
[2026-09-15T07:14:59.292Z] batch=field-waveform-1789456499291-4 D1 MODE_SWITCH_START state=MODE_SWITCHING attempts=1 streak=0 attempt=1
[2026-09-15T07:14:59.294Z] batch=field-waveform-1789456499291-4 D2 MODE_SWITCH_START state=MODE_SWITCHING attempts=1 streak=0 attempt=1
[2026-09-15T07:14:59.295Z] batch=field-waveform-1789456499291-4 D3 MODE_SWITCH_START state=MODE_SWITCHING attempts=1 streak=0 attempt=1
[2026-09-15T07:14:59.296Z] batch=field-waveform-1789456499291-4 D4 MODE_SWITCH_START state=MODE_SWITCHING attempts=1 streak=0 attempt=1
[2026-09-15T07:14:59.298Z] batch=field-waveform-1789456499291-4 D5 MODE_SWITCH_START state=MODE_SWITCHING attempts=1 streak=0 attempt=1
[2026-09-15T07:14:59.299Z] batch=field-waveform-1789456499291-4 D6 MODE_SWITCH_START state=MODE_SWITCHING attempts=1 streak=0 attempt=1
[2026-09-15T07:14:59.302Z] batch=field-waveform-1789456499291-4 D1 MODE_SWITCH_OK state=MODE_SWITCH_OK attempts=1 streak=0
[2026-09-15T07:14:59.304Z] batch=field-waveform-1789456499291-4 D2 MODE_SWITCH_OK state=MODE_SWITCH_OK attempts=1 streak=0
[2026-09-15T07:14:59.304Z] batch=field-waveform-1789456499291-4 D3 MODE_SWITCH_OK state=MODE_SWITCH_OK attempts=1 streak=0
[2026-09-15T07:14:59.304Z] batch=field-waveform-1789456499291-4 D4 MODE_SWITCH_OK state=MODE_SWITCH_OK attempts=1 streak=0
[2026-09-15T07:14:59.305Z] batch=field-waveform-1789456499291-4 D5 MODE_SWITCH_OK state=MODE_SWITCH_OK attempts=1 streak=0
[2026-09-15T07:14:59.307Z] batch=field-waveform-1789456499291-4 D6 MODE_SWITCH_OK state=MODE_SWITCH_OK attempts=1 streak=0
[2026-09-15T07:15:03.073Z] batch=field-waveform-1789456499291-4 D5 MODE_SWITCH_START state=MODE_SWITCHING attempts=1 streak=0 attempt=1
[2026-09-15T07:15:03.078Z] batch=field-waveform-1789456499291-4 D5 MODE_SWITCH_OK state=MODE_SWITCH_OK attempts=1 streak=0
[2026-09-15T07:15:03.080Z] batch=field-waveform-1789456499291-4 D1 MODE_SWITCH_START state=MODE_SWITCHING attempts=1 streak=0 attempt=1
[2026-09-15T07:15:03.081Z] batch=field-waveform-1789456499291-4 D1 MODE_SWITCH_OK state=MODE_SWITCH_OK attempts=1 streak=0
[2026-09-15T07:15:03.100Z] batch=field-waveform-1789456499291-4 D2 MODE_SWITCH_START state=MODE_SWITCHING attempts=1 streak=0 attempt=1
[2026-09-15T07:15:03.103Z] batch=field-waveform-1789456499291-4 D2 MODE_SWITCH_OK state=MODE_SWITCH_OK attempts=1 streak=0
[2026-09-15T07:15:03.112Z] batch=field-waveform-1789456499291-4 D6 MODE_SWITCH_START state=MODE_SWITCHING attempts=1 streak=0 attempt=1
[2026-09-15T07:15:03.113Z] batch=field-waveform-1789456499291-4 D6 MODE_SWITCH_OK state=MODE_SWITCH_OK attempts=1 streak=0
[2026-09-15T07:15:03.117Z] batch=field-waveform-1789456499291-4 D3 MODE_SWITCH_START state=MODE_SWITCHING attempts=1 streak=0 attempt=1
[2026-09-15T07:15:03.119Z] batch=field-waveform-1789456499291-4 D3 MODE_SWITCH_OK state=MODE_SWITCH_OK attempts=1 streak=0
[2026-09-15T07:15:03.446Z] batch=field-waveform-1789456499291-4 D4 MODE_SWITCH_START state=MODE_SWITCHING attempts=1 streak=0 attempt=1
[2026-09-15T07:15:03.447Z] batch=field-waveform-1789456499291-4 D4 MODE_SWITCH_OK state=MODE_SWITCH_OK attempts=1 streak=0
[2026-09-15T07:15:13.080Z] batch=field-waveform-1789456499291-4 D5 MODE_SWITCH_START state=MODE_SWITCHING attempts=1 streak=0 attempt=1
[2026-09-15T07:15:13.093Z] batch=field-waveform-1789456499291-4 D5 MODE_SWITCH_OK state=MODE_SWITCH_OK attempts=1 streak=0
[2026-09-15T07:15:13.096Z] batch=field-waveform-1789456499291-4 D1 MODE_SWITCH_START state=MODE_SWITCHING attempts=1 streak=0 attempt=1
[2026-09-15T07:15:13.097Z] batch=field-waveform-1789456499291-4 D1 MODE_SWITCH_OK state=MODE_SWITCH_OK attempts=1 streak=0
[2026-09-15T07:15:13.109Z] batch=field-waveform-1789456499291-4 D2 MODE_SWITCH_START state=MODE_SWITCHING attempts=1 streak=0 attempt=1
[2026-09-15T07:15:13.112Z] batch=field-waveform-1789456499291-4 D2 MODE_SWITCH_OK state=MODE_SWITCH_OK attempts=1 streak=0
[2026-09-15T07:15:13.124Z] batch=field-waveform-1789456499291-4 D6 MODE_SWITCH_START state=MODE_SWITCHING attempts=1 streak=0 attempt=1
[2026-09-15T07:15:13.125Z] batch=field-waveform-1789456499291-4 D6 MODE_SWITCH_OK state=MODE_SWITCH_OK attempts=1 streak=0
[2026-09-15T07:15:13.127Z] batch=field-waveform-1789456499291-4 D3 MODE_SWITCH_START state=MODE_SWITCHING attempts=1 streak=0 attempt=1
[2026-09-15T07:15:13.128Z] batch=field-waveform-1789456499291-4 D3 MODE_SWITCH_OK state=MODE_SWITCH_OK attempts=1 streak=0
[2026-09-15T07:15:13.451Z] batch=field-waveform-1789456499291-4 D4 MODE_SWITCH_START state=MODE_SWITCHING attempts=1 streak=0 attempt=1
[2026-09-15T07:15:13.452Z] batch=field-waveform-1789456499291-4 D4 MODE_SWITCH_OK state=MODE_SWITCH_OK attempts=1 streak=0
[2026-09-15T07:15:23.099Z] batch=field-waveform-1789456499291-4 D5 MODE_SWITCH_START state=MODE_SWITCHING attempts=1 streak=0 attempt=1
[2026-09-15T07:15:23.103Z] batch=field-waveform-1789456499291-4 D5 MODE_SWITCH_OK state=MODE_SWITCH_OK attempts=1 streak=0
[2026-09-15T07:15:23.107Z] batch=field-waveform-1789456499291-4 D1 MODE_SWITCH_START state=MODE_SWITCHING attempts=1 streak=0 attempt=1
[2026-09-15T07:15:23.109Z] batch=field-waveform-1789456499291-4 D1 MODE_SWITCH_OK state=MODE_SWITCH_OK attempts=1 streak=0
[2026-09-15T07:15:23.114Z] batch=field-waveform-1789456499291-4 D2 MODE_SWITCH_START state=MODE_SWITCHING attempts=1 streak=0 attempt=1
[2026-09-15T07:15:23.115Z] batch=field-waveform-1789456499291-4 D2 MODE_SWITCH_OK state=MODE_SWITCH_OK attempts=1 streak=0
[2026-09-15T07:15:23.128Z] batch=field-waveform-1789456499291-4 D6 MODE_SWITCH_START state=MODE_SWITCHING attempts=1 streak=0 attempt=1
[2026-09-15T07:15:23.129Z] batch=field-waveform-1789456499291-4 D6 MODE_SWITCH_OK state=MODE_SWITCH_OK attempts=1 streak=0
[2026-09-15T07:15:23.131Z] batch=field-waveform-1789456499291-4 D3 MODE_SWITCH_START state=MODE_SWITCHING attempts=1 streak=0 attempt=1
[2026-09-15T07:15:23.132Z] batch=field-waveform-1789456499291-4 D3 MODE_SWITCH_OK state=MODE_SWITCH_OK attempts=1 streak=0
[2026-09-15T07:15:23.466Z] batch=field-waveform-1789456499291-4 D4 MODE_SWITCH_START state=MODE_SWITCHING attempts=1 streak=0 attempt=1
[2026-09-15T07:15:23.467Z] batch=field-waveform-1789456499291-4 D4 MODE_SWITCH_OK state=MODE_SWITCH_OK attempts=1 streak=0
[2026-09-15T07:15:28.158Z] batch=field-waveform-1789456499291-4 D5 FIRST_FRAME state=FIRST_FRAME_RECEIVED attempts=1 streak=1
[2026-09-15T07:15:28.159Z] batch=field-waveform-1789456499291-4 D5 FIRST_VALID_SAMPLE state=FIRST_FRAME_RECEIVED attempts=1 streak=1
[2026-09-15T07:15:28.163Z] batch=field-waveform-1789456499291-4 D3 FIRST_FRAME state=FIRST_FRAME_RECEIVED attempts=1 streak=1
[2026-09-15T07:15:28.163Z] batch=field-waveform-1789456499291-4 D3 FIRST_VALID_SAMPLE state=FIRST_FRAME_RECEIVED attempts=1 streak=1
[2026-09-15T07:15:28.164Z] batch=field-waveform-1789456499291-4 D1 FIRST_FRAME state=FIRST_FRAME_RECEIVED attempts=1 streak=1
[2026-09-15T07:15:28.164Z] batch=field-waveform-1789456499291-4 D1 FIRST_VALID_SAMPLE state=FIRST_FRAME_RECEIVED attempts=1 streak=1
[2026-09-15T07:15:28.165Z] batch=field-waveform-1789456499291-4 D6 FIRST_FRAME state=FIRST_FRAME_RECEIVED attempts=1 streak=1
[2026-09-15T07:15:28.166Z] batch=field-waveform-1789456499291-4 D6 FIRST_VALID_SAMPLE state=FIRST_FRAME_RECEIVED attempts=1 streak=1
[2026-09-15T07:15:28.202Z] batch=field-waveform-1789456499291-4 D2 FIRST_FRAME state=FIRST_FRAME_RECEIVED attempts=1 streak=1
[2026-09-15T07:15:28.202Z] batch=field-waveform-1789456499291-4 D2 FIRST_VALID_SAMPLE state=FIRST_FRAME_RECEIVED attempts=1 streak=1
[2026-09-15T07:15:28.409Z] batch=field-waveform-1789456499291-4 D5 CHANNEL_SYNC_OK state=TEST_READY attempts=1 streak=5
[2026-09-15T07:15:28.409Z] batch=field-waveform-1789456499291-4 D5 TEST_READY state=TEST_READY attempts=1 streak=5
[2026-09-15T07:15:28.413Z] batch=field-waveform-1789456499291-4 D3 CHANNEL_SYNC_OK state=TEST_READY attempts=1 streak=5
[2026-09-15T07:15:28.414Z] batch=field-waveform-1789456499291-4 D3 TEST_READY state=TEST_READY attempts=1 streak=5
[2026-09-15T07:15:28.418Z] batch=field-waveform-1789456499291-4 D1 CHANNEL_SYNC_OK state=TEST_READY attempts=1 streak=5
[2026-09-15T07:15:28.419Z] batch=field-waveform-1789456499291-4 D1 TEST_READY state=TEST_READY attempts=1 streak=5
[2026-09-15T07:15:28.421Z] batch=field-waveform-1789456499291-4 D6 CHANNEL_SYNC_OK state=TEST_READY attempts=1 streak=5
[2026-09-15T07:15:28.421Z] batch=field-waveform-1789456499291-4 D6 TEST_READY state=TEST_READY attempts=1 streak=5
[2026-09-15T07:15:28.449Z] batch=field-waveform-1789456499291-4 D2 CHANNEL_SYNC_OK state=TEST_READY attempts=1 streak=5
[2026-09-15T07:15:28.450Z] batch=field-waveform-1789456499291-4 D2 TEST_READY state=TEST_READY attempts=1 streak=5
[2026-09-15T07:15:28.533Z] batch=field-waveform-1789456499291-4 D4 FIRST_FRAME state=FIRST_FRAME_RECEIVED attempts=1 streak=1
[2026-09-15T07:15:28.534Z] batch=field-waveform-1789456499291-4 D4 FIRST_VALID_SAMPLE state=FIRST_FRAME_RECEIVED attempts=1 streak=1
[2026-09-15T07:15:28.784Z] batch=field-waveform-1789456499291-4 D4 CHANNEL_SYNC_OK state=TEST_READY attempts=1 streak=5
[2026-09-15T07:15:28.785Z] batch=field-waveform-1789456499291-4 D4 TEST_READY state=TEST_READY attempts=1 streak=5
[2026-09-15T07:15:39.666Z] batch=field-waveform-1789456499291-4 D5 MODE_SWITCH_START state=MODE_SWITCHING attempts=1 streak=0 attempt=1
[2026-09-15T07:15:39.668Z] batch=field-waveform-1789456499291-4 D5 MODE_SWITCH_OK state=MODE_SWITCH_OK attempts=1 streak=0
[2026-09-15T07:15:39.672Z] batch=field-waveform-1789456499291-4 D3 MODE_SWITCH_START state=MODE_SWITCHING attempts=1 streak=0 attempt=1
[2026-09-15T07:15:39.674Z] batch=field-waveform-1789456499291-4 D3 MODE_SWITCH_OK state=MODE_SWITCH_OK attempts=1 streak=0
[2026-09-15T07:15:39.675Z] batch=field-waveform-1789456499291-4 D1 MODE_SWITCH_START state=MODE_SWITCHING attempts=1 streak=0 attempt=1
[2026-09-15T07:15:39.676Z] batch=field-waveform-1789456499291-4 D1 MODE_SWITCH_OK state=MODE_SWITCH_OK attempts=1 streak=0
[2026-09-15T07:15:39.678Z] batch=field-waveform-1789456499291-4 D6 MODE_SWITCH_START state=MODE_SWITCHING attempts=1 streak=0 attempt=1
[2026-09-15T07:15:39.679Z] batch=field-waveform-1789456499291-4 D6 MODE_SWITCH_OK state=MODE_SWITCH_OK attempts=1 streak=0
[2026-09-15T07:15:39.681Z] batch=field-waveform-1789456499291-4 D4 MODE_SWITCH_START state=MODE_SWITCHING attempts=1 streak=0 attempt=1
[2026-09-15T07:15:39.682Z] batch=field-waveform-1789456499291-4 D4 MODE_SWITCH_OK state=MODE_SWITCH_OK attempts=1 streak=0
[2026-09-15T07:15:40.527Z] batch=field-waveform-1789456499291-4 D2 MODE_SWITCH_START state=MODE_SWITCHING attempts=1 streak=0 attempt=1
[2026-09-15T07:15:40.528Z] batch=field-waveform-1789456499291-4 D2 MODE_SWITCH_OK state=MODE_SWITCH_OK attempts=1 streak=0
[2026-09-15T07:15:46.200Z] batch=field-waveform-1789456499291-4 D2 FIRST_FRAME state=FIRST_FRAME_RECEIVED attempts=1 streak=1
[2026-09-15T07:15:46.201Z] batch=field-waveform-1789456499291-4 D2 FIRST_VALID_SAMPLE state=FIRST_FRAME_RECEIVED attempts=1 streak=1
[2026-09-15T07:15:46.221Z] batch=field-waveform-1789456499291-4 D5 FIRST_FRAME state=FIRST_FRAME_RECEIVED attempts=1 streak=1
[2026-09-15T07:15:46.221Z] batch=field-waveform-1789456499291-4 D5 FIRST_VALID_SAMPLE state=FIRST_FRAME_RECEIVED attempts=1 streak=1
[2026-09-15T07:15:46.227Z] batch=field-waveform-1789456499291-4 D6 FIRST_FRAME state=FIRST_FRAME_RECEIVED attempts=1 streak=1
[2026-09-15T07:15:46.228Z] batch=field-waveform-1789456499291-4 D6 FIRST_VALID_SAMPLE state=FIRST_FRAME_RECEIVED attempts=1 streak=1
[2026-09-15T07:15:46.229Z] batch=field-waveform-1789456499291-4 D3 FIRST_FRAME state=FIRST_FRAME_RECEIVED attempts=1 streak=1
[2026-09-15T07:15:46.230Z] batch=field-waveform-1789456499291-4 D3 FIRST_VALID_SAMPLE state=FIRST_FRAME_RECEIVED attempts=1 streak=1
[2026-09-15T07:15:46.233Z] batch=field-waveform-1789456499291-4 D1 FIRST_FRAME state=FIRST_FRAME_RECEIVED attempts=1 streak=1
[2026-09-15T07:15:46.233Z] batch=field-waveform-1789456499291-4 D1 FIRST_VALID_SAMPLE state=FIRST_FRAME_RECEIVED attempts=1 streak=1
[2026-09-15T07:15:46.451Z] batch=field-waveform-1789456499291-4 D2 CHANNEL_SYNC_OK state=TEST_READY attempts=1 streak=5
[2026-09-15T07:15:46.451Z] batch=field-waveform-1789456499291-4 D2 TEST_READY state=TEST_READY attempts=1 streak=5
[2026-09-15T07:15:46.468Z] batch=field-waveform-1789456499291-4 D5 CHANNEL_SYNC_OK state=TEST_READY attempts=1 streak=5
[2026-09-15T07:15:46.469Z] batch=field-waveform-1789456499291-4 D5 TEST_READY state=TEST_READY attempts=1 streak=5
[2026-09-15T07:15:46.499Z] batch=field-waveform-1789456499291-4 D6 CHANNEL_SYNC_OK state=TEST_READY attempts=1 streak=5
[2026-09-15T07:15:46.499Z] batch=field-waveform-1789456499291-4 D6 TEST_READY state=TEST_READY attempts=1 streak=5
[2026-09-15T07:15:46.500Z] batch=field-waveform-1789456499291-4 D3 CHANNEL_SYNC_OK state=TEST_READY attempts=1 streak=5
[2026-09-15T07:15:46.501Z] batch=field-waveform-1789456499291-4 D3 TEST_READY state=TEST_READY attempts=1 streak=5
[2026-09-15T07:15:46.502Z] batch=field-waveform-1789456499291-4 D1 CHANNEL_SYNC_OK state=TEST_READY attempts=1 streak=5
[2026-09-15T07:15:46.502Z] batch=field-waveform-1789456499291-4 D1 TEST_READY state=TEST_READY attempts=1 streak=5
[2026-09-15T07:15:48.541Z] batch=field-waveform-1789456499291-4 D4 FIRST_FRAME state=FIRST_FRAME_RECEIVED attempts=1 streak=1
[2026-09-15T07:15:48.542Z] batch=field-waveform-1789456499291-4 D4 FIRST_VALID_SAMPLE state=FIRST_FRAME_RECEIVED attempts=1 streak=1
[2026-09-15T07:15:48.804Z] batch=field-waveform-1789456499291-4 D4 CHANNEL_SYNC_OK state=TEST_READY attempts=1 streak=5
[2026-09-15T07:15:48.804Z] batch=field-waveform-1789456499291-4 D4 TEST_READY state=TEST_READY attempts=1 streak=5
[2026-09-15T07:16:36.823Z] batch=field-waveform-1789456499291-4 D3 MODE_SWITCH_START state=MODE_SWITCHING attempts=1 streak=0 attempt=1
[2026-09-15T07:16:36.824Z] batch=field-waveform-1789456499291-4 D3 MODE_SWITCH_OK state=MODE_SWITCH_OK attempts=1 streak=0
[2026-09-15T07:16:36.828Z] batch=field-waveform-1789456499291-4 D6 MODE_SWITCH_START state=MODE_SWITCHING attempts=1 streak=0 attempt=1
[2026-09-15T07:16:36.829Z] batch=field-waveform-1789456499291-4 D6 MODE_SWITCH_OK state=MODE_SWITCH_OK attempts=1 streak=0
[2026-09-15T07:16:36.832Z] batch=field-waveform-1789456499291-4 D4 MODE_SWITCH_START state=MODE_SWITCHING attempts=1 streak=0 attempt=1
[2026-09-15T07:16:36.833Z] batch=field-waveform-1789456499291-4 D4 MODE_SWITCH_OK state=MODE_SWITCH_OK attempts=1 streak=0
[2026-09-15T07:16:36.939Z] batch=field-waveform-1789456499291-4 D5 MODE_SWITCH_START state=MODE_SWITCHING attempts=1 streak=0 attempt=1
[2026-09-15T07:16:36.941Z] batch=field-waveform-1789456499291-4 D5 MODE_SWITCH_OK state=MODE_SWITCH_OK attempts=1 streak=0
[2026-09-15T07:16:36.944Z] batch=field-waveform-1789456499291-4 D1 MODE_SWITCH_START state=MODE_SWITCHING attempts=1 streak=0 attempt=1
[2026-09-15T07:16:36.945Z] batch=field-waveform-1789456499291-4 D1 MODE_SWITCH_OK state=MODE_SWITCH_OK attempts=1 streak=0
[2026-09-15T07:16:36.948Z] batch=field-waveform-1789456499291-4 D2 MODE_SWITCH_START state=MODE_SWITCHING attempts=1 streak=0 attempt=1
[2026-09-15T07:16:36.949Z] batch=field-waveform-1789456499291-4 D2 MODE_SWITCH_OK state=MODE_SWITCH_OK attempts=1 streak=0
[2026-09-15T07:16:46.851Z] batch=field-waveform-1789456499291-4 D3 MODE_SWITCH_START state=MODE_SWITCHING attempts=1 streak=0 attempt=1
[2026-09-15T07:16:46.853Z] batch=field-waveform-1789456499291-4 D3 MODE_SWITCH_OK state=MODE_SWITCH_OK attempts=1 streak=0
[2026-09-15T07:16:46.861Z] batch=field-waveform-1789456499291-4 D6 MODE_SWITCH_START state=MODE_SWITCHING attempts=1 streak=0 attempt=1
[2026-09-15T07:16:46.863Z] batch=field-waveform-1789456499291-4 D6 MODE_SWITCH_OK state=MODE_SWITCH_OK attempts=1 streak=0
[2026-09-15T07:16:46.960Z] batch=field-waveform-1789456499291-4 D4 MODE_SWITCH_START state=MODE_SWITCHING attempts=1 streak=0 attempt=1
[2026-09-15T07:16:46.962Z] batch=field-waveform-1789456499291-4 D4 MODE_SWITCH_OK state=MODE_SWITCH_OK attempts=1 streak=0
[2026-09-15T07:16:46.965Z] batch=field-waveform-1789456499291-4 D5 MODE_SWITCH_START state=MODE_SWITCHING attempts=1 streak=0 attempt=1
[2026-09-15T07:16:46.968Z] batch=field-waveform-1789456499291-4 D5 MODE_SWITCH_OK state=MODE_SWITCH_OK attempts=1 streak=0
[2026-09-15T07:16:46.971Z] batch=field-waveform-1789456499291-4 D1 MODE_SWITCH_START state=MODE_SWITCHING attempts=1 streak=0 attempt=1
[2026-09-15T07:16:46.972Z] batch=field-waveform-1789456499291-4 D1 MODE_SWITCH_OK state=MODE_SWITCH_OK attempts=1 streak=0
[2026-09-15T07:16:46.977Z] batch=field-waveform-1789456499291-4 D2 MODE_SWITCH_START state=MODE_SWITCHING attempts=1 streak=0 attempt=1
[2026-09-15T07:16:46.977Z] batch=field-waveform-1789456499291-4 D2 MODE_SWITCH_OK state=MODE_SWITCH_OK attempts=1 streak=0
[2026-09-15T07:16:51.974Z] batch=field-waveform-1789456499291-4 D3 FIRST_FRAME state=FIRST_FRAME_RECEIVED attempts=1 streak=1
[2026-09-15T07:16:51.974Z] batch=field-waveform-1789456499291-4 D3 FIRST_VALID_SAMPLE state=FIRST_FRAME_RECEIVED attempts=1 streak=1
[2026-09-15T07:16:51.978Z] batch=field-waveform-1789456499291-4 D6 FIRST_FRAME state=FIRST_FRAME_RECEIVED attempts=1 streak=1
[2026-09-15T07:16:51.978Z] batch=field-waveform-1789456499291-4 D6 FIRST_VALID_SAMPLE state=FIRST_FRAME_RECEIVED attempts=1 streak=1
[2026-09-15T07:16:52.105Z] batch=field-waveform-1789456499291-4 D2 FIRST_FRAME state=FIRST_FRAME_RECEIVED attempts=1 streak=1
[2026-09-15T07:16:52.105Z] batch=field-waveform-1789456499291-4 D2 FIRST_VALID_SAMPLE state=FIRST_FRAME_RECEIVED attempts=1 streak=1
[2026-09-15T07:16:52.106Z] batch=field-waveform-1789456499291-4 D1 FIRST_FRAME state=FIRST_FRAME_RECEIVED attempts=1 streak=1
[2026-09-15T07:16:52.106Z] batch=field-waveform-1789456499291-4 D1 FIRST_VALID_SAMPLE state=FIRST_FRAME_RECEIVED attempts=1 streak=1
[2026-09-15T07:16:52.107Z] batch=field-waveform-1789456499291-4 D4 FIRST_FRAME state=FIRST_FRAME_RECEIVED attempts=1 streak=1
[2026-09-15T07:16:52.107Z] batch=field-waveform-1789456499291-4 D4 FIRST_VALID_SAMPLE state=FIRST_FRAME_RECEIVED attempts=1 streak=1
[2026-09-15T07:16:52.108Z] batch=field-waveform-1789456499291-4 D5 FIRST_FRAME state=FIRST_FRAME_RECEIVED attempts=1 streak=1
[2026-09-15T07:16:52.108Z] batch=field-waveform-1789456499291-4 D5 FIRST_VALID_SAMPLE state=FIRST_FRAME_RECEIVED attempts=1 streak=1
[2026-09-15T07:16:52.184Z] batch=field-waveform-1789456499291-4 D3 CHANNEL_SYNC_OK state=TEST_READY attempts=1 streak=5
[2026-09-15T07:16:52.185Z] batch=field-waveform-1789456499291-4 D3 TEST_READY state=TEST_READY attempts=1 streak=5
[2026-09-15T07:16:52.195Z] batch=field-waveform-1789456499291-4 D6 CHANNEL_SYNC_OK state=TEST_READY attempts=1 streak=5
[2026-09-15T07:16:52.195Z] batch=field-waveform-1789456499291-4 D6 TEST_READY state=TEST_READY attempts=1 streak=5
[2026-09-15T07:16:52.441Z] batch=field-waveform-1789456499291-4 D1 CHANNEL_SYNC_OK state=TEST_READY attempts=1 streak=5
[2026-09-15T07:16:52.441Z] batch=field-waveform-1789456499291-4 D1 TEST_READY state=TEST_READY attempts=1 streak=5
[2026-09-15T07:16:52.445Z] batch=field-waveform-1789456499291-4 D2 CHANNEL_SYNC_OK state=TEST_READY attempts=1 streak=5
[2026-09-15T07:16:52.445Z] batch=field-waveform-1789456499291-4 D2 TEST_READY state=TEST_READY attempts=1 streak=5
[2026-09-15T07:16:52.447Z] batch=field-waveform-1789456499291-4 D4 CHANNEL_SYNC_OK state=TEST_READY attempts=1 streak=5
[2026-09-15T07:16:52.448Z] batch=field-waveform-1789456499291-4 D4 TEST_READY state=TEST_READY attempts=1 streak=5
[2026-09-15T07:16:52.450Z] batch=field-waveform-1789456499291-4 D5 CHANNEL_SYNC_OK state=TEST_READY attempts=1 streak=5
[2026-09-15T07:16:52.450Z] batch=field-waveform-1789456499291-4 D5 TEST_READY state=TEST_READY attempts=1 streak=5
