[2026-09-10T02:58:03.915Z] batch=field-waveform-1789008925000-6 D1 MODE_SWITCH_START state=MODE_SWITCHING attempts=1 streak=0 attempt=1
[2026-09-10T02:58:03.925Z] batch=field-waveform-1789008925000-6 D1 MODE_SWITCH_OK state=MODE_SWITCH_OK attempts=1 streak=0
[2026-09-10T02:58:03.937Z] batch=field-waveform-1789008925000-6 D6 MODE_SWITCH_START state=MODE_SWITCHING attempts=1 streak=0 attempt=1
[2026-09-10T02:58:03.948Z] batch=field-waveform-1789008925000-6 D6 MODE_SWITCH_OK state=MODE_SWITCH_OK attempts=1 streak=0
[2026-09-10T02:58:03.954Z] batch=field-waveform-1789008925000-6 D2 MODE_SWITCH_START state=MODE_SWITCHING attempts=1 streak=0 attempt=1
[2026-09-10T02:58:03.956Z] batch=field-waveform-1789008925000-6 D2 MODE_SWITCH_OK state=MODE_SWITCH_OK attempts=1 streak=0
[2026-09-10T02:58:03.963Z] batch=field-waveform-1789008925000-6 D4 MODE_SWITCH_START state=MODE_SWITCHING attempts=1 streak=0 attempt=1
[2026-09-10T02:58:03.967Z] batch=field-waveform-1789008925000-6 D4 MODE_SWITCH_OK state=MODE_SWITCH_OK attempts=1 streak=0
[2026-09-10T02:58:03.982Z] batch=field-waveform-1789008925000-6 D5 MODE_SWITCH_START state=MODE_SWITCHING attempts=1 streak=0 attempt=1
[2026-09-10T02:58:03.986Z] batch=field-waveform-1789008925000-6 D5 MODE_SWITCH_OK state=MODE_SWITCH_OK attempts=1 streak=0
[2026-09-10T02:58:03.992Z] batch=field-waveform-1789008925000-6 D3 MODE_SWITCH_START state=MODE_SWITCHING attempts=1 streak=0 attempt=1
[2026-09-10T02:58:04.003Z] batch=field-waveform-1789008925000-6 D3 MODE_SWITCH_OK state=MODE_SWITCH_OK attempts=1 streak=0
[2026-09-10T02:58:08.477Z] batch=field-waveform-1789009088476-7 D1 MODE_SWITCH_START state=MODE_SWITCHING attempts=1 streak=0 attempt=1
[2026-09-10T02:58:08.489Z] batch=field-waveform-1789009088476-7 D2 MODE_SWITCH_START state=MODE_SWITCHING attempts=1 streak=0 attempt=1
[2026-09-10T02:58:08.491Z] batch=field-waveform-1789009088476-7 D3 MODE_SWITCH_START state=MODE_SWITCHING attempts=1 streak=0 attempt=1
[2026-09-10T02:58:08.492Z] batch=field-waveform-1789009088476-7 D4 MODE_SWITCH_START state=MODE_SWITCHING attempts=1 streak=0 attempt=1
[2026-09-10T02:58:08.502Z] batch=field-waveform-1789009088476-7 D5 MODE_SWITCH_START state=MODE_SWITCHING attempts=1 streak=0 attempt=1
[2026-09-10T02:58:08.505Z] batch=field-waveform-1789009088476-7 D6 MODE_SWITCH_START state=MODE_SWITCHING attempts=1 streak=0 attempt=1
[2026-09-10T02:58:08.509Z] batch=field-waveform-1789009088476-7 D1 MODE_SWITCH_OK state=MODE_SWITCH_OK attempts=1 streak=0
[2026-09-10T02:58:08.509Z] batch=field-waveform-1789009088476-7 D2 MODE_SWITCH_OK state=MODE_SWITCH_OK attempts=1 streak=0
[2026-09-10T02:58:08.510Z] batch=field-waveform-1789009088476-7 D3 MODE_SWITCH_OK state=MODE_SWITCH_OK attempts=1 streak=0
[2026-09-10T02:58:08.510Z] batch=field-waveform-1789009088476-7 D4 MODE_SWITCH_OK state=MODE_SWITCH_OK attempts=1 streak=0
[2026-09-10T02:58:08.511Z] batch=field-waveform-1789009088476-7 D5 MODE_SWITCH_OK state=MODE_SWITCH_OK attempts=1 streak=0
[2026-09-10T02:58:08.511Z] batch=field-waveform-1789009088476-7 D6 MODE_SWITCH_OK state=MODE_SWITCH_OK attempts=1 streak=0
[2026-09-10T02:58:13.937Z] batch=field-waveform-1789009088476-7 D1 MODE_SWITCH_START state=MODE_SWITCHING attempts=1 streak=0 attempt=1
[2026-09-10T02:58:13.947Z] batch=field-waveform-1789009088476-7 D1 MODE_SWITCH_OK state=MODE_SWITCH_OK attempts=1 streak=0
[2026-09-10T02:58:13.949Z] batch=field-waveform-1789009088476-7 D6 MODE_SWITCH_START state=MODE_SWITCHING attempts=1 streak=0 attempt=1
[2026-09-10T02:58:13.951Z] batch=field-waveform-1789009088476-7 D6 MODE_SWITCH_OK state=MODE_SWITCH_OK attempts=1 streak=0
[2026-09-10T02:58:13.958Z] batch=field-waveform-1789009088476-7 D2 MODE_SWITCH_START state=MODE_SWITCHING attempts=1 streak=0 attempt=1
[2026-09-10T02:58:13.966Z] batch=field-waveform-1789009088476-7 D2 MODE_SWITCH_OK state=MODE_SWITCH_OK attempts=1 streak=0
[2026-09-10T02:58:13.968Z] batch=field-waveform-1789009088476-7 D4 MODE_SWITCH_START state=MODE_SWITCHING attempts=1 streak=0 attempt=1
[2026-09-10T02:58:13.972Z] batch=field-waveform-1789009088476-7 D4 MODE_SWITCH_OK state=MODE_SWITCH_OK attempts=1 streak=0
[2026-09-10T02:58:13.997Z] batch=field-waveform-1789009088476-7 D5 MODE_SWITCH_START state=MODE_SWITCHING attempts=1 streak=0 attempt=1
[2026-09-10T02:58:14.008Z] batch=field-waveform-1789009088476-7 D5 MODE_SWITCH_OK state=MODE_SWITCH_OK attempts=1 streak=0
[2026-09-10T02:58:14.017Z] batch=field-waveform-1789009088476-7 D3 MODE_SWITCH_START state=MODE_SWITCHING attempts=1 streak=0 attempt=1
[2026-09-10T02:58:14.022Z] batch=field-waveform-1789009088476-7 D3 MODE_SWITCH_OK state=MODE_SWITCH_OK attempts=1 streak=0
[2026-09-10T02:58:23.952Z] batch=field-waveform-1789009088476-7 D1 MODE_SWITCH_START state=MODE_SWITCHING attempts=1 streak=0 attempt=1
[2026-09-10T02:58:23.965Z] batch=field-waveform-1789009088476-7 D1 MODE_SWITCH_OK state=MODE_SWITCH_OK attempts=1 streak=0
[2026-09-10T02:58:23.972Z] batch=field-waveform-1789009088476-7 D6 MODE_SWITCH_START state=MODE_SWITCHING attempts=1 streak=0 attempt=1
[2026-09-10T02:58:23.973Z] batch=field-waveform-1789009088476-7 D6 MODE_SWITCH_OK state=MODE_SWITCH_OK attempts=1 streak=0
[2026-09-10T02:58:23.974Z] batch=field-waveform-1789009088476-7 D2 MODE_SWITCH_START state=MODE_SWITCHING attempts=1 streak=0 attempt=1
[2026-09-10T02:58:23.975Z] batch=field-waveform-1789009088476-7 D2 MODE_SWITCH_OK state=MODE_SWITCH_OK attempts=1 streak=0
[2026-09-10T02:58:23.977Z] batch=field-waveform-1789009088476-7 D4 MODE_SWITCH_START state=MODE_SWITCHING attempts=1 streak=0 attempt=1
[2026-09-10T02:58:23.980Z] batch=field-waveform-1789009088476-7 D4 MODE_SWITCH_OK state=MODE_SWITCH_OK attempts=1 streak=0
[2026-09-10T02:58:24.012Z] batch=field-waveform-1789009088476-7 D5 MODE_SWITCH_START state=MODE_SWITCHING attempts=1 streak=0 attempt=1
[2026-09-10T02:58:24.022Z] batch=field-waveform-1789009088476-7 D5 MODE_SWITCH_OK state=MODE_SWITCH_OK attempts=1 streak=0
[2026-09-10T02:58:24.023Z] batch=field-waveform-1789009088476-7 D3 MODE_SWITCH_START state=MODE_SWITCHING attempts=1 streak=0 attempt=1
[2026-09-10T02:58:24.024Z] batch=field-waveform-1789009088476-7 D3 MODE_SWITCH_OK state=MODE_SWITCH_OK attempts=1 streak=0
[2026-09-10T02:58:33.976Z] batch=field-waveform-1789009088476-7 D1 MODE_SWITCH_START state=MODE_SWITCHING attempts=1 streak=0 attempt=1
[2026-09-10T02:58:34.007Z] batch=field-waveform-1789009088476-7 D1 MODE_SWITCH_OK state=MODE_SWITCH_OK attempts=1 streak=0
[2026-09-10T02:58:34.009Z] batch=field-waveform-1789009088476-7 D6 MODE_SWITCH_START state=MODE_SWITCHING attempts=1 streak=0 attempt=1
[2026-09-10T02:58:34.011Z] batch=field-waveform-1789009088476-7 D6 MODE_SWITCH_OK state=MODE_SWITCH_OK attempts=1 streak=0
[2026-09-10T02:58:34.014Z] batch=field-waveform-1789009088476-7 D2 MODE_SWITCH_START state=MODE_SWITCHING attempts=1 streak=0 attempt=1
[2026-09-10T02:58:34.020Z] batch=field-waveform-1789009088476-7 D2 MODE_SWITCH_OK state=MODE_SWITCH_OK attempts=1 streak=0
[2026-09-10T02:58:34.021Z] batch=field-waveform-1789009088476-7 D4 MODE_SWITCH_START state=MODE_SWITCHING attempts=1 streak=0 attempt=1
[2026-09-10T02:58:34.030Z] batch=field-waveform-1789009088476-7 D4 MODE_SWITCH_OK state=MODE_SWITCH_OK attempts=1 streak=0
[2026-09-10T02:58:34.069Z] batch=field-waveform-1789009088476-7 D5 MODE_SWITCH_START state=MODE_SWITCHING attempts=1 streak=0 attempt=1
[2026-09-10T02:58:34.072Z] batch=field-waveform-1789009088476-7 D5 MODE_SWITCH_OK state=MODE_SWITCH_OK attempts=1 streak=0
[2026-09-10T02:58:34.072Z] batch=field-waveform-1789009088476-7 D3 MODE_SWITCH_START state=MODE_SWITCHING attempts=1 streak=0 attempt=1
[2026-09-10T02:58:34.073Z] batch=field-waveform-1789009088476-7 D3 MODE_SWITCH_OK state=MODE_SWITCH_OK attempts=1 streak=0
[2026-09-10T02:58:39.050Z] batch=field-waveform-1789009088476-7 D2 FIRST_FRAME state=FIRST_FRAME_RECEIVED attempts=1 streak=1
[2026-09-10T02:58:39.050Z] batch=field-waveform-1789009088476-7 D2 FIRST_VALID_SAMPLE state=FIRST_FRAME_RECEIVED attempts=1 streak=1
[2026-09-10T02:58:39.077Z] batch=field-waveform-1789009088476-7 D1 FIRST_FRAME state=FIRST_FRAME_RECEIVED attempts=1 streak=1
[2026-09-10T02:58:39.077Z] batch=field-waveform-1789009088476-7 D1 FIRST_VALID_SAMPLE state=FIRST_FRAME_RECEIVED attempts=1 streak=1
[2026-09-10T02:58:39.079Z] batch=field-waveform-1789009088476-7 D6 FIRST_FRAME state=FIRST_FRAME_RECEIVED attempts=1 streak=1
[2026-09-10T02:58:39.079Z] batch=field-waveform-1789009088476-7 D6 FIRST_VALID_SAMPLE state=FIRST_FRAME_RECEIVED attempts=1 streak=1
[2026-09-10T02:58:39.160Z] batch=field-waveform-1789009088476-7 D5 FIRST_FRAME state=FIRST_FRAME_RECEIVED attempts=1 streak=1
[2026-09-10T02:58:39.160Z] batch=field-waveform-1789009088476-7 D5 FIRST_VALID_SAMPLE state=FIRST_FRAME_RECEIVED attempts=1 streak=1
[2026-09-10T02:58:39.162Z] batch=field-waveform-1789009088476-7 D3 FIRST_FRAME state=FIRST_FRAME_RECEIVED attempts=1 streak=1
[2026-09-10T02:58:39.162Z] batch=field-waveform-1789009088476-7 D3 FIRST_VALID_SAMPLE state=FIRST_FRAME_RECEIVED attempts=1 streak=1
[2026-09-10T02:58:39.299Z] batch=field-waveform-1789009088476-7 D2 CHANNEL_SYNC_OK state=TEST_READY attempts=1 streak=5
[2026-09-10T02:58:39.299Z] batch=field-waveform-1789009088476-7 D2 TEST_READY state=TEST_READY attempts=1 streak=5
[2026-09-10T02:58:39.302Z] batch=field-waveform-1789009088476-7 D6 CHANNEL_SYNC_OK state=TEST_READY attempts=1 streak=5
[2026-09-10T02:58:39.303Z] batch=field-waveform-1789009088476-7 D6 TEST_READY state=TEST_READY attempts=1 streak=5
[2026-09-10T02:58:39.356Z] batch=field-waveform-1789009088476-7 D1 CHANNEL_SYNC_OK state=TEST_READY attempts=1 streak=5
[2026-09-10T02:58:39.356Z] batch=field-waveform-1789009088476-7 D1 TEST_READY state=TEST_READY attempts=1 streak=5
[2026-09-10T02:58:39.401Z] batch=field-waveform-1789009088476-7 D3 CHANNEL_SYNC_OK state=TEST_READY attempts=1 streak=5
[2026-09-10T02:58:39.401Z] batch=field-waveform-1789009088476-7 D3 TEST_READY state=TEST_READY attempts=1 streak=5
[2026-09-10T02:58:39.402Z] batch=field-waveform-1789009088476-7 D5 CHANNEL_SYNC_OK state=TEST_READY attempts=1 streak=5
[2026-09-10T02:58:39.403Z] batch=field-waveform-1789009088476-7 D5 TEST_READY state=TEST_READY attempts=1 streak=5
[2026-09-10T02:58:44.035Z] batch=field-waveform-1789009088476-7 D4 MODE_SWITCH_START state=MODE_SWITCHING attempts=1 streak=0 attempt=1
[2026-09-10T02:58:44.047Z] batch=field-waveform-1789009088476-7 D4 MODE_SWITCH_OK state=MODE_SWITCH_OK attempts=1 streak=0
[2026-09-10T02:58:54.059Z] batch=field-waveform-1789009088476-7 D4 MODE_SWITCH_START state=MODE_SWITCHING attempts=1 streak=0 attempt=1
[2026-09-10T02:58:54.063Z] batch=field-waveform-1789009088476-7 D4 MODE_SWITCH_OK state=MODE_SWITCH_OK attempts=1 streak=0
[2026-09-10T02:58:59.115Z] batch=field-waveform-1789009088476-7 D4 FIRST_FRAME state=FIRST_FRAME_RECEIVED attempts=1 streak=1
[2026-09-10T02:58:59.115Z] batch=field-waveform-1789009088476-7 D4 FIRST_VALID_SAMPLE state=FIRST_FRAME_RECEIVED attempts=1 streak=1
[2026-09-10T02:58:59.417Z] batch=field-waveform-1789009088476-7 D4 CHANNEL_SYNC_OK state=TEST_READY attempts=1 streak=5
[2026-09-10T02:58:59.417Z] batch=field-waveform-1789009088476-7 D4 TEST_READY state=TEST_READY attempts=1 streak=5
[2026-09-10T02:59:48.598Z] batch=field-waveform-1789009088476-7 D4 MODE_SWITCH_START state=MODE_SWITCHING attempts=1 streak=0 attempt=1
[2026-09-10T02:59:48.611Z] batch=field-waveform-1789009088476-7 D4 MODE_SWITCH_OK state=MODE_SWITCH_OK attempts=1 streak=0
[2026-09-10T02:59:48.619Z] batch=field-waveform-1789009088476-7 D3 MODE_SWITCH_START state=MODE_SWITCHING attempts=1 streak=0 attempt=1
[2026-09-10T02:59:48.629Z] batch=field-waveform-1789009088476-7 D3 MODE_SWITCH_OK state=MODE_SWITCH_OK attempts=1 streak=0
[2026-09-10T02:59:48.636Z] batch=field-waveform-1789009088476-7 D2 MODE_SWITCH_START state=MODE_SWITCHING attempts=1 streak=0 attempt=1
[2026-09-10T02:59:48.641Z] batch=field-waveform-1789009088476-7 D2 MODE_SWITCH_OK state=MODE_SWITCH_OK attempts=1 streak=0
[2026-09-10T02:59:48.651Z] batch=field-waveform-1789009088476-7 D6 MODE_SWITCH_START state=MODE_SWITCHING attempts=1 streak=0 attempt=1
[2026-09-10T02:59:48.652Z] batch=field-waveform-1789009088476-7 D6 MODE_SWITCH_OK state=MODE_SWITCH_OK attempts=1 streak=0
[2026-09-10T02:59:48.660Z] batch=field-waveform-1789009088476-7 D1 MODE_SWITCH_START state=MODE_SWITCHING attempts=1 streak=0 attempt=1
[2026-09-10T02:59:48.662Z] batch=field-waveform-1789009088476-7 D1 MODE_SWITCH_OK state=MODE_SWITCH_OK attempts=1 streak=0
[2026-09-10T02:59:48.667Z] batch=field-waveform-1789009088476-7 D5 MODE_SWITCH_START state=MODE_SWITCHING attempts=1 streak=0 attempt=1
[2026-09-10T02:59:48.669Z] batch=field-waveform-1789009088476-7 D5 MODE_SWITCH_OK state=MODE_SWITCH_OK attempts=1 streak=0
[2026-09-10T02:59:58.794Z] batch=field-waveform-1789009088476-7 D4 MODE_SWITCH_START state=MODE_SWITCHING attempts=1 streak=0 attempt=1
[2026-09-10T02:59:58.810Z] batch=field-waveform-1789009088476-7 D4 MODE_SWITCH_OK state=MODE_SWITCH_OK attempts=1 streak=0
[2026-09-10T02:59:58.819Z] batch=field-waveform-1789009088476-7 D3 MODE_SWITCH_START state=MODE_SWITCHING attempts=1 streak=0 attempt=1
[2026-09-10T02:59:58.821Z] batch=field-waveform-1789009088476-7 D3 MODE_SWITCH_OK state=MODE_SWITCH_OK attempts=1 streak=0
[2026-09-10T02:59:58.826Z] batch=field-waveform-1789009088476-7 D2 MODE_SWITCH_START state=MODE_SWITCHING attempts=1 streak=0 attempt=1
[2026-09-10T02:59:58.836Z] batch=field-waveform-1789009088476-7 D2 MODE_SWITCH_OK state=MODE_SWITCH_OK attempts=1 streak=0
[2026-09-10T02:59:58.842Z] batch=field-waveform-1789009088476-7 D6 MODE_SWITCH_START state=MODE_SWITCHING attempts=1 streak=0 attempt=1
[2026-09-10T02:59:58.855Z] batch=field-waveform-1789009088476-7 D6 MODE_SWITCH_OK state=MODE_SWITCH_OK attempts=1 streak=0
[2026-09-10T02:59:58.860Z] batch=field-waveform-1789009088476-7 D1 MODE_SWITCH_START state=MODE_SWITCHING attempts=1 streak=0 attempt=1
[2026-09-10T02:59:58.870Z] batch=field-waveform-1789009088476-7 D1 MODE_SWITCH_OK state=MODE_SWITCH_OK attempts=1 streak=0
[2026-09-10T02:59:58.876Z] batch=field-waveform-1789009088476-7 D5 MODE_SWITCH_START state=MODE_SWITCHING attempts=1 streak=0 attempt=1
[2026-09-10T02:59:58.881Z] batch=field-waveform-1789009088476-7 D5 MODE_SWITCH_OK state=MODE_SWITCH_OK attempts=1 streak=0
[2026-09-10T03:00:04.040Z] batch=field-waveform-1789009088476-7 D4 FIRST_FRAME state=FIRST_FRAME_RECEIVED attempts=1 streak=1
[2026-09-10T03:00:04.040Z] batch=field-waveform-1789009088476-7 D4 FIRST_VALID_SAMPLE state=FIRST_FRAME_RECEIVED attempts=1 streak=1
[2026-09-10T03:00:04.055Z] batch=field-waveform-1789009088476-7 D6 FIRST_FRAME state=FIRST_FRAME_RECEIVED attempts=1 streak=1
[2026-09-10T03:00:04.055Z] batch=field-waveform-1789009088476-7 D6 FIRST_VALID_SAMPLE state=FIRST_FRAME_RECEIVED attempts=1 streak=1
[2026-09-10T03:00:04.058Z] batch=field-waveform-1789009088476-7 D3 FIRST_FRAME state=FIRST_FRAME_RECEIVED attempts=1 streak=1
[2026-09-10T03:00:04.058Z] batch=field-waveform-1789009088476-7 D3 FIRST_VALID_SAMPLE state=FIRST_FRAME_RECEIVED attempts=1 streak=1
[2026-09-10T03:00:04.060Z] batch=field-waveform-1789009088476-7 D2 FIRST_FRAME state=FIRST_FRAME_RECEIVED attempts=1 streak=1
[2026-09-10T03:00:04.061Z] batch=field-waveform-1789009088476-7 D2 FIRST_VALID_SAMPLE state=FIRST_FRAME_RECEIVED attempts=1 streak=1
[2026-09-10T03:00:04.178Z] batch=field-waveform-1789009088476-7 D4 CHANNEL_SYNC_OK state=TEST_READY attempts=1 streak=5
[2026-09-10T03:00:04.178Z] batch=field-waveform-1789009088476-7 D4 TEST_READY state=TEST_READY attempts=1 streak=5
[2026-09-10T03:00:04.363Z] batch=field-waveform-1789009088476-7 D5 FIRST_FRAME state=FIRST_FRAME_RECEIVED attempts=1 streak=1
[2026-09-10T03:00:04.363Z] batch=field-waveform-1789009088476-7 D5 FIRST_VALID_SAMPLE state=FIRST_FRAME_RECEIVED attempts=1 streak=1
[2026-09-10T03:00:04.369Z] batch=field-waveform-1789009088476-7 D5 CHANNEL_SYNC_OK state=TEST_READY attempts=1 streak=5
[2026-09-10T03:00:04.370Z] batch=field-waveform-1789009088476-7 D5 TEST_READY state=TEST_READY attempts=1 streak=5
[2026-09-10T03:00:04.371Z] batch=field-waveform-1789009088476-7 D1 FIRST_FRAME state=FIRST_FRAME_RECEIVED attempts=1 streak=1
[2026-09-10T03:00:04.371Z] batch=field-waveform-1789009088476-7 D1 FIRST_VALID_SAMPLE state=FIRST_FRAME_RECEIVED attempts=1 streak=1
[2026-09-10T03:00:04.376Z] batch=field-waveform-1789009088476-7 D1 CHANNEL_SYNC_OK state=TEST_READY attempts=1 streak=5
[2026-09-10T03:00:04.376Z] batch=field-waveform-1789009088476-7 D1 TEST_READY state=TEST_READY attempts=1 streak=5
[2026-09-10T03:00:04.380Z] batch=field-waveform-1789009088476-7 D6 CHANNEL_SYNC_OK state=TEST_READY attempts=1 streak=5
[2026-09-10T03:00:04.381Z] batch=field-waveform-1789009088476-7 D6 TEST_READY state=TEST_READY attempts=1 streak=5
[2026-09-10T03:00:04.385Z] batch=field-waveform-1789009088476-7 D3 CHANNEL_SYNC_OK state=TEST_READY attempts=1 streak=5
[2026-09-10T03:00:04.385Z] batch=field-waveform-1789009088476-7 D3 TEST_READY state=TEST_READY attempts=1 streak=5
[2026-09-10T03:00:04.389Z] batch=field-waveform-1789009088476-7 D2 CHANNEL_SYNC_OK state=TEST_READY attempts=1 streak=5
[2026-09-10T03:00:04.389Z] batch=field-waveform-1789009088476-7 D2 TEST_READY state=TEST_READY attempts=1 streak=5
[2026-09-10T03:00:39.199Z] batch=field-waveform-1789009088476-7 D5 MODE_SWITCH_START state=MODE_SWITCHING attempts=1 streak=0 attempt=1
[2026-09-10T03:00:39.201Z] batch=field-waveform-1789009088476-7 D5 MODE_SWITCH_OK state=MODE_SWITCH_OK attempts=1 streak=0
[2026-09-10T03:00:39.207Z] batch=field-waveform-1789009088476-7 D6 MODE_SWITCH_START state=MODE_SWITCHING attempts=1 streak=0 attempt=1
[2026-09-10T03:00:39.218Z] batch=field-waveform-1789009088476-7 D6 MODE_SWITCH_OK state=MODE_SWITCH_OK attempts=1 streak=0
[2026-09-10T03:00:39.226Z] batch=field-waveform-1789009088476-7 D1 MODE_SWITCH_START state=MODE_SWITCHING attempts=1 streak=0 attempt=1
[2026-09-10T03:00:39.231Z] batch=field-waveform-1789009088476-7 D1 MODE_SWITCH_OK state=MODE_SWITCH_OK attempts=1 streak=0
[2026-09-10T03:00:39.255Z] batch=field-waveform-1789009088476-7 D3 MODE_SWITCH_START state=MODE_SWITCHING attempts=1 streak=0 attempt=1
[2026-09-10T03:00:39.269Z] batch=field-waveform-1789009088476-7 D3 MODE_SWITCH_OK state=MODE_SWITCH_OK attempts=1 streak=0
[2026-09-10T03:00:39.281Z] batch=field-waveform-1789009088476-7 D2 MODE_SWITCH_START state=MODE_SWITCHING attempts=1 streak=0 attempt=1
[2026-09-10T03:00:39.295Z] batch=field-waveform-1789009088476-7 D2 MODE_SWITCH_OK state=MODE_SWITCH_OK attempts=1 streak=0
[2026-09-10T03:00:39.303Z] batch=field-waveform-1789009088476-7 D4 MODE_SWITCH_START state=MODE_SWITCHING attempts=1 streak=0 attempt=1
[2026-09-10T03:00:39.311Z] batch=field-waveform-1789009088476-7 D4 MODE_SWITCH_OK state=MODE_SWITCH_OK attempts=1 streak=0
