[2026-09-14T11:31:00.202Z] batch=field-waveform-1789385281601-6 D3 MODE_SWITCH_START state=MODE_SWITCHING attempts=1 streak=0 attempt=1
[2026-09-14T11:31:00.204Z] batch=field-waveform-1789385281601-6 D3 MODE_SWITCH_OK state=MODE_SWITCH_OK attempts=1 streak=0
[2026-09-14T11:31:00.210Z] batch=field-waveform-1789385281601-6 D6 MODE_SWITCH_START state=MODE_SWITCHING attempts=1 streak=0 attempt=1
[2026-09-14T11:31:00.211Z] batch=field-waveform-1789385281601-6 D6 MODE_SWITCH_OK state=MODE_SWITCH_OK attempts=1 streak=0
[2026-09-14T11:31:00.216Z] batch=field-waveform-1789385281601-6 D4 MODE_SWITCH_START state=MODE_SWITCHING attempts=1 streak=0 attempt=1
[2026-09-14T11:31:00.217Z] batch=field-waveform-1789385281601-6 D4 MODE_SWITCH_OK state=MODE_SWITCH_OK attempts=1 streak=0
[2026-09-14T11:31:00.224Z] batch=field-waveform-1789385281601-6 D5 MODE_SWITCH_START state=MODE_SWITCHING attempts=1 streak=0 attempt=1
[2026-09-14T11:31:00.225Z] batch=field-waveform-1789385281601-6 D5 MODE_SWITCH_OK state=MODE_SWITCH_OK attempts=1 streak=0
[2026-09-14T11:31:00.230Z] batch=field-waveform-1789385281601-6 D2 MODE_SWITCH_START state=MODE_SWITCHING attempts=1 streak=0 attempt=1
[2026-09-14T11:31:00.232Z] batch=field-waveform-1789385281601-6 D2 MODE_SWITCH_OK state=MODE_SWITCH_OK attempts=1 streak=0
[2026-09-14T11:31:00.241Z] batch=field-waveform-1789385281601-6 D1 MODE_SWITCH_START state=MODE_SWITCHING attempts=1 streak=0 attempt=1
[2026-09-14T11:31:00.241Z] batch=field-waveform-1789385281601-6 D1 MODE_SWITCH_OK state=MODE_SWITCH_OK attempts=1 streak=0
[2026-09-14T11:31:10.414Z] batch=field-waveform-1789385281601-6 D3 MODE_SWITCH_START state=MODE_SWITCHING attempts=1 streak=0 attempt=1
[2026-09-14T11:31:10.415Z] batch=field-waveform-1789385281601-6 D3 MODE_SWITCH_OK state=MODE_SWITCH_OK attempts=1 streak=0
[2026-09-14T11:31:10.421Z] batch=field-waveform-1789385281601-6 D6 MODE_SWITCH_START state=MODE_SWITCHING attempts=1 streak=0 attempt=1
[2026-09-14T11:31:10.422Z] batch=field-waveform-1789385281601-6 D6 MODE_SWITCH_OK state=MODE_SWITCH_OK attempts=1 streak=0
[2026-09-14T11:31:10.430Z] batch=field-waveform-1789385281601-6 D4 MODE_SWITCH_START state=MODE_SWITCHING attempts=1 streak=0 attempt=1
[2026-09-14T11:31:10.431Z] batch=field-waveform-1789385281601-6 D4 MODE_SWITCH_OK state=MODE_SWITCH_OK attempts=1 streak=0
[2026-09-14T11:31:10.439Z] batch=field-waveform-1789385281601-6 D5 MODE_SWITCH_START state=MODE_SWITCHING attempts=1 streak=0 attempt=1
[2026-09-14T11:31:10.441Z] batch=field-waveform-1789385281601-6 D5 MODE_SWITCH_OK state=MODE_SWITCH_OK attempts=1 streak=0
[2026-09-14T11:31:10.448Z] batch=field-waveform-1789385281601-6 D2 MODE_SWITCH_START state=MODE_SWITCHING attempts=1 streak=0 attempt=1
[2026-09-14T11:31:10.449Z] batch=field-waveform-1789385281601-6 D2 MODE_SWITCH_OK state=MODE_SWITCH_OK attempts=1 streak=0
[2026-09-14T11:31:10.454Z] batch=field-waveform-1789385281601-6 D1 MODE_SWITCH_START state=MODE_SWITCHING attempts=1 streak=0 attempt=1
[2026-09-14T11:31:10.455Z] batch=field-waveform-1789385281601-6 D1 MODE_SWITCH_OK state=MODE_SWITCH_OK attempts=1 streak=0
[2026-09-14T11:31:20.845Z] batch=field-waveform-1789385281601-6 D3 MODE_SWITCH_START state=MODE_SWITCHING attempts=1 streak=0 attempt=1
[2026-09-14T11:31:20.847Z] batch=field-waveform-1789385281601-6 D3 MODE_SWITCH_OK state=MODE_SWITCH_OK attempts=1 streak=0
[2026-09-14T11:31:20.852Z] batch=field-waveform-1789385281601-6 D6 MODE_SWITCH_START state=MODE_SWITCHING attempts=1 streak=0 attempt=1
[2026-09-14T11:31:20.853Z] batch=field-waveform-1789385281601-6 D6 MODE_SWITCH_OK state=MODE_SWITCH_OK attempts=1 streak=0
[2026-09-14T11:31:20.862Z] batch=field-waveform-1789385281601-6 D4 MODE_SWITCH_START state=MODE_SWITCHING attempts=1 streak=0 attempt=1
[2026-09-14T11:31:20.863Z] batch=field-waveform-1789385281601-6 D4 MODE_SWITCH_OK state=MODE_SWITCH_OK attempts=1 streak=0
[2026-09-14T11:31:20.870Z] batch=field-waveform-1789385281601-6 D5 MODE_SWITCH_START state=MODE_SWITCHING attempts=1 streak=0 attempt=1
[2026-09-14T11:31:20.871Z] batch=field-waveform-1789385281601-6 D5 MODE_SWITCH_OK state=MODE_SWITCH_OK attempts=1 streak=0
[2026-09-14T11:31:20.876Z] batch=field-waveform-1789385281601-6 D2 MODE_SWITCH_START state=MODE_SWITCHING attempts=1 streak=0 attempt=1
[2026-09-14T11:31:20.877Z] batch=field-waveform-1789385281601-6 D2 MODE_SWITCH_OK state=MODE_SWITCH_OK attempts=1 streak=0
[2026-09-14T11:31:20.882Z] batch=field-waveform-1789385281601-6 D1 MODE_SWITCH_START state=MODE_SWITCHING attempts=1 streak=0 attempt=1
[2026-09-14T11:31:20.884Z] batch=field-waveform-1789385281601-6 D1 MODE_SWITCH_OK state=MODE_SWITCH_OK attempts=1 streak=0
[2026-09-14T11:32:15.638Z] batch=field-waveform-1789385281601-6 D2 POWER_ON state=COMMUNICATION_READY attempts=0 streak=0
[2026-09-14T11:32:15.638Z] batch=field-waveform-1789385281601-6 D2 RS485_RESPONSE state=COMMUNICATION_READY attempts=0 streak=0
[2026-09-14T11:32:15.644Z] batch=field-waveform-1789385281601-6 D2 MODE_SWITCH_START state=MODE_SWITCHING attempts=1 streak=0 attempt=1
[2026-09-14T11:32:15.645Z] batch=field-waveform-1789385281601-6 D2 MODE_SWITCH_OK state=MODE_SWITCH_OK attempts=1 streak=0
[2026-09-14T11:32:15.647Z] batch=field-waveform-1789385281601-6 D4 POWER_ON state=COMMUNICATION_READY attempts=0 streak=0
[2026-09-14T11:32:15.647Z] batch=field-waveform-1789385281601-6 D4 RS485_RESPONSE state=COMMUNICATION_READY attempts=0 streak=0
[2026-09-14T11:32:15.652Z] batch=field-waveform-1789385281601-6 D4 MODE_SWITCH_START state=MODE_SWITCHING attempts=1 streak=0 attempt=1
[2026-09-14T11:32:15.653Z] batch=field-waveform-1789385281601-6 D4 MODE_SWITCH_OK state=MODE_SWITCH_OK attempts=1 streak=0
[2026-09-14T11:32:15.669Z] batch=field-waveform-1789385281601-6 D1 POWER_ON state=COMMUNICATION_READY attempts=0 streak=0
[2026-09-14T11:32:15.670Z] batch=field-waveform-1789385281601-6 D1 RS485_RESPONSE state=COMMUNICATION_READY attempts=0 streak=0
[2026-09-14T11:32:15.680Z] batch=field-waveform-1789385281601-6 D1 MODE_SWITCH_START state=MODE_SWITCHING attempts=1 streak=0 attempt=1
[2026-09-14T11:32:15.681Z] batch=field-waveform-1789385281601-6 D1 MODE_SWITCH_OK state=MODE_SWITCH_OK attempts=1 streak=0
[2026-09-14T11:32:15.823Z] batch=field-waveform-1789385281601-6 D3 POWER_ON state=COMMUNICATION_READY attempts=0 streak=0
[2026-09-14T11:32:15.824Z] batch=field-waveform-1789385281601-6 D3 RS485_RESPONSE state=COMMUNICATION_READY attempts=0 streak=0
[2026-09-14T11:32:15.830Z] batch=field-waveform-1789385281601-6 D3 MODE_SWITCH_START state=MODE_SWITCHING attempts=1 streak=0 attempt=1
[2026-09-14T11:32:15.831Z] batch=field-waveform-1789385281601-6 D3 MODE_SWITCH_OK state=MODE_SWITCH_OK attempts=1 streak=0
[2026-09-14T11:32:16.217Z] batch=field-waveform-1789385281601-6 D6 POWER_ON state=COMMUNICATION_READY attempts=0 streak=0
[2026-09-14T11:32:16.217Z] batch=field-waveform-1789385281601-6 D6 RS485_RESPONSE state=COMMUNICATION_READY attempts=0 streak=0
[2026-09-14T11:32:16.225Z] batch=field-waveform-1789385281601-6 D6 MODE_SWITCH_START state=MODE_SWITCHING attempts=1 streak=0 attempt=1
[2026-09-14T11:32:16.227Z] batch=field-waveform-1789385281601-6 D6 MODE_SWITCH_OK state=MODE_SWITCH_OK attempts=1 streak=0
[2026-09-14T11:32:16.229Z] batch=field-waveform-1789385281601-6 D5 POWER_ON state=COMMUNICATION_READY attempts=0 streak=0
[2026-09-14T11:32:16.229Z] batch=field-waveform-1789385281601-6 D5 RS485_RESPONSE state=COMMUNICATION_READY attempts=0 streak=0
[2026-09-14T11:32:16.237Z] batch=field-waveform-1789385281601-6 D5 MODE_SWITCH_START state=MODE_SWITCHING attempts=1 streak=0 attempt=1
[2026-09-14T11:32:16.240Z] batch=field-waveform-1789385281601-6 D5 MODE_SWITCH_OK state=MODE_SWITCH_OK attempts=1 streak=0
[2026-09-14T11:32:19.591Z] batch=field-waveform-1789385539589-7 D1 MODE_SWITCH_START state=MODE_SWITCHING attempts=1 streak=0 attempt=1
[2026-09-14T11:32:19.595Z] batch=field-waveform-1789385539589-7 D2 MODE_SWITCH_START state=MODE_SWITCHING attempts=1 streak=0 attempt=1
[2026-09-14T11:32:19.597Z] batch=field-waveform-1789385539589-7 D3 MODE_SWITCH_START state=MODE_SWITCHING attempts=1 streak=0 attempt=1
[2026-09-14T11:32:19.597Z] batch=field-waveform-1789385539589-7 D4 MODE_SWITCH_START state=MODE_SWITCHING attempts=1 streak=0 attempt=1
[2026-09-14T11:32:19.598Z] batch=field-waveform-1789385539589-7 D5 MODE_SWITCH_START state=MODE_SWITCHING attempts=1 streak=0 attempt=1
[2026-09-14T11:32:19.598Z] batch=field-waveform-1789385539589-7 D6 MODE_SWITCH_START state=MODE_SWITCHING attempts=1 streak=0 attempt=1
[2026-09-14T11:32:19.601Z] batch=field-waveform-1789385539589-7 D1 MODE_SWITCH_OK state=MODE_SWITCH_OK attempts=1 streak=0
[2026-09-14T11:32:19.602Z] batch=field-waveform-1789385539589-7 D2 MODE_SWITCH_OK state=MODE_SWITCH_OK attempts=1 streak=0
[2026-09-14T11:32:19.603Z] batch=field-waveform-1789385539589-7 D3 MODE_SWITCH_OK state=MODE_SWITCH_OK attempts=1 streak=0
[2026-09-14T11:32:19.603Z] batch=field-waveform-1789385539589-7 D4 MODE_SWITCH_OK state=MODE_SWITCH_OK attempts=1 streak=0
[2026-09-14T11:32:19.603Z] batch=field-waveform-1789385539589-7 D5 MODE_SWITCH_OK state=MODE_SWITCH_OK attempts=1 streak=0
[2026-09-14T11:32:19.604Z] batch=field-waveform-1789385539589-7 D6 MODE_SWITCH_OK state=MODE_SWITCH_OK attempts=1 streak=0
[2026-09-14T11:32:24.645Z] batch=field-waveform-1789385539589-7 D6 FIRST_FRAME state=FIRST_FRAME_RECEIVED attempts=1 streak=1
[2026-09-14T11:32:24.646Z] batch=field-waveform-1789385539589-7 D6 FIRST_VALID_SAMPLE state=FIRST_FRAME_RECEIVED attempts=1 streak=1
[2026-09-14T11:32:24.648Z] batch=field-waveform-1789385539589-7 D3 FIRST_FRAME state=FIRST_FRAME_RECEIVED attempts=1 streak=1
[2026-09-14T11:32:24.648Z] batch=field-waveform-1789385539589-7 D3 FIRST_VALID_SAMPLE state=FIRST_FRAME_RECEIVED attempts=1 streak=1
[2026-09-14T11:32:24.649Z] batch=field-waveform-1789385539589-7 D1 FIRST_FRAME state=FIRST_FRAME_RECEIVED attempts=1 streak=1
[2026-09-14T11:32:24.649Z] batch=field-waveform-1789385539589-7 D1 FIRST_VALID_SAMPLE state=FIRST_FRAME_RECEIVED attempts=1 streak=1
[2026-09-14T11:32:24.681Z] batch=field-waveform-1789385539589-7 D5 FIRST_FRAME state=FIRST_FRAME_RECEIVED attempts=1 streak=1
[2026-09-14T11:32:24.681Z] batch=field-waveform-1789385539589-7 D5 FIRST_VALID_SAMPLE state=FIRST_FRAME_RECEIVED attempts=1 streak=1
[2026-09-14T11:32:24.687Z] batch=field-waveform-1789385539589-7 D2 FIRST_FRAME state=FIRST_FRAME_RECEIVED attempts=1 streak=1
[2026-09-14T11:32:24.688Z] batch=field-waveform-1789385539589-7 D2 FIRST_VALID_SAMPLE state=FIRST_FRAME_RECEIVED attempts=1 streak=1
[2026-09-14T11:32:24.693Z] batch=field-waveform-1789385539589-7 D4 FIRST_FRAME state=FIRST_FRAME_RECEIVED attempts=1 streak=1
[2026-09-14T11:32:24.694Z] batch=field-waveform-1789385539589-7 D4 FIRST_VALID_SAMPLE state=FIRST_FRAME_RECEIVED attempts=1 streak=1
[2026-09-14T11:32:24.897Z] batch=field-waveform-1789385539589-7 D3 CHANNEL_SYNC_OK state=TEST_READY attempts=1 streak=5
[2026-09-14T11:32:24.898Z] batch=field-waveform-1789385539589-7 D3 TEST_READY state=TEST_READY attempts=1 streak=5
[2026-09-14T11:32:24.901Z] batch=field-waveform-1789385539589-7 D6 CHANNEL_SYNC_OK state=TEST_READY attempts=1 streak=5
[2026-09-14T11:32:24.901Z] batch=field-waveform-1789385539589-7 D6 TEST_READY state=TEST_READY attempts=1 streak=5
[2026-09-14T11:32:24.904Z] batch=field-waveform-1789385539589-7 D1 CHANNEL_SYNC_OK state=TEST_READY attempts=1 streak=5
[2026-09-14T11:32:24.905Z] batch=field-waveform-1789385539589-7 D1 TEST_READY state=TEST_READY attempts=1 streak=5
[2026-09-14T11:32:24.934Z] batch=field-waveform-1789385539589-7 D5 CHANNEL_SYNC_OK state=TEST_READY attempts=1 streak=5
[2026-09-14T11:32:24.935Z] batch=field-waveform-1789385539589-7 D5 TEST_READY state=TEST_READY attempts=1 streak=5
[2026-09-14T11:32:24.941Z] batch=field-waveform-1789385539589-7 D2 CHANNEL_SYNC_OK state=TEST_READY attempts=1 streak=5
[2026-09-14T11:32:24.942Z] batch=field-waveform-1789385539589-7 D2 TEST_READY state=TEST_READY attempts=1 streak=5
[2026-09-14T11:32:24.945Z] batch=field-waveform-1789385539589-7 D4 CHANNEL_SYNC_OK state=TEST_READY attempts=1 streak=5
[2026-09-14T11:32:24.947Z] batch=field-waveform-1789385539589-7 D4 TEST_READY state=TEST_READY attempts=1 streak=5
[2026-09-14T11:32:35.760Z] batch=field-waveform-1789385539589-7 D5 MODE_SWITCH_START state=MODE_SWITCHING attempts=1 streak=0 attempt=1
[2026-09-14T11:32:35.761Z] batch=field-waveform-1789385539589-7 D5 MODE_SWITCH_OK state=MODE_SWITCH_OK attempts=1 streak=0
[2026-09-14T11:32:35.776Z] batch=field-waveform-1789385539589-7 D6 MODE_SWITCH_START state=MODE_SWITCHING attempts=1 streak=0 attempt=1
[2026-09-14T11:32:35.777Z] batch=field-waveform-1789385539589-7 D6 MODE_SWITCH_OK state=MODE_SWITCH_OK attempts=1 streak=0
[2026-09-14T11:32:35.778Z] batch=field-waveform-1789385539589-7 D3 MODE_SWITCH_START state=MODE_SWITCHING attempts=1 streak=0 attempt=1
[2026-09-14T11:32:35.779Z] batch=field-waveform-1789385539589-7 D3 MODE_SWITCH_OK state=MODE_SWITCH_OK attempts=1 streak=0
[2026-09-14T11:32:42.311Z] batch=field-waveform-1789385539589-7 D5 FIRST_FRAME state=FIRST_FRAME_RECEIVED attempts=1 streak=1
[2026-09-14T11:32:42.311Z] batch=field-waveform-1789385539589-7 D5 FIRST_VALID_SAMPLE state=FIRST_FRAME_RECEIVED attempts=1 streak=1
[2026-09-14T11:32:42.337Z] batch=field-waveform-1789385539589-7 D6 FIRST_FRAME state=FIRST_FRAME_RECEIVED attempts=1 streak=1
[2026-09-14T11:32:42.337Z] batch=field-waveform-1789385539589-7 D6 FIRST_VALID_SAMPLE state=FIRST_FRAME_RECEIVED attempts=1 streak=1
[2026-09-14T11:32:42.338Z] batch=field-waveform-1789385539589-7 D3 FIRST_FRAME state=FIRST_FRAME_RECEIVED attempts=1 streak=1
[2026-09-14T11:32:42.339Z] batch=field-waveform-1789385539589-7 D3 FIRST_VALID_SAMPLE state=FIRST_FRAME_RECEIVED attempts=1 streak=1
[2026-09-14T11:32:42.566Z] batch=field-waveform-1789385539589-7 D5 CHANNEL_SYNC_OK state=TEST_READY attempts=1 streak=5
[2026-09-14T11:32:42.567Z] batch=field-waveform-1789385539589-7 D5 TEST_READY state=TEST_READY attempts=1 streak=5
[2026-09-14T11:32:42.608Z] batch=field-waveform-1789385539589-7 D6 CHANNEL_SYNC_OK state=TEST_READY attempts=1 streak=5
[2026-09-14T11:32:42.608Z] batch=field-waveform-1789385539589-7 D6 TEST_READY state=TEST_READY attempts=1 streak=5
[2026-09-14T11:32:42.611Z] batch=field-waveform-1789385539589-7 D3 CHANNEL_SYNC_OK state=TEST_READY attempts=1 streak=5
[2026-09-14T11:32:42.611Z] batch=field-waveform-1789385539589-7 D3 TEST_READY state=TEST_READY attempts=1 streak=5
[2026-09-14T11:33:35.850Z] batch=field-waveform-1789385539589-7 D3 MODE_SWITCH_START state=MODE_SWITCHING attempts=1 streak=0 attempt=1
[2026-09-14T11:33:35.851Z] batch=field-waveform-1789385539589-7 D3 MODE_SWITCH_OK state=MODE_SWITCH_OK attempts=1 streak=0
[2026-09-14T11:33:45.732Z] batch=field-waveform-1789385539589-7 D4 MODE_SWITCH_START state=MODE_SWITCHING attempts=1 streak=0 attempt=1
[2026-09-14T11:33:45.733Z] batch=field-waveform-1789385539589-7 D4 MODE_SWITCH_OK state=MODE_SWITCH_OK attempts=1 streak=0
[2026-09-14T11:33:45.738Z] batch=field-waveform-1789385539589-7 D1 MODE_SWITCH_START state=MODE_SWITCHING attempts=1 streak=0 attempt=1
[2026-09-14T11:33:45.739Z] batch=field-waveform-1789385539589-7 D1 MODE_SWITCH_OK state=MODE_SWITCH_OK attempts=1 streak=0
[2026-09-14T11:33:45.853Z] batch=field-waveform-1789385539589-7 D2 MODE_SWITCH_START state=MODE_SWITCHING attempts=1 streak=0 attempt=1
[2026-09-14T11:33:45.856Z] batch=field-waveform-1789385539589-7 D2 MODE_SWITCH_OK state=MODE_SWITCH_OK attempts=1 streak=0
[2026-09-14T11:33:45.859Z] batch=field-waveform-1789385539589-7 D5 MODE_SWITCH_START state=MODE_SWITCHING attempts=1 streak=0 attempt=1
[2026-09-14T11:33:45.860Z] batch=field-waveform-1789385539589-7 D5 MODE_SWITCH_OK state=MODE_SWITCH_OK attempts=1 streak=0
[2026-09-14T11:33:45.863Z] batch=field-waveform-1789385539589-7 D6 MODE_SWITCH_START state=MODE_SWITCHING attempts=1 streak=0 attempt=1
[2026-09-14T11:33:45.864Z] batch=field-waveform-1789385539589-7 D6 MODE_SWITCH_OK state=MODE_SWITCH_OK attempts=1 streak=0
[2026-09-14T11:33:45.867Z] batch=field-waveform-1789385539589-7 D3 MODE_SWITCH_START state=MODE_SWITCHING attempts=1 streak=0 attempt=1
[2026-09-14T11:33:45.867Z] batch=field-waveform-1789385539589-7 D3 MODE_SWITCH_OK state=MODE_SWITCH_OK attempts=1 streak=0
[2026-09-14T11:33:50.869Z] batch=field-waveform-1789385539589-7 D4 FIRST_FRAME state=FIRST_FRAME_RECEIVED attempts=1 streak=1
[2026-09-14T11:33:50.869Z] batch=field-waveform-1789385539589-7 D4 FIRST_VALID_SAMPLE state=FIRST_FRAME_RECEIVED attempts=1 streak=1
[2026-09-14T11:33:50.874Z] batch=field-waveform-1789385539589-7 D1 FIRST_FRAME state=FIRST_FRAME_RECEIVED attempts=1 streak=1
[2026-09-14T11:33:50.874Z] batch=field-waveform-1789385539589-7 D1 FIRST_VALID_SAMPLE state=FIRST_FRAME_RECEIVED attempts=1 streak=1
[2026-09-14T11:33:51.010Z] batch=field-waveform-1789385539589-7 D5 FIRST_FRAME state=FIRST_FRAME_RECEIVED attempts=1 streak=1
[2026-09-14T11:33:51.011Z] batch=field-waveform-1789385539589-7 D5 FIRST_VALID_SAMPLE state=FIRST_FRAME_RECEIVED attempts=1 streak=1
[2026-09-14T11:33:51.013Z] batch=field-waveform-1789385539589-7 D2 FIRST_FRAME state=FIRST_FRAME_RECEIVED attempts=1 streak=1
[2026-09-14T11:33:51.013Z] batch=field-waveform-1789385539589-7 D2 FIRST_VALID_SAMPLE state=FIRST_FRAME_RECEIVED attempts=1 streak=1
[2026-09-14T11:33:51.015Z] batch=field-waveform-1789385539589-7 D6 FIRST_FRAME state=FIRST_FRAME_RECEIVED attempts=1 streak=1
[2026-09-14T11:33:51.016Z] batch=field-waveform-1789385539589-7 D6 FIRST_VALID_SAMPLE state=FIRST_FRAME_RECEIVED attempts=1 streak=1
[2026-09-14T11:33:51.023Z] batch=field-waveform-1789385539589-7 D3 FIRST_FRAME state=FIRST_FRAME_RECEIVED attempts=1 streak=1
[2026-09-14T11:33:51.024Z] batch=field-waveform-1789385539589-7 D3 FIRST_VALID_SAMPLE state=FIRST_FRAME_RECEIVED attempts=1 streak=1
[2026-09-14T11:33:51.132Z] batch=field-waveform-1789385539589-7 D4 CHANNEL_SYNC_OK state=TEST_READY attempts=1 streak=5
[2026-09-14T11:33:51.132Z] batch=field-waveform-1789385539589-7 D4 TEST_READY state=TEST_READY attempts=1 streak=5
[2026-09-14T11:33:51.134Z] batch=field-waveform-1789385539589-7 D1 CHANNEL_SYNC_OK state=TEST_READY attempts=1 streak=5
[2026-09-14T11:33:51.134Z] batch=field-waveform-1789385539589-7 D1 TEST_READY state=TEST_READY attempts=1 streak=5
[2026-09-14T11:33:51.243Z] batch=field-waveform-1789385539589-7 D3 CHANNEL_SYNC_OK state=TEST_READY attempts=1 streak=5
[2026-09-14T11:33:51.243Z] batch=field-waveform-1789385539589-7 D3 TEST_READY state=TEST_READY attempts=1 streak=5
[2026-09-14T11:33:51.260Z] batch=field-waveform-1789385539589-7 D5 CHANNEL_SYNC_OK state=TEST_READY attempts=1 streak=5
[2026-09-14T11:33:51.261Z] batch=field-waveform-1789385539589-7 D5 TEST_READY state=TEST_READY attempts=1 streak=5
[2026-09-14T11:33:51.261Z] batch=field-waveform-1789385539589-7 D2 CHANNEL_SYNC_OK state=TEST_READY attempts=1 streak=5
[2026-09-14T11:33:51.262Z] batch=field-waveform-1789385539589-7 D2 TEST_READY state=TEST_READY attempts=1 streak=5
[2026-09-14T11:33:51.262Z] batch=field-waveform-1789385539589-7 D6 CHANNEL_SYNC_OK state=TEST_READY attempts=1 streak=5
[2026-09-14T11:33:51.263Z] batch=field-waveform-1789385539589-7 D6 TEST_READY state=TEST_READY attempts=1 streak=5
