[2026-09-14T10:24:52.532Z] batch=field-waveform-1789381334371-5 D3 MODE_SWITCH_START state=MODE_SWITCHING attempts=1 streak=0 attempt=1
[2026-09-14T10:24:52.535Z] batch=field-waveform-1789381334371-5 D3 MODE_SWITCH_OK state=MODE_SWITCH_OK attempts=1 streak=0
[2026-09-14T10:24:52.543Z] batch=field-waveform-1789381334371-5 D4 MODE_SWITCH_START state=MODE_SWITCHING attempts=1 streak=0 attempt=1
[2026-09-14T10:24:52.545Z] batch=field-waveform-1789381334371-5 D4 MODE_SWITCH_OK state=MODE_SWITCH_OK attempts=1 streak=0
[2026-09-14T10:24:52.686Z] batch=field-waveform-1789381334371-5 D1 MODE_SWITCH_START state=MODE_SWITCHING attempts=1 streak=0 attempt=1
[2026-09-14T10:24:52.689Z] batch=field-waveform-1789381334371-5 D1 MODE_SWITCH_OK state=MODE_SWITCH_OK attempts=1 streak=0
[2026-09-14T10:24:53.055Z] batch=field-waveform-1789381334371-5 D5 MODE_SWITCH_START state=MODE_SWITCHING attempts=1 streak=0 attempt=1
[2026-09-14T10:24:53.057Z] batch=field-waveform-1789381334371-5 D5 MODE_SWITCH_OK state=MODE_SWITCH_OK attempts=1 streak=0
[2026-09-14T10:24:53.062Z] batch=field-waveform-1789381334371-5 D6 MODE_SWITCH_START state=MODE_SWITCHING attempts=1 streak=0 attempt=1
[2026-09-14T10:24:53.063Z] batch=field-waveform-1789381334371-5 D6 MODE_SWITCH_OK state=MODE_SWITCH_OK attempts=1 streak=0
[2026-09-14T10:24:53.068Z] batch=field-waveform-1789381334371-5 D2 MODE_SWITCH_START state=MODE_SWITCHING attempts=1 streak=0 attempt=1
[2026-09-14T10:24:53.069Z] batch=field-waveform-1789381334371-5 D2 MODE_SWITCH_OK state=MODE_SWITCH_OK attempts=1 streak=0
[2026-09-14T10:24:55.481Z] batch=field-waveform-1789381495480-6 D1 MODE_SWITCH_START state=MODE_SWITCHING attempts=1 streak=0 attempt=1
[2026-09-14T10:24:55.483Z] batch=field-waveform-1789381495480-6 D2 MODE_SWITCH_START state=MODE_SWITCHING attempts=1 streak=0 attempt=1
[2026-09-14T10:24:55.484Z] batch=field-waveform-1789381495480-6 D3 MODE_SWITCH_START state=MODE_SWITCHING attempts=1 streak=0 attempt=1
[2026-09-14T10:24:55.484Z] batch=field-waveform-1789381495480-6 D4 MODE_SWITCH_START state=MODE_SWITCHING attempts=1 streak=0 attempt=1
[2026-09-14T10:24:55.485Z] batch=field-waveform-1789381495480-6 D5 MODE_SWITCH_START state=MODE_SWITCHING attempts=1 streak=0 attempt=1
[2026-09-14T10:24:55.486Z] batch=field-waveform-1789381495480-6 D6 MODE_SWITCH_START state=MODE_SWITCHING attempts=1 streak=0 attempt=1
[2026-09-14T10:24:55.488Z] batch=field-waveform-1789381495480-6 D1 MODE_SWITCH_OK state=MODE_SWITCH_OK attempts=1 streak=0
[2026-09-14T10:24:55.491Z] batch=field-waveform-1789381495480-6 D2 MODE_SWITCH_OK state=MODE_SWITCH_OK attempts=1 streak=0
[2026-09-14T10:24:55.491Z] batch=field-waveform-1789381495480-6 D3 MODE_SWITCH_OK state=MODE_SWITCH_OK attempts=1 streak=0
[2026-09-14T10:24:55.492Z] batch=field-waveform-1789381495480-6 D4 MODE_SWITCH_OK state=MODE_SWITCH_OK attempts=1 streak=0
[2026-09-14T10:24:55.492Z] batch=field-waveform-1789381495480-6 D5 MODE_SWITCH_OK state=MODE_SWITCH_OK attempts=1 streak=0
[2026-09-14T10:24:55.492Z] batch=field-waveform-1789381495480-6 D6 MODE_SWITCH_OK state=MODE_SWITCH_OK attempts=1 streak=0
[2026-09-14T10:25:02.540Z] batch=field-waveform-1789381495480-6 D3 MODE_SWITCH_START state=MODE_SWITCHING attempts=1 streak=0 attempt=1
[2026-09-14T10:25:02.542Z] batch=field-waveform-1789381495480-6 D3 MODE_SWITCH_OK state=MODE_SWITCH_OK attempts=1 streak=0
[2026-09-14T10:25:02.555Z] batch=field-waveform-1789381495480-6 D4 MODE_SWITCH_START state=MODE_SWITCHING attempts=1 streak=0 attempt=1
[2026-09-14T10:25:02.556Z] batch=field-waveform-1789381495480-6 D4 MODE_SWITCH_OK state=MODE_SWITCH_OK attempts=1 streak=0
[2026-09-14T10:25:02.693Z] batch=field-waveform-1789381495480-6 D1 MODE_SWITCH_START state=MODE_SWITCHING attempts=1 streak=0 attempt=1
[2026-09-14T10:25:02.695Z] batch=field-waveform-1789381495480-6 D1 MODE_SWITCH_OK state=MODE_SWITCH_OK attempts=1 streak=0
[2026-09-14T10:25:03.064Z] batch=field-waveform-1789381495480-6 D5 MODE_SWITCH_START state=MODE_SWITCHING attempts=1 streak=0 attempt=1
[2026-09-14T10:25:03.065Z] batch=field-waveform-1789381495480-6 D5 MODE_SWITCH_OK state=MODE_SWITCH_OK attempts=1 streak=0
[2026-09-14T10:25:03.067Z] batch=field-waveform-1789381495480-6 D6 MODE_SWITCH_START state=MODE_SWITCHING attempts=1 streak=0 attempt=1
[2026-09-14T10:25:03.068Z] batch=field-waveform-1789381495480-6 D6 MODE_SWITCH_OK state=MODE_SWITCH_OK attempts=1 streak=0
[2026-09-14T10:25:03.070Z] batch=field-waveform-1789381495480-6 D2 MODE_SWITCH_START state=MODE_SWITCHING attempts=1 streak=0 attempt=1
[2026-09-14T10:25:03.072Z] batch=field-waveform-1789381495480-6 D2 MODE_SWITCH_OK state=MODE_SWITCH_OK attempts=1 streak=0
[2026-09-14T10:25:12.545Z] batch=field-waveform-1789381495480-6 D3 MODE_SWITCH_START state=MODE_SWITCHING attempts=1 streak=0 attempt=1
[2026-09-14T10:25:12.547Z] batch=field-waveform-1789381495480-6 D3 MODE_SWITCH_OK state=MODE_SWITCH_OK attempts=1 streak=0
[2026-09-14T10:25:12.559Z] batch=field-waveform-1789381495480-6 D4 MODE_SWITCH_START state=MODE_SWITCHING attempts=1 streak=0 attempt=1
[2026-09-14T10:25:12.560Z] batch=field-waveform-1789381495480-6 D4 MODE_SWITCH_OK state=MODE_SWITCH_OK attempts=1 streak=0
[2026-09-14T10:25:12.704Z] batch=field-waveform-1789381495480-6 D1 MODE_SWITCH_START state=MODE_SWITCHING attempts=1 streak=0 attempt=1
[2026-09-14T10:25:12.706Z] batch=field-waveform-1789381495480-6 D1 MODE_SWITCH_OK state=MODE_SWITCH_OK attempts=1 streak=0
[2026-09-14T10:25:13.068Z] batch=field-waveform-1789381495480-6 D5 MODE_SWITCH_START state=MODE_SWITCHING attempts=1 streak=0 attempt=1
[2026-09-14T10:25:13.072Z] batch=field-waveform-1789381495480-6 D5 MODE_SWITCH_OK state=MODE_SWITCH_OK attempts=1 streak=0
[2026-09-14T10:25:13.074Z] batch=field-waveform-1789381495480-6 D6 MODE_SWITCH_START state=MODE_SWITCHING attempts=1 streak=0 attempt=1
[2026-09-14T10:25:13.075Z] batch=field-waveform-1789381495480-6 D6 MODE_SWITCH_OK state=MODE_SWITCH_OK attempts=1 streak=0
[2026-09-14T10:25:13.076Z] batch=field-waveform-1789381495480-6 D2 MODE_SWITCH_START state=MODE_SWITCHING attempts=1 streak=0 attempt=1
[2026-09-14T10:25:13.078Z] batch=field-waveform-1789381495480-6 D2 MODE_SWITCH_OK state=MODE_SWITCH_OK attempts=1 streak=0
[2026-09-14T10:25:22.556Z] batch=field-waveform-1789381495480-6 D3 MODE_SWITCH_START state=MODE_SWITCHING attempts=1 streak=0 attempt=1
[2026-09-14T10:25:22.558Z] batch=field-waveform-1789381495480-6 D3 MODE_SWITCH_OK state=MODE_SWITCH_OK attempts=1 streak=0
[2026-09-14T10:25:22.561Z] batch=field-waveform-1789381495480-6 D4 MODE_SWITCH_START state=MODE_SWITCHING attempts=1 streak=0 attempt=1
[2026-09-14T10:25:22.561Z] batch=field-waveform-1789381495480-6 D4 MODE_SWITCH_OK state=MODE_SWITCH_OK attempts=1 streak=0
[2026-09-14T10:25:22.707Z] batch=field-waveform-1789381495480-6 D1 MODE_SWITCH_START state=MODE_SWITCHING attempts=1 streak=0 attempt=1
[2026-09-14T10:25:22.708Z] batch=field-waveform-1789381495480-6 D1 MODE_SWITCH_OK state=MODE_SWITCH_OK attempts=1 streak=0
[2026-09-14T10:25:23.078Z] batch=field-waveform-1789381495480-6 D5 MODE_SWITCH_START state=MODE_SWITCHING attempts=1 streak=0 attempt=1
[2026-09-14T10:25:23.080Z] batch=field-waveform-1789381495480-6 D5 MODE_SWITCH_OK state=MODE_SWITCH_OK attempts=1 streak=0
[2026-09-14T10:25:23.081Z] batch=field-waveform-1789381495480-6 D6 MODE_SWITCH_START state=MODE_SWITCHING attempts=1 streak=0 attempt=1
[2026-09-14T10:25:23.082Z] batch=field-waveform-1789381495480-6 D6 MODE_SWITCH_OK state=MODE_SWITCH_OK attempts=1 streak=0
[2026-09-14T10:25:23.083Z] batch=field-waveform-1789381495480-6 D2 MODE_SWITCH_START state=MODE_SWITCHING attempts=1 streak=0 attempt=1
[2026-09-14T10:25:23.084Z] batch=field-waveform-1789381495480-6 D2 MODE_SWITCH_OK state=MODE_SWITCH_OK attempts=1 streak=0
[2026-09-14T10:25:27.590Z] batch=field-waveform-1789381495480-6 D3 FIRST_FRAME state=FIRST_FRAME_RECEIVED attempts=1 streak=1
[2026-09-14T10:25:27.590Z] batch=field-waveform-1789381495480-6 D3 FIRST_VALID_SAMPLE state=FIRST_FRAME_RECEIVED attempts=1 streak=1
[2026-09-14T10:25:32.574Z] batch=field-waveform-1789381495480-6 D4 MODE_SWITCH_START state=MODE_SWITCHING attempts=1 streak=0 attempt=1
[2026-09-14T10:25:32.577Z] batch=field-waveform-1789381495480-6 D4 MODE_SWITCH_OK state=MODE_SWITCH_OK attempts=1 streak=0
[2026-09-14T10:25:32.712Z] batch=field-waveform-1789381495480-6 D1 MODE_SWITCH_START state=MODE_SWITCHING attempts=1 streak=0 attempt=1
[2026-09-14T10:25:32.713Z] batch=field-waveform-1789381495480-6 D1 MODE_SWITCH_OK state=MODE_SWITCH_OK attempts=1 streak=0
[2026-09-14T10:25:33.094Z] batch=field-waveform-1789381495480-6 D5 MODE_SWITCH_START state=MODE_SWITCHING attempts=1 streak=0 attempt=1
[2026-09-14T10:25:33.096Z] batch=field-waveform-1789381495480-6 D5 MODE_SWITCH_OK state=MODE_SWITCH_OK attempts=1 streak=0
[2026-09-14T10:25:33.096Z] batch=field-waveform-1789381495480-6 D6 MODE_SWITCH_START state=MODE_SWITCHING attempts=1 streak=0 attempt=1
[2026-09-14T10:25:33.097Z] batch=field-waveform-1789381495480-6 D6 MODE_SWITCH_OK state=MODE_SWITCH_OK attempts=1 streak=0
[2026-09-14T10:25:33.098Z] batch=field-waveform-1789381495480-6 D2 MODE_SWITCH_START state=MODE_SWITCHING attempts=1 streak=0 attempt=1
[2026-09-14T10:25:33.098Z] batch=field-waveform-1789381495480-6 D2 MODE_SWITCH_OK state=MODE_SWITCH_OK attempts=1 streak=0
[2026-09-14T10:25:37.606Z] batch=field-waveform-1789381495480-6 D3 MODE_SWITCH_START state=MODE_SWITCHING attempts=1 streak=0 attempt=1
[2026-09-14T10:25:37.608Z] batch=field-waveform-1789381495480-6 D3 MODE_SWITCH_OK state=MODE_SWITCH_OK attempts=1 streak=0
[2026-09-14T10:25:41.269Z] batch=field-waveform-1789381495480-6 D2 FIRST_FRAME state=FIRST_FRAME_RECEIVED attempts=1 streak=1
[2026-09-14T10:25:41.269Z] batch=field-waveform-1789381495480-6 D2 FIRST_VALID_SAMPLE state=FIRST_FRAME_RECEIVED attempts=1 streak=1
[2026-09-14T10:25:41.274Z] batch=field-waveform-1789381495480-6 D6 FIRST_FRAME state=FIRST_FRAME_RECEIVED attempts=1 streak=1
[2026-09-14T10:25:41.274Z] batch=field-waveform-1789381495480-6 D6 FIRST_VALID_SAMPLE state=FIRST_FRAME_RECEIVED attempts=1 streak=1
[2026-09-14T10:25:41.289Z] batch=field-waveform-1789381495480-6 D5 FIRST_FRAME state=FIRST_FRAME_RECEIVED attempts=1 streak=1
[2026-09-14T10:25:41.290Z] batch=field-waveform-1789381495480-6 D5 FIRST_VALID_SAMPLE state=FIRST_FRAME_RECEIVED attempts=1 streak=1
[2026-09-14T10:25:41.302Z] batch=field-waveform-1789381495480-6 D1 FIRST_FRAME state=FIRST_FRAME_RECEIVED attempts=1 streak=1
[2026-09-14T10:25:41.303Z] batch=field-waveform-1789381495480-6 D1 FIRST_VALID_SAMPLE state=FIRST_FRAME_RECEIVED attempts=1 streak=1
[2026-09-14T10:25:41.314Z] batch=field-waveform-1789381495480-6 D4 FIRST_FRAME state=FIRST_FRAME_RECEIVED attempts=1 streak=1
[2026-09-14T10:25:41.314Z] batch=field-waveform-1789381495480-6 D4 FIRST_VALID_SAMPLE state=FIRST_FRAME_RECEIVED attempts=1 streak=1
[2026-09-14T10:25:41.518Z] batch=field-waveform-1789381495480-6 D2 CHANNEL_SYNC_OK state=TEST_READY attempts=1 streak=5
[2026-09-14T10:25:41.519Z] batch=field-waveform-1789381495480-6 D2 TEST_READY state=TEST_READY attempts=1 streak=5
[2026-09-14T10:25:41.549Z] batch=field-waveform-1789381495480-6 D6 CHANNEL_SYNC_OK state=TEST_READY attempts=1 streak=5
[2026-09-14T10:25:41.550Z] batch=field-waveform-1789381495480-6 D6 TEST_READY state=TEST_READY attempts=1 streak=5
[2026-09-14T10:25:41.551Z] batch=field-waveform-1789381495480-6 D5 CHANNEL_SYNC_OK state=TEST_READY attempts=1 streak=5
[2026-09-14T10:25:41.551Z] batch=field-waveform-1789381495480-6 D5 TEST_READY state=TEST_READY attempts=1 streak=5
[2026-09-14T10:25:41.567Z] batch=field-waveform-1789381495480-6 D1 CHANNEL_SYNC_OK state=TEST_READY attempts=1 streak=5
[2026-09-14T10:25:41.568Z] batch=field-waveform-1789381495480-6 D1 TEST_READY state=TEST_READY attempts=1 streak=5
[2026-09-14T10:25:41.569Z] batch=field-waveform-1789381495480-6 D4 CHANNEL_SYNC_OK state=TEST_READY attempts=1 streak=5
[2026-09-14T10:25:41.569Z] batch=field-waveform-1789381495480-6 D4 TEST_READY state=TEST_READY attempts=1 streak=5
[2026-09-14T10:25:42.652Z] batch=field-waveform-1789381495480-6 D3 FIRST_FRAME state=FIRST_FRAME_RECEIVED attempts=1 streak=1
[2026-09-14T10:25:42.652Z] batch=field-waveform-1789381495480-6 D3 FIRST_VALID_SAMPLE state=FIRST_FRAME_RECEIVED attempts=1 streak=1
[2026-09-14T10:25:42.906Z] batch=field-waveform-1789381495480-6 D3 CHANNEL_SYNC_OK state=TEST_READY attempts=1 streak=5
[2026-09-14T10:25:42.906Z] batch=field-waveform-1789381495480-6 D3 TEST_READY state=TEST_READY attempts=1 streak=5
[2026-09-14T10:26:34.123Z] batch=field-waveform-1789381495480-6 D3 MODE_SWITCH_START state=MODE_SWITCHING attempts=1 streak=0 attempt=1
[2026-09-14T10:26:34.125Z] batch=field-waveform-1789381495480-6 D3 MODE_SWITCH_OK state=MODE_SWITCH_OK attempts=1 streak=0
[2026-09-14T10:26:42.606Z] batch=field-waveform-1789381495480-6 D4 MODE_SWITCH_START state=MODE_SWITCHING attempts=1 streak=0 attempt=1
[2026-09-14T10:26:42.607Z] batch=field-waveform-1789381495480-6 D4 MODE_SWITCH_OK state=MODE_SWITCH_OK attempts=1 streak=0
[2026-09-14T10:26:42.709Z] batch=field-waveform-1789381495480-6 D1 MODE_SWITCH_START state=MODE_SWITCHING attempts=1 streak=0 attempt=1
[2026-09-14T10:26:42.710Z] batch=field-waveform-1789381495480-6 D1 MODE_SWITCH_OK state=MODE_SWITCH_OK attempts=1 streak=0
[2026-09-14T10:26:43.128Z] batch=field-waveform-1789381495480-6 D2 MODE_SWITCH_START state=MODE_SWITCHING attempts=1 streak=0 attempt=1
[2026-09-14T10:26:43.129Z] batch=field-waveform-1789381495480-6 D2 MODE_SWITCH_OK state=MODE_SWITCH_OK attempts=1 streak=0
[2026-09-14T10:26:43.132Z] batch=field-waveform-1789381495480-6 D6 MODE_SWITCH_START state=MODE_SWITCHING attempts=1 streak=0 attempt=1
[2026-09-14T10:26:43.133Z] batch=field-waveform-1789381495480-6 D6 MODE_SWITCH_OK state=MODE_SWITCH_OK attempts=1 streak=0
[2026-09-14T10:26:43.137Z] batch=field-waveform-1789381495480-6 D5 MODE_SWITCH_START state=MODE_SWITCHING attempts=1 streak=0 attempt=1
[2026-09-14T10:26:43.138Z] batch=field-waveform-1789381495480-6 D5 MODE_SWITCH_OK state=MODE_SWITCH_OK attempts=1 streak=0
[2026-09-14T10:26:44.223Z] batch=field-waveform-1789381495480-6 D3 MODE_SWITCH_START state=MODE_SWITCHING attempts=1 streak=0 attempt=1
[2026-09-14T10:26:44.224Z] batch=field-waveform-1789381495480-6 D3 MODE_SWITCH_OK state=MODE_SWITCH_OK attempts=1 streak=0
[2026-09-14T10:26:49.408Z] batch=field-waveform-1789381495480-6 D3 FIRST_FRAME state=FIRST_FRAME_RECEIVED attempts=1 streak=1
[2026-09-14T10:26:49.409Z] batch=field-waveform-1789381495480-6 D3 FIRST_VALID_SAMPLE state=FIRST_FRAME_RECEIVED attempts=1 streak=1
[2026-09-14T10:26:49.541Z] batch=field-waveform-1789381495480-6 D3 CHANNEL_SYNC_OK state=TEST_READY attempts=1 streak=5
[2026-09-14T10:26:49.541Z] batch=field-waveform-1789381495480-6 D3 TEST_READY state=TEST_READY attempts=1 streak=5
[2026-09-14T10:26:52.629Z] batch=field-waveform-1789381495480-6 D4 MODE_SWITCH_START state=MODE_SWITCHING attempts=1 streak=0 attempt=1
[2026-09-14T10:26:52.630Z] batch=field-waveform-1789381495480-6 D4 MODE_SWITCH_OK state=MODE_SWITCH_OK attempts=1 streak=0
[2026-09-14T10:26:52.835Z] batch=field-waveform-1789381495480-6 D1 MODE_SWITCH_START state=MODE_SWITCHING attempts=1 streak=0 attempt=1
[2026-09-14T10:26:52.836Z] batch=field-waveform-1789381495480-6 D1 MODE_SWITCH_OK state=MODE_SWITCH_OK attempts=1 streak=0
[2026-09-14T10:26:53.147Z] batch=field-waveform-1789381495480-6 D2 MODE_SWITCH_START state=MODE_SWITCHING attempts=1 streak=0 attempt=1
[2026-09-14T10:26:53.148Z] batch=field-waveform-1789381495480-6 D2 MODE_SWITCH_OK state=MODE_SWITCH_OK attempts=1 streak=0
[2026-09-14T10:26:53.151Z] batch=field-waveform-1789381495480-6 D6 MODE_SWITCH_START state=MODE_SWITCHING attempts=1 streak=0 attempt=1
[2026-09-14T10:26:53.152Z] batch=field-waveform-1789381495480-6 D6 MODE_SWITCH_OK state=MODE_SWITCH_OK attempts=1 streak=0
[2026-09-14T10:26:53.155Z] batch=field-waveform-1789381495480-6 D5 MODE_SWITCH_START state=MODE_SWITCHING attempts=1 streak=0 attempt=1
[2026-09-14T10:26:53.155Z] batch=field-waveform-1789381495480-6 D5 MODE_SWITCH_OK state=MODE_SWITCH_OK attempts=1 streak=0
[2026-09-14T10:26:57.809Z] batch=field-waveform-1789381495480-6 D4 FIRST_FRAME state=FIRST_FRAME_RECEIVED attempts=1 streak=1
[2026-09-14T10:26:57.810Z] batch=field-waveform-1789381495480-6 D4 FIRST_VALID_SAMPLE state=FIRST_FRAME_RECEIVED attempts=1 streak=1
[2026-09-14T10:26:58.041Z] batch=field-waveform-1789381495480-6 D1 FIRST_FRAME state=FIRST_FRAME_RECEIVED attempts=1 streak=1
[2026-09-14T10:26:58.042Z] batch=field-waveform-1789381495480-6 D1 FIRST_VALID_SAMPLE state=FIRST_FRAME_RECEIVED attempts=1 streak=1
[2026-09-14T10:26:58.044Z] batch=field-waveform-1789381495480-6 D4 CHANNEL_SYNC_OK state=TEST_READY attempts=1 streak=5
[2026-09-14T10:26:58.044Z] batch=field-waveform-1789381495480-6 D4 TEST_READY state=TEST_READY attempts=1 streak=5
[2026-09-14T10:26:58.225Z] batch=field-waveform-1789381495480-6 D1 CHANNEL_SYNC_OK state=TEST_READY attempts=1 streak=5
[2026-09-14T10:26:58.226Z] batch=field-waveform-1789381495480-6 D1 TEST_READY state=TEST_READY attempts=1 streak=5
[2026-09-14T10:26:58.392Z] batch=field-waveform-1789381495480-6 D6 FIRST_FRAME state=FIRST_FRAME_RECEIVED attempts=1 streak=1
[2026-09-14T10:26:58.392Z] batch=field-waveform-1789381495480-6 D6 FIRST_VALID_SAMPLE state=FIRST_FRAME_RECEIVED attempts=1 streak=1
[2026-09-14T10:26:58.394Z] batch=field-waveform-1789381495480-6 D2 FIRST_FRAME state=FIRST_FRAME_RECEIVED attempts=1 streak=1
[2026-09-14T10:26:58.395Z] batch=field-waveform-1789381495480-6 D2 FIRST_VALID_SAMPLE state=FIRST_FRAME_RECEIVED attempts=1 streak=1
[2026-09-14T10:26:58.446Z] batch=field-waveform-1789381495480-6 D5 FIRST_FRAME state=FIRST_FRAME_RECEIVED attempts=1 streak=1
[2026-09-14T10:26:58.447Z] batch=field-waveform-1789381495480-6 D5 FIRST_VALID_SAMPLE state=FIRST_FRAME_RECEIVED attempts=1 streak=1
[2026-09-14T10:26:58.660Z] batch=field-waveform-1789381495480-6 D6 CHANNEL_SYNC_OK state=TEST_READY attempts=1 streak=5
[2026-09-14T10:26:58.660Z] batch=field-waveform-1789381495480-6 D6 TEST_READY state=TEST_READY attempts=1 streak=5
[2026-09-14T10:26:58.661Z] batch=field-waveform-1789381495480-6 D2 CHANNEL_SYNC_OK state=TEST_READY attempts=1 streak=5
[2026-09-14T10:26:58.661Z] batch=field-waveform-1789381495480-6 D2 TEST_READY state=TEST_READY attempts=1 streak=5
[2026-09-14T10:26:58.663Z] batch=field-waveform-1789381495480-6 D5 CHANNEL_SYNC_OK state=TEST_READY attempts=1 streak=5
[2026-09-14T10:26:58.664Z] batch=field-waveform-1789381495480-6 D5 TEST_READY state=TEST_READY attempts=1 streak=5
[2026-09-14T10:27:25.017Z] batch=field-waveform-1789381495480-6 D4 MODE_SWITCH_START state=MODE_SWITCHING attempts=1 streak=0 attempt=1
[2026-09-14T10:27:25.018Z] batch=field-waveform-1789381495480-6 D4 MODE_SWITCH_OK state=MODE_SWITCH_OK attempts=1 streak=0
[2026-09-14T10:27:25.023Z] batch=field-waveform-1789381495480-6 D6 MODE_SWITCH_START state=MODE_SWITCHING attempts=1 streak=0 attempt=1
[2026-09-14T10:27:25.024Z] batch=field-waveform-1789381495480-6 D6 MODE_SWITCH_OK state=MODE_SWITCH_OK attempts=1 streak=0
[2026-09-14T10:27:25.029Z] batch=field-waveform-1789381495480-6 D5 MODE_SWITCH_START state=MODE_SWITCHING attempts=1 streak=0 attempt=1
[2026-09-14T10:27:25.030Z] batch=field-waveform-1789381495480-6 D5 MODE_SWITCH_OK state=MODE_SWITCH_OK attempts=1 streak=0
[2026-09-14T10:27:25.038Z] batch=field-waveform-1789381495480-6 D1 MODE_SWITCH_START state=MODE_SWITCHING attempts=1 streak=0 attempt=1
[2026-09-14T10:27:25.039Z] batch=field-waveform-1789381495480-6 D1 MODE_SWITCH_OK state=MODE_SWITCH_OK attempts=1 streak=0
[2026-09-14T10:27:25.349Z] batch=field-waveform-1789381495480-6 D2 MODE_SWITCH_START state=MODE_SWITCHING attempts=1 streak=0 attempt=1
[2026-09-14T10:27:25.350Z] batch=field-waveform-1789381495480-6 D2 MODE_SWITCH_OK state=MODE_SWITCH_OK attempts=1 streak=0
