[2026-09-14T10:03:40.671Z] batch=field-waveform-1789380060266-1 D2 MODE_SWITCH_START state=MODE_SWITCHING attempts=1 streak=0 attempt=1
[2026-09-14T10:03:40.674Z] batch=field-waveform-1789380060266-1 D2 MODE_SWITCH_OK state=MODE_SWITCH_OK attempts=1 streak=0
[2026-09-14T10:03:40.680Z] batch=field-waveform-1789380060266-1 D4 MODE_SWITCH_START state=MODE_SWITCHING attempts=1 streak=0 attempt=1
[2026-09-14T10:03:40.682Z] batch=field-waveform-1789380060266-1 D4 MODE_SWITCH_OK state=MODE_SWITCH_OK attempts=1 streak=0
[2026-09-14T10:03:40.688Z] batch=field-waveform-1789380060266-1 D3 MODE_SWITCH_START state=MODE_SWITCHING attempts=1 streak=0 attempt=1
[2026-09-14T10:03:40.689Z] batch=field-waveform-1789380060266-1 D3 MODE_SWITCH_OK state=MODE_SWITCH_OK attempts=1 streak=0
[2026-09-14T10:03:40.694Z] batch=field-waveform-1789380060266-1 D6 MODE_SWITCH_START state=MODE_SWITCHING attempts=1 streak=0 attempt=1
[2026-09-14T10:03:40.695Z] batch=field-waveform-1789380060266-1 D6 MODE_SWITCH_OK state=MODE_SWITCH_OK attempts=1 streak=0
[2026-09-14T10:03:40.700Z] batch=field-waveform-1789380060266-1 D1 MODE_SWITCH_START state=MODE_SWITCHING attempts=1 streak=0 attempt=1
[2026-09-14T10:03:40.702Z] batch=field-waveform-1789380060266-1 D1 MODE_SWITCH_OK state=MODE_SWITCH_OK attempts=1 streak=0
[2026-09-14T10:03:40.708Z] batch=field-waveform-1789380060266-1 D5 MODE_SWITCH_START state=MODE_SWITCHING attempts=1 streak=0 attempt=1
[2026-09-14T10:03:40.710Z] batch=field-waveform-1789380060266-1 D5 MODE_SWITCH_OK state=MODE_SWITCH_OK attempts=1 streak=0
[2026-09-14T10:03:49.441Z] batch=field-waveform-1789380229438-2 D1 MODE_SWITCH_START state=MODE_SWITCHING attempts=1 streak=0 attempt=1
[2026-09-14T10:03:49.446Z] batch=field-waveform-1789380229438-2 D2 MODE_SWITCH_START state=MODE_SWITCHING attempts=1 streak=0 attempt=1
[2026-09-14T10:03:49.450Z] batch=field-waveform-1789380229438-2 D3 MODE_SWITCH_START state=MODE_SWITCHING attempts=1 streak=0 attempt=1
[2026-09-14T10:03:49.453Z] batch=field-waveform-1789380229438-2 D4 MODE_SWITCH_START state=MODE_SWITCHING attempts=1 streak=0 attempt=1
[2026-09-14T10:03:49.455Z] batch=field-waveform-1789380229438-2 D5 MODE_SWITCH_START state=MODE_SWITCHING attempts=1 streak=0 attempt=1
[2026-09-14T10:03:49.457Z] batch=field-waveform-1789380229438-2 D6 MODE_SWITCH_START state=MODE_SWITCHING attempts=1 streak=0 attempt=1
[2026-09-14T10:03:49.463Z] batch=field-waveform-1789380229438-2 D1 MODE_SWITCH_OK state=MODE_SWITCH_OK attempts=1 streak=0
[2026-09-14T10:03:49.465Z] batch=field-waveform-1789380229438-2 D2 MODE_SWITCH_OK state=MODE_SWITCH_OK attempts=1 streak=0
[2026-09-14T10:03:49.467Z] batch=field-waveform-1789380229438-2 D3 MODE_SWITCH_OK state=MODE_SWITCH_OK attempts=1 streak=0
[2026-09-14T10:03:49.469Z] batch=field-waveform-1789380229438-2 D4 MODE_SWITCH_OK state=MODE_SWITCH_OK attempts=1 streak=0
[2026-09-14T10:03:49.471Z] batch=field-waveform-1789380229438-2 D5 MODE_SWITCH_OK state=MODE_SWITCH_OK attempts=1 streak=0
[2026-09-14T10:03:49.472Z] batch=field-waveform-1789380229438-2 D6 MODE_SWITCH_OK state=MODE_SWITCH_OK attempts=1 streak=0
[2026-09-14T10:03:50.683Z] batch=field-waveform-1789380229438-2 D2 MODE_SWITCH_START state=MODE_SWITCHING attempts=1 streak=0 attempt=1
[2026-09-14T10:03:50.686Z] batch=field-waveform-1789380229438-2 D2 MODE_SWITCH_OK state=MODE_SWITCH_OK attempts=1 streak=0
[2026-09-14T10:03:50.690Z] batch=field-waveform-1789380229438-2 D4 MODE_SWITCH_START state=MODE_SWITCHING attempts=1 streak=0 attempt=1
[2026-09-14T10:03:50.695Z] batch=field-waveform-1789380229438-2 D4 MODE_SWITCH_OK state=MODE_SWITCH_OK attempts=1 streak=0
[2026-09-14T10:03:50.698Z] batch=field-waveform-1789380229438-2 D3 MODE_SWITCH_START state=MODE_SWITCHING attempts=1 streak=0 attempt=1
[2026-09-14T10:03:50.700Z] batch=field-waveform-1789380229438-2 D3 MODE_SWITCH_OK state=MODE_SWITCH_OK attempts=1 streak=0
[2026-09-14T10:03:50.703Z] batch=field-waveform-1789380229438-2 D6 MODE_SWITCH_START state=MODE_SWITCHING attempts=1 streak=0 attempt=1
[2026-09-14T10:03:50.711Z] batch=field-waveform-1789380229438-2 D6 MODE_SWITCH_OK state=MODE_SWITCH_OK attempts=1 streak=0
[2026-09-14T10:03:50.714Z] batch=field-waveform-1789380229438-2 D1 MODE_SWITCH_START state=MODE_SWITCHING attempts=1 streak=0 attempt=1
[2026-09-14T10:03:50.715Z] batch=field-waveform-1789380229438-2 D1 MODE_SWITCH_OK state=MODE_SWITCH_OK attempts=1 streak=0
[2026-09-14T10:03:50.716Z] batch=field-waveform-1789380229438-2 D5 MODE_SWITCH_START state=MODE_SWITCHING attempts=1 streak=0 attempt=1
[2026-09-14T10:03:50.717Z] batch=field-waveform-1789380229438-2 D5 MODE_SWITCH_OK state=MODE_SWITCH_OK attempts=1 streak=0
[2026-09-14T10:04:00.691Z] batch=field-waveform-1789380229438-2 D2 MODE_SWITCH_START state=MODE_SWITCHING attempts=1 streak=0 attempt=1
[2026-09-14T10:04:00.694Z] batch=field-waveform-1789380229438-2 D2 MODE_SWITCH_OK state=MODE_SWITCH_OK attempts=1 streak=0
[2026-09-14T10:04:00.697Z] batch=field-waveform-1789380229438-2 D4 MODE_SWITCH_START state=MODE_SWITCHING attempts=1 streak=0 attempt=1
[2026-09-14T10:04:00.707Z] batch=field-waveform-1789380229438-2 D4 MODE_SWITCH_OK state=MODE_SWITCH_OK attempts=1 streak=0
[2026-09-14T10:04:00.712Z] batch=field-waveform-1789380229438-2 D3 MODE_SWITCH_START state=MODE_SWITCHING attempts=1 streak=0 attempt=1
[2026-09-14T10:04:00.714Z] batch=field-waveform-1789380229438-2 D3 MODE_SWITCH_OK state=MODE_SWITCH_OK attempts=1 streak=0
[2026-09-14T10:04:00.715Z] batch=field-waveform-1789380229438-2 D6 MODE_SWITCH_START state=MODE_SWITCHING attempts=1 streak=0 attempt=1
[2026-09-14T10:04:00.716Z] batch=field-waveform-1789380229438-2 D6 MODE_SWITCH_OK state=MODE_SWITCH_OK attempts=1 streak=0
[2026-09-14T10:04:00.720Z] batch=field-waveform-1789380229438-2 D1 MODE_SWITCH_START state=MODE_SWITCHING attempts=1 streak=0 attempt=1
[2026-09-14T10:04:00.721Z] batch=field-waveform-1789380229438-2 D1 MODE_SWITCH_OK state=MODE_SWITCH_OK attempts=1 streak=0
[2026-09-14T10:04:00.722Z] batch=field-waveform-1789380229438-2 D5 MODE_SWITCH_START state=MODE_SWITCHING attempts=1 streak=0 attempt=1
[2026-09-14T10:04:00.723Z] batch=field-waveform-1789380229438-2 D5 MODE_SWITCH_OK state=MODE_SWITCH_OK attempts=1 streak=0
[2026-09-14T10:04:10.702Z] batch=field-waveform-1789380229438-2 D2 MODE_SWITCH_START state=MODE_SWITCHING attempts=1 streak=0 attempt=1
[2026-09-14T10:04:10.703Z] batch=field-waveform-1789380229438-2 D2 MODE_SWITCH_OK state=MODE_SWITCH_OK attempts=1 streak=0
[2026-09-14T10:04:10.708Z] batch=field-waveform-1789380229438-2 D4 MODE_SWITCH_START state=MODE_SWITCHING attempts=1 streak=0 attempt=1
[2026-09-14T10:04:10.709Z] batch=field-waveform-1789380229438-2 D4 MODE_SWITCH_OK state=MODE_SWITCH_OK attempts=1 streak=0
[2026-09-14T10:04:10.722Z] batch=field-waveform-1789380229438-2 D3 MODE_SWITCH_START state=MODE_SWITCHING attempts=1 streak=0 attempt=1
[2026-09-14T10:04:10.726Z] batch=field-waveform-1789380229438-2 D3 MODE_SWITCH_OK state=MODE_SWITCH_OK attempts=1 streak=0
[2026-09-14T10:04:10.727Z] batch=field-waveform-1789380229438-2 D6 MODE_SWITCH_START state=MODE_SWITCHING attempts=1 streak=0 attempt=1
[2026-09-14T10:04:10.729Z] batch=field-waveform-1789380229438-2 D6 MODE_SWITCH_OK state=MODE_SWITCH_OK attempts=1 streak=0
[2026-09-14T10:04:10.731Z] batch=field-waveform-1789380229438-2 D1 MODE_SWITCH_START state=MODE_SWITCHING attempts=1 streak=0 attempt=1
[2026-09-14T10:04:10.733Z] batch=field-waveform-1789380229438-2 D1 MODE_SWITCH_OK state=MODE_SWITCH_OK attempts=1 streak=0
[2026-09-14T10:04:10.735Z] batch=field-waveform-1789380229438-2 D5 MODE_SWITCH_START state=MODE_SWITCHING attempts=1 streak=0 attempt=1
[2026-09-14T10:04:10.736Z] batch=field-waveform-1789380229438-2 D5 MODE_SWITCH_OK state=MODE_SWITCH_OK attempts=1 streak=0
[2026-09-14T10:04:20.707Z] batch=field-waveform-1789380229438-2 D2 MODE_SWITCH_START state=MODE_SWITCHING attempts=1 streak=0 attempt=1
[2026-09-14T10:04:20.710Z] batch=field-waveform-1789380229438-2 D2 MODE_SWITCH_OK state=MODE_SWITCH_OK attempts=1 streak=0
[2026-09-14T10:04:20.715Z] batch=field-waveform-1789380229438-2 D4 MODE_SWITCH_START state=MODE_SWITCHING attempts=1 streak=0 attempt=1
[2026-09-14T10:04:20.742Z] batch=field-waveform-1789380229438-2 D4 MODE_SWITCH_OK state=MODE_SWITCH_OK attempts=1 streak=0
[2026-09-14T10:04:20.746Z] batch=field-waveform-1789380229438-2 D3 MODE_SWITCH_START state=MODE_SWITCHING attempts=1 streak=0 attempt=1
[2026-09-14T10:04:20.749Z] batch=field-waveform-1789380229438-2 D3 MODE_SWITCH_OK state=MODE_SWITCH_OK attempts=1 streak=0
[2026-09-14T10:04:20.750Z] batch=field-waveform-1789380229438-2 D6 MODE_SWITCH_START state=MODE_SWITCHING attempts=1 streak=0 attempt=1
[2026-09-14T10:04:20.752Z] batch=field-waveform-1789380229438-2 D6 MODE_SWITCH_OK state=MODE_SWITCH_OK attempts=1 streak=0
[2026-09-14T10:04:20.753Z] batch=field-waveform-1789380229438-2 D1 MODE_SWITCH_START state=MODE_SWITCHING attempts=1 streak=0 attempt=1
[2026-09-14T10:04:20.754Z] batch=field-waveform-1789380229438-2 D1 MODE_SWITCH_OK state=MODE_SWITCH_OK attempts=1 streak=0
[2026-09-14T10:04:20.755Z] batch=field-waveform-1789380229438-2 D5 MODE_SWITCH_START state=MODE_SWITCHING attempts=1 streak=0 attempt=1
[2026-09-14T10:04:20.756Z] batch=field-waveform-1789380229438-2 D5 MODE_SWITCH_OK state=MODE_SWITCH_OK attempts=1 streak=0
[2026-09-14T10:04:30.715Z] batch=field-waveform-1789380229438-2 D2 MODE_SWITCH_START state=MODE_SWITCHING attempts=1 streak=0 attempt=1
[2026-09-14T10:04:30.721Z] batch=field-waveform-1789380229438-2 D2 MODE_SWITCH_OK state=MODE_SWITCH_OK attempts=1 streak=0
[2026-09-14T10:04:30.780Z] batch=field-waveform-1789380229438-2 D4 MODE_SWITCH_START state=MODE_SWITCHING attempts=1 streak=0 attempt=1
[2026-09-14T10:04:30.784Z] batch=field-waveform-1789380229438-2 D4 MODE_SWITCH_OK state=MODE_SWITCH_OK attempts=1 streak=0
[2026-09-14T10:04:30.786Z] batch=field-waveform-1789380229438-2 D3 MODE_SWITCH_START state=MODE_SWITCHING attempts=1 streak=0 attempt=1
[2026-09-14T10:04:30.787Z] batch=field-waveform-1789380229438-2 D3 MODE_SWITCH_OK state=MODE_SWITCH_OK attempts=1 streak=0
[2026-09-14T10:04:30.788Z] batch=field-waveform-1789380229438-2 D6 MODE_SWITCH_START state=MODE_SWITCHING attempts=1 streak=0 attempt=1
[2026-09-14T10:04:30.793Z] batch=field-waveform-1789380229438-2 D6 MODE_SWITCH_OK state=MODE_SWITCH_OK attempts=1 streak=0
[2026-09-14T10:04:30.796Z] batch=field-waveform-1789380229438-2 D1 MODE_SWITCH_START state=MODE_SWITCHING attempts=1 streak=0 attempt=1
[2026-09-14T10:04:30.799Z] batch=field-waveform-1789380229438-2 D1 MODE_SWITCH_OK state=MODE_SWITCH_OK attempts=1 streak=0
[2026-09-14T10:04:30.801Z] batch=field-waveform-1789380229438-2 D5 MODE_SWITCH_START state=MODE_SWITCHING attempts=1 streak=0 attempt=1
[2026-09-14T10:04:30.803Z] batch=field-waveform-1789380229438-2 D5 MODE_SWITCH_OK state=MODE_SWITCH_OK attempts=1 streak=0
[2026-09-14T10:04:37.503Z] batch=field-waveform-1789380229438-2 D4 FIRST_FRAME state=FIRST_FRAME_RECEIVED attempts=1 streak=1
[2026-09-14T10:04:37.504Z] batch=field-waveform-1789380229438-2 D4 FIRST_VALID_SAMPLE state=FIRST_FRAME_RECEIVED attempts=1 streak=1
[2026-09-14T10:04:37.522Z] batch=field-waveform-1789380229438-2 D2 FIRST_FRAME state=FIRST_FRAME_RECEIVED attempts=1 streak=1
[2026-09-14T10:04:37.523Z] batch=field-waveform-1789380229438-2 D2 FIRST_VALID_SAMPLE state=FIRST_FRAME_RECEIVED attempts=1 streak=1
[2026-09-14T10:04:37.538Z] batch=field-waveform-1789380229438-2 D1 FIRST_FRAME state=FIRST_FRAME_RECEIVED attempts=1 streak=1
[2026-09-14T10:04:37.538Z] batch=field-waveform-1789380229438-2 D1 FIRST_VALID_SAMPLE state=FIRST_FRAME_RECEIVED attempts=1 streak=1
[2026-09-14T10:04:37.540Z] batch=field-waveform-1789380229438-2 D5 FIRST_FRAME state=FIRST_FRAME_RECEIVED attempts=1 streak=1
[2026-09-14T10:04:37.541Z] batch=field-waveform-1789380229438-2 D5 FIRST_VALID_SAMPLE state=FIRST_FRAME_RECEIVED attempts=1 streak=1
[2026-09-14T10:04:37.544Z] batch=field-waveform-1789380229438-2 D3 FIRST_FRAME state=FIRST_FRAME_RECEIVED attempts=1 streak=1
[2026-09-14T10:04:37.544Z] batch=field-waveform-1789380229438-2 D3 FIRST_VALID_SAMPLE state=FIRST_FRAME_RECEIVED attempts=1 streak=1
[2026-09-14T10:04:37.547Z] batch=field-waveform-1789380229438-2 D6 FIRST_FRAME state=FIRST_FRAME_RECEIVED attempts=1 streak=1
[2026-09-14T10:04:37.547Z] batch=field-waveform-1789380229438-2 D6 FIRST_VALID_SAMPLE state=FIRST_FRAME_RECEIVED attempts=1 streak=1
[2026-09-14T10:04:37.753Z] batch=field-waveform-1789380229438-2 D4 CHANNEL_SYNC_OK state=TEST_READY attempts=1 streak=5
[2026-09-14T10:04:37.753Z] batch=field-waveform-1789380229438-2 D4 TEST_READY state=TEST_READY attempts=1 streak=5
[2026-09-14T10:04:37.773Z] batch=field-waveform-1789380229438-2 D2 CHANNEL_SYNC_OK state=TEST_READY attempts=1 streak=5
[2026-09-14T10:04:37.773Z] batch=field-waveform-1789380229438-2 D2 TEST_READY state=TEST_READY attempts=1 streak=5
[2026-09-14T10:04:37.810Z] batch=field-waveform-1789380229438-2 D1 CHANNEL_SYNC_OK state=TEST_READY attempts=1 streak=5
[2026-09-14T10:04:37.811Z] batch=field-waveform-1789380229438-2 D1 TEST_READY state=TEST_READY attempts=1 streak=5
[2026-09-14T10:04:37.813Z] batch=field-waveform-1789380229438-2 D3 CHANNEL_SYNC_OK state=TEST_READY attempts=1 streak=5
[2026-09-14T10:04:37.813Z] batch=field-waveform-1789380229438-2 D3 TEST_READY state=TEST_READY attempts=1 streak=5
[2026-09-14T10:04:37.815Z] batch=field-waveform-1789380229438-2 D6 CHANNEL_SYNC_OK state=TEST_READY attempts=1 streak=5
[2026-09-14T10:04:37.815Z] batch=field-waveform-1789380229438-2 D6 TEST_READY state=TEST_READY attempts=1 streak=5
[2026-09-14T10:04:37.816Z] batch=field-waveform-1789380229438-2 D5 CHANNEL_SYNC_OK state=TEST_READY attempts=1 streak=5
[2026-09-14T10:04:37.816Z] batch=field-waveform-1789380229438-2 D5 TEST_READY state=TEST_READY attempts=1 streak=5
[2026-09-14T10:05:28.075Z] batch=field-waveform-1789380229438-2 D3 MODE_SWITCH_START state=MODE_SWITCHING attempts=1 streak=0 attempt=1
[2026-09-14T10:05:28.077Z] batch=field-waveform-1789380229438-2 D3 MODE_SWITCH_OK state=MODE_SWITCH_OK attempts=1 streak=0
[2026-09-14T10:05:28.081Z] batch=field-waveform-1789380229438-2 D1 MODE_SWITCH_START state=MODE_SWITCHING attempts=1 streak=0 attempt=1
[2026-09-14T10:05:28.082Z] batch=field-waveform-1789380229438-2 D1 MODE_SWITCH_OK state=MODE_SWITCH_OK attempts=1 streak=0
[2026-09-14T10:05:28.267Z] batch=field-waveform-1789380229438-2 D2 MODE_SWITCH_START state=MODE_SWITCHING attempts=1 streak=0 attempt=1
[2026-09-14T10:05:28.268Z] batch=field-waveform-1789380229438-2 D2 MODE_SWITCH_OK state=MODE_SWITCH_OK attempts=1 streak=0
[2026-09-14T10:05:28.271Z] batch=field-waveform-1789380229438-2 D4 MODE_SWITCH_START state=MODE_SWITCHING attempts=1 streak=0 attempt=1
[2026-09-14T10:05:28.272Z] batch=field-waveform-1789380229438-2 D4 MODE_SWITCH_OK state=MODE_SWITCH_OK attempts=1 streak=0
[2026-09-14T10:05:28.275Z] batch=field-waveform-1789380229438-2 D6 MODE_SWITCH_START state=MODE_SWITCHING attempts=1 streak=0 attempt=1
[2026-09-14T10:05:28.276Z] batch=field-waveform-1789380229438-2 D6 MODE_SWITCH_OK state=MODE_SWITCH_OK attempts=1 streak=0
[2026-09-14T10:05:28.279Z] batch=field-waveform-1789380229438-2 D5 MODE_SWITCH_START state=MODE_SWITCHING attempts=1 streak=0 attempt=1
[2026-09-14T10:05:28.282Z] batch=field-waveform-1789380229438-2 D5 MODE_SWITCH_OK state=MODE_SWITCH_OK attempts=1 streak=0
[2026-09-14T10:05:38.104Z] batch=field-waveform-1789380229438-2 D3 MODE_SWITCH_START state=MODE_SWITCHING attempts=1 streak=0 attempt=1
[2026-09-14T10:05:38.112Z] batch=field-waveform-1789380229438-2 D3 MODE_SWITCH_OK state=MODE_SWITCH_OK attempts=1 streak=0
[2026-09-14T10:05:38.119Z] batch=field-waveform-1789380229438-2 D1 MODE_SWITCH_START state=MODE_SWITCHING attempts=1 streak=0 attempt=1
[2026-09-14T10:05:38.123Z] batch=field-waveform-1789380229438-2 D1 MODE_SWITCH_OK state=MODE_SWITCH_OK attempts=1 streak=0
[2026-09-14T10:05:38.420Z] batch=field-waveform-1789380229438-2 D2 MODE_SWITCH_START state=MODE_SWITCHING attempts=1 streak=0 attempt=1
[2026-09-14T10:05:38.423Z] batch=field-waveform-1789380229438-2 D2 MODE_SWITCH_OK state=MODE_SWITCH_OK attempts=1 streak=0
[2026-09-14T10:05:38.426Z] batch=field-waveform-1789380229438-2 D4 MODE_SWITCH_START state=MODE_SWITCHING attempts=1 streak=0 attempt=1
[2026-09-14T10:05:38.428Z] batch=field-waveform-1789380229438-2 D4 MODE_SWITCH_OK state=MODE_SWITCH_OK attempts=1 streak=0
[2026-09-14T10:05:38.431Z] batch=field-waveform-1789380229438-2 D6 MODE_SWITCH_START state=MODE_SWITCHING attempts=1 streak=0 attempt=1
[2026-09-14T10:05:38.432Z] batch=field-waveform-1789380229438-2 D6 MODE_SWITCH_OK state=MODE_SWITCH_OK attempts=1 streak=0
[2026-09-14T10:05:38.435Z] batch=field-waveform-1789380229438-2 D5 MODE_SWITCH_START state=MODE_SWITCHING attempts=1 streak=0 attempt=1
[2026-09-14T10:05:38.436Z] batch=field-waveform-1789380229438-2 D5 MODE_SWITCH_OK state=MODE_SWITCH_OK attempts=1 streak=0
[2026-09-14T10:05:43.161Z] batch=field-waveform-1789380229438-2 D3 FIRST_FRAME state=FIRST_FRAME_RECEIVED attempts=1 streak=1
[2026-09-14T10:05:43.161Z] batch=field-waveform-1789380229438-2 D3 FIRST_VALID_SAMPLE state=FIRST_FRAME_RECEIVED attempts=1 streak=1
[2026-09-14T10:05:43.268Z] batch=field-waveform-1789380229438-2 D1 FIRST_FRAME state=FIRST_FRAME_RECEIVED attempts=1 streak=1
[2026-09-14T10:05:43.268Z] batch=field-waveform-1789380229438-2 D1 FIRST_VALID_SAMPLE state=FIRST_FRAME_RECEIVED attempts=1 streak=1
[2026-09-14T10:05:43.478Z] batch=field-waveform-1789380229438-2 D3 CHANNEL_SYNC_OK state=TEST_READY attempts=1 streak=5
[2026-09-14T10:05:43.479Z] batch=field-waveform-1789380229438-2 D3 TEST_READY state=TEST_READY attempts=1 streak=5
[2026-09-14T10:05:43.480Z] batch=field-waveform-1789380229438-2 D1 CHANNEL_SYNC_OK state=TEST_READY attempts=1 streak=5
[2026-09-14T10:05:43.480Z] batch=field-waveform-1789380229438-2 D1 TEST_READY state=TEST_READY attempts=1 streak=5
[2026-09-14T10:05:43.621Z] batch=field-waveform-1789380229438-2 D6 FIRST_FRAME state=FIRST_FRAME_RECEIVED attempts=1 streak=1
[2026-09-14T10:05:43.621Z] batch=field-waveform-1789380229438-2 D6 FIRST_VALID_SAMPLE state=FIRST_FRAME_RECEIVED attempts=1 streak=1
[2026-09-14T10:05:43.639Z] batch=field-waveform-1789380229438-2 D4 FIRST_FRAME state=FIRST_FRAME_RECEIVED attempts=1 streak=1
[2026-09-14T10:05:43.640Z] batch=field-waveform-1789380229438-2 D4 FIRST_VALID_SAMPLE state=FIRST_FRAME_RECEIVED attempts=1 streak=1
[2026-09-14T10:05:43.647Z] batch=field-waveform-1789380229438-2 D5 FIRST_FRAME state=FIRST_FRAME_RECEIVED attempts=1 streak=1
[2026-09-14T10:05:43.648Z] batch=field-waveform-1789380229438-2 D5 FIRST_VALID_SAMPLE state=FIRST_FRAME_RECEIVED attempts=1 streak=1
[2026-09-14T10:05:43.650Z] batch=field-waveform-1789380229438-2 D2 FIRST_FRAME state=FIRST_FRAME_RECEIVED attempts=1 streak=1
[2026-09-14T10:05:43.650Z] batch=field-waveform-1789380229438-2 D2 FIRST_VALID_SAMPLE state=FIRST_FRAME_RECEIVED attempts=1 streak=1
[2026-09-14T10:05:43.792Z] batch=field-waveform-1789380229438-2 D6 CHANNEL_SYNC_OK state=TEST_READY attempts=1 streak=5
[2026-09-14T10:05:43.792Z] batch=field-waveform-1789380229438-2 D6 TEST_READY state=TEST_READY attempts=1 streak=5
[2026-09-14T10:05:43.794Z] batch=field-waveform-1789380229438-2 D4 CHANNEL_SYNC_OK state=TEST_READY attempts=1 streak=5
[2026-09-14T10:05:43.795Z] batch=field-waveform-1789380229438-2 D4 TEST_READY state=TEST_READY attempts=1 streak=5
[2026-09-14T10:05:43.796Z] batch=field-waveform-1789380229438-2 D5 CHANNEL_SYNC_OK state=TEST_READY attempts=1 streak=5
[2026-09-14T10:05:43.797Z] batch=field-waveform-1789380229438-2 D5 TEST_READY state=TEST_READY attempts=1 streak=5
[2026-09-14T10:05:43.798Z] batch=field-waveform-1789380229438-2 D2 CHANNEL_SYNC_OK state=TEST_READY attempts=1 streak=5
[2026-09-14T10:05:43.798Z] batch=field-waveform-1789380229438-2 D2 TEST_READY state=TEST_READY attempts=1 streak=5
