[2026-09-20T02:50:22.894Z] batch=field-waveform-1789872465382-14 D1 MODE_SWITCH_START state=MODE_SWITCHING attempts=1 streak=0 attempt=1
[2026-09-20T02:50:22.895Z] batch=field-waveform-1789872465382-14 D1 MODE_SWITCH_OK state=MODE_SWITCH_OK attempts=1 streak=0
[2026-09-20T02:50:23.745Z] batch=field-waveform-1789872465382-14 D5 MODE_SWITCH_START state=MODE_SWITCHING attempts=1 streak=0 attempt=1
[2026-09-20T02:50:23.746Z] batch=field-waveform-1789872465382-14 D5 MODE_SWITCH_OK state=MODE_SWITCH_OK attempts=1 streak=0
[2026-09-20T02:50:23.758Z] batch=field-waveform-1789872465382-14 D6 MODE_SWITCH_START state=MODE_SWITCHING attempts=1 streak=0 attempt=1
[2026-09-20T02:50:23.759Z] batch=field-waveform-1789872465382-14 D6 MODE_SWITCH_OK state=MODE_SWITCH_OK attempts=1 streak=0
[2026-09-20T02:50:23.765Z] batch=field-waveform-1789872465382-14 D2 MODE_SWITCH_START state=MODE_SWITCHING attempts=1 streak=0 attempt=1
[2026-09-20T02:50:23.766Z] batch=field-waveform-1789872465382-14 D2 MODE_SWITCH_OK state=MODE_SWITCH_OK attempts=1 streak=0
[2026-09-20T02:50:23.772Z] batch=field-waveform-1789872465382-14 D4 MODE_SWITCH_START state=MODE_SWITCHING attempts=1 streak=0 attempt=1
[2026-09-20T02:50:23.773Z] batch=field-waveform-1789872465382-14 D4 MODE_SWITCH_OK state=MODE_SWITCH_OK attempts=1 streak=0
[2026-09-20T02:50:23.779Z] batch=field-waveform-1789872465382-14 D3 MODE_SWITCH_START state=MODE_SWITCHING attempts=1 streak=0 attempt=1
[2026-09-20T02:50:23.780Z] batch=field-waveform-1789872465382-14 D3 MODE_SWITCH_OK state=MODE_SWITCH_OK attempts=1 streak=0
[2026-09-20T02:50:27.136Z] batch=field-waveform-1789872627135-15 D1 MODE_SWITCH_START state=MODE_SWITCHING attempts=1 streak=0 attempt=1
[2026-09-20T02:50:27.138Z] batch=field-waveform-1789872627135-15 D2 MODE_SWITCH_START state=MODE_SWITCHING attempts=1 streak=0 attempt=1
[2026-09-20T02:50:27.138Z] batch=field-waveform-1789872627135-15 D3 MODE_SWITCH_START state=MODE_SWITCHING attempts=1 streak=0 attempt=1
[2026-09-20T02:50:27.139Z] batch=field-waveform-1789872627135-15 D4 MODE_SWITCH_START state=MODE_SWITCHING attempts=1 streak=0 attempt=1
[2026-09-20T02:50:27.140Z] batch=field-waveform-1789872627135-15 D5 MODE_SWITCH_START state=MODE_SWITCHING attempts=1 streak=0 attempt=1
[2026-09-20T02:50:27.140Z] batch=field-waveform-1789872627135-15 D6 MODE_SWITCH_START state=MODE_SWITCHING attempts=1 streak=0 attempt=1
[2026-09-20T02:50:27.142Z] batch=field-waveform-1789872627135-15 D1 MODE_SWITCH_OK state=MODE_SWITCH_OK attempts=1 streak=0
[2026-09-20T02:50:27.143Z] batch=field-waveform-1789872627135-15 D2 MODE_SWITCH_OK state=MODE_SWITCH_OK attempts=1 streak=0
[2026-09-20T02:50:27.144Z] batch=field-waveform-1789872627135-15 D3 MODE_SWITCH_OK state=MODE_SWITCH_OK attempts=1 streak=0
[2026-09-20T02:50:27.144Z] batch=field-waveform-1789872627135-15 D4 MODE_SWITCH_OK state=MODE_SWITCH_OK attempts=1 streak=0
[2026-09-20T02:50:27.144Z] batch=field-waveform-1789872627135-15 D5 MODE_SWITCH_OK state=MODE_SWITCH_OK attempts=1 streak=0
[2026-09-20T02:50:27.145Z] batch=field-waveform-1789872627135-15 D6 MODE_SWITCH_OK state=MODE_SWITCH_OK attempts=1 streak=0
[2026-09-20T02:50:32.898Z] batch=field-waveform-1789872627135-15 D1 MODE_SWITCH_START state=MODE_SWITCHING attempts=1 streak=0 attempt=1
[2026-09-20T02:50:32.900Z] batch=field-waveform-1789872627135-15 D1 MODE_SWITCH_OK state=MODE_SWITCH_OK attempts=1 streak=0
[2026-09-20T02:50:33.749Z] batch=field-waveform-1789872627135-15 D5 MODE_SWITCH_START state=MODE_SWITCHING attempts=1 streak=0 attempt=1
[2026-09-20T02:50:33.751Z] batch=field-waveform-1789872627135-15 D5 MODE_SWITCH_OK state=MODE_SWITCH_OK attempts=1 streak=0
[2026-09-20T02:50:33.772Z] batch=field-waveform-1789872627135-15 D6 MODE_SWITCH_START state=MODE_SWITCHING attempts=1 streak=0 attempt=1
[2026-09-20T02:50:33.773Z] batch=field-waveform-1789872627135-15 D6 MODE_SWITCH_OK state=MODE_SWITCH_OK attempts=1 streak=0
[2026-09-20T02:50:33.775Z] batch=field-waveform-1789872627135-15 D2 MODE_SWITCH_START state=MODE_SWITCHING attempts=1 streak=0 attempt=1
[2026-09-20T02:50:33.783Z] batch=field-waveform-1789872627135-15 D2 MODE_SWITCH_OK state=MODE_SWITCH_OK attempts=1 streak=0
[2026-09-20T02:50:33.784Z] batch=field-waveform-1789872627135-15 D4 MODE_SWITCH_START state=MODE_SWITCHING attempts=1 streak=0 attempt=1
[2026-09-20T02:50:33.785Z] batch=field-waveform-1789872627135-15 D4 MODE_SWITCH_OK state=MODE_SWITCH_OK attempts=1 streak=0
[2026-09-20T02:50:33.786Z] batch=field-waveform-1789872627135-15 D3 MODE_SWITCH_START state=MODE_SWITCHING attempts=1 streak=0 attempt=1
[2026-09-20T02:50:33.786Z] batch=field-waveform-1789872627135-15 D3 MODE_SWITCH_OK state=MODE_SWITCH_OK attempts=1 streak=0
[2026-09-20T02:50:42.915Z] batch=field-waveform-1789872627135-15 D1 MODE_SWITCH_START state=MODE_SWITCHING attempts=1 streak=0 attempt=1
[2026-09-20T02:50:42.917Z] batch=field-waveform-1789872627135-15 D1 MODE_SWITCH_OK state=MODE_SWITCH_OK attempts=1 streak=0
[2026-09-20T02:50:43.753Z] batch=field-waveform-1789872627135-15 D5 MODE_SWITCH_START state=MODE_SWITCHING attempts=1 streak=0 attempt=1
[2026-09-20T02:50:43.755Z] batch=field-waveform-1789872627135-15 D5 MODE_SWITCH_OK state=MODE_SWITCH_OK attempts=1 streak=0
[2026-09-20T02:50:43.776Z] batch=field-waveform-1789872627135-15 D6 MODE_SWITCH_START state=MODE_SWITCHING attempts=1 streak=0 attempt=1
[2026-09-20T02:50:43.779Z] batch=field-waveform-1789872627135-15 D6 MODE_SWITCH_OK state=MODE_SWITCH_OK attempts=1 streak=0
[2026-09-20T02:50:43.791Z] batch=field-waveform-1789872627135-15 D2 MODE_SWITCH_START state=MODE_SWITCHING attempts=1 streak=0 attempt=1
[2026-09-20T02:50:43.794Z] batch=field-waveform-1789872627135-15 D2 MODE_SWITCH_OK state=MODE_SWITCH_OK attempts=1 streak=0
[2026-09-20T02:50:43.799Z] batch=field-waveform-1789872627135-15 D4 MODE_SWITCH_START state=MODE_SWITCHING attempts=1 streak=0 attempt=1
[2026-09-20T02:50:43.802Z] batch=field-waveform-1789872627135-15 D4 MODE_SWITCH_OK state=MODE_SWITCH_OK attempts=1 streak=0
[2026-09-20T02:50:43.804Z] batch=field-waveform-1789872627135-15 D3 MODE_SWITCH_START state=MODE_SWITCHING attempts=1 streak=0 attempt=1
[2026-09-20T02:50:43.806Z] batch=field-waveform-1789872627135-15 D3 MODE_SWITCH_OK state=MODE_SWITCH_OK attempts=1 streak=0
[2026-09-20T02:50:52.929Z] batch=field-waveform-1789872627135-15 D1 MODE_SWITCH_START state=MODE_SWITCHING attempts=1 streak=0 attempt=1
[2026-09-20T02:50:52.931Z] batch=field-waveform-1789872627135-15 D1 MODE_SWITCH_OK state=MODE_SWITCH_OK attempts=1 streak=0
[2026-09-20T02:50:53.768Z] batch=field-waveform-1789872627135-15 D5 MODE_SWITCH_START state=MODE_SWITCHING attempts=1 streak=0 attempt=1
[2026-09-20T02:50:53.769Z] batch=field-waveform-1789872627135-15 D5 MODE_SWITCH_OK state=MODE_SWITCH_OK attempts=1 streak=0
[2026-09-20T02:50:53.783Z] batch=field-waveform-1789872627135-15 D6 MODE_SWITCH_START state=MODE_SWITCHING attempts=1 streak=0 attempt=1
[2026-09-20T02:50:53.783Z] batch=field-waveform-1789872627135-15 D6 MODE_SWITCH_OK state=MODE_SWITCH_OK attempts=1 streak=0
[2026-09-20T02:50:53.798Z] batch=field-waveform-1789872627135-15 D2 MODE_SWITCH_START state=MODE_SWITCHING attempts=1 streak=0 attempt=1
[2026-09-20T02:50:53.799Z] batch=field-waveform-1789872627135-15 D2 MODE_SWITCH_OK state=MODE_SWITCH_OK attempts=1 streak=0
[2026-09-20T02:50:53.807Z] batch=field-waveform-1789872627135-15 D4 MODE_SWITCH_START state=MODE_SWITCHING attempts=1 streak=0 attempt=1
[2026-09-20T02:50:53.808Z] batch=field-waveform-1789872627135-15 D4 MODE_SWITCH_OK state=MODE_SWITCH_OK attempts=1 streak=0
[2026-09-20T02:50:53.809Z] batch=field-waveform-1789872627135-15 D3 MODE_SWITCH_START state=MODE_SWITCHING attempts=1 streak=0 attempt=1
[2026-09-20T02:50:53.810Z] batch=field-waveform-1789872627135-15 D3 MODE_SWITCH_OK state=MODE_SWITCH_OK attempts=1 streak=0
[2026-09-20T02:50:57.980Z] batch=field-waveform-1789872627135-15 D1 FIRST_FRAME state=FIRST_FRAME_RECEIVED attempts=1 streak=1
[2026-09-20T02:50:57.980Z] batch=field-waveform-1789872627135-15 D1 FIRST_VALID_SAMPLE state=FIRST_FRAME_RECEIVED attempts=1 streak=1
[2026-09-20T02:50:58.230Z] batch=field-waveform-1789872627135-15 D1 CHANNEL_SYNC_OK state=TEST_READY attempts=1 streak=5
[2026-09-20T02:50:58.230Z] batch=field-waveform-1789872627135-15 D1 TEST_READY state=TEST_READY attempts=1 streak=5
[2026-09-20T02:51:03.772Z] batch=field-waveform-1789872627135-15 D5 MODE_SWITCH_START state=MODE_SWITCHING attempts=1 streak=0 attempt=1
[2026-09-20T02:51:03.774Z] batch=field-waveform-1789872627135-15 D5 MODE_SWITCH_OK state=MODE_SWITCH_OK attempts=1 streak=0
[2026-09-20T02:51:03.796Z] batch=field-waveform-1789872627135-15 D6 MODE_SWITCH_START state=MODE_SWITCHING attempts=1 streak=0 attempt=1
[2026-09-20T02:51:03.797Z] batch=field-waveform-1789872627135-15 D6 MODE_SWITCH_OK state=MODE_SWITCH_OK attempts=1 streak=0
[2026-09-20T02:51:03.811Z] batch=field-waveform-1789872627135-15 D2 MODE_SWITCH_START state=MODE_SWITCHING attempts=1 streak=0 attempt=1
[2026-09-20T02:51:03.814Z] batch=field-waveform-1789872627135-15 D2 MODE_SWITCH_OK state=MODE_SWITCH_OK attempts=1 streak=0
[2026-09-20T02:51:03.816Z] batch=field-waveform-1789872627135-15 D4 MODE_SWITCH_START state=MODE_SWITCHING attempts=1 streak=0 attempt=1
[2026-09-20T02:51:03.819Z] batch=field-waveform-1789872627135-15 D4 MODE_SWITCH_OK state=MODE_SWITCH_OK attempts=1 streak=0
[2026-09-20T02:51:03.820Z] batch=field-waveform-1789872627135-15 D3 MODE_SWITCH_START state=MODE_SWITCHING attempts=1 streak=0 attempt=1
[2026-09-20T02:51:03.821Z] batch=field-waveform-1789872627135-15 D3 MODE_SWITCH_OK state=MODE_SWITCH_OK attempts=1 streak=0
[2026-09-20T02:51:08.377Z] batch=field-waveform-1789872627135-15 D1 MODE_SWITCH_START state=MODE_SWITCHING attempts=1 streak=0 attempt=1
[2026-09-20T02:51:08.379Z] batch=field-waveform-1789872627135-15 D1 MODE_SWITCH_OK state=MODE_SWITCH_OK attempts=1 streak=0
[2026-09-20T02:51:08.809Z] batch=field-waveform-1789872627135-15 D5 FIRST_FRAME state=FIRST_FRAME_RECEIVED attempts=1 streak=1
[2026-09-20T02:51:08.809Z] batch=field-waveform-1789872627135-15 D5 FIRST_VALID_SAMPLE state=FIRST_FRAME_RECEIVED attempts=1 streak=1
[2026-09-20T02:51:08.863Z] batch=field-waveform-1789872627135-15 D3 FIRST_FRAME state=FIRST_FRAME_RECEIVED attempts=1 streak=1
[2026-09-20T02:51:08.863Z] batch=field-waveform-1789872627135-15 D3 FIRST_VALID_SAMPLE state=FIRST_FRAME_RECEIVED attempts=1 streak=1
[2026-09-20T02:51:08.865Z] batch=field-waveform-1789872627135-15 D6 FIRST_FRAME state=FIRST_FRAME_RECEIVED attempts=1 streak=1
[2026-09-20T02:51:08.867Z] batch=field-waveform-1789872627135-15 D6 FIRST_VALID_SAMPLE state=FIRST_FRAME_RECEIVED attempts=1 streak=1
[2026-09-20T02:51:08.874Z] batch=field-waveform-1789872627135-15 D2 FIRST_FRAME state=FIRST_FRAME_RECEIVED attempts=1 streak=1
[2026-09-20T02:51:08.874Z] batch=field-waveform-1789872627135-15 D2 FIRST_VALID_SAMPLE state=FIRST_FRAME_RECEIVED attempts=1 streak=1
[2026-09-20T02:51:08.884Z] batch=field-waveform-1789872627135-15 D4 FIRST_FRAME state=FIRST_FRAME_RECEIVED attempts=1 streak=1
[2026-09-20T02:51:08.885Z] batch=field-waveform-1789872627135-15 D4 FIRST_VALID_SAMPLE state=FIRST_FRAME_RECEIVED attempts=1 streak=1
[2026-09-20T02:51:09.062Z] batch=field-waveform-1789872627135-15 D5 CHANNEL_SYNC_OK state=TEST_READY attempts=1 streak=5
[2026-09-20T02:51:09.062Z] batch=field-waveform-1789872627135-15 D5 TEST_READY state=TEST_READY attempts=1 streak=5
[2026-09-20T02:51:09.119Z] batch=field-waveform-1789872627135-15 D6 CHANNEL_SYNC_OK state=TEST_READY attempts=1 streak=5
[2026-09-20T02:51:09.119Z] batch=field-waveform-1789872627135-15 D6 TEST_READY state=TEST_READY attempts=1 streak=5
[2026-09-20T02:51:09.120Z] batch=field-waveform-1789872627135-15 D3 CHANNEL_SYNC_OK state=TEST_READY attempts=1 streak=5
[2026-09-20T02:51:09.120Z] batch=field-waveform-1789872627135-15 D3 TEST_READY state=TEST_READY attempts=1 streak=5
[2026-09-20T02:51:09.140Z] batch=field-waveform-1789872627135-15 D2 CHANNEL_SYNC_OK state=TEST_READY attempts=1 streak=5
[2026-09-20T02:51:09.140Z] batch=field-waveform-1789872627135-15 D2 TEST_READY state=TEST_READY attempts=1 streak=5
[2026-09-20T02:51:09.142Z] batch=field-waveform-1789872627135-15 D4 CHANNEL_SYNC_OK state=TEST_READY attempts=1 streak=5
[2026-09-20T02:51:09.142Z] batch=field-waveform-1789872627135-15 D4 TEST_READY state=TEST_READY attempts=1 streak=5
[2026-09-20T02:51:13.420Z] batch=field-waveform-1789872627135-15 D1 FIRST_FRAME state=FIRST_FRAME_RECEIVED attempts=1 streak=1
[2026-09-20T02:51:13.421Z] batch=field-waveform-1789872627135-15 D1 FIRST_VALID_SAMPLE state=FIRST_FRAME_RECEIVED attempts=1 streak=1
[2026-09-20T02:51:13.669Z] batch=field-waveform-1789872627135-15 D1 CHANNEL_SYNC_OK state=TEST_READY attempts=1 streak=5
[2026-09-20T02:51:13.669Z] batch=field-waveform-1789872627135-15 D1 TEST_READY state=TEST_READY attempts=1 streak=5
[2026-09-20T02:52:04.875Z] batch=field-waveform-1789872627135-15 D1 MODE_SWITCH_START state=MODE_SWITCHING attempts=1 streak=0 attempt=1
[2026-09-20T02:52:04.876Z] batch=field-waveform-1789872627135-15 D1 MODE_SWITCH_OK state=MODE_SWITCH_OK attempts=1 streak=0
[2026-09-20T02:52:14.015Z] batch=field-waveform-1789872627135-15 D3 MODE_SWITCH_START state=MODE_SWITCHING attempts=1 streak=0 attempt=1
[2026-09-20T02:52:14.016Z] batch=field-waveform-1789872627135-15 D3 MODE_SWITCH_OK state=MODE_SWITCH_OK attempts=1 streak=0
[2026-09-20T02:52:14.019Z] batch=field-waveform-1789872627135-15 D2 MODE_SWITCH_START state=MODE_SWITCHING attempts=1 streak=0 attempt=1
[2026-09-20T02:52:14.020Z] batch=field-waveform-1789872627135-15 D2 MODE_SWITCH_OK state=MODE_SWITCH_OK attempts=1 streak=0
[2026-09-20T02:52:14.023Z] batch=field-waveform-1789872627135-15 D4 MODE_SWITCH_START state=MODE_SWITCHING attempts=1 streak=0 attempt=1
[2026-09-20T02:52:14.024Z] batch=field-waveform-1789872627135-15 D4 MODE_SWITCH_OK state=MODE_SWITCH_OK attempts=1 streak=0
[2026-09-20T02:52:14.027Z] batch=field-waveform-1789872627135-15 D6 MODE_SWITCH_START state=MODE_SWITCHING attempts=1 streak=0 attempt=1
[2026-09-20T02:52:14.028Z] batch=field-waveform-1789872627135-15 D6 MODE_SWITCH_OK state=MODE_SWITCH_OK attempts=1 streak=0
[2026-09-20T02:52:14.031Z] batch=field-waveform-1789872627135-15 D5 MODE_SWITCH_START state=MODE_SWITCHING attempts=1 streak=0 attempt=1
[2026-09-20T02:52:14.032Z] batch=field-waveform-1789872627135-15 D5 MODE_SWITCH_OK state=MODE_SWITCH_OK attempts=1 streak=0
[2026-09-20T02:52:14.998Z] batch=field-waveform-1789872627135-15 D1 MODE_SWITCH_START state=MODE_SWITCHING attempts=1 streak=0 attempt=1
[2026-09-20T02:52:14.999Z] batch=field-waveform-1789872627135-15 D1 MODE_SWITCH_OK state=MODE_SWITCH_OK attempts=1 streak=0
[2026-09-20T02:52:20.092Z] batch=field-waveform-1789872627135-15 D1 FIRST_FRAME state=FIRST_FRAME_RECEIVED attempts=1 streak=1
[2026-09-20T02:52:20.092Z] batch=field-waveform-1789872627135-15 D1 FIRST_VALID_SAMPLE state=FIRST_FRAME_RECEIVED attempts=1 streak=1
[2026-09-20T02:52:20.318Z] batch=field-waveform-1789872627135-15 D1 CHANNEL_SYNC_OK state=TEST_READY attempts=1 streak=5
[2026-09-20T02:52:20.319Z] batch=field-waveform-1789872627135-15 D1 TEST_READY state=TEST_READY attempts=1 streak=5
[2026-09-20T02:52:24.223Z] batch=field-waveform-1789872627135-15 D3 MODE_SWITCH_START state=MODE_SWITCHING attempts=1 streak=0 attempt=1
[2026-09-20T02:52:24.224Z] batch=field-waveform-1789872627135-15 D3 MODE_SWITCH_OK state=MODE_SWITCH_OK attempts=1 streak=0
[2026-09-20T02:52:24.227Z] batch=field-waveform-1789872627135-15 D2 MODE_SWITCH_START state=MODE_SWITCHING attempts=1 streak=0 attempt=1
[2026-09-20T02:52:24.228Z] batch=field-waveform-1789872627135-15 D2 MODE_SWITCH_OK state=MODE_SWITCH_OK attempts=1 streak=0
[2026-09-20T02:52:24.231Z] batch=field-waveform-1789872627135-15 D4 MODE_SWITCH_START state=MODE_SWITCHING attempts=1 streak=0 attempt=1
[2026-09-20T02:52:24.232Z] batch=field-waveform-1789872627135-15 D4 MODE_SWITCH_OK state=MODE_SWITCH_OK attempts=1 streak=0
[2026-09-20T02:52:24.235Z] batch=field-waveform-1789872627135-15 D6 MODE_SWITCH_START state=MODE_SWITCHING attempts=1 streak=0 attempt=1
[2026-09-20T02:52:24.237Z] batch=field-waveform-1789872627135-15 D6 MODE_SWITCH_OK state=MODE_SWITCH_OK attempts=1 streak=0
[2026-09-20T02:52:24.241Z] batch=field-waveform-1789872627135-15 D5 MODE_SWITCH_START state=MODE_SWITCHING attempts=1 streak=0 attempt=1
[2026-09-20T02:52:24.241Z] batch=field-waveform-1789872627135-15 D5 MODE_SWITCH_OK state=MODE_SWITCH_OK attempts=1 streak=0
[2026-09-20T02:52:29.351Z] batch=field-waveform-1789872627135-15 D3 FIRST_FRAME state=FIRST_FRAME_RECEIVED attempts=1 streak=1
[2026-09-20T02:52:29.351Z] batch=field-waveform-1789872627135-15 D3 FIRST_VALID_SAMPLE state=FIRST_FRAME_RECEIVED attempts=1 streak=1
[2026-09-20T02:52:29.381Z] batch=field-waveform-1789872627135-15 D4 FIRST_FRAME state=FIRST_FRAME_RECEIVED attempts=1 streak=1
[2026-09-20T02:52:29.381Z] batch=field-waveform-1789872627135-15 D4 FIRST_VALID_SAMPLE state=FIRST_FRAME_RECEIVED attempts=1 streak=1
[2026-09-20T02:52:29.383Z] batch=field-waveform-1789872627135-15 D6 FIRST_FRAME state=FIRST_FRAME_RECEIVED attempts=1 streak=1
[2026-09-20T02:52:29.383Z] batch=field-waveform-1789872627135-15 D6 FIRST_VALID_SAMPLE state=FIRST_FRAME_RECEIVED attempts=1 streak=1
[2026-09-20T02:52:29.384Z] batch=field-waveform-1789872627135-15 D2 FIRST_FRAME state=FIRST_FRAME_RECEIVED attempts=1 streak=1
[2026-09-20T02:52:29.385Z] batch=field-waveform-1789872627135-15 D2 FIRST_VALID_SAMPLE state=FIRST_FRAME_RECEIVED attempts=1 streak=1
[2026-09-20T02:52:29.386Z] batch=field-waveform-1789872627135-15 D5 FIRST_FRAME state=FIRST_FRAME_RECEIVED attempts=1 streak=1
[2026-09-20T02:52:29.386Z] batch=field-waveform-1789872627135-15 D5 FIRST_VALID_SAMPLE state=FIRST_FRAME_RECEIVED attempts=1 streak=1
[2026-09-20T02:52:29.691Z] batch=field-waveform-1789872627135-15 D3 CHANNEL_SYNC_OK state=TEST_READY attempts=1 streak=5
[2026-09-20T02:52:29.691Z] batch=field-waveform-1789872627135-15 D3 TEST_READY state=TEST_READY attempts=1 streak=5
[2026-09-20T02:52:29.693Z] batch=field-waveform-1789872627135-15 D4 CHANNEL_SYNC_OK state=TEST_READY attempts=1 streak=5
[2026-09-20T02:52:29.693Z] batch=field-waveform-1789872627135-15 D4 TEST_READY state=TEST_READY attempts=1 streak=5
[2026-09-20T02:52:29.695Z] batch=field-waveform-1789872627135-15 D6 CHANNEL_SYNC_OK state=TEST_READY attempts=1 streak=5
[2026-09-20T02:52:29.695Z] batch=field-waveform-1789872627135-15 D6 TEST_READY state=TEST_READY attempts=1 streak=5
[2026-09-20T02:52:29.696Z] batch=field-waveform-1789872627135-15 D2 CHANNEL_SYNC_OK state=TEST_READY attempts=1 streak=5
[2026-09-20T02:52:29.696Z] batch=field-waveform-1789872627135-15 D2 TEST_READY state=TEST_READY attempts=1 streak=5
[2026-09-20T02:52:29.697Z] batch=field-waveform-1789872627135-15 D5 CHANNEL_SYNC_OK state=TEST_READY attempts=1 streak=5
[2026-09-20T02:52:29.698Z] batch=field-waveform-1789872627135-15 D5 TEST_READY state=TEST_READY attempts=1 streak=5
[2026-09-20T02:52:55.920Z] batch=field-waveform-1789872627135-15 D4 MODE_SWITCH_START state=MODE_SWITCHING attempts=1 streak=0 attempt=1
[2026-09-20T02:52:55.922Z] batch=field-waveform-1789872627135-15 D4 MODE_SWITCH_OK state=MODE_SWITCH_OK attempts=1 streak=0
[2026-09-20T02:52:55.930Z] batch=field-waveform-1789872627135-15 D6 MODE_SWITCH_START state=MODE_SWITCHING attempts=1 streak=0 attempt=1
[2026-09-20T02:52:55.932Z] batch=field-waveform-1789872627135-15 D6 MODE_SWITCH_OK state=MODE_SWITCH_OK attempts=1 streak=0
[2026-09-20T02:52:55.938Z] batch=field-waveform-1789872627135-15 D2 MODE_SWITCH_START state=MODE_SWITCHING attempts=1 streak=0 attempt=1
[2026-09-20T02:52:55.939Z] batch=field-waveform-1789872627135-15 D2 MODE_SWITCH_OK state=MODE_SWITCH_OK attempts=1 streak=0
[2026-09-20T02:52:55.945Z] batch=field-waveform-1789872627135-15 D5 MODE_SWITCH_START state=MODE_SWITCHING attempts=1 streak=0 attempt=1
[2026-09-20T02:52:55.946Z] batch=field-waveform-1789872627135-15 D5 MODE_SWITCH_OK state=MODE_SWITCH_OK attempts=1 streak=0
[2026-09-20T02:52:55.951Z] batch=field-waveform-1789872627135-15 D3 MODE_SWITCH_START state=MODE_SWITCHING attempts=1 streak=0 attempt=1
[2026-09-20T02:52:55.952Z] batch=field-waveform-1789872627135-15 D3 MODE_SWITCH_OK state=MODE_SWITCH_OK attempts=1 streak=0
[2026-09-20T02:53:05.251Z] batch=field-waveform-1789872627135-15 D1 MODE_SWITCH_START state=MODE_SWITCHING attempts=1 streak=0 attempt=1
[2026-09-20T02:53:05.253Z] batch=field-waveform-1789872627135-15 D1 MODE_SWITCH_OK state=MODE_SWITCH_OK attempts=1 streak=0
[2026-09-20T02:53:05.949Z] batch=field-waveform-1789872627135-15 D4 MODE_SWITCH_START state=MODE_SWITCHING attempts=1 streak=0 attempt=1
[2026-09-20T02:53:05.951Z] batch=field-waveform-1789872627135-15 D4 MODE_SWITCH_OK state=MODE_SWITCH_OK attempts=1 streak=0
[2026-09-20T02:53:05.956Z] batch=field-waveform-1789872627135-15 D6 MODE_SWITCH_START state=MODE_SWITCHING attempts=1 streak=0 attempt=1
[2026-09-20T02:53:05.957Z] batch=field-waveform-1789872627135-15 D6 MODE_SWITCH_OK state=MODE_SWITCH_OK attempts=1 streak=0
[2026-09-20T02:53:05.970Z] batch=field-waveform-1789872627135-15 D2 MODE_SWITCH_START state=MODE_SWITCHING attempts=1 streak=0 attempt=1
[2026-09-20T02:53:05.973Z] batch=field-waveform-1789872627135-15 D2 MODE_SWITCH_OK state=MODE_SWITCH_OK attempts=1 streak=0
[2026-09-20T02:53:05.997Z] batch=field-waveform-1789872627135-15 D5 MODE_SWITCH_START state=MODE_SWITCHING attempts=1 streak=0 attempt=1
[2026-09-20T02:53:05.998Z] batch=field-waveform-1789872627135-15 D5 MODE_SWITCH_OK state=MODE_SWITCH_OK attempts=1 streak=0
[2026-09-20T02:53:06.003Z] batch=field-waveform-1789872627135-15 D3 MODE_SWITCH_START state=MODE_SWITCHING attempts=1 streak=0 attempt=1
[2026-09-20T02:53:06.004Z] batch=field-waveform-1789872627135-15 D3 MODE_SWITCH_OK state=MODE_SWITCH_OK attempts=1 streak=0
[2026-09-20T02:53:09.361Z] batch=field-waveform-1789872789360-16 D1 MODE_SWITCH_START state=MODE_SWITCHING attempts=1 streak=0 attempt=1
[2026-09-20T02:53:09.362Z] batch=field-waveform-1789872789360-16 D2 MODE_SWITCH_START state=MODE_SWITCHING attempts=1 streak=0 attempt=1
[2026-09-20T02:53:09.363Z] batch=field-waveform-1789872789360-16 D3 MODE_SWITCH_START state=MODE_SWITCHING attempts=1 streak=0 attempt=1
[2026-09-20T02:53:09.363Z] batch=field-waveform-1789872789360-16 D4 MODE_SWITCH_START state=MODE_SWITCHING attempts=1 streak=0 attempt=1
[2026-09-20T02:53:09.365Z] batch=field-waveform-1789872789360-16 D5 MODE_SWITCH_START state=MODE_SWITCHING attempts=1 streak=0 attempt=1
[2026-09-20T02:53:09.366Z] batch=field-waveform-1789872789360-16 D6 MODE_SWITCH_START state=MODE_SWITCHING attempts=1 streak=0 attempt=1
[2026-09-20T02:53:09.368Z] batch=field-waveform-1789872789360-16 D1 MODE_SWITCH_OK state=MODE_SWITCH_OK attempts=1 streak=0
[2026-09-20T02:53:09.370Z] batch=field-waveform-1789872789360-16 D2 MODE_SWITCH_OK state=MODE_SWITCH_OK attempts=1 streak=0
[2026-09-20T02:53:09.370Z] batch=field-waveform-1789872789360-16 D3 MODE_SWITCH_OK state=MODE_SWITCH_OK attempts=1 streak=0
[2026-09-20T02:53:09.371Z] batch=field-waveform-1789872789360-16 D4 MODE_SWITCH_OK state=MODE_SWITCH_OK attempts=1 streak=0
[2026-09-20T02:53:09.371Z] batch=field-waveform-1789872789360-16 D5 MODE_SWITCH_OK state=MODE_SWITCH_OK attempts=1 streak=0
[2026-09-20T02:53:09.371Z] batch=field-waveform-1789872789360-16 D6 MODE_SWITCH_OK state=MODE_SWITCH_OK attempts=1 streak=0
[2026-09-20T02:53:15.266Z] batch=field-waveform-1789872789360-16 D1 MODE_SWITCH_START state=MODE_SWITCHING attempts=1 streak=0 attempt=1
[2026-09-20T02:53:15.268Z] batch=field-waveform-1789872789360-16 D1 MODE_SWITCH_OK state=MODE_SWITCH_OK attempts=1 streak=0
[2026-09-20T02:53:15.959Z] batch=field-waveform-1789872789360-16 D4 MODE_SWITCH_START state=MODE_SWITCHING attempts=1 streak=0 attempt=1
[2026-09-20T02:53:15.960Z] batch=field-waveform-1789872789360-16 D4 MODE_SWITCH_OK state=MODE_SWITCH_OK attempts=1 streak=0
[2026-09-20T02:53:15.962Z] batch=field-waveform-1789872789360-16 D6 MODE_SWITCH_START state=MODE_SWITCHING attempts=1 streak=0 attempt=1
[2026-09-20T02:53:15.963Z] batch=field-waveform-1789872789360-16 D6 MODE_SWITCH_OK state=MODE_SWITCH_OK attempts=1 streak=0
[2026-09-20T02:53:15.974Z] batch=field-waveform-1789872789360-16 D2 MODE_SWITCH_START state=MODE_SWITCHING attempts=1 streak=0 attempt=1
[2026-09-20T02:53:15.976Z] batch=field-waveform-1789872789360-16 D2 MODE_SWITCH_OK state=MODE_SWITCH_OK attempts=1 streak=0
[2026-09-20T02:53:16.006Z] batch=field-waveform-1789872789360-16 D5 MODE_SWITCH_START state=MODE_SWITCHING attempts=1 streak=0 attempt=1
[2026-09-20T02:53:16.009Z] batch=field-waveform-1789872789360-16 D5 MODE_SWITCH_OK state=MODE_SWITCH_OK attempts=1 streak=0
[2026-09-20T02:53:16.010Z] batch=field-waveform-1789872789360-16 D3 MODE_SWITCH_START state=MODE_SWITCHING attempts=1 streak=0 attempt=1
[2026-09-20T02:53:16.011Z] batch=field-waveform-1789872789360-16 D3 MODE_SWITCH_OK state=MODE_SWITCH_OK attempts=1 streak=0
[2026-09-20T02:53:25.275Z] batch=field-waveform-1789872789360-16 D1 MODE_SWITCH_START state=MODE_SWITCHING attempts=1 streak=0 attempt=1
[2026-09-20T02:53:25.277Z] batch=field-waveform-1789872789360-16 D1 MODE_SWITCH_OK state=MODE_SWITCH_OK attempts=1 streak=0
[2026-09-20T02:53:25.968Z] batch=field-waveform-1789872789360-16 D4 MODE_SWITCH_START state=MODE_SWITCHING attempts=1 streak=0 attempt=1
[2026-09-20T02:53:25.970Z] batch=field-waveform-1789872789360-16 D4 MODE_SWITCH_OK state=MODE_SWITCH_OK attempts=1 streak=0
[2026-09-20T02:53:25.971Z] batch=field-waveform-1789872789360-16 D6 MODE_SWITCH_START state=MODE_SWITCHING attempts=1 streak=0 attempt=1
[2026-09-20T02:53:25.973Z] batch=field-waveform-1789872789360-16 D6 MODE_SWITCH_OK state=MODE_SWITCH_OK attempts=1 streak=0
[2026-09-20T02:53:25.977Z] batch=field-waveform-1789872789360-16 D2 MODE_SWITCH_START state=MODE_SWITCHING attempts=1 streak=0 attempt=1
[2026-09-20T02:53:25.978Z] batch=field-waveform-1789872789360-16 D2 MODE_SWITCH_OK state=MODE_SWITCH_OK attempts=1 streak=0
[2026-09-20T02:53:26.015Z] batch=field-waveform-1789872789360-16 D5 MODE_SWITCH_START state=MODE_SWITCHING attempts=1 streak=0 attempt=1
[2026-09-20T02:53:26.016Z] batch=field-waveform-1789872789360-16 D5 MODE_SWITCH_OK state=MODE_SWITCH_OK attempts=1 streak=0
[2026-09-20T02:53:26.017Z] batch=field-waveform-1789872789360-16 D3 MODE_SWITCH_START state=MODE_SWITCHING attempts=1 streak=0 attempt=1
[2026-09-20T02:53:26.019Z] batch=field-waveform-1789872789360-16 D3 MODE_SWITCH_OK state=MODE_SWITCH_OK attempts=1 streak=0
