[2026-09-15T09:55:21.676Z] batch=field-waveform-1789465964075-5 D4 MODE_SWITCH_START state=MODE_SWITCHING attempts=1 streak=0 attempt=1
[2026-09-15T09:55:21.678Z] batch=field-waveform-1789465964075-5 D4 MODE_SWITCH_OK state=MODE_SWITCH_OK attempts=1 streak=0
[2026-09-15T09:55:22.479Z] batch=field-waveform-1789465964075-5 D6 MODE_SWITCH_START state=MODE_SWITCHING attempts=1 streak=0 attempt=1
[2026-09-15T09:55:22.480Z] batch=field-waveform-1789465964075-5 D6 MODE_SWITCH_OK state=MODE_SWITCH_OK attempts=1 streak=0
[2026-09-15T09:55:22.485Z] batch=field-waveform-1789465964075-5 D3 MODE_SWITCH_START state=MODE_SWITCHING attempts=1 streak=0 attempt=1
[2026-09-15T09:55:22.486Z] batch=field-waveform-1789465964075-5 D3 MODE_SWITCH_OK state=MODE_SWITCH_OK attempts=1 streak=0
[2026-09-15T09:55:22.490Z] batch=field-waveform-1789465964075-5 D2 MODE_SWITCH_START state=MODE_SWITCHING attempts=1 streak=0 attempt=1
[2026-09-15T09:55:22.491Z] batch=field-waveform-1789465964075-5 D2 MODE_SWITCH_OK state=MODE_SWITCH_OK attempts=1 streak=0
[2026-09-15T09:55:22.495Z] batch=field-waveform-1789465964075-5 D5 MODE_SWITCH_START state=MODE_SWITCHING attempts=1 streak=0 attempt=1
[2026-09-15T09:55:22.496Z] batch=field-waveform-1789465964075-5 D5 MODE_SWITCH_OK state=MODE_SWITCH_OK attempts=1 streak=0
[2026-09-15T09:55:22.808Z] batch=field-waveform-1789465964075-5 D1 MODE_SWITCH_START state=MODE_SWITCHING attempts=1 streak=0 attempt=1
[2026-09-15T09:55:22.810Z] batch=field-waveform-1789465964075-5 D1 MODE_SWITCH_OK state=MODE_SWITCH_OK attempts=1 streak=0
[2026-09-15T09:55:32.033Z] batch=field-waveform-1789465964075-5 D4 MODE_SWITCH_START state=MODE_SWITCHING attempts=1 streak=0 attempt=1
[2026-09-15T09:55:32.037Z] batch=field-waveform-1789465964075-5 D4 MODE_SWITCH_OK state=MODE_SWITCH_OK attempts=1 streak=0
[2026-09-15T09:55:32.661Z] batch=field-waveform-1789465964075-5 D6 MODE_SWITCH_START state=MODE_SWITCHING attempts=1 streak=0 attempt=1
[2026-09-15T09:55:32.662Z] batch=field-waveform-1789465964075-5 D6 MODE_SWITCH_OK state=MODE_SWITCH_OK attempts=1 streak=0
[2026-09-15T09:55:32.670Z] batch=field-waveform-1789465964075-5 D3 MODE_SWITCH_START state=MODE_SWITCHING attempts=1 streak=0 attempt=1
[2026-09-15T09:55:32.671Z] batch=field-waveform-1789465964075-5 D3 MODE_SWITCH_OK state=MODE_SWITCH_OK attempts=1 streak=0
[2026-09-15T09:55:32.676Z] batch=field-waveform-1789465964075-5 D2 MODE_SWITCH_START state=MODE_SWITCHING attempts=1 streak=0 attempt=1
[2026-09-15T09:55:32.687Z] batch=field-waveform-1789465964075-5 D2 MODE_SWITCH_OK state=MODE_SWITCH_OK attempts=1 streak=0
[2026-09-15T09:55:32.714Z] batch=field-waveform-1789465964075-5 D5 MODE_SWITCH_START state=MODE_SWITCHING attempts=1 streak=0 attempt=1
[2026-09-15T09:55:32.717Z] batch=field-waveform-1789465964075-5 D5 MODE_SWITCH_OK state=MODE_SWITCH_OK attempts=1 streak=0
[2026-09-15T09:55:33.318Z] batch=field-waveform-1789465964075-5 D1 MODE_SWITCH_START state=MODE_SWITCHING attempts=1 streak=0 attempt=1
[2026-09-15T09:55:33.319Z] batch=field-waveform-1789465964075-5 D1 MODE_SWITCH_OK state=MODE_SWITCH_OK attempts=1 streak=0
[2026-09-15T09:55:42.270Z] batch=field-waveform-1789465964075-5 D4 MODE_SWITCH_START state=MODE_SWITCHING attempts=1 streak=0 attempt=1
[2026-09-15T09:55:42.272Z] batch=field-waveform-1789465964075-5 D4 MODE_SWITCH_OK state=MODE_SWITCH_OK attempts=1 streak=0
[2026-09-15T09:55:42.857Z] batch=field-waveform-1789465964075-5 D6 MODE_SWITCH_START state=MODE_SWITCHING attempts=1 streak=0 attempt=1
[2026-09-15T09:55:42.858Z] batch=field-waveform-1789465964075-5 D6 MODE_SWITCH_OK state=MODE_SWITCH_OK attempts=1 streak=0
[2026-09-15T09:55:42.862Z] batch=field-waveform-1789465964075-5 D3 MODE_SWITCH_START state=MODE_SWITCHING attempts=1 streak=0 attempt=1
[2026-09-15T09:55:42.863Z] batch=field-waveform-1789465964075-5 D3 MODE_SWITCH_OK state=MODE_SWITCH_OK attempts=1 streak=0
[2026-09-15T09:55:42.873Z] batch=field-waveform-1789465964075-5 D2 MODE_SWITCH_START state=MODE_SWITCHING attempts=1 streak=0 attempt=1
[2026-09-15T09:55:42.874Z] batch=field-waveform-1789465964075-5 D2 MODE_SWITCH_OK state=MODE_SWITCH_OK attempts=1 streak=0
[2026-09-15T09:55:42.878Z] batch=field-waveform-1789465964075-5 D5 MODE_SWITCH_START state=MODE_SWITCHING attempts=1 streak=0 attempt=1
[2026-09-15T09:55:42.879Z] batch=field-waveform-1789465964075-5 D5 MODE_SWITCH_OK state=MODE_SWITCH_OK attempts=1 streak=0
[2026-09-15T09:55:43.621Z] batch=field-waveform-1789465964075-5 D1 MODE_SWITCH_START state=MODE_SWITCHING attempts=1 streak=0 attempt=1
[2026-09-15T09:55:43.626Z] batch=field-waveform-1789465964075-5 D1 MODE_SWITCH_OK state=MODE_SWITCH_OK attempts=1 streak=0
[2026-09-15T09:55:52.282Z] batch=field-waveform-1789465964075-5 D4 MODE_SWITCH_START state=MODE_SWITCHING attempts=1 streak=0 attempt=1
[2026-09-15T09:55:52.284Z] batch=field-waveform-1789465964075-5 D4 MODE_SWITCH_OK state=MODE_SWITCH_OK attempts=1 streak=0
[2026-09-15T09:55:52.871Z] batch=field-waveform-1789465964075-5 D6 MODE_SWITCH_START state=MODE_SWITCHING attempts=1 streak=0 attempt=1
[2026-09-15T09:55:52.880Z] batch=field-waveform-1789465964075-5 D6 MODE_SWITCH_OK state=MODE_SWITCH_OK attempts=1 streak=0
[2026-09-15T09:55:52.887Z] batch=field-waveform-1789465964075-5 D3 MODE_SWITCH_START state=MODE_SWITCHING attempts=1 streak=0 attempt=1
[2026-09-15T09:55:52.893Z] batch=field-waveform-1789465964075-5 D3 MODE_SWITCH_OK state=MODE_SWITCH_OK attempts=1 streak=0
[2026-09-15T09:55:52.908Z] batch=field-waveform-1789465964075-5 D2 MODE_SWITCH_START state=MODE_SWITCHING attempts=1 streak=0 attempt=1
[2026-09-15T09:55:52.910Z] batch=field-waveform-1789465964075-5 D2 MODE_SWITCH_OK state=MODE_SWITCH_OK attempts=1 streak=0
[2026-09-15T09:55:52.917Z] batch=field-waveform-1789465964075-5 D5 MODE_SWITCH_START state=MODE_SWITCHING attempts=1 streak=0 attempt=1
[2026-09-15T09:55:52.918Z] batch=field-waveform-1789465964075-5 D5 MODE_SWITCH_OK state=MODE_SWITCH_OK attempts=1 streak=0
[2026-09-15T09:55:54.237Z] batch=field-waveform-1789465964075-5 D1 MODE_SWITCH_START state=MODE_SWITCHING attempts=1 streak=0 attempt=1
[2026-09-15T09:55:54.246Z] batch=field-waveform-1789465964075-5 D1 MODE_SWITCH_OK state=MODE_SWITCH_OK attempts=1 streak=0
[2026-09-15T09:56:02.717Z] batch=field-waveform-1789465964075-5 D4 MODE_SWITCH_START state=MODE_SWITCHING attempts=1 streak=0 attempt=1
[2026-09-15T09:56:02.719Z] batch=field-waveform-1789465964075-5 D4 MODE_SWITCH_OK state=MODE_SWITCH_OK attempts=1 streak=0
[2026-09-15T09:56:03.167Z] batch=field-waveform-1789465964075-5 D6 MODE_SWITCH_START state=MODE_SWITCHING attempts=1 streak=0 attempt=1
[2026-09-15T09:56:03.172Z] batch=field-waveform-1789465964075-5 D6 MODE_SWITCH_OK state=MODE_SWITCH_OK attempts=1 streak=0
[2026-09-15T09:56:03.180Z] batch=field-waveform-1789465964075-5 D3 MODE_SWITCH_START state=MODE_SWITCHING attempts=1 streak=0 attempt=1
[2026-09-15T09:56:03.183Z] batch=field-waveform-1789465964075-5 D3 MODE_SWITCH_OK state=MODE_SWITCH_OK attempts=1 streak=0
[2026-09-15T09:56:03.191Z] batch=field-waveform-1789465964075-5 D2 MODE_SWITCH_START state=MODE_SWITCHING attempts=1 streak=0 attempt=1
[2026-09-15T09:56:03.196Z] batch=field-waveform-1789465964075-5 D2 MODE_SWITCH_OK state=MODE_SWITCH_OK attempts=1 streak=0
[2026-09-15T09:56:03.209Z] batch=field-waveform-1789465964075-5 D5 MODE_SWITCH_START state=MODE_SWITCHING attempts=1 streak=0 attempt=1
[2026-09-15T09:56:03.214Z] batch=field-waveform-1789465964075-5 D5 MODE_SWITCH_OK state=MODE_SWITCH_OK attempts=1 streak=0
[2026-09-15T09:56:04.282Z] batch=field-waveform-1789465964075-5 D1 MODE_SWITCH_START state=MODE_SWITCHING attempts=1 streak=0 attempt=1
[2026-09-15T09:56:04.283Z] batch=field-waveform-1789465964075-5 D1 MODE_SWITCH_OK state=MODE_SWITCH_OK attempts=1 streak=0
[2026-09-15T09:56:08.837Z] batch=field-waveform-1789466168836-6 D1 MODE_SWITCH_START state=MODE_SWITCHING attempts=1 streak=0 attempt=1
[2026-09-15T09:56:08.840Z] batch=field-waveform-1789466168836-6 D2 MODE_SWITCH_START state=MODE_SWITCHING attempts=1 streak=0 attempt=1
[2026-09-15T09:56:08.841Z] batch=field-waveform-1789466168836-6 D3 MODE_SWITCH_START state=MODE_SWITCHING attempts=1 streak=0 attempt=1
[2026-09-15T09:56:08.843Z] batch=field-waveform-1789466168836-6 D4 MODE_SWITCH_START state=MODE_SWITCHING attempts=1 streak=0 attempt=1
[2026-09-15T09:56:08.843Z] batch=field-waveform-1789466168836-6 D5 MODE_SWITCH_START state=MODE_SWITCHING attempts=1 streak=0 attempt=1
[2026-09-15T09:56:08.844Z] batch=field-waveform-1789466168836-6 D6 MODE_SWITCH_START state=MODE_SWITCHING attempts=1 streak=0 attempt=1
[2026-09-15T09:56:08.846Z] batch=field-waveform-1789466168836-6 D1 MODE_SWITCH_OK state=MODE_SWITCH_OK attempts=1 streak=0
[2026-09-15T09:56:08.847Z] batch=field-waveform-1789466168836-6 D2 MODE_SWITCH_OK state=MODE_SWITCH_OK attempts=1 streak=0
[2026-09-15T09:56:08.848Z] batch=field-waveform-1789466168836-6 D3 MODE_SWITCH_OK state=MODE_SWITCH_OK attempts=1 streak=0
[2026-09-15T09:56:08.848Z] batch=field-waveform-1789466168836-6 D4 MODE_SWITCH_OK state=MODE_SWITCH_OK attempts=1 streak=0
[2026-09-15T09:56:08.853Z] batch=field-waveform-1789466168836-6 D5 MODE_SWITCH_OK state=MODE_SWITCH_OK attempts=1 streak=0
[2026-09-15T09:56:08.854Z] batch=field-waveform-1789466168836-6 D6 MODE_SWITCH_OK state=MODE_SWITCH_OK attempts=1 streak=0
[2026-09-15T09:56:12.729Z] batch=field-waveform-1789466168836-6 D4 MODE_SWITCH_START state=MODE_SWITCHING attempts=1 streak=0 attempt=1
[2026-09-15T09:56:12.733Z] batch=field-waveform-1789466168836-6 D4 MODE_SWITCH_OK state=MODE_SWITCH_OK attempts=1 streak=0
[2026-09-15T09:56:13.187Z] batch=field-waveform-1789466168836-6 D6 MODE_SWITCH_START state=MODE_SWITCHING attempts=1 streak=0 attempt=1
[2026-09-15T09:56:13.188Z] batch=field-waveform-1789466168836-6 D6 MODE_SWITCH_OK state=MODE_SWITCH_OK attempts=1 streak=0
[2026-09-15T09:56:13.189Z] batch=field-waveform-1789466168836-6 D3 MODE_SWITCH_START state=MODE_SWITCHING attempts=1 streak=0 attempt=1
[2026-09-15T09:56:13.190Z] batch=field-waveform-1789466168836-6 D3 MODE_SWITCH_OK state=MODE_SWITCH_OK attempts=1 streak=0
[2026-09-15T09:56:13.202Z] batch=field-waveform-1789466168836-6 D2 MODE_SWITCH_START state=MODE_SWITCHING attempts=1 streak=0 attempt=1
[2026-09-15T09:56:13.205Z] batch=field-waveform-1789466168836-6 D2 MODE_SWITCH_OK state=MODE_SWITCH_OK attempts=1 streak=0
[2026-09-15T09:56:13.217Z] batch=field-waveform-1789466168836-6 D5 MODE_SWITCH_START state=MODE_SWITCHING attempts=1 streak=0 attempt=1
[2026-09-15T09:56:13.218Z] batch=field-waveform-1789466168836-6 D5 MODE_SWITCH_OK state=MODE_SWITCH_OK attempts=1 streak=0
[2026-09-15T09:56:14.293Z] batch=field-waveform-1789466168836-6 D1 MODE_SWITCH_START state=MODE_SWITCHING attempts=1 streak=0 attempt=1
[2026-09-15T09:56:14.295Z] batch=field-waveform-1789466168836-6 D1 MODE_SWITCH_OK state=MODE_SWITCH_OK attempts=1 streak=0
[2026-09-15T09:56:19.181Z] batch=field-waveform-1789466179180-7 D1 MODE_SWITCH_START state=MODE_SWITCHING attempts=1 streak=0 attempt=1
[2026-09-15T09:56:19.182Z] batch=field-waveform-1789466179180-7 D2 MODE_SWITCH_START state=MODE_SWITCHING attempts=1 streak=0 attempt=1
[2026-09-15T09:56:19.183Z] batch=field-waveform-1789466179180-7 D3 MODE_SWITCH_START state=MODE_SWITCHING attempts=1 streak=0 attempt=1
[2026-09-15T09:56:19.185Z] batch=field-waveform-1789466179180-7 D4 MODE_SWITCH_START state=MODE_SWITCHING attempts=1 streak=0 attempt=1
[2026-09-15T09:56:19.186Z] batch=field-waveform-1789466179180-7 D5 MODE_SWITCH_START state=MODE_SWITCHING attempts=1 streak=0 attempt=1
[2026-09-15T09:56:19.194Z] batch=field-waveform-1789466179180-7 D6 MODE_SWITCH_START state=MODE_SWITCHING attempts=1 streak=0 attempt=1
[2026-09-15T09:56:19.196Z] batch=field-waveform-1789466179180-7 D1 MODE_SWITCH_OK state=MODE_SWITCH_OK attempts=1 streak=0
[2026-09-15T09:56:19.198Z] batch=field-waveform-1789466179180-7 D2 MODE_SWITCH_OK state=MODE_SWITCH_OK attempts=1 streak=0
[2026-09-15T09:56:19.199Z] batch=field-waveform-1789466179180-7 D3 MODE_SWITCH_OK state=MODE_SWITCH_OK attempts=1 streak=0
[2026-09-15T09:56:19.201Z] batch=field-waveform-1789466179180-7 D4 MODE_SWITCH_OK state=MODE_SWITCH_OK attempts=1 streak=0
[2026-09-15T09:56:19.202Z] batch=field-waveform-1789466179180-7 D5 MODE_SWITCH_OK state=MODE_SWITCH_OK attempts=1 streak=0
[2026-09-15T09:56:19.204Z] batch=field-waveform-1789466179180-7 D6 MODE_SWITCH_OK state=MODE_SWITCH_OK attempts=1 streak=0
[2026-09-15T09:56:22.735Z] batch=field-waveform-1789466179180-7 D4 MODE_SWITCH_START state=MODE_SWITCHING attempts=1 streak=0 attempt=1
[2026-09-15T09:56:22.736Z] batch=field-waveform-1789466179180-7 D4 MODE_SWITCH_OK state=MODE_SWITCH_OK attempts=1 streak=0
[2026-09-15T09:56:23.192Z] batch=field-waveform-1789466179180-7 D6 MODE_SWITCH_START state=MODE_SWITCHING attempts=1 streak=0 attempt=1
[2026-09-15T09:56:23.203Z] batch=field-waveform-1789466179180-7 D6 MODE_SWITCH_OK state=MODE_SWITCH_OK attempts=1 streak=0
[2026-09-15T09:56:23.205Z] batch=field-waveform-1789466179180-7 D3 MODE_SWITCH_START state=MODE_SWITCHING attempts=1 streak=0 attempt=1
[2026-09-15T09:56:23.207Z] batch=field-waveform-1789466179180-7 D3 MODE_SWITCH_OK state=MODE_SWITCH_OK attempts=1 streak=0
[2026-09-15T09:56:23.209Z] batch=field-waveform-1789466179180-7 D2 MODE_SWITCH_START state=MODE_SWITCHING attempts=1 streak=0 attempt=1
[2026-09-15T09:56:23.213Z] batch=field-waveform-1789466179180-7 D2 MODE_SWITCH_OK state=MODE_SWITCH_OK attempts=1 streak=0
[2026-09-15T09:56:23.222Z] batch=field-waveform-1789466179180-7 D5 MODE_SWITCH_START state=MODE_SWITCHING attempts=1 streak=0 attempt=1
[2026-09-15T09:56:23.224Z] batch=field-waveform-1789466179180-7 D5 MODE_SWITCH_OK state=MODE_SWITCH_OK attempts=1 streak=0
[2026-09-15T09:56:24.298Z] batch=field-waveform-1789466179180-7 D1 MODE_SWITCH_START state=MODE_SWITCHING attempts=1 streak=0 attempt=1
[2026-09-15T09:56:24.301Z] batch=field-waveform-1789466179180-7 D1 MODE_SWITCH_OK state=MODE_SWITCH_OK attempts=1 streak=0
[2026-09-15T09:56:32.756Z] batch=field-waveform-1789466179180-7 D4 MODE_SWITCH_START state=MODE_SWITCHING attempts=1 streak=0 attempt=1
[2026-09-15T09:56:32.757Z] batch=field-waveform-1789466179180-7 D4 MODE_SWITCH_OK state=MODE_SWITCH_OK attempts=1 streak=0
[2026-09-15T09:56:33.213Z] batch=field-waveform-1789466179180-7 D6 MODE_SWITCH_START state=MODE_SWITCHING attempts=1 streak=0 attempt=1
[2026-09-15T09:56:33.232Z] batch=field-waveform-1789466179180-7 D6 MODE_SWITCH_OK state=MODE_SWITCH_OK attempts=1 streak=0
[2026-09-15T09:56:33.238Z] batch=field-waveform-1789466179180-7 D3 MODE_SWITCH_START state=MODE_SWITCHING attempts=1 streak=0 attempt=1
[2026-09-15T09:56:33.243Z] batch=field-waveform-1789466179180-7 D3 MODE_SWITCH_OK state=MODE_SWITCH_OK attempts=1 streak=0
[2026-09-15T09:56:33.263Z] batch=field-waveform-1789466179180-7 D2 MODE_SWITCH_START state=MODE_SWITCHING attempts=1 streak=0 attempt=1
[2026-09-15T09:56:33.273Z] batch=field-waveform-1789466179180-7 D2 MODE_SWITCH_OK state=MODE_SWITCH_OK attempts=1 streak=0
[2026-09-15T09:56:33.274Z] batch=field-waveform-1789466179180-7 D5 MODE_SWITCH_START state=MODE_SWITCHING attempts=1 streak=0 attempt=1
[2026-09-15T09:56:33.274Z] batch=field-waveform-1789466179180-7 D5 MODE_SWITCH_OK state=MODE_SWITCH_OK attempts=1 streak=0
[2026-09-15T09:56:34.311Z] batch=field-waveform-1789466179180-7 D1 MODE_SWITCH_START state=MODE_SWITCHING attempts=1 streak=0 attempt=1
[2026-09-15T09:56:34.312Z] batch=field-waveform-1789466179180-7 D1 MODE_SWITCH_OK state=MODE_SWITCH_OK attempts=1 streak=0
[2026-09-15T09:56:42.764Z] batch=field-waveform-1789466179180-7 D4 MODE_SWITCH_START state=MODE_SWITCHING attempts=1 streak=0 attempt=1
[2026-09-15T09:56:42.769Z] batch=field-waveform-1789466179180-7 D4 MODE_SWITCH_OK state=MODE_SWITCH_OK attempts=1 streak=0
[2026-09-15T09:56:43.245Z] batch=field-waveform-1789466179180-7 D6 MODE_SWITCH_START state=MODE_SWITCHING attempts=1 streak=0 attempt=1
[2026-09-15T09:56:43.246Z] batch=field-waveform-1789466179180-7 D6 MODE_SWITCH_OK state=MODE_SWITCH_OK attempts=1 streak=0
[2026-09-15T09:56:43.247Z] batch=field-waveform-1789466179180-7 D3 MODE_SWITCH_START state=MODE_SWITCHING attempts=1 streak=0 attempt=1
[2026-09-15T09:56:43.249Z] batch=field-waveform-1789466179180-7 D3 MODE_SWITCH_OK state=MODE_SWITCH_OK attempts=1 streak=0
[2026-09-15T09:56:43.279Z] batch=field-waveform-1789466179180-7 D2 MODE_SWITCH_START state=MODE_SWITCHING attempts=1 streak=0 attempt=1
[2026-09-15T09:56:43.280Z] batch=field-waveform-1789466179180-7 D2 MODE_SWITCH_OK state=MODE_SWITCH_OK attempts=1 streak=0
[2026-09-15T09:56:43.280Z] batch=field-waveform-1789466179180-7 D5 MODE_SWITCH_START state=MODE_SWITCHING attempts=1 streak=0 attempt=1
[2026-09-15T09:56:43.281Z] batch=field-waveform-1789466179180-7 D5 MODE_SWITCH_OK state=MODE_SWITCH_OK attempts=1 streak=0
[2026-09-15T09:56:44.322Z] batch=field-waveform-1789466179180-7 D1 MODE_SWITCH_START state=MODE_SWITCHING attempts=1 streak=0 attempt=1
[2026-09-15T09:56:44.323Z] batch=field-waveform-1789466179180-7 D1 MODE_SWITCH_OK state=MODE_SWITCH_OK attempts=1 streak=0
[2026-09-15T09:56:47.851Z] batch=field-waveform-1789466179180-7 D4 FIRST_FRAME state=FIRST_FRAME_RECEIVED attempts=1 streak=1
[2026-09-15T09:56:47.851Z] batch=field-waveform-1789466179180-7 D4 FIRST_VALID_SAMPLE state=FIRST_FRAME_RECEIVED attempts=1 streak=1
[2026-09-15T09:56:48.100Z] batch=field-waveform-1789466179180-7 D4 CHANNEL_SYNC_OK state=TEST_READY attempts=1 streak=5
[2026-09-15T09:56:48.100Z] batch=field-waveform-1789466179180-7 D4 TEST_READY state=TEST_READY attempts=1 streak=5
[2026-09-15T09:56:48.301Z] batch=field-waveform-1789466179180-7 D6 FIRST_FRAME state=FIRST_FRAME_RECEIVED attempts=1 streak=1
[2026-09-15T09:56:48.301Z] batch=field-waveform-1789466179180-7 D6 FIRST_VALID_SAMPLE state=FIRST_FRAME_RECEIVED attempts=1 streak=1
[2026-09-15T09:56:48.311Z] batch=field-waveform-1789466179180-7 D3 FIRST_FRAME state=FIRST_FRAME_RECEIVED attempts=1 streak=1
[2026-09-15T09:56:48.312Z] batch=field-waveform-1789466179180-7 D3 FIRST_VALID_SAMPLE state=FIRST_FRAME_RECEIVED attempts=1 streak=1
[2026-09-15T09:56:48.325Z] batch=field-waveform-1789466179180-7 D2 FIRST_FRAME state=FIRST_FRAME_RECEIVED attempts=1 streak=1
[2026-09-15T09:56:48.326Z] batch=field-waveform-1789466179180-7 D2 FIRST_VALID_SAMPLE state=FIRST_FRAME_RECEIVED attempts=1 streak=1
[2026-09-15T09:56:48.331Z] batch=field-waveform-1789466179180-7 D5 FIRST_FRAME state=FIRST_FRAME_RECEIVED attempts=1 streak=1
[2026-09-15T09:56:48.332Z] batch=field-waveform-1789466179180-7 D5 FIRST_VALID_SAMPLE state=FIRST_FRAME_RECEIVED attempts=1 streak=1
[2026-09-15T09:56:48.555Z] batch=field-waveform-1789466179180-7 D6 CHANNEL_SYNC_OK state=TEST_READY attempts=1 streak=5
[2026-09-15T09:56:48.555Z] batch=field-waveform-1789466179180-7 D6 TEST_READY state=TEST_READY attempts=1 streak=5
[2026-09-15T09:56:48.557Z] batch=field-waveform-1789466179180-7 D3 CHANNEL_SYNC_OK state=TEST_READY attempts=1 streak=5
[2026-09-15T09:56:48.557Z] batch=field-waveform-1789466179180-7 D3 TEST_READY state=TEST_READY attempts=1 streak=5
[2026-09-15T09:56:48.576Z] batch=field-waveform-1789466179180-7 D2 CHANNEL_SYNC_OK state=TEST_READY attempts=1 streak=5
[2026-09-15T09:56:48.577Z] batch=field-waveform-1789466179180-7 D2 TEST_READY state=TEST_READY attempts=1 streak=5
[2026-09-15T09:56:48.586Z] batch=field-waveform-1789466179180-7 D5 CHANNEL_SYNC_OK state=TEST_READY attempts=1 streak=5
[2026-09-15T09:56:48.586Z] batch=field-waveform-1789466179180-7 D5 TEST_READY state=TEST_READY attempts=1 streak=5
[2026-09-15T09:56:54.330Z] batch=field-waveform-1789466179180-7 D1 MODE_SWITCH_START state=MODE_SWITCHING attempts=1 streak=0 attempt=1
[2026-09-15T09:56:54.331Z] batch=field-waveform-1789466179180-7 D1 MODE_SWITCH_OK state=MODE_SWITCH_OK attempts=1 streak=0
[2026-09-15T09:57:00.145Z] batch=field-waveform-1789466179180-7 D2 MODE_SWITCH_START state=MODE_SWITCHING attempts=1 streak=0 attempt=1
[2026-09-15T09:57:00.150Z] batch=field-waveform-1789466179180-7 D2 MODE_SWITCH_OK state=MODE_SWITCH_OK attempts=1 streak=0
[2026-09-15T09:57:00.151Z] batch=field-waveform-1789466179180-7 D5 MODE_SWITCH_START state=MODE_SWITCHING attempts=1 streak=0 attempt=1
[2026-09-15T09:57:00.152Z] batch=field-waveform-1789466179180-7 D5 MODE_SWITCH_OK state=MODE_SWITCH_OK attempts=1 streak=0
[2026-09-15T09:57:00.192Z] batch=field-waveform-1789466179180-7 D4 MODE_SWITCH_START state=MODE_SWITCHING attempts=1 streak=0 attempt=1
[2026-09-15T09:57:00.198Z] batch=field-waveform-1789466179180-7 D4 MODE_SWITCH_OK state=MODE_SWITCH_OK attempts=1 streak=0
[2026-09-15T09:57:00.199Z] batch=field-waveform-1789466179180-7 D6 MODE_SWITCH_START state=MODE_SWITCHING attempts=1 streak=0 attempt=1
[2026-09-15T09:57:00.201Z] batch=field-waveform-1789466179180-7 D6 MODE_SWITCH_OK state=MODE_SWITCH_OK attempts=1 streak=0
[2026-09-15T09:57:04.338Z] batch=field-waveform-1789466179180-7 D1 MODE_SWITCH_START state=MODE_SWITCHING attempts=1 streak=0 attempt=1
[2026-09-15T09:57:04.343Z] batch=field-waveform-1789466179180-7 D1 MODE_SWITCH_OK state=MODE_SWITCH_OK attempts=1 streak=0
[2026-09-15T09:57:06.419Z] batch=field-waveform-1789466179180-7 D4 FIRST_FRAME state=FIRST_FRAME_RECEIVED attempts=1 streak=1
[2026-09-15T09:57:06.419Z] batch=field-waveform-1789466179180-7 D4 FIRST_VALID_SAMPLE state=FIRST_FRAME_RECEIVED attempts=1 streak=1
[2026-09-15T09:57:06.444Z] batch=field-waveform-1789466179180-7 D6 FIRST_FRAME state=FIRST_FRAME_RECEIVED attempts=1 streak=1
[2026-09-15T09:57:06.444Z] batch=field-waveform-1789466179180-7 D6 FIRST_VALID_SAMPLE state=FIRST_FRAME_RECEIVED attempts=1 streak=1
[2026-09-15T09:57:06.481Z] batch=field-waveform-1789466179180-7 D2 FIRST_FRAME state=FIRST_FRAME_RECEIVED attempts=1 streak=1
[2026-09-15T09:57:06.481Z] batch=field-waveform-1789466179180-7 D2 FIRST_VALID_SAMPLE state=FIRST_FRAME_RECEIVED attempts=1 streak=1
[2026-09-15T09:57:06.484Z] batch=field-waveform-1789466179180-7 D5 FIRST_FRAME state=FIRST_FRAME_RECEIVED attempts=1 streak=1
[2026-09-15T09:57:06.485Z] batch=field-waveform-1789466179180-7 D5 FIRST_VALID_SAMPLE state=FIRST_FRAME_RECEIVED attempts=1 streak=1
[2026-09-15T09:57:06.682Z] batch=field-waveform-1789466179180-7 D4 CHANNEL_SYNC_OK state=TEST_READY attempts=1 streak=5
[2026-09-15T09:57:06.682Z] batch=field-waveform-1789466179180-7 D4 TEST_READY state=TEST_READY attempts=1 streak=5
[2026-09-15T09:57:06.684Z] batch=field-waveform-1789466179180-7 D6 CHANNEL_SYNC_OK state=TEST_READY attempts=1 streak=5
[2026-09-15T09:57:06.684Z] batch=field-waveform-1789466179180-7 D6 TEST_READY state=TEST_READY attempts=1 streak=5
[2026-09-15T09:57:06.722Z] batch=field-waveform-1789466179180-7 D2 CHANNEL_SYNC_OK state=TEST_READY attempts=1 streak=5
[2026-09-15T09:57:06.722Z] batch=field-waveform-1789466179180-7 D2 TEST_READY state=TEST_READY attempts=1 streak=5
[2026-09-15T09:57:06.725Z] batch=field-waveform-1789466179180-7 D5 CHANNEL_SYNC_OK state=TEST_READY attempts=1 streak=5
[2026-09-15T09:57:06.726Z] batch=field-waveform-1789466179180-7 D5 TEST_READY state=TEST_READY attempts=1 streak=5
[2026-09-15T09:57:09.409Z] batch=field-waveform-1789466179180-7 D1 FIRST_FRAME state=FIRST_FRAME_RECEIVED attempts=1 streak=1
[2026-09-15T09:57:09.409Z] batch=field-waveform-1789466179180-7 D1 FIRST_VALID_SAMPLE state=FIRST_FRAME_RECEIVED attempts=1 streak=1
[2026-09-15T09:57:09.671Z] batch=field-waveform-1789466179180-7 D1 CHANNEL_SYNC_OK state=TEST_READY attempts=1 streak=5
[2026-09-15T09:57:09.671Z] batch=field-waveform-1789466179180-7 D1 TEST_READY state=TEST_READY attempts=1 streak=5
[2026-09-15T09:57:56.853Z] batch=field-waveform-1789466179180-7 D2 MODE_SWITCH_START state=MODE_SWITCHING attempts=1 streak=0 attempt=1
[2026-09-15T09:57:56.854Z] batch=field-waveform-1789466179180-7 D2 MODE_SWITCH_OK state=MODE_SWITCH_OK attempts=1 streak=0
[2026-09-15T09:57:56.856Z] batch=field-waveform-1789466179180-7 D3 MODE_SWITCH_START state=MODE_SWITCHING attempts=1 streak=0 attempt=1
[2026-09-15T09:57:56.857Z] batch=field-waveform-1789466179180-7 D3 MODE_SWITCH_OK state=MODE_SWITCH_OK attempts=1 streak=0
[2026-09-15T09:57:56.860Z] batch=field-waveform-1789466179180-7 D6 MODE_SWITCH_START state=MODE_SWITCHING attempts=1 streak=0 attempt=1
[2026-09-15T09:57:56.860Z] batch=field-waveform-1789466179180-7 D6 MODE_SWITCH_OK state=MODE_SWITCH_OK attempts=1 streak=0
[2026-09-15T09:57:56.867Z] batch=field-waveform-1789466179180-7 D5 MODE_SWITCH_START state=MODE_SWITCHING attempts=1 streak=0 attempt=1
[2026-09-15T09:57:56.868Z] batch=field-waveform-1789466179180-7 D5 MODE_SWITCH_OK state=MODE_SWITCH_OK attempts=1 streak=0
[2026-09-15T09:57:56.872Z] batch=field-waveform-1789466179180-7 D4 MODE_SWITCH_START state=MODE_SWITCHING attempts=1 streak=0 attempt=1
[2026-09-15T09:57:56.875Z] batch=field-waveform-1789466179180-7 D4 MODE_SWITCH_OK state=MODE_SWITCH_OK attempts=1 streak=0
[2026-09-15T09:57:56.879Z] batch=field-waveform-1789466179180-7 D1 MODE_SWITCH_START state=MODE_SWITCHING attempts=1 streak=0 attempt=1
[2026-09-15T09:57:56.880Z] batch=field-waveform-1789466179180-7 D1 MODE_SWITCH_OK state=MODE_SWITCH_OK attempts=1 streak=0
[2026-09-15T09:58:06.978Z] batch=field-waveform-1789466179180-7 D2 MODE_SWITCH_START state=MODE_SWITCHING attempts=1 streak=0 attempt=1
[2026-09-15T09:58:06.979Z] batch=field-waveform-1789466179180-7 D2 MODE_SWITCH_OK state=MODE_SWITCH_OK attempts=1 streak=0
[2026-09-15T09:58:06.982Z] batch=field-waveform-1789466179180-7 D3 MODE_SWITCH_START state=MODE_SWITCHING attempts=1 streak=0 attempt=1
[2026-09-15T09:58:06.984Z] batch=field-waveform-1789466179180-7 D3 MODE_SWITCH_OK state=MODE_SWITCH_OK attempts=1 streak=0
[2026-09-15T09:58:06.988Z] batch=field-waveform-1789466179180-7 D6 MODE_SWITCH_START state=MODE_SWITCHING attempts=1 streak=0 attempt=1
[2026-09-15T09:58:06.990Z] batch=field-waveform-1789466179180-7 D6 MODE_SWITCH_OK state=MODE_SWITCH_OK attempts=1 streak=0
[2026-09-15T09:58:06.994Z] batch=field-waveform-1789466179180-7 D5 MODE_SWITCH_START state=MODE_SWITCHING attempts=1 streak=0 attempt=1
[2026-09-15T09:58:06.995Z] batch=field-waveform-1789466179180-7 D5 MODE_SWITCH_OK state=MODE_SWITCH_OK attempts=1 streak=0
[2026-09-15T09:58:06.999Z] batch=field-waveform-1789466179180-7 D4 MODE_SWITCH_START state=MODE_SWITCHING attempts=1 streak=0 attempt=1
[2026-09-15T09:58:07.000Z] batch=field-waveform-1789466179180-7 D4 MODE_SWITCH_OK state=MODE_SWITCH_OK attempts=1 streak=0
[2026-09-15T09:58:07.013Z] batch=field-waveform-1789466179180-7 D1 MODE_SWITCH_START state=MODE_SWITCHING attempts=1 streak=0 attempt=1
[2026-09-15T09:58:07.022Z] batch=field-waveform-1789466179180-7 D1 MODE_SWITCH_OK state=MODE_SWITCH_OK attempts=1 streak=0
[2026-09-15T09:58:12.531Z] batch=field-waveform-1789466179180-7 D3 FIRST_FRAME state=FIRST_FRAME_RECEIVED attempts=1 streak=1
[2026-09-15T09:58:12.531Z] batch=field-waveform-1789466179180-7 D3 FIRST_VALID_SAMPLE state=FIRST_FRAME_RECEIVED attempts=1 streak=1
[2026-09-15T09:58:12.534Z] batch=field-waveform-1789466179180-7 D3 CHANNEL_SYNC_OK state=TEST_READY attempts=1 streak=5
[2026-09-15T09:58:12.534Z] batch=field-waveform-1789466179180-7 D3 TEST_READY state=TEST_READY attempts=1 streak=5
[2026-09-15T09:58:12.535Z] batch=field-waveform-1789466179180-7 D2 FIRST_FRAME state=FIRST_FRAME_RECEIVED attempts=1 streak=1
[2026-09-15T09:58:12.535Z] batch=field-waveform-1789466179180-7 D2 FIRST_VALID_SAMPLE state=FIRST_FRAME_RECEIVED attempts=1 streak=1
[2026-09-15T09:58:12.541Z] batch=field-waveform-1789466179180-7 D2 CHANNEL_SYNC_OK state=TEST_READY attempts=1 streak=5
[2026-09-15T09:58:12.541Z] batch=field-waveform-1789466179180-7 D2 TEST_READY state=TEST_READY attempts=1 streak=5
[2026-09-15T09:58:12.543Z] batch=field-waveform-1789466179180-7 D6 FIRST_FRAME state=FIRST_FRAME_RECEIVED attempts=1 streak=1
[2026-09-15T09:58:12.544Z] batch=field-waveform-1789466179180-7 D6 FIRST_VALID_SAMPLE state=FIRST_FRAME_RECEIVED attempts=1 streak=1
[2026-09-15T09:58:12.546Z] batch=field-waveform-1789466179180-7 D6 CHANNEL_SYNC_OK state=TEST_READY attempts=1 streak=5
[2026-09-15T09:58:12.546Z] batch=field-waveform-1789466179180-7 D6 TEST_READY state=TEST_READY attempts=1 streak=5
[2026-09-15T09:58:12.638Z] batch=field-waveform-1789466179180-7 D5 FIRST_FRAME state=FIRST_FRAME_RECEIVED attempts=1 streak=1
[2026-09-15T09:58:12.641Z] batch=field-waveform-1789466179180-7 D5 FIRST_VALID_SAMPLE state=FIRST_FRAME_RECEIVED attempts=1 streak=1
[2026-09-15T09:58:12.644Z] batch=field-waveform-1789466179180-7 D5 CHANNEL_SYNC_OK state=TEST_READY attempts=1 streak=5
[2026-09-15T09:58:12.644Z] batch=field-waveform-1789466179180-7 D5 TEST_READY state=TEST_READY attempts=1 streak=5
[2026-09-15T09:58:12.646Z] batch=field-waveform-1789466179180-7 D4 FIRST_FRAME state=FIRST_FRAME_RECEIVED attempts=1 streak=1
[2026-09-15T09:58:12.646Z] batch=field-waveform-1789466179180-7 D4 FIRST_VALID_SAMPLE state=FIRST_FRAME_RECEIVED attempts=1 streak=1
[2026-09-15T09:58:12.649Z] batch=field-waveform-1789466179180-7 D4 CHANNEL_SYNC_OK state=TEST_READY attempts=1 streak=5
[2026-09-15T09:58:12.650Z] batch=field-waveform-1789466179180-7 D4 TEST_READY state=TEST_READY attempts=1 streak=5
[2026-09-15T09:58:12.652Z] batch=field-waveform-1789466179180-7 D1 FIRST_FRAME state=FIRST_FRAME_RECEIVED attempts=1 streak=1
[2026-09-15T09:58:12.653Z] batch=field-waveform-1789466179180-7 D1 FIRST_VALID_SAMPLE state=FIRST_FRAME_RECEIVED attempts=1 streak=1
[2026-09-15T09:58:12.658Z] batch=field-waveform-1789466179180-7 D1 CHANNEL_SYNC_OK state=TEST_READY attempts=1 streak=5
[2026-09-15T09:58:12.659Z] batch=field-waveform-1789466179180-7 D1 TEST_READY state=TEST_READY attempts=1 streak=5
[2026-09-15T09:58:57.528Z] batch=field-waveform-1789466179180-7 D3 MODE_SWITCH_START state=MODE_SWITCHING attempts=1 streak=0 attempt=1
[2026-09-15T09:58:57.530Z] batch=field-waveform-1789466179180-7 D3 MODE_SWITCH_OK state=MODE_SWITCH_OK attempts=1 streak=0
[2026-09-15T09:58:57.536Z] batch=field-waveform-1789466179180-7 D2 MODE_SWITCH_START state=MODE_SWITCHING attempts=1 streak=0 attempt=1
[2026-09-15T09:58:57.539Z] batch=field-waveform-1789466179180-7 D2 MODE_SWITCH_OK state=MODE_SWITCH_OK attempts=1 streak=0
[2026-09-15T09:58:57.544Z] batch=field-waveform-1789466179180-7 D6 MODE_SWITCH_START state=MODE_SWITCHING attempts=1 streak=0 attempt=1
[2026-09-15T09:58:57.546Z] batch=field-waveform-1789466179180-7 D6 MODE_SWITCH_OK state=MODE_SWITCH_OK attempts=1 streak=0
[2026-09-15T09:58:57.556Z] batch=field-waveform-1789466179180-7 D5 MODE_SWITCH_START state=MODE_SWITCHING attempts=1 streak=0 attempt=1
[2026-09-15T09:58:57.565Z] batch=field-waveform-1789466179180-7 D5 MODE_SWITCH_OK state=MODE_SWITCH_OK attempts=1 streak=0
[2026-09-15T09:58:57.585Z] batch=field-waveform-1789466179180-7 D4 MODE_SWITCH_START state=MODE_SWITCHING attempts=1 streak=0 attempt=1
[2026-09-15T09:58:57.591Z] batch=field-waveform-1789466179180-7 D4 MODE_SWITCH_OK state=MODE_SWITCH_OK attempts=1 streak=0
[2026-09-15T09:58:57.597Z] batch=field-waveform-1789466179180-7 D1 MODE_SWITCH_START state=MODE_SWITCHING attempts=1 streak=0 attempt=1
[2026-09-15T09:58:57.599Z] batch=field-waveform-1789466179180-7 D1 MODE_SWITCH_OK state=MODE_SWITCH_OK attempts=1 streak=0
[2026-09-15T09:58:59.122Z] batch=field-waveform-1789466339120-8 D1 MODE_SWITCH_START state=MODE_SWITCHING attempts=1 streak=0 attempt=1
[2026-09-15T09:58:59.125Z] batch=field-waveform-1789466339120-8 D2 MODE_SWITCH_START state=MODE_SWITCHING attempts=1 streak=0 attempt=1
[2026-09-15T09:58:59.126Z] batch=field-waveform-1789466339120-8 D3 MODE_SWITCH_START state=MODE_SWITCHING attempts=1 streak=0 attempt=1
[2026-09-15T09:58:59.127Z] batch=field-waveform-1789466339120-8 D4 MODE_SWITCH_START state=MODE_SWITCHING attempts=1 streak=0 attempt=1
[2026-09-15T09:58:59.129Z] batch=field-waveform-1789466339120-8 D5 MODE_SWITCH_START state=MODE_SWITCHING attempts=1 streak=0 attempt=1
[2026-09-15T09:58:59.129Z] batch=field-waveform-1789466339120-8 D6 MODE_SWITCH_START state=MODE_SWITCHING attempts=1 streak=0 attempt=1
[2026-09-15T09:58:59.132Z] batch=field-waveform-1789466339120-8 D1 MODE_SWITCH_OK state=MODE_SWITCH_OK attempts=1 streak=0
[2026-09-15T09:58:59.132Z] batch=field-waveform-1789466339120-8 D2 MODE_SWITCH_OK state=MODE_SWITCH_OK attempts=1 streak=0
[2026-09-15T09:58:59.133Z] batch=field-waveform-1789466339120-8 D3 MODE_SWITCH_OK state=MODE_SWITCH_OK attempts=1 streak=0
[2026-09-15T09:58:59.133Z] batch=field-waveform-1789466339120-8 D4 MODE_SWITCH_OK state=MODE_SWITCH_OK attempts=1 streak=0
[2026-09-15T09:58:59.133Z] batch=field-waveform-1789466339120-8 D5 MODE_SWITCH_OK state=MODE_SWITCH_OK attempts=1 streak=0
[2026-09-15T09:58:59.134Z] batch=field-waveform-1789466339120-8 D6 MODE_SWITCH_OK state=MODE_SWITCH_OK attempts=1 streak=0
[2026-09-15T09:59:07.543Z] batch=field-waveform-1789466339120-8 D3 MODE_SWITCH_START state=MODE_SWITCHING attempts=1 streak=0 attempt=1
[2026-09-15T09:59:07.544Z] batch=field-waveform-1789466339120-8 D3 MODE_SWITCH_OK state=MODE_SWITCH_OK attempts=1 streak=0
[2026-09-15T09:59:07.544Z] batch=field-waveform-1789466339120-8 D2 MODE_SWITCH_START state=MODE_SWITCHING attempts=1 streak=0 attempt=1
[2026-09-15T09:59:07.546Z] batch=field-waveform-1789466339120-8 D2 MODE_SWITCH_OK state=MODE_SWITCH_OK attempts=1 streak=0
[2026-09-15T09:59:07.547Z] batch=field-waveform-1789466339120-8 D6 MODE_SWITCH_START state=MODE_SWITCHING attempts=1 streak=0 attempt=1
[2026-09-15T09:59:07.548Z] batch=field-waveform-1789466339120-8 D6 MODE_SWITCH_OK state=MODE_SWITCH_OK attempts=1 streak=0
[2026-09-15T09:59:07.574Z] batch=field-waveform-1789466339120-8 D5 MODE_SWITCH_START state=MODE_SWITCHING attempts=1 streak=0 attempt=1
[2026-09-15T09:59:07.575Z] batch=field-waveform-1789466339120-8 D5 MODE_SWITCH_OK state=MODE_SWITCH_OK attempts=1 streak=0
[2026-09-15T09:59:07.605Z] batch=field-waveform-1789466339120-8 D4 MODE_SWITCH_START state=MODE_SWITCHING attempts=1 streak=0 attempt=1
[2026-09-15T09:59:07.606Z] batch=field-waveform-1789466339120-8 D4 MODE_SWITCH_OK state=MODE_SWITCH_OK attempts=1 streak=0
[2026-09-15T09:59:07.608Z] batch=field-waveform-1789466339120-8 D1 MODE_SWITCH_START state=MODE_SWITCHING attempts=1 streak=0 attempt=1
[2026-09-15T09:59:07.609Z] batch=field-waveform-1789466339120-8 D1 MODE_SWITCH_OK state=MODE_SWITCH_OK attempts=1 streak=0
[2026-09-15T09:59:09.190Z] batch=field-waveform-1789466349190-9 D1 MODE_SWITCH_START state=MODE_SWITCHING attempts=1 streak=0 attempt=1
[2026-09-15T09:59:09.194Z] batch=field-waveform-1789466349190-9 D2 MODE_SWITCH_START state=MODE_SWITCHING attempts=1 streak=0 attempt=1
[2026-09-15T09:59:09.202Z] batch=field-waveform-1789466349190-9 D3 MODE_SWITCH_START state=MODE_SWITCHING attempts=1 streak=0 attempt=1
[2026-09-15T09:59:09.206Z] batch=field-waveform-1789466349190-9 D4 MODE_SWITCH_START state=MODE_SWITCHING attempts=1 streak=0 attempt=1
[2026-09-15T09:59:09.211Z] batch=field-waveform-1789466349190-9 D5 MODE_SWITCH_START state=MODE_SWITCHING attempts=1 streak=0 attempt=1
[2026-09-15T09:59:09.216Z] batch=field-waveform-1789466349190-9 D6 MODE_SWITCH_START state=MODE_SWITCHING attempts=1 streak=0 attempt=1
[2026-09-15T09:59:09.224Z] batch=field-waveform-1789466349190-9 D1 MODE_SWITCH_OK state=MODE_SWITCH_OK attempts=1 streak=0
[2026-09-15T09:59:09.226Z] batch=field-waveform-1789466349190-9 D2 MODE_SWITCH_OK state=MODE_SWITCH_OK attempts=1 streak=0
[2026-09-15T09:59:09.235Z] batch=field-waveform-1789466349190-9 D3 MODE_SWITCH_OK state=MODE_SWITCH_OK attempts=1 streak=0
[2026-09-15T09:59:09.236Z] batch=field-waveform-1789466349190-9 D4 MODE_SWITCH_OK state=MODE_SWITCH_OK attempts=1 streak=0
[2026-09-15T09:59:09.248Z] batch=field-waveform-1789466349190-9 D5 MODE_SWITCH_OK state=MODE_SWITCH_OK attempts=1 streak=0
[2026-09-15T09:59:09.254Z] batch=field-waveform-1789466349190-9 D6 MODE_SWITCH_OK state=MODE_SWITCH_OK attempts=1 streak=0
[2026-09-15T09:59:17.555Z] batch=field-waveform-1789466349190-9 D3 MODE_SWITCH_START state=MODE_SWITCHING attempts=1 streak=0 attempt=1
[2026-09-15T09:59:17.556Z] batch=field-waveform-1789466349190-9 D3 MODE_SWITCH_OK state=MODE_SWITCH_OK attempts=1 streak=0
[2026-09-15T09:59:17.558Z] batch=field-waveform-1789466349190-9 D2 MODE_SWITCH_START state=MODE_SWITCHING attempts=1 streak=0 attempt=1
[2026-09-15T09:59:17.559Z] batch=field-waveform-1789466349190-9 D2 MODE_SWITCH_OK state=MODE_SWITCH_OK attempts=1 streak=0
[2026-09-15T09:59:17.560Z] batch=field-waveform-1789466349190-9 D6 MODE_SWITCH_START state=MODE_SWITCHING attempts=1 streak=0 attempt=1
[2026-09-15T09:59:17.562Z] batch=field-waveform-1789466349190-9 D6 MODE_SWITCH_OK state=MODE_SWITCH_OK attempts=1 streak=0
[2026-09-15T09:59:17.588Z] batch=field-waveform-1789466349190-9 D5 MODE_SWITCH_START state=MODE_SWITCHING attempts=1 streak=0 attempt=1
[2026-09-15T09:59:17.589Z] batch=field-waveform-1789466349190-9 D5 MODE_SWITCH_OK state=MODE_SWITCH_OK attempts=1 streak=0
[2026-09-15T09:59:17.617Z] batch=field-waveform-1789466349190-9 D4 MODE_SWITCH_START state=MODE_SWITCHING attempts=1 streak=0 attempt=1
[2026-09-15T09:59:17.621Z] batch=field-waveform-1789466349190-9 D4 MODE_SWITCH_OK state=MODE_SWITCH_OK attempts=1 streak=0
[2026-09-15T09:59:17.623Z] batch=field-waveform-1789466349190-9 D1 MODE_SWITCH_START state=MODE_SWITCHING attempts=1 streak=0 attempt=1
[2026-09-15T09:59:17.626Z] batch=field-waveform-1789466349190-9 D1 MODE_SWITCH_OK state=MODE_SWITCH_OK attempts=1 streak=0
[2026-09-15T09:59:27.571Z] batch=field-waveform-1789466349190-9 D3 MODE_SWITCH_START state=MODE_SWITCHING attempts=1 streak=0 attempt=1
[2026-09-15T09:59:27.572Z] batch=field-waveform-1789466349190-9 D3 MODE_SWITCH_OK state=MODE_SWITCH_OK attempts=1 streak=0
[2026-09-15T09:59:27.574Z] batch=field-waveform-1789466349190-9 D2 MODE_SWITCH_START state=MODE_SWITCHING attempts=1 streak=0 attempt=1
[2026-09-15T09:59:27.580Z] batch=field-waveform-1789466349190-9 D2 MODE_SWITCH_OK state=MODE_SWITCH_OK attempts=1 streak=0
[2026-09-15T09:59:27.582Z] batch=field-waveform-1789466349190-9 D6 MODE_SWITCH_START state=MODE_SWITCHING attempts=1 streak=0 attempt=1
[2026-09-15T09:59:27.583Z] batch=field-waveform-1789466349190-9 D6 MODE_SWITCH_OK state=MODE_SWITCH_OK attempts=1 streak=0
[2026-09-15T09:59:27.608Z] batch=field-waveform-1789466349190-9 D5 MODE_SWITCH_START state=MODE_SWITCHING attempts=1 streak=0 attempt=1
[2026-09-15T09:59:27.612Z] batch=field-waveform-1789466349190-9 D5 MODE_SWITCH_OK state=MODE_SWITCH_OK attempts=1 streak=0
[2026-09-15T09:59:27.631Z] batch=field-waveform-1789466349190-9 D4 MODE_SWITCH_START state=MODE_SWITCHING attempts=1 streak=0 attempt=1
[2026-09-15T09:59:27.633Z] batch=field-waveform-1789466349190-9 D4 MODE_SWITCH_OK state=MODE_SWITCH_OK attempts=1 streak=0
[2026-09-15T09:59:27.633Z] batch=field-waveform-1789466349190-9 D1 MODE_SWITCH_START state=MODE_SWITCHING attempts=1 streak=0 attempt=1
[2026-09-15T09:59:27.635Z] batch=field-waveform-1789466349190-9 D1 MODE_SWITCH_OK state=MODE_SWITCH_OK attempts=1 streak=0
[2026-09-15T09:59:37.577Z] batch=field-waveform-1789466349190-9 D3 MODE_SWITCH_START state=MODE_SWITCHING attempts=1 streak=0 attempt=1
[2026-09-15T09:59:37.579Z] batch=field-waveform-1789466349190-9 D3 MODE_SWITCH_OK state=MODE_SWITCH_OK attempts=1 streak=0
[2026-09-15T09:59:37.608Z] batch=field-waveform-1789466349190-9 D2 MODE_SWITCH_START state=MODE_SWITCHING attempts=1 streak=0 attempt=1
[2026-09-15T09:59:37.610Z] batch=field-waveform-1789466349190-9 D2 MODE_SWITCH_OK state=MODE_SWITCH_OK attempts=1 streak=0
[2026-09-15T09:59:37.610Z] batch=field-waveform-1789466349190-9 D6 MODE_SWITCH_START state=MODE_SWITCHING attempts=1 streak=0 attempt=1
[2026-09-15T09:59:37.611Z] batch=field-waveform-1789466349190-9 D6 MODE_SWITCH_OK state=MODE_SWITCH_OK attempts=1 streak=0
[2026-09-15T09:59:37.613Z] batch=field-waveform-1789466349190-9 D5 MODE_SWITCH_START state=MODE_SWITCHING attempts=1 streak=0 attempt=1
[2026-09-15T09:59:37.613Z] batch=field-waveform-1789466349190-9 D5 MODE_SWITCH_OK state=MODE_SWITCH_OK attempts=1 streak=0
[2026-09-15T09:59:37.635Z] batch=field-waveform-1789466349190-9 D4 MODE_SWITCH_START state=MODE_SWITCHING attempts=1 streak=0 attempt=1
[2026-09-15T09:59:37.636Z] batch=field-waveform-1789466349190-9 D4 MODE_SWITCH_OK state=MODE_SWITCH_OK attempts=1 streak=0
[2026-09-15T09:59:37.637Z] batch=field-waveform-1789466349190-9 D1 MODE_SWITCH_START state=MODE_SWITCHING attempts=1 streak=0 attempt=1
[2026-09-15T09:59:37.639Z] batch=field-waveform-1789466349190-9 D1 MODE_SWITCH_OK state=MODE_SWITCH_OK attempts=1 streak=0
[2026-09-15T09:59:47.586Z] batch=field-waveform-1789466349190-9 D3 MODE_SWITCH_START state=MODE_SWITCHING attempts=1 streak=0 attempt=1
[2026-09-15T09:59:47.592Z] batch=field-waveform-1789466349190-9 D3 MODE_SWITCH_OK state=MODE_SWITCH_OK attempts=1 streak=0
[2026-09-15T09:59:47.642Z] batch=field-waveform-1789466349190-9 D2 MODE_SWITCH_START state=MODE_SWITCHING attempts=1 streak=0 attempt=1
[2026-09-15T09:59:47.644Z] batch=field-waveform-1789466349190-9 D2 MODE_SWITCH_OK state=MODE_SWITCH_OK attempts=1 streak=0
[2026-09-15T09:59:47.647Z] batch=field-waveform-1789466349190-9 D6 MODE_SWITCH_START state=MODE_SWITCHING attempts=1 streak=0 attempt=1
[2026-09-15T09:59:47.648Z] batch=field-waveform-1789466349190-9 D6 MODE_SWITCH_OK state=MODE_SWITCH_OK attempts=1 streak=0
[2026-09-15T09:59:47.649Z] batch=field-waveform-1789466349190-9 D5 MODE_SWITCH_START state=MODE_SWITCHING attempts=1 streak=0 attempt=1
[2026-09-15T09:59:47.649Z] batch=field-waveform-1789466349190-9 D5 MODE_SWITCH_OK state=MODE_SWITCH_OK attempts=1 streak=0
[2026-09-15T09:59:47.650Z] batch=field-waveform-1789466349190-9 D4 MODE_SWITCH_START state=MODE_SWITCHING attempts=1 streak=0 attempt=1
[2026-09-15T09:59:47.651Z] batch=field-waveform-1789466349190-9 D4 MODE_SWITCH_OK state=MODE_SWITCH_OK attempts=1 streak=0
[2026-09-15T09:59:47.651Z] batch=field-waveform-1789466349190-9 D1 MODE_SWITCH_START state=MODE_SWITCHING attempts=1 streak=0 attempt=1
[2026-09-15T09:59:47.652Z] batch=field-waveform-1789466349190-9 D1 MODE_SWITCH_OK state=MODE_SWITCH_OK attempts=1 streak=0
[2026-09-15T09:59:56.768Z] batch=field-waveform-1789466349190-9 D6 FIRST_FRAME state=FIRST_FRAME_RECEIVED attempts=1 streak=1
[2026-09-15T09:59:56.769Z] batch=field-waveform-1789466349190-9 D6 FIRST_VALID_SAMPLE state=FIRST_FRAME_RECEIVED attempts=1 streak=1
[2026-09-15T09:59:56.770Z] batch=field-waveform-1789466349190-9 D3 FIRST_FRAME state=FIRST_FRAME_RECEIVED attempts=1 streak=1
[2026-09-15T09:59:56.770Z] batch=field-waveform-1789466349190-9 D3 FIRST_VALID_SAMPLE state=FIRST_FRAME_RECEIVED attempts=1 streak=1
[2026-09-15T09:59:56.810Z] batch=field-waveform-1789466349190-9 D5 FIRST_FRAME state=FIRST_FRAME_RECEIVED attempts=1 streak=1
[2026-09-15T09:59:56.811Z] batch=field-waveform-1789466349190-9 D5 FIRST_VALID_SAMPLE state=FIRST_FRAME_RECEIVED attempts=1 streak=1
[2026-09-15T09:59:56.813Z] batch=field-waveform-1789466349190-9 D4 FIRST_FRAME state=FIRST_FRAME_RECEIVED attempts=1 streak=1
[2026-09-15T09:59:56.814Z] batch=field-waveform-1789466349190-9 D4 FIRST_VALID_SAMPLE state=FIRST_FRAME_RECEIVED attempts=1 streak=1
[2026-09-15T09:59:56.845Z] batch=field-waveform-1789466349190-9 D2 FIRST_FRAME state=FIRST_FRAME_RECEIVED attempts=1 streak=1
[2026-09-15T09:59:56.845Z] batch=field-waveform-1789466349190-9 D2 FIRST_VALID_SAMPLE state=FIRST_FRAME_RECEIVED attempts=1 streak=1
[2026-09-15T09:59:57.025Z] batch=field-waveform-1789466349190-9 D6 CHANNEL_SYNC_OK state=TEST_READY attempts=1 streak=5
[2026-09-15T09:59:57.025Z] batch=field-waveform-1789466349190-9 D6 TEST_READY state=TEST_READY attempts=1 streak=5
[2026-09-15T09:59:57.026Z] batch=field-waveform-1789466349190-9 D3 CHANNEL_SYNC_OK state=TEST_READY attempts=1 streak=5
[2026-09-15T09:59:57.027Z] batch=field-waveform-1789466349190-9 D3 TEST_READY state=TEST_READY attempts=1 streak=5
[2026-09-15T09:59:57.063Z] batch=field-waveform-1789466349190-9 D4 CHANNEL_SYNC_OK state=TEST_READY attempts=1 streak=5
[2026-09-15T09:59:57.063Z] batch=field-waveform-1789466349190-9 D4 TEST_READY state=TEST_READY attempts=1 streak=5
[2026-09-15T09:59:57.065Z] batch=field-waveform-1789466349190-9 D5 CHANNEL_SYNC_OK state=TEST_READY attempts=1 streak=5
[2026-09-15T09:59:57.065Z] batch=field-waveform-1789466349190-9 D5 TEST_READY state=TEST_READY attempts=1 streak=5
[2026-09-15T09:59:57.066Z] batch=field-waveform-1789466349190-9 D2 CHANNEL_SYNC_OK state=TEST_READY attempts=1 streak=5
[2026-09-15T09:59:57.066Z] batch=field-waveform-1789466349190-9 D2 TEST_READY state=TEST_READY attempts=1 streak=5
[2026-09-15T09:59:57.668Z] batch=field-waveform-1789466349190-9 D1 MODE_SWITCH_START state=MODE_SWITCHING attempts=1 streak=0 attempt=1
[2026-09-15T09:59:57.670Z] batch=field-waveform-1789466349190-9 D1 MODE_SWITCH_OK state=MODE_SWITCH_OK attempts=1 streak=0
[2026-09-15T09:59:58.827Z] batch=field-waveform-1789466349190-9 D1 FIRST_FRAME state=FIRST_FRAME_RECEIVED attempts=1 streak=1
[2026-09-15T09:59:58.827Z] batch=field-waveform-1789466349190-9 D1 FIRST_VALID_SAMPLE state=FIRST_FRAME_RECEIVED attempts=1 streak=1
[2026-09-15T09:59:59.069Z] batch=field-waveform-1789466349190-9 D1 CHANNEL_SYNC_OK state=TEST_READY attempts=1 streak=5
[2026-09-15T09:59:59.069Z] batch=field-waveform-1789466349190-9 D1 TEST_READY state=TEST_READY attempts=1 streak=5
[2026-09-15T10:00:46.667Z] batch=field-waveform-1789466349190-9 D3 MODE_SWITCH_START state=MODE_SWITCHING attempts=1 streak=0 attempt=1
[2026-09-15T10:00:46.669Z] batch=field-waveform-1789466349190-9 D3 MODE_SWITCH_OK state=MODE_SWITCH_OK attempts=1 streak=0
[2026-09-15T10:00:46.674Z] batch=field-waveform-1789466349190-9 D2 MODE_SWITCH_START state=MODE_SWITCHING attempts=1 streak=0 attempt=1
[2026-09-15T10:00:46.676Z] batch=field-waveform-1789466349190-9 D2 MODE_SWITCH_OK state=MODE_SWITCH_OK attempts=1 streak=0
[2026-09-15T10:00:46.979Z] batch=field-waveform-1789466349190-9 D4 MODE_SWITCH_START state=MODE_SWITCHING attempts=1 streak=0 attempt=1
[2026-09-15T10:00:46.981Z] batch=field-waveform-1789466349190-9 D4 MODE_SWITCH_OK state=MODE_SWITCH_OK attempts=1 streak=0
[2026-09-15T10:00:46.988Z] batch=field-waveform-1789466349190-9 D6 MODE_SWITCH_START state=MODE_SWITCHING attempts=1 streak=0 attempt=1
[2026-09-15T10:00:46.992Z] batch=field-waveform-1789466349190-9 D6 MODE_SWITCH_OK state=MODE_SWITCH_OK attempts=1 streak=0
[2026-09-15T10:00:46.996Z] batch=field-waveform-1789466349190-9 D5 MODE_SWITCH_START state=MODE_SWITCHING attempts=1 streak=0 attempt=1
[2026-09-15T10:00:46.997Z] batch=field-waveform-1789466349190-9 D5 MODE_SWITCH_OK state=MODE_SWITCH_OK attempts=1 streak=0
[2026-09-15T10:00:47.678Z] batch=field-waveform-1789466349190-9 D1 MODE_SWITCH_START state=MODE_SWITCHING attempts=1 streak=0 attempt=1
[2026-09-15T10:00:47.679Z] batch=field-waveform-1789466349190-9 D1 MODE_SWITCH_OK state=MODE_SWITCH_OK attempts=1 streak=0
[2026-09-15T10:00:56.763Z] batch=field-waveform-1789466349190-9 D3 MODE_SWITCH_START state=MODE_SWITCHING attempts=1 streak=0 attempt=1
[2026-09-15T10:00:56.764Z] batch=field-waveform-1789466349190-9 D3 MODE_SWITCH_OK state=MODE_SWITCH_OK attempts=1 streak=0
[2026-09-15T10:00:56.766Z] batch=field-waveform-1789466349190-9 D2 MODE_SWITCH_START state=MODE_SWITCHING attempts=1 streak=0 attempt=1
[2026-09-15T10:00:56.767Z] batch=field-waveform-1789466349190-9 D2 MODE_SWITCH_OK state=MODE_SWITCH_OK attempts=1 streak=0
[2026-09-15T10:00:57.048Z] batch=field-waveform-1789466349190-9 D4 MODE_SWITCH_START state=MODE_SWITCHING attempts=1 streak=0 attempt=1
[2026-09-15T10:00:57.049Z] batch=field-waveform-1789466349190-9 D4 MODE_SWITCH_OK state=MODE_SWITCH_OK attempts=1 streak=0
[2026-09-15T10:00:57.052Z] batch=field-waveform-1789466349190-9 D6 MODE_SWITCH_START state=MODE_SWITCHING attempts=1 streak=0 attempt=1
[2026-09-15T10:00:57.053Z] batch=field-waveform-1789466349190-9 D6 MODE_SWITCH_OK state=MODE_SWITCH_OK attempts=1 streak=0
[2026-09-15T10:00:57.059Z] batch=field-waveform-1789466349190-9 D5 MODE_SWITCH_START state=MODE_SWITCHING attempts=1 streak=0 attempt=1
[2026-09-15T10:00:57.063Z] batch=field-waveform-1789466349190-9 D5 MODE_SWITCH_OK state=MODE_SWITCH_OK attempts=1 streak=0
[2026-09-15T10:00:57.896Z] batch=field-waveform-1789466349190-9 D1 MODE_SWITCH_START state=MODE_SWITCHING attempts=1 streak=0 attempt=1
[2026-09-15T10:00:57.897Z] batch=field-waveform-1789466349190-9 D1 MODE_SWITCH_OK state=MODE_SWITCH_OK attempts=1 streak=0
[2026-09-15T10:01:02.264Z] batch=field-waveform-1789466349190-9 D2 FIRST_FRAME state=FIRST_FRAME_RECEIVED attempts=1 streak=1
[2026-09-15T10:01:02.264Z] batch=field-waveform-1789466349190-9 D2 FIRST_VALID_SAMPLE state=FIRST_FRAME_RECEIVED attempts=1 streak=1
[2026-09-15T10:01:02.266Z] batch=field-waveform-1789466349190-9 D2 CHANNEL_SYNC_OK state=TEST_READY attempts=1 streak=5
[2026-09-15T10:01:02.266Z] batch=field-waveform-1789466349190-9 D2 TEST_READY state=TEST_READY attempts=1 streak=5
[2026-09-15T10:01:02.266Z] batch=field-waveform-1789466349190-9 D3 FIRST_FRAME state=FIRST_FRAME_RECEIVED attempts=1 streak=1
[2026-09-15T10:01:02.267Z] batch=field-waveform-1789466349190-9 D3 FIRST_VALID_SAMPLE state=FIRST_FRAME_RECEIVED attempts=1 streak=1
[2026-09-15T10:01:02.268Z] batch=field-waveform-1789466349190-9 D3 CHANNEL_SYNC_OK state=TEST_READY attempts=1 streak=5
[2026-09-15T10:01:02.268Z] batch=field-waveform-1789466349190-9 D3 TEST_READY state=TEST_READY attempts=1 streak=5
[2026-09-15T10:01:02.270Z] batch=field-waveform-1789466349190-9 D4 FIRST_FRAME state=FIRST_FRAME_RECEIVED attempts=1 streak=1
[2026-09-15T10:01:02.271Z] batch=field-waveform-1789466349190-9 D4 FIRST_VALID_SAMPLE state=FIRST_FRAME_RECEIVED attempts=1 streak=1
[2026-09-15T10:01:02.274Z] batch=field-waveform-1789466349190-9 D6 FIRST_FRAME state=FIRST_FRAME_RECEIVED attempts=1 streak=1
[2026-09-15T10:01:02.274Z] batch=field-waveform-1789466349190-9 D6 FIRST_VALID_SAMPLE state=FIRST_FRAME_RECEIVED attempts=1 streak=1
[2026-09-15T10:01:02.278Z] batch=field-waveform-1789466349190-9 D5 FIRST_FRAME state=FIRST_FRAME_RECEIVED attempts=1 streak=1
[2026-09-15T10:01:02.279Z] batch=field-waveform-1789466349190-9 D5 FIRST_VALID_SAMPLE state=FIRST_FRAME_RECEIVED attempts=1 streak=1
[2026-09-15T10:01:02.587Z] batch=field-waveform-1789466349190-9 D4 CHANNEL_SYNC_OK state=TEST_READY attempts=1 streak=5
[2026-09-15T10:01:02.587Z] batch=field-waveform-1789466349190-9 D4 TEST_READY state=TEST_READY attempts=1 streak=5
[2026-09-15T10:01:02.595Z] batch=field-waveform-1789466349190-9 D6 CHANNEL_SYNC_OK state=TEST_READY attempts=1 streak=5
[2026-09-15T10:01:02.596Z] batch=field-waveform-1789466349190-9 D6 TEST_READY state=TEST_READY attempts=1 streak=5
[2026-09-15T10:01:02.602Z] batch=field-waveform-1789466349190-9 D5 CHANNEL_SYNC_OK state=TEST_READY attempts=1 streak=5
[2026-09-15T10:01:02.603Z] batch=field-waveform-1789466349190-9 D5 TEST_READY state=TEST_READY attempts=1 streak=5
[2026-09-15T10:01:03.107Z] batch=field-waveform-1789466349190-9 D1 FIRST_FRAME state=FIRST_FRAME_RECEIVED attempts=1 streak=1
[2026-09-15T10:01:03.108Z] batch=field-waveform-1789466349190-9 D1 FIRST_VALID_SAMPLE state=FIRST_FRAME_RECEIVED attempts=1 streak=1
[2026-09-15T10:01:03.559Z] batch=field-waveform-1789466349190-9 D1 CHANNEL_SYNC_OK state=TEST_READY attempts=1 streak=5
[2026-09-15T10:01:03.560Z] batch=field-waveform-1789466349190-9 D1 TEST_READY state=TEST_READY attempts=1 streak=5
[2026-09-15T10:01:37.531Z] batch=field-waveform-1789466349190-9 D1 MODE_SWITCH_START state=MODE_SWITCHING attempts=1 streak=0 attempt=1
[2026-09-15T10:01:37.532Z] batch=field-waveform-1789466349190-9 D1 MODE_SWITCH_OK state=MODE_SWITCH_OK attempts=1 streak=0
[2026-09-15T10:01:47.716Z] batch=field-waveform-1789466349190-9 D4 MODE_SWITCH_START state=MODE_SWITCHING attempts=1 streak=0 attempt=1
[2026-09-15T10:01:47.717Z] batch=field-waveform-1789466349190-9 D4 MODE_SWITCH_OK state=MODE_SWITCH_OK attempts=1 streak=0
[2026-09-15T10:01:47.728Z] batch=field-waveform-1789466349190-9 D6 MODE_SWITCH_START state=MODE_SWITCHING attempts=1 streak=0 attempt=1
[2026-09-15T10:01:47.737Z] batch=field-waveform-1789466349190-9 D6 MODE_SWITCH_OK state=MODE_SWITCH_OK attempts=1 streak=0
[2026-09-15T10:01:47.742Z] batch=field-waveform-1789466349190-9 D2 MODE_SWITCH_START state=MODE_SWITCHING attempts=1 streak=0 attempt=1
[2026-09-15T10:01:47.747Z] batch=field-waveform-1789466349190-9 D2 MODE_SWITCH_OK state=MODE_SWITCH_OK attempts=1 streak=0
[2026-09-15T10:01:47.756Z] batch=field-waveform-1789466349190-9 D3 MODE_SWITCH_START state=MODE_SWITCHING attempts=1 streak=0 attempt=1
[2026-09-15T10:01:47.759Z] batch=field-waveform-1789466349190-9 D3 MODE_SWITCH_OK state=MODE_SWITCH_OK attempts=1 streak=0
[2026-09-15T10:01:47.768Z] batch=field-waveform-1789466349190-9 D5 MODE_SWITCH_START state=MODE_SWITCHING attempts=1 streak=0 attempt=1
[2026-09-15T10:01:47.773Z] batch=field-waveform-1789466349190-9 D5 MODE_SWITCH_OK state=MODE_SWITCH_OK attempts=1 streak=0
[2026-09-15T10:01:47.785Z] batch=field-waveform-1789466349190-9 D1 MODE_SWITCH_START state=MODE_SWITCHING attempts=1 streak=0 attempt=1
[2026-09-15T10:01:47.789Z] batch=field-waveform-1789466349190-9 D1 MODE_SWITCH_OK state=MODE_SWITCH_OK attempts=1 streak=0
[2026-09-15T10:01:58.159Z] batch=field-waveform-1789466349190-9 D4 MODE_SWITCH_START state=MODE_SWITCHING attempts=1 streak=0 attempt=1
[2026-09-15T10:01:58.160Z] batch=field-waveform-1789466349190-9 D4 MODE_SWITCH_OK state=MODE_SWITCH_OK attempts=1 streak=0
[2026-09-15T10:01:58.164Z] batch=field-waveform-1789466349190-9 D6 MODE_SWITCH_START state=MODE_SWITCHING attempts=1 streak=0 attempt=1
[2026-09-15T10:01:58.165Z] batch=field-waveform-1789466349190-9 D6 MODE_SWITCH_OK state=MODE_SWITCH_OK attempts=1 streak=0
[2026-09-15T10:01:58.176Z] batch=field-waveform-1789466349190-9 D2 MODE_SWITCH_START state=MODE_SWITCHING attempts=1 streak=0 attempt=1
[2026-09-15T10:01:58.177Z] batch=field-waveform-1789466349190-9 D2 MODE_SWITCH_OK state=MODE_SWITCH_OK attempts=1 streak=0
[2026-09-15T10:01:58.180Z] batch=field-waveform-1789466349190-9 D3 MODE_SWITCH_START state=MODE_SWITCHING attempts=1 streak=0 attempt=1
[2026-09-15T10:01:58.181Z] batch=field-waveform-1789466349190-9 D3 MODE_SWITCH_OK state=MODE_SWITCH_OK attempts=1 streak=0
[2026-09-15T10:01:58.186Z] batch=field-waveform-1789466349190-9 D5 MODE_SWITCH_START state=MODE_SWITCHING attempts=1 streak=0 attempt=1
[2026-09-15T10:01:58.187Z] batch=field-waveform-1789466349190-9 D5 MODE_SWITCH_OK state=MODE_SWITCH_OK attempts=1 streak=0
[2026-09-15T10:01:58.191Z] batch=field-waveform-1789466349190-9 D1 MODE_SWITCH_START state=MODE_SWITCHING attempts=1 streak=0 attempt=1
[2026-09-15T10:01:58.192Z] batch=field-waveform-1789466349190-9 D1 MODE_SWITCH_OK state=MODE_SWITCH_OK attempts=1 streak=0
