[2026-09-18T03:14:09.121Z] batch=field-waveform-1789701249120-31 D1 MODE_SWITCH_START state=MODE_SWITCHING attempts=1 streak=0 attempt=1
[2026-09-18T03:14:09.122Z] batch=field-waveform-1789701249120-31 D2 MODE_SWITCH_START state=MODE_SWITCHING attempts=1 streak=0 attempt=1
[2026-09-18T03:14:09.123Z] batch=field-waveform-1789701249120-31 D3 MODE_SWITCH_START state=MODE_SWITCHING attempts=1 streak=0 attempt=1
[2026-09-18T03:14:09.123Z] batch=field-waveform-1789701249120-31 D4 MODE_SWITCH_START state=MODE_SWITCHING attempts=1 streak=0 attempt=1
[2026-09-18T03:14:09.124Z] batch=field-waveform-1789701249120-31 D5 MODE_SWITCH_START state=MODE_SWITCHING attempts=1 streak=0 attempt=1
[2026-09-18T03:14:09.124Z] batch=field-waveform-1789701249120-31 D6 MODE_SWITCH_START state=MODE_SWITCHING attempts=1 streak=0 attempt=1
[2026-09-18T03:14:09.127Z] batch=field-waveform-1789701249120-31 D1 MODE_SWITCH_OK state=MODE_SWITCH_OK attempts=1 streak=0
[2026-09-18T03:14:09.128Z] batch=field-waveform-1789701249120-31 D2 MODE_SWITCH_OK state=MODE_SWITCH_OK attempts=1 streak=0
[2026-09-18T03:14:09.129Z] batch=field-waveform-1789701249120-31 D3 MODE_SWITCH_OK state=MODE_SWITCH_OK attempts=1 streak=0
[2026-09-18T03:14:09.129Z] batch=field-waveform-1789701249120-31 D4 MODE_SWITCH_OK state=MODE_SWITCH_OK attempts=1 streak=0
[2026-09-18T03:14:09.129Z] batch=field-waveform-1789701249120-31 D5 MODE_SWITCH_OK state=MODE_SWITCH_OK attempts=1 streak=0
[2026-09-18T03:14:09.130Z] batch=field-waveform-1789701249120-31 D6 MODE_SWITCH_OK state=MODE_SWITCH_OK attempts=1 streak=0
[2026-09-18T03:14:10.579Z] batch=field-waveform-1789701249120-31 D3 MODE_SWITCH_START state=MODE_SWITCHING attempts=1 streak=0 attempt=1
[2026-09-18T03:14:10.580Z] batch=field-waveform-1789701249120-31 D3 MODE_SWITCH_OK state=MODE_SWITCH_OK attempts=1 streak=0
[2026-09-18T03:14:10.581Z] batch=field-waveform-1789701249120-31 D6 MODE_SWITCH_START state=MODE_SWITCHING attempts=1 streak=0 attempt=1
[2026-09-18T03:14:10.582Z] batch=field-waveform-1789701249120-31 D6 MODE_SWITCH_OK state=MODE_SWITCH_OK attempts=1 streak=0
[2026-09-18T03:14:10.582Z] batch=field-waveform-1789701249120-31 D1 MODE_SWITCH_START state=MODE_SWITCHING attempts=1 streak=0 attempt=1
[2026-09-18T03:14:10.583Z] batch=field-waveform-1789701249120-31 D1 MODE_SWITCH_OK state=MODE_SWITCH_OK attempts=1 streak=0
[2026-09-18T03:14:10.902Z] batch=field-waveform-1789701249120-31 D5 MODE_SWITCH_START state=MODE_SWITCHING attempts=1 streak=0 attempt=1
[2026-09-18T03:14:10.903Z] batch=field-waveform-1789701249120-31 D5 MODE_SWITCH_OK state=MODE_SWITCH_OK attempts=1 streak=0
[2026-09-18T03:14:10.903Z] batch=field-waveform-1789701249120-31 D2 MODE_SWITCH_START state=MODE_SWITCHING attempts=1 streak=0 attempt=1
[2026-09-18T03:14:10.904Z] batch=field-waveform-1789701249120-31 D2 MODE_SWITCH_OK state=MODE_SWITCH_OK attempts=1 streak=0
[2026-09-18T03:14:10.905Z] batch=field-waveform-1789701249120-31 D4 MODE_SWITCH_START state=MODE_SWITCHING attempts=1 streak=0 attempt=1
[2026-09-18T03:14:10.906Z] batch=field-waveform-1789701249120-31 D4 MODE_SWITCH_OK state=MODE_SWITCH_OK attempts=1 streak=0
[2026-09-18T03:14:20.596Z] batch=field-waveform-1789701249120-31 D3 MODE_SWITCH_START state=MODE_SWITCHING attempts=1 streak=0 attempt=1
[2026-09-18T03:14:20.598Z] batch=field-waveform-1789701249120-31 D3 MODE_SWITCH_OK state=MODE_SWITCH_OK attempts=1 streak=0
[2026-09-18T03:14:20.599Z] batch=field-waveform-1789701249120-31 D6 MODE_SWITCH_START state=MODE_SWITCHING attempts=1 streak=0 attempt=1
[2026-09-18T03:14:20.599Z] batch=field-waveform-1789701249120-31 D6 MODE_SWITCH_OK state=MODE_SWITCH_OK attempts=1 streak=0
[2026-09-18T03:14:20.601Z] batch=field-waveform-1789701249120-31 D1 MODE_SWITCH_START state=MODE_SWITCHING attempts=1 streak=0 attempt=1
[2026-09-18T03:14:20.602Z] batch=field-waveform-1789701249120-31 D1 MODE_SWITCH_OK state=MODE_SWITCH_OK attempts=1 streak=0
[2026-09-18T03:14:20.906Z] batch=field-waveform-1789701249120-31 D5 MODE_SWITCH_START state=MODE_SWITCHING attempts=1 streak=0 attempt=1
[2026-09-18T03:14:20.908Z] batch=field-waveform-1789701249120-31 D5 MODE_SWITCH_OK state=MODE_SWITCH_OK attempts=1 streak=0
[2026-09-18T03:14:20.909Z] batch=field-waveform-1789701249120-31 D2 MODE_SWITCH_START state=MODE_SWITCHING attempts=1 streak=0 attempt=1
[2026-09-18T03:14:20.910Z] batch=field-waveform-1789701249120-31 D2 MODE_SWITCH_OK state=MODE_SWITCH_OK attempts=1 streak=0
[2026-09-18T03:14:20.916Z] batch=field-waveform-1789701249120-31 D4 MODE_SWITCH_START state=MODE_SWITCHING attempts=1 streak=0 attempt=1
[2026-09-18T03:14:20.917Z] batch=field-waveform-1789701249120-31 D4 MODE_SWITCH_OK state=MODE_SWITCH_OK attempts=1 streak=0
[2026-09-18T03:14:30.602Z] batch=field-waveform-1789701249120-31 D3 MODE_SWITCH_START state=MODE_SWITCHING attempts=1 streak=0 attempt=1
[2026-09-18T03:14:30.603Z] batch=field-waveform-1789701249120-31 D3 MODE_SWITCH_OK state=MODE_SWITCH_OK attempts=1 streak=0
[2026-09-18T03:14:30.603Z] batch=field-waveform-1789701249120-31 D6 MODE_SWITCH_START state=MODE_SWITCHING attempts=1 streak=0 attempt=1
[2026-09-18T03:14:30.604Z] batch=field-waveform-1789701249120-31 D6 MODE_SWITCH_OK state=MODE_SWITCH_OK attempts=1 streak=0
[2026-09-18T03:14:30.605Z] batch=field-waveform-1789701249120-31 D1 MODE_SWITCH_START state=MODE_SWITCHING attempts=1 streak=0 attempt=1
[2026-09-18T03:14:30.606Z] batch=field-waveform-1789701249120-31 D1 MODE_SWITCH_OK state=MODE_SWITCH_OK attempts=1 streak=0
[2026-09-18T03:14:30.913Z] batch=field-waveform-1789701249120-31 D5 MODE_SWITCH_START state=MODE_SWITCHING attempts=1 streak=0 attempt=1
[2026-09-18T03:14:30.915Z] batch=field-waveform-1789701249120-31 D5 MODE_SWITCH_OK state=MODE_SWITCH_OK attempts=1 streak=0
[2026-09-18T03:14:30.915Z] batch=field-waveform-1789701249120-31 D2 MODE_SWITCH_START state=MODE_SWITCHING attempts=1 streak=0 attempt=1
[2026-09-18T03:14:30.916Z] batch=field-waveform-1789701249120-31 D2 MODE_SWITCH_OK state=MODE_SWITCH_OK attempts=1 streak=0
[2026-09-18T03:14:30.928Z] batch=field-waveform-1789701249120-31 D4 MODE_SWITCH_START state=MODE_SWITCHING attempts=1 streak=0 attempt=1
[2026-09-18T03:14:30.929Z] batch=field-waveform-1789701249120-31 D4 MODE_SWITCH_OK state=MODE_SWITCH_OK attempts=1 streak=0
[2026-09-18T03:14:35.667Z] batch=field-waveform-1789701249120-31 D3 FIRST_FRAME state=FIRST_FRAME_RECEIVED attempts=1 streak=1
[2026-09-18T03:14:35.667Z] batch=field-waveform-1789701249120-31 D3 FIRST_VALID_SAMPLE state=FIRST_FRAME_RECEIVED attempts=1 streak=1
[2026-09-18T03:14:35.672Z] batch=field-waveform-1789701249120-31 D6 FIRST_FRAME state=FIRST_FRAME_RECEIVED attempts=1 streak=1
[2026-09-18T03:14:35.673Z] batch=field-waveform-1789701249120-31 D6 FIRST_VALID_SAMPLE state=FIRST_FRAME_RECEIVED attempts=1 streak=1
[2026-09-18T03:14:35.915Z] batch=field-waveform-1789701249120-31 D3 CHANNEL_SYNC_OK state=TEST_READY attempts=1 streak=5
[2026-09-18T03:14:35.915Z] batch=field-waveform-1789701249120-31 D3 TEST_READY state=TEST_READY attempts=1 streak=5
[2026-09-18T03:14:35.923Z] batch=field-waveform-1789701249120-31 D6 CHANNEL_SYNC_OK state=TEST_READY attempts=1 streak=5
[2026-09-18T03:14:35.924Z] batch=field-waveform-1789701249120-31 D6 TEST_READY state=TEST_READY attempts=1 streak=5
[2026-09-18T03:14:35.986Z] batch=field-waveform-1789701249120-31 D2 FIRST_FRAME state=FIRST_FRAME_RECEIVED attempts=1 streak=1
[2026-09-18T03:14:35.987Z] batch=field-waveform-1789701249120-31 D2 FIRST_VALID_SAMPLE state=FIRST_FRAME_RECEIVED attempts=1 streak=1
[2026-09-18T03:14:36.004Z] batch=field-waveform-1789701249120-31 D5 FIRST_FRAME state=FIRST_FRAME_RECEIVED attempts=1 streak=1
[2026-09-18T03:14:36.004Z] batch=field-waveform-1789701249120-31 D5 FIRST_VALID_SAMPLE state=FIRST_FRAME_RECEIVED attempts=1 streak=1
[2026-09-18T03:14:36.024Z] batch=field-waveform-1789701249120-31 D4 FIRST_FRAME state=FIRST_FRAME_RECEIVED attempts=1 streak=1
[2026-09-18T03:14:36.025Z] batch=field-waveform-1789701249120-31 D4 FIRST_VALID_SAMPLE state=FIRST_FRAME_RECEIVED attempts=1 streak=1
[2026-09-18T03:14:36.240Z] batch=field-waveform-1789701249120-31 D2 CHANNEL_SYNC_OK state=TEST_READY attempts=1 streak=5
[2026-09-18T03:14:36.240Z] batch=field-waveform-1789701249120-31 D2 TEST_READY state=TEST_READY attempts=1 streak=5
[2026-09-18T03:14:36.243Z] batch=field-waveform-1789701249120-31 D5 CHANNEL_SYNC_OK state=TEST_READY attempts=1 streak=5
[2026-09-18T03:14:36.243Z] batch=field-waveform-1789701249120-31 D5 TEST_READY state=TEST_READY attempts=1 streak=5
[2026-09-18T03:14:36.265Z] batch=field-waveform-1789701249120-31 D4 CHANNEL_SYNC_OK state=TEST_READY attempts=1 streak=5
[2026-09-18T03:14:36.265Z] batch=field-waveform-1789701249120-31 D4 TEST_READY state=TEST_READY attempts=1 streak=5
[2026-09-18T03:14:40.607Z] batch=field-waveform-1789701249120-31 D1 MODE_SWITCH_START state=MODE_SWITCHING attempts=1 streak=0 attempt=1
[2026-09-18T03:14:40.612Z] batch=field-waveform-1789701249120-31 D1 MODE_SWITCH_OK state=MODE_SWITCH_OK attempts=1 streak=0
[2026-09-18T03:14:50.625Z] batch=field-waveform-1789701249120-31 D1 MODE_SWITCH_START state=MODE_SWITCHING attempts=1 streak=0 attempt=1
[2026-09-18T03:14:50.626Z] batch=field-waveform-1789701249120-31 D1 MODE_SWITCH_OK state=MODE_SWITCH_OK attempts=1 streak=0
[2026-09-18T03:14:50.807Z] batch=field-waveform-1789701249120-31 D2 MODE_SWITCH_START state=MODE_SWITCHING attempts=1 streak=0 attempt=1
[2026-09-18T03:14:50.810Z] batch=field-waveform-1789701249120-31 D2 MODE_SWITCH_OK state=MODE_SWITCH_OK attempts=1 streak=0
[2026-09-18T03:14:50.812Z] batch=field-waveform-1789701249120-31 D5 MODE_SWITCH_START state=MODE_SWITCHING attempts=1 streak=0 attempt=1
[2026-09-18T03:14:50.813Z] batch=field-waveform-1789701249120-31 D5 MODE_SWITCH_OK state=MODE_SWITCH_OK attempts=1 streak=0
[2026-09-18T03:14:55.704Z] batch=field-waveform-1789701249120-31 D1 FIRST_FRAME state=FIRST_FRAME_RECEIVED attempts=1 streak=1
[2026-09-18T03:14:55.704Z] batch=field-waveform-1789701249120-31 D1 FIRST_VALID_SAMPLE state=FIRST_FRAME_RECEIVED attempts=1 streak=1
[2026-09-18T03:14:55.880Z] batch=field-waveform-1789701249120-31 D2 FIRST_FRAME state=FIRST_FRAME_RECEIVED attempts=1 streak=1
[2026-09-18T03:14:55.880Z] batch=field-waveform-1789701249120-31 D2 FIRST_VALID_SAMPLE state=FIRST_FRAME_RECEIVED attempts=1 streak=1
[2026-09-18T03:14:55.882Z] batch=field-waveform-1789701249120-31 D5 FIRST_FRAME state=FIRST_FRAME_RECEIVED attempts=1 streak=1
[2026-09-18T03:14:55.882Z] batch=field-waveform-1789701249120-31 D5 FIRST_VALID_SAMPLE state=FIRST_FRAME_RECEIVED attempts=1 streak=1
[2026-09-18T03:14:55.935Z] batch=field-waveform-1789701249120-31 D1 CHANNEL_SYNC_OK state=TEST_READY attempts=1 streak=5
[2026-09-18T03:14:55.936Z] batch=field-waveform-1789701249120-31 D1 TEST_READY state=TEST_READY attempts=1 streak=5
[2026-09-18T03:14:56.130Z] batch=field-waveform-1789701249120-31 D2 CHANNEL_SYNC_OK state=TEST_READY attempts=1 streak=5
[2026-09-18T03:14:56.130Z] batch=field-waveform-1789701249120-31 D2 TEST_READY state=TEST_READY attempts=1 streak=5
[2026-09-18T03:14:56.132Z] batch=field-waveform-1789701249120-31 D5 CHANNEL_SYNC_OK state=TEST_READY attempts=1 streak=5
[2026-09-18T03:14:56.132Z] batch=field-waveform-1789701249120-31 D5 TEST_READY state=TEST_READY attempts=1 streak=5
[2026-09-18T03:15:47.399Z] batch=field-waveform-1789701249120-31 D4 MODE_SWITCH_START state=MODE_SWITCHING attempts=1 streak=0 attempt=1
[2026-09-18T03:15:47.401Z] batch=field-waveform-1789701249120-31 D4 MODE_SWITCH_OK state=MODE_SWITCH_OK attempts=1 streak=0
[2026-09-18T03:15:47.405Z] batch=field-waveform-1789701249120-31 D3 MODE_SWITCH_START state=MODE_SWITCHING attempts=1 streak=0 attempt=1
[2026-09-18T03:15:47.406Z] batch=field-waveform-1789701249120-31 D3 MODE_SWITCH_OK state=MODE_SWITCH_OK attempts=1 streak=0
[2026-09-18T03:15:47.410Z] batch=field-waveform-1789701249120-31 D1 MODE_SWITCH_START state=MODE_SWITCHING attempts=1 streak=0 attempt=1
[2026-09-18T03:15:47.411Z] batch=field-waveform-1789701249120-31 D1 MODE_SWITCH_OK state=MODE_SWITCH_OK attempts=1 streak=0
[2026-09-18T03:15:47.415Z] batch=field-waveform-1789701249120-31 D6 MODE_SWITCH_START state=MODE_SWITCHING attempts=1 streak=0 attempt=1
[2026-09-18T03:15:47.415Z] batch=field-waveform-1789701249120-31 D6 MODE_SWITCH_OK state=MODE_SWITCH_OK attempts=1 streak=0
[2026-09-18T03:15:47.418Z] batch=field-waveform-1789701249120-31 D2 MODE_SWITCH_START state=MODE_SWITCHING attempts=1 streak=0 attempt=1
[2026-09-18T03:15:47.419Z] batch=field-waveform-1789701249120-31 D2 MODE_SWITCH_OK state=MODE_SWITCH_OK attempts=1 streak=0
[2026-09-18T03:15:47.422Z] batch=field-waveform-1789701249120-31 D5 MODE_SWITCH_START state=MODE_SWITCHING attempts=1 streak=0 attempt=1
[2026-09-18T03:15:47.422Z] batch=field-waveform-1789701249120-31 D5 MODE_SWITCH_OK state=MODE_SWITCH_OK attempts=1 streak=0
[2026-09-18T03:15:57.440Z] batch=field-waveform-1789701249120-31 D4 MODE_SWITCH_START state=MODE_SWITCHING attempts=1 streak=0 attempt=1
[2026-09-18T03:15:57.442Z] batch=field-waveform-1789701249120-31 D4 MODE_SWITCH_OK state=MODE_SWITCH_OK attempts=1 streak=0
[2026-09-18T03:15:57.445Z] batch=field-waveform-1789701249120-31 D3 MODE_SWITCH_START state=MODE_SWITCHING attempts=1 streak=0 attempt=1
[2026-09-18T03:15:57.446Z] batch=field-waveform-1789701249120-31 D3 MODE_SWITCH_OK state=MODE_SWITCH_OK attempts=1 streak=0
[2026-09-18T03:15:57.451Z] batch=field-waveform-1789701249120-31 D1 MODE_SWITCH_START state=MODE_SWITCHING attempts=1 streak=0 attempt=1
[2026-09-18T03:15:57.452Z] batch=field-waveform-1789701249120-31 D1 MODE_SWITCH_OK state=MODE_SWITCH_OK attempts=1 streak=0
[2026-09-18T03:15:57.455Z] batch=field-waveform-1789701249120-31 D6 MODE_SWITCH_START state=MODE_SWITCHING attempts=1 streak=0 attempt=1
[2026-09-18T03:15:57.456Z] batch=field-waveform-1789701249120-31 D6 MODE_SWITCH_OK state=MODE_SWITCH_OK attempts=1 streak=0
[2026-09-18T03:15:57.458Z] batch=field-waveform-1789701249120-31 D2 MODE_SWITCH_START state=MODE_SWITCHING attempts=1 streak=0 attempt=1
[2026-09-18T03:15:57.459Z] batch=field-waveform-1789701249120-31 D2 MODE_SWITCH_OK state=MODE_SWITCH_OK attempts=1 streak=0
[2026-09-18T03:15:57.462Z] batch=field-waveform-1789701249120-31 D5 MODE_SWITCH_START state=MODE_SWITCHING attempts=1 streak=0 attempt=1
[2026-09-18T03:15:57.463Z] batch=field-waveform-1789701249120-31 D5 MODE_SWITCH_OK state=MODE_SWITCH_OK attempts=1 streak=0
[2026-09-18T03:16:02.556Z] batch=field-waveform-1789701249120-31 D6 FIRST_FRAME state=FIRST_FRAME_RECEIVED attempts=1 streak=1
[2026-09-18T03:16:02.556Z] batch=field-waveform-1789701249120-31 D6 FIRST_VALID_SAMPLE state=FIRST_FRAME_RECEIVED attempts=1 streak=1
[2026-09-18T03:16:02.557Z] batch=field-waveform-1789701249120-31 D1 FIRST_FRAME state=FIRST_FRAME_RECEIVED attempts=1 streak=1
[2026-09-18T03:16:02.558Z] batch=field-waveform-1789701249120-31 D1 FIRST_VALID_SAMPLE state=FIRST_FRAME_RECEIVED attempts=1 streak=1
[2026-09-18T03:16:02.558Z] batch=field-waveform-1789701249120-31 D2 FIRST_FRAME state=FIRST_FRAME_RECEIVED attempts=1 streak=1
[2026-09-18T03:16:02.558Z] batch=field-waveform-1789701249120-31 D2 FIRST_VALID_SAMPLE state=FIRST_FRAME_RECEIVED attempts=1 streak=1
[2026-09-18T03:16:02.559Z] batch=field-waveform-1789701249120-31 D5 FIRST_FRAME state=FIRST_FRAME_RECEIVED attempts=1 streak=1
[2026-09-18T03:16:02.559Z] batch=field-waveform-1789701249120-31 D5 FIRST_VALID_SAMPLE state=FIRST_FRAME_RECEIVED attempts=1 streak=1
[2026-09-18T03:16:02.559Z] batch=field-waveform-1789701249120-31 D4 FIRST_FRAME state=FIRST_FRAME_RECEIVED attempts=1 streak=1
[2026-09-18T03:16:02.560Z] batch=field-waveform-1789701249120-31 D4 FIRST_VALID_SAMPLE state=FIRST_FRAME_RECEIVED attempts=1 streak=1
[2026-09-18T03:16:02.560Z] batch=field-waveform-1789701249120-31 D3 FIRST_FRAME state=FIRST_FRAME_RECEIVED attempts=1 streak=1
[2026-09-18T03:16:02.560Z] batch=field-waveform-1789701249120-31 D3 FIRST_VALID_SAMPLE state=FIRST_FRAME_RECEIVED attempts=1 streak=1
[2026-09-18T03:16:02.743Z] batch=field-waveform-1789701249120-31 D6 CHANNEL_SYNC_OK state=TEST_READY attempts=1 streak=5
[2026-09-18T03:16:02.743Z] batch=field-waveform-1789701249120-31 D6 TEST_READY state=TEST_READY attempts=1 streak=5
[2026-09-18T03:16:02.778Z] batch=field-waveform-1789701249120-31 D1 CHANNEL_SYNC_OK state=TEST_READY attempts=1 streak=5
[2026-09-18T03:16:02.778Z] batch=field-waveform-1789701249120-31 D1 TEST_READY state=TEST_READY attempts=1 streak=5
[2026-09-18T03:16:02.779Z] batch=field-waveform-1789701249120-31 D2 CHANNEL_SYNC_OK state=TEST_READY attempts=1 streak=5
[2026-09-18T03:16:02.780Z] batch=field-waveform-1789701249120-31 D2 TEST_READY state=TEST_READY attempts=1 streak=5
[2026-09-18T03:16:02.780Z] batch=field-waveform-1789701249120-31 D5 CHANNEL_SYNC_OK state=TEST_READY attempts=1 streak=5
[2026-09-18T03:16:02.780Z] batch=field-waveform-1789701249120-31 D5 TEST_READY state=TEST_READY attempts=1 streak=5
[2026-09-18T03:16:02.782Z] batch=field-waveform-1789701249120-31 D4 CHANNEL_SYNC_OK state=TEST_READY attempts=1 streak=5
[2026-09-18T03:16:02.782Z] batch=field-waveform-1789701249120-31 D4 TEST_READY state=TEST_READY attempts=1 streak=5
[2026-09-18T03:16:02.847Z] batch=field-waveform-1789701249120-31 D3 CHANNEL_SYNC_OK state=TEST_READY attempts=1 streak=5
[2026-09-18T03:16:02.847Z] batch=field-waveform-1789701249120-31 D3 TEST_READY state=TEST_READY attempts=1 streak=5
