[2026-09-09T08:40:02.720Z] batch=field-waveform-1788943047745-12 D1 MODE_SWITCH_START state=MODE_SWITCHING attempts=1 streak=0 attempt=1
[2026-09-09T08:40:02.730Z] batch=field-waveform-1788943047745-12 D1 MODE_SWITCH_OK state=MODE_SWITCH_OK attempts=1 streak=0
[2026-09-09T08:40:03.414Z] batch=field-waveform-1788943047745-12 D3 MODE_SWITCH_START state=MODE_SWITCHING attempts=1 streak=0 attempt=1
[2026-09-09T08:40:03.417Z] batch=field-waveform-1788943047745-12 D3 MODE_SWITCH_OK state=MODE_SWITCH_OK attempts=1 streak=0
[2026-09-09T08:40:03.430Z] batch=field-waveform-1788943047745-12 D5 MODE_SWITCH_START state=MODE_SWITCHING attempts=1 streak=0 attempt=1
[2026-09-09T08:40:03.435Z] batch=field-waveform-1788943047745-12 D5 MODE_SWITCH_OK state=MODE_SWITCH_OK attempts=1 streak=0
[2026-09-09T08:40:03.442Z] batch=field-waveform-1788943047745-12 D2 MODE_SWITCH_START state=MODE_SWITCHING attempts=1 streak=0 attempt=1
[2026-09-09T08:40:03.444Z] batch=field-waveform-1788943047745-12 D2 MODE_SWITCH_OK state=MODE_SWITCH_OK attempts=1 streak=0
[2026-09-09T08:40:03.453Z] batch=field-waveform-1788943047745-12 D6 MODE_SWITCH_START state=MODE_SWITCHING attempts=1 streak=0 attempt=1
[2026-09-09T08:40:03.455Z] batch=field-waveform-1788943047745-12 D6 MODE_SWITCH_OK state=MODE_SWITCH_OK attempts=1 streak=0
[2026-09-09T08:40:04.022Z] batch=field-waveform-1788943047745-12 D4 MODE_SWITCH_START state=MODE_SWITCHING attempts=1 streak=0 attempt=1
[2026-09-09T08:40:04.033Z] batch=field-waveform-1788943047745-12 D4 MODE_SWITCH_OK state=MODE_SWITCH_OK attempts=1 streak=0
[2026-09-09T08:40:08.706Z] batch=field-waveform-1788943208705-13 D1 MODE_SWITCH_START state=MODE_SWITCHING attempts=1 streak=0 attempt=1
[2026-09-09T08:40:08.718Z] batch=field-waveform-1788943208705-13 D2 MODE_SWITCH_START state=MODE_SWITCHING attempts=1 streak=0 attempt=1
[2026-09-09T08:40:08.729Z] batch=field-waveform-1788943208705-13 D3 MODE_SWITCH_START state=MODE_SWITCHING attempts=1 streak=0 attempt=1
[2026-09-09T08:40:08.748Z] batch=field-waveform-1788943208705-13 D4 MODE_SWITCH_START state=MODE_SWITCHING attempts=1 streak=0 attempt=1
[2026-09-09T08:40:08.757Z] batch=field-waveform-1788943208705-13 D5 MODE_SWITCH_START state=MODE_SWITCHING attempts=1 streak=0 attempt=1
[2026-09-09T08:40:08.758Z] batch=field-waveform-1788943208705-13 D6 MODE_SWITCH_START state=MODE_SWITCHING attempts=1 streak=0 attempt=1
[2026-09-09T08:40:08.764Z] batch=field-waveform-1788943208705-13 D1 MODE_SWITCH_OK state=MODE_SWITCH_OK attempts=1 streak=0
[2026-09-09T08:40:08.765Z] batch=field-waveform-1788943208705-13 D2 MODE_SWITCH_OK state=MODE_SWITCH_OK attempts=1 streak=0
[2026-09-09T08:40:08.768Z] batch=field-waveform-1788943208705-13 D3 MODE_SWITCH_OK state=MODE_SWITCH_OK attempts=1 streak=0
[2026-09-09T08:40:08.772Z] batch=field-waveform-1788943208705-13 D4 MODE_SWITCH_OK state=MODE_SWITCH_OK attempts=1 streak=0
[2026-09-09T08:40:08.775Z] batch=field-waveform-1788943208705-13 D5 MODE_SWITCH_OK state=MODE_SWITCH_OK attempts=1 streak=0
[2026-09-09T08:40:08.776Z] batch=field-waveform-1788943208705-13 D6 MODE_SWITCH_OK state=MODE_SWITCH_OK attempts=1 streak=0
[2026-09-09T08:40:12.733Z] batch=field-waveform-1788943208705-13 D1 MODE_SWITCH_START state=MODE_SWITCHING attempts=1 streak=0 attempt=1
[2026-09-09T08:40:12.740Z] batch=field-waveform-1788943208705-13 D1 MODE_SWITCH_OK state=MODE_SWITCH_OK attempts=1 streak=0
[2026-09-09T08:40:13.431Z] batch=field-waveform-1788943208705-13 D3 MODE_SWITCH_START state=MODE_SWITCHING attempts=1 streak=0 attempt=1
[2026-09-09T08:40:13.435Z] batch=field-waveform-1788943208705-13 D3 MODE_SWITCH_OK state=MODE_SWITCH_OK attempts=1 streak=0
[2026-09-09T08:40:13.455Z] batch=field-waveform-1788943208705-13 D5 MODE_SWITCH_START state=MODE_SWITCHING attempts=1 streak=0 attempt=1
[2026-09-09T08:40:13.458Z] batch=field-waveform-1788943208705-13 D5 MODE_SWITCH_OK state=MODE_SWITCH_OK attempts=1 streak=0
[2026-09-09T08:40:13.459Z] batch=field-waveform-1788943208705-13 D2 MODE_SWITCH_START state=MODE_SWITCHING attempts=1 streak=0 attempt=1
[2026-09-09T08:40:13.460Z] batch=field-waveform-1788943208705-13 D2 MODE_SWITCH_OK state=MODE_SWITCH_OK attempts=1 streak=0
[2026-09-09T08:40:13.461Z] batch=field-waveform-1788943208705-13 D6 MODE_SWITCH_START state=MODE_SWITCHING attempts=1 streak=0 attempt=1
[2026-09-09T08:40:13.462Z] batch=field-waveform-1788943208705-13 D6 MODE_SWITCH_OK state=MODE_SWITCH_OK attempts=1 streak=0
[2026-09-09T08:40:14.034Z] batch=field-waveform-1788943208705-13 D4 MODE_SWITCH_START state=MODE_SWITCHING attempts=1 streak=0 attempt=1
[2026-09-09T08:40:14.039Z] batch=field-waveform-1788943208705-13 D4 MODE_SWITCH_OK state=MODE_SWITCH_OK attempts=1 streak=0
[2026-09-09T08:40:19.241Z] batch=field-waveform-1788943219240-14 D1 MODE_SWITCH_START state=MODE_SWITCHING attempts=1 streak=0 attempt=1
[2026-09-09T08:40:19.246Z] batch=field-waveform-1788943219240-14 D2 MODE_SWITCH_START state=MODE_SWITCHING attempts=1 streak=0 attempt=1
[2026-09-09T08:40:19.247Z] batch=field-waveform-1788943219240-14 D3 MODE_SWITCH_START state=MODE_SWITCHING attempts=1 streak=0 attempt=1
[2026-09-09T08:40:19.249Z] batch=field-waveform-1788943219240-14 D4 MODE_SWITCH_START state=MODE_SWITCHING attempts=1 streak=0 attempt=1
[2026-09-09T08:40:19.250Z] batch=field-waveform-1788943219240-14 D5 MODE_SWITCH_START state=MODE_SWITCHING attempts=1 streak=0 attempt=1
[2026-09-09T08:40:19.251Z] batch=field-waveform-1788943219240-14 D6 MODE_SWITCH_START state=MODE_SWITCHING attempts=1 streak=0 attempt=1
[2026-09-09T08:40:19.255Z] batch=field-waveform-1788943219240-14 D1 MODE_SWITCH_OK state=MODE_SWITCH_OK attempts=1 streak=0
[2026-09-09T08:40:19.258Z] batch=field-waveform-1788943219240-14 D2 MODE_SWITCH_OK state=MODE_SWITCH_OK attempts=1 streak=0
[2026-09-09T08:40:19.260Z] batch=field-waveform-1788943219240-14 D3 MODE_SWITCH_OK state=MODE_SWITCH_OK attempts=1 streak=0
[2026-09-09T08:40:19.270Z] batch=field-waveform-1788943219240-14 D4 MODE_SWITCH_OK state=MODE_SWITCH_OK attempts=1 streak=0
[2026-09-09T08:40:19.281Z] batch=field-waveform-1788943219240-14 D5 MODE_SWITCH_OK state=MODE_SWITCH_OK attempts=1 streak=0
[2026-09-09T08:40:19.282Z] batch=field-waveform-1788943219240-14 D6 MODE_SWITCH_OK state=MODE_SWITCH_OK attempts=1 streak=0
[2026-09-09T08:40:22.745Z] batch=field-waveform-1788943219240-14 D1 MODE_SWITCH_START state=MODE_SWITCHING attempts=1 streak=0 attempt=1
[2026-09-09T08:40:22.749Z] batch=field-waveform-1788943219240-14 D1 MODE_SWITCH_OK state=MODE_SWITCH_OK attempts=1 streak=0
[2026-09-09T08:40:23.438Z] batch=field-waveform-1788943219240-14 D3 MODE_SWITCH_START state=MODE_SWITCHING attempts=1 streak=0 attempt=1
[2026-09-09T08:40:23.442Z] batch=field-waveform-1788943219240-14 D3 MODE_SWITCH_OK state=MODE_SWITCH_OK attempts=1 streak=0
[2026-09-09T08:40:23.468Z] batch=field-waveform-1788943219240-14 D5 MODE_SWITCH_START state=MODE_SWITCHING attempts=1 streak=0 attempt=1
[2026-09-09T08:40:23.470Z] batch=field-waveform-1788943219240-14 D5 MODE_SWITCH_OK state=MODE_SWITCH_OK attempts=1 streak=0
[2026-09-09T08:40:23.471Z] batch=field-waveform-1788943219240-14 D2 MODE_SWITCH_START state=MODE_SWITCHING attempts=1 streak=0 attempt=1
[2026-09-09T08:40:23.473Z] batch=field-waveform-1788943219240-14 D2 MODE_SWITCH_OK state=MODE_SWITCH_OK attempts=1 streak=0
[2026-09-09T08:40:23.474Z] batch=field-waveform-1788943219240-14 D6 MODE_SWITCH_START state=MODE_SWITCHING attempts=1 streak=0 attempt=1
[2026-09-09T08:40:23.475Z] batch=field-waveform-1788943219240-14 D6 MODE_SWITCH_OK state=MODE_SWITCH_OK attempts=1 streak=0
[2026-09-09T08:40:24.055Z] batch=field-waveform-1788943219240-14 D4 MODE_SWITCH_START state=MODE_SWITCHING attempts=1 streak=0 attempt=1
[2026-09-09T08:40:24.060Z] batch=field-waveform-1788943219240-14 D4 MODE_SWITCH_OK state=MODE_SWITCH_OK attempts=1 streak=0
[2026-09-09T08:40:32.762Z] batch=field-waveform-1788943219240-14 D1 MODE_SWITCH_START state=MODE_SWITCHING attempts=1 streak=0 attempt=1
[2026-09-09T08:40:32.764Z] batch=field-waveform-1788943219240-14 D1 MODE_SWITCH_OK state=MODE_SWITCH_OK attempts=1 streak=0
[2026-09-09T08:40:33.456Z] batch=field-waveform-1788943219240-14 D3 MODE_SWITCH_START state=MODE_SWITCHING attempts=1 streak=0 attempt=1
[2026-09-09T08:40:33.466Z] batch=field-waveform-1788943219240-14 D3 MODE_SWITCH_OK state=MODE_SWITCH_OK attempts=1 streak=0
[2026-09-09T08:40:33.486Z] batch=field-waveform-1788943219240-14 D5 MODE_SWITCH_START state=MODE_SWITCHING attempts=1 streak=0 attempt=1
[2026-09-09T08:40:33.493Z] batch=field-waveform-1788943219240-14 D5 MODE_SWITCH_OK state=MODE_SWITCH_OK attempts=1 streak=0
[2026-09-09T08:40:33.494Z] batch=field-waveform-1788943219240-14 D2 MODE_SWITCH_START state=MODE_SWITCHING attempts=1 streak=0 attempt=1
[2026-09-09T08:40:33.495Z] batch=field-waveform-1788943219240-14 D2 MODE_SWITCH_OK state=MODE_SWITCH_OK attempts=1 streak=0
[2026-09-09T08:40:33.496Z] batch=field-waveform-1788943219240-14 D6 MODE_SWITCH_START state=MODE_SWITCHING attempts=1 streak=0 attempt=1
[2026-09-09T08:40:33.497Z] batch=field-waveform-1788943219240-14 D6 MODE_SWITCH_OK state=MODE_SWITCH_OK attempts=1 streak=0
[2026-09-09T08:40:34.074Z] batch=field-waveform-1788943219240-14 D4 MODE_SWITCH_START state=MODE_SWITCHING attempts=1 streak=0 attempt=1
[2026-09-09T08:40:34.079Z] batch=field-waveform-1788943219240-14 D4 MODE_SWITCH_OK state=MODE_SWITCH_OK attempts=1 streak=0
[2026-09-09T08:40:42.767Z] batch=field-waveform-1788943219240-14 D1 MODE_SWITCH_START state=MODE_SWITCHING attempts=1 streak=0 attempt=1
[2026-09-09T08:40:42.770Z] batch=field-waveform-1788943219240-14 D1 MODE_SWITCH_OK state=MODE_SWITCH_OK attempts=1 streak=0
[2026-09-09T08:40:43.477Z] batch=field-waveform-1788943219240-14 D3 MODE_SWITCH_START state=MODE_SWITCHING attempts=1 streak=0 attempt=1
[2026-09-09T08:40:43.481Z] batch=field-waveform-1788943219240-14 D3 MODE_SWITCH_OK state=MODE_SWITCH_OK attempts=1 streak=0
[2026-09-09T08:40:43.493Z] batch=field-waveform-1788943219240-14 D5 MODE_SWITCH_START state=MODE_SWITCHING attempts=1 streak=0 attempt=1
[2026-09-09T08:40:43.504Z] batch=field-waveform-1788943219240-14 D5 MODE_SWITCH_OK state=MODE_SWITCH_OK attempts=1 streak=0
[2026-09-09T08:40:43.518Z] batch=field-waveform-1788943219240-14 D2 MODE_SWITCH_START state=MODE_SWITCHING attempts=1 streak=0 attempt=1
[2026-09-09T08:40:43.519Z] batch=field-waveform-1788943219240-14 D2 MODE_SWITCH_OK state=MODE_SWITCH_OK attempts=1 streak=0
[2026-09-09T08:40:43.520Z] batch=field-waveform-1788943219240-14 D6 MODE_SWITCH_START state=MODE_SWITCHING attempts=1 streak=0 attempt=1
[2026-09-09T08:40:43.521Z] batch=field-waveform-1788943219240-14 D6 MODE_SWITCH_OK state=MODE_SWITCH_OK attempts=1 streak=0
[2026-09-09T08:40:44.092Z] batch=field-waveform-1788943219240-14 D4 MODE_SWITCH_START state=MODE_SWITCHING attempts=1 streak=0 attempt=1
[2026-09-09T08:40:44.103Z] batch=field-waveform-1788943219240-14 D4 MODE_SWITCH_OK state=MODE_SWITCH_OK attempts=1 streak=0
[2026-09-09T08:40:47.850Z] batch=field-waveform-1788943219240-14 D1 FIRST_FRAME state=FIRST_FRAME_RECEIVED attempts=1 streak=1
[2026-09-09T08:40:47.851Z] batch=field-waveform-1788943219240-14 D1 FIRST_VALID_SAMPLE state=FIRST_FRAME_RECEIVED attempts=1 streak=1
[2026-09-09T08:40:48.100Z] batch=field-waveform-1788943219240-14 D1 CHANNEL_SYNC_OK state=TEST_READY attempts=1 streak=5
[2026-09-09T08:40:48.100Z] batch=field-waveform-1788943219240-14 D1 TEST_READY state=TEST_READY attempts=1 streak=5
[2026-09-09T08:40:48.540Z] batch=field-waveform-1788943219240-14 D3 FIRST_FRAME state=FIRST_FRAME_RECEIVED attempts=1 streak=1
[2026-09-09T08:40:48.541Z] batch=field-waveform-1788943219240-14 D3 FIRST_VALID_SAMPLE state=FIRST_FRAME_RECEIVED attempts=1 streak=1
[2026-09-09T08:40:48.608Z] batch=field-waveform-1788943219240-14 D6 FIRST_FRAME state=FIRST_FRAME_RECEIVED attempts=1 streak=1
[2026-09-09T08:40:48.609Z] batch=field-waveform-1788943219240-14 D6 FIRST_VALID_SAMPLE state=FIRST_FRAME_RECEIVED attempts=1 streak=1
[2026-09-09T08:40:48.610Z] batch=field-waveform-1788943219240-14 D2 FIRST_FRAME state=FIRST_FRAME_RECEIVED attempts=1 streak=1
[2026-09-09T08:40:48.610Z] batch=field-waveform-1788943219240-14 D2 FIRST_VALID_SAMPLE state=FIRST_FRAME_RECEIVED attempts=1 streak=1
[2026-09-09T08:40:48.625Z] batch=field-waveform-1788943219240-14 D5 FIRST_FRAME state=FIRST_FRAME_RECEIVED attempts=1 streak=1
[2026-09-09T08:40:48.625Z] batch=field-waveform-1788943219240-14 D5 FIRST_VALID_SAMPLE state=FIRST_FRAME_RECEIVED attempts=1 streak=1
[2026-09-09T08:40:48.831Z] batch=field-waveform-1788943219240-14 D3 CHANNEL_SYNC_OK state=TEST_READY attempts=1 streak=5
[2026-09-09T08:40:48.832Z] batch=field-waveform-1788943219240-14 D3 TEST_READY state=TEST_READY attempts=1 streak=5
[2026-09-09T08:40:48.836Z] batch=field-waveform-1788943219240-14 D5 CHANNEL_SYNC_OK state=TEST_READY attempts=1 streak=5
[2026-09-09T08:40:48.836Z] batch=field-waveform-1788943219240-14 D5 TEST_READY state=TEST_READY attempts=1 streak=5
[2026-09-09T08:40:48.837Z] batch=field-waveform-1788943219240-14 D6 CHANNEL_SYNC_OK state=TEST_READY attempts=1 streak=5
[2026-09-09T08:40:48.837Z] batch=field-waveform-1788943219240-14 D6 TEST_READY state=TEST_READY attempts=1 streak=5
[2026-09-09T08:40:48.850Z] batch=field-waveform-1788943219240-14 D2 CHANNEL_SYNC_OK state=TEST_READY attempts=1 streak=5
[2026-09-09T08:40:48.851Z] batch=field-waveform-1788943219240-14 D2 TEST_READY state=TEST_READY attempts=1 streak=5
[2026-09-09T08:40:49.149Z] batch=field-waveform-1788943219240-14 D4 FIRST_FRAME state=FIRST_FRAME_RECEIVED attempts=1 streak=1
[2026-09-09T08:40:49.150Z] batch=field-waveform-1788943219240-14 D4 FIRST_VALID_SAMPLE state=FIRST_FRAME_RECEIVED attempts=1 streak=1
[2026-09-09T08:40:49.420Z] batch=field-waveform-1788943219240-14 D4 CHANNEL_SYNC_OK state=TEST_READY attempts=1 streak=5
[2026-09-09T08:40:49.420Z] batch=field-waveform-1788943219240-14 D4 TEST_READY state=TEST_READY attempts=1 streak=5
[2026-09-09T08:41:54.081Z] batch=field-waveform-1788943219240-14 D1 MODE_SWITCH_START state=MODE_SWITCHING attempts=1 streak=0 attempt=1
[2026-09-09T08:41:54.084Z] batch=field-waveform-1788943219240-14 D1 MODE_SWITCH_OK state=MODE_SWITCH_OK attempts=1 streak=0
[2026-09-09T08:41:54.345Z] batch=field-waveform-1788943219240-14 D4 MODE_SWITCH_START state=MODE_SWITCHING attempts=1 streak=0 attempt=1
[2026-09-09T08:41:54.353Z] batch=field-waveform-1788943219240-14 D4 MODE_SWITCH_OK state=MODE_SWITCH_OK attempts=1 streak=0
[2026-09-09T08:41:54.360Z] batch=field-waveform-1788943219240-14 D3 MODE_SWITCH_START state=MODE_SWITCHING attempts=1 streak=0 attempt=1
[2026-09-09T08:41:54.371Z] batch=field-waveform-1788943219240-14 D3 MODE_SWITCH_OK state=MODE_SWITCH_OK attempts=1 streak=0
[2026-09-09T08:41:54.377Z] batch=field-waveform-1788943219240-14 D2 MODE_SWITCH_START state=MODE_SWITCHING attempts=1 streak=0 attempt=1
[2026-09-09T08:41:54.379Z] batch=field-waveform-1788943219240-14 D2 MODE_SWITCH_OK state=MODE_SWITCH_OK attempts=1 streak=0
[2026-09-09T08:41:54.385Z] batch=field-waveform-1788943219240-14 D5 MODE_SWITCH_START state=MODE_SWITCHING attempts=1 streak=0 attempt=1
[2026-09-09T08:41:54.387Z] batch=field-waveform-1788943219240-14 D5 MODE_SWITCH_OK state=MODE_SWITCH_OK attempts=1 streak=0
[2026-09-09T08:41:54.394Z] batch=field-waveform-1788943219240-14 D6 MODE_SWITCH_START state=MODE_SWITCHING attempts=1 streak=0 attempt=1
[2026-09-09T08:41:54.395Z] batch=field-waveform-1788943219240-14 D6 MODE_SWITCH_OK state=MODE_SWITCH_OK attempts=1 streak=0
[2026-09-09T08:42:04.253Z] batch=field-waveform-1788943219240-14 D1 MODE_SWITCH_START state=MODE_SWITCHING attempts=1 streak=0 attempt=1
[2026-09-09T08:42:04.264Z] batch=field-waveform-1788943219240-14 D1 MODE_SWITCH_OK state=MODE_SWITCH_OK attempts=1 streak=0
[2026-09-09T08:42:04.400Z] batch=field-waveform-1788943219240-14 D4 MODE_SWITCH_START state=MODE_SWITCHING attempts=1 streak=0 attempt=1
[2026-09-09T08:42:04.407Z] batch=field-waveform-1788943219240-14 D4 MODE_SWITCH_OK state=MODE_SWITCH_OK attempts=1 streak=0
[2026-09-09T08:42:04.413Z] batch=field-waveform-1788943219240-14 D3 MODE_SWITCH_START state=MODE_SWITCHING attempts=1 streak=0 attempt=1
[2026-09-09T08:42:04.420Z] batch=field-waveform-1788943219240-14 D3 MODE_SWITCH_OK state=MODE_SWITCH_OK attempts=1 streak=0
[2026-09-09T08:42:04.433Z] batch=field-waveform-1788943219240-14 D2 MODE_SWITCH_START state=MODE_SWITCHING attempts=1 streak=0 attempt=1
[2026-09-09T08:42:04.436Z] batch=field-waveform-1788943219240-14 D2 MODE_SWITCH_OK state=MODE_SWITCH_OK attempts=1 streak=0
[2026-09-09T08:42:04.443Z] batch=field-waveform-1788943219240-14 D5 MODE_SWITCH_START state=MODE_SWITCHING attempts=1 streak=0 attempt=1
[2026-09-09T08:42:04.445Z] batch=field-waveform-1788943219240-14 D5 MODE_SWITCH_OK state=MODE_SWITCH_OK attempts=1 streak=0
[2026-09-09T08:42:04.452Z] batch=field-waveform-1788943219240-14 D6 MODE_SWITCH_START state=MODE_SWITCHING attempts=1 streak=0 attempt=1
[2026-09-09T08:42:04.455Z] batch=field-waveform-1788943219240-14 D6 MODE_SWITCH_OK state=MODE_SWITCH_OK attempts=1 streak=0
[2026-09-09T08:42:09.581Z] batch=field-waveform-1788943219240-14 D1 FIRST_FRAME state=FIRST_FRAME_RECEIVED attempts=1 streak=1
[2026-09-09T08:42:09.581Z] batch=field-waveform-1788943219240-14 D1 FIRST_VALID_SAMPLE state=FIRST_FRAME_RECEIVED attempts=1 streak=1
[2026-09-09T08:42:09.584Z] batch=field-waveform-1788943219240-14 D4 FIRST_FRAME state=FIRST_FRAME_RECEIVED attempts=1 streak=1
[2026-09-09T08:42:09.584Z] batch=field-waveform-1788943219240-14 D4 FIRST_VALID_SAMPLE state=FIRST_FRAME_RECEIVED attempts=1 streak=1
[2026-09-09T08:42:09.590Z] batch=field-waveform-1788943219240-14 D5 FIRST_FRAME state=FIRST_FRAME_RECEIVED attempts=1 streak=1
[2026-09-09T08:42:09.590Z] batch=field-waveform-1788943219240-14 D5 FIRST_VALID_SAMPLE state=FIRST_FRAME_RECEIVED attempts=1 streak=1
[2026-09-09T08:42:09.592Z] batch=field-waveform-1788943219240-14 D3 FIRST_FRAME state=FIRST_FRAME_RECEIVED attempts=1 streak=1
[2026-09-09T08:42:09.592Z] batch=field-waveform-1788943219240-14 D3 FIRST_VALID_SAMPLE state=FIRST_FRAME_RECEIVED attempts=1 streak=1
[2026-09-09T08:42:09.593Z] batch=field-waveform-1788943219240-14 D2 FIRST_FRAME state=FIRST_FRAME_RECEIVED attempts=1 streak=1
[2026-09-09T08:42:09.594Z] batch=field-waveform-1788943219240-14 D2 FIRST_VALID_SAMPLE state=FIRST_FRAME_RECEIVED attempts=1 streak=1
[2026-09-09T08:42:09.595Z] batch=field-waveform-1788943219240-14 D6 FIRST_FRAME state=FIRST_FRAME_RECEIVED attempts=1 streak=1
[2026-09-09T08:42:09.595Z] batch=field-waveform-1788943219240-14 D6 FIRST_VALID_SAMPLE state=FIRST_FRAME_RECEIVED attempts=1 streak=1
[2026-09-09T08:42:09.828Z] batch=field-waveform-1788943219240-14 D1 CHANNEL_SYNC_OK state=TEST_READY attempts=1 streak=5
[2026-09-09T08:42:09.828Z] batch=field-waveform-1788943219240-14 D1 TEST_READY state=TEST_READY attempts=1 streak=5
[2026-09-09T08:42:09.832Z] batch=field-waveform-1788943219240-14 D6 CHANNEL_SYNC_OK state=TEST_READY attempts=1 streak=5
[2026-09-09T08:42:09.832Z] batch=field-waveform-1788943219240-14 D6 TEST_READY state=TEST_READY attempts=1 streak=5
[2026-09-09T08:42:09.835Z] batch=field-waveform-1788943219240-14 D5 CHANNEL_SYNC_OK state=TEST_READY attempts=1 streak=5
[2026-09-09T08:42:09.835Z] batch=field-waveform-1788943219240-14 D5 TEST_READY state=TEST_READY attempts=1 streak=5
[2026-09-09T08:42:09.842Z] batch=field-waveform-1788943219240-14 D3 CHANNEL_SYNC_OK state=TEST_READY attempts=1 streak=5
[2026-09-09T08:42:09.843Z] batch=field-waveform-1788943219240-14 D3 TEST_READY state=TEST_READY attempts=1 streak=5
[2026-09-09T08:42:09.857Z] batch=field-waveform-1788943219240-14 D2 CHANNEL_SYNC_OK state=TEST_READY attempts=1 streak=5
[2026-09-09T08:42:09.857Z] batch=field-waveform-1788943219240-14 D2 TEST_READY state=TEST_READY attempts=1 streak=5
[2026-09-09T08:42:09.859Z] batch=field-waveform-1788943219240-14 D4 CHANNEL_SYNC_OK state=TEST_READY attempts=1 streak=5
[2026-09-09T08:42:09.859Z] batch=field-waveform-1788943219240-14 D4 TEST_READY state=TEST_READY attempts=1 streak=5
[2026-09-09T08:42:44.757Z] batch=field-waveform-1788943219240-14 D4 MODE_SWITCH_START state=MODE_SWITCHING attempts=1 streak=0 attempt=1
[2026-09-09T08:42:44.770Z] batch=field-waveform-1788943219240-14 D4 MODE_SWITCH_OK state=MODE_SWITCH_OK attempts=1 streak=0
