[2026-09-18T03:29:00.572Z] batch=field-waveform-1789701982856-35 D1 MODE_SWITCH_START state=MODE_SWITCHING attempts=1 streak=0 attempt=1
[2026-09-18T03:29:00.576Z] batch=field-waveform-1789701982856-35 D1 MODE_SWITCH_OK state=MODE_SWITCH_OK attempts=1 streak=0
[2026-09-18T03:29:00.581Z] batch=field-waveform-1789701982856-35 D3 MODE_SWITCH_START state=MODE_SWITCHING attempts=1 streak=0 attempt=1
[2026-09-18T03:29:00.582Z] batch=field-waveform-1789701982856-35 D3 MODE_SWITCH_OK state=MODE_SWITCH_OK attempts=1 streak=0
[2026-09-18T03:29:01.529Z] batch=field-waveform-1789701982856-35 D6 MODE_SWITCH_START state=MODE_SWITCHING attempts=1 streak=0 attempt=1
[2026-09-18T03:29:01.531Z] batch=field-waveform-1789701982856-35 D6 MODE_SWITCH_OK state=MODE_SWITCH_OK attempts=1 streak=0
[2026-09-18T03:29:01.536Z] batch=field-waveform-1789701982856-35 D2 MODE_SWITCH_START state=MODE_SWITCHING attempts=1 streak=0 attempt=1
[2026-09-18T03:29:01.537Z] batch=field-waveform-1789701982856-35 D2 MODE_SWITCH_OK state=MODE_SWITCH_OK attempts=1 streak=0
[2026-09-18T03:29:01.541Z] batch=field-waveform-1789701982856-35 D4 MODE_SWITCH_START state=MODE_SWITCHING attempts=1 streak=0 attempt=1
[2026-09-18T03:29:01.542Z] batch=field-waveform-1789701982856-35 D4 MODE_SWITCH_OK state=MODE_SWITCH_OK attempts=1 streak=0
[2026-09-18T03:29:01.547Z] batch=field-waveform-1789701982856-35 D5 MODE_SWITCH_START state=MODE_SWITCHING attempts=1 streak=0 attempt=1
[2026-09-18T03:29:01.548Z] batch=field-waveform-1789701982856-35 D5 MODE_SWITCH_OK state=MODE_SWITCH_OK attempts=1 streak=0
[2026-09-18T03:29:10.608Z] batch=field-waveform-1789701982856-35 D1 MODE_SWITCH_START state=MODE_SWITCHING attempts=1 streak=0 attempt=1
[2026-09-18T03:29:10.610Z] batch=field-waveform-1789701982856-35 D1 MODE_SWITCH_OK state=MODE_SWITCH_OK attempts=1 streak=0
[2026-09-18T03:29:10.615Z] batch=field-waveform-1789701982856-35 D3 MODE_SWITCH_START state=MODE_SWITCHING attempts=1 streak=0 attempt=1
[2026-09-18T03:29:10.615Z] batch=field-waveform-1789701982856-35 D3 MODE_SWITCH_OK state=MODE_SWITCH_OK attempts=1 streak=0
[2026-09-18T03:29:11.665Z] batch=field-waveform-1789701982856-35 D6 MODE_SWITCH_START state=MODE_SWITCHING attempts=1 streak=0 attempt=1
[2026-09-18T03:29:11.666Z] batch=field-waveform-1789701982856-35 D6 MODE_SWITCH_OK state=MODE_SWITCH_OK attempts=1 streak=0
[2026-09-18T03:29:11.676Z] batch=field-waveform-1789701982856-35 D2 MODE_SWITCH_START state=MODE_SWITCHING attempts=1 streak=0 attempt=1
[2026-09-18T03:29:11.678Z] batch=field-waveform-1789701982856-35 D2 MODE_SWITCH_OK state=MODE_SWITCH_OK attempts=1 streak=0
[2026-09-18T03:29:11.683Z] batch=field-waveform-1789701982856-35 D4 MODE_SWITCH_START state=MODE_SWITCHING attempts=1 streak=0 attempt=1
[2026-09-18T03:29:11.699Z] batch=field-waveform-1789701982856-35 D4 MODE_SWITCH_OK state=MODE_SWITCH_OK attempts=1 streak=0
[2026-09-18T03:29:11.704Z] batch=field-waveform-1789701982856-35 D5 MODE_SWITCH_START state=MODE_SWITCHING attempts=1 streak=0 attempt=1
[2026-09-18T03:29:11.705Z] batch=field-waveform-1789701982856-35 D5 MODE_SWITCH_OK state=MODE_SWITCH_OK attempts=1 streak=0
[2026-09-18T03:29:20.738Z] batch=field-waveform-1789701982856-35 D1 MODE_SWITCH_START state=MODE_SWITCHING attempts=1 streak=0 attempt=1
[2026-09-18T03:29:20.739Z] batch=field-waveform-1789701982856-35 D1 MODE_SWITCH_OK state=MODE_SWITCH_OK attempts=1 streak=0
[2026-09-18T03:29:20.743Z] batch=field-waveform-1789701982856-35 D3 MODE_SWITCH_START state=MODE_SWITCHING attempts=1 streak=0 attempt=1
[2026-09-18T03:29:20.747Z] batch=field-waveform-1789701982856-35 D3 MODE_SWITCH_OK state=MODE_SWITCH_OK attempts=1 streak=0
[2026-09-18T03:29:21.858Z] batch=field-waveform-1789701982856-35 D6 MODE_SWITCH_START state=MODE_SWITCHING attempts=1 streak=0 attempt=1
[2026-09-18T03:29:21.860Z] batch=field-waveform-1789701982856-35 D6 MODE_SWITCH_OK state=MODE_SWITCH_OK attempts=1 streak=0
[2026-09-18T03:29:21.865Z] batch=field-waveform-1789701982856-35 D2 MODE_SWITCH_START state=MODE_SWITCHING attempts=1 streak=0 attempt=1
[2026-09-18T03:29:21.866Z] batch=field-waveform-1789701982856-35 D2 MODE_SWITCH_OK state=MODE_SWITCH_OK attempts=1 streak=0
[2026-09-18T03:29:21.871Z] batch=field-waveform-1789701982856-35 D4 MODE_SWITCH_START state=MODE_SWITCHING attempts=1 streak=0 attempt=1
[2026-09-18T03:29:21.872Z] batch=field-waveform-1789701982856-35 D4 MODE_SWITCH_OK state=MODE_SWITCH_OK attempts=1 streak=0
[2026-09-18T03:29:21.880Z] batch=field-waveform-1789701982856-35 D5 MODE_SWITCH_START state=MODE_SWITCHING attempts=1 streak=0 attempt=1
[2026-09-18T03:29:21.881Z] batch=field-waveform-1789701982856-35 D5 MODE_SWITCH_OK state=MODE_SWITCH_OK attempts=1 streak=0
[2026-09-18T03:29:31.141Z] batch=field-waveform-1789701982856-35 D1 MODE_SWITCH_START state=MODE_SWITCHING attempts=1 streak=0 attempt=1
[2026-09-18T03:29:31.143Z] batch=field-waveform-1789701982856-35 D1 MODE_SWITCH_OK state=MODE_SWITCH_OK attempts=1 streak=0
[2026-09-18T03:29:31.147Z] batch=field-waveform-1789701982856-35 D3 MODE_SWITCH_START state=MODE_SWITCHING attempts=1 streak=0 attempt=1
[2026-09-18T03:29:31.148Z] batch=field-waveform-1789701982856-35 D3 MODE_SWITCH_OK state=MODE_SWITCH_OK attempts=1 streak=0
[2026-09-18T03:29:32.174Z] batch=field-waveform-1789701982856-35 D6 MODE_SWITCH_START state=MODE_SWITCHING attempts=1 streak=0 attempt=1
[2026-09-18T03:29:32.176Z] batch=field-waveform-1789701982856-35 D6 MODE_SWITCH_OK state=MODE_SWITCH_OK attempts=1 streak=0
[2026-09-18T03:29:32.189Z] batch=field-waveform-1789701982856-35 D2 MODE_SWITCH_START state=MODE_SWITCHING attempts=1 streak=0 attempt=1
[2026-09-18T03:29:32.190Z] batch=field-waveform-1789701982856-35 D2 MODE_SWITCH_OK state=MODE_SWITCH_OK attempts=1 streak=0
[2026-09-18T03:29:32.194Z] batch=field-waveform-1789701982856-35 D4 MODE_SWITCH_START state=MODE_SWITCHING attempts=1 streak=0 attempt=1
[2026-09-18T03:29:32.195Z] batch=field-waveform-1789701982856-35 D4 MODE_SWITCH_OK state=MODE_SWITCH_OK attempts=1 streak=0
[2026-09-18T03:29:32.199Z] batch=field-waveform-1789701982856-35 D5 MODE_SWITCH_START state=MODE_SWITCHING attempts=1 streak=0 attempt=1
[2026-09-18T03:29:32.201Z] batch=field-waveform-1789701982856-35 D5 MODE_SWITCH_OK state=MODE_SWITCH_OK attempts=1 streak=0
[2026-09-18T03:29:41.270Z] batch=field-waveform-1789701982856-35 D1 MODE_SWITCH_START state=MODE_SWITCHING attempts=1 streak=0 attempt=1
[2026-09-18T03:29:41.272Z] batch=field-waveform-1789701982856-35 D1 MODE_SWITCH_OK state=MODE_SWITCH_OK attempts=1 streak=0
[2026-09-18T03:29:41.277Z] batch=field-waveform-1789701982856-35 D3 MODE_SWITCH_START state=MODE_SWITCHING attempts=1 streak=0 attempt=1
[2026-09-18T03:29:41.278Z] batch=field-waveform-1789701982856-35 D3 MODE_SWITCH_OK state=MODE_SWITCH_OK attempts=1 streak=0
[2026-09-18T03:29:42.329Z] batch=field-waveform-1789701982856-35 D6 MODE_SWITCH_START state=MODE_SWITCHING attempts=1 streak=0 attempt=1
[2026-09-18T03:29:42.331Z] batch=field-waveform-1789701982856-35 D6 MODE_SWITCH_OK state=MODE_SWITCH_OK attempts=1 streak=0
[2026-09-18T03:29:42.336Z] batch=field-waveform-1789701982856-35 D2 MODE_SWITCH_START state=MODE_SWITCHING attempts=1 streak=0 attempt=1
[2026-09-18T03:29:42.337Z] batch=field-waveform-1789701982856-35 D2 MODE_SWITCH_OK state=MODE_SWITCH_OK attempts=1 streak=0
[2026-09-18T03:29:42.342Z] batch=field-waveform-1789701982856-35 D4 MODE_SWITCH_START state=MODE_SWITCHING attempts=1 streak=0 attempt=1
[2026-09-18T03:29:42.344Z] batch=field-waveform-1789701982856-35 D4 MODE_SWITCH_OK state=MODE_SWITCH_OK attempts=1 streak=0
[2026-09-18T03:29:42.350Z] batch=field-waveform-1789701982856-35 D5 MODE_SWITCH_START state=MODE_SWITCHING attempts=1 streak=0 attempt=1
[2026-09-18T03:29:42.351Z] batch=field-waveform-1789701982856-35 D5 MODE_SWITCH_OK state=MODE_SWITCH_OK attempts=1 streak=0
[2026-09-18T03:29:46.010Z] batch=field-waveform-1789702186008-36 D1 MODE_SWITCH_START state=MODE_SWITCHING attempts=1 streak=0 attempt=1
[2026-09-18T03:29:46.011Z] batch=field-waveform-1789702186008-36 D2 MODE_SWITCH_START state=MODE_SWITCHING attempts=1 streak=0 attempt=1
[2026-09-18T03:29:46.016Z] batch=field-waveform-1789702186008-36 D3 MODE_SWITCH_START state=MODE_SWITCHING attempts=1 streak=0 attempt=1
[2026-09-18T03:29:46.017Z] batch=field-waveform-1789702186008-36 D4 MODE_SWITCH_START state=MODE_SWITCHING attempts=1 streak=0 attempt=1
[2026-09-18T03:29:46.021Z] batch=field-waveform-1789702186008-36 D5 MODE_SWITCH_START state=MODE_SWITCHING attempts=1 streak=0 attempt=1
[2026-09-18T03:29:46.025Z] batch=field-waveform-1789702186008-36 D6 MODE_SWITCH_START state=MODE_SWITCHING attempts=1 streak=0 attempt=1
[2026-09-18T03:29:46.028Z] batch=field-waveform-1789702186008-36 D1 MODE_SWITCH_OK state=MODE_SWITCH_OK attempts=1 streak=0
[2026-09-18T03:29:46.032Z] batch=field-waveform-1789702186008-36 D2 MODE_SWITCH_OK state=MODE_SWITCH_OK attempts=1 streak=0
[2026-09-18T03:29:46.033Z] batch=field-waveform-1789702186008-36 D3 MODE_SWITCH_OK state=MODE_SWITCH_OK attempts=1 streak=0
[2026-09-18T03:29:46.034Z] batch=field-waveform-1789702186008-36 D4 MODE_SWITCH_OK state=MODE_SWITCH_OK attempts=1 streak=0
[2026-09-18T03:29:46.035Z] batch=field-waveform-1789702186008-36 D5 MODE_SWITCH_OK state=MODE_SWITCH_OK attempts=1 streak=0
[2026-09-18T03:29:46.035Z] batch=field-waveform-1789702186008-36 D6 MODE_SWITCH_OK state=MODE_SWITCH_OK attempts=1 streak=0
[2026-09-18T03:29:51.274Z] batch=field-waveform-1789702186008-36 D1 MODE_SWITCH_START state=MODE_SWITCHING attempts=1 streak=0 attempt=1
[2026-09-18T03:29:51.276Z] batch=field-waveform-1789702186008-36 D1 MODE_SWITCH_OK state=MODE_SWITCH_OK attempts=1 streak=0
[2026-09-18T03:29:51.281Z] batch=field-waveform-1789702186008-36 D3 MODE_SWITCH_START state=MODE_SWITCHING attempts=1 streak=0 attempt=1
[2026-09-18T03:29:51.284Z] batch=field-waveform-1789702186008-36 D3 MODE_SWITCH_OK state=MODE_SWITCH_OK attempts=1 streak=0
[2026-09-18T03:29:52.334Z] batch=field-waveform-1789702186008-36 D6 MODE_SWITCH_START state=MODE_SWITCHING attempts=1 streak=0 attempt=1
[2026-09-18T03:29:52.337Z] batch=field-waveform-1789702186008-36 D6 MODE_SWITCH_OK state=MODE_SWITCH_OK attempts=1 streak=0
[2026-09-18T03:29:52.343Z] batch=field-waveform-1789702186008-36 D2 MODE_SWITCH_START state=MODE_SWITCHING attempts=1 streak=0 attempt=1
[2026-09-18T03:29:52.344Z] batch=field-waveform-1789702186008-36 D2 MODE_SWITCH_OK state=MODE_SWITCH_OK attempts=1 streak=0
[2026-09-18T03:29:52.345Z] batch=field-waveform-1789702186008-36 D4 MODE_SWITCH_START state=MODE_SWITCHING attempts=1 streak=0 attempt=1
[2026-09-18T03:29:52.346Z] batch=field-waveform-1789702186008-36 D4 MODE_SWITCH_OK state=MODE_SWITCH_OK attempts=1 streak=0
[2026-09-18T03:29:52.361Z] batch=field-waveform-1789702186008-36 D5 MODE_SWITCH_START state=MODE_SWITCHING attempts=1 streak=0 attempt=1
[2026-09-18T03:29:52.362Z] batch=field-waveform-1789702186008-36 D5 MODE_SWITCH_OK state=MODE_SWITCH_OK attempts=1 streak=0
[2026-09-18T03:30:01.278Z] batch=field-waveform-1789702186008-36 D1 MODE_SWITCH_START state=MODE_SWITCHING attempts=1 streak=0 attempt=1
[2026-09-18T03:30:01.279Z] batch=field-waveform-1789702186008-36 D1 MODE_SWITCH_OK state=MODE_SWITCH_OK attempts=1 streak=0
[2026-09-18T03:30:01.286Z] batch=field-waveform-1789702186008-36 D3 MODE_SWITCH_START state=MODE_SWITCHING attempts=1 streak=0 attempt=1
[2026-09-18T03:30:01.288Z] batch=field-waveform-1789702186008-36 D3 MODE_SWITCH_OK state=MODE_SWITCH_OK attempts=1 streak=0
[2026-09-18T03:30:02.342Z] batch=field-waveform-1789702186008-36 D6 MODE_SWITCH_START state=MODE_SWITCHING attempts=1 streak=0 attempt=1
[2026-09-18T03:30:02.343Z] batch=field-waveform-1789702186008-36 D6 MODE_SWITCH_OK state=MODE_SWITCH_OK attempts=1 streak=0
[2026-09-18T03:30:02.345Z] batch=field-waveform-1789702186008-36 D2 MODE_SWITCH_START state=MODE_SWITCHING attempts=1 streak=0 attempt=1
[2026-09-18T03:30:02.346Z] batch=field-waveform-1789702186008-36 D2 MODE_SWITCH_OK state=MODE_SWITCH_OK attempts=1 streak=0
[2026-09-18T03:30:02.347Z] batch=field-waveform-1789702186008-36 D4 MODE_SWITCH_START state=MODE_SWITCHING attempts=1 streak=0 attempt=1
[2026-09-18T03:30:02.348Z] batch=field-waveform-1789702186008-36 D4 MODE_SWITCH_OK state=MODE_SWITCH_OK attempts=1 streak=0
[2026-09-18T03:30:02.373Z] batch=field-waveform-1789702186008-36 D5 MODE_SWITCH_START state=MODE_SWITCHING attempts=1 streak=0 attempt=1
[2026-09-18T03:30:02.375Z] batch=field-waveform-1789702186008-36 D5 MODE_SWITCH_OK state=MODE_SWITCH_OK attempts=1 streak=0
[2026-09-18T03:30:11.285Z] batch=field-waveform-1789702186008-36 D1 MODE_SWITCH_START state=MODE_SWITCHING attempts=1 streak=0 attempt=1
[2026-09-18T03:30:11.287Z] batch=field-waveform-1789702186008-36 D1 MODE_SWITCH_OK state=MODE_SWITCH_OK attempts=1 streak=0
[2026-09-18T03:30:11.290Z] batch=field-waveform-1789702186008-36 D3 MODE_SWITCH_START state=MODE_SWITCHING attempts=1 streak=0 attempt=1
[2026-09-18T03:30:11.292Z] batch=field-waveform-1789702186008-36 D3 MODE_SWITCH_OK state=MODE_SWITCH_OK attempts=1 streak=0
[2026-09-18T03:30:12.355Z] batch=field-waveform-1789702186008-36 D6 MODE_SWITCH_START state=MODE_SWITCHING attempts=1 streak=0 attempt=1
[2026-09-18T03:30:12.358Z] batch=field-waveform-1789702186008-36 D6 MODE_SWITCH_OK state=MODE_SWITCH_OK attempts=1 streak=0
[2026-09-18T03:30:12.360Z] batch=field-waveform-1789702186008-36 D2 MODE_SWITCH_START state=MODE_SWITCHING attempts=1 streak=0 attempt=1
[2026-09-18T03:30:12.361Z] batch=field-waveform-1789702186008-36 D2 MODE_SWITCH_OK state=MODE_SWITCH_OK attempts=1 streak=0
[2026-09-18T03:30:12.362Z] batch=field-waveform-1789702186008-36 D4 MODE_SWITCH_START state=MODE_SWITCHING attempts=1 streak=0 attempt=1
[2026-09-18T03:30:12.363Z] batch=field-waveform-1789702186008-36 D4 MODE_SWITCH_OK state=MODE_SWITCH_OK attempts=1 streak=0
[2026-09-18T03:30:12.382Z] batch=field-waveform-1789702186008-36 D5 MODE_SWITCH_START state=MODE_SWITCHING attempts=1 streak=0 attempt=1
[2026-09-18T03:30:12.383Z] batch=field-waveform-1789702186008-36 D5 MODE_SWITCH_OK state=MODE_SWITCH_OK attempts=1 streak=0
[2026-09-18T03:30:16.319Z] batch=field-waveform-1789702186008-36 D3 FIRST_FRAME state=FIRST_FRAME_RECEIVED attempts=1 streak=1
[2026-09-18T03:30:16.319Z] batch=field-waveform-1789702186008-36 D3 FIRST_VALID_SAMPLE state=FIRST_FRAME_RECEIVED attempts=1 streak=1
[2026-09-18T03:30:16.332Z] batch=field-waveform-1789702186008-36 D1 FIRST_FRAME state=FIRST_FRAME_RECEIVED attempts=1 streak=1
[2026-09-18T03:30:16.333Z] batch=field-waveform-1789702186008-36 D1 FIRST_VALID_SAMPLE state=FIRST_FRAME_RECEIVED attempts=1 streak=1
[2026-09-18T03:30:16.569Z] batch=field-waveform-1789702186008-36 D3 CHANNEL_SYNC_OK state=TEST_READY attempts=1 streak=5
[2026-09-18T03:30:16.569Z] batch=field-waveform-1789702186008-36 D3 TEST_READY state=TEST_READY attempts=1 streak=5
[2026-09-18T03:30:16.585Z] batch=field-waveform-1789702186008-36 D1 CHANNEL_SYNC_OK state=TEST_READY attempts=1 streak=5
[2026-09-18T03:30:16.586Z] batch=field-waveform-1789702186008-36 D1 TEST_READY state=TEST_READY attempts=1 streak=5
[2026-09-18T03:30:17.399Z] batch=field-waveform-1789702186008-36 D2 FIRST_FRAME state=FIRST_FRAME_RECEIVED attempts=1 streak=1
[2026-09-18T03:30:17.399Z] batch=field-waveform-1789702186008-36 D2 FIRST_VALID_SAMPLE state=FIRST_FRAME_RECEIVED attempts=1 streak=1
[2026-09-18T03:30:17.408Z] batch=field-waveform-1789702186008-36 D4 FIRST_FRAME state=FIRST_FRAME_RECEIVED attempts=1 streak=1
[2026-09-18T03:30:17.409Z] batch=field-waveform-1789702186008-36 D4 FIRST_VALID_SAMPLE state=FIRST_FRAME_RECEIVED attempts=1 streak=1
[2026-09-18T03:30:17.466Z] batch=field-waveform-1789702186008-36 D5 FIRST_FRAME state=FIRST_FRAME_RECEIVED attempts=1 streak=1
[2026-09-18T03:30:17.467Z] batch=field-waveform-1789702186008-36 D5 FIRST_VALID_SAMPLE state=FIRST_FRAME_RECEIVED attempts=1 streak=1
[2026-09-18T03:30:17.650Z] batch=field-waveform-1789702186008-36 D2 CHANNEL_SYNC_OK state=TEST_READY attempts=1 streak=5
[2026-09-18T03:30:17.650Z] batch=field-waveform-1789702186008-36 D2 TEST_READY state=TEST_READY attempts=1 streak=5
[2026-09-18T03:30:17.659Z] batch=field-waveform-1789702186008-36 D4 CHANNEL_SYNC_OK state=TEST_READY attempts=1 streak=5
[2026-09-18T03:30:17.659Z] batch=field-waveform-1789702186008-36 D4 TEST_READY state=TEST_READY attempts=1 streak=5
[2026-09-18T03:30:17.724Z] batch=field-waveform-1789702186008-36 D5 CHANNEL_SYNC_OK state=TEST_READY attempts=1 streak=5
[2026-09-18T03:30:17.725Z] batch=field-waveform-1789702186008-36 D5 TEST_READY state=TEST_READY attempts=1 streak=5
[2026-09-18T03:30:22.372Z] batch=field-waveform-1789702186008-36 D6 MODE_SWITCH_START state=MODE_SWITCHING attempts=1 streak=0 attempt=1
[2026-09-18T03:30:22.374Z] batch=field-waveform-1789702186008-36 D6 MODE_SWITCH_OK state=MODE_SWITCH_OK attempts=1 streak=0
[2026-09-18T03:30:28.008Z] batch=field-waveform-1789702186008-36 D6 FIRST_FRAME state=FIRST_FRAME_RECEIVED attempts=1 streak=1
[2026-09-18T03:30:28.009Z] batch=field-waveform-1789702186008-36 D6 FIRST_VALID_SAMPLE state=FIRST_FRAME_RECEIVED attempts=1 streak=1
[2026-09-18T03:30:28.261Z] batch=field-waveform-1789702186008-36 D6 CHANNEL_SYNC_OK state=TEST_READY attempts=1 streak=5
[2026-09-18T03:30:28.262Z] batch=field-waveform-1789702186008-36 D6 TEST_READY state=TEST_READY attempts=1 streak=5
[2026-09-18T03:31:24.847Z] batch=field-waveform-1789702186008-36 D1 MODE_SWITCH_START state=MODE_SWITCHING attempts=1 streak=0 attempt=1
[2026-09-18T03:31:24.849Z] batch=field-waveform-1789702186008-36 D1 MODE_SWITCH_OK state=MODE_SWITCH_OK attempts=1 streak=0
[2026-09-18T03:31:25.175Z] batch=field-waveform-1789702186008-36 D2 MODE_SWITCH_START state=MODE_SWITCHING attempts=1 streak=0 attempt=1
[2026-09-18T03:31:25.176Z] batch=field-waveform-1789702186008-36 D2 MODE_SWITCH_OK state=MODE_SWITCH_OK attempts=1 streak=0
[2026-09-18T03:31:25.178Z] batch=field-waveform-1789702186008-36 D4 MODE_SWITCH_START state=MODE_SWITCHING attempts=1 streak=0 attempt=1
[2026-09-18T03:31:25.179Z] batch=field-waveform-1789702186008-36 D4 MODE_SWITCH_OK state=MODE_SWITCH_OK attempts=1 streak=0
[2026-09-18T03:31:25.183Z] batch=field-waveform-1789702186008-36 D3 MODE_SWITCH_START state=MODE_SWITCHING attempts=1 streak=0 attempt=1
[2026-09-18T03:31:25.186Z] batch=field-waveform-1789702186008-36 D3 MODE_SWITCH_OK state=MODE_SWITCH_OK attempts=1 streak=0
[2026-09-18T03:31:25.305Z] batch=field-waveform-1789702186008-36 D5 MODE_SWITCH_START state=MODE_SWITCHING attempts=1 streak=0 attempt=1
[2026-09-18T03:31:25.306Z] batch=field-waveform-1789702186008-36 D5 MODE_SWITCH_OK state=MODE_SWITCH_OK attempts=1 streak=0
[2026-09-18T03:31:32.564Z] batch=field-waveform-1789702186008-36 D6 MODE_SWITCH_START state=MODE_SWITCHING attempts=1 streak=0 attempt=1
[2026-09-18T03:31:32.566Z] batch=field-waveform-1789702186008-36 D6 MODE_SWITCH_OK state=MODE_SWITCH_OK attempts=1 streak=0
[2026-09-18T03:31:34.928Z] batch=field-waveform-1789702186008-36 D1 MODE_SWITCH_START state=MODE_SWITCHING attempts=1 streak=0 attempt=1
[2026-09-18T03:31:34.930Z] batch=field-waveform-1789702186008-36 D1 MODE_SWITCH_OK state=MODE_SWITCH_OK attempts=1 streak=0
[2026-09-18T03:31:35.268Z] batch=field-waveform-1789702186008-36 D2 MODE_SWITCH_START state=MODE_SWITCHING attempts=1 streak=0 attempt=1
[2026-09-18T03:31:35.270Z] batch=field-waveform-1789702186008-36 D2 MODE_SWITCH_OK state=MODE_SWITCH_OK attempts=1 streak=0
[2026-09-18T03:31:35.273Z] batch=field-waveform-1789702186008-36 D4 MODE_SWITCH_START state=MODE_SWITCHING attempts=1 streak=0 attempt=1
[2026-09-18T03:31:35.276Z] batch=field-waveform-1789702186008-36 D4 MODE_SWITCH_OK state=MODE_SWITCH_OK attempts=1 streak=0
[2026-09-18T03:31:35.278Z] batch=field-waveform-1789702186008-36 D3 MODE_SWITCH_START state=MODE_SWITCHING attempts=1 streak=0 attempt=1
[2026-09-18T03:31:35.279Z] batch=field-waveform-1789702186008-36 D3 MODE_SWITCH_OK state=MODE_SWITCH_OK attempts=1 streak=0
[2026-09-18T03:31:35.412Z] batch=field-waveform-1789702186008-36 D5 MODE_SWITCH_START state=MODE_SWITCHING attempts=1 streak=0 attempt=1
[2026-09-18T03:31:35.413Z] batch=field-waveform-1789702186008-36 D5 MODE_SWITCH_OK state=MODE_SWITCH_OK attempts=1 streak=0
[2026-09-18T03:31:40.007Z] batch=field-waveform-1789702186008-36 D1 FIRST_FRAME state=FIRST_FRAME_RECEIVED attempts=1 streak=1
[2026-09-18T03:31:40.007Z] batch=field-waveform-1789702186008-36 D1 FIRST_VALID_SAMPLE state=FIRST_FRAME_RECEIVED attempts=1 streak=1
[2026-09-18T03:31:40.322Z] batch=field-waveform-1789702186008-36 D1 CHANNEL_SYNC_OK state=TEST_READY attempts=1 streak=5
[2026-09-18T03:31:40.322Z] batch=field-waveform-1789702186008-36 D1 TEST_READY state=TEST_READY attempts=1 streak=5
[2026-09-18T03:31:40.323Z] batch=field-waveform-1789702186008-36 D4 FIRST_FRAME state=FIRST_FRAME_RECEIVED attempts=1 streak=1
[2026-09-18T03:31:40.323Z] batch=field-waveform-1789702186008-36 D4 FIRST_VALID_SAMPLE state=FIRST_FRAME_RECEIVED attempts=1 streak=1
[2026-09-18T03:31:40.324Z] batch=field-waveform-1789702186008-36 D3 FIRST_FRAME state=FIRST_FRAME_RECEIVED attempts=1 streak=1
[2026-09-18T03:31:40.324Z] batch=field-waveform-1789702186008-36 D3 FIRST_VALID_SAMPLE state=FIRST_FRAME_RECEIVED attempts=1 streak=1
[2026-09-18T03:31:40.555Z] batch=field-waveform-1789702186008-36 D5 FIRST_FRAME state=FIRST_FRAME_RECEIVED attempts=1 streak=1
[2026-09-18T03:31:40.555Z] batch=field-waveform-1789702186008-36 D5 FIRST_VALID_SAMPLE state=FIRST_FRAME_RECEIVED attempts=1 streak=1
[2026-09-18T03:31:40.725Z] batch=field-waveform-1789702186008-36 D4 CHANNEL_SYNC_OK state=TEST_READY attempts=1 streak=5
[2026-09-18T03:31:40.726Z] batch=field-waveform-1789702186008-36 D4 TEST_READY state=TEST_READY attempts=1 streak=5
[2026-09-18T03:31:40.731Z] batch=field-waveform-1789702186008-36 D3 CHANNEL_SYNC_OK state=TEST_READY attempts=1 streak=5
[2026-09-18T03:31:40.733Z] batch=field-waveform-1789702186008-36 D3 TEST_READY state=TEST_READY attempts=1 streak=5
[2026-09-18T03:31:40.753Z] batch=field-waveform-1789702186008-36 D5 CHANNEL_SYNC_OK state=TEST_READY attempts=1 streak=5
[2026-09-18T03:31:40.753Z] batch=field-waveform-1789702186008-36 D5 TEST_READY state=TEST_READY attempts=1 streak=5
[2026-09-18T03:31:42.792Z] batch=field-waveform-1789702186008-36 D6 MODE_SWITCH_START state=MODE_SWITCHING attempts=1 streak=0 attempt=1
[2026-09-18T03:31:42.794Z] batch=field-waveform-1789702186008-36 D6 MODE_SWITCH_OK state=MODE_SWITCH_OK attempts=1 streak=0
[2026-09-18T03:31:45.276Z] batch=field-waveform-1789702186008-36 D2 MODE_SWITCH_START state=MODE_SWITCHING attempts=1 streak=0 attempt=1
[2026-09-18T03:31:45.278Z] batch=field-waveform-1789702186008-36 D2 MODE_SWITCH_OK state=MODE_SWITCH_OK attempts=1 streak=0
[2026-09-18T03:31:48.031Z] batch=field-waveform-1789702186008-36 D6 FIRST_FRAME state=FIRST_FRAME_RECEIVED attempts=1 streak=1
[2026-09-18T03:31:48.031Z] batch=field-waveform-1789702186008-36 D6 FIRST_VALID_SAMPLE state=FIRST_FRAME_RECEIVED attempts=1 streak=1
[2026-09-18T03:31:48.033Z] batch=field-waveform-1789702186008-36 D6 CHANNEL_SYNC_OK state=TEST_READY attempts=1 streak=5
[2026-09-18T03:31:48.033Z] batch=field-waveform-1789702186008-36 D6 TEST_READY state=TEST_READY attempts=1 streak=5
[2026-09-18T03:31:50.482Z] batch=field-waveform-1789702186008-36 D2 FIRST_FRAME state=FIRST_FRAME_RECEIVED attempts=1 streak=1
[2026-09-18T03:31:50.482Z] batch=field-waveform-1789702186008-36 D2 FIRST_VALID_SAMPLE state=FIRST_FRAME_RECEIVED attempts=1 streak=1
[2026-09-18T03:31:50.638Z] batch=field-waveform-1789702186008-36 D2 CHANNEL_SYNC_OK state=TEST_READY attempts=1 streak=5
[2026-09-18T03:31:50.638Z] batch=field-waveform-1789702186008-36 D2 TEST_READY state=TEST_READY attempts=1 streak=5
[2026-09-18T03:32:16.052Z] batch=field-waveform-1789702186008-36 D6 MODE_SWITCH_START state=MODE_SWITCHING attempts=1 streak=0 attempt=1
[2026-09-18T03:32:16.055Z] batch=field-waveform-1789702186008-36 D6 MODE_SWITCH_OK state=MODE_SWITCH_OK attempts=1 streak=0
[2026-09-18T03:32:16.178Z] batch=field-waveform-1789702186008-36 D2 MODE_SWITCH_START state=MODE_SWITCHING attempts=1 streak=0 attempt=1
[2026-09-18T03:32:16.181Z] batch=field-waveform-1789702186008-36 D2 MODE_SWITCH_OK state=MODE_SWITCH_OK attempts=1 streak=0
