[2026-09-16T08:38:52.796Z] batch=field-waveform-1789547926096-27 D3 MODE_SWITCH_START state=MODE_SWITCHING attempts=1 streak=0 attempt=1
[2026-09-16T08:38:52.797Z] batch=field-waveform-1789547926096-27 D3 MODE_SWITCH_OK state=MODE_SWITCH_OK attempts=1 streak=0
[2026-09-16T08:38:52.807Z] batch=field-waveform-1789547926096-27 D6 MODE_SWITCH_START state=MODE_SWITCHING attempts=1 streak=0 attempt=1
[2026-09-16T08:38:52.808Z] batch=field-waveform-1789547926096-27 D6 MODE_SWITCH_OK state=MODE_SWITCH_OK attempts=1 streak=0
[2026-09-16T08:38:52.809Z] batch=field-waveform-1789547926096-27 D1 MODE_SWITCH_START state=MODE_SWITCHING attempts=1 streak=0 attempt=1
[2026-09-16T08:38:52.810Z] batch=field-waveform-1789547926096-27 D1 MODE_SWITCH_OK state=MODE_SWITCH_OK attempts=1 streak=0
[2026-09-16T08:38:52.811Z] batch=field-waveform-1789547926096-27 D2 MODE_SWITCH_START state=MODE_SWITCHING attempts=1 streak=0 attempt=1
[2026-09-16T08:38:52.812Z] batch=field-waveform-1789547926096-27 D2 MODE_SWITCH_OK state=MODE_SWITCH_OK attempts=1 streak=0
[2026-09-16T08:38:52.813Z] batch=field-waveform-1789547926096-27 D4 MODE_SWITCH_START state=MODE_SWITCHING attempts=1 streak=0 attempt=1
[2026-09-16T08:38:52.814Z] batch=field-waveform-1789547926096-27 D4 MODE_SWITCH_OK state=MODE_SWITCH_OK attempts=1 streak=0
[2026-09-16T08:38:52.815Z] batch=field-waveform-1789547926096-27 D5 MODE_SWITCH_START state=MODE_SWITCHING attempts=1 streak=0 attempt=1
[2026-09-16T08:38:52.816Z] batch=field-waveform-1789547926096-27 D5 MODE_SWITCH_OK state=MODE_SWITCH_OK attempts=1 streak=0
[2026-09-16T08:39:02.799Z] batch=field-waveform-1789547926096-27 D3 MODE_SWITCH_START state=MODE_SWITCHING attempts=1 streak=0 attempt=1
[2026-09-16T08:39:02.800Z] batch=field-waveform-1789547926096-27 D3 MODE_SWITCH_OK state=MODE_SWITCH_OK attempts=1 streak=0
[2026-09-16T08:39:02.811Z] batch=field-waveform-1789547926096-27 D6 MODE_SWITCH_START state=MODE_SWITCHING attempts=1 streak=0 attempt=1
[2026-09-16T08:39:02.815Z] batch=field-waveform-1789547926096-27 D6 MODE_SWITCH_OK state=MODE_SWITCH_OK attempts=1 streak=0
[2026-09-16T08:39:02.816Z] batch=field-waveform-1789547926096-27 D1 MODE_SWITCH_START state=MODE_SWITCHING attempts=1 streak=0 attempt=1
[2026-09-16T08:39:02.817Z] batch=field-waveform-1789547926096-27 D1 MODE_SWITCH_OK state=MODE_SWITCH_OK attempts=1 streak=0
[2026-09-16T08:39:02.819Z] batch=field-waveform-1789547926096-27 D2 MODE_SWITCH_START state=MODE_SWITCHING attempts=1 streak=0 attempt=1
[2026-09-16T08:39:02.819Z] batch=field-waveform-1789547926096-27 D2 MODE_SWITCH_OK state=MODE_SWITCH_OK attempts=1 streak=0
[2026-09-16T08:39:02.820Z] batch=field-waveform-1789547926096-27 D4 MODE_SWITCH_START state=MODE_SWITCHING attempts=1 streak=0 attempt=1
[2026-09-16T08:39:02.821Z] batch=field-waveform-1789547926096-27 D4 MODE_SWITCH_OK state=MODE_SWITCH_OK attempts=1 streak=0
[2026-09-16T08:39:02.822Z] batch=field-waveform-1789547926096-27 D5 MODE_SWITCH_START state=MODE_SWITCHING attempts=1 streak=0 attempt=1
[2026-09-16T08:39:02.823Z] batch=field-waveform-1789547926096-27 D5 MODE_SWITCH_OK state=MODE_SWITCH_OK attempts=1 streak=0
[2026-09-16T08:39:12.811Z] batch=field-waveform-1789547926096-27 D3 MODE_SWITCH_START state=MODE_SWITCHING attempts=1 streak=0 attempt=1
[2026-09-16T08:39:12.813Z] batch=field-waveform-1789547926096-27 D3 MODE_SWITCH_OK state=MODE_SWITCH_OK attempts=1 streak=0
[2026-09-16T08:39:12.820Z] batch=field-waveform-1789547926096-27 D6 MODE_SWITCH_START state=MODE_SWITCHING attempts=1 streak=0 attempt=1
[2026-09-16T08:39:12.836Z] batch=field-waveform-1789547926096-27 D6 MODE_SWITCH_OK state=MODE_SWITCH_OK attempts=1 streak=0
[2026-09-16T08:39:12.839Z] batch=field-waveform-1789547926096-27 D1 MODE_SWITCH_START state=MODE_SWITCHING attempts=1 streak=0 attempt=1
[2026-09-16T08:39:12.840Z] batch=field-waveform-1789547926096-27 D1 MODE_SWITCH_OK state=MODE_SWITCH_OK attempts=1 streak=0
[2026-09-16T08:39:12.841Z] batch=field-waveform-1789547926096-27 D2 MODE_SWITCH_START state=MODE_SWITCHING attempts=1 streak=0 attempt=1
[2026-09-16T08:39:12.842Z] batch=field-waveform-1789547926096-27 D2 MODE_SWITCH_OK state=MODE_SWITCH_OK attempts=1 streak=0
[2026-09-16T08:39:12.844Z] batch=field-waveform-1789547926096-27 D4 MODE_SWITCH_START state=MODE_SWITCHING attempts=1 streak=0 attempt=1
[2026-09-16T08:39:12.845Z] batch=field-waveform-1789547926096-27 D4 MODE_SWITCH_OK state=MODE_SWITCH_OK attempts=1 streak=0
[2026-09-16T08:39:12.846Z] batch=field-waveform-1789547926096-27 D5 MODE_SWITCH_START state=MODE_SWITCHING attempts=1 streak=0 attempt=1
[2026-09-16T08:39:12.847Z] batch=field-waveform-1789547926096-27 D5 MODE_SWITCH_OK state=MODE_SWITCH_OK attempts=1 streak=0
[2026-09-16T08:39:22.816Z] batch=field-waveform-1789547926096-27 D3 MODE_SWITCH_START state=MODE_SWITCHING attempts=1 streak=0 attempt=1
[2026-09-16T08:39:22.818Z] batch=field-waveform-1789547926096-27 D3 MODE_SWITCH_OK state=MODE_SWITCH_OK attempts=1 streak=0
[2026-09-16T08:39:22.846Z] batch=field-waveform-1789547926096-27 D6 MODE_SWITCH_START state=MODE_SWITCHING attempts=1 streak=0 attempt=1
[2026-09-16T08:39:22.848Z] batch=field-waveform-1789547926096-27 D6 MODE_SWITCH_OK state=MODE_SWITCH_OK attempts=1 streak=0
[2026-09-16T08:39:22.850Z] batch=field-waveform-1789547926096-27 D1 MODE_SWITCH_START state=MODE_SWITCHING attempts=1 streak=0 attempt=1
[2026-09-16T08:39:22.851Z] batch=field-waveform-1789547926096-27 D1 MODE_SWITCH_OK state=MODE_SWITCH_OK attempts=1 streak=0
[2026-09-16T08:39:22.853Z] batch=field-waveform-1789547926096-27 D2 MODE_SWITCH_START state=MODE_SWITCHING attempts=1 streak=0 attempt=1
[2026-09-16T08:39:22.854Z] batch=field-waveform-1789547926096-27 D2 MODE_SWITCH_OK state=MODE_SWITCH_OK attempts=1 streak=0
[2026-09-16T08:39:22.856Z] batch=field-waveform-1789547926096-27 D4 MODE_SWITCH_START state=MODE_SWITCHING attempts=1 streak=0 attempt=1
[2026-09-16T08:39:22.857Z] batch=field-waveform-1789547926096-27 D4 MODE_SWITCH_OK state=MODE_SWITCH_OK attempts=1 streak=0
[2026-09-16T08:39:22.859Z] batch=field-waveform-1789547926096-27 D5 MODE_SWITCH_START state=MODE_SWITCHING attempts=1 streak=0 attempt=1
[2026-09-16T08:39:22.860Z] batch=field-waveform-1789547926096-27 D5 MODE_SWITCH_OK state=MODE_SWITCH_OK attempts=1 streak=0
[2026-09-16T08:39:27.867Z] batch=field-waveform-1789547926096-27 D3 FIRST_FRAME state=FIRST_FRAME_RECEIVED attempts=1 streak=1
[2026-09-16T08:39:27.867Z] batch=field-waveform-1789547926096-27 D3 FIRST_VALID_SAMPLE state=FIRST_FRAME_RECEIVED attempts=1 streak=1
[2026-09-16T08:39:27.892Z] batch=field-waveform-1789547926096-27 D4 FIRST_FRAME state=FIRST_FRAME_RECEIVED attempts=1 streak=1
[2026-09-16T08:39:27.892Z] batch=field-waveform-1789547926096-27 D4 FIRST_VALID_SAMPLE state=FIRST_FRAME_RECEIVED attempts=1 streak=1
[2026-09-16T08:39:27.898Z] batch=field-waveform-1789547926096-27 D2 FIRST_FRAME state=FIRST_FRAME_RECEIVED attempts=1 streak=1
[2026-09-16T08:39:27.900Z] batch=field-waveform-1789547926096-27 D2 FIRST_VALID_SAMPLE state=FIRST_FRAME_RECEIVED attempts=1 streak=1
[2026-09-16T08:39:27.909Z] batch=field-waveform-1789547926096-27 D6 FIRST_FRAME state=FIRST_FRAME_RECEIVED attempts=1 streak=1
[2026-09-16T08:39:27.909Z] batch=field-waveform-1789547926096-27 D6 FIRST_VALID_SAMPLE state=FIRST_FRAME_RECEIVED attempts=1 streak=1
[2026-09-16T08:39:27.930Z] batch=field-waveform-1789547926096-27 D1 FIRST_FRAME state=FIRST_FRAME_RECEIVED attempts=1 streak=1
[2026-09-16T08:39:27.930Z] batch=field-waveform-1789547926096-27 D1 FIRST_VALID_SAMPLE state=FIRST_FRAME_RECEIVED attempts=1 streak=1
[2026-09-16T08:39:27.938Z] batch=field-waveform-1789547926096-27 D5 FIRST_FRAME state=FIRST_FRAME_RECEIVED attempts=1 streak=1
[2026-09-16T08:39:27.938Z] batch=field-waveform-1789547926096-27 D5 FIRST_VALID_SAMPLE state=FIRST_FRAME_RECEIVED attempts=1 streak=1
[2026-09-16T08:39:28.111Z] batch=field-waveform-1789547926096-27 D3 CHANNEL_SYNC_OK state=TEST_READY attempts=1 streak=5
[2026-09-16T08:39:28.111Z] batch=field-waveform-1789547926096-27 D3 TEST_READY state=TEST_READY attempts=1 streak=5
[2026-09-16T08:39:28.142Z] batch=field-waveform-1789547926096-27 D4 CHANNEL_SYNC_OK state=TEST_READY attempts=1 streak=5
[2026-09-16T08:39:28.142Z] batch=field-waveform-1789547926096-27 D4 TEST_READY state=TEST_READY attempts=1 streak=5
[2026-09-16T08:39:28.175Z] batch=field-waveform-1789547926096-27 D2 CHANNEL_SYNC_OK state=TEST_READY attempts=1 streak=5
[2026-09-16T08:39:28.175Z] batch=field-waveform-1789547926096-27 D2 TEST_READY state=TEST_READY attempts=1 streak=5
[2026-09-16T08:39:28.182Z] batch=field-waveform-1789547926096-27 D6 CHANNEL_SYNC_OK state=TEST_READY attempts=1 streak=5
[2026-09-16T08:39:28.183Z] batch=field-waveform-1789547926096-27 D6 TEST_READY state=TEST_READY attempts=1 streak=5
[2026-09-16T08:39:28.188Z] batch=field-waveform-1789547926096-27 D1 CHANNEL_SYNC_OK state=TEST_READY attempts=1 streak=5
[2026-09-16T08:39:28.189Z] batch=field-waveform-1789547926096-27 D1 TEST_READY state=TEST_READY attempts=1 streak=5
[2026-09-16T08:39:28.201Z] batch=field-waveform-1789547926096-27 D5 CHANNEL_SYNC_OK state=TEST_READY attempts=1 streak=5
[2026-09-16T08:39:28.201Z] batch=field-waveform-1789547926096-27 D5 TEST_READY state=TEST_READY attempts=1 streak=5
[2026-09-16T08:40:19.713Z] batch=field-waveform-1789548019712-28 D1 MODE_SWITCH_START state=MODE_SWITCHING attempts=1 streak=0 attempt=1
[2026-09-16T08:40:19.714Z] batch=field-waveform-1789548019712-28 D2 MODE_SWITCH_START state=MODE_SWITCHING attempts=1 streak=0 attempt=1
[2026-09-16T08:40:19.715Z] batch=field-waveform-1789548019712-28 D3 MODE_SWITCH_START state=MODE_SWITCHING attempts=1 streak=0 attempt=1
[2026-09-16T08:40:19.716Z] batch=field-waveform-1789548019712-28 D4 MODE_SWITCH_START state=MODE_SWITCHING attempts=1 streak=0 attempt=1
[2026-09-16T08:40:19.717Z] batch=field-waveform-1789548019712-28 D5 MODE_SWITCH_START state=MODE_SWITCHING attempts=1 streak=0 attempt=1
[2026-09-16T08:40:19.717Z] batch=field-waveform-1789548019712-28 D6 MODE_SWITCH_START state=MODE_SWITCHING attempts=1 streak=0 attempt=1
[2026-09-16T08:40:19.721Z] batch=field-waveform-1789548019712-28 D1 MODE_SWITCH_OK state=MODE_SWITCH_OK attempts=1 streak=0
[2026-09-16T08:40:19.721Z] batch=field-waveform-1789548019712-28 D2 MODE_SWITCH_OK state=MODE_SWITCH_OK attempts=1 streak=0
[2026-09-16T08:40:19.722Z] batch=field-waveform-1789548019712-28 D3 MODE_SWITCH_OK state=MODE_SWITCH_OK attempts=1 streak=0
[2026-09-16T08:40:19.722Z] batch=field-waveform-1789548019712-28 D4 MODE_SWITCH_OK state=MODE_SWITCH_OK attempts=1 streak=0
[2026-09-16T08:40:19.722Z] batch=field-waveform-1789548019712-28 D5 MODE_SWITCH_OK state=MODE_SWITCH_OK attempts=1 streak=0
[2026-09-16T08:40:19.723Z] batch=field-waveform-1789548019712-28 D6 MODE_SWITCH_OK state=MODE_SWITCH_OK attempts=1 streak=0
[2026-09-16T08:40:22.796Z] batch=field-waveform-1789548019712-28 D6 MODE_SWITCH_START state=MODE_SWITCHING attempts=1 streak=0 attempt=1
[2026-09-16T08:40:22.797Z] batch=field-waveform-1789548019712-28 D6 MODE_SWITCH_OK state=MODE_SWITCH_OK attempts=1 streak=0
[2026-09-16T08:40:22.798Z] batch=field-waveform-1789548019712-28 D1 MODE_SWITCH_START state=MODE_SWITCHING attempts=1 streak=0 attempt=1
[2026-09-16T08:40:22.800Z] batch=field-waveform-1789548019712-28 D1 MODE_SWITCH_OK state=MODE_SWITCH_OK attempts=1 streak=0
[2026-09-16T08:40:22.801Z] batch=field-waveform-1789548019712-28 D5 MODE_SWITCH_START state=MODE_SWITCHING attempts=1 streak=0 attempt=1
[2026-09-16T08:40:22.803Z] batch=field-waveform-1789548019712-28 D5 MODE_SWITCH_OK state=MODE_SWITCH_OK attempts=1 streak=0
[2026-09-16T08:40:22.805Z] batch=field-waveform-1789548019712-28 D4 MODE_SWITCH_START state=MODE_SWITCHING attempts=1 streak=0 attempt=1
[2026-09-16T08:40:22.806Z] batch=field-waveform-1789548019712-28 D4 MODE_SWITCH_OK state=MODE_SWITCH_OK attempts=1 streak=0
[2026-09-16T08:40:22.807Z] batch=field-waveform-1789548019712-28 D2 MODE_SWITCH_START state=MODE_SWITCHING attempts=1 streak=0 attempt=1
[2026-09-16T08:40:22.808Z] batch=field-waveform-1789548019712-28 D2 MODE_SWITCH_OK state=MODE_SWITCH_OK attempts=1 streak=0
[2026-09-16T08:40:22.810Z] batch=field-waveform-1789548019712-28 D3 MODE_SWITCH_START state=MODE_SWITCHING attempts=1 streak=0 attempt=1
[2026-09-16T08:40:22.812Z] batch=field-waveform-1789548019712-28 D3 MODE_SWITCH_OK state=MODE_SWITCH_OK attempts=1 streak=0
[2026-09-16T08:40:32.804Z] batch=field-waveform-1789548019712-28 D6 MODE_SWITCH_START state=MODE_SWITCHING attempts=1 streak=0 attempt=1
[2026-09-16T08:40:32.807Z] batch=field-waveform-1789548019712-28 D6 MODE_SWITCH_OK state=MODE_SWITCH_OK attempts=1 streak=0
[2026-09-16T08:40:32.809Z] batch=field-waveform-1789548019712-28 D1 MODE_SWITCH_START state=MODE_SWITCHING attempts=1 streak=0 attempt=1
[2026-09-16T08:40:32.810Z] batch=field-waveform-1789548019712-28 D1 MODE_SWITCH_OK state=MODE_SWITCH_OK attempts=1 streak=0
[2026-09-16T08:40:32.814Z] batch=field-waveform-1789548019712-28 D5 MODE_SWITCH_START state=MODE_SWITCHING attempts=1 streak=0 attempt=1
[2026-09-16T08:40:32.815Z] batch=field-waveform-1789548019712-28 D5 MODE_SWITCH_OK state=MODE_SWITCH_OK attempts=1 streak=0
[2026-09-16T08:40:32.816Z] batch=field-waveform-1789548019712-28 D4 MODE_SWITCH_START state=MODE_SWITCHING attempts=1 streak=0 attempt=1
[2026-09-16T08:40:32.817Z] batch=field-waveform-1789548019712-28 D4 MODE_SWITCH_OK state=MODE_SWITCH_OK attempts=1 streak=0
[2026-09-16T08:40:32.818Z] batch=field-waveform-1789548019712-28 D2 MODE_SWITCH_START state=MODE_SWITCHING attempts=1 streak=0 attempt=1
[2026-09-16T08:40:32.819Z] batch=field-waveform-1789548019712-28 D2 MODE_SWITCH_OK state=MODE_SWITCH_OK attempts=1 streak=0
[2026-09-16T08:40:32.819Z] batch=field-waveform-1789548019712-28 D3 MODE_SWITCH_START state=MODE_SWITCHING attempts=1 streak=0 attempt=1
[2026-09-16T08:40:32.820Z] batch=field-waveform-1789548019712-28 D3 MODE_SWITCH_OK state=MODE_SWITCH_OK attempts=1 streak=0
[2026-09-16T08:40:42.810Z] batch=field-waveform-1789548019712-28 D6 MODE_SWITCH_START state=MODE_SWITCHING attempts=1 streak=0 attempt=1
[2026-09-16T08:40:42.811Z] batch=field-waveform-1789548019712-28 D6 MODE_SWITCH_OK state=MODE_SWITCH_OK attempts=1 streak=0
[2026-09-16T08:40:42.813Z] batch=field-waveform-1789548019712-28 D1 MODE_SWITCH_START state=MODE_SWITCHING attempts=1 streak=0 attempt=1
[2026-09-16T08:40:42.815Z] batch=field-waveform-1789548019712-28 D1 MODE_SWITCH_OK state=MODE_SWITCH_OK attempts=1 streak=0
[2026-09-16T08:40:42.816Z] batch=field-waveform-1789548019712-28 D5 MODE_SWITCH_START state=MODE_SWITCHING attempts=1 streak=0 attempt=1
[2026-09-16T08:40:42.817Z] batch=field-waveform-1789548019712-28 D5 MODE_SWITCH_OK state=MODE_SWITCH_OK attempts=1 streak=0
[2026-09-16T08:40:42.821Z] batch=field-waveform-1789548019712-28 D4 MODE_SWITCH_START state=MODE_SWITCHING attempts=1 streak=0 attempt=1
[2026-09-16T08:40:42.823Z] batch=field-waveform-1789548019712-28 D4 MODE_SWITCH_OK state=MODE_SWITCH_OK attempts=1 streak=0
[2026-09-16T08:40:42.824Z] batch=field-waveform-1789548019712-28 D2 MODE_SWITCH_START state=MODE_SWITCHING attempts=1 streak=0 attempt=1
[2026-09-16T08:40:42.825Z] batch=field-waveform-1789548019712-28 D2 MODE_SWITCH_OK state=MODE_SWITCH_OK attempts=1 streak=0
[2026-09-16T08:40:42.827Z] batch=field-waveform-1789548019712-28 D3 MODE_SWITCH_START state=MODE_SWITCHING attempts=1 streak=0 attempt=1
[2026-09-16T08:40:42.828Z] batch=field-waveform-1789548019712-28 D3 MODE_SWITCH_OK state=MODE_SWITCH_OK attempts=1 streak=0
[2026-09-16T08:40:45.293Z] batch=field-waveform-1789548045291-29 D1 MODE_SWITCH_START state=MODE_SWITCHING attempts=1 streak=0 attempt=1
[2026-09-16T08:40:45.295Z] batch=field-waveform-1789548045291-29 D2 MODE_SWITCH_START state=MODE_SWITCHING attempts=1 streak=0 attempt=1
[2026-09-16T08:40:45.297Z] batch=field-waveform-1789548045291-29 D3 MODE_SWITCH_START state=MODE_SWITCHING attempts=1 streak=0 attempt=1
[2026-09-16T08:40:45.298Z] batch=field-waveform-1789548045291-29 D4 MODE_SWITCH_START state=MODE_SWITCHING attempts=1 streak=0 attempt=1
[2026-09-16T08:40:45.300Z] batch=field-waveform-1789548045291-29 D5 MODE_SWITCH_START state=MODE_SWITCHING attempts=1 streak=0 attempt=1
[2026-09-16T08:40:45.301Z] batch=field-waveform-1789548045291-29 D6 MODE_SWITCH_START state=MODE_SWITCHING attempts=1 streak=0 attempt=1
[2026-09-16T08:40:45.308Z] batch=field-waveform-1789548045291-29 D1 MODE_SWITCH_OK state=MODE_SWITCH_OK attempts=1 streak=0
[2026-09-16T08:40:45.309Z] batch=field-waveform-1789548045291-29 D2 MODE_SWITCH_OK state=MODE_SWITCH_OK attempts=1 streak=0
[2026-09-16T08:40:45.310Z] batch=field-waveform-1789548045291-29 D3 MODE_SWITCH_OK state=MODE_SWITCH_OK attempts=1 streak=0
[2026-09-16T08:40:45.311Z] batch=field-waveform-1789548045291-29 D4 MODE_SWITCH_OK state=MODE_SWITCH_OK attempts=1 streak=0
[2026-09-16T08:40:45.312Z] batch=field-waveform-1789548045291-29 D5 MODE_SWITCH_OK state=MODE_SWITCH_OK attempts=1 streak=0
[2026-09-16T08:40:45.313Z] batch=field-waveform-1789548045291-29 D6 MODE_SWITCH_OK state=MODE_SWITCH_OK attempts=1 streak=0
[2026-09-16T08:40:52.817Z] batch=field-waveform-1789548045291-29 D6 MODE_SWITCH_START state=MODE_SWITCHING attempts=1 streak=0 attempt=1
[2026-09-16T08:40:52.819Z] batch=field-waveform-1789548045291-29 D6 MODE_SWITCH_OK state=MODE_SWITCH_OK attempts=1 streak=0
[2026-09-16T08:40:52.820Z] batch=field-waveform-1789548045291-29 D1 MODE_SWITCH_START state=MODE_SWITCHING attempts=1 streak=0 attempt=1
[2026-09-16T08:40:52.822Z] batch=field-waveform-1789548045291-29 D1 MODE_SWITCH_OK state=MODE_SWITCH_OK attempts=1 streak=0
[2026-09-16T08:40:52.824Z] batch=field-waveform-1789548045291-29 D5 MODE_SWITCH_START state=MODE_SWITCHING attempts=1 streak=0 attempt=1
[2026-09-16T08:40:52.825Z] batch=field-waveform-1789548045291-29 D5 MODE_SWITCH_OK state=MODE_SWITCH_OK attempts=1 streak=0
[2026-09-16T08:40:52.828Z] batch=field-waveform-1789548045291-29 D4 MODE_SWITCH_START state=MODE_SWITCHING attempts=1 streak=0 attempt=1
[2026-09-16T08:40:52.830Z] batch=field-waveform-1789548045291-29 D4 MODE_SWITCH_OK state=MODE_SWITCH_OK attempts=1 streak=0
[2026-09-16T08:40:52.833Z] batch=field-waveform-1789548045291-29 D2 MODE_SWITCH_START state=MODE_SWITCHING attempts=1 streak=0 attempt=1
[2026-09-16T08:40:52.835Z] batch=field-waveform-1789548045291-29 D2 MODE_SWITCH_OK state=MODE_SWITCH_OK attempts=1 streak=0
[2026-09-16T08:40:52.836Z] batch=field-waveform-1789548045291-29 D3 MODE_SWITCH_START state=MODE_SWITCHING attempts=1 streak=0 attempt=1
[2026-09-16T08:40:52.839Z] batch=field-waveform-1789548045291-29 D3 MODE_SWITCH_OK state=MODE_SWITCH_OK attempts=1 streak=0
[2026-09-16T08:41:02.820Z] batch=field-waveform-1789548045291-29 D6 MODE_SWITCH_START state=MODE_SWITCHING attempts=1 streak=0 attempt=1
[2026-09-16T08:41:02.821Z] batch=field-waveform-1789548045291-29 D6 MODE_SWITCH_OK state=MODE_SWITCH_OK attempts=1 streak=0
[2026-09-16T08:41:02.823Z] batch=field-waveform-1789548045291-29 D1 MODE_SWITCH_START state=MODE_SWITCHING attempts=1 streak=0 attempt=1
[2026-09-16T08:41:02.824Z] batch=field-waveform-1789548045291-29 D1 MODE_SWITCH_OK state=MODE_SWITCH_OK attempts=1 streak=0
[2026-09-16T08:41:02.826Z] batch=field-waveform-1789548045291-29 D5 MODE_SWITCH_START state=MODE_SWITCHING attempts=1 streak=0 attempt=1
[2026-09-16T08:41:02.828Z] batch=field-waveform-1789548045291-29 D5 MODE_SWITCH_OK state=MODE_SWITCH_OK attempts=1 streak=0
[2026-09-16T08:41:02.830Z] batch=field-waveform-1789548045291-29 D4 MODE_SWITCH_START state=MODE_SWITCHING attempts=1 streak=0 attempt=1
[2026-09-16T08:41:02.831Z] batch=field-waveform-1789548045291-29 D4 MODE_SWITCH_OK state=MODE_SWITCH_OK attempts=1 streak=0
[2026-09-16T08:41:02.849Z] batch=field-waveform-1789548045291-29 D2 MODE_SWITCH_START state=MODE_SWITCHING attempts=1 streak=0 attempt=1
[2026-09-16T08:41:02.855Z] batch=field-waveform-1789548045291-29 D2 MODE_SWITCH_OK state=MODE_SWITCH_OK attempts=1 streak=0
[2026-09-16T08:41:02.856Z] batch=field-waveform-1789548045291-29 D3 MODE_SWITCH_START state=MODE_SWITCHING attempts=1 streak=0 attempt=1
[2026-09-16T08:41:02.857Z] batch=field-waveform-1789548045291-29 D3 MODE_SWITCH_OK state=MODE_SWITCH_OK attempts=1 streak=0
[2026-09-16T08:41:12.834Z] batch=field-waveform-1789548045291-29 D6 MODE_SWITCH_START state=MODE_SWITCHING attempts=1 streak=0 attempt=1
[2026-09-16T08:41:12.836Z] batch=field-waveform-1789548045291-29 D6 MODE_SWITCH_OK state=MODE_SWITCH_OK attempts=1 streak=0
[2026-09-16T08:41:12.838Z] batch=field-waveform-1789548045291-29 D1 MODE_SWITCH_START state=MODE_SWITCHING attempts=1 streak=0 attempt=1
[2026-09-16T08:41:12.839Z] batch=field-waveform-1789548045291-29 D1 MODE_SWITCH_OK state=MODE_SWITCH_OK attempts=1 streak=0
[2026-09-16T08:41:12.843Z] batch=field-waveform-1789548045291-29 D5 MODE_SWITCH_START state=MODE_SWITCHING attempts=1 streak=0 attempt=1
[2026-09-16T08:41:12.844Z] batch=field-waveform-1789548045291-29 D5 MODE_SWITCH_OK state=MODE_SWITCH_OK attempts=1 streak=0
[2026-09-16T08:41:12.846Z] batch=field-waveform-1789548045291-29 D4 MODE_SWITCH_START state=MODE_SWITCHING attempts=1 streak=0 attempt=1
[2026-09-16T08:41:12.847Z] batch=field-waveform-1789548045291-29 D4 MODE_SWITCH_OK state=MODE_SWITCH_OK attempts=1 streak=0
[2026-09-16T08:41:12.857Z] batch=field-waveform-1789548045291-29 D2 MODE_SWITCH_START state=MODE_SWITCHING attempts=1 streak=0 attempt=1
[2026-09-16T08:41:12.860Z] batch=field-waveform-1789548045291-29 D2 MODE_SWITCH_OK state=MODE_SWITCH_OK attempts=1 streak=0
[2026-09-16T08:41:12.862Z] batch=field-waveform-1789548045291-29 D3 MODE_SWITCH_START state=MODE_SWITCHING attempts=1 streak=0 attempt=1
[2026-09-16T08:41:12.863Z] batch=field-waveform-1789548045291-29 D3 MODE_SWITCH_OK state=MODE_SWITCH_OK attempts=1 streak=0
[2026-09-16T08:41:22.838Z] batch=field-waveform-1789548045291-29 D6 MODE_SWITCH_START state=MODE_SWITCHING attempts=1 streak=0 attempt=1
[2026-09-16T08:41:22.839Z] batch=field-waveform-1789548045291-29 D6 MODE_SWITCH_OK state=MODE_SWITCH_OK attempts=1 streak=0
[2026-09-16T08:41:22.853Z] batch=field-waveform-1789548045291-29 D1 MODE_SWITCH_START state=MODE_SWITCHING attempts=1 streak=0 attempt=1
[2026-09-16T08:41:22.854Z] batch=field-waveform-1789548045291-29 D1 MODE_SWITCH_OK state=MODE_SWITCH_OK attempts=1 streak=0
[2026-09-16T08:41:22.855Z] batch=field-waveform-1789548045291-29 D5 MODE_SWITCH_START state=MODE_SWITCHING attempts=1 streak=0 attempt=1
[2026-09-16T08:41:22.857Z] batch=field-waveform-1789548045291-29 D5 MODE_SWITCH_OK state=MODE_SWITCH_OK attempts=1 streak=0
[2026-09-16T08:41:22.858Z] batch=field-waveform-1789548045291-29 D4 MODE_SWITCH_START state=MODE_SWITCHING attempts=1 streak=0 attempt=1
[2026-09-16T08:41:22.859Z] batch=field-waveform-1789548045291-29 D4 MODE_SWITCH_OK state=MODE_SWITCH_OK attempts=1 streak=0
[2026-09-16T08:41:22.861Z] batch=field-waveform-1789548045291-29 D2 MODE_SWITCH_START state=MODE_SWITCHING attempts=1 streak=0 attempt=1
[2026-09-16T08:41:22.862Z] batch=field-waveform-1789548045291-29 D2 MODE_SWITCH_OK state=MODE_SWITCH_OK attempts=1 streak=0
[2026-09-16T08:41:22.866Z] batch=field-waveform-1789548045291-29 D3 MODE_SWITCH_START state=MODE_SWITCHING attempts=1 streak=0 attempt=1
[2026-09-16T08:41:22.867Z] batch=field-waveform-1789548045291-29 D3 MODE_SWITCH_OK state=MODE_SWITCH_OK attempts=1 streak=0
[2026-09-16T08:41:27.913Z] batch=field-waveform-1789548045291-29 D4 FIRST_FRAME state=FIRST_FRAME_RECEIVED attempts=1 streak=1
[2026-09-16T08:41:27.913Z] batch=field-waveform-1789548045291-29 D4 FIRST_VALID_SAMPLE state=FIRST_FRAME_RECEIVED attempts=1 streak=1
[2026-09-16T08:41:27.921Z] batch=field-waveform-1789548045291-29 D1 FIRST_FRAME state=FIRST_FRAME_RECEIVED attempts=1 streak=1
[2026-09-16T08:41:27.921Z] batch=field-waveform-1789548045291-29 D1 FIRST_VALID_SAMPLE state=FIRST_FRAME_RECEIVED attempts=1 streak=1
[2026-09-16T08:41:27.926Z] batch=field-waveform-1789548045291-29 D3 FIRST_FRAME state=FIRST_FRAME_RECEIVED attempts=1 streak=1
[2026-09-16T08:41:27.926Z] batch=field-waveform-1789548045291-29 D3 FIRST_VALID_SAMPLE state=FIRST_FRAME_RECEIVED attempts=1 streak=1
[2026-09-16T08:41:27.932Z] batch=field-waveform-1789548045291-29 D6 FIRST_FRAME state=FIRST_FRAME_RECEIVED attempts=1 streak=1
[2026-09-16T08:41:27.932Z] batch=field-waveform-1789548045291-29 D6 FIRST_VALID_SAMPLE state=FIRST_FRAME_RECEIVED attempts=1 streak=1
[2026-09-16T08:41:27.940Z] batch=field-waveform-1789548045291-29 D5 FIRST_FRAME state=FIRST_FRAME_RECEIVED attempts=1 streak=1
[2026-09-16T08:41:27.940Z] batch=field-waveform-1789548045291-29 D5 FIRST_VALID_SAMPLE state=FIRST_FRAME_RECEIVED attempts=1 streak=1
[2026-09-16T08:41:27.956Z] batch=field-waveform-1789548045291-29 D2 FIRST_FRAME state=FIRST_FRAME_RECEIVED attempts=1 streak=1
[2026-09-16T08:41:27.956Z] batch=field-waveform-1789548045291-29 D2 FIRST_VALID_SAMPLE state=FIRST_FRAME_RECEIVED attempts=1 streak=1
[2026-09-16T08:41:28.157Z] batch=field-waveform-1789548045291-29 D4 CHANNEL_SYNC_OK state=TEST_READY attempts=1 streak=5
[2026-09-16T08:41:28.158Z] batch=field-waveform-1789548045291-29 D4 TEST_READY state=TEST_READY attempts=1 streak=5
[2026-09-16T08:41:28.170Z] batch=field-waveform-1789548045291-29 D1 CHANNEL_SYNC_OK state=TEST_READY attempts=1 streak=5
[2026-09-16T08:41:28.171Z] batch=field-waveform-1789548045291-29 D1 TEST_READY state=TEST_READY attempts=1 streak=5
[2026-09-16T08:41:28.176Z] batch=field-waveform-1789548045291-29 D3 CHANNEL_SYNC_OK state=TEST_READY attempts=1 streak=5
[2026-09-16T08:41:28.176Z] batch=field-waveform-1789548045291-29 D3 TEST_READY state=TEST_READY attempts=1 streak=5
[2026-09-16T08:41:28.181Z] batch=field-waveform-1789548045291-29 D6 CHANNEL_SYNC_OK state=TEST_READY attempts=1 streak=5
[2026-09-16T08:41:28.182Z] batch=field-waveform-1789548045291-29 D6 TEST_READY state=TEST_READY attempts=1 streak=5
[2026-09-16T08:41:28.190Z] batch=field-waveform-1789548045291-29 D5 CHANNEL_SYNC_OK state=TEST_READY attempts=1 streak=5
[2026-09-16T08:41:28.192Z] batch=field-waveform-1789548045291-29 D5 TEST_READY state=TEST_READY attempts=1 streak=5
[2026-09-16T08:41:28.216Z] batch=field-waveform-1789548045291-29 D2 CHANNEL_SYNC_OK state=TEST_READY attempts=1 streak=5
[2026-09-16T08:41:28.217Z] batch=field-waveform-1789548045291-29 D2 TEST_READY state=TEST_READY attempts=1 streak=5
[2026-09-16T08:42:22.751Z] batch=field-waveform-1789548045291-29 D2 MODE_SWITCH_START state=MODE_SWITCHING attempts=1 streak=0 attempt=1
[2026-09-16T08:42:22.752Z] batch=field-waveform-1789548045291-29 D2 MODE_SWITCH_OK state=MODE_SWITCH_OK attempts=1 streak=0
[2026-09-16T08:42:22.756Z] batch=field-waveform-1789548045291-29 D6 MODE_SWITCH_START state=MODE_SWITCHING attempts=1 streak=0 attempt=1
[2026-09-16T08:42:22.759Z] batch=field-waveform-1789548045291-29 D6 MODE_SWITCH_OK state=MODE_SWITCH_OK attempts=1 streak=0
[2026-09-16T08:42:22.762Z] batch=field-waveform-1789548045291-29 D1 MODE_SWITCH_START state=MODE_SWITCHING attempts=1 streak=0 attempt=1
[2026-09-16T08:42:22.763Z] batch=field-waveform-1789548045291-29 D1 MODE_SWITCH_OK state=MODE_SWITCH_OK attempts=1 streak=0
[2026-09-16T08:42:22.766Z] batch=field-waveform-1789548045291-29 D3 MODE_SWITCH_START state=MODE_SWITCHING attempts=1 streak=0 attempt=1
[2026-09-16T08:42:22.768Z] batch=field-waveform-1789548045291-29 D3 MODE_SWITCH_OK state=MODE_SWITCH_OK attempts=1 streak=0
[2026-09-16T08:42:22.894Z] batch=field-waveform-1789548045291-29 D5 MODE_SWITCH_START state=MODE_SWITCHING attempts=1 streak=0 attempt=1
[2026-09-16T08:42:22.895Z] batch=field-waveform-1789548045291-29 D5 MODE_SWITCH_OK state=MODE_SWITCH_OK attempts=1 streak=0
[2026-09-16T08:42:22.898Z] batch=field-waveform-1789548045291-29 D4 MODE_SWITCH_START state=MODE_SWITCHING attempts=1 streak=0 attempt=1
[2026-09-16T08:42:22.899Z] batch=field-waveform-1789548045291-29 D4 MODE_SWITCH_OK state=MODE_SWITCH_OK attempts=1 streak=0
[2026-09-16T08:42:32.771Z] batch=field-waveform-1789548045291-29 D2 MODE_SWITCH_START state=MODE_SWITCHING attempts=1 streak=0 attempt=1
[2026-09-16T08:42:32.772Z] batch=field-waveform-1789548045291-29 D2 MODE_SWITCH_OK state=MODE_SWITCH_OK attempts=1 streak=0
[2026-09-16T08:42:32.777Z] batch=field-waveform-1789548045291-29 D6 MODE_SWITCH_START state=MODE_SWITCHING attempts=1 streak=0 attempt=1
[2026-09-16T08:42:32.779Z] batch=field-waveform-1789548045291-29 D6 MODE_SWITCH_OK state=MODE_SWITCH_OK attempts=1 streak=0
[2026-09-16T08:42:32.783Z] batch=field-waveform-1789548045291-29 D1 MODE_SWITCH_START state=MODE_SWITCHING attempts=1 streak=0 attempt=1
[2026-09-16T08:42:32.784Z] batch=field-waveform-1789548045291-29 D1 MODE_SWITCH_OK state=MODE_SWITCH_OK attempts=1 streak=0
[2026-09-16T08:42:32.974Z] batch=field-waveform-1789548045291-29 D3 MODE_SWITCH_START state=MODE_SWITCHING attempts=1 streak=0 attempt=1
[2026-09-16T08:42:32.979Z] batch=field-waveform-1789548045291-29 D3 MODE_SWITCH_OK state=MODE_SWITCH_OK attempts=1 streak=0
[2026-09-16T08:42:32.986Z] batch=field-waveform-1789548045291-29 D5 MODE_SWITCH_START state=MODE_SWITCHING attempts=1 streak=0 attempt=1
[2026-09-16T08:42:32.988Z] batch=field-waveform-1789548045291-29 D5 MODE_SWITCH_OK state=MODE_SWITCH_OK attempts=1 streak=0
[2026-09-16T08:42:32.992Z] batch=field-waveform-1789548045291-29 D4 MODE_SWITCH_START state=MODE_SWITCHING attempts=1 streak=0 attempt=1
[2026-09-16T08:42:32.995Z] batch=field-waveform-1789548045291-29 D4 MODE_SWITCH_OK state=MODE_SWITCH_OK attempts=1 streak=0
[2026-09-16T08:42:37.829Z] batch=field-waveform-1789548045291-29 D2 FIRST_FRAME state=FIRST_FRAME_RECEIVED attempts=1 streak=1
[2026-09-16T08:42:37.829Z] batch=field-waveform-1789548045291-29 D2 FIRST_VALID_SAMPLE state=FIRST_FRAME_RECEIVED attempts=1 streak=1
[2026-09-16T08:42:38.047Z] batch=field-waveform-1789548045291-29 D1 FIRST_FRAME state=FIRST_FRAME_RECEIVED attempts=1 streak=1
[2026-09-16T08:42:38.047Z] batch=field-waveform-1789548045291-29 D1 FIRST_VALID_SAMPLE state=FIRST_FRAME_RECEIVED attempts=1 streak=1
[2026-09-16T08:42:38.049Z] batch=field-waveform-1789548045291-29 D6 FIRST_FRAME state=FIRST_FRAME_RECEIVED attempts=1 streak=1
[2026-09-16T08:42:38.049Z] batch=field-waveform-1789548045291-29 D6 FIRST_VALID_SAMPLE state=FIRST_FRAME_RECEIVED attempts=1 streak=1
[2026-09-16T08:42:38.054Z] batch=field-waveform-1789548045291-29 D3 FIRST_FRAME state=FIRST_FRAME_RECEIVED attempts=1 streak=1
[2026-09-16T08:42:38.054Z] batch=field-waveform-1789548045291-29 D3 FIRST_VALID_SAMPLE state=FIRST_FRAME_RECEIVED attempts=1 streak=1
[2026-09-16T08:42:38.249Z] batch=field-waveform-1789548045291-29 D6 CHANNEL_SYNC_OK state=TEST_READY attempts=1 streak=5
[2026-09-16T08:42:38.249Z] batch=field-waveform-1789548045291-29 D6 TEST_READY state=TEST_READY attempts=1 streak=5
[2026-09-16T08:42:38.251Z] batch=field-waveform-1789548045291-29 D5 FIRST_FRAME state=FIRST_FRAME_RECEIVED attempts=1 streak=1
[2026-09-16T08:42:38.251Z] batch=field-waveform-1789548045291-29 D5 FIRST_VALID_SAMPLE state=FIRST_FRAME_RECEIVED attempts=1 streak=1
[2026-09-16T08:42:38.254Z] batch=field-waveform-1789548045291-29 D2 CHANNEL_SYNC_OK state=TEST_READY attempts=1 streak=5
[2026-09-16T08:42:38.254Z] batch=field-waveform-1789548045291-29 D2 TEST_READY state=TEST_READY attempts=1 streak=5
[2026-09-16T08:42:38.256Z] batch=field-waveform-1789548045291-29 D1 CHANNEL_SYNC_OK state=TEST_READY attempts=1 streak=5
[2026-09-16T08:42:38.256Z] batch=field-waveform-1789548045291-29 D1 TEST_READY state=TEST_READY attempts=1 streak=5
[2026-09-16T08:42:38.374Z] batch=field-waveform-1789548045291-29 D3 CHANNEL_SYNC_OK state=TEST_READY attempts=1 streak=5
[2026-09-16T08:42:38.375Z] batch=field-waveform-1789548045291-29 D3 TEST_READY state=TEST_READY attempts=1 streak=5
[2026-09-16T08:42:38.376Z] batch=field-waveform-1789548045291-29 D5 CHANNEL_SYNC_OK state=TEST_READY attempts=1 streak=5
[2026-09-16T08:42:38.376Z] batch=field-waveform-1789548045291-29 D5 TEST_READY state=TEST_READY attempts=1 streak=5
[2026-09-16T08:42:43.048Z] batch=field-waveform-1789548045291-29 D4 MODE_SWITCH_START state=MODE_SWITCHING attempts=1 streak=0 attempt=1
[2026-09-16T08:42:43.050Z] batch=field-waveform-1789548045291-29 D4 MODE_SWITCH_OK state=MODE_SWITCH_OK attempts=1 streak=0
[2026-09-16T08:42:48.161Z] batch=field-waveform-1789548045291-29 D4 FIRST_FRAME state=FIRST_FRAME_RECEIVED attempts=1 streak=1
[2026-09-16T08:42:48.161Z] batch=field-waveform-1789548045291-29 D4 FIRST_VALID_SAMPLE state=FIRST_FRAME_RECEIVED attempts=1 streak=1
[2026-09-16T08:42:48.409Z] batch=field-waveform-1789548045291-29 D4 CHANNEL_SYNC_OK state=TEST_READY attempts=1 streak=5
[2026-09-16T08:42:48.411Z] batch=field-waveform-1789548045291-29 D4 TEST_READY state=TEST_READY attempts=1 streak=5
[2026-09-16T08:43:13.974Z] batch=field-waveform-1789548045291-29 D4 MODE_SWITCH_START state=MODE_SWITCHING attempts=1 streak=0 attempt=1
[2026-09-16T08:43:13.975Z] batch=field-waveform-1789548045291-29 D4 MODE_SWITCH_OK state=MODE_SWITCH_OK attempts=1 streak=0
