[2026-09-16T07:57:11.262Z] batch=field-waveform-1789545273320-11 D1 MODE_SWITCH_START state=MODE_SWITCHING attempts=1 streak=0 attempt=1
[2026-09-16T07:57:11.263Z] batch=field-waveform-1789545273320-11 D1 MODE_SWITCH_OK state=MODE_SWITCH_OK attempts=1 streak=0
[2026-09-16T07:57:11.268Z] batch=field-waveform-1789545273320-11 D4 MODE_SWITCH_START state=MODE_SWITCHING attempts=1 streak=0 attempt=1
[2026-09-16T07:57:11.269Z] batch=field-waveform-1789545273320-11 D4 MODE_SWITCH_OK state=MODE_SWITCH_OK attempts=1 streak=0
[2026-09-16T07:57:11.272Z] batch=field-waveform-1789545273320-11 D2 MODE_SWITCH_START state=MODE_SWITCHING attempts=1 streak=0 attempt=1
[2026-09-16T07:57:11.273Z] batch=field-waveform-1789545273320-11 D2 MODE_SWITCH_OK state=MODE_SWITCH_OK attempts=1 streak=0
[2026-09-16T07:57:11.276Z] batch=field-waveform-1789545273320-11 D3 MODE_SWITCH_START state=MODE_SWITCHING attempts=1 streak=0 attempt=1
[2026-09-16T07:57:11.277Z] batch=field-waveform-1789545273320-11 D3 MODE_SWITCH_OK state=MODE_SWITCH_OK attempts=1 streak=0
[2026-09-16T07:57:11.975Z] batch=field-waveform-1789545273320-11 D5 MODE_SWITCH_START state=MODE_SWITCHING attempts=1 streak=0 attempt=1
[2026-09-16T07:57:11.977Z] batch=field-waveform-1789545273320-11 D5 MODE_SWITCH_OK state=MODE_SWITCH_OK attempts=1 streak=0
[2026-09-16T07:57:11.982Z] batch=field-waveform-1789545273320-11 D6 MODE_SWITCH_START state=MODE_SWITCHING attempts=1 streak=0 attempt=1
[2026-09-16T07:57:11.986Z] batch=field-waveform-1789545273320-11 D6 MODE_SWITCH_OK state=MODE_SWITCH_OK attempts=1 streak=0
[2026-09-16T07:57:21.467Z] batch=field-waveform-1789545273320-11 D1 MODE_SWITCH_START state=MODE_SWITCHING attempts=1 streak=0 attempt=1
[2026-09-16T07:57:21.469Z] batch=field-waveform-1789545273320-11 D1 MODE_SWITCH_OK state=MODE_SWITCH_OK attempts=1 streak=0
[2026-09-16T07:57:21.472Z] batch=field-waveform-1789545273320-11 D4 MODE_SWITCH_START state=MODE_SWITCHING attempts=1 streak=0 attempt=1
[2026-09-16T07:57:21.473Z] batch=field-waveform-1789545273320-11 D4 MODE_SWITCH_OK state=MODE_SWITCH_OK attempts=1 streak=0
[2026-09-16T07:57:21.478Z] batch=field-waveform-1789545273320-11 D2 MODE_SWITCH_START state=MODE_SWITCHING attempts=1 streak=0 attempt=1
[2026-09-16T07:57:21.480Z] batch=field-waveform-1789545273320-11 D2 MODE_SWITCH_OK state=MODE_SWITCH_OK attempts=1 streak=0
[2026-09-16T07:57:21.484Z] batch=field-waveform-1789545273320-11 D3 MODE_SWITCH_START state=MODE_SWITCHING attempts=1 streak=0 attempt=1
[2026-09-16T07:57:21.485Z] batch=field-waveform-1789545273320-11 D3 MODE_SWITCH_OK state=MODE_SWITCH_OK attempts=1 streak=0
[2026-09-16T07:57:22.216Z] batch=field-waveform-1789545273320-11 D5 MODE_SWITCH_START state=MODE_SWITCHING attempts=1 streak=0 attempt=1
[2026-09-16T07:57:22.217Z] batch=field-waveform-1789545273320-11 D5 MODE_SWITCH_OK state=MODE_SWITCH_OK attempts=1 streak=0
[2026-09-16T07:57:22.221Z] batch=field-waveform-1789545273320-11 D6 MODE_SWITCH_START state=MODE_SWITCHING attempts=1 streak=0 attempt=1
[2026-09-16T07:57:22.222Z] batch=field-waveform-1789545273320-11 D6 MODE_SWITCH_OK state=MODE_SWITCH_OK attempts=1 streak=0
[2026-09-16T07:57:31.502Z] batch=field-waveform-1789545273320-11 D1 MODE_SWITCH_START state=MODE_SWITCHING attempts=1 streak=0 attempt=1
[2026-09-16T07:57:31.504Z] batch=field-waveform-1789545273320-11 D1 MODE_SWITCH_OK state=MODE_SWITCH_OK attempts=1 streak=0
[2026-09-16T07:57:31.508Z] batch=field-waveform-1789545273320-11 D4 MODE_SWITCH_START state=MODE_SWITCHING attempts=1 streak=0 attempt=1
[2026-09-16T07:57:31.509Z] batch=field-waveform-1789545273320-11 D4 MODE_SWITCH_OK state=MODE_SWITCH_OK attempts=1 streak=0
[2026-09-16T07:57:31.513Z] batch=field-waveform-1789545273320-11 D2 MODE_SWITCH_START state=MODE_SWITCHING attempts=1 streak=0 attempt=1
[2026-09-16T07:57:31.514Z] batch=field-waveform-1789545273320-11 D2 MODE_SWITCH_OK state=MODE_SWITCH_OK attempts=1 streak=0
[2026-09-16T07:57:31.520Z] batch=field-waveform-1789545273320-11 D3 MODE_SWITCH_START state=MODE_SWITCHING attempts=1 streak=0 attempt=1
[2026-09-16T07:57:31.521Z] batch=field-waveform-1789545273320-11 D3 MODE_SWITCH_OK state=MODE_SWITCH_OK attempts=1 streak=0
[2026-09-16T07:57:32.336Z] batch=field-waveform-1789545273320-11 D5 MODE_SWITCH_START state=MODE_SWITCHING attempts=1 streak=0 attempt=1
[2026-09-16T07:57:32.339Z] batch=field-waveform-1789545273320-11 D5 MODE_SWITCH_OK state=MODE_SWITCH_OK attempts=1 streak=0
[2026-09-16T07:57:32.345Z] batch=field-waveform-1789545273320-11 D6 MODE_SWITCH_START state=MODE_SWITCHING attempts=1 streak=0 attempt=1
[2026-09-16T07:57:32.347Z] batch=field-waveform-1789545273320-11 D6 MODE_SWITCH_OK state=MODE_SWITCH_OK attempts=1 streak=0
[2026-09-16T07:57:41.651Z] batch=field-waveform-1789545273320-11 D1 MODE_SWITCH_START state=MODE_SWITCHING attempts=1 streak=0 attempt=1
[2026-09-16T07:57:41.653Z] batch=field-waveform-1789545273320-11 D1 MODE_SWITCH_OK state=MODE_SWITCH_OK attempts=1 streak=0
[2026-09-16T07:57:41.658Z] batch=field-waveform-1789545273320-11 D4 MODE_SWITCH_START state=MODE_SWITCHING attempts=1 streak=0 attempt=1
[2026-09-16T07:57:41.660Z] batch=field-waveform-1789545273320-11 D4 MODE_SWITCH_OK state=MODE_SWITCH_OK attempts=1 streak=0
[2026-09-16T07:57:41.664Z] batch=field-waveform-1789545273320-11 D2 MODE_SWITCH_START state=MODE_SWITCHING attempts=1 streak=0 attempt=1
[2026-09-16T07:57:41.665Z] batch=field-waveform-1789545273320-11 D2 MODE_SWITCH_OK state=MODE_SWITCH_OK attempts=1 streak=0
[2026-09-16T07:57:41.669Z] batch=field-waveform-1789545273320-11 D3 MODE_SWITCH_START state=MODE_SWITCHING attempts=1 streak=0 attempt=1
[2026-09-16T07:57:41.670Z] batch=field-waveform-1789545273320-11 D3 MODE_SWITCH_OK state=MODE_SWITCH_OK attempts=1 streak=0
[2026-09-16T07:57:42.544Z] batch=field-waveform-1789545273320-11 D5 MODE_SWITCH_START state=MODE_SWITCHING attempts=1 streak=0 attempt=1
[2026-09-16T07:57:42.563Z] batch=field-waveform-1789545273320-11 D5 MODE_SWITCH_OK state=MODE_SWITCH_OK attempts=1 streak=0
[2026-09-16T07:57:42.572Z] batch=field-waveform-1789545273320-11 D6 MODE_SWITCH_START state=MODE_SWITCHING attempts=1 streak=0 attempt=1
[2026-09-16T07:57:42.575Z] batch=field-waveform-1789545273320-11 D6 MODE_SWITCH_OK state=MODE_SWITCH_OK attempts=1 streak=0
[2026-09-16T07:57:46.489Z] batch=field-waveform-1789545466487-12 D1 MODE_SWITCH_START state=MODE_SWITCHING attempts=1 streak=0 attempt=1
[2026-09-16T07:57:46.494Z] batch=field-waveform-1789545466487-12 D2 MODE_SWITCH_START state=MODE_SWITCHING attempts=1 streak=0 attempt=1
[2026-09-16T07:57:46.495Z] batch=field-waveform-1789545466487-12 D3 MODE_SWITCH_START state=MODE_SWITCHING attempts=1 streak=0 attempt=1
[2026-09-16T07:57:46.496Z] batch=field-waveform-1789545466487-12 D4 MODE_SWITCH_START state=MODE_SWITCHING attempts=1 streak=0 attempt=1
[2026-09-16T07:57:46.497Z] batch=field-waveform-1789545466487-12 D5 MODE_SWITCH_START state=MODE_SWITCHING attempts=1 streak=0 attempt=1
[2026-09-16T07:57:46.498Z] batch=field-waveform-1789545466487-12 D6 MODE_SWITCH_START state=MODE_SWITCHING attempts=1 streak=0 attempt=1
[2026-09-16T07:57:46.501Z] batch=field-waveform-1789545466487-12 D1 MODE_SWITCH_OK state=MODE_SWITCH_OK attempts=1 streak=0
[2026-09-16T07:57:46.502Z] batch=field-waveform-1789545466487-12 D2 MODE_SWITCH_OK state=MODE_SWITCH_OK attempts=1 streak=0
[2026-09-16T07:57:46.503Z] batch=field-waveform-1789545466487-12 D3 MODE_SWITCH_OK state=MODE_SWITCH_OK attempts=1 streak=0
[2026-09-16T07:57:46.503Z] batch=field-waveform-1789545466487-12 D4 MODE_SWITCH_OK state=MODE_SWITCH_OK attempts=1 streak=0
[2026-09-16T07:57:46.503Z] batch=field-waveform-1789545466487-12 D5 MODE_SWITCH_OK state=MODE_SWITCH_OK attempts=1 streak=0
[2026-09-16T07:57:46.504Z] batch=field-waveform-1789545466487-12 D6 MODE_SWITCH_OK state=MODE_SWITCH_OK attempts=1 streak=0
[2026-09-16T07:57:51.657Z] batch=field-waveform-1789545466487-12 D1 MODE_SWITCH_START state=MODE_SWITCHING attempts=1 streak=0 attempt=1
[2026-09-16T07:57:51.659Z] batch=field-waveform-1789545466487-12 D1 MODE_SWITCH_OK state=MODE_SWITCH_OK attempts=1 streak=0
[2026-09-16T07:57:51.661Z] batch=field-waveform-1789545466487-12 D4 MODE_SWITCH_START state=MODE_SWITCHING attempts=1 streak=0 attempt=1
[2026-09-16T07:57:51.665Z] batch=field-waveform-1789545466487-12 D4 MODE_SWITCH_OK state=MODE_SWITCH_OK attempts=1 streak=0
[2026-09-16T07:57:51.666Z] batch=field-waveform-1789545466487-12 D2 MODE_SWITCH_START state=MODE_SWITCHING attempts=1 streak=0 attempt=1
[2026-09-16T07:57:51.667Z] batch=field-waveform-1789545466487-12 D2 MODE_SWITCH_OK state=MODE_SWITCH_OK attempts=1 streak=0
[2026-09-16T07:57:51.672Z] batch=field-waveform-1789545466487-12 D3 MODE_SWITCH_START state=MODE_SWITCHING attempts=1 streak=0 attempt=1
[2026-09-16T07:57:51.672Z] batch=field-waveform-1789545466487-12 D3 MODE_SWITCH_OK state=MODE_SWITCH_OK attempts=1 streak=0
[2026-09-16T07:57:52.571Z] batch=field-waveform-1789545466487-12 D5 MODE_SWITCH_START state=MODE_SWITCHING attempts=1 streak=0 attempt=1
[2026-09-16T07:57:52.572Z] batch=field-waveform-1789545466487-12 D5 MODE_SWITCH_OK state=MODE_SWITCH_OK attempts=1 streak=0
[2026-09-16T07:57:52.576Z] batch=field-waveform-1789545466487-12 D6 MODE_SWITCH_START state=MODE_SWITCHING attempts=1 streak=0 attempt=1
[2026-09-16T07:57:52.577Z] batch=field-waveform-1789545466487-12 D6 MODE_SWITCH_OK state=MODE_SWITCH_OK attempts=1 streak=0
[2026-09-16T07:58:00.782Z] batch=field-waveform-1789545480780-13 D1 MODE_SWITCH_START state=MODE_SWITCHING attempts=1 streak=0 attempt=1
[2026-09-16T07:58:00.782Z] batch=field-waveform-1789545480780-13 D2 MODE_SWITCH_START state=MODE_SWITCHING attempts=1 streak=0 attempt=1
[2026-09-16T07:58:00.783Z] batch=field-waveform-1789545480780-13 D3 MODE_SWITCH_START state=MODE_SWITCHING attempts=1 streak=0 attempt=1
[2026-09-16T07:58:00.784Z] batch=field-waveform-1789545480780-13 D4 MODE_SWITCH_START state=MODE_SWITCHING attempts=1 streak=0 attempt=1
[2026-09-16T07:58:00.785Z] batch=field-waveform-1789545480780-13 D5 MODE_SWITCH_START state=MODE_SWITCHING attempts=1 streak=0 attempt=1
[2026-09-16T07:58:00.785Z] batch=field-waveform-1789545480780-13 D6 MODE_SWITCH_START state=MODE_SWITCHING attempts=1 streak=0 attempt=1
[2026-09-16T07:58:00.789Z] batch=field-waveform-1789545480780-13 D1 MODE_SWITCH_OK state=MODE_SWITCH_OK attempts=1 streak=0
[2026-09-16T07:58:00.790Z] batch=field-waveform-1789545480780-13 D2 MODE_SWITCH_OK state=MODE_SWITCH_OK attempts=1 streak=0
[2026-09-16T07:58:00.791Z] batch=field-waveform-1789545480780-13 D3 MODE_SWITCH_OK state=MODE_SWITCH_OK attempts=1 streak=0
[2026-09-16T07:58:00.791Z] batch=field-waveform-1789545480780-13 D4 MODE_SWITCH_OK state=MODE_SWITCH_OK attempts=1 streak=0
[2026-09-16T07:58:00.791Z] batch=field-waveform-1789545480780-13 D5 MODE_SWITCH_OK state=MODE_SWITCH_OK attempts=1 streak=0
[2026-09-16T07:58:00.792Z] batch=field-waveform-1789545480780-13 D6 MODE_SWITCH_OK state=MODE_SWITCH_OK attempts=1 streak=0
[2026-09-16T07:58:01.670Z] batch=field-waveform-1789545480780-13 D1 MODE_SWITCH_START state=MODE_SWITCHING attempts=1 streak=0 attempt=1
[2026-09-16T07:58:01.673Z] batch=field-waveform-1789545480780-13 D1 MODE_SWITCH_OK state=MODE_SWITCH_OK attempts=1 streak=0
[2026-09-16T07:58:01.674Z] batch=field-waveform-1789545480780-13 D4 MODE_SWITCH_START state=MODE_SWITCHING attempts=1 streak=0 attempt=1
[2026-09-16T07:58:01.676Z] batch=field-waveform-1789545480780-13 D4 MODE_SWITCH_OK state=MODE_SWITCH_OK attempts=1 streak=0
[2026-09-16T07:58:01.677Z] batch=field-waveform-1789545480780-13 D2 MODE_SWITCH_START state=MODE_SWITCHING attempts=1 streak=0 attempt=1
[2026-09-16T07:58:01.679Z] batch=field-waveform-1789545480780-13 D2 MODE_SWITCH_OK state=MODE_SWITCH_OK attempts=1 streak=0
[2026-09-16T07:58:01.681Z] batch=field-waveform-1789545480780-13 D3 MODE_SWITCH_START state=MODE_SWITCHING attempts=1 streak=0 attempt=1
[2026-09-16T07:58:01.682Z] batch=field-waveform-1789545480780-13 D3 MODE_SWITCH_OK state=MODE_SWITCH_OK attempts=1 streak=0
[2026-09-16T07:58:02.576Z] batch=field-waveform-1789545480780-13 D5 MODE_SWITCH_START state=MODE_SWITCHING attempts=1 streak=0 attempt=1
[2026-09-16T07:58:02.579Z] batch=field-waveform-1789545480780-13 D5 MODE_SWITCH_OK state=MODE_SWITCH_OK attempts=1 streak=0
[2026-09-16T07:58:02.581Z] batch=field-waveform-1789545480780-13 D6 MODE_SWITCH_START state=MODE_SWITCHING attempts=1 streak=0 attempt=1
[2026-09-16T07:58:02.584Z] batch=field-waveform-1789545480780-13 D6 MODE_SWITCH_OK state=MODE_SWITCH_OK attempts=1 streak=0
[2026-09-16T07:58:11.679Z] batch=field-waveform-1789545480780-13 D1 MODE_SWITCH_START state=MODE_SWITCHING attempts=1 streak=0 attempt=1
[2026-09-16T07:58:11.681Z] batch=field-waveform-1789545480780-13 D1 MODE_SWITCH_OK state=MODE_SWITCH_OK attempts=1 streak=0
[2026-09-16T07:58:11.682Z] batch=field-waveform-1789545480780-13 D4 MODE_SWITCH_START state=MODE_SWITCHING attempts=1 streak=0 attempt=1
[2026-09-16T07:58:11.684Z] batch=field-waveform-1789545480780-13 D4 MODE_SWITCH_OK state=MODE_SWITCH_OK attempts=1 streak=0
[2026-09-16T07:58:11.686Z] batch=field-waveform-1789545480780-13 D2 MODE_SWITCH_START state=MODE_SWITCHING attempts=1 streak=0 attempt=1
[2026-09-16T07:58:11.687Z] batch=field-waveform-1789545480780-13 D2 MODE_SWITCH_OK state=MODE_SWITCH_OK attempts=1 streak=0
[2026-09-16T07:58:11.688Z] batch=field-waveform-1789545480780-13 D3 MODE_SWITCH_START state=MODE_SWITCHING attempts=1 streak=0 attempt=1
[2026-09-16T07:58:11.690Z] batch=field-waveform-1789545480780-13 D3 MODE_SWITCH_OK state=MODE_SWITCH_OK attempts=1 streak=0
[2026-09-16T07:58:12.583Z] batch=field-waveform-1789545480780-13 D5 MODE_SWITCH_START state=MODE_SWITCHING attempts=1 streak=0 attempt=1
[2026-09-16T07:58:12.587Z] batch=field-waveform-1789545480780-13 D5 MODE_SWITCH_OK state=MODE_SWITCH_OK attempts=1 streak=0
[2026-09-16T07:58:12.589Z] batch=field-waveform-1789545480780-13 D6 MODE_SWITCH_START state=MODE_SWITCHING attempts=1 streak=0 attempt=1
[2026-09-16T07:58:12.592Z] batch=field-waveform-1789545480780-13 D6 MODE_SWITCH_OK state=MODE_SWITCH_OK attempts=1 streak=0
[2026-09-16T07:58:21.687Z] batch=field-waveform-1789545480780-13 D1 MODE_SWITCH_START state=MODE_SWITCHING attempts=1 streak=0 attempt=1
[2026-09-16T07:58:21.688Z] batch=field-waveform-1789545480780-13 D1 MODE_SWITCH_OK state=MODE_SWITCH_OK attempts=1 streak=0
[2026-09-16T07:58:21.688Z] batch=field-waveform-1789545480780-13 D4 MODE_SWITCH_START state=MODE_SWITCHING attempts=1 streak=0 attempt=1
[2026-09-16T07:58:21.689Z] batch=field-waveform-1789545480780-13 D4 MODE_SWITCH_OK state=MODE_SWITCH_OK attempts=1 streak=0
[2026-09-16T07:58:21.691Z] batch=field-waveform-1789545480780-13 D2 MODE_SWITCH_START state=MODE_SWITCHING attempts=1 streak=0 attempt=1
[2026-09-16T07:58:21.692Z] batch=field-waveform-1789545480780-13 D2 MODE_SWITCH_OK state=MODE_SWITCH_OK attempts=1 streak=0
[2026-09-16T07:58:21.693Z] batch=field-waveform-1789545480780-13 D3 MODE_SWITCH_START state=MODE_SWITCHING attempts=1 streak=0 attempt=1
[2026-09-16T07:58:21.695Z] batch=field-waveform-1789545480780-13 D3 MODE_SWITCH_OK state=MODE_SWITCH_OK attempts=1 streak=0
[2026-09-16T07:58:22.589Z] batch=field-waveform-1789545480780-13 D5 MODE_SWITCH_START state=MODE_SWITCHING attempts=1 streak=0 attempt=1
[2026-09-16T07:58:22.591Z] batch=field-waveform-1789545480780-13 D5 MODE_SWITCH_OK state=MODE_SWITCH_OK attempts=1 streak=0
[2026-09-16T07:58:22.594Z] batch=field-waveform-1789545480780-13 D6 MODE_SWITCH_START state=MODE_SWITCHING attempts=1 streak=0 attempt=1
[2026-09-16T07:58:22.596Z] batch=field-waveform-1789545480780-13 D6 MODE_SWITCH_OK state=MODE_SWITCH_OK attempts=1 streak=0
[2026-09-16T07:58:26.740Z] batch=field-waveform-1789545480780-13 D3 FIRST_FRAME state=FIRST_FRAME_RECEIVED attempts=1 streak=1
[2026-09-16T07:58:26.741Z] batch=field-waveform-1789545480780-13 D3 FIRST_VALID_SAMPLE state=FIRST_FRAME_RECEIVED attempts=1 streak=1
[2026-09-16T07:58:26.755Z] batch=field-waveform-1789545480780-13 D2 FIRST_FRAME state=FIRST_FRAME_RECEIVED attempts=1 streak=1
[2026-09-16T07:58:26.756Z] batch=field-waveform-1789545480780-13 D2 FIRST_VALID_SAMPLE state=FIRST_FRAME_RECEIVED attempts=1 streak=1
[2026-09-16T07:58:26.768Z] batch=field-waveform-1789545480780-13 D1 FIRST_FRAME state=FIRST_FRAME_RECEIVED attempts=1 streak=1
[2026-09-16T07:58:26.769Z] batch=field-waveform-1789545480780-13 D1 FIRST_VALID_SAMPLE state=FIRST_FRAME_RECEIVED attempts=1 streak=1
[2026-09-16T07:58:26.987Z] batch=field-waveform-1789545480780-13 D3 CHANNEL_SYNC_OK state=TEST_READY attempts=1 streak=5
[2026-09-16T07:58:26.988Z] batch=field-waveform-1789545480780-13 D3 TEST_READY state=TEST_READY attempts=1 streak=5
[2026-09-16T07:58:27.000Z] batch=field-waveform-1789545480780-13 D2 CHANNEL_SYNC_OK state=TEST_READY attempts=1 streak=5
[2026-09-16T07:58:27.001Z] batch=field-waveform-1789545480780-13 D2 TEST_READY state=TEST_READY attempts=1 streak=5
[2026-09-16T07:58:27.018Z] batch=field-waveform-1789545480780-13 D1 CHANNEL_SYNC_OK state=TEST_READY attempts=1 streak=5
[2026-09-16T07:58:27.018Z] batch=field-waveform-1789545480780-13 D1 TEST_READY state=TEST_READY attempts=1 streak=5
[2026-09-16T07:58:27.641Z] batch=field-waveform-1789545480780-13 D6 FIRST_FRAME state=FIRST_FRAME_RECEIVED attempts=1 streak=1
[2026-09-16T07:58:27.641Z] batch=field-waveform-1789545480780-13 D6 FIRST_VALID_SAMPLE state=FIRST_FRAME_RECEIVED attempts=1 streak=1
[2026-09-16T07:58:27.654Z] batch=field-waveform-1789545480780-13 D5 FIRST_FRAME state=FIRST_FRAME_RECEIVED attempts=1 streak=1
[2026-09-16T07:58:27.655Z] batch=field-waveform-1789545480780-13 D5 FIRST_VALID_SAMPLE state=FIRST_FRAME_RECEIVED attempts=1 streak=1
[2026-09-16T07:58:27.886Z] batch=field-waveform-1789545480780-13 D6 CHANNEL_SYNC_OK state=TEST_READY attempts=1 streak=5
[2026-09-16T07:58:27.886Z] batch=field-waveform-1789545480780-13 D6 TEST_READY state=TEST_READY attempts=1 streak=5
[2026-09-16T07:58:27.910Z] batch=field-waveform-1789545480780-13 D5 CHANNEL_SYNC_OK state=TEST_READY attempts=1 streak=5
[2026-09-16T07:58:27.910Z] batch=field-waveform-1789545480780-13 D5 TEST_READY state=TEST_READY attempts=1 streak=5
[2026-09-16T07:58:31.701Z] batch=field-waveform-1789545480780-13 D4 MODE_SWITCH_START state=MODE_SWITCHING attempts=1 streak=0 attempt=1
[2026-09-16T07:58:31.704Z] batch=field-waveform-1789545480780-13 D4 MODE_SWITCH_OK state=MODE_SWITCH_OK attempts=1 streak=0
[2026-09-16T07:58:41.724Z] batch=field-waveform-1789545480780-13 D4 MODE_SWITCH_START state=MODE_SWITCHING attempts=1 streak=0 attempt=1
[2026-09-16T07:58:41.726Z] batch=field-waveform-1789545480780-13 D4 MODE_SWITCH_OK state=MODE_SWITCH_OK attempts=1 streak=0
[2026-09-16T07:58:41.727Z] batch=field-waveform-1789545480780-13 D6 MODE_SWITCH_START state=MODE_SWITCHING attempts=1 streak=0 attempt=1
[2026-09-16T07:58:41.729Z] batch=field-waveform-1789545480780-13 D6 MODE_SWITCH_OK state=MODE_SWITCH_OK attempts=1 streak=0
[2026-09-16T07:58:41.731Z] batch=field-waveform-1789545480780-13 D5 MODE_SWITCH_START state=MODE_SWITCHING attempts=1 streak=0 attempt=1
[2026-09-16T07:58:41.741Z] batch=field-waveform-1789545480780-13 D5 MODE_SWITCH_OK state=MODE_SWITCH_OK attempts=1 streak=0
[2026-09-16T07:58:46.766Z] batch=field-waveform-1789545480780-13 D6 FIRST_FRAME state=FIRST_FRAME_RECEIVED attempts=1 streak=1
[2026-09-16T07:58:46.767Z] batch=field-waveform-1789545480780-13 D6 FIRST_VALID_SAMPLE state=FIRST_FRAME_RECEIVED attempts=1 streak=1
[2026-09-16T07:58:46.781Z] batch=field-waveform-1789545480780-13 D4 FIRST_FRAME state=FIRST_FRAME_RECEIVED attempts=1 streak=1
[2026-09-16T07:58:46.781Z] batch=field-waveform-1789545480780-13 D4 FIRST_VALID_SAMPLE state=FIRST_FRAME_RECEIVED attempts=1 streak=1
[2026-09-16T07:58:46.783Z] batch=field-waveform-1789545480780-13 D5 FIRST_FRAME state=FIRST_FRAME_RECEIVED attempts=1 streak=1
[2026-09-16T07:58:46.783Z] batch=field-waveform-1789545480780-13 D5 FIRST_VALID_SAMPLE state=FIRST_FRAME_RECEIVED attempts=1 streak=1
[2026-09-16T07:58:47.019Z] batch=field-waveform-1789545480780-13 D6 CHANNEL_SYNC_OK state=TEST_READY attempts=1 streak=5
[2026-09-16T07:58:47.021Z] batch=field-waveform-1789545480780-13 D6 TEST_READY state=TEST_READY attempts=1 streak=5
[2026-09-16T07:58:47.033Z] batch=field-waveform-1789545480780-13 D4 CHANNEL_SYNC_OK state=TEST_READY attempts=1 streak=5
[2026-09-16T07:58:47.034Z] batch=field-waveform-1789545480780-13 D4 TEST_READY state=TEST_READY attempts=1 streak=5
[2026-09-16T07:58:47.039Z] batch=field-waveform-1789545480780-13 D5 CHANNEL_SYNC_OK state=TEST_READY attempts=1 streak=5
[2026-09-16T07:58:47.040Z] batch=field-waveform-1789545480780-13 D5 TEST_READY state=TEST_READY attempts=1 streak=5
[2026-09-16T08:05:27.362Z] batch=field-waveform-1789545927360-14 D1 MODE_SWITCH_START state=MODE_SWITCHING attempts=1 streak=0 attempt=1
[2026-09-16T08:05:27.363Z] batch=field-waveform-1789545927360-14 D2 MODE_SWITCH_START state=MODE_SWITCHING attempts=1 streak=0 attempt=1
[2026-09-16T08:05:27.364Z] batch=field-waveform-1789545927360-14 D3 MODE_SWITCH_START state=MODE_SWITCHING attempts=1 streak=0 attempt=1
[2026-09-16T08:05:27.365Z] batch=field-waveform-1789545927360-14 D4 MODE_SWITCH_START state=MODE_SWITCHING attempts=1 streak=0 attempt=1
[2026-09-16T08:05:27.366Z] batch=field-waveform-1789545927360-14 D5 MODE_SWITCH_START state=MODE_SWITCHING attempts=1 streak=0 attempt=1
[2026-09-16T08:05:27.367Z] batch=field-waveform-1789545927360-14 D6 MODE_SWITCH_START state=MODE_SWITCHING attempts=1 streak=0 attempt=1
[2026-09-16T08:05:27.372Z] batch=field-waveform-1789545927360-14 D1 MODE_SWITCH_OK state=MODE_SWITCH_OK attempts=1 streak=0
[2026-09-16T08:05:27.373Z] batch=field-waveform-1789545927360-14 D2 MODE_SWITCH_OK state=MODE_SWITCH_OK attempts=1 streak=0
[2026-09-16T08:05:27.373Z] batch=field-waveform-1789545927360-14 D3 MODE_SWITCH_OK state=MODE_SWITCH_OK attempts=1 streak=0
[2026-09-16T08:05:27.374Z] batch=field-waveform-1789545927360-14 D4 MODE_SWITCH_OK state=MODE_SWITCH_OK attempts=1 streak=0
[2026-09-16T08:05:27.377Z] batch=field-waveform-1789545927360-14 D5 MODE_SWITCH_OK state=MODE_SWITCH_OK attempts=1 streak=0
[2026-09-16T08:05:27.378Z] batch=field-waveform-1789545927360-14 D6 MODE_SWITCH_OK state=MODE_SWITCH_OK attempts=1 streak=0
[2026-09-16T08:05:27.380Z] batch=field-waveform-1789545927360-14 D1 FIRST_FRAME state=FIRST_FRAME_RECEIVED attempts=1 streak=1
[2026-09-16T08:05:27.381Z] batch=field-waveform-1789545927360-14 D1 FIRST_VALID_SAMPLE state=FIRST_FRAME_RECEIVED attempts=1 streak=1
[2026-09-16T08:05:27.382Z] batch=field-waveform-1789545927360-14 D2 FIRST_FRAME state=FIRST_FRAME_RECEIVED attempts=1 streak=1
[2026-09-16T08:05:27.383Z] batch=field-waveform-1789545927360-14 D2 FIRST_VALID_SAMPLE state=FIRST_FRAME_RECEIVED attempts=1 streak=1
[2026-09-16T08:05:27.385Z] batch=field-waveform-1789545927360-14 D6 FIRST_FRAME state=FIRST_FRAME_RECEIVED attempts=1 streak=1
[2026-09-16T08:05:27.385Z] batch=field-waveform-1789545927360-14 D6 FIRST_VALID_SAMPLE state=FIRST_FRAME_RECEIVED attempts=1 streak=1
[2026-09-16T08:05:31.234Z] batch=field-waveform-1789545927360-14 D4 MODE_SWITCH_START state=MODE_SWITCHING attempts=1 streak=0 attempt=1
[2026-09-16T08:05:31.235Z] batch=field-waveform-1789545927360-14 D4 MODE_SWITCH_OK state=MODE_SWITCH_OK attempts=1 streak=0
[2026-09-16T08:05:31.341Z] batch=field-waveform-1789545927360-14 D3 MODE_SWITCH_START state=MODE_SWITCHING attempts=1 streak=0 attempt=1
[2026-09-16T08:05:31.342Z] batch=field-waveform-1789545927360-14 D3 MODE_SWITCH_OK state=MODE_SWITCH_OK attempts=1 streak=0
[2026-09-16T08:05:31.387Z] batch=field-waveform-1789545927360-14 D5 MODE_SWITCH_START state=MODE_SWITCHING attempts=1 streak=0 attempt=1
[2026-09-16T08:05:31.388Z] batch=field-waveform-1789545927360-14 D5 MODE_SWITCH_OK state=MODE_SWITCH_OK attempts=1 streak=0
[2026-09-16T08:05:37.389Z] batch=field-waveform-1789545927360-14 D1 MODE_SWITCH_START state=MODE_SWITCHING attempts=1 streak=0 attempt=1
[2026-09-16T08:05:37.391Z] batch=field-waveform-1789545927360-14 D1 MODE_SWITCH_OK state=MODE_SWITCH_OK attempts=1 streak=0
[2026-09-16T08:05:37.393Z] batch=field-waveform-1789545927360-14 D2 MODE_SWITCH_START state=MODE_SWITCHING attempts=1 streak=0 attempt=1
[2026-09-16T08:05:37.395Z] batch=field-waveform-1789545927360-14 D2 MODE_SWITCH_OK state=MODE_SWITCH_OK attempts=1 streak=0
[2026-09-16T08:05:37.396Z] batch=field-waveform-1789545927360-14 D6 MODE_SWITCH_START state=MODE_SWITCHING attempts=1 streak=0 attempt=1
[2026-09-16T08:05:37.398Z] batch=field-waveform-1789545927360-14 D6 MODE_SWITCH_OK state=MODE_SWITCH_OK attempts=1 streak=0
[2026-09-16T08:05:41.244Z] batch=field-waveform-1789545927360-14 D4 MODE_SWITCH_START state=MODE_SWITCHING attempts=1 streak=0 attempt=1
[2026-09-16T08:05:41.246Z] batch=field-waveform-1789545927360-14 D4 MODE_SWITCH_OK state=MODE_SWITCH_OK attempts=1 streak=0
[2026-09-16T08:05:41.353Z] batch=field-waveform-1789545927360-14 D3 MODE_SWITCH_START state=MODE_SWITCHING attempts=1 streak=0 attempt=1
[2026-09-16T08:05:41.356Z] batch=field-waveform-1789545927360-14 D3 MODE_SWITCH_OK state=MODE_SWITCH_OK attempts=1 streak=0
[2026-09-16T08:05:41.398Z] batch=field-waveform-1789545927360-14 D5 MODE_SWITCH_START state=MODE_SWITCHING attempts=1 streak=0 attempt=1
[2026-09-16T08:05:41.401Z] batch=field-waveform-1789545927360-14 D5 MODE_SWITCH_OK state=MODE_SWITCH_OK attempts=1 streak=0
[2026-09-16T08:05:47.394Z] batch=field-waveform-1789545927360-14 D1 MODE_SWITCH_START state=MODE_SWITCHING attempts=1 streak=0 attempt=1
[2026-09-16T08:05:47.396Z] batch=field-waveform-1789545927360-14 D1 MODE_SWITCH_OK state=MODE_SWITCH_OK attempts=1 streak=0
[2026-09-16T08:05:47.402Z] batch=field-waveform-1789545927360-14 D2 MODE_SWITCH_START state=MODE_SWITCHING attempts=1 streak=0 attempt=1
[2026-09-16T08:05:47.403Z] batch=field-waveform-1789545927360-14 D2 MODE_SWITCH_OK state=MODE_SWITCH_OK attempts=1 streak=0
[2026-09-16T08:05:47.404Z] batch=field-waveform-1789545927360-14 D6 MODE_SWITCH_START state=MODE_SWITCHING attempts=1 streak=0 attempt=1
[2026-09-16T08:05:47.405Z] batch=field-waveform-1789545927360-14 D6 MODE_SWITCH_OK state=MODE_SWITCH_OK attempts=1 streak=0
[2026-09-16T08:05:51.251Z] batch=field-waveform-1789545927360-14 D4 MODE_SWITCH_START state=MODE_SWITCHING attempts=1 streak=0 attempt=1
[2026-09-16T08:05:51.253Z] batch=field-waveform-1789545927360-14 D4 MODE_SWITCH_OK state=MODE_SWITCH_OK attempts=1 streak=0
[2026-09-16T08:05:51.361Z] batch=field-waveform-1789545927360-14 D3 MODE_SWITCH_START state=MODE_SWITCHING attempts=1 streak=0 attempt=1
[2026-09-16T08:05:51.362Z] batch=field-waveform-1789545927360-14 D3 MODE_SWITCH_OK state=MODE_SWITCH_OK attempts=1 streak=0
[2026-09-16T08:05:51.405Z] batch=field-waveform-1789545927360-14 D5 MODE_SWITCH_START state=MODE_SWITCHING attempts=1 streak=0 attempt=1
[2026-09-16T08:05:51.407Z] batch=field-waveform-1789545927360-14 D5 MODE_SWITCH_OK state=MODE_SWITCH_OK attempts=1 streak=0
[2026-09-16T08:05:57.403Z] batch=field-waveform-1789545927360-14 D1 MODE_SWITCH_START state=MODE_SWITCHING attempts=1 streak=0 attempt=1
[2026-09-16T08:05:57.405Z] batch=field-waveform-1789545927360-14 D1 MODE_SWITCH_OK state=MODE_SWITCH_OK attempts=1 streak=0
[2026-09-16T08:05:57.406Z] batch=field-waveform-1789545927360-14 D2 MODE_SWITCH_START state=MODE_SWITCHING attempts=1 streak=0 attempt=1
[2026-09-16T08:05:57.407Z] batch=field-waveform-1789545927360-14 D2 MODE_SWITCH_OK state=MODE_SWITCH_OK attempts=1 streak=0
[2026-09-16T08:05:57.413Z] batch=field-waveform-1789545927360-14 D6 MODE_SWITCH_START state=MODE_SWITCHING attempts=1 streak=0 attempt=1
[2026-09-16T08:05:57.415Z] batch=field-waveform-1789545927360-14 D6 MODE_SWITCH_OK state=MODE_SWITCH_OK attempts=1 streak=0
[2026-09-16T08:06:01.262Z] batch=field-waveform-1789545927360-14 D4 MODE_SWITCH_START state=MODE_SWITCHING attempts=1 streak=0 attempt=1
[2026-09-16T08:06:01.264Z] batch=field-waveform-1789545927360-14 D4 MODE_SWITCH_OK state=MODE_SWITCH_OK attempts=1 streak=0
[2026-09-16T08:06:01.368Z] batch=field-waveform-1789545927360-14 D3 MODE_SWITCH_START state=MODE_SWITCHING attempts=1 streak=0 attempt=1
[2026-09-16T08:06:01.369Z] batch=field-waveform-1789545927360-14 D3 MODE_SWITCH_OK state=MODE_SWITCH_OK attempts=1 streak=0
[2026-09-16T08:06:01.413Z] batch=field-waveform-1789545927360-14 D5 MODE_SWITCH_START state=MODE_SWITCHING attempts=1 streak=0 attempt=1
[2026-09-16T08:06:01.414Z] batch=field-waveform-1789545927360-14 D5 MODE_SWITCH_OK state=MODE_SWITCH_OK attempts=1 streak=0
[2026-09-16T08:06:03.442Z] batch=field-waveform-1789545963441-15 D1 MODE_SWITCH_START state=MODE_SWITCHING attempts=1 streak=0 attempt=1
[2026-09-16T08:06:03.444Z] batch=field-waveform-1789545963441-15 D2 MODE_SWITCH_START state=MODE_SWITCHING attempts=1 streak=0 attempt=1
[2026-09-16T08:06:03.444Z] batch=field-waveform-1789545963441-15 D3 MODE_SWITCH_START state=MODE_SWITCHING attempts=1 streak=0 attempt=1
[2026-09-16T08:06:03.445Z] batch=field-waveform-1789545963441-15 D4 MODE_SWITCH_START state=MODE_SWITCHING attempts=1 streak=0 attempt=1
[2026-09-16T08:06:03.446Z] batch=field-waveform-1789545963441-15 D5 MODE_SWITCH_START state=MODE_SWITCHING attempts=1 streak=0 attempt=1
[2026-09-16T08:06:03.447Z] batch=field-waveform-1789545963441-15 D6 MODE_SWITCH_START state=MODE_SWITCHING attempts=1 streak=0 attempt=1
[2026-09-16T08:06:03.449Z] batch=field-waveform-1789545963441-15 D1 MODE_SWITCH_OK state=MODE_SWITCH_OK attempts=1 streak=0
[2026-09-16T08:06:03.449Z] batch=field-waveform-1789545963441-15 D2 MODE_SWITCH_OK state=MODE_SWITCH_OK attempts=1 streak=0
[2026-09-16T08:06:03.450Z] batch=field-waveform-1789545963441-15 D3 MODE_SWITCH_OK state=MODE_SWITCH_OK attempts=1 streak=0
[2026-09-16T08:06:03.452Z] batch=field-waveform-1789545963441-15 D4 MODE_SWITCH_OK state=MODE_SWITCH_OK attempts=1 streak=0
[2026-09-16T08:06:03.453Z] batch=field-waveform-1789545963441-15 D5 MODE_SWITCH_OK state=MODE_SWITCH_OK attempts=1 streak=0
[2026-09-16T08:06:03.453Z] batch=field-waveform-1789545963441-15 D6 MODE_SWITCH_OK state=MODE_SWITCH_OK attempts=1 streak=0
[2026-09-16T08:06:07.417Z] batch=field-waveform-1789545963441-15 D1 MODE_SWITCH_START state=MODE_SWITCHING attempts=1 streak=0 attempt=1
[2026-09-16T08:06:07.418Z] batch=field-waveform-1789545963441-15 D1 MODE_SWITCH_OK state=MODE_SWITCH_OK attempts=1 streak=0
[2026-09-16T08:06:07.418Z] batch=field-waveform-1789545963441-15 D2 MODE_SWITCH_START state=MODE_SWITCHING attempts=1 streak=0 attempt=1
[2026-09-16T08:06:07.419Z] batch=field-waveform-1789545963441-15 D2 MODE_SWITCH_OK state=MODE_SWITCH_OK attempts=1 streak=0
[2026-09-16T08:06:07.420Z] batch=field-waveform-1789545963441-15 D6 MODE_SWITCH_START state=MODE_SWITCHING attempts=1 streak=0 attempt=1
[2026-09-16T08:06:07.423Z] batch=field-waveform-1789545963441-15 D6 MODE_SWITCH_OK state=MODE_SWITCH_OK attempts=1 streak=0
[2026-09-16T08:06:11.266Z] batch=field-waveform-1789545963441-15 D4 MODE_SWITCH_START state=MODE_SWITCHING attempts=1 streak=0 attempt=1
[2026-09-16T08:06:11.270Z] batch=field-waveform-1789545963441-15 D4 MODE_SWITCH_OK state=MODE_SWITCH_OK attempts=1 streak=0
[2026-09-16T08:06:11.375Z] batch=field-waveform-1789545963441-15 D3 MODE_SWITCH_START state=MODE_SWITCHING attempts=1 streak=0 attempt=1
[2026-09-16T08:06:11.377Z] batch=field-waveform-1789545963441-15 D3 MODE_SWITCH_OK state=MODE_SWITCH_OK attempts=1 streak=0
[2026-09-16T08:06:11.415Z] batch=field-waveform-1789545963441-15 D5 MODE_SWITCH_START state=MODE_SWITCHING attempts=1 streak=0 attempt=1
[2026-09-16T08:06:11.417Z] batch=field-waveform-1789545963441-15 D5 MODE_SWITCH_OK state=MODE_SWITCH_OK attempts=1 streak=0
[2026-09-16T08:06:17.418Z] batch=field-waveform-1789545963441-15 D1 MODE_SWITCH_START state=MODE_SWITCHING attempts=1 streak=0 attempt=1
[2026-09-16T08:06:17.421Z] batch=field-waveform-1789545963441-15 D1 MODE_SWITCH_OK state=MODE_SWITCH_OK attempts=1 streak=0
[2026-09-16T08:06:17.422Z] batch=field-waveform-1789545963441-15 D2 MODE_SWITCH_START state=MODE_SWITCHING attempts=1 streak=0 attempt=1
[2026-09-16T08:06:17.423Z] batch=field-waveform-1789545963441-15 D2 MODE_SWITCH_OK state=MODE_SWITCH_OK attempts=1 streak=0
[2026-09-16T08:06:17.424Z] batch=field-waveform-1789545963441-15 D6 MODE_SWITCH_START state=MODE_SWITCHING attempts=1 streak=0 attempt=1
[2026-09-16T08:06:17.425Z] batch=field-waveform-1789545963441-15 D6 MODE_SWITCH_OK state=MODE_SWITCH_OK attempts=1 streak=0
[2026-09-16T08:06:21.276Z] batch=field-waveform-1789545963441-15 D4 MODE_SWITCH_START state=MODE_SWITCHING attempts=1 streak=0 attempt=1
[2026-09-16T08:06:21.278Z] batch=field-waveform-1789545963441-15 D4 MODE_SWITCH_OK state=MODE_SWITCH_OK attempts=1 streak=0
[2026-09-16T08:06:21.379Z] batch=field-waveform-1789545963441-15 D3 MODE_SWITCH_START state=MODE_SWITCHING attempts=1 streak=0 attempt=1
[2026-09-16T08:06:21.384Z] batch=field-waveform-1789545963441-15 D3 MODE_SWITCH_OK state=MODE_SWITCH_OK attempts=1 streak=0
[2026-09-16T08:06:21.428Z] batch=field-waveform-1789545963441-15 D5 MODE_SWITCH_START state=MODE_SWITCHING attempts=1 streak=0 attempt=1
[2026-09-16T08:06:21.430Z] batch=field-waveform-1789545963441-15 D5 MODE_SWITCH_OK state=MODE_SWITCH_OK attempts=1 streak=0
[2026-09-16T08:06:27.422Z] batch=field-waveform-1789545963441-15 D1 MODE_SWITCH_START state=MODE_SWITCHING attempts=1 streak=0 attempt=1
[2026-09-16T08:06:27.433Z] batch=field-waveform-1789545963441-15 D1 MODE_SWITCH_OK state=MODE_SWITCH_OK attempts=1 streak=0
[2026-09-16T08:06:27.434Z] batch=field-waveform-1789545963441-15 D2 MODE_SWITCH_START state=MODE_SWITCHING attempts=1 streak=0 attempt=1
[2026-09-16T08:06:27.437Z] batch=field-waveform-1789545963441-15 D2 MODE_SWITCH_OK state=MODE_SWITCH_OK attempts=1 streak=0
[2026-09-16T08:06:27.439Z] batch=field-waveform-1789545963441-15 D6 MODE_SWITCH_START state=MODE_SWITCHING attempts=1 streak=0 attempt=1
[2026-09-16T08:06:27.441Z] batch=field-waveform-1789545963441-15 D6 MODE_SWITCH_OK state=MODE_SWITCH_OK attempts=1 streak=0
[2026-09-16T08:06:31.282Z] batch=field-waveform-1789545963441-15 D4 MODE_SWITCH_START state=MODE_SWITCHING attempts=1 streak=0 attempt=1
[2026-09-16T08:06:31.284Z] batch=field-waveform-1789545963441-15 D4 MODE_SWITCH_OK state=MODE_SWITCH_OK attempts=1 streak=0
[2026-09-16T08:06:31.388Z] batch=field-waveform-1789545963441-15 D3 MODE_SWITCH_START state=MODE_SWITCHING attempts=1 streak=0 attempt=1
[2026-09-16T08:06:31.390Z] batch=field-waveform-1789545963441-15 D3 MODE_SWITCH_OK state=MODE_SWITCH_OK attempts=1 streak=0
[2026-09-16T08:06:31.432Z] batch=field-waveform-1789545963441-15 D5 MODE_SWITCH_START state=MODE_SWITCHING attempts=1 streak=0 attempt=1
[2026-09-16T08:06:31.434Z] batch=field-waveform-1789545963441-15 D5 MODE_SWITCH_OK state=MODE_SWITCH_OK attempts=1 streak=0
[2026-09-16T08:06:32.486Z] batch=field-waveform-1789545963441-15 D2 FIRST_FRAME state=FIRST_FRAME_RECEIVED attempts=1 streak=1
[2026-09-16T08:06:32.486Z] batch=field-waveform-1789545963441-15 D2 FIRST_VALID_SAMPLE state=FIRST_FRAME_RECEIVED attempts=1 streak=1
[2026-09-16T08:06:32.492Z] batch=field-waveform-1789545963441-15 D6 FIRST_FRAME state=FIRST_FRAME_RECEIVED attempts=1 streak=1
[2026-09-16T08:06:32.492Z] batch=field-waveform-1789545963441-15 D6 FIRST_VALID_SAMPLE state=FIRST_FRAME_RECEIVED attempts=1 streak=1
[2026-09-16T08:06:32.521Z] batch=field-waveform-1789545963441-15 D1 FIRST_FRAME state=FIRST_FRAME_RECEIVED attempts=1 streak=1
[2026-09-16T08:06:32.521Z] batch=field-waveform-1789545963441-15 D1 FIRST_VALID_SAMPLE state=FIRST_FRAME_RECEIVED attempts=1 streak=1
[2026-09-16T08:06:32.730Z] batch=field-waveform-1789545963441-15 D2 CHANNEL_SYNC_OK state=TEST_READY attempts=1 streak=5
[2026-09-16T08:06:32.730Z] batch=field-waveform-1789545963441-15 D2 TEST_READY state=TEST_READY attempts=1 streak=5
[2026-09-16T08:06:32.764Z] batch=field-waveform-1789545963441-15 D6 CHANNEL_SYNC_OK state=TEST_READY attempts=1 streak=5
[2026-09-16T08:06:32.765Z] batch=field-waveform-1789545963441-15 D6 TEST_READY state=TEST_READY attempts=1 streak=5
[2026-09-16T08:06:32.776Z] batch=field-waveform-1789545963441-15 D1 CHANNEL_SYNC_OK state=TEST_READY attempts=1 streak=5
[2026-09-16T08:06:32.776Z] batch=field-waveform-1789545963441-15 D1 TEST_READY state=TEST_READY attempts=1 streak=5
[2026-09-16T08:06:41.289Z] batch=field-waveform-1789545963441-15 D4 MODE_SWITCH_START state=MODE_SWITCHING attempts=1 streak=0 attempt=1
[2026-09-16T08:06:41.294Z] batch=field-waveform-1789545963441-15 D4 MODE_SWITCH_OK state=MODE_SWITCH_OK attempts=1 streak=0
[2026-09-16T08:06:41.404Z] batch=field-waveform-1789545963441-15 D3 MODE_SWITCH_START state=MODE_SWITCHING attempts=1 streak=0 attempt=1
[2026-09-16T08:06:41.405Z] batch=field-waveform-1789545963441-15 D3 MODE_SWITCH_OK state=MODE_SWITCH_OK attempts=1 streak=0
[2026-09-16T08:06:41.435Z] batch=field-waveform-1789545963441-15 D5 MODE_SWITCH_START state=MODE_SWITCHING attempts=1 streak=0 attempt=1
[2026-09-16T08:06:41.436Z] batch=field-waveform-1789545963441-15 D5 MODE_SWITCH_OK state=MODE_SWITCH_OK attempts=1 streak=0
[2026-09-16T08:06:44.396Z] batch=field-waveform-1789545963441-15 D2 MODE_SWITCH_START state=MODE_SWITCHING attempts=1 streak=0 attempt=1
[2026-09-16T08:06:44.403Z] batch=field-waveform-1789545963441-15 D2 MODE_SWITCH_OK state=MODE_SWITCH_OK attempts=1 streak=0
[2026-09-16T08:06:44.405Z] batch=field-waveform-1789545963441-15 D6 MODE_SWITCH_START state=MODE_SWITCHING attempts=1 streak=0 attempt=1
[2026-09-16T08:06:44.409Z] batch=field-waveform-1789545963441-15 D6 MODE_SWITCH_OK state=MODE_SWITCH_OK attempts=1 streak=0
[2026-09-16T08:06:44.619Z] batch=field-waveform-1789545963441-15 D6 FIRST_FRAME state=FIRST_FRAME_RECEIVED attempts=1 streak=1
[2026-09-16T08:06:44.619Z] batch=field-waveform-1789545963441-15 D6 FIRST_VALID_SAMPLE state=FIRST_FRAME_RECEIVED attempts=1 streak=1
[2026-09-16T08:06:44.888Z] batch=field-waveform-1789545963441-15 D6 CHANNEL_SYNC_OK state=TEST_READY attempts=1 streak=5
[2026-09-16T08:06:44.889Z] batch=field-waveform-1789545963441-15 D6 TEST_READY state=TEST_READY attempts=1 streak=5
[2026-09-16T08:06:46.322Z] batch=field-waveform-1789545963441-15 D4 FIRST_FRAME state=FIRST_FRAME_RECEIVED attempts=1 streak=1
[2026-09-16T08:06:46.322Z] batch=field-waveform-1789545963441-15 D4 FIRST_VALID_SAMPLE state=FIRST_FRAME_RECEIVED attempts=1 streak=1
[2026-09-16T08:06:46.483Z] batch=field-waveform-1789545963441-15 D5 FIRST_FRAME state=FIRST_FRAME_RECEIVED attempts=1 streak=1
[2026-09-16T08:06:46.483Z] batch=field-waveform-1789545963441-15 D5 FIRST_VALID_SAMPLE state=FIRST_FRAME_RECEIVED attempts=1 streak=1
[2026-09-16T08:06:46.511Z] batch=field-waveform-1789545963441-15 D3 FIRST_FRAME state=FIRST_FRAME_RECEIVED attempts=1 streak=1
[2026-09-16T08:06:46.512Z] batch=field-waveform-1789545963441-15 D3 FIRST_VALID_SAMPLE state=FIRST_FRAME_RECEIVED attempts=1 streak=1
[2026-09-16T08:06:46.573Z] batch=field-waveform-1789545963441-15 D4 CHANNEL_SYNC_OK state=TEST_READY attempts=1 streak=5
[2026-09-16T08:06:46.573Z] batch=field-waveform-1789545963441-15 D4 TEST_READY state=TEST_READY attempts=1 streak=5
[2026-09-16T08:06:46.719Z] batch=field-waveform-1789545963441-15 D5 CHANNEL_SYNC_OK state=TEST_READY attempts=1 streak=5
[2026-09-16T08:06:46.720Z] batch=field-waveform-1789545963441-15 D5 TEST_READY state=TEST_READY attempts=1 streak=5
[2026-09-16T08:06:46.741Z] batch=field-waveform-1789545963441-15 D3 CHANNEL_SYNC_OK state=TEST_READY attempts=1 streak=5
[2026-09-16T08:06:46.742Z] batch=field-waveform-1789545963441-15 D3 TEST_READY state=TEST_READY attempts=1 streak=5
[2026-09-16T08:06:49.486Z] batch=field-waveform-1789545963441-15 D2 FIRST_FRAME state=FIRST_FRAME_RECEIVED attempts=1 streak=1
[2026-09-16T08:06:49.487Z] batch=field-waveform-1789545963441-15 D2 FIRST_VALID_SAMPLE state=FIRST_FRAME_RECEIVED attempts=1 streak=1
[2026-09-16T08:06:49.738Z] batch=field-waveform-1789545963441-15 D2 CHANNEL_SYNC_OK state=TEST_READY attempts=1 streak=5
[2026-09-16T08:06:49.738Z] batch=field-waveform-1789545963441-15 D2 TEST_READY state=TEST_READY attempts=1 streak=5
[2026-09-16T08:07:40.994Z] batch=field-waveform-1789545963441-15 D3 MODE_SWITCH_START state=MODE_SWITCHING attempts=1 streak=0 attempt=1
[2026-09-16T08:07:40.997Z] batch=field-waveform-1789545963441-15 D3 MODE_SWITCH_OK state=MODE_SWITCH_OK attempts=1 streak=0
[2026-09-16T08:07:41.007Z] batch=field-waveform-1789545963441-15 D2 MODE_SWITCH_START state=MODE_SWITCHING attempts=1 streak=0 attempt=1
[2026-09-16T08:07:41.010Z] batch=field-waveform-1789545963441-15 D2 MODE_SWITCH_OK state=MODE_SWITCH_OK attempts=1 streak=0
[2026-09-16T08:07:41.013Z] batch=field-waveform-1789545963441-15 D4 MODE_SWITCH_START state=MODE_SWITCHING attempts=1 streak=0 attempt=1
[2026-09-16T08:07:41.014Z] batch=field-waveform-1789545963441-15 D4 MODE_SWITCH_OK state=MODE_SWITCH_OK attempts=1 streak=0
[2026-09-16T08:07:41.017Z] batch=field-waveform-1789545963441-15 D5 MODE_SWITCH_START state=MODE_SWITCHING attempts=1 streak=0 attempt=1
[2026-09-16T08:07:41.018Z] batch=field-waveform-1789545963441-15 D5 MODE_SWITCH_OK state=MODE_SWITCH_OK attempts=1 streak=0
[2026-09-16T08:07:41.021Z] batch=field-waveform-1789545963441-15 D6 MODE_SWITCH_START state=MODE_SWITCHING attempts=1 streak=0 attempt=1
[2026-09-16T08:07:41.023Z] batch=field-waveform-1789545963441-15 D6 MODE_SWITCH_OK state=MODE_SWITCH_OK attempts=1 streak=0
[2026-09-16T08:07:41.027Z] batch=field-waveform-1789545963441-15 D1 MODE_SWITCH_START state=MODE_SWITCHING attempts=1 streak=0 attempt=1
[2026-09-16T08:07:41.028Z] batch=field-waveform-1789545963441-15 D1 MODE_SWITCH_OK state=MODE_SWITCH_OK attempts=1 streak=0
[2026-09-16T08:07:51.016Z] batch=field-waveform-1789545963441-15 D3 MODE_SWITCH_START state=MODE_SWITCHING attempts=1 streak=0 attempt=1
[2026-09-16T08:07:51.018Z] batch=field-waveform-1789545963441-15 D3 MODE_SWITCH_OK state=MODE_SWITCH_OK attempts=1 streak=0
[2026-09-16T08:07:51.253Z] batch=field-waveform-1789545963441-15 D2 MODE_SWITCH_START state=MODE_SWITCHING attempts=1 streak=0 attempt=1
[2026-09-16T08:07:51.255Z] batch=field-waveform-1789545963441-15 D2 MODE_SWITCH_OK state=MODE_SWITCH_OK attempts=1 streak=0
[2026-09-16T08:07:51.258Z] batch=field-waveform-1789545963441-15 D4 MODE_SWITCH_START state=MODE_SWITCHING attempts=1 streak=0 attempt=1
[2026-09-16T08:07:51.259Z] batch=field-waveform-1789545963441-15 D4 MODE_SWITCH_OK state=MODE_SWITCH_OK attempts=1 streak=0
[2026-09-16T08:07:51.261Z] batch=field-waveform-1789545963441-15 D5 MODE_SWITCH_START state=MODE_SWITCHING attempts=1 streak=0 attempt=1
[2026-09-16T08:07:51.263Z] batch=field-waveform-1789545963441-15 D5 MODE_SWITCH_OK state=MODE_SWITCH_OK attempts=1 streak=0
[2026-09-16T08:07:51.267Z] batch=field-waveform-1789545963441-15 D6 MODE_SWITCH_START state=MODE_SWITCHING attempts=1 streak=0 attempt=1
[2026-09-16T08:07:51.269Z] batch=field-waveform-1789545963441-15 D6 MODE_SWITCH_OK state=MODE_SWITCH_OK attempts=1 streak=0
[2026-09-16T08:07:51.271Z] batch=field-waveform-1789545963441-15 D1 MODE_SWITCH_START state=MODE_SWITCHING attempts=1 streak=0 attempt=1
[2026-09-16T08:07:51.272Z] batch=field-waveform-1789545963441-15 D1 MODE_SWITCH_OK state=MODE_SWITCH_OK attempts=1 streak=0
[2026-09-16T08:07:56.426Z] batch=field-waveform-1789545963441-15 D2 FIRST_FRAME state=FIRST_FRAME_RECEIVED attempts=1 streak=1
[2026-09-16T08:07:56.426Z] batch=field-waveform-1789545963441-15 D2 FIRST_VALID_SAMPLE state=FIRST_FRAME_RECEIVED attempts=1 streak=1
[2026-09-16T08:07:56.431Z] batch=field-waveform-1789545963441-15 D5 FIRST_FRAME state=FIRST_FRAME_RECEIVED attempts=1 streak=1
[2026-09-16T08:07:56.432Z] batch=field-waveform-1789545963441-15 D5 FIRST_VALID_SAMPLE state=FIRST_FRAME_RECEIVED attempts=1 streak=1
[2026-09-16T08:07:56.435Z] batch=field-waveform-1789545963441-15 D1 FIRST_FRAME state=FIRST_FRAME_RECEIVED attempts=1 streak=1
[2026-09-16T08:07:56.435Z] batch=field-waveform-1789545963441-15 D1 FIRST_VALID_SAMPLE state=FIRST_FRAME_RECEIVED attempts=1 streak=1
[2026-09-16T08:07:56.436Z] batch=field-waveform-1789545963441-15 D4 FIRST_FRAME state=FIRST_FRAME_RECEIVED attempts=1 streak=1
[2026-09-16T08:07:56.437Z] batch=field-waveform-1789545963441-15 D4 FIRST_VALID_SAMPLE state=FIRST_FRAME_RECEIVED attempts=1 streak=1
[2026-09-16T08:07:56.616Z] batch=field-waveform-1789545963441-15 D1 CHANNEL_SYNC_OK state=TEST_READY attempts=1 streak=5
[2026-09-16T08:07:56.617Z] batch=field-waveform-1789545963441-15 D1 TEST_READY state=TEST_READY attempts=1 streak=5
[2026-09-16T08:07:56.618Z] batch=field-waveform-1789545963441-15 D4 CHANNEL_SYNC_OK state=TEST_READY attempts=1 streak=5
[2026-09-16T08:07:56.618Z] batch=field-waveform-1789545963441-15 D4 TEST_READY state=TEST_READY attempts=1 streak=5
[2026-09-16T08:07:56.638Z] batch=field-waveform-1789545963441-15 D2 CHANNEL_SYNC_OK state=TEST_READY attempts=1 streak=5
[2026-09-16T08:07:56.638Z] batch=field-waveform-1789545963441-15 D2 TEST_READY state=TEST_READY attempts=1 streak=5
[2026-09-16T08:07:56.640Z] batch=field-waveform-1789545963441-15 D5 CHANNEL_SYNC_OK state=TEST_READY attempts=1 streak=5
[2026-09-16T08:07:56.640Z] batch=field-waveform-1789545963441-15 D5 TEST_READY state=TEST_READY attempts=1 streak=5
[2026-09-16T08:08:01.121Z] batch=field-waveform-1789545963441-15 D3 MODE_SWITCH_START state=MODE_SWITCHING attempts=1 streak=0 attempt=1
[2026-09-16T08:08:01.123Z] batch=field-waveform-1789545963441-15 D3 MODE_SWITCH_OK state=MODE_SWITCH_OK attempts=1 streak=0
[2026-09-16T08:08:01.393Z] batch=field-waveform-1789545963441-15 D6 MODE_SWITCH_START state=MODE_SWITCHING attempts=1 streak=0 attempt=1
[2026-09-16T08:08:01.394Z] batch=field-waveform-1789545963441-15 D6 MODE_SWITCH_OK state=MODE_SWITCH_OK attempts=1 streak=0
[2026-09-16T08:08:11.378Z] batch=field-waveform-1789545963441-15 D3 MODE_SWITCH_START state=MODE_SWITCHING attempts=1 streak=0 attempt=1
[2026-09-16T08:08:11.379Z] batch=field-waveform-1789545963441-15 D3 MODE_SWITCH_OK state=MODE_SWITCH_OK attempts=1 streak=0
[2026-09-16T08:08:11.407Z] batch=field-waveform-1789545963441-15 D6 MODE_SWITCH_START state=MODE_SWITCHING attempts=1 streak=0 attempt=1
[2026-09-16T08:08:11.408Z] batch=field-waveform-1789545963441-15 D6 MODE_SWITCH_OK state=MODE_SWITCH_OK attempts=1 streak=0
[2026-09-16T08:08:16.703Z] batch=field-waveform-1789545963441-15 D3 FIRST_FRAME state=FIRST_FRAME_RECEIVED attempts=1 streak=1
[2026-09-16T08:08:16.704Z] batch=field-waveform-1789545963441-15 D3 FIRST_VALID_SAMPLE state=FIRST_FRAME_RECEIVED attempts=1 streak=1
[2026-09-16T08:08:16.705Z] batch=field-waveform-1789545963441-15 D3 CHANNEL_SYNC_OK state=TEST_READY attempts=1 streak=5
[2026-09-16T08:08:16.705Z] batch=field-waveform-1789545963441-15 D3 TEST_READY state=TEST_READY attempts=1 streak=5
[2026-09-16T08:08:21.457Z] batch=field-waveform-1789545963441-15 D6 MODE_SWITCH_START state=MODE_SWITCHING attempts=1 streak=0 attempt=1
[2026-09-16T08:08:21.458Z] batch=field-waveform-1789545963441-15 D6 MODE_SWITCH_OK state=MODE_SWITCH_OK attempts=1 streak=0
[2026-09-16T08:08:31.707Z] batch=field-waveform-1789545963441-15 D6 MODE_SWITCH_START state=MODE_SWITCHING attempts=1 streak=0 attempt=1
[2026-09-16T08:08:31.710Z] batch=field-waveform-1789545963441-15 D6 MODE_SWITCH_OK state=MODE_SWITCH_OK attempts=1 streak=0
[2026-09-16T08:08:41.588Z] batch=field-waveform-1789545963441-15 D3 MODE_SWITCH_START state=MODE_SWITCHING attempts=1 streak=0 attempt=1
[2026-09-16T08:08:41.590Z] batch=field-waveform-1789545963441-15 D3 MODE_SWITCH_OK state=MODE_SWITCH_OK attempts=1 streak=0
[2026-09-16T08:08:41.600Z] batch=field-waveform-1789545963441-15 D4 MODE_SWITCH_START state=MODE_SWITCHING attempts=1 streak=0 attempt=1
[2026-09-16T08:08:41.601Z] batch=field-waveform-1789545963441-15 D4 MODE_SWITCH_OK state=MODE_SWITCH_OK attempts=1 streak=0
[2026-09-16T08:08:41.605Z] batch=field-waveform-1789545963441-15 D2 MODE_SWITCH_START state=MODE_SWITCHING attempts=1 streak=0 attempt=1
[2026-09-16T08:08:41.606Z] batch=field-waveform-1789545963441-15 D2 MODE_SWITCH_OK state=MODE_SWITCH_OK attempts=1 streak=0
[2026-09-16T08:08:41.610Z] batch=field-waveform-1789545963441-15 D5 MODE_SWITCH_START state=MODE_SWITCHING attempts=1 streak=0 attempt=1
[2026-09-16T08:08:41.611Z] batch=field-waveform-1789545963441-15 D5 MODE_SWITCH_OK state=MODE_SWITCH_OK attempts=1 streak=0
[2026-09-16T08:08:41.618Z] batch=field-waveform-1789545963441-15 D1 MODE_SWITCH_START state=MODE_SWITCHING attempts=1 streak=0 attempt=1
[2026-09-16T08:08:41.619Z] batch=field-waveform-1789545963441-15 D1 MODE_SWITCH_OK state=MODE_SWITCH_OK attempts=1 streak=0
[2026-09-16T08:08:41.953Z] batch=field-waveform-1789545963441-15 D6 MODE_SWITCH_START state=MODE_SWITCHING attempts=1 streak=0 attempt=1
[2026-09-16T08:08:41.954Z] batch=field-waveform-1789545963441-15 D6 MODE_SWITCH_OK state=MODE_SWITCH_OK attempts=1 streak=0
[2026-09-16T08:08:51.861Z] batch=field-waveform-1789545963441-15 D3 MODE_SWITCH_START state=MODE_SWITCHING attempts=1 streak=0 attempt=1
[2026-09-16T08:08:51.874Z] batch=field-waveform-1789545963441-15 D3 MODE_SWITCH_OK state=MODE_SWITCH_OK attempts=1 streak=0
[2026-09-16T08:08:51.885Z] batch=field-waveform-1789545963441-15 D4 MODE_SWITCH_START state=MODE_SWITCHING attempts=1 streak=0 attempt=1
[2026-09-16T08:08:51.887Z] batch=field-waveform-1789545963441-15 D4 MODE_SWITCH_OK state=MODE_SWITCH_OK attempts=1 streak=0
[2026-09-16T08:08:51.893Z] batch=field-waveform-1789545963441-15 D2 MODE_SWITCH_START state=MODE_SWITCHING attempts=1 streak=0 attempt=1
[2026-09-16T08:08:51.894Z] batch=field-waveform-1789545963441-15 D2 MODE_SWITCH_OK state=MODE_SWITCH_OK attempts=1 streak=0
[2026-09-16T08:08:51.898Z] batch=field-waveform-1789545963441-15 D5 MODE_SWITCH_START state=MODE_SWITCHING attempts=1 streak=0 attempt=1
[2026-09-16T08:08:51.899Z] batch=field-waveform-1789545963441-15 D5 MODE_SWITCH_OK state=MODE_SWITCH_OK attempts=1 streak=0
[2026-09-16T08:08:51.903Z] batch=field-waveform-1789545963441-15 D1 MODE_SWITCH_START state=MODE_SWITCHING attempts=1 streak=0 attempt=1
[2026-09-16T08:08:51.903Z] batch=field-waveform-1789545963441-15 D1 MODE_SWITCH_OK state=MODE_SWITCH_OK attempts=1 streak=0
[2026-09-16T08:08:52.201Z] batch=field-waveform-1789545963441-15 D6 MODE_SWITCH_START state=MODE_SWITCHING attempts=1 streak=0 attempt=1
[2026-09-16T08:08:52.202Z] batch=field-waveform-1789545963441-15 D6 MODE_SWITCH_OK state=MODE_SWITCH_OK attempts=1 streak=0
[2026-09-16T08:09:02.136Z] batch=field-waveform-1789545963441-15 D3 MODE_SWITCH_START state=MODE_SWITCHING attempts=1 streak=0 attempt=1
[2026-09-16T08:09:02.137Z] batch=field-waveform-1789545963441-15 D3 MODE_SWITCH_OK state=MODE_SWITCH_OK attempts=1 streak=0
[2026-09-16T08:09:02.142Z] batch=field-waveform-1789545963441-15 D4 MODE_SWITCH_START state=MODE_SWITCHING attempts=1 streak=0 attempt=1
[2026-09-16T08:09:02.143Z] batch=field-waveform-1789545963441-15 D4 MODE_SWITCH_OK state=MODE_SWITCH_OK attempts=1 streak=0
[2026-09-16T08:09:02.149Z] batch=field-waveform-1789545963441-15 D2 MODE_SWITCH_START state=MODE_SWITCHING attempts=1 streak=0 attempt=1
[2026-09-16T08:09:02.152Z] batch=field-waveform-1789545963441-15 D2 MODE_SWITCH_OK state=MODE_SWITCH_OK attempts=1 streak=0
[2026-09-16T08:09:02.157Z] batch=field-waveform-1789545963441-15 D5 MODE_SWITCH_START state=MODE_SWITCHING attempts=1 streak=0 attempt=1
[2026-09-16T08:09:02.158Z] batch=field-waveform-1789545963441-15 D5 MODE_SWITCH_OK state=MODE_SWITCH_OK attempts=1 streak=0
[2026-09-16T08:09:02.162Z] batch=field-waveform-1789545963441-15 D1 MODE_SWITCH_START state=MODE_SWITCHING attempts=1 streak=0 attempt=1
[2026-09-16T08:09:02.165Z] batch=field-waveform-1789545963441-15 D1 MODE_SWITCH_OK state=MODE_SWITCH_OK attempts=1 streak=0
[2026-09-16T08:09:02.460Z] batch=field-waveform-1789545963441-15 D6 MODE_SWITCH_START state=MODE_SWITCHING attempts=1 streak=0 attempt=1
[2026-09-16T08:09:02.461Z] batch=field-waveform-1789545963441-15 D6 MODE_SWITCH_OK state=MODE_SWITCH_OK attempts=1 streak=0
[2026-09-16T08:09:12.209Z] batch=field-waveform-1789545963441-15 D3 MODE_SWITCH_START state=MODE_SWITCHING attempts=1 streak=0 attempt=1
[2026-09-16T08:09:12.210Z] batch=field-waveform-1789545963441-15 D3 MODE_SWITCH_OK state=MODE_SWITCH_OK attempts=1 streak=0
[2026-09-16T08:09:12.214Z] batch=field-waveform-1789545963441-15 D4 MODE_SWITCH_START state=MODE_SWITCHING attempts=1 streak=0 attempt=1
[2026-09-16T08:09:12.215Z] batch=field-waveform-1789545963441-15 D4 MODE_SWITCH_OK state=MODE_SWITCH_OK attempts=1 streak=0
[2026-09-16T08:09:12.219Z] batch=field-waveform-1789545963441-15 D2 MODE_SWITCH_START state=MODE_SWITCHING attempts=1 streak=0 attempt=1
[2026-09-16T08:09:12.221Z] batch=field-waveform-1789545963441-15 D2 MODE_SWITCH_OK state=MODE_SWITCH_OK attempts=1 streak=0
[2026-09-16T08:09:12.227Z] batch=field-waveform-1789545963441-15 D5 MODE_SWITCH_START state=MODE_SWITCHING attempts=1 streak=0 attempt=1
[2026-09-16T08:09:12.228Z] batch=field-waveform-1789545963441-15 D5 MODE_SWITCH_OK state=MODE_SWITCH_OK attempts=1 streak=0
[2026-09-16T08:09:12.234Z] batch=field-waveform-1789545963441-15 D1 MODE_SWITCH_START state=MODE_SWITCHING attempts=1 streak=0 attempt=1
[2026-09-16T08:09:12.236Z] batch=field-waveform-1789545963441-15 D1 MODE_SWITCH_OK state=MODE_SWITCH_OK attempts=1 streak=0
[2026-09-16T08:09:12.652Z] batch=field-waveform-1789545963441-15 D6 MODE_SWITCH_START state=MODE_SWITCHING attempts=1 streak=0 attempt=1
[2026-09-16T08:09:12.653Z] batch=field-waveform-1789545963441-15 D6 MODE_SWITCH_OK state=MODE_SWITCH_OK attempts=1 streak=0
[2026-09-16T08:09:22.272Z] batch=field-waveform-1789545963441-15 D3 MODE_SWITCH_START state=MODE_SWITCHING attempts=1 streak=0 attempt=1
[2026-09-16T08:09:22.274Z] batch=field-waveform-1789545963441-15 D3 MODE_SWITCH_OK state=MODE_SWITCH_OK attempts=1 streak=0
[2026-09-16T08:09:22.278Z] batch=field-waveform-1789545963441-15 D4 MODE_SWITCH_START state=MODE_SWITCHING attempts=1 streak=0 attempt=1
[2026-09-16T08:09:22.280Z] batch=field-waveform-1789545963441-15 D4 MODE_SWITCH_OK state=MODE_SWITCH_OK attempts=1 streak=0
[2026-09-16T08:09:22.284Z] batch=field-waveform-1789545963441-15 D2 MODE_SWITCH_START state=MODE_SWITCHING attempts=1 streak=0 attempt=1
[2026-09-16T08:09:22.285Z] batch=field-waveform-1789545963441-15 D2 MODE_SWITCH_OK state=MODE_SWITCH_OK attempts=1 streak=0
[2026-09-16T08:09:22.289Z] batch=field-waveform-1789545963441-15 D5 MODE_SWITCH_START state=MODE_SWITCHING attempts=1 streak=0 attempt=1
[2026-09-16T08:09:22.290Z] batch=field-waveform-1789545963441-15 D5 MODE_SWITCH_OK state=MODE_SWITCH_OK attempts=1 streak=0
[2026-09-16T08:09:22.294Z] batch=field-waveform-1789545963441-15 D1 MODE_SWITCH_START state=MODE_SWITCHING attempts=1 streak=0 attempt=1
[2026-09-16T08:09:22.296Z] batch=field-waveform-1789545963441-15 D1 MODE_SWITCH_OK state=MODE_SWITCH_OK attempts=1 streak=0
[2026-09-16T08:09:22.734Z] batch=field-waveform-1789545963441-15 D6 MODE_SWITCH_START state=MODE_SWITCHING attempts=1 streak=0 attempt=1
[2026-09-16T08:09:22.736Z] batch=field-waveform-1789545963441-15 D6 MODE_SWITCH_OK state=MODE_SWITCH_OK attempts=1 streak=0
[2026-09-16T08:09:32.291Z] batch=field-waveform-1789545963441-15 D3 MODE_SWITCH_START state=MODE_SWITCHING attempts=1 streak=0 attempt=1
[2026-09-16T08:09:32.293Z] batch=field-waveform-1789545963441-15 D3 MODE_SWITCH_OK state=MODE_SWITCH_OK attempts=1 streak=0
[2026-09-16T08:09:32.297Z] batch=field-waveform-1789545963441-15 D4 MODE_SWITCH_START state=MODE_SWITCHING attempts=1 streak=0 attempt=1
[2026-09-16T08:09:32.298Z] batch=field-waveform-1789545963441-15 D4 MODE_SWITCH_OK state=MODE_SWITCH_OK attempts=1 streak=0
[2026-09-16T08:09:32.605Z] batch=field-waveform-1789545963441-15 D2 MODE_SWITCH_START state=MODE_SWITCHING attempts=1 streak=0 attempt=1
[2026-09-16T08:09:32.606Z] batch=field-waveform-1789545963441-15 D2 MODE_SWITCH_OK state=MODE_SWITCH_OK attempts=1 streak=0
[2026-09-16T08:09:32.609Z] batch=field-waveform-1789545963441-15 D5 MODE_SWITCH_START state=MODE_SWITCHING attempts=1 streak=0 attempt=1
[2026-09-16T08:09:32.610Z] batch=field-waveform-1789545963441-15 D5 MODE_SWITCH_OK state=MODE_SWITCH_OK attempts=1 streak=0
[2026-09-16T08:09:32.614Z] batch=field-waveform-1789545963441-15 D1 MODE_SWITCH_START state=MODE_SWITCHING attempts=1 streak=0 attempt=1
[2026-09-16T08:09:32.615Z] batch=field-waveform-1789545963441-15 D1 MODE_SWITCH_OK state=MODE_SWITCH_OK attempts=1 streak=0
[2026-09-16T08:09:32.922Z] batch=field-waveform-1789545963441-15 D6 MODE_SWITCH_START state=MODE_SWITCHING attempts=1 streak=0 attempt=1
[2026-09-16T08:09:32.927Z] batch=field-waveform-1789545963441-15 D6 MODE_SWITCH_OK state=MODE_SWITCH_OK attempts=1 streak=0
[2026-09-16T08:09:42.504Z] batch=field-waveform-1789545963441-15 D3 MODE_SWITCH_START state=MODE_SWITCHING attempts=1 streak=0 attempt=1
[2026-09-16T08:09:42.506Z] batch=field-waveform-1789545963441-15 D3 MODE_SWITCH_OK state=MODE_SWITCH_OK attempts=1 streak=0
[2026-09-16T08:09:42.511Z] batch=field-waveform-1789545963441-15 D4 MODE_SWITCH_START state=MODE_SWITCHING attempts=1 streak=0 attempt=1
[2026-09-16T08:09:42.512Z] batch=field-waveform-1789545963441-15 D4 MODE_SWITCH_OK state=MODE_SWITCH_OK attempts=1 streak=0
[2026-09-16T08:09:42.648Z] batch=field-waveform-1789545963441-15 D2 MODE_SWITCH_START state=MODE_SWITCHING attempts=1 streak=0 attempt=1
[2026-09-16T08:09:42.649Z] batch=field-waveform-1789545963441-15 D2 MODE_SWITCH_OK state=MODE_SWITCH_OK attempts=1 streak=0
[2026-09-16T08:09:42.657Z] batch=field-waveform-1789545963441-15 D5 MODE_SWITCH_START state=MODE_SWITCHING attempts=1 streak=0 attempt=1
[2026-09-16T08:09:42.658Z] batch=field-waveform-1789545963441-15 D5 MODE_SWITCH_OK state=MODE_SWITCH_OK attempts=1 streak=0
[2026-09-16T08:09:42.664Z] batch=field-waveform-1789545963441-15 D1 MODE_SWITCH_START state=MODE_SWITCHING attempts=1 streak=0 attempt=1
[2026-09-16T08:09:42.665Z] batch=field-waveform-1789545963441-15 D1 MODE_SWITCH_OK state=MODE_SWITCH_OK attempts=1 streak=0
[2026-09-16T08:09:43.195Z] batch=field-waveform-1789545963441-15 D6 MODE_SWITCH_START state=MODE_SWITCHING attempts=1 streak=0 attempt=1
[2026-09-16T08:09:43.197Z] batch=field-waveform-1789545963441-15 D6 MODE_SWITCH_OK state=MODE_SWITCH_OK attempts=1 streak=0
[2026-09-16T08:09:52.723Z] batch=field-waveform-1789545963441-15 D3 MODE_SWITCH_START state=MODE_SWITCHING attempts=1 streak=0 attempt=1
[2026-09-16T08:09:52.725Z] batch=field-waveform-1789545963441-15 D3 MODE_SWITCH_OK state=MODE_SWITCH_OK attempts=1 streak=0
[2026-09-16T08:09:52.729Z] batch=field-waveform-1789545963441-15 D4 MODE_SWITCH_START state=MODE_SWITCHING attempts=1 streak=0 attempt=1
[2026-09-16T08:09:52.730Z] batch=field-waveform-1789545963441-15 D4 MODE_SWITCH_OK state=MODE_SWITCH_OK attempts=1 streak=0
[2026-09-16T08:09:52.737Z] batch=field-waveform-1789545963441-15 D2 MODE_SWITCH_START state=MODE_SWITCHING attempts=1 streak=0 attempt=1
[2026-09-16T08:09:52.740Z] batch=field-waveform-1789545963441-15 D2 MODE_SWITCH_OK state=MODE_SWITCH_OK attempts=1 streak=0
[2026-09-16T08:09:52.746Z] batch=field-waveform-1789545963441-15 D5 MODE_SWITCH_START state=MODE_SWITCHING attempts=1 streak=0 attempt=1
[2026-09-16T08:09:52.747Z] batch=field-waveform-1789545963441-15 D5 MODE_SWITCH_OK state=MODE_SWITCH_OK attempts=1 streak=0
[2026-09-16T08:09:52.753Z] batch=field-waveform-1789545963441-15 D1 MODE_SWITCH_START state=MODE_SWITCHING attempts=1 streak=0 attempt=1
[2026-09-16T08:09:52.755Z] batch=field-waveform-1789545963441-15 D1 MODE_SWITCH_OK state=MODE_SWITCH_OK attempts=1 streak=0
[2026-09-16T08:09:53.295Z] batch=field-waveform-1789545963441-15 D6 MODE_SWITCH_START state=MODE_SWITCHING attempts=1 streak=0 attempt=1
[2026-09-16T08:09:53.298Z] batch=field-waveform-1789545963441-15 D6 MODE_SWITCH_OK state=MODE_SWITCH_OK attempts=1 streak=0
