[2026-09-10T07:32:24.735Z] batch=- D4 POWER_ON state=COMMUNICATION_READY attempts=0 streak=0
[2026-09-10T07:32:24.785Z] batch=- D4 RS485_RESPONSE state=COMMUNICATION_READY attempts=0 streak=0
[2026-09-10T07:32:24.830Z] batch=- D6 POWER_ON state=COMMUNICATION_READY attempts=0 streak=0
[2026-09-10T07:32:24.830Z] batch=- D6 RS485_RESPONSE state=COMMUNICATION_READY attempts=0 streak=0
[2026-09-10T07:32:25.543Z] batch=- D4 MODE_SWITCH_START state=MODE_SWITCHING attempts=1 streak=0 attempt=1
[2026-09-10T07:32:25.550Z] batch=- D6 MODE_SWITCH_START state=MODE_SWITCHING attempts=1 streak=0 attempt=1
[2026-09-10T07:32:25.554Z] batch=- D4 MODE_SWITCH_OK state=MODE_SWITCH_OK attempts=1 streak=0
[2026-09-10T07:32:25.569Z] batch=- D6 MODE_SWITCH_OK state=MODE_SWITCH_OK attempts=1 streak=0
[2026-09-10T07:32:25.786Z] batch=- D1 POWER_ON state=COMMUNICATION_READY attempts=0 streak=0
[2026-09-10T07:32:25.786Z] batch=- D1 RS485_RESPONSE state=COMMUNICATION_READY attempts=0 streak=0
[2026-09-10T07:32:25.787Z] batch=- D1 MODE_SWITCH_START state=MODE_SWITCHING attempts=1 streak=0 attempt=1
[2026-09-10T07:32:25.790Z] batch=- D1 MODE_SWITCH_OK state=MODE_SWITCH_OK attempts=1 streak=0
[2026-09-10T07:32:25.791Z] batch=- D2 POWER_ON state=COMMUNICATION_READY attempts=0 streak=0
[2026-09-10T07:32:25.791Z] batch=- D2 RS485_RESPONSE state=COMMUNICATION_READY attempts=0 streak=0
[2026-09-10T07:32:25.791Z] batch=- D2 MODE_SWITCH_START state=MODE_SWITCHING attempts=1 streak=0 attempt=1
[2026-09-10T07:32:25.795Z] batch=- D2 MODE_SWITCH_OK state=MODE_SWITCH_OK attempts=1 streak=0
[2026-09-10T07:32:25.796Z] batch=- D3 POWER_ON state=COMMUNICATION_READY attempts=0 streak=0
[2026-09-10T07:32:25.796Z] batch=- D3 RS485_RESPONSE state=COMMUNICATION_READY attempts=0 streak=0
[2026-09-10T07:32:25.797Z] batch=- D3 MODE_SWITCH_START state=MODE_SWITCHING attempts=1 streak=0 attempt=1
[2026-09-10T07:32:25.804Z] batch=- D3 MODE_SWITCH_OK state=MODE_SWITCH_OK attempts=1 streak=0
[2026-09-10T07:32:25.818Z] batch=- D5 POWER_ON state=COMMUNICATION_READY attempts=0 streak=0
[2026-09-10T07:32:25.818Z] batch=- D5 RS485_RESPONSE state=COMMUNICATION_READY attempts=0 streak=0
[2026-09-10T07:32:25.819Z] batch=- D5 MODE_SWITCH_START state=MODE_SWITCHING attempts=1 streak=0 attempt=1
[2026-09-10T07:32:25.821Z] batch=- D5 MODE_SWITCH_OK state=MODE_SWITCH_OK attempts=1 streak=0
[2026-09-10T07:32:33.201Z] batch=field-waveform-1789025553200-1 D1 MODE_SWITCH_START state=MODE_SWITCHING attempts=1 streak=0 attempt=1
[2026-09-10T07:32:33.204Z] batch=field-waveform-1789025553200-1 D2 MODE_SWITCH_START state=MODE_SWITCHING attempts=1 streak=0 attempt=1
[2026-09-10T07:32:33.214Z] batch=field-waveform-1789025553200-1 D3 MODE_SWITCH_START state=MODE_SWITCHING attempts=1 streak=0 attempt=1
[2026-09-10T07:32:33.223Z] batch=field-waveform-1789025553200-1 D4 MODE_SWITCH_START state=MODE_SWITCHING attempts=1 streak=0 attempt=1
[2026-09-10T07:32:33.226Z] batch=field-waveform-1789025553200-1 D5 MODE_SWITCH_START state=MODE_SWITCHING attempts=1 streak=0 attempt=1
[2026-09-10T07:32:33.227Z] batch=field-waveform-1789025553200-1 D6 MODE_SWITCH_START state=MODE_SWITCHING attempts=1 streak=0 attempt=1
[2026-09-10T07:32:33.235Z] batch=field-waveform-1789025553200-1 D1 MODE_SWITCH_OK state=MODE_SWITCH_OK attempts=1 streak=0
[2026-09-10T07:32:33.236Z] batch=field-waveform-1789025553200-1 D2 MODE_SWITCH_OK state=MODE_SWITCH_OK attempts=1 streak=0
[2026-09-10T07:32:33.239Z] batch=field-waveform-1789025553200-1 D3 MODE_SWITCH_OK state=MODE_SWITCH_OK attempts=1 streak=0
[2026-09-10T07:32:33.240Z] batch=field-waveform-1789025553200-1 D4 MODE_SWITCH_OK state=MODE_SWITCH_OK attempts=1 streak=0
[2026-09-10T07:32:33.253Z] batch=field-waveform-1789025553200-1 D5 MODE_SWITCH_OK state=MODE_SWITCH_OK attempts=1 streak=0
[2026-09-10T07:32:33.254Z] batch=field-waveform-1789025553200-1 D6 MODE_SWITCH_OK state=MODE_SWITCH_OK attempts=1 streak=0
[2026-09-10T07:32:35.569Z] batch=field-waveform-1789025553200-1 D4 MODE_SWITCH_START state=MODE_SWITCHING attempts=1 streak=0 attempt=1
[2026-09-10T07:32:35.578Z] batch=field-waveform-1789025553200-1 D4 MODE_SWITCH_OK state=MODE_SWITCH_OK attempts=1 streak=0
[2026-09-10T07:32:35.591Z] batch=field-waveform-1789025553200-1 D6 MODE_SWITCH_START state=MODE_SWITCHING attempts=1 streak=0 attempt=1
[2026-09-10T07:32:35.592Z] batch=field-waveform-1789025553200-1 D6 MODE_SWITCH_OK state=MODE_SWITCH_OK attempts=1 streak=0
[2026-09-10T07:32:35.805Z] batch=field-waveform-1789025553200-1 D1 MODE_SWITCH_START state=MODE_SWITCHING attempts=1 streak=0 attempt=1
[2026-09-10T07:32:35.815Z] batch=field-waveform-1789025553200-1 D1 MODE_SWITCH_OK state=MODE_SWITCH_OK attempts=1 streak=0
[2026-09-10T07:32:35.825Z] batch=field-waveform-1789025553200-1 D2 MODE_SWITCH_START state=MODE_SWITCHING attempts=1 streak=0 attempt=1
[2026-09-10T07:32:35.855Z] batch=field-waveform-1789025553200-1 D2 MODE_SWITCH_OK state=MODE_SWITCH_OK attempts=1 streak=0
[2026-09-10T07:32:35.866Z] batch=field-waveform-1789025553200-1 D3 MODE_SWITCH_START state=MODE_SWITCHING attempts=1 streak=0 attempt=1
[2026-09-10T07:32:35.876Z] batch=field-waveform-1789025553200-1 D3 MODE_SWITCH_OK state=MODE_SWITCH_OK attempts=1 streak=0
[2026-09-10T07:32:35.879Z] batch=field-waveform-1789025553200-1 D5 MODE_SWITCH_START state=MODE_SWITCHING attempts=1 streak=0 attempt=1
[2026-09-10T07:32:35.896Z] batch=field-waveform-1789025553200-1 D5 MODE_SWITCH_OK state=MODE_SWITCH_OK attempts=1 streak=0
[2026-09-10T07:32:45.590Z] batch=field-waveform-1789025553200-1 D4 MODE_SWITCH_START state=MODE_SWITCHING attempts=1 streak=0 attempt=1
[2026-09-10T07:32:45.599Z] batch=field-waveform-1789025553200-1 D4 MODE_SWITCH_OK state=MODE_SWITCH_OK attempts=1 streak=0
[2026-09-10T07:32:45.610Z] batch=field-waveform-1789025553200-1 D6 MODE_SWITCH_START state=MODE_SWITCHING attempts=1 streak=0 attempt=1
[2026-09-10T07:32:45.612Z] batch=field-waveform-1789025553200-1 D6 MODE_SWITCH_OK state=MODE_SWITCH_OK attempts=1 streak=0
[2026-09-10T07:32:45.819Z] batch=field-waveform-1789025553200-1 D1 MODE_SWITCH_START state=MODE_SWITCHING attempts=1 streak=0 attempt=1
[2026-09-10T07:32:45.829Z] batch=field-waveform-1789025553200-1 D1 MODE_SWITCH_OK state=MODE_SWITCH_OK attempts=1 streak=0
[2026-09-10T07:32:45.866Z] batch=field-waveform-1789025553200-1 D2 MODE_SWITCH_START state=MODE_SWITCHING attempts=1 streak=0 attempt=1
[2026-09-10T07:32:45.877Z] batch=field-waveform-1789025553200-1 D2 MODE_SWITCH_OK state=MODE_SWITCH_OK attempts=1 streak=0
[2026-09-10T07:32:45.878Z] batch=field-waveform-1789025553200-1 D3 MODE_SWITCH_START state=MODE_SWITCHING attempts=1 streak=0 attempt=1
[2026-09-10T07:32:45.879Z] batch=field-waveform-1789025553200-1 D3 MODE_SWITCH_OK state=MODE_SWITCH_OK attempts=1 streak=0
[2026-09-10T07:32:45.903Z] batch=field-waveform-1789025553200-1 D5 MODE_SWITCH_START state=MODE_SWITCHING attempts=1 streak=0 attempt=1
[2026-09-10T07:32:45.911Z] batch=field-waveform-1789025553200-1 D5 MODE_SWITCH_OK state=MODE_SWITCH_OK attempts=1 streak=0
[2026-09-10T07:32:54.671Z] batch=field-waveform-1789025574669-2 D1 MODE_SWITCH_START state=MODE_SWITCHING attempts=1 streak=0 attempt=1
[2026-09-10T07:32:54.690Z] batch=field-waveform-1789025574669-2 D2 MODE_SWITCH_START state=MODE_SWITCHING attempts=1 streak=0 attempt=1
[2026-09-10T07:32:54.692Z] batch=field-waveform-1789025574669-2 D3 MODE_SWITCH_START state=MODE_SWITCHING attempts=1 streak=0 attempt=1
[2026-09-10T07:32:54.698Z] batch=field-waveform-1789025574669-2 D4 MODE_SWITCH_START state=MODE_SWITCHING attempts=1 streak=0 attempt=1
[2026-09-10T07:32:54.700Z] batch=field-waveform-1789025574669-2 D5 MODE_SWITCH_START state=MODE_SWITCHING attempts=1 streak=0 attempt=1
[2026-09-10T07:32:54.701Z] batch=field-waveform-1789025574669-2 D6 MODE_SWITCH_START state=MODE_SWITCHING attempts=1 streak=0 attempt=1
[2026-09-10T07:32:54.705Z] batch=field-waveform-1789025574669-2 D1 MODE_SWITCH_OK state=MODE_SWITCH_OK attempts=1 streak=0
[2026-09-10T07:32:54.715Z] batch=field-waveform-1789025574669-2 D2 MODE_SWITCH_OK state=MODE_SWITCH_OK attempts=1 streak=0
[2026-09-10T07:32:54.727Z] batch=field-waveform-1789025574669-2 D3 MODE_SWITCH_OK state=MODE_SWITCH_OK attempts=1 streak=0
[2026-09-10T07:32:54.729Z] batch=field-waveform-1789025574669-2 D4 MODE_SWITCH_OK state=MODE_SWITCH_OK attempts=1 streak=0
[2026-09-10T07:32:54.732Z] batch=field-waveform-1789025574669-2 D5 MODE_SWITCH_OK state=MODE_SWITCH_OK attempts=1 streak=0
[2026-09-10T07:32:54.733Z] batch=field-waveform-1789025574669-2 D6 MODE_SWITCH_OK state=MODE_SWITCH_OK attempts=1 streak=0
[2026-09-10T07:32:55.607Z] batch=field-waveform-1789025574669-2 D4 MODE_SWITCH_START state=MODE_SWITCHING attempts=1 streak=0 attempt=1
[2026-09-10T07:32:55.635Z] batch=field-waveform-1789025574669-2 D4 MODE_SWITCH_OK state=MODE_SWITCH_OK attempts=1 streak=0
[2026-09-10T07:32:55.640Z] batch=field-waveform-1789025574669-2 D6 MODE_SWITCH_START state=MODE_SWITCHING attempts=1 streak=0 attempt=1
[2026-09-10T07:32:55.645Z] batch=field-waveform-1789025574669-2 D6 MODE_SWITCH_OK state=MODE_SWITCH_OK attempts=1 streak=0
[2026-09-10T07:32:55.838Z] batch=field-waveform-1789025574669-2 D1 MODE_SWITCH_START state=MODE_SWITCHING attempts=1 streak=0 attempt=1
[2026-09-10T07:32:55.865Z] batch=field-waveform-1789025574669-2 D1 MODE_SWITCH_OK state=MODE_SWITCH_OK attempts=1 streak=0
[2026-09-10T07:32:55.877Z] batch=field-waveform-1789025574669-2 D2 MODE_SWITCH_START state=MODE_SWITCHING attempts=1 streak=0 attempt=1
[2026-09-10T07:32:55.882Z] batch=field-waveform-1789025574669-2 D2 MODE_SWITCH_OK state=MODE_SWITCH_OK attempts=1 streak=0
[2026-09-10T07:32:55.885Z] batch=field-waveform-1789025574669-2 D3 MODE_SWITCH_START state=MODE_SWITCHING attempts=1 streak=0 attempt=1
[2026-09-10T07:32:55.888Z] batch=field-waveform-1789025574669-2 D3 MODE_SWITCH_OK state=MODE_SWITCH_OK attempts=1 streak=0
[2026-09-10T07:32:55.912Z] batch=field-waveform-1789025574669-2 D5 MODE_SWITCH_START state=MODE_SWITCHING attempts=1 streak=0 attempt=1
[2026-09-10T07:32:55.915Z] batch=field-waveform-1789025574669-2 D5 MODE_SWITCH_OK state=MODE_SWITCH_OK attempts=1 streak=0
[2026-09-10T07:33:05.644Z] batch=field-waveform-1789025574669-2 D4 MODE_SWITCH_START state=MODE_SWITCHING attempts=1 streak=0 attempt=1
[2026-09-10T07:33:05.671Z] batch=field-waveform-1789025574669-2 D4 MODE_SWITCH_OK state=MODE_SWITCH_OK attempts=1 streak=0
[2026-09-10T07:33:05.680Z] batch=field-waveform-1789025574669-2 D6 MODE_SWITCH_START state=MODE_SWITCHING attempts=1 streak=0 attempt=1
[2026-09-10T07:33:05.694Z] batch=field-waveform-1789025574669-2 D6 MODE_SWITCH_OK state=MODE_SWITCH_OK attempts=1 streak=0
[2026-09-10T07:33:05.872Z] batch=field-waveform-1789025574669-2 D1 MODE_SWITCH_START state=MODE_SWITCHING attempts=1 streak=0 attempt=1
[2026-09-10T07:33:05.879Z] batch=field-waveform-1789025574669-2 D1 MODE_SWITCH_OK state=MODE_SWITCH_OK attempts=1 streak=0
[2026-09-10T07:33:05.885Z] batch=field-waveform-1789025574669-2 D2 MODE_SWITCH_START state=MODE_SWITCHING attempts=1 streak=0 attempt=1
[2026-09-10T07:33:05.897Z] batch=field-waveform-1789025574669-2 D2 MODE_SWITCH_OK state=MODE_SWITCH_OK attempts=1 streak=0
[2026-09-10T07:33:05.902Z] batch=field-waveform-1789025574669-2 D3 MODE_SWITCH_START state=MODE_SWITCHING attempts=1 streak=0 attempt=1
[2026-09-10T07:33:05.912Z] batch=field-waveform-1789025574669-2 D3 MODE_SWITCH_OK state=MODE_SWITCH_OK attempts=1 streak=0
[2026-09-10T07:33:05.918Z] batch=field-waveform-1789025574669-2 D5 MODE_SWITCH_START state=MODE_SWITCHING attempts=1 streak=0 attempt=1
[2026-09-10T07:33:05.924Z] batch=field-waveform-1789025574669-2 D5 MODE_SWITCH_OK state=MODE_SWITCH_OK attempts=1 streak=0
[2026-09-10T07:33:15.679Z] batch=field-waveform-1789025574669-2 D4 MODE_SWITCH_START state=MODE_SWITCHING attempts=1 streak=0 attempt=1
[2026-09-10T07:33:15.685Z] batch=field-waveform-1789025574669-2 D4 MODE_SWITCH_OK state=MODE_SWITCH_OK attempts=1 streak=0
[2026-09-10T07:33:15.694Z] batch=field-waveform-1789025574669-2 D6 MODE_SWITCH_START state=MODE_SWITCHING attempts=1 streak=0 attempt=1
[2026-09-10T07:33:15.703Z] batch=field-waveform-1789025574669-2 D6 MODE_SWITCH_OK state=MODE_SWITCH_OK attempts=1 streak=0
[2026-09-10T07:33:15.890Z] batch=field-waveform-1789025574669-2 D1 MODE_SWITCH_START state=MODE_SWITCHING attempts=1 streak=0 attempt=1
[2026-09-10T07:33:15.901Z] batch=field-waveform-1789025574669-2 D1 MODE_SWITCH_OK state=MODE_SWITCH_OK attempts=1 streak=0
[2026-09-10T07:33:15.903Z] batch=field-waveform-1789025574669-2 D2 MODE_SWITCH_START state=MODE_SWITCHING attempts=1 streak=0 attempt=1
[2026-09-10T07:33:15.904Z] batch=field-waveform-1789025574669-2 D2 MODE_SWITCH_OK state=MODE_SWITCH_OK attempts=1 streak=0
[2026-09-10T07:33:15.914Z] batch=field-waveform-1789025574669-2 D3 MODE_SWITCH_START state=MODE_SWITCHING attempts=1 streak=0 attempt=1
[2026-09-10T07:33:15.917Z] batch=field-waveform-1789025574669-2 D3 MODE_SWITCH_OK state=MODE_SWITCH_OK attempts=1 streak=0
[2026-09-10T07:33:15.930Z] batch=field-waveform-1789025574669-2 D5 MODE_SWITCH_START state=MODE_SWITCHING attempts=1 streak=0 attempt=1
[2026-09-10T07:33:15.932Z] batch=field-waveform-1789025574669-2 D5 MODE_SWITCH_OK state=MODE_SWITCH_OK attempts=1 streak=0
[2026-09-10T07:33:20.783Z] batch=field-waveform-1789025574669-2 D4 FIRST_FRAME state=FIRST_FRAME_RECEIVED attempts=1 streak=1
[2026-09-10T07:33:20.784Z] batch=field-waveform-1789025574669-2 D4 FIRST_VALID_SAMPLE state=FIRST_FRAME_RECEIVED attempts=1 streak=1
[2026-09-10T07:33:20.799Z] batch=field-waveform-1789025574669-2 D6 FIRST_FRAME state=FIRST_FRAME_RECEIVED attempts=1 streak=1
[2026-09-10T07:33:20.800Z] batch=field-waveform-1789025574669-2 D6 FIRST_VALID_SAMPLE state=FIRST_FRAME_RECEIVED attempts=1 streak=1
[2026-09-10T07:33:20.960Z] batch=field-waveform-1789025574669-2 D1 FIRST_FRAME state=FIRST_FRAME_RECEIVED attempts=1 streak=1
[2026-09-10T07:33:20.960Z] batch=field-waveform-1789025574669-2 D1 FIRST_VALID_SAMPLE state=FIRST_FRAME_RECEIVED attempts=1 streak=1
[2026-09-10T07:33:20.983Z] batch=field-waveform-1789025574669-2 D3 FIRST_FRAME state=FIRST_FRAME_RECEIVED attempts=1 streak=1
[2026-09-10T07:33:20.983Z] batch=field-waveform-1789025574669-2 D3 FIRST_VALID_SAMPLE state=FIRST_FRAME_RECEIVED attempts=1 streak=1
[2026-09-10T07:33:21.007Z] batch=field-waveform-1789025574669-2 D2 FIRST_FRAME state=FIRST_FRAME_RECEIVED attempts=1 streak=1
[2026-09-10T07:33:21.008Z] batch=field-waveform-1789025574669-2 D2 FIRST_VALID_SAMPLE state=FIRST_FRAME_RECEIVED attempts=1 streak=1
[2026-09-10T07:33:21.031Z] batch=field-waveform-1789025574669-2 D4 CHANNEL_SYNC_OK state=TEST_READY attempts=1 streak=5
[2026-09-10T07:33:21.032Z] batch=field-waveform-1789025574669-2 D4 TEST_READY state=TEST_READY attempts=1 streak=5
[2026-09-10T07:33:21.040Z] batch=field-waveform-1789025574669-2 D5 FIRST_FRAME state=FIRST_FRAME_RECEIVED attempts=1 streak=1
[2026-09-10T07:33:21.040Z] batch=field-waveform-1789025574669-2 D5 FIRST_VALID_SAMPLE state=FIRST_FRAME_RECEIVED attempts=1 streak=1
[2026-09-10T07:33:21.056Z] batch=field-waveform-1789025574669-2 D6 CHANNEL_SYNC_OK state=TEST_READY attempts=1 streak=5
[2026-09-10T07:33:21.056Z] batch=field-waveform-1789025574669-2 D6 TEST_READY state=TEST_READY attempts=1 streak=5
[2026-09-10T07:33:21.211Z] batch=field-waveform-1789025574669-2 D1 CHANNEL_SYNC_OK state=TEST_READY attempts=1 streak=5
[2026-09-10T07:33:21.211Z] batch=field-waveform-1789025574669-2 D1 TEST_READY state=TEST_READY attempts=1 streak=5
[2026-09-10T07:33:21.237Z] batch=field-waveform-1789025574669-2 D3 CHANNEL_SYNC_OK state=TEST_READY attempts=1 streak=5
[2026-09-10T07:33:21.237Z] batch=field-waveform-1789025574669-2 D3 TEST_READY state=TEST_READY attempts=1 streak=5
[2026-09-10T07:33:21.256Z] batch=field-waveform-1789025574669-2 D2 CHANNEL_SYNC_OK state=TEST_READY attempts=1 streak=5
[2026-09-10T07:33:21.256Z] batch=field-waveform-1789025574669-2 D2 TEST_READY state=TEST_READY attempts=1 streak=5
[2026-09-10T07:33:21.285Z] batch=field-waveform-1789025574669-2 D5 CHANNEL_SYNC_OK state=TEST_READY attempts=1 streak=5
[2026-09-10T07:33:21.286Z] batch=field-waveform-1789025574669-2 D5 TEST_READY state=TEST_READY attempts=1 streak=5
[2026-09-10T07:33:32.135Z] batch=field-waveform-1789025574669-2 D2 MODE_SWITCH_START state=MODE_SWITCHING attempts=1 streak=0 attempt=1
[2026-09-10T07:33:32.158Z] batch=field-waveform-1789025574669-2 D2 MODE_SWITCH_OK state=MODE_SWITCH_OK attempts=1 streak=0
[2026-09-10T07:33:32.160Z] batch=field-waveform-1789025574669-2 D1 MODE_SWITCH_START state=MODE_SWITCHING attempts=1 streak=0 attempt=1
[2026-09-10T07:33:32.164Z] batch=field-waveform-1789025574669-2 D1 MODE_SWITCH_OK state=MODE_SWITCH_OK attempts=1 streak=0
[2026-09-10T07:33:32.168Z] batch=field-waveform-1789025574669-2 D4 MODE_SWITCH_START state=MODE_SWITCHING attempts=1 streak=0 attempt=1
[2026-09-10T07:33:32.176Z] batch=field-waveform-1789025574669-2 D4 MODE_SWITCH_OK state=MODE_SWITCH_OK attempts=1 streak=0
[2026-09-10T07:33:32.178Z] batch=field-waveform-1789025574669-2 D5 MODE_SWITCH_START state=MODE_SWITCHING attempts=1 streak=0 attempt=1
[2026-09-10T07:33:32.181Z] batch=field-waveform-1789025574669-2 D5 MODE_SWITCH_OK state=MODE_SWITCH_OK attempts=1 streak=0
[2026-09-10T07:33:32.195Z] batch=field-waveform-1789025574669-2 D5 FIRST_FRAME state=FIRST_FRAME_RECEIVED attempts=1 streak=1
[2026-09-10T07:33:32.195Z] batch=field-waveform-1789025574669-2 D5 FIRST_VALID_SAMPLE state=FIRST_FRAME_RECEIVED attempts=1 streak=1
[2026-09-10T07:33:37.212Z] batch=field-waveform-1789025574669-2 D2 FIRST_FRAME state=FIRST_FRAME_RECEIVED attempts=1 streak=1
[2026-09-10T07:33:37.212Z] batch=field-waveform-1789025574669-2 D2 FIRST_VALID_SAMPLE state=FIRST_FRAME_RECEIVED attempts=1 streak=1
[2026-09-10T07:33:37.217Z] batch=field-waveform-1789025574669-2 D1 FIRST_FRAME state=FIRST_FRAME_RECEIVED attempts=1 streak=1
[2026-09-10T07:33:37.218Z] batch=field-waveform-1789025574669-2 D1 FIRST_VALID_SAMPLE state=FIRST_FRAME_RECEIVED attempts=1 streak=1
[2026-09-10T07:33:37.231Z] batch=field-waveform-1789025574669-2 D4 FIRST_FRAME state=FIRST_FRAME_RECEIVED attempts=1 streak=1
[2026-09-10T07:33:37.232Z] batch=field-waveform-1789025574669-2 D4 FIRST_VALID_SAMPLE state=FIRST_FRAME_RECEIVED attempts=1 streak=1
[2026-09-10T07:33:37.420Z] batch=field-waveform-1789025574669-2 D5 CHANNEL_SYNC_OK state=TEST_READY attempts=1 streak=5
[2026-09-10T07:33:37.420Z] batch=field-waveform-1789025574669-2 D5 TEST_READY state=TEST_READY attempts=1 streak=5
[2026-09-10T07:33:37.460Z] batch=field-waveform-1789025574669-2 D2 CHANNEL_SYNC_OK state=TEST_READY attempts=1 streak=5
[2026-09-10T07:33:37.461Z] batch=field-waveform-1789025574669-2 D2 TEST_READY state=TEST_READY attempts=1 streak=5
[2026-09-10T07:33:37.463Z] batch=field-waveform-1789025574669-2 D1 CHANNEL_SYNC_OK state=TEST_READY attempts=1 streak=5
[2026-09-10T07:33:37.463Z] batch=field-waveform-1789025574669-2 D1 TEST_READY state=TEST_READY attempts=1 streak=5
[2026-09-10T07:33:37.467Z] batch=field-waveform-1789025574669-2 D4 CHANNEL_SYNC_OK state=TEST_READY attempts=1 streak=5
[2026-09-10T07:33:37.467Z] batch=field-waveform-1789025574669-2 D4 TEST_READY state=TEST_READY attempts=1 streak=5
[2026-09-10T07:34:32.371Z] batch=field-waveform-1789025574669-2 D1 MODE_SWITCH_START state=MODE_SWITCHING attempts=1 streak=0 attempt=1
[2026-09-10T07:34:32.677Z] batch=field-waveform-1789025574669-2 D1 MODE_SWITCH_OK state=MODE_SWITCH_OK attempts=1 streak=0
[2026-09-10T07:34:32.829Z] batch=field-waveform-1789025574669-2 D4 MODE_SWITCH_START state=MODE_SWITCHING attempts=1 streak=0 attempt=1
[2026-09-10T07:34:32.977Z] batch=field-waveform-1789025574669-2 D4 MODE_SWITCH_OK state=MODE_SWITCH_OK attempts=1 streak=0
[2026-09-10T07:34:33.072Z] batch=field-waveform-1789025574669-2 D5 MODE_SWITCH_START state=MODE_SWITCHING attempts=1 streak=0 attempt=1
[2026-09-10T07:34:33.215Z] batch=field-waveform-1789025574669-2 D5 MODE_SWITCH_OK state=MODE_SWITCH_OK attempts=1 streak=0
[2026-09-10T07:34:33.374Z] batch=field-waveform-1789025574669-2 D3 MODE_SWITCH_START state=MODE_SWITCHING attempts=1 streak=0 attempt=1
[2026-09-10T07:34:33.581Z] batch=field-waveform-1789025574669-2 D3 MODE_SWITCH_OK state=MODE_SWITCH_OK attempts=1 streak=0
[2026-09-10T07:34:33.774Z] batch=field-waveform-1789025574669-2 D6 MODE_SWITCH_START state=MODE_SWITCHING attempts=1 streak=0 attempt=1
[2026-09-10T07:34:33.779Z] batch=field-waveform-1789025574669-2 D6 MODE_SWITCH_OK state=MODE_SWITCH_OK attempts=1 streak=0
[2026-09-10T07:34:42.280Z] batch=field-waveform-1789025574669-2 D2 MODE_SWITCH_START state=MODE_SWITCHING attempts=1 streak=0 attempt=1
[2026-09-10T07:34:42.282Z] batch=field-waveform-1789025574669-2 D2 MODE_SWITCH_OK state=MODE_SWITCH_OK attempts=1 streak=0
[2026-09-10T07:34:42.755Z] batch=field-waveform-1789025574669-2 D1 MODE_SWITCH_START state=MODE_SWITCHING attempts=1 streak=0 attempt=1
[2026-09-10T07:34:42.768Z] batch=field-waveform-1789025574669-2 D1 MODE_SWITCH_OK state=MODE_SWITCH_OK attempts=1 streak=0
[2026-09-10T07:34:43.116Z] batch=field-waveform-1789025574669-2 D4 MODE_SWITCH_START state=MODE_SWITCHING attempts=1 streak=0 attempt=1
[2026-09-10T07:34:43.120Z] batch=field-waveform-1789025574669-2 D4 MODE_SWITCH_OK state=MODE_SWITCH_OK attempts=1 streak=0
[2026-09-10T07:34:43.230Z] batch=field-waveform-1789025574669-2 D5 MODE_SWITCH_START state=MODE_SWITCHING attempts=1 streak=0 attempt=1
[2026-09-10T07:34:43.241Z] batch=field-waveform-1789025574669-2 D5 MODE_SWITCH_OK state=MODE_SWITCH_OK attempts=1 streak=0
[2026-09-10T07:34:43.591Z] batch=field-waveform-1789025574669-2 D3 MODE_SWITCH_START state=MODE_SWITCHING attempts=1 streak=0 attempt=1
[2026-09-10T07:34:43.601Z] batch=field-waveform-1789025574669-2 D3 MODE_SWITCH_OK state=MODE_SWITCH_OK attempts=1 streak=0
[2026-09-10T07:34:43.915Z] batch=field-waveform-1789025574669-2 D6 MODE_SWITCH_START state=MODE_SWITCHING attempts=1 streak=0 attempt=1
[2026-09-10T07:34:43.925Z] batch=field-waveform-1789025574669-2 D6 MODE_SWITCH_OK state=MODE_SWITCH_OK attempts=1 streak=0
[2026-09-10T07:34:47.489Z] batch=field-waveform-1789025574669-2 D2 FIRST_FRAME state=FIRST_FRAME_RECEIVED attempts=1 streak=1
[2026-09-10T07:34:47.489Z] batch=field-waveform-1789025574669-2 D2 FIRST_VALID_SAMPLE state=FIRST_FRAME_RECEIVED attempts=1 streak=1
[2026-09-10T07:34:47.731Z] batch=field-waveform-1789025574669-2 D2 CHANNEL_SYNC_OK state=TEST_READY attempts=1 streak=5
[2026-09-10T07:34:47.731Z] batch=field-waveform-1789025574669-2 D2 TEST_READY state=TEST_READY attempts=1 streak=5
[2026-09-10T07:34:47.863Z] batch=field-waveform-1789025574669-2 D1 FIRST_FRAME state=FIRST_FRAME_RECEIVED attempts=1 streak=1
[2026-09-10T07:34:47.863Z] batch=field-waveform-1789025574669-2 D1 FIRST_VALID_SAMPLE state=FIRST_FRAME_RECEIVED attempts=1 streak=1
[2026-09-10T07:34:48.225Z] batch=field-waveform-1789025574669-2 D1 CHANNEL_SYNC_OK state=TEST_READY attempts=1 streak=5
[2026-09-10T07:34:48.225Z] batch=field-waveform-1789025574669-2 D1 TEST_READY state=TEST_READY attempts=1 streak=5
[2026-09-10T07:34:48.236Z] batch=field-waveform-1789025574669-2 D4 FIRST_FRAME state=FIRST_FRAME_RECEIVED attempts=1 streak=1
[2026-09-10T07:34:48.236Z] batch=field-waveform-1789025574669-2 D4 FIRST_VALID_SAMPLE state=FIRST_FRAME_RECEIVED attempts=1 streak=1
[2026-09-10T07:34:48.490Z] batch=field-waveform-1789025574669-2 D4 CHANNEL_SYNC_OK state=TEST_READY attempts=1 streak=5
[2026-09-10T07:34:48.491Z] batch=field-waveform-1789025574669-2 D4 TEST_READY state=TEST_READY attempts=1 streak=5
[2026-09-10T07:34:48.502Z] batch=field-waveform-1789025574669-2 D5 FIRST_FRAME state=FIRST_FRAME_RECEIVED attempts=1 streak=1
[2026-09-10T07:34:48.502Z] batch=field-waveform-1789025574669-2 D5 FIRST_VALID_SAMPLE state=FIRST_FRAME_RECEIVED attempts=1 streak=1
[2026-09-10T07:34:48.507Z] batch=field-waveform-1789025574669-2 D5 CHANNEL_SYNC_OK state=TEST_READY attempts=1 streak=5
[2026-09-10T07:34:48.507Z] batch=field-waveform-1789025574669-2 D5 TEST_READY state=TEST_READY attempts=1 streak=5
[2026-09-10T07:34:48.759Z] batch=field-waveform-1789025574669-2 D3 FIRST_FRAME state=FIRST_FRAME_RECEIVED attempts=1 streak=1
[2026-09-10T07:34:48.759Z] batch=field-waveform-1789025574669-2 D3 FIRST_VALID_SAMPLE state=FIRST_FRAME_RECEIVED attempts=1 streak=1
[2026-09-10T07:34:49.031Z] batch=field-waveform-1789025574669-2 D3 CHANNEL_SYNC_OK state=TEST_READY attempts=1 streak=5
[2026-09-10T07:34:49.032Z] batch=field-waveform-1789025574669-2 D3 TEST_READY state=TEST_READY attempts=1 streak=5
[2026-09-10T07:34:49.035Z] batch=field-waveform-1789025574669-2 D6 FIRST_FRAME state=FIRST_FRAME_RECEIVED attempts=1 streak=1
[2026-09-10T07:34:49.035Z] batch=field-waveform-1789025574669-2 D6 FIRST_VALID_SAMPLE state=FIRST_FRAME_RECEIVED attempts=1 streak=1
[2026-09-10T07:34:49.293Z] batch=field-waveform-1789025574669-2 D6 CHANNEL_SYNC_OK state=TEST_READY attempts=1 streak=5
[2026-09-10T07:34:49.293Z] batch=field-waveform-1789025574669-2 D6 TEST_READY state=TEST_READY attempts=1 streak=5
[2026-09-10T07:35:23.649Z] batch=field-waveform-1789025574669-2 D3 MODE_SWITCH_START state=MODE_SWITCHING attempts=1 streak=0 attempt=1
[2026-09-10T07:35:23.661Z] batch=field-waveform-1789025574669-2 D3 MODE_SWITCH_OK state=MODE_SWITCH_OK attempts=1 streak=0
[2026-09-10T07:35:23.677Z] batch=field-waveform-1789025574669-2 D6 MODE_SWITCH_START state=MODE_SWITCHING attempts=1 streak=0 attempt=1
[2026-09-10T07:35:23.683Z] batch=field-waveform-1789025574669-2 D6 MODE_SWITCH_OK state=MODE_SWITCH_OK attempts=1 streak=0
