[2026-09-14T11:20:35.888Z] batch=field-waveform-1789384832742-4 D3 MODE_SWITCH_START state=MODE_SWITCHING attempts=1 streak=0 attempt=1
[2026-09-14T11:20:35.890Z] batch=field-waveform-1789384832742-4 D3 MODE_SWITCH_OK state=MODE_SWITCH_OK attempts=1 streak=0
[2026-09-14T11:20:36.517Z] batch=field-waveform-1789384832742-4 D2 MODE_SWITCH_START state=MODE_SWITCHING attempts=1 streak=0 attempt=1
[2026-09-14T11:20:36.523Z] batch=field-waveform-1789384832742-4 D2 MODE_SWITCH_OK state=MODE_SWITCH_OK attempts=1 streak=0
[2026-09-14T11:20:36.525Z] batch=field-waveform-1789384832742-4 D5 MODE_SWITCH_START state=MODE_SWITCHING attempts=1 streak=0 attempt=1
[2026-09-14T11:20:36.526Z] batch=field-waveform-1789384832742-4 D5 MODE_SWITCH_OK state=MODE_SWITCH_OK attempts=1 streak=0
[2026-09-14T11:20:36.836Z] batch=field-waveform-1789384832742-4 D1 MODE_SWITCH_START state=MODE_SWITCHING attempts=1 streak=0 attempt=1
[2026-09-14T11:20:36.838Z] batch=field-waveform-1789384832742-4 D1 MODE_SWITCH_OK state=MODE_SWITCH_OK attempts=1 streak=0
[2026-09-14T11:20:36.839Z] batch=field-waveform-1789384832742-4 D6 MODE_SWITCH_START state=MODE_SWITCHING attempts=1 streak=0 attempt=1
[2026-09-14T11:20:36.840Z] batch=field-waveform-1789384832742-4 D6 MODE_SWITCH_OK state=MODE_SWITCH_OK attempts=1 streak=0
[2026-09-14T11:20:36.841Z] batch=field-waveform-1789384832742-4 D4 MODE_SWITCH_START state=MODE_SWITCHING attempts=1 streak=0 attempt=1
[2026-09-14T11:20:36.842Z] batch=field-waveform-1789384832742-4 D4 MODE_SWITCH_OK state=MODE_SWITCH_OK attempts=1 streak=0
[2026-09-14T11:20:45.903Z] batch=field-waveform-1789384832742-4 D3 MODE_SWITCH_START state=MODE_SWITCHING attempts=1 streak=0 attempt=1
[2026-09-14T11:20:45.905Z] batch=field-waveform-1789384832742-4 D3 MODE_SWITCH_OK state=MODE_SWITCH_OK attempts=1 streak=0
[2026-09-14T11:20:46.532Z] batch=field-waveform-1789384832742-4 D2 MODE_SWITCH_START state=MODE_SWITCHING attempts=1 streak=0 attempt=1
[2026-09-14T11:20:46.536Z] batch=field-waveform-1789384832742-4 D2 MODE_SWITCH_OK state=MODE_SWITCH_OK attempts=1 streak=0
[2026-09-14T11:20:46.538Z] batch=field-waveform-1789384832742-4 D5 MODE_SWITCH_START state=MODE_SWITCHING attempts=1 streak=0 attempt=1
[2026-09-14T11:20:46.540Z] batch=field-waveform-1789384832742-4 D5 MODE_SWITCH_OK state=MODE_SWITCH_OK attempts=1 streak=0
[2026-09-14T11:20:46.844Z] batch=field-waveform-1789384832742-4 D1 MODE_SWITCH_START state=MODE_SWITCHING attempts=1 streak=0 attempt=1
[2026-09-14T11:20:46.847Z] batch=field-waveform-1789384832742-4 D1 MODE_SWITCH_OK state=MODE_SWITCH_OK attempts=1 streak=0
[2026-09-14T11:20:46.848Z] batch=field-waveform-1789384832742-4 D6 MODE_SWITCH_START state=MODE_SWITCHING attempts=1 streak=0 attempt=1
[2026-09-14T11:20:46.849Z] batch=field-waveform-1789384832742-4 D6 MODE_SWITCH_OK state=MODE_SWITCH_OK attempts=1 streak=0
[2026-09-14T11:20:46.850Z] batch=field-waveform-1789384832742-4 D4 MODE_SWITCH_START state=MODE_SWITCHING attempts=1 streak=0 attempt=1
[2026-09-14T11:20:46.851Z] batch=field-waveform-1789384832742-4 D4 MODE_SWITCH_OK state=MODE_SWITCH_OK attempts=1 streak=0
[2026-09-14T11:20:55.921Z] batch=field-waveform-1789384832742-4 D3 MODE_SWITCH_START state=MODE_SWITCHING attempts=1 streak=0 attempt=1
[2026-09-14T11:20:55.923Z] batch=field-waveform-1789384832742-4 D3 MODE_SWITCH_OK state=MODE_SWITCH_OK attempts=1 streak=0
[2026-09-14T11:20:56.552Z] batch=field-waveform-1789384832742-4 D2 MODE_SWITCH_START state=MODE_SWITCHING attempts=1 streak=0 attempt=1
[2026-09-14T11:20:56.554Z] batch=field-waveform-1789384832742-4 D2 MODE_SWITCH_OK state=MODE_SWITCH_OK attempts=1 streak=0
[2026-09-14T11:20:56.555Z] batch=field-waveform-1789384832742-4 D5 MODE_SWITCH_START state=MODE_SWITCHING attempts=1 streak=0 attempt=1
[2026-09-14T11:20:56.556Z] batch=field-waveform-1789384832742-4 D5 MODE_SWITCH_OK state=MODE_SWITCH_OK attempts=1 streak=0
[2026-09-14T11:20:56.858Z] batch=field-waveform-1789384832742-4 D1 MODE_SWITCH_START state=MODE_SWITCHING attempts=1 streak=0 attempt=1
[2026-09-14T11:20:56.860Z] batch=field-waveform-1789384832742-4 D1 MODE_SWITCH_OK state=MODE_SWITCH_OK attempts=1 streak=0
[2026-09-14T11:20:56.862Z] batch=field-waveform-1789384832742-4 D6 MODE_SWITCH_START state=MODE_SWITCHING attempts=1 streak=0 attempt=1
[2026-09-14T11:20:56.863Z] batch=field-waveform-1789384832742-4 D6 MODE_SWITCH_OK state=MODE_SWITCH_OK attempts=1 streak=0
[2026-09-14T11:20:56.864Z] batch=field-waveform-1789384832742-4 D4 MODE_SWITCH_START state=MODE_SWITCHING attempts=1 streak=0 attempt=1
[2026-09-14T11:20:56.865Z] batch=field-waveform-1789384832742-4 D4 MODE_SWITCH_OK state=MODE_SWITCH_OK attempts=1 streak=0
[2026-09-14T11:21:00.955Z] batch=field-waveform-1789384832742-4 D3 FIRST_FRAME state=FIRST_FRAME_RECEIVED attempts=1 streak=1
[2026-09-14T11:21:00.956Z] batch=field-waveform-1789384832742-4 D3 FIRST_VALID_SAMPLE state=FIRST_FRAME_RECEIVED attempts=1 streak=1
[2026-09-14T11:21:01.212Z] batch=field-waveform-1789384832742-4 D3 CHANNEL_SYNC_OK state=TEST_READY attempts=1 streak=5
[2026-09-14T11:21:01.213Z] batch=field-waveform-1789384832742-4 D3 TEST_READY state=TEST_READY attempts=1 streak=5
[2026-09-14T11:21:01.607Z] batch=field-waveform-1789384832742-4 D2 FIRST_FRAME state=FIRST_FRAME_RECEIVED attempts=1 streak=1
[2026-09-14T11:21:01.608Z] batch=field-waveform-1789384832742-4 D2 FIRST_VALID_SAMPLE state=FIRST_FRAME_RECEIVED attempts=1 streak=1
[2026-09-14T11:21:01.637Z] batch=field-waveform-1789384832742-4 D5 FIRST_FRAME state=FIRST_FRAME_RECEIVED attempts=1 streak=1
[2026-09-14T11:21:01.638Z] batch=field-waveform-1789384832742-4 D5 FIRST_VALID_SAMPLE state=FIRST_FRAME_RECEIVED attempts=1 streak=1
[2026-09-14T11:21:01.892Z] batch=field-waveform-1789384832742-4 D2 CHANNEL_SYNC_OK state=TEST_READY attempts=1 streak=5
[2026-09-14T11:21:01.892Z] batch=field-waveform-1789384832742-4 D2 TEST_READY state=TEST_READY attempts=1 streak=5
[2026-09-14T11:21:01.895Z] batch=field-waveform-1789384832742-4 D5 CHANNEL_SYNC_OK state=TEST_READY attempts=1 streak=5
[2026-09-14T11:21:01.895Z] batch=field-waveform-1789384832742-4 D5 TEST_READY state=TEST_READY attempts=1 streak=5
[2026-09-14T11:21:01.899Z] batch=field-waveform-1789384832742-4 D6 FIRST_FRAME state=FIRST_FRAME_RECEIVED attempts=1 streak=1
[2026-09-14T11:21:01.900Z] batch=field-waveform-1789384832742-4 D6 FIRST_VALID_SAMPLE state=FIRST_FRAME_RECEIVED attempts=1 streak=1
[2026-09-14T11:21:01.942Z] batch=field-waveform-1789384832742-4 D4 FIRST_FRAME state=FIRST_FRAME_RECEIVED attempts=1 streak=1
[2026-09-14T11:21:01.942Z] batch=field-waveform-1789384832742-4 D4 FIRST_VALID_SAMPLE state=FIRST_FRAME_RECEIVED attempts=1 streak=1
[2026-09-14T11:21:02.146Z] batch=field-waveform-1789384832742-4 D6 CHANNEL_SYNC_OK state=TEST_READY attempts=1 streak=5
[2026-09-14T11:21:02.146Z] batch=field-waveform-1789384832742-4 D6 TEST_READY state=TEST_READY attempts=1 streak=5
[2026-09-14T11:21:02.187Z] batch=field-waveform-1789384832742-4 D4 CHANNEL_SYNC_OK state=TEST_READY attempts=1 streak=5
[2026-09-14T11:21:02.188Z] batch=field-waveform-1789384832742-4 D4 TEST_READY state=TEST_READY attempts=1 streak=5
[2026-09-14T11:21:06.875Z] batch=field-waveform-1789384832742-4 D1 MODE_SWITCH_START state=MODE_SWITCHING attempts=1 streak=0 attempt=1
[2026-09-14T11:21:06.889Z] batch=field-waveform-1789384832742-4 D1 MODE_SWITCH_OK state=MODE_SWITCH_OK attempts=1 streak=0
[2026-09-14T11:21:14.187Z] batch=field-waveform-1789384832742-4 D4 MODE_SWITCH_START state=MODE_SWITCHING attempts=1 streak=0 attempt=1
[2026-09-14T11:21:14.189Z] batch=field-waveform-1789384832742-4 D4 MODE_SWITCH_OK state=MODE_SWITCH_OK attempts=1 streak=0
[2026-09-14T11:21:14.211Z] batch=field-waveform-1789384832742-4 D5 MODE_SWITCH_START state=MODE_SWITCHING attempts=1 streak=0 attempt=1
[2026-09-14T11:21:14.213Z] batch=field-waveform-1789384832742-4 D5 MODE_SWITCH_OK state=MODE_SWITCH_OK attempts=1 streak=0
[2026-09-14T11:21:16.917Z] batch=field-waveform-1789384832742-4 D1 MODE_SWITCH_START state=MODE_SWITCHING attempts=1 streak=0 attempt=1
[2026-09-14T11:21:16.918Z] batch=field-waveform-1789384832742-4 D1 MODE_SWITCH_OK state=MODE_SWITCH_OK attempts=1 streak=0
[2026-09-14T11:21:19.322Z] batch=field-waveform-1789384832742-4 D5 FIRST_FRAME state=FIRST_FRAME_RECEIVED attempts=1 streak=1
[2026-09-14T11:21:19.322Z] batch=field-waveform-1789384832742-4 D5 FIRST_VALID_SAMPLE state=FIRST_FRAME_RECEIVED attempts=1 streak=1
[2026-09-14T11:21:19.394Z] batch=field-waveform-1789384832742-4 D4 FIRST_FRAME state=FIRST_FRAME_RECEIVED attempts=1 streak=1
[2026-09-14T11:21:19.394Z] batch=field-waveform-1789384832742-4 D4 FIRST_VALID_SAMPLE state=FIRST_FRAME_RECEIVED attempts=1 streak=1
[2026-09-14T11:21:19.574Z] batch=field-waveform-1789384832742-4 D5 CHANNEL_SYNC_OK state=TEST_READY attempts=1 streak=5
[2026-09-14T11:21:19.574Z] batch=field-waveform-1789384832742-4 D5 TEST_READY state=TEST_READY attempts=1 streak=5
[2026-09-14T11:21:19.625Z] batch=field-waveform-1789384832742-4 D4 CHANNEL_SYNC_OK state=TEST_READY attempts=1 streak=5
[2026-09-14T11:21:19.625Z] batch=field-waveform-1789384832742-4 D4 TEST_READY state=TEST_READY attempts=1 streak=5
[2026-09-14T11:21:22.010Z] batch=field-waveform-1789384832742-4 D1 FIRST_FRAME state=FIRST_FRAME_RECEIVED attempts=1 streak=1
[2026-09-14T11:21:22.011Z] batch=field-waveform-1789384832742-4 D1 FIRST_VALID_SAMPLE state=FIRST_FRAME_RECEIVED attempts=1 streak=1
[2026-09-14T11:21:22.280Z] batch=field-waveform-1789384832742-4 D1 CHANNEL_SYNC_OK state=TEST_READY attempts=1 streak=5
[2026-09-14T11:21:22.280Z] batch=field-waveform-1789384832742-4 D1 TEST_READY state=TEST_READY attempts=1 streak=5
[2026-09-14T11:22:10.799Z] batch=field-waveform-1789384832742-4 D6 MODE_SWITCH_START state=MODE_SWITCHING attempts=1 streak=0 attempt=1
[2026-09-14T11:22:10.800Z] batch=field-waveform-1789384832742-4 D6 MODE_SWITCH_OK state=MODE_SWITCH_OK attempts=1 streak=0
[2026-09-14T11:22:10.804Z] batch=field-waveform-1789384832742-4 D3 MODE_SWITCH_START state=MODE_SWITCHING attempts=1 streak=0 attempt=1
[2026-09-14T11:22:10.804Z] batch=field-waveform-1789384832742-4 D3 MODE_SWITCH_OK state=MODE_SWITCH_OK attempts=1 streak=0
[2026-09-14T11:22:10.807Z] batch=field-waveform-1789384832742-4 D2 MODE_SWITCH_START state=MODE_SWITCHING attempts=1 streak=0 attempt=1
[2026-09-14T11:22:10.808Z] batch=field-waveform-1789384832742-4 D2 MODE_SWITCH_OK state=MODE_SWITCH_OK attempts=1 streak=0
[2026-09-14T11:22:10.811Z] batch=field-waveform-1789384832742-4 D4 MODE_SWITCH_START state=MODE_SWITCHING attempts=1 streak=0 attempt=1
[2026-09-14T11:22:10.812Z] batch=field-waveform-1789384832742-4 D4 MODE_SWITCH_OK state=MODE_SWITCH_OK attempts=1 streak=0
[2026-09-14T11:22:10.814Z] batch=field-waveform-1789384832742-4 D1 MODE_SWITCH_START state=MODE_SWITCHING attempts=1 streak=0 attempt=1
[2026-09-14T11:22:10.815Z] batch=field-waveform-1789384832742-4 D1 MODE_SWITCH_OK state=MODE_SWITCH_OK attempts=1 streak=0
[2026-09-14T11:22:10.921Z] batch=field-waveform-1789384832742-4 D5 MODE_SWITCH_START state=MODE_SWITCHING attempts=1 streak=0 attempt=1
[2026-09-14T11:22:10.922Z] batch=field-waveform-1789384832742-4 D5 MODE_SWITCH_OK state=MODE_SWITCH_OK attempts=1 streak=0
[2026-09-14T11:22:20.813Z] batch=field-waveform-1789384832742-4 D6 MODE_SWITCH_START state=MODE_SWITCHING attempts=1 streak=0 attempt=1
[2026-09-14T11:22:20.815Z] batch=field-waveform-1789384832742-4 D6 MODE_SWITCH_OK state=MODE_SWITCH_OK attempts=1 streak=0
[2026-09-14T11:22:20.818Z] batch=field-waveform-1789384832742-4 D3 MODE_SWITCH_START state=MODE_SWITCHING attempts=1 streak=0 attempt=1
[2026-09-14T11:22:20.819Z] batch=field-waveform-1789384832742-4 D3 MODE_SWITCH_OK state=MODE_SWITCH_OK attempts=1 streak=0
[2026-09-14T11:22:20.922Z] batch=field-waveform-1789384832742-4 D2 MODE_SWITCH_START state=MODE_SWITCHING attempts=1 streak=0 attempt=1
[2026-09-14T11:22:20.923Z] batch=field-waveform-1789384832742-4 D2 MODE_SWITCH_OK state=MODE_SWITCH_OK attempts=1 streak=0
[2026-09-14T11:22:20.928Z] batch=field-waveform-1789384832742-4 D4 MODE_SWITCH_START state=MODE_SWITCHING attempts=1 streak=0 attempt=1
[2026-09-14T11:22:20.929Z] batch=field-waveform-1789384832742-4 D4 MODE_SWITCH_OK state=MODE_SWITCH_OK attempts=1 streak=0
[2026-09-14T11:22:20.934Z] batch=field-waveform-1789384832742-4 D1 MODE_SWITCH_START state=MODE_SWITCHING attempts=1 streak=0 attempt=1
[2026-09-14T11:22:20.935Z] batch=field-waveform-1789384832742-4 D1 MODE_SWITCH_OK state=MODE_SWITCH_OK attempts=1 streak=0
[2026-09-14T11:22:20.942Z] batch=field-waveform-1789384832742-4 D5 MODE_SWITCH_START state=MODE_SWITCHING attempts=1 streak=0 attempt=1
[2026-09-14T11:22:20.947Z] batch=field-waveform-1789384832742-4 D5 MODE_SWITCH_OK state=MODE_SWITCH_OK attempts=1 streak=0
[2026-09-14T11:22:25.934Z] batch=field-waveform-1789384832742-4 D6 FIRST_FRAME state=FIRST_FRAME_RECEIVED attempts=1 streak=1
[2026-09-14T11:22:25.934Z] batch=field-waveform-1789384832742-4 D6 FIRST_VALID_SAMPLE state=FIRST_FRAME_RECEIVED attempts=1 streak=1
[2026-09-14T11:22:25.936Z] batch=field-waveform-1789384832742-4 D3 FIRST_FRAME state=FIRST_FRAME_RECEIVED attempts=1 streak=1
[2026-09-14T11:22:25.936Z] batch=field-waveform-1789384832742-4 D3 FIRST_VALID_SAMPLE state=FIRST_FRAME_RECEIVED attempts=1 streak=1
[2026-09-14T11:22:26.133Z] batch=field-waveform-1789384832742-4 D6 CHANNEL_SYNC_OK state=TEST_READY attempts=1 streak=5
[2026-09-14T11:22:26.134Z] batch=field-waveform-1789384832742-4 D6 TEST_READY state=TEST_READY attempts=1 streak=5
[2026-09-14T11:22:26.135Z] batch=field-waveform-1789384832742-4 D3 CHANNEL_SYNC_OK state=TEST_READY attempts=1 streak=5
[2026-09-14T11:22:26.135Z] batch=field-waveform-1789384832742-4 D3 TEST_READY state=TEST_READY attempts=1 streak=5
[2026-09-14T11:22:26.151Z] batch=field-waveform-1789384832742-4 D2 FIRST_FRAME state=FIRST_FRAME_RECEIVED attempts=1 streak=1
[2026-09-14T11:22:26.151Z] batch=field-waveform-1789384832742-4 D2 FIRST_VALID_SAMPLE state=FIRST_FRAME_RECEIVED attempts=1 streak=1
[2026-09-14T11:22:26.153Z] batch=field-waveform-1789384832742-4 D1 FIRST_FRAME state=FIRST_FRAME_RECEIVED attempts=1 streak=1
[2026-09-14T11:22:26.153Z] batch=field-waveform-1789384832742-4 D1 FIRST_VALID_SAMPLE state=FIRST_FRAME_RECEIVED attempts=1 streak=1
[2026-09-14T11:22:26.154Z] batch=field-waveform-1789384832742-4 D4 FIRST_FRAME state=FIRST_FRAME_RECEIVED attempts=1 streak=1
[2026-09-14T11:22:26.154Z] batch=field-waveform-1789384832742-4 D4 FIRST_VALID_SAMPLE state=FIRST_FRAME_RECEIVED attempts=1 streak=1
[2026-09-14T11:22:26.492Z] batch=field-waveform-1789384832742-4 D2 CHANNEL_SYNC_OK state=TEST_READY attempts=1 streak=5
[2026-09-14T11:22:26.492Z] batch=field-waveform-1789384832742-4 D2 TEST_READY state=TEST_READY attempts=1 streak=5
[2026-09-14T11:22:26.493Z] batch=field-waveform-1789384832742-4 D1 CHANNEL_SYNC_OK state=TEST_READY attempts=1 streak=5
[2026-09-14T11:22:26.493Z] batch=field-waveform-1789384832742-4 D1 TEST_READY state=TEST_READY attempts=1 streak=5
[2026-09-14T11:22:26.494Z] batch=field-waveform-1789384832742-4 D4 CHANNEL_SYNC_OK state=TEST_READY attempts=1 streak=5
[2026-09-14T11:22:26.495Z] batch=field-waveform-1789384832742-4 D4 TEST_READY state=TEST_READY attempts=1 streak=5
[2026-09-14T11:22:31.057Z] batch=field-waveform-1789384832742-4 D5 MODE_SWITCH_START state=MODE_SWITCHING attempts=1 streak=0 attempt=1
[2026-09-14T11:22:31.057Z] batch=field-waveform-1789384832742-4 D5 MODE_SWITCH_OK state=MODE_SWITCH_OK attempts=1 streak=0
[2026-09-14T11:22:36.210Z] batch=field-waveform-1789384832742-4 D5 FIRST_FRAME state=FIRST_FRAME_RECEIVED attempts=1 streak=1
[2026-09-14T11:22:36.210Z] batch=field-waveform-1789384832742-4 D5 FIRST_VALID_SAMPLE state=FIRST_FRAME_RECEIVED attempts=1 streak=1
[2026-09-14T11:22:36.360Z] batch=field-waveform-1789384832742-4 D5 CHANNEL_SYNC_OK state=TEST_READY attempts=1 streak=5
[2026-09-14T11:22:36.360Z] batch=field-waveform-1789384832742-4 D5 TEST_READY state=TEST_READY attempts=1 streak=5
[2026-09-14T11:23:01.710Z] batch=field-waveform-1789384832742-4 D5 MODE_SWITCH_START state=MODE_SWITCHING attempts=1 streak=0 attempt=1
[2026-09-14T11:23:01.710Z] batch=field-waveform-1789384832742-4 D5 MODE_SWITCH_OK state=MODE_SWITCH_OK attempts=1 streak=0
[2026-09-14T11:23:11.019Z] batch=field-waveform-1789384832742-4 D4 MODE_SWITCH_START state=MODE_SWITCHING attempts=1 streak=0 attempt=1
[2026-09-14T11:23:11.021Z] batch=field-waveform-1789384832742-4 D4 MODE_SWITCH_OK state=MODE_SWITCH_OK attempts=1 streak=0
[2026-09-14T11:23:11.026Z] batch=field-waveform-1789384832742-4 D6 MODE_SWITCH_START state=MODE_SWITCHING attempts=1 streak=0 attempt=1
[2026-09-14T11:23:11.026Z] batch=field-waveform-1789384832742-4 D6 MODE_SWITCH_OK state=MODE_SWITCH_OK attempts=1 streak=0
[2026-09-14T11:23:11.033Z] batch=field-waveform-1789384832742-4 D1 MODE_SWITCH_START state=MODE_SWITCHING attempts=1 streak=0 attempt=1
[2026-09-14T11:23:11.034Z] batch=field-waveform-1789384832742-4 D1 MODE_SWITCH_OK state=MODE_SWITCH_OK attempts=1 streak=0
[2026-09-14T11:23:11.040Z] batch=field-waveform-1789384832742-4 D3 MODE_SWITCH_START state=MODE_SWITCHING attempts=1 streak=0 attempt=1
[2026-09-14T11:23:11.040Z] batch=field-waveform-1789384832742-4 D3 MODE_SWITCH_OK state=MODE_SWITCH_OK attempts=1 streak=0
[2026-09-14T11:23:11.048Z] batch=field-waveform-1789384832742-4 D2 MODE_SWITCH_START state=MODE_SWITCHING attempts=1 streak=0 attempt=1
[2026-09-14T11:23:11.049Z] batch=field-waveform-1789384832742-4 D2 MODE_SWITCH_OK state=MODE_SWITCH_OK attempts=1 streak=0
[2026-09-14T11:23:11.823Z] batch=field-waveform-1789384832742-4 D5 MODE_SWITCH_START state=MODE_SWITCHING attempts=1 streak=0 attempt=1
[2026-09-14T11:23:11.825Z] batch=field-waveform-1789384832742-4 D5 MODE_SWITCH_OK state=MODE_SWITCH_OK attempts=1 streak=0
[2026-09-14T11:23:15.790Z] batch=field-waveform-1789384995788-5 D1 MODE_SWITCH_START state=MODE_SWITCHING attempts=1 streak=0 attempt=1
[2026-09-14T11:23:15.792Z] batch=field-waveform-1789384995788-5 D2 MODE_SWITCH_START state=MODE_SWITCHING attempts=1 streak=0 attempt=1
[2026-09-14T11:23:15.794Z] batch=field-waveform-1789384995788-5 D3 MODE_SWITCH_START state=MODE_SWITCHING attempts=1 streak=0 attempt=1
[2026-09-14T11:23:15.796Z] batch=field-waveform-1789384995788-5 D4 MODE_SWITCH_START state=MODE_SWITCHING attempts=1 streak=0 attempt=1
[2026-09-14T11:23:15.798Z] batch=field-waveform-1789384995788-5 D5 MODE_SWITCH_START state=MODE_SWITCHING attempts=1 streak=0 attempt=1
[2026-09-14T11:23:15.799Z] batch=field-waveform-1789384995788-5 D6 MODE_SWITCH_START state=MODE_SWITCHING attempts=1 streak=0 attempt=1
[2026-09-14T11:23:15.804Z] batch=field-waveform-1789384995788-5 D1 MODE_SWITCH_OK state=MODE_SWITCH_OK attempts=1 streak=0
[2026-09-14T11:23:15.806Z] batch=field-waveform-1789384995788-5 D2 MODE_SWITCH_OK state=MODE_SWITCH_OK attempts=1 streak=0
[2026-09-14T11:23:15.806Z] batch=field-waveform-1789384995788-5 D3 MODE_SWITCH_OK state=MODE_SWITCH_OK attempts=1 streak=0
[2026-09-14T11:23:15.807Z] batch=field-waveform-1789384995788-5 D4 MODE_SWITCH_OK state=MODE_SWITCH_OK attempts=1 streak=0
[2026-09-14T11:23:15.807Z] batch=field-waveform-1789384995788-5 D5 MODE_SWITCH_OK state=MODE_SWITCH_OK attempts=1 streak=0
[2026-09-14T11:23:15.807Z] batch=field-waveform-1789384995788-5 D6 MODE_SWITCH_OK state=MODE_SWITCH_OK attempts=1 streak=0
[2026-09-14T11:23:21.025Z] batch=field-waveform-1789384995788-5 D4 MODE_SWITCH_START state=MODE_SWITCHING attempts=1 streak=0 attempt=1
[2026-09-14T11:23:21.026Z] batch=field-waveform-1789384995788-5 D4 MODE_SWITCH_OK state=MODE_SWITCH_OK attempts=1 streak=0
[2026-09-14T11:23:21.028Z] batch=field-waveform-1789384995788-5 D6 MODE_SWITCH_START state=MODE_SWITCHING attempts=1 streak=0 attempt=1
[2026-09-14T11:23:21.029Z] batch=field-waveform-1789384995788-5 D6 MODE_SWITCH_OK state=MODE_SWITCH_OK attempts=1 streak=0
[2026-09-14T11:23:21.040Z] batch=field-waveform-1789384995788-5 D1 MODE_SWITCH_START state=MODE_SWITCHING attempts=1 streak=0 attempt=1
[2026-09-14T11:23:21.041Z] batch=field-waveform-1789384995788-5 D1 MODE_SWITCH_OK state=MODE_SWITCH_OK attempts=1 streak=0
[2026-09-14T11:23:21.043Z] batch=field-waveform-1789384995788-5 D3 MODE_SWITCH_START state=MODE_SWITCHING attempts=1 streak=0 attempt=1
[2026-09-14T11:23:21.044Z] batch=field-waveform-1789384995788-5 D3 MODE_SWITCH_OK state=MODE_SWITCH_OK attempts=1 streak=0
[2026-09-14T11:23:21.056Z] batch=field-waveform-1789384995788-5 D2 MODE_SWITCH_START state=MODE_SWITCHING attempts=1 streak=0 attempt=1
[2026-09-14T11:23:21.057Z] batch=field-waveform-1789384995788-5 D2 MODE_SWITCH_OK state=MODE_SWITCH_OK attempts=1 streak=0
[2026-09-14T11:23:21.840Z] batch=field-waveform-1789384995788-5 D5 MODE_SWITCH_START state=MODE_SWITCHING attempts=1 streak=0 attempt=1
[2026-09-14T11:23:21.841Z] batch=field-waveform-1789384995788-5 D5 MODE_SWITCH_OK state=MODE_SWITCH_OK attempts=1 streak=0
