[2026-09-18T02:02:49.776Z] batch=field-waveform-1789696794423-8 D6 MODE_SWITCH_START state=MODE_SWITCHING attempts=1 streak=0 attempt=1
[2026-09-18T02:02:49.781Z] batch=field-waveform-1789696794423-8 D6 MODE_SWITCH_OK state=MODE_SWITCH_OK attempts=1 streak=0
[2026-09-18T02:02:49.787Z] batch=field-waveform-1789696794423-8 D1 MODE_SWITCH_START state=MODE_SWITCHING attempts=1 streak=0 attempt=1
[2026-09-18T02:02:49.788Z] batch=field-waveform-1789696794423-8 D1 MODE_SWITCH_OK state=MODE_SWITCH_OK attempts=1 streak=0
[2026-09-18T02:02:49.793Z] batch=field-waveform-1789696794423-8 D2 MODE_SWITCH_START state=MODE_SWITCHING attempts=1 streak=0 attempt=1
[2026-09-18T02:02:49.794Z] batch=field-waveform-1789696794423-8 D2 MODE_SWITCH_OK state=MODE_SWITCH_OK attempts=1 streak=0
[2026-09-18T02:02:49.800Z] batch=field-waveform-1789696794423-8 D5 MODE_SWITCH_START state=MODE_SWITCHING attempts=1 streak=0 attempt=1
[2026-09-18T02:02:49.801Z] batch=field-waveform-1789696794423-8 D5 MODE_SWITCH_OK state=MODE_SWITCH_OK attempts=1 streak=0
[2026-09-18T02:02:49.808Z] batch=field-waveform-1789696794423-8 D3 MODE_SWITCH_START state=MODE_SWITCHING attempts=1 streak=0 attempt=1
[2026-09-18T02:02:49.808Z] batch=field-waveform-1789696794423-8 D3 MODE_SWITCH_OK state=MODE_SWITCH_OK attempts=1 streak=0
[2026-09-18T02:02:49.815Z] batch=field-waveform-1789696794423-8 D4 MODE_SWITCH_START state=MODE_SWITCHING attempts=1 streak=0 attempt=1
[2026-09-18T02:02:49.817Z] batch=field-waveform-1789696794423-8 D4 MODE_SWITCH_OK state=MODE_SWITCH_OK attempts=1 streak=0
[2026-09-18T02:02:59.871Z] batch=field-waveform-1789696794423-8 D6 MODE_SWITCH_START state=MODE_SWITCHING attempts=1 streak=0 attempt=1
[2026-09-18T02:02:59.872Z] batch=field-waveform-1789696794423-8 D6 MODE_SWITCH_OK state=MODE_SWITCH_OK attempts=1 streak=0
[2026-09-18T02:02:59.878Z] batch=field-waveform-1789696794423-8 D1 MODE_SWITCH_START state=MODE_SWITCHING attempts=1 streak=0 attempt=1
[2026-09-18T02:02:59.879Z] batch=field-waveform-1789696794423-8 D1 MODE_SWITCH_OK state=MODE_SWITCH_OK attempts=1 streak=0
[2026-09-18T02:02:59.884Z] batch=field-waveform-1789696794423-8 D2 MODE_SWITCH_START state=MODE_SWITCHING attempts=1 streak=0 attempt=1
[2026-09-18T02:02:59.888Z] batch=field-waveform-1789696794423-8 D2 MODE_SWITCH_OK state=MODE_SWITCH_OK attempts=1 streak=0
[2026-09-18T02:02:59.894Z] batch=field-waveform-1789696794423-8 D5 MODE_SWITCH_START state=MODE_SWITCHING attempts=1 streak=0 attempt=1
[2026-09-18T02:02:59.895Z] batch=field-waveform-1789696794423-8 D5 MODE_SWITCH_OK state=MODE_SWITCH_OK attempts=1 streak=0
[2026-09-18T02:02:59.900Z] batch=field-waveform-1789696794423-8 D3 MODE_SWITCH_START state=MODE_SWITCHING attempts=1 streak=0 attempt=1
[2026-09-18T02:02:59.901Z] batch=field-waveform-1789696794423-8 D3 MODE_SWITCH_OK state=MODE_SWITCH_OK attempts=1 streak=0
[2026-09-18T02:02:59.911Z] batch=field-waveform-1789696794423-8 D4 MODE_SWITCH_START state=MODE_SWITCHING attempts=1 streak=0 attempt=1
[2026-09-18T02:02:59.911Z] batch=field-waveform-1789696794423-8 D4 MODE_SWITCH_OK state=MODE_SWITCH_OK attempts=1 streak=0
[2026-09-18T02:03:10.061Z] batch=field-waveform-1789696794423-8 D6 MODE_SWITCH_START state=MODE_SWITCHING attempts=1 streak=0 attempt=1
[2026-09-18T02:03:10.063Z] batch=field-waveform-1789696794423-8 D6 MODE_SWITCH_OK state=MODE_SWITCH_OK attempts=1 streak=0
[2026-09-18T02:03:10.068Z] batch=field-waveform-1789696794423-8 D1 MODE_SWITCH_START state=MODE_SWITCHING attempts=1 streak=0 attempt=1
[2026-09-18T02:03:10.069Z] batch=field-waveform-1789696794423-8 D1 MODE_SWITCH_OK state=MODE_SWITCH_OK attempts=1 streak=0
[2026-09-18T02:03:10.078Z] batch=field-waveform-1789696794423-8 D2 MODE_SWITCH_START state=MODE_SWITCHING attempts=1 streak=0 attempt=1
[2026-09-18T02:03:10.079Z] batch=field-waveform-1789696794423-8 D2 MODE_SWITCH_OK state=MODE_SWITCH_OK attempts=1 streak=0
[2026-09-18T02:03:10.084Z] batch=field-waveform-1789696794423-8 D5 MODE_SWITCH_START state=MODE_SWITCHING attempts=1 streak=0 attempt=1
[2026-09-18T02:03:10.085Z] batch=field-waveform-1789696794423-8 D5 MODE_SWITCH_OK state=MODE_SWITCH_OK attempts=1 streak=0
[2026-09-18T02:03:10.091Z] batch=field-waveform-1789696794423-8 D3 MODE_SWITCH_START state=MODE_SWITCHING attempts=1 streak=0 attempt=1
[2026-09-18T02:03:10.092Z] batch=field-waveform-1789696794423-8 D3 MODE_SWITCH_OK state=MODE_SWITCH_OK attempts=1 streak=0
[2026-09-18T02:03:10.098Z] batch=field-waveform-1789696794423-8 D4 MODE_SWITCH_START state=MODE_SWITCHING attempts=1 streak=0 attempt=1
[2026-09-18T02:03:10.100Z] batch=field-waveform-1789696794423-8 D4 MODE_SWITCH_OK state=MODE_SWITCH_OK attempts=1 streak=0
[2026-09-18T02:03:20.104Z] batch=field-waveform-1789696794423-8 D6 MODE_SWITCH_START state=MODE_SWITCHING attempts=1 streak=0 attempt=1
[2026-09-18T02:03:20.105Z] batch=field-waveform-1789696794423-8 D6 MODE_SWITCH_OK state=MODE_SWITCH_OK attempts=1 streak=0
[2026-09-18T02:03:20.110Z] batch=field-waveform-1789696794423-8 D1 MODE_SWITCH_START state=MODE_SWITCHING attempts=1 streak=0 attempt=1
[2026-09-18T02:03:20.111Z] batch=field-waveform-1789696794423-8 D1 MODE_SWITCH_OK state=MODE_SWITCH_OK attempts=1 streak=0
[2026-09-18T02:03:20.117Z] batch=field-waveform-1789696794423-8 D2 MODE_SWITCH_START state=MODE_SWITCHING attempts=1 streak=0 attempt=1
[2026-09-18T02:03:20.118Z] batch=field-waveform-1789696794423-8 D2 MODE_SWITCH_OK state=MODE_SWITCH_OK attempts=1 streak=0
[2026-09-18T02:03:20.123Z] batch=field-waveform-1789696794423-8 D5 MODE_SWITCH_START state=MODE_SWITCHING attempts=1 streak=0 attempt=1
[2026-09-18T02:03:20.124Z] batch=field-waveform-1789696794423-8 D5 MODE_SWITCH_OK state=MODE_SWITCH_OK attempts=1 streak=0
[2026-09-18T02:03:20.131Z] batch=field-waveform-1789696794423-8 D3 MODE_SWITCH_START state=MODE_SWITCHING attempts=1 streak=0 attempt=1
[2026-09-18T02:03:20.132Z] batch=field-waveform-1789696794423-8 D3 MODE_SWITCH_OK state=MODE_SWITCH_OK attempts=1 streak=0
[2026-09-18T02:03:20.154Z] batch=field-waveform-1789696794423-8 D4 MODE_SWITCH_START state=MODE_SWITCHING attempts=1 streak=0 attempt=1
[2026-09-18T02:03:20.155Z] batch=field-waveform-1789696794423-8 D4 MODE_SWITCH_OK state=MODE_SWITCH_OK attempts=1 streak=0
[2026-09-18T02:03:30.298Z] batch=field-waveform-1789696794423-8 D6 MODE_SWITCH_START state=MODE_SWITCHING attempts=1 streak=0 attempt=1
[2026-09-18T02:03:30.304Z] batch=field-waveform-1789696794423-8 D6 MODE_SWITCH_OK state=MODE_SWITCH_OK attempts=1 streak=0
[2026-09-18T02:03:30.316Z] batch=field-waveform-1789696794423-8 D1 MODE_SWITCH_START state=MODE_SWITCHING attempts=1 streak=0 attempt=1
[2026-09-18T02:03:30.317Z] batch=field-waveform-1789696794423-8 D1 MODE_SWITCH_OK state=MODE_SWITCH_OK attempts=1 streak=0
[2026-09-18T02:03:30.322Z] batch=field-waveform-1789696794423-8 D2 MODE_SWITCH_START state=MODE_SWITCHING attempts=1 streak=0 attempt=1
[2026-09-18T02:03:30.323Z] batch=field-waveform-1789696794423-8 D2 MODE_SWITCH_OK state=MODE_SWITCH_OK attempts=1 streak=0
[2026-09-18T02:03:30.329Z] batch=field-waveform-1789696794423-8 D5 MODE_SWITCH_START state=MODE_SWITCHING attempts=1 streak=0 attempt=1
[2026-09-18T02:03:30.330Z] batch=field-waveform-1789696794423-8 D5 MODE_SWITCH_OK state=MODE_SWITCH_OK attempts=1 streak=0
[2026-09-18T02:03:30.335Z] batch=field-waveform-1789696794423-8 D3 MODE_SWITCH_START state=MODE_SWITCHING attempts=1 streak=0 attempt=1
[2026-09-18T02:03:30.335Z] batch=field-waveform-1789696794423-8 D3 MODE_SWITCH_OK state=MODE_SWITCH_OK attempts=1 streak=0
[2026-09-18T02:03:30.341Z] batch=field-waveform-1789696794423-8 D4 MODE_SWITCH_START state=MODE_SWITCHING attempts=1 streak=0 attempt=1
[2026-09-18T02:03:30.342Z] batch=field-waveform-1789696794423-8 D4 MODE_SWITCH_OK state=MODE_SWITCH_OK attempts=1 streak=0
[2026-09-18T02:03:32.756Z] batch=field-waveform-1789697012755-9 D1 MODE_SWITCH_START state=MODE_SWITCHING attempts=1 streak=0 attempt=1
[2026-09-18T02:03:32.758Z] batch=field-waveform-1789697012755-9 D2 MODE_SWITCH_START state=MODE_SWITCHING attempts=1 streak=0 attempt=1
[2026-09-18T02:03:32.760Z] batch=field-waveform-1789697012755-9 D3 MODE_SWITCH_START state=MODE_SWITCHING attempts=1 streak=0 attempt=1
[2026-09-18T02:03:32.761Z] batch=field-waveform-1789697012755-9 D4 MODE_SWITCH_START state=MODE_SWITCHING attempts=1 streak=0 attempt=1
[2026-09-18T02:03:32.761Z] batch=field-waveform-1789697012755-9 D5 MODE_SWITCH_START state=MODE_SWITCHING attempts=1 streak=0 attempt=1
[2026-09-18T02:03:32.762Z] batch=field-waveform-1789697012755-9 D6 MODE_SWITCH_START state=MODE_SWITCHING attempts=1 streak=0 attempt=1
[2026-09-18T02:03:32.765Z] batch=field-waveform-1789697012755-9 D1 MODE_SWITCH_OK state=MODE_SWITCH_OK attempts=1 streak=0
[2026-09-18T02:03:32.765Z] batch=field-waveform-1789697012755-9 D2 MODE_SWITCH_OK state=MODE_SWITCH_OK attempts=1 streak=0
[2026-09-18T02:03:32.766Z] batch=field-waveform-1789697012755-9 D3 MODE_SWITCH_OK state=MODE_SWITCH_OK attempts=1 streak=0
[2026-09-18T02:03:32.767Z] batch=field-waveform-1789697012755-9 D4 MODE_SWITCH_OK state=MODE_SWITCH_OK attempts=1 streak=0
[2026-09-18T02:03:32.767Z] batch=field-waveform-1789697012755-9 D5 MODE_SWITCH_OK state=MODE_SWITCH_OK attempts=1 streak=0
[2026-09-18T02:03:32.767Z] batch=field-waveform-1789697012755-9 D6 MODE_SWITCH_OK state=MODE_SWITCH_OK attempts=1 streak=0
[2026-09-18T02:03:40.305Z] batch=field-waveform-1789697012755-9 D6 MODE_SWITCH_START state=MODE_SWITCHING attempts=1 streak=0 attempt=1
[2026-09-18T02:03:40.307Z] batch=field-waveform-1789697012755-9 D6 MODE_SWITCH_OK state=MODE_SWITCH_OK attempts=1 streak=0
[2026-09-18T02:03:40.321Z] batch=field-waveform-1789697012755-9 D1 MODE_SWITCH_START state=MODE_SWITCHING attempts=1 streak=0 attempt=1
[2026-09-18T02:03:40.323Z] batch=field-waveform-1789697012755-9 D1 MODE_SWITCH_OK state=MODE_SWITCH_OK attempts=1 streak=0
[2026-09-18T02:03:40.326Z] batch=field-waveform-1789697012755-9 D2 MODE_SWITCH_START state=MODE_SWITCHING attempts=1 streak=0 attempt=1
[2026-09-18T02:03:40.328Z] batch=field-waveform-1789697012755-9 D2 MODE_SWITCH_OK state=MODE_SWITCH_OK attempts=1 streak=0
[2026-09-18T02:03:40.330Z] batch=field-waveform-1789697012755-9 D5 MODE_SWITCH_START state=MODE_SWITCHING attempts=1 streak=0 attempt=1
[2026-09-18T02:03:40.333Z] batch=field-waveform-1789697012755-9 D5 MODE_SWITCH_OK state=MODE_SWITCH_OK attempts=1 streak=0
[2026-09-18T02:03:40.337Z] batch=field-waveform-1789697012755-9 D3 MODE_SWITCH_START state=MODE_SWITCHING attempts=1 streak=0 attempt=1
[2026-09-18T02:03:40.339Z] batch=field-waveform-1789697012755-9 D3 MODE_SWITCH_OK state=MODE_SWITCH_OK attempts=1 streak=0
[2026-09-18T02:03:40.354Z] batch=field-waveform-1789697012755-9 D4 MODE_SWITCH_START state=MODE_SWITCHING attempts=1 streak=0 attempt=1
[2026-09-18T02:03:40.354Z] batch=field-waveform-1789697012755-9 D4 MODE_SWITCH_OK state=MODE_SWITCH_OK attempts=1 streak=0
[2026-09-18T02:03:50.310Z] batch=field-waveform-1789697012755-9 D6 MODE_SWITCH_START state=MODE_SWITCHING attempts=1 streak=0 attempt=1
[2026-09-18T02:03:50.311Z] batch=field-waveform-1789697012755-9 D6 MODE_SWITCH_OK state=MODE_SWITCH_OK attempts=1 streak=0
[2026-09-18T02:03:50.326Z] batch=field-waveform-1789697012755-9 D1 MODE_SWITCH_START state=MODE_SWITCHING attempts=1 streak=0 attempt=1
[2026-09-18T02:03:50.328Z] batch=field-waveform-1789697012755-9 D1 MODE_SWITCH_OK state=MODE_SWITCH_OK attempts=1 streak=0
[2026-09-18T02:03:50.330Z] batch=field-waveform-1789697012755-9 D2 MODE_SWITCH_START state=MODE_SWITCHING attempts=1 streak=0 attempt=1
[2026-09-18T02:03:50.336Z] batch=field-waveform-1789697012755-9 D2 MODE_SWITCH_OK state=MODE_SWITCH_OK attempts=1 streak=0
[2026-09-18T02:03:50.337Z] batch=field-waveform-1789697012755-9 D5 MODE_SWITCH_START state=MODE_SWITCHING attempts=1 streak=0 attempt=1
[2026-09-18T02:03:50.337Z] batch=field-waveform-1789697012755-9 D5 MODE_SWITCH_OK state=MODE_SWITCH_OK attempts=1 streak=0
[2026-09-18T02:03:50.344Z] batch=field-waveform-1789697012755-9 D3 MODE_SWITCH_START state=MODE_SWITCHING attempts=1 streak=0 attempt=1
[2026-09-18T02:03:50.346Z] batch=field-waveform-1789697012755-9 D3 MODE_SWITCH_OK state=MODE_SWITCH_OK attempts=1 streak=0
[2026-09-18T02:03:50.356Z] batch=field-waveform-1789697012755-9 D4 MODE_SWITCH_START state=MODE_SWITCHING attempts=1 streak=0 attempt=1
[2026-09-18T02:03:50.357Z] batch=field-waveform-1789697012755-9 D4 MODE_SWITCH_OK state=MODE_SWITCH_OK attempts=1 streak=0
[2026-09-18T02:04:00.313Z] batch=field-waveform-1789697012755-9 D6 MODE_SWITCH_START state=MODE_SWITCHING attempts=1 streak=0 attempt=1
[2026-09-18T02:04:00.315Z] batch=field-waveform-1789697012755-9 D6 MODE_SWITCH_OK state=MODE_SWITCH_OK attempts=1 streak=0
[2026-09-18T02:04:00.334Z] batch=field-waveform-1789697012755-9 D1 MODE_SWITCH_START state=MODE_SWITCHING attempts=1 streak=0 attempt=1
[2026-09-18T02:04:00.336Z] batch=field-waveform-1789697012755-9 D1 MODE_SWITCH_OK state=MODE_SWITCH_OK attempts=1 streak=0
[2026-09-18T02:04:00.338Z] batch=field-waveform-1789697012755-9 D2 MODE_SWITCH_START state=MODE_SWITCHING attempts=1 streak=0 attempt=1
[2026-09-18T02:04:00.340Z] batch=field-waveform-1789697012755-9 D2 MODE_SWITCH_OK state=MODE_SWITCH_OK attempts=1 streak=0
[2026-09-18T02:04:00.342Z] batch=field-waveform-1789697012755-9 D5 MODE_SWITCH_START state=MODE_SWITCHING attempts=1 streak=0 attempt=1
[2026-09-18T02:04:00.353Z] batch=field-waveform-1789697012755-9 D5 MODE_SWITCH_OK state=MODE_SWITCH_OK attempts=1 streak=0
[2026-09-18T02:04:00.358Z] batch=field-waveform-1789697012755-9 D3 MODE_SWITCH_START state=MODE_SWITCHING attempts=1 streak=0 attempt=1
[2026-09-18T02:04:00.360Z] batch=field-waveform-1789697012755-9 D3 MODE_SWITCH_OK state=MODE_SWITCH_OK attempts=1 streak=0
[2026-09-18T02:04:00.363Z] batch=field-waveform-1789697012755-9 D4 MODE_SWITCH_START state=MODE_SWITCHING attempts=1 streak=0 attempt=1
[2026-09-18T02:04:00.365Z] batch=field-waveform-1789697012755-9 D4 MODE_SWITCH_OK state=MODE_SWITCH_OK attempts=1 streak=0
[2026-09-18T02:04:10.316Z] batch=field-waveform-1789697012755-9 D6 MODE_SWITCH_START state=MODE_SWITCHING attempts=1 streak=0 attempt=1
[2026-09-18T02:04:10.317Z] batch=field-waveform-1789697012755-9 D6 MODE_SWITCH_OK state=MODE_SWITCH_OK attempts=1 streak=0
[2026-09-18T02:04:10.340Z] batch=field-waveform-1789697012755-9 D1 MODE_SWITCH_START state=MODE_SWITCHING attempts=1 streak=0 attempt=1
[2026-09-18T02:04:10.341Z] batch=field-waveform-1789697012755-9 D1 MODE_SWITCH_OK state=MODE_SWITCH_OK attempts=1 streak=0
[2026-09-18T02:04:10.343Z] batch=field-waveform-1789697012755-9 D2 MODE_SWITCH_START state=MODE_SWITCHING attempts=1 streak=0 attempt=1
[2026-09-18T02:04:10.345Z] batch=field-waveform-1789697012755-9 D2 MODE_SWITCH_OK state=MODE_SWITCH_OK attempts=1 streak=0
[2026-09-18T02:04:10.356Z] batch=field-waveform-1789697012755-9 D5 MODE_SWITCH_START state=MODE_SWITCHING attempts=1 streak=0 attempt=1
[2026-09-18T02:04:10.358Z] batch=field-waveform-1789697012755-9 D5 MODE_SWITCH_OK state=MODE_SWITCH_OK attempts=1 streak=0
[2026-09-18T02:04:10.361Z] batch=field-waveform-1789697012755-9 D3 MODE_SWITCH_START state=MODE_SWITCHING attempts=1 streak=0 attempt=1
[2026-09-18T02:04:10.381Z] batch=field-waveform-1789697012755-9 D3 MODE_SWITCH_OK state=MODE_SWITCH_OK attempts=1 streak=0
[2026-09-18T02:04:10.382Z] batch=field-waveform-1789697012755-9 D4 MODE_SWITCH_START state=MODE_SWITCHING attempts=1 streak=0 attempt=1
[2026-09-18T02:04:10.383Z] batch=field-waveform-1789697012755-9 D4 MODE_SWITCH_OK state=MODE_SWITCH_OK attempts=1 streak=0
[2026-09-18T02:04:14.091Z] batch=field-waveform-1789697012755-9 D6 FIRST_FRAME state=FIRST_FRAME_RECEIVED attempts=1 streak=1
[2026-09-18T02:04:14.092Z] batch=field-waveform-1789697012755-9 D6 FIRST_VALID_SAMPLE state=FIRST_FRAME_RECEIVED attempts=1 streak=1
[2026-09-18T02:04:14.338Z] batch=field-waveform-1789697012755-9 D6 CHANNEL_SYNC_OK state=TEST_READY attempts=1 streak=5
[2026-09-18T02:04:14.338Z] batch=field-waveform-1789697012755-9 D6 TEST_READY state=TEST_READY attempts=1 streak=5
[2026-09-18T02:04:15.386Z] batch=field-waveform-1789697012755-9 D1 FIRST_FRAME state=FIRST_FRAME_RECEIVED attempts=1 streak=1
[2026-09-18T02:04:15.387Z] batch=field-waveform-1789697012755-9 D1 FIRST_VALID_SAMPLE state=FIRST_FRAME_RECEIVED attempts=1 streak=1
[2026-09-18T02:04:15.389Z] batch=field-waveform-1789697012755-9 D2 FIRST_FRAME state=FIRST_FRAME_RECEIVED attempts=1 streak=1
[2026-09-18T02:04:15.390Z] batch=field-waveform-1789697012755-9 D2 FIRST_VALID_SAMPLE state=FIRST_FRAME_RECEIVED attempts=1 streak=1
[2026-09-18T02:04:15.403Z] batch=field-waveform-1789697012755-9 D5 FIRST_FRAME state=FIRST_FRAME_RECEIVED attempts=1 streak=1
[2026-09-18T02:04:15.404Z] batch=field-waveform-1789697012755-9 D5 FIRST_VALID_SAMPLE state=FIRST_FRAME_RECEIVED attempts=1 streak=1
[2026-09-18T02:04:15.462Z] batch=field-waveform-1789697012755-9 D3 FIRST_FRAME state=FIRST_FRAME_RECEIVED attempts=1 streak=1
[2026-09-18T02:04:15.462Z] batch=field-waveform-1789697012755-9 D3 FIRST_VALID_SAMPLE state=FIRST_FRAME_RECEIVED attempts=1 streak=1
[2026-09-18T02:04:15.477Z] batch=field-waveform-1789697012755-9 D4 FIRST_FRAME state=FIRST_FRAME_RECEIVED attempts=1 streak=1
[2026-09-18T02:04:15.477Z] batch=field-waveform-1789697012755-9 D4 FIRST_VALID_SAMPLE state=FIRST_FRAME_RECEIVED attempts=1 streak=1
[2026-09-18T02:04:15.647Z] batch=field-waveform-1789697012755-9 D1 CHANNEL_SYNC_OK state=TEST_READY attempts=1 streak=5
[2026-09-18T02:04:15.647Z] batch=field-waveform-1789697012755-9 D1 TEST_READY state=TEST_READY attempts=1 streak=5
[2026-09-18T02:04:15.648Z] batch=field-waveform-1789697012755-9 D2 CHANNEL_SYNC_OK state=TEST_READY attempts=1 streak=5
[2026-09-18T02:04:15.648Z] batch=field-waveform-1789697012755-9 D2 TEST_READY state=TEST_READY attempts=1 streak=5
[2026-09-18T02:04:15.658Z] batch=field-waveform-1789697012755-9 D5 CHANNEL_SYNC_OK state=TEST_READY attempts=1 streak=5
[2026-09-18T02:04:15.659Z] batch=field-waveform-1789697012755-9 D5 TEST_READY state=TEST_READY attempts=1 streak=5
[2026-09-18T02:04:15.710Z] batch=field-waveform-1789697012755-9 D3 CHANNEL_SYNC_OK state=TEST_READY attempts=1 streak=5
[2026-09-18T02:04:15.710Z] batch=field-waveform-1789697012755-9 D3 TEST_READY state=TEST_READY attempts=1 streak=5
[2026-09-18T02:04:15.739Z] batch=field-waveform-1789697012755-9 D4 CHANNEL_SYNC_OK state=TEST_READY attempts=1 streak=5
[2026-09-18T02:04:15.740Z] batch=field-waveform-1789697012755-9 D4 TEST_READY state=TEST_READY attempts=1 streak=5
[2026-09-18T02:05:20.473Z] batch=field-waveform-1789697012755-9 D4 MODE_SWITCH_START state=MODE_SWITCHING attempts=1 streak=0 attempt=1
[2026-09-18T02:05:20.474Z] batch=field-waveform-1789697012755-9 D4 MODE_SWITCH_OK state=MODE_SWITCH_OK attempts=1 streak=0
[2026-09-18T02:05:20.477Z] batch=field-waveform-1789697012755-9 D1 MODE_SWITCH_START state=MODE_SWITCHING attempts=1 streak=0 attempt=1
[2026-09-18T02:05:20.478Z] batch=field-waveform-1789697012755-9 D1 MODE_SWITCH_OK state=MODE_SWITCH_OK attempts=1 streak=0
[2026-09-18T02:05:20.481Z] batch=field-waveform-1789697012755-9 D2 MODE_SWITCH_START state=MODE_SWITCHING attempts=1 streak=0 attempt=1
[2026-09-18T02:05:20.482Z] batch=field-waveform-1789697012755-9 D2 MODE_SWITCH_OK state=MODE_SWITCH_OK attempts=1 streak=0
[2026-09-18T02:05:20.485Z] batch=field-waveform-1789697012755-9 D6 MODE_SWITCH_START state=MODE_SWITCHING attempts=1 streak=0 attempt=1
[2026-09-18T02:05:20.486Z] batch=field-waveform-1789697012755-9 D6 MODE_SWITCH_OK state=MODE_SWITCH_OK attempts=1 streak=0
[2026-09-18T02:05:20.491Z] batch=field-waveform-1789697012755-9 D3 MODE_SWITCH_START state=MODE_SWITCHING attempts=1 streak=0 attempt=1
[2026-09-18T02:05:20.492Z] batch=field-waveform-1789697012755-9 D3 MODE_SWITCH_OK state=MODE_SWITCH_OK attempts=1 streak=0
[2026-09-18T02:05:20.495Z] batch=field-waveform-1789697012755-9 D5 MODE_SWITCH_START state=MODE_SWITCHING attempts=1 streak=0 attempt=1
[2026-09-18T02:05:20.496Z] batch=field-waveform-1789697012755-9 D5 MODE_SWITCH_OK state=MODE_SWITCH_OK attempts=1 streak=0
[2026-09-18T02:05:25.603Z] batch=field-waveform-1789697012755-9 D6 FIRST_FRAME state=FIRST_FRAME_RECEIVED attempts=1 streak=1
[2026-09-18T02:05:25.603Z] batch=field-waveform-1789697012755-9 D6 FIRST_VALID_SAMPLE state=FIRST_FRAME_RECEIVED attempts=1 streak=1
[2026-09-18T02:05:25.606Z] batch=field-waveform-1789697012755-9 D4 FIRST_FRAME state=FIRST_FRAME_RECEIVED attempts=1 streak=1
[2026-09-18T02:05:25.608Z] batch=field-waveform-1789697012755-9 D4 FIRST_VALID_SAMPLE state=FIRST_FRAME_RECEIVED attempts=1 streak=1
[2026-09-18T02:05:25.610Z] batch=field-waveform-1789697012755-9 D1 FIRST_FRAME state=FIRST_FRAME_RECEIVED attempts=1 streak=1
[2026-09-18T02:05:25.610Z] batch=field-waveform-1789697012755-9 D1 FIRST_VALID_SAMPLE state=FIRST_FRAME_RECEIVED attempts=1 streak=1
[2026-09-18T02:05:25.611Z] batch=field-waveform-1789697012755-9 D2 FIRST_FRAME state=FIRST_FRAME_RECEIVED attempts=1 streak=1
[2026-09-18T02:05:25.612Z] batch=field-waveform-1789697012755-9 D2 FIRST_VALID_SAMPLE state=FIRST_FRAME_RECEIVED attempts=1 streak=1
[2026-09-18T02:05:25.612Z] batch=field-waveform-1789697012755-9 D5 FIRST_FRAME state=FIRST_FRAME_RECEIVED attempts=1 streak=1
[2026-09-18T02:05:25.613Z] batch=field-waveform-1789697012755-9 D5 FIRST_VALID_SAMPLE state=FIRST_FRAME_RECEIVED attempts=1 streak=1
[2026-09-18T02:05:25.613Z] batch=field-waveform-1789697012755-9 D3 FIRST_FRAME state=FIRST_FRAME_RECEIVED attempts=1 streak=1
[2026-09-18T02:05:25.613Z] batch=field-waveform-1789697012755-9 D3 FIRST_VALID_SAMPLE state=FIRST_FRAME_RECEIVED attempts=1 streak=1
[2026-09-18T02:05:25.799Z] batch=field-waveform-1789697012755-9 D6 CHANNEL_SYNC_OK state=TEST_READY attempts=1 streak=5
[2026-09-18T02:05:25.800Z] batch=field-waveform-1789697012755-9 D6 TEST_READY state=TEST_READY attempts=1 streak=5
[2026-09-18T02:05:25.801Z] batch=field-waveform-1789697012755-9 D4 CHANNEL_SYNC_OK state=TEST_READY attempts=1 streak=5
[2026-09-18T02:05:25.801Z] batch=field-waveform-1789697012755-9 D4 TEST_READY state=TEST_READY attempts=1 streak=5
[2026-09-18T02:05:26.035Z] batch=field-waveform-1789697012755-9 D1 CHANNEL_SYNC_OK state=TEST_READY attempts=1 streak=5
[2026-09-18T02:05:26.035Z] batch=field-waveform-1789697012755-9 D1 TEST_READY state=TEST_READY attempts=1 streak=5
[2026-09-18T02:05:26.036Z] batch=field-waveform-1789697012755-9 D2 CHANNEL_SYNC_OK state=TEST_READY attempts=1 streak=5
[2026-09-18T02:05:26.036Z] batch=field-waveform-1789697012755-9 D2 TEST_READY state=TEST_READY attempts=1 streak=5
[2026-09-18T02:05:26.037Z] batch=field-waveform-1789697012755-9 D5 CHANNEL_SYNC_OK state=TEST_READY attempts=1 streak=5
[2026-09-18T02:05:26.037Z] batch=field-waveform-1789697012755-9 D5 TEST_READY state=TEST_READY attempts=1 streak=5
[2026-09-18T02:05:26.038Z] batch=field-waveform-1789697012755-9 D3 CHANNEL_SYNC_OK state=TEST_READY attempts=1 streak=5
[2026-09-18T02:05:26.038Z] batch=field-waveform-1789697012755-9 D3 TEST_READY state=TEST_READY attempts=1 streak=5
