[2026-09-14T01:11:36.527Z] batch=field-waveform-1789348136773-2 D4 MODE_SWITCH_START state=MODE_SWITCHING attempts=1 streak=0 attempt=1
[2026-09-14T01:11:36.529Z] batch=field-waveform-1789348136773-2 D4 MODE_SWITCH_OK state=MODE_SWITCH_OK attempts=1 streak=0
[2026-09-14T01:11:36.534Z] batch=field-waveform-1789348136773-2 D1 MODE_SWITCH_START state=MODE_SWITCHING attempts=1 streak=0 attempt=1
[2026-09-14T01:11:36.535Z] batch=field-waveform-1789348136773-2 D1 MODE_SWITCH_OK state=MODE_SWITCH_OK attempts=1 streak=0
[2026-09-14T01:11:36.539Z] batch=field-waveform-1789348136773-2 D3 MODE_SWITCH_START state=MODE_SWITCHING attempts=1 streak=0 attempt=1
[2026-09-14T01:11:36.540Z] batch=field-waveform-1789348136773-2 D3 MODE_SWITCH_OK state=MODE_SWITCH_OK attempts=1 streak=0
[2026-09-14T01:11:36.545Z] batch=field-waveform-1789348136773-2 D6 MODE_SWITCH_START state=MODE_SWITCHING attempts=1 streak=0 attempt=1
[2026-09-14T01:11:36.547Z] batch=field-waveform-1789348136773-2 D6 MODE_SWITCH_OK state=MODE_SWITCH_OK attempts=1 streak=0
[2026-09-14T01:11:36.555Z] batch=field-waveform-1789348136773-2 D2 MODE_SWITCH_START state=MODE_SWITCHING attempts=1 streak=0 attempt=1
[2026-09-14T01:11:36.556Z] batch=field-waveform-1789348136773-2 D2 MODE_SWITCH_OK state=MODE_SWITCH_OK attempts=1 streak=0
[2026-09-14T01:11:37.067Z] batch=field-waveform-1789348136773-2 D5 MODE_SWITCH_START state=MODE_SWITCHING attempts=1 streak=0 attempt=1
[2026-09-14T01:11:37.069Z] batch=field-waveform-1789348136773-2 D5 MODE_SWITCH_OK state=MODE_SWITCH_OK attempts=1 streak=0
[2026-09-14T01:11:46.542Z] batch=field-waveform-1789348136773-2 D4 MODE_SWITCH_START state=MODE_SWITCHING attempts=1 streak=0 attempt=1
[2026-09-14T01:11:46.543Z] batch=field-waveform-1789348136773-2 D4 MODE_SWITCH_OK state=MODE_SWITCH_OK attempts=1 streak=0
[2026-09-14T01:11:46.896Z] batch=field-waveform-1789348136773-2 D1 MODE_SWITCH_START state=MODE_SWITCHING attempts=1 streak=0 attempt=1
[2026-09-14T01:11:46.897Z] batch=field-waveform-1789348136773-2 D1 MODE_SWITCH_OK state=MODE_SWITCH_OK attempts=1 streak=0
[2026-09-14T01:11:46.900Z] batch=field-waveform-1789348136773-2 D3 MODE_SWITCH_START state=MODE_SWITCHING attempts=1 streak=0 attempt=1
[2026-09-14T01:11:46.901Z] batch=field-waveform-1789348136773-2 D3 MODE_SWITCH_OK state=MODE_SWITCH_OK attempts=1 streak=0
[2026-09-14T01:11:46.906Z] batch=field-waveform-1789348136773-2 D6 MODE_SWITCH_START state=MODE_SWITCHING attempts=1 streak=0 attempt=1
[2026-09-14T01:11:46.907Z] batch=field-waveform-1789348136773-2 D6 MODE_SWITCH_OK state=MODE_SWITCH_OK attempts=1 streak=0
[2026-09-14T01:11:46.910Z] batch=field-waveform-1789348136773-2 D2 MODE_SWITCH_START state=MODE_SWITCHING attempts=1 streak=0 attempt=1
[2026-09-14T01:11:46.911Z] batch=field-waveform-1789348136773-2 D2 MODE_SWITCH_OK state=MODE_SWITCH_OK attempts=1 streak=0
[2026-09-14T01:11:47.264Z] batch=field-waveform-1789348136773-2 D5 MODE_SWITCH_START state=MODE_SWITCHING attempts=1 streak=0 attempt=1
[2026-09-14T01:11:47.269Z] batch=field-waveform-1789348136773-2 D5 MODE_SWITCH_OK state=MODE_SWITCH_OK attempts=1 streak=0
[2026-09-14T01:11:56.721Z] batch=field-waveform-1789348136773-2 D4 MODE_SWITCH_START state=MODE_SWITCHING attempts=1 streak=0 attempt=1
[2026-09-14T01:11:56.724Z] batch=field-waveform-1789348136773-2 D4 MODE_SWITCH_OK state=MODE_SWITCH_OK attempts=1 streak=0
[2026-09-14T01:11:56.933Z] batch=field-waveform-1789348136773-2 D1 MODE_SWITCH_START state=MODE_SWITCHING attempts=1 streak=0 attempt=1
[2026-09-14T01:11:56.934Z] batch=field-waveform-1789348136773-2 D1 MODE_SWITCH_OK state=MODE_SWITCH_OK attempts=1 streak=0
[2026-09-14T01:11:56.938Z] batch=field-waveform-1789348136773-2 D3 MODE_SWITCH_START state=MODE_SWITCHING attempts=1 streak=0 attempt=1
[2026-09-14T01:11:56.939Z] batch=field-waveform-1789348136773-2 D3 MODE_SWITCH_OK state=MODE_SWITCH_OK attempts=1 streak=0
[2026-09-14T01:11:56.943Z] batch=field-waveform-1789348136773-2 D6 MODE_SWITCH_START state=MODE_SWITCHING attempts=1 streak=0 attempt=1
[2026-09-14T01:11:56.944Z] batch=field-waveform-1789348136773-2 D6 MODE_SWITCH_OK state=MODE_SWITCH_OK attempts=1 streak=0
[2026-09-14T01:11:56.948Z] batch=field-waveform-1789348136773-2 D2 MODE_SWITCH_START state=MODE_SWITCHING attempts=1 streak=0 attempt=1
[2026-09-14T01:11:56.949Z] batch=field-waveform-1789348136773-2 D2 MODE_SWITCH_OK state=MODE_SWITCH_OK attempts=1 streak=0
[2026-09-14T01:11:57.311Z] batch=field-waveform-1789348136773-2 D5 MODE_SWITCH_START state=MODE_SWITCHING attempts=1 streak=0 attempt=1
[2026-09-14T01:11:57.314Z] batch=field-waveform-1789348136773-2 D5 MODE_SWITCH_OK state=MODE_SWITCH_OK attempts=1 streak=0
[2026-09-14T01:12:07.195Z] batch=field-waveform-1789348136773-2 D4 MODE_SWITCH_START state=MODE_SWITCHING attempts=1 streak=0 attempt=1
[2026-09-14T01:12:07.196Z] batch=field-waveform-1789348136773-2 D4 MODE_SWITCH_OK state=MODE_SWITCH_OK attempts=1 streak=0
[2026-09-14T01:12:07.200Z] batch=field-waveform-1789348136773-2 D1 MODE_SWITCH_START state=MODE_SWITCHING attempts=1 streak=0 attempt=1
[2026-09-14T01:12:07.202Z] batch=field-waveform-1789348136773-2 D1 MODE_SWITCH_OK state=MODE_SWITCH_OK attempts=1 streak=0
[2026-09-14T01:12:07.207Z] batch=field-waveform-1789348136773-2 D3 MODE_SWITCH_START state=MODE_SWITCHING attempts=1 streak=0 attempt=1
[2026-09-14T01:12:07.208Z] batch=field-waveform-1789348136773-2 D3 MODE_SWITCH_OK state=MODE_SWITCH_OK attempts=1 streak=0
[2026-09-14T01:12:07.212Z] batch=field-waveform-1789348136773-2 D6 MODE_SWITCH_START state=MODE_SWITCHING attempts=1 streak=0 attempt=1
[2026-09-14T01:12:07.214Z] batch=field-waveform-1789348136773-2 D6 MODE_SWITCH_OK state=MODE_SWITCH_OK attempts=1 streak=0
[2026-09-14T01:12:07.218Z] batch=field-waveform-1789348136773-2 D2 MODE_SWITCH_START state=MODE_SWITCHING attempts=1 streak=0 attempt=1
[2026-09-14T01:12:07.221Z] batch=field-waveform-1789348136773-2 D2 MODE_SWITCH_OK state=MODE_SWITCH_OK attempts=1 streak=0
[2026-09-14T01:12:07.387Z] batch=field-waveform-1789348136773-2 D5 MODE_SWITCH_START state=MODE_SWITCHING attempts=1 streak=0 attempt=1
[2026-09-14T01:12:07.389Z] batch=field-waveform-1789348136773-2 D5 MODE_SWITCH_OK state=MODE_SWITCH_OK attempts=1 streak=0
[2026-09-14T01:12:17.248Z] batch=field-waveform-1789348136773-2 D4 MODE_SWITCH_START state=MODE_SWITCHING attempts=1 streak=0 attempt=1
[2026-09-14T01:12:17.248Z] batch=field-waveform-1789348136773-2 D4 MODE_SWITCH_OK state=MODE_SWITCH_OK attempts=1 streak=0
[2026-09-14T01:12:17.252Z] batch=field-waveform-1789348136773-2 D1 MODE_SWITCH_START state=MODE_SWITCHING attempts=1 streak=0 attempt=1
[2026-09-14T01:12:17.253Z] batch=field-waveform-1789348136773-2 D1 MODE_SWITCH_OK state=MODE_SWITCH_OK attempts=1 streak=0
[2026-09-14T01:12:17.257Z] batch=field-waveform-1789348136773-2 D3 MODE_SWITCH_START state=MODE_SWITCHING attempts=1 streak=0 attempt=1
[2026-09-14T01:12:17.258Z] batch=field-waveform-1789348136773-2 D3 MODE_SWITCH_OK state=MODE_SWITCH_OK attempts=1 streak=0
[2026-09-14T01:12:17.263Z] batch=field-waveform-1789348136773-2 D6 MODE_SWITCH_START state=MODE_SWITCHING attempts=1 streak=0 attempt=1
[2026-09-14T01:12:17.263Z] batch=field-waveform-1789348136773-2 D6 MODE_SWITCH_OK state=MODE_SWITCH_OK attempts=1 streak=0
[2026-09-14T01:12:17.267Z] batch=field-waveform-1789348136773-2 D2 MODE_SWITCH_START state=MODE_SWITCHING attempts=1 streak=0 attempt=1
[2026-09-14T01:12:17.268Z] batch=field-waveform-1789348136773-2 D2 MODE_SWITCH_OK state=MODE_SWITCH_OK attempts=1 streak=0
[2026-09-14T01:12:17.446Z] batch=field-waveform-1789348136773-2 D5 MODE_SWITCH_START state=MODE_SWITCHING attempts=1 streak=0 attempt=1
[2026-09-14T01:12:17.451Z] batch=field-waveform-1789348136773-2 D5 MODE_SWITCH_OK state=MODE_SWITCH_OK attempts=1 streak=0
[2026-09-14T01:12:27.290Z] batch=field-waveform-1789348136773-2 D4 MODE_SWITCH_START state=MODE_SWITCHING attempts=1 streak=0 attempt=1
[2026-09-14T01:12:27.291Z] batch=field-waveform-1789348136773-2 D4 MODE_SWITCH_OK state=MODE_SWITCH_OK attempts=1 streak=0
[2026-09-14T01:12:27.296Z] batch=field-waveform-1789348136773-2 D1 MODE_SWITCH_START state=MODE_SWITCHING attempts=1 streak=0 attempt=1
[2026-09-14T01:12:27.297Z] batch=field-waveform-1789348136773-2 D1 MODE_SWITCH_OK state=MODE_SWITCH_OK attempts=1 streak=0
[2026-09-14T01:12:27.302Z] batch=field-waveform-1789348136773-2 D3 MODE_SWITCH_START state=MODE_SWITCHING attempts=1 streak=0 attempt=1
[2026-09-14T01:12:27.303Z] batch=field-waveform-1789348136773-2 D3 MODE_SWITCH_OK state=MODE_SWITCH_OK attempts=1 streak=0
[2026-09-14T01:12:27.309Z] batch=field-waveform-1789348136773-2 D6 MODE_SWITCH_START state=MODE_SWITCHING attempts=1 streak=0 attempt=1
[2026-09-14T01:12:27.311Z] batch=field-waveform-1789348136773-2 D6 MODE_SWITCH_OK state=MODE_SWITCH_OK attempts=1 streak=0
[2026-09-14T01:12:27.315Z] batch=field-waveform-1789348136773-2 D2 MODE_SWITCH_START state=MODE_SWITCHING attempts=1 streak=0 attempt=1
[2026-09-14T01:12:27.316Z] batch=field-waveform-1789348136773-2 D2 MODE_SWITCH_OK state=MODE_SWITCH_OK attempts=1 streak=0
[2026-09-14T01:12:27.625Z] batch=field-waveform-1789348136773-2 D5 MODE_SWITCH_START state=MODE_SWITCHING attempts=1 streak=0 attempt=1
[2026-09-14T01:12:27.626Z] batch=field-waveform-1789348136773-2 D5 MODE_SWITCH_OK state=MODE_SWITCH_OK attempts=1 streak=0
[2026-09-14T01:12:27.771Z] batch=field-waveform-1789348347769-3 D1 MODE_SWITCH_START state=MODE_SWITCHING attempts=1 streak=0 attempt=1
[2026-09-14T01:12:27.773Z] batch=field-waveform-1789348347769-3 D2 MODE_SWITCH_START state=MODE_SWITCHING attempts=1 streak=0 attempt=1
[2026-09-14T01:12:27.774Z] batch=field-waveform-1789348347769-3 D3 MODE_SWITCH_START state=MODE_SWITCHING attempts=1 streak=0 attempt=1
[2026-09-14T01:12:27.775Z] batch=field-waveform-1789348347769-3 D4 MODE_SWITCH_START state=MODE_SWITCHING attempts=1 streak=0 attempt=1
[2026-09-14T01:12:27.776Z] batch=field-waveform-1789348347769-3 D5 MODE_SWITCH_START state=MODE_SWITCHING attempts=1 streak=0 attempt=1
[2026-09-14T01:12:27.777Z] batch=field-waveform-1789348347769-3 D6 MODE_SWITCH_START state=MODE_SWITCHING attempts=1 streak=0 attempt=1
[2026-09-14T01:12:27.779Z] batch=field-waveform-1789348347769-3 D1 MODE_SWITCH_OK state=MODE_SWITCH_OK attempts=1 streak=0
[2026-09-14T01:12:27.780Z] batch=field-waveform-1789348347769-3 D2 MODE_SWITCH_OK state=MODE_SWITCH_OK attempts=1 streak=0
[2026-09-14T01:12:27.780Z] batch=field-waveform-1789348347769-3 D3 MODE_SWITCH_OK state=MODE_SWITCH_OK attempts=1 streak=0
[2026-09-14T01:12:27.781Z] batch=field-waveform-1789348347769-3 D4 MODE_SWITCH_OK state=MODE_SWITCH_OK attempts=1 streak=0
[2026-09-14T01:12:27.781Z] batch=field-waveform-1789348347769-3 D5 MODE_SWITCH_OK state=MODE_SWITCH_OK attempts=1 streak=0
[2026-09-14T01:12:27.781Z] batch=field-waveform-1789348347769-3 D6 MODE_SWITCH_OK state=MODE_SWITCH_OK attempts=1 streak=0
[2026-09-14T01:12:37.299Z] batch=field-waveform-1789348347769-3 D4 MODE_SWITCH_START state=MODE_SWITCHING attempts=1 streak=0 attempt=1
[2026-09-14T01:12:37.301Z] batch=field-waveform-1789348347769-3 D4 MODE_SWITCH_OK state=MODE_SWITCH_OK attempts=1 streak=0
[2026-09-14T01:12:37.302Z] batch=field-waveform-1789348347769-3 D1 MODE_SWITCH_START state=MODE_SWITCHING attempts=1 streak=0 attempt=1
[2026-09-14T01:12:37.304Z] batch=field-waveform-1789348347769-3 D1 MODE_SWITCH_OK state=MODE_SWITCH_OK attempts=1 streak=0
[2026-09-14T01:12:37.306Z] batch=field-waveform-1789348347769-3 D3 MODE_SWITCH_START state=MODE_SWITCHING attempts=1 streak=0 attempt=1
[2026-09-14T01:12:37.308Z] batch=field-waveform-1789348347769-3 D3 MODE_SWITCH_OK state=MODE_SWITCH_OK attempts=1 streak=0
[2026-09-14T01:12:37.312Z] batch=field-waveform-1789348347769-3 D6 MODE_SWITCH_START state=MODE_SWITCHING attempts=1 streak=0 attempt=1
[2026-09-14T01:12:37.313Z] batch=field-waveform-1789348347769-3 D6 MODE_SWITCH_OK state=MODE_SWITCH_OK attempts=1 streak=0
[2026-09-14T01:12:37.316Z] batch=field-waveform-1789348347769-3 D2 MODE_SWITCH_START state=MODE_SWITCHING attempts=1 streak=0 attempt=1
[2026-09-14T01:12:37.317Z] batch=field-waveform-1789348347769-3 D2 MODE_SWITCH_OK state=MODE_SWITCH_OK attempts=1 streak=0
[2026-09-14T01:12:37.640Z] batch=field-waveform-1789348347769-3 D5 MODE_SWITCH_START state=MODE_SWITCHING attempts=1 streak=0 attempt=1
[2026-09-14T01:12:37.645Z] batch=field-waveform-1789348347769-3 D5 MODE_SWITCH_OK state=MODE_SWITCH_OK attempts=1 streak=0
[2026-09-14T01:12:47.317Z] batch=field-waveform-1789348347769-3 D4 MODE_SWITCH_START state=MODE_SWITCHING attempts=1 streak=0 attempt=1
[2026-09-14T01:12:47.319Z] batch=field-waveform-1789348347769-3 D4 MODE_SWITCH_OK state=MODE_SWITCH_OK attempts=1 streak=0
[2026-09-14T01:12:47.319Z] batch=field-waveform-1789348347769-3 D1 MODE_SWITCH_START state=MODE_SWITCHING attempts=1 streak=0 attempt=1
[2026-09-14T01:12:47.320Z] batch=field-waveform-1789348347769-3 D1 MODE_SWITCH_OK state=MODE_SWITCH_OK attempts=1 streak=0
[2026-09-14T01:12:47.321Z] batch=field-waveform-1789348347769-3 D3 MODE_SWITCH_START state=MODE_SWITCHING attempts=1 streak=0 attempt=1
[2026-09-14T01:12:47.322Z] batch=field-waveform-1789348347769-3 D3 MODE_SWITCH_OK state=MODE_SWITCH_OK attempts=1 streak=0
[2026-09-14T01:12:47.322Z] batch=field-waveform-1789348347769-3 D6 MODE_SWITCH_START state=MODE_SWITCHING attempts=1 streak=0 attempt=1
[2026-09-14T01:12:47.323Z] batch=field-waveform-1789348347769-3 D6 MODE_SWITCH_OK state=MODE_SWITCH_OK attempts=1 streak=0
[2026-09-14T01:12:47.325Z] batch=field-waveform-1789348347769-3 D2 MODE_SWITCH_START state=MODE_SWITCHING attempts=1 streak=0 attempt=1
[2026-09-14T01:12:47.328Z] batch=field-waveform-1789348347769-3 D2 MODE_SWITCH_OK state=MODE_SWITCH_OK attempts=1 streak=0
[2026-09-14T01:12:47.658Z] batch=field-waveform-1789348347769-3 D5 MODE_SWITCH_START state=MODE_SWITCHING attempts=1 streak=0 attempt=1
[2026-09-14T01:12:47.659Z] batch=field-waveform-1789348347769-3 D5 MODE_SWITCH_OK state=MODE_SWITCH_OK attempts=1 streak=0
[2026-09-14T01:12:57.324Z] batch=field-waveform-1789348347769-3 D4 MODE_SWITCH_START state=MODE_SWITCHING attempts=1 streak=0 attempt=1
[2026-09-14T01:12:57.326Z] batch=field-waveform-1789348347769-3 D4 MODE_SWITCH_OK state=MODE_SWITCH_OK attempts=1 streak=0
[2026-09-14T01:12:57.326Z] batch=field-waveform-1789348347769-3 D1 MODE_SWITCH_START state=MODE_SWITCHING attempts=1 streak=0 attempt=1
[2026-09-14T01:12:57.328Z] batch=field-waveform-1789348347769-3 D1 MODE_SWITCH_OK state=MODE_SWITCH_OK attempts=1 streak=0
[2026-09-14T01:12:57.328Z] batch=field-waveform-1789348347769-3 D3 MODE_SWITCH_START state=MODE_SWITCHING attempts=1 streak=0 attempt=1
[2026-09-14T01:12:57.329Z] batch=field-waveform-1789348347769-3 D3 MODE_SWITCH_OK state=MODE_SWITCH_OK attempts=1 streak=0
[2026-09-14T01:12:57.330Z] batch=field-waveform-1789348347769-3 D6 MODE_SWITCH_START state=MODE_SWITCHING attempts=1 streak=0 attempt=1
[2026-09-14T01:12:57.331Z] batch=field-waveform-1789348347769-3 D6 MODE_SWITCH_OK state=MODE_SWITCH_OK attempts=1 streak=0
[2026-09-14T01:12:57.332Z] batch=field-waveform-1789348347769-3 D2 MODE_SWITCH_START state=MODE_SWITCHING attempts=1 streak=0 attempt=1
[2026-09-14T01:12:57.333Z] batch=field-waveform-1789348347769-3 D2 MODE_SWITCH_OK state=MODE_SWITCH_OK attempts=1 streak=0
[2026-09-14T01:12:57.666Z] batch=field-waveform-1789348347769-3 D5 MODE_SWITCH_START state=MODE_SWITCHING attempts=1 streak=0 attempt=1
[2026-09-14T01:12:57.668Z] batch=field-waveform-1789348347769-3 D5 MODE_SWITCH_OK state=MODE_SWITCH_OK attempts=1 streak=0
[2026-09-14T01:13:07.334Z] batch=field-waveform-1789348347769-3 D4 MODE_SWITCH_START state=MODE_SWITCHING attempts=1 streak=0 attempt=1
[2026-09-14T01:13:07.336Z] batch=field-waveform-1789348347769-3 D4 MODE_SWITCH_OK state=MODE_SWITCH_OK attempts=1 streak=0
[2026-09-14T01:13:07.336Z] batch=field-waveform-1789348347769-3 D1 MODE_SWITCH_START state=MODE_SWITCHING attempts=1 streak=0 attempt=1
[2026-09-14T01:13:07.337Z] batch=field-waveform-1789348347769-3 D1 MODE_SWITCH_OK state=MODE_SWITCH_OK attempts=1 streak=0
[2026-09-14T01:13:07.338Z] batch=field-waveform-1789348347769-3 D3 MODE_SWITCH_START state=MODE_SWITCHING attempts=1 streak=0 attempt=1
[2026-09-14T01:13:07.338Z] batch=field-waveform-1789348347769-3 D3 MODE_SWITCH_OK state=MODE_SWITCH_OK attempts=1 streak=0
[2026-09-14T01:13:07.339Z] batch=field-waveform-1789348347769-3 D6 MODE_SWITCH_START state=MODE_SWITCHING attempts=1 streak=0 attempt=1
[2026-09-14T01:13:07.340Z] batch=field-waveform-1789348347769-3 D6 MODE_SWITCH_OK state=MODE_SWITCH_OK attempts=1 streak=0
[2026-09-14T01:13:07.340Z] batch=field-waveform-1789348347769-3 D2 MODE_SWITCH_START state=MODE_SWITCHING attempts=1 streak=0 attempt=1
[2026-09-14T01:13:07.341Z] batch=field-waveform-1789348347769-3 D2 MODE_SWITCH_OK state=MODE_SWITCH_OK attempts=1 streak=0
[2026-09-14T01:13:07.590Z] batch=field-waveform-1789348347769-3 D5 FIRST_FRAME state=FIRST_FRAME_RECEIVED attempts=1 streak=1
[2026-09-14T01:13:07.590Z] batch=field-waveform-1789348347769-3 D5 FIRST_VALID_SAMPLE state=FIRST_FRAME_RECEIVED attempts=1 streak=1
[2026-09-14T01:13:07.838Z] batch=field-waveform-1789348347769-3 D5 CHANNEL_SYNC_OK state=TEST_READY attempts=1 streak=5
[2026-09-14T01:13:07.838Z] batch=field-waveform-1789348347769-3 D5 TEST_READY state=TEST_READY attempts=1 streak=5
[2026-09-14T01:13:12.407Z] batch=field-waveform-1789348347769-3 D6 FIRST_FRAME state=FIRST_FRAME_RECEIVED attempts=1 streak=1
[2026-09-14T01:13:12.407Z] batch=field-waveform-1789348347769-3 D6 FIRST_VALID_SAMPLE state=FIRST_FRAME_RECEIVED attempts=1 streak=1
[2026-09-14T01:13:12.409Z] batch=field-waveform-1789348347769-3 D3 FIRST_FRAME state=FIRST_FRAME_RECEIVED attempts=1 streak=1
[2026-09-14T01:13:12.409Z] batch=field-waveform-1789348347769-3 D3 FIRST_VALID_SAMPLE state=FIRST_FRAME_RECEIVED attempts=1 streak=1
[2026-09-14T01:13:12.426Z] batch=field-waveform-1789348347769-3 D4 FIRST_FRAME state=FIRST_FRAME_RECEIVED attempts=1 streak=1
[2026-09-14T01:13:12.426Z] batch=field-waveform-1789348347769-3 D4 FIRST_VALID_SAMPLE state=FIRST_FRAME_RECEIVED attempts=1 streak=1
[2026-09-14T01:13:12.447Z] batch=field-waveform-1789348347769-3 D1 FIRST_FRAME state=FIRST_FRAME_RECEIVED attempts=1 streak=1
[2026-09-14T01:13:12.447Z] batch=field-waveform-1789348347769-3 D1 FIRST_VALID_SAMPLE state=FIRST_FRAME_RECEIVED attempts=1 streak=1
[2026-09-14T01:13:12.448Z] batch=field-waveform-1789348347769-3 D2 FIRST_FRAME state=FIRST_FRAME_RECEIVED attempts=1 streak=1
[2026-09-14T01:13:12.448Z] batch=field-waveform-1789348347769-3 D2 FIRST_VALID_SAMPLE state=FIRST_FRAME_RECEIVED attempts=1 streak=1
[2026-09-14T01:13:12.651Z] batch=field-waveform-1789348347769-3 D6 CHANNEL_SYNC_OK state=TEST_READY attempts=1 streak=5
[2026-09-14T01:13:12.652Z] batch=field-waveform-1789348347769-3 D6 TEST_READY state=TEST_READY attempts=1 streak=5
[2026-09-14T01:13:12.658Z] batch=field-waveform-1789348347769-3 D3 CHANNEL_SYNC_OK state=TEST_READY attempts=1 streak=5
[2026-09-14T01:13:12.658Z] batch=field-waveform-1789348347769-3 D3 TEST_READY state=TEST_READY attempts=1 streak=5
[2026-09-14T01:13:12.664Z] batch=field-waveform-1789348347769-3 D4 CHANNEL_SYNC_OK state=TEST_READY attempts=1 streak=5
[2026-09-14T01:13:12.664Z] batch=field-waveform-1789348347769-3 D4 TEST_READY state=TEST_READY attempts=1 streak=5
[2026-09-14T01:13:12.680Z] batch=field-waveform-1789348347769-3 D2 CHANNEL_SYNC_OK state=TEST_READY attempts=1 streak=5
[2026-09-14T01:13:12.681Z] batch=field-waveform-1789348347769-3 D2 TEST_READY state=TEST_READY attempts=1 streak=5
[2026-09-14T01:13:12.685Z] batch=field-waveform-1789348347769-3 D1 CHANNEL_SYNC_OK state=TEST_READY attempts=1 streak=5
[2026-09-14T01:13:12.686Z] batch=field-waveform-1789348347769-3 D1 TEST_READY state=TEST_READY attempts=1 streak=5
[2026-09-14T01:14:05.766Z] batch=field-waveform-1789348347769-3 D3 MODE_SWITCH_START state=MODE_SWITCHING attempts=1 streak=0 attempt=1
[2026-09-14T01:14:05.768Z] batch=field-waveform-1789348347769-3 D3 MODE_SWITCH_OK state=MODE_SWITCH_OK attempts=1 streak=0
[2026-09-14T01:14:05.773Z] batch=field-waveform-1789348347769-3 D1 MODE_SWITCH_START state=MODE_SWITCHING attempts=1 streak=0 attempt=1
[2026-09-14T01:14:05.775Z] batch=field-waveform-1789348347769-3 D1 MODE_SWITCH_OK state=MODE_SWITCH_OK attempts=1 streak=0
[2026-09-14T01:14:05.858Z] batch=field-waveform-1789348347769-3 D6 MODE_SWITCH_START state=MODE_SWITCHING attempts=1 streak=0 attempt=1
[2026-09-14T01:14:05.859Z] batch=field-waveform-1789348347769-3 D6 MODE_SWITCH_OK state=MODE_SWITCH_OK attempts=1 streak=0
[2026-09-14T01:14:05.862Z] batch=field-waveform-1789348347769-3 D4 MODE_SWITCH_START state=MODE_SWITCHING attempts=1 streak=0 attempt=1
[2026-09-14T01:14:05.863Z] batch=field-waveform-1789348347769-3 D4 MODE_SWITCH_OK state=MODE_SWITCH_OK attempts=1 streak=0
[2026-09-14T01:14:05.866Z] batch=field-waveform-1789348347769-3 D2 MODE_SWITCH_START state=MODE_SWITCHING attempts=1 streak=0 attempt=1
[2026-09-14T01:14:05.867Z] batch=field-waveform-1789348347769-3 D2 MODE_SWITCH_OK state=MODE_SWITCH_OK attempts=1 streak=0
[2026-09-14T01:14:07.684Z] batch=field-waveform-1789348347769-3 D5 MODE_SWITCH_START state=MODE_SWITCHING attempts=1 streak=0 attempt=1
[2026-09-14T01:14:07.685Z] batch=field-waveform-1789348347769-3 D5 MODE_SWITCH_OK state=MODE_SWITCH_OK attempts=1 streak=0
[2026-09-14T01:14:15.776Z] batch=field-waveform-1789348347769-3 D3 MODE_SWITCH_START state=MODE_SWITCHING attempts=1 streak=0 attempt=1
[2026-09-14T01:14:15.778Z] batch=field-waveform-1789348347769-3 D3 MODE_SWITCH_OK state=MODE_SWITCH_OK attempts=1 streak=0
[2026-09-14T01:14:15.844Z] batch=field-waveform-1789348347769-3 D1 MODE_SWITCH_START state=MODE_SWITCHING attempts=1 streak=0 attempt=1
[2026-09-14T01:14:15.847Z] batch=field-waveform-1789348347769-3 D1 MODE_SWITCH_OK state=MODE_SWITCH_OK attempts=1 streak=0
[2026-09-14T01:14:15.869Z] batch=field-waveform-1789348347769-3 D6 MODE_SWITCH_START state=MODE_SWITCHING attempts=1 streak=0 attempt=1
[2026-09-14T01:14:15.870Z] batch=field-waveform-1789348347769-3 D6 MODE_SWITCH_OK state=MODE_SWITCH_OK attempts=1 streak=0
[2026-09-14T01:14:15.874Z] batch=field-waveform-1789348347769-3 D4 MODE_SWITCH_START state=MODE_SWITCHING attempts=1 streak=0 attempt=1
[2026-09-14T01:14:15.875Z] batch=field-waveform-1789348347769-3 D4 MODE_SWITCH_OK state=MODE_SWITCH_OK attempts=1 streak=0
[2026-09-14T01:14:15.878Z] batch=field-waveform-1789348347769-3 D2 MODE_SWITCH_START state=MODE_SWITCHING attempts=1 streak=0 attempt=1
[2026-09-14T01:14:15.881Z] batch=field-waveform-1789348347769-3 D2 MODE_SWITCH_OK state=MODE_SWITCH_OK attempts=1 streak=0
[2026-09-14T01:14:17.735Z] batch=field-waveform-1789348347769-3 D5 MODE_SWITCH_START state=MODE_SWITCHING attempts=1 streak=0 attempt=1
[2026-09-14T01:14:17.736Z] batch=field-waveform-1789348347769-3 D5 MODE_SWITCH_OK state=MODE_SWITCH_OK attempts=1 streak=0
[2026-09-14T01:14:20.816Z] batch=field-waveform-1789348347769-3 D3 FIRST_FRAME state=FIRST_FRAME_RECEIVED attempts=1 streak=1
[2026-09-14T01:14:20.817Z] batch=field-waveform-1789348347769-3 D3 FIRST_VALID_SAMPLE state=FIRST_FRAME_RECEIVED attempts=1 streak=1
[2026-09-14T01:14:20.920Z] batch=field-waveform-1789348347769-3 D4 FIRST_FRAME state=FIRST_FRAME_RECEIVED attempts=1 streak=1
[2026-09-14T01:14:20.922Z] batch=field-waveform-1789348347769-3 D4 FIRST_VALID_SAMPLE state=FIRST_FRAME_RECEIVED attempts=1 streak=1
[2026-09-14T01:14:20.931Z] batch=field-waveform-1789348347769-3 D2 FIRST_FRAME state=FIRST_FRAME_RECEIVED attempts=1 streak=1
[2026-09-14T01:14:20.931Z] batch=field-waveform-1789348347769-3 D2 FIRST_VALID_SAMPLE state=FIRST_FRAME_RECEIVED attempts=1 streak=1
[2026-09-14T01:14:20.934Z] batch=field-waveform-1789348347769-3 D6 FIRST_FRAME state=FIRST_FRAME_RECEIVED attempts=1 streak=1
[2026-09-14T01:14:20.935Z] batch=field-waveform-1789348347769-3 D6 FIRST_VALID_SAMPLE state=FIRST_FRAME_RECEIVED attempts=1 streak=1
[2026-09-14T01:14:20.936Z] batch=field-waveform-1789348347769-3 D1 FIRST_FRAME state=FIRST_FRAME_RECEIVED attempts=1 streak=1
[2026-09-14T01:14:20.937Z] batch=field-waveform-1789348347769-3 D1 FIRST_VALID_SAMPLE state=FIRST_FRAME_RECEIVED attempts=1 streak=1
[2026-09-14T01:14:21.123Z] batch=field-waveform-1789348347769-3 D3 CHANNEL_SYNC_OK state=TEST_READY attempts=1 streak=5
[2026-09-14T01:14:21.124Z] batch=field-waveform-1789348347769-3 D3 TEST_READY state=TEST_READY attempts=1 streak=5
[2026-09-14T01:14:21.208Z] batch=field-waveform-1789348347769-3 D4 CHANNEL_SYNC_OK state=TEST_READY attempts=1 streak=5
[2026-09-14T01:14:21.209Z] batch=field-waveform-1789348347769-3 D4 TEST_READY state=TEST_READY attempts=1 streak=5
[2026-09-14T01:14:21.210Z] batch=field-waveform-1789348347769-3 D2 CHANNEL_SYNC_OK state=TEST_READY attempts=1 streak=5
[2026-09-14T01:14:21.210Z] batch=field-waveform-1789348347769-3 D2 TEST_READY state=TEST_READY attempts=1 streak=5
[2026-09-14T01:14:21.210Z] batch=field-waveform-1789348347769-3 D6 CHANNEL_SYNC_OK state=TEST_READY attempts=1 streak=5
[2026-09-14T01:14:21.211Z] batch=field-waveform-1789348347769-3 D6 TEST_READY state=TEST_READY attempts=1 streak=5
[2026-09-14T01:14:21.211Z] batch=field-waveform-1789348347769-3 D1 CHANNEL_SYNC_OK state=TEST_READY attempts=1 streak=5
[2026-09-14T01:14:21.211Z] batch=field-waveform-1789348347769-3 D1 TEST_READY state=TEST_READY attempts=1 streak=5
[2026-09-14T01:14:22.813Z] batch=field-waveform-1789348347769-3 D5 FIRST_FRAME state=FIRST_FRAME_RECEIVED attempts=1 streak=1
[2026-09-14T01:14:22.813Z] batch=field-waveform-1789348347769-3 D5 FIRST_VALID_SAMPLE state=FIRST_FRAME_RECEIVED attempts=1 streak=1
[2026-09-14T01:14:23.100Z] batch=field-waveform-1789348347769-3 D5 CHANNEL_SYNC_OK state=TEST_READY attempts=1 streak=5
[2026-09-14T01:14:23.100Z] batch=field-waveform-1789348347769-3 D5 TEST_READY state=TEST_READY attempts=1 streak=5
[2026-09-14T01:14:56.918Z] batch=field-waveform-1789348347769-3 D5 MODE_SWITCH_START state=MODE_SWITCHING attempts=1 streak=0 attempt=1
[2026-09-14T01:14:56.919Z] batch=field-waveform-1789348347769-3 D5 MODE_SWITCH_OK state=MODE_SWITCH_OK attempts=1 streak=0
