[2026-09-09T09:50:22.476Z] batch=- D1 POWER_ON state=COMMUNICATION_READY attempts=0 streak=0
[2026-09-09T09:50:22.476Z] batch=- D1 RS485_RESPONSE state=COMMUNICATION_READY attempts=0 streak=0
[2026-09-09T09:50:22.480Z] batch=- D2 POWER_ON state=COMMUNICATION_READY attempts=0 streak=0
[2026-09-09T09:50:22.481Z] batch=- D2 RS485_RESPONSE state=COMMUNICATION_READY attempts=0 streak=0
[2026-09-09T09:50:22.483Z] batch=- D3 POWER_ON state=COMMUNICATION_READY attempts=0 streak=0
[2026-09-09T09:50:22.483Z] batch=- D3 RS485_RESPONSE state=COMMUNICATION_READY attempts=0 streak=0
[2026-09-09T09:50:22.484Z] batch=- D4 POWER_ON state=COMMUNICATION_READY attempts=0 streak=0
[2026-09-09T09:50:22.485Z] batch=- D4 RS485_RESPONSE state=COMMUNICATION_READY attempts=0 streak=0
[2026-09-09T09:50:22.486Z] batch=- D5 POWER_ON state=COMMUNICATION_READY attempts=0 streak=0
[2026-09-09T09:50:22.487Z] batch=- D5 RS485_RESPONSE state=COMMUNICATION_READY attempts=0 streak=0
[2026-09-09T09:50:22.488Z] batch=- D6 POWER_ON state=COMMUNICATION_READY attempts=0 streak=0
[2026-09-09T09:50:22.488Z] batch=- D6 RS485_RESPONSE state=COMMUNICATION_READY attempts=0 streak=0
[2026-09-09T09:50:22.490Z] batch=- D1 MODE_SWITCH_START state=MODE_SWITCHING attempts=1 streak=0 attempt=1
[2026-09-09T09:50:22.492Z] batch=- D2 MODE_SWITCH_START state=MODE_SWITCHING attempts=1 streak=0 attempt=1
[2026-09-09T09:50:22.493Z] batch=- D3 MODE_SWITCH_START state=MODE_SWITCHING attempts=1 streak=0 attempt=1
[2026-09-09T09:50:22.494Z] batch=- D4 MODE_SWITCH_START state=MODE_SWITCHING attempts=1 streak=0 attempt=1
[2026-09-09T09:50:22.495Z] batch=- D5 MODE_SWITCH_START state=MODE_SWITCHING attempts=1 streak=0 attempt=1
[2026-09-09T09:50:22.496Z] batch=- D6 MODE_SWITCH_START state=MODE_SWITCHING attempts=1 streak=0 attempt=1
[2026-09-09T09:50:22.499Z] batch=- D1 MODE_SWITCH_OK state=MODE_SWITCH_OK attempts=1 streak=0
[2026-09-09T09:50:22.500Z] batch=- D2 MODE_SWITCH_OK state=MODE_SWITCH_OK attempts=1 streak=0
[2026-09-09T09:50:22.500Z] batch=- D3 MODE_SWITCH_OK state=MODE_SWITCH_OK attempts=1 streak=0
[2026-09-09T09:50:22.502Z] batch=- D4 MODE_SWITCH_OK state=MODE_SWITCH_OK attempts=1 streak=0
[2026-09-09T09:50:22.503Z] batch=- D5 MODE_SWITCH_OK state=MODE_SWITCH_OK attempts=1 streak=0
[2026-09-09T09:50:22.504Z] batch=- D6 MODE_SWITCH_OK state=MODE_SWITCH_OK attempts=1 streak=0
[2026-09-09T09:50:28.071Z] batch=field-waveform-1788947428068-1 D1 MODE_SWITCH_START state=MODE_SWITCHING attempts=1 streak=0 attempt=1
[2026-09-09T09:50:28.082Z] batch=field-waveform-1788947428068-1 D2 MODE_SWITCH_START state=MODE_SWITCHING attempts=1 streak=0 attempt=1
[2026-09-09T09:50:28.097Z] batch=field-waveform-1788947428068-1 D3 MODE_SWITCH_START state=MODE_SWITCHING attempts=1 streak=0 attempt=1
[2026-09-09T09:50:28.099Z] batch=field-waveform-1788947428068-1 D4 MODE_SWITCH_START state=MODE_SWITCHING attempts=1 streak=0 attempt=1
[2026-09-09T09:50:28.109Z] batch=field-waveform-1788947428068-1 D5 MODE_SWITCH_START state=MODE_SWITCHING attempts=1 streak=0 attempt=1
[2026-09-09T09:50:28.110Z] batch=field-waveform-1788947428068-1 D6 MODE_SWITCH_START state=MODE_SWITCHING attempts=1 streak=0 attempt=1
[2026-09-09T09:50:28.120Z] batch=field-waveform-1788947428068-1 D1 MODE_SWITCH_OK state=MODE_SWITCH_OK attempts=1 streak=0
[2026-09-09T09:50:28.129Z] batch=field-waveform-1788947428068-1 D2 MODE_SWITCH_OK state=MODE_SWITCH_OK attempts=1 streak=0
[2026-09-09T09:50:28.133Z] batch=field-waveform-1788947428068-1 D3 MODE_SWITCH_OK state=MODE_SWITCH_OK attempts=1 streak=0
[2026-09-09T09:50:28.140Z] batch=field-waveform-1788947428068-1 D4 MODE_SWITCH_OK state=MODE_SWITCH_OK attempts=1 streak=0
[2026-09-09T09:50:28.145Z] batch=field-waveform-1788947428068-1 D5 MODE_SWITCH_OK state=MODE_SWITCH_OK attempts=1 streak=0
[2026-09-09T09:50:28.147Z] batch=field-waveform-1788947428068-1 D6 MODE_SWITCH_OK state=MODE_SWITCH_OK attempts=1 streak=0
[2026-09-09T09:50:32.502Z] batch=field-waveform-1788947428068-1 D1 MODE_SWITCH_START state=MODE_SWITCHING attempts=1 streak=0 attempt=1
[2026-09-09T09:50:32.513Z] batch=field-waveform-1788947428068-1 D1 MODE_SWITCH_OK state=MODE_SWITCH_OK attempts=1 streak=0
[2026-09-09T09:50:32.521Z] batch=field-waveform-1788947428068-1 D2 MODE_SWITCH_START state=MODE_SWITCHING attempts=1 streak=0 attempt=1
[2026-09-09T09:50:32.525Z] batch=field-waveform-1788947428068-1 D2 MODE_SWITCH_OK state=MODE_SWITCH_OK attempts=1 streak=0
[2026-09-09T09:50:32.531Z] batch=field-waveform-1788947428068-1 D3 MODE_SWITCH_START state=MODE_SWITCHING attempts=1 streak=0 attempt=1
[2026-09-09T09:50:32.535Z] batch=field-waveform-1788947428068-1 D3 MODE_SWITCH_OK state=MODE_SWITCH_OK attempts=1 streak=0
[2026-09-09T09:50:32.538Z] batch=field-waveform-1788947428068-1 D4 MODE_SWITCH_START state=MODE_SWITCHING attempts=1 streak=0 attempt=1
[2026-09-09T09:50:32.547Z] batch=field-waveform-1788947428068-1 D4 MODE_SWITCH_OK state=MODE_SWITCH_OK attempts=1 streak=0
[2026-09-09T09:50:32.549Z] batch=field-waveform-1788947428068-1 D5 MODE_SWITCH_START state=MODE_SWITCHING attempts=1 streak=0 attempt=1
[2026-09-09T09:50:32.553Z] batch=field-waveform-1788947428068-1 D5 MODE_SWITCH_OK state=MODE_SWITCH_OK attempts=1 streak=0
[2026-09-09T09:50:32.558Z] batch=field-waveform-1788947428068-1 D6 MODE_SWITCH_START state=MODE_SWITCHING attempts=1 streak=0 attempt=1
[2026-09-09T09:50:32.561Z] batch=field-waveform-1788947428068-1 D6 MODE_SWITCH_OK state=MODE_SWITCH_OK attempts=1 streak=0
[2026-09-09T09:50:39.332Z] batch=field-waveform-1788947439330-2 D1 MODE_SWITCH_START state=MODE_SWITCHING attempts=1 streak=0 attempt=1
[2026-09-09T09:50:39.342Z] batch=field-waveform-1788947439330-2 D2 MODE_SWITCH_START state=MODE_SWITCHING attempts=1 streak=0 attempt=1
[2026-09-09T09:50:39.359Z] batch=field-waveform-1788947439330-2 D3 MODE_SWITCH_START state=MODE_SWITCHING attempts=1 streak=0 attempt=1
[2026-09-09T09:50:39.362Z] batch=field-waveform-1788947439330-2 D4 MODE_SWITCH_START state=MODE_SWITCHING attempts=1 streak=0 attempt=1
[2026-09-09T09:50:39.364Z] batch=field-waveform-1788947439330-2 D5 MODE_SWITCH_START state=MODE_SWITCHING attempts=1 streak=0 attempt=1
[2026-09-09T09:50:39.366Z] batch=field-waveform-1788947439330-2 D6 MODE_SWITCH_START state=MODE_SWITCHING attempts=1 streak=0 attempt=1
[2026-09-09T09:50:39.373Z] batch=field-waveform-1788947439330-2 D1 MODE_SWITCH_OK state=MODE_SWITCH_OK attempts=1 streak=0
[2026-09-09T09:50:39.374Z] batch=field-waveform-1788947439330-2 D2 MODE_SWITCH_OK state=MODE_SWITCH_OK attempts=1 streak=0
[2026-09-09T09:50:39.380Z] batch=field-waveform-1788947439330-2 D3 MODE_SWITCH_OK state=MODE_SWITCH_OK attempts=1 streak=0
[2026-09-09T09:50:39.381Z] batch=field-waveform-1788947439330-2 D4 MODE_SWITCH_OK state=MODE_SWITCH_OK attempts=1 streak=0
[2026-09-09T09:50:39.382Z] batch=field-waveform-1788947439330-2 D5 MODE_SWITCH_OK state=MODE_SWITCH_OK attempts=1 streak=0
[2026-09-09T09:50:39.384Z] batch=field-waveform-1788947439330-2 D6 MODE_SWITCH_OK state=MODE_SWITCH_OK attempts=1 streak=0
[2026-09-09T09:50:42.520Z] batch=field-waveform-1788947439330-2 D1 MODE_SWITCH_START state=MODE_SWITCHING attempts=1 streak=0 attempt=1
[2026-09-09T09:50:42.525Z] batch=field-waveform-1788947439330-2 D1 MODE_SWITCH_OK state=MODE_SWITCH_OK attempts=1 streak=0
[2026-09-09T09:50:42.529Z] batch=field-waveform-1788947439330-2 D2 MODE_SWITCH_START state=MODE_SWITCHING attempts=1 streak=0 attempt=1
[2026-09-09T09:50:42.543Z] batch=field-waveform-1788947439330-2 D2 MODE_SWITCH_OK state=MODE_SWITCH_OK attempts=1 streak=0
[2026-09-09T09:50:42.552Z] batch=field-waveform-1788947439330-2 D3 MODE_SWITCH_START state=MODE_SWITCHING attempts=1 streak=0 attempt=1
[2026-09-09T09:50:42.555Z] batch=field-waveform-1788947439330-2 D3 MODE_SWITCH_OK state=MODE_SWITCH_OK attempts=1 streak=0
[2026-09-09T09:50:42.559Z] batch=field-waveform-1788947439330-2 D4 MODE_SWITCH_START state=MODE_SWITCHING attempts=1 streak=0 attempt=1
[2026-09-09T09:50:42.564Z] batch=field-waveform-1788947439330-2 D4 MODE_SWITCH_OK state=MODE_SWITCH_OK attempts=1 streak=0
[2026-09-09T09:50:42.565Z] batch=field-waveform-1788947439330-2 D5 MODE_SWITCH_START state=MODE_SWITCHING attempts=1 streak=0 attempt=1
[2026-09-09T09:50:42.569Z] batch=field-waveform-1788947439330-2 D5 MODE_SWITCH_OK state=MODE_SWITCH_OK attempts=1 streak=0
[2026-09-09T09:50:42.571Z] batch=field-waveform-1788947439330-2 D6 MODE_SWITCH_START state=MODE_SWITCHING attempts=1 streak=0 attempt=1
[2026-09-09T09:50:42.572Z] batch=field-waveform-1788947439330-2 D6 MODE_SWITCH_OK state=MODE_SWITCH_OK attempts=1 streak=0
[2026-09-09T09:50:52.538Z] batch=field-waveform-1788947439330-2 D1 MODE_SWITCH_START state=MODE_SWITCHING attempts=1 streak=0 attempt=1
[2026-09-09T09:50:52.544Z] batch=field-waveform-1788947439330-2 D1 MODE_SWITCH_OK state=MODE_SWITCH_OK attempts=1 streak=0
[2026-09-09T09:50:52.545Z] batch=field-waveform-1788947439330-2 D2 MODE_SWITCH_START state=MODE_SWITCHING attempts=1 streak=0 attempt=1
[2026-09-09T09:50:52.548Z] batch=field-waveform-1788947439330-2 D2 MODE_SWITCH_OK state=MODE_SWITCH_OK attempts=1 streak=0
[2026-09-09T09:50:52.569Z] batch=field-waveform-1788947439330-2 D3 MODE_SWITCH_START state=MODE_SWITCHING attempts=1 streak=0 attempt=1
[2026-09-09T09:50:52.575Z] batch=field-waveform-1788947439330-2 D3 MODE_SWITCH_OK state=MODE_SWITCH_OK attempts=1 streak=0
[2026-09-09T09:50:52.579Z] batch=field-waveform-1788947439330-2 D4 MODE_SWITCH_START state=MODE_SWITCHING attempts=1 streak=0 attempt=1
[2026-09-09T09:50:52.581Z] batch=field-waveform-1788947439330-2 D4 MODE_SWITCH_OK state=MODE_SWITCH_OK attempts=1 streak=0
[2026-09-09T09:50:52.582Z] batch=field-waveform-1788947439330-2 D5 MODE_SWITCH_START state=MODE_SWITCHING attempts=1 streak=0 attempt=1
[2026-09-09T09:50:52.590Z] batch=field-waveform-1788947439330-2 D5 MODE_SWITCH_OK state=MODE_SWITCH_OK attempts=1 streak=0
[2026-09-09T09:50:52.591Z] batch=field-waveform-1788947439330-2 D6 MODE_SWITCH_START state=MODE_SWITCHING attempts=1 streak=0 attempt=1
[2026-09-09T09:50:52.595Z] batch=field-waveform-1788947439330-2 D6 MODE_SWITCH_OK state=MODE_SWITCH_OK attempts=1 streak=0
[2026-09-09T09:51:02.545Z] batch=field-waveform-1788947439330-2 D1 MODE_SWITCH_START state=MODE_SWITCHING attempts=1 streak=0 attempt=1
[2026-09-09T09:51:02.551Z] batch=field-waveform-1788947439330-2 D1 MODE_SWITCH_OK state=MODE_SWITCH_OK attempts=1 streak=0
[2026-09-09T09:51:02.552Z] batch=field-waveform-1788947439330-2 D2 MODE_SWITCH_START state=MODE_SWITCHING attempts=1 streak=0 attempt=1
[2026-09-09T09:51:02.555Z] batch=field-waveform-1788947439330-2 D2 MODE_SWITCH_OK state=MODE_SWITCH_OK attempts=1 streak=0
[2026-09-09T09:51:02.582Z] batch=field-waveform-1788947439330-2 D3 MODE_SWITCH_START state=MODE_SWITCHING attempts=1 streak=0 attempt=1
[2026-09-09T09:51:02.585Z] batch=field-waveform-1788947439330-2 D3 MODE_SWITCH_OK state=MODE_SWITCH_OK attempts=1 streak=0
[2026-09-09T09:51:02.590Z] batch=field-waveform-1788947439330-2 D4 MODE_SWITCH_START state=MODE_SWITCHING attempts=1 streak=0 attempt=1
[2026-09-09T09:51:02.594Z] batch=field-waveform-1788947439330-2 D4 MODE_SWITCH_OK state=MODE_SWITCH_OK attempts=1 streak=0
[2026-09-09T09:51:02.596Z] batch=field-waveform-1788947439330-2 D5 MODE_SWITCH_START state=MODE_SWITCHING attempts=1 streak=0 attempt=1
[2026-09-09T09:51:02.599Z] batch=field-waveform-1788947439330-2 D5 MODE_SWITCH_OK state=MODE_SWITCH_OK attempts=1 streak=0
[2026-09-09T09:51:02.613Z] batch=field-waveform-1788947439330-2 D6 MODE_SWITCH_START state=MODE_SWITCHING attempts=1 streak=0 attempt=1
[2026-09-09T09:51:02.616Z] batch=field-waveform-1788947439330-2 D6 MODE_SWITCH_OK state=MODE_SWITCH_OK attempts=1 streak=0
[2026-09-09T09:51:07.603Z] batch=field-waveform-1788947439330-2 D1 FIRST_FRAME state=FIRST_FRAME_RECEIVED attempts=1 streak=1
[2026-09-09T09:51:07.603Z] batch=field-waveform-1788947439330-2 D1 FIRST_VALID_SAMPLE state=FIRST_FRAME_RECEIVED attempts=1 streak=1
[2026-09-09T09:51:07.622Z] batch=field-waveform-1788947439330-2 D2 FIRST_FRAME state=FIRST_FRAME_RECEIVED attempts=1 streak=1
[2026-09-09T09:51:07.622Z] batch=field-waveform-1788947439330-2 D2 FIRST_VALID_SAMPLE state=FIRST_FRAME_RECEIVED attempts=1 streak=1
[2026-09-09T09:51:07.649Z] batch=field-waveform-1788947439330-2 D4 FIRST_FRAME state=FIRST_FRAME_RECEIVED attempts=1 streak=1
[2026-09-09T09:51:07.650Z] batch=field-waveform-1788947439330-2 D4 FIRST_VALID_SAMPLE state=FIRST_FRAME_RECEIVED attempts=1 streak=1
[2026-09-09T09:51:07.653Z] batch=field-waveform-1788947439330-2 D3 FIRST_FRAME state=FIRST_FRAME_RECEIVED attempts=1 streak=1
[2026-09-09T09:51:07.653Z] batch=field-waveform-1788947439330-2 D3 FIRST_VALID_SAMPLE state=FIRST_FRAME_RECEIVED attempts=1 streak=1
[2026-09-09T09:51:07.683Z] batch=field-waveform-1788947439330-2 D6 FIRST_FRAME state=FIRST_FRAME_RECEIVED attempts=1 streak=1
[2026-09-09T09:51:07.683Z] batch=field-waveform-1788947439330-2 D6 FIRST_VALID_SAMPLE state=FIRST_FRAME_RECEIVED attempts=1 streak=1
[2026-09-09T09:51:07.691Z] batch=field-waveform-1788947439330-2 D5 FIRST_FRAME state=FIRST_FRAME_RECEIVED attempts=1 streak=1
[2026-09-09T09:51:07.692Z] batch=field-waveform-1788947439330-2 D5 FIRST_VALID_SAMPLE state=FIRST_FRAME_RECEIVED attempts=1 streak=1
[2026-09-09T09:51:07.853Z] batch=field-waveform-1788947439330-2 D1 CHANNEL_SYNC_OK state=TEST_READY attempts=1 streak=5
[2026-09-09T09:51:07.854Z] batch=field-waveform-1788947439330-2 D1 TEST_READY state=TEST_READY attempts=1 streak=5
[2026-09-09T09:51:07.874Z] batch=field-waveform-1788947439330-2 D2 CHANNEL_SYNC_OK state=TEST_READY attempts=1 streak=5
[2026-09-09T09:51:07.875Z] batch=field-waveform-1788947439330-2 D2 TEST_READY state=TEST_READY attempts=1 streak=5
[2026-09-09T09:51:07.900Z] batch=field-waveform-1788947439330-2 D4 CHANNEL_SYNC_OK state=TEST_READY attempts=1 streak=5
[2026-09-09T09:51:07.900Z] batch=field-waveform-1788947439330-2 D4 TEST_READY state=TEST_READY attempts=1 streak=5
[2026-09-09T09:51:07.910Z] batch=field-waveform-1788947439330-2 D3 CHANNEL_SYNC_OK state=TEST_READY attempts=1 streak=5
[2026-09-09T09:51:07.911Z] batch=field-waveform-1788947439330-2 D3 TEST_READY state=TEST_READY attempts=1 streak=5
[2026-09-09T09:51:07.968Z] batch=field-waveform-1788947439330-2 D6 CHANNEL_SYNC_OK state=TEST_READY attempts=1 streak=5
[2026-09-09T09:51:07.968Z] batch=field-waveform-1788947439330-2 D6 TEST_READY state=TEST_READY attempts=1 streak=5
[2026-09-09T09:51:07.971Z] batch=field-waveform-1788947439330-2 D5 CHANNEL_SYNC_OK state=TEST_READY attempts=1 streak=5
[2026-09-09T09:51:07.972Z] batch=field-waveform-1788947439330-2 D5 TEST_READY state=TEST_READY attempts=1 streak=5
[2026-09-09T09:52:14.261Z] batch=field-waveform-1788947439330-2 D1 MODE_SWITCH_START state=MODE_SWITCHING attempts=1 streak=0 attempt=1
[2026-09-09T09:52:14.272Z] batch=field-waveform-1788947439330-2 D1 MODE_SWITCH_OK state=MODE_SWITCH_OK attempts=1 streak=0
[2026-09-09T09:52:14.279Z] batch=field-waveform-1788947439330-2 D3 MODE_SWITCH_START state=MODE_SWITCHING attempts=1 streak=0 attempt=1
[2026-09-09T09:52:14.284Z] batch=field-waveform-1788947439330-2 D3 MODE_SWITCH_OK state=MODE_SWITCH_OK attempts=1 streak=0
[2026-09-09T09:52:14.292Z] batch=field-waveform-1788947439330-2 D4 MODE_SWITCH_START state=MODE_SWITCHING attempts=1 streak=0 attempt=1
[2026-09-09T09:52:14.294Z] batch=field-waveform-1788947439330-2 D4 MODE_SWITCH_OK state=MODE_SWITCH_OK attempts=1 streak=0
[2026-09-09T09:52:14.303Z] batch=field-waveform-1788947439330-2 D6 MODE_SWITCH_START state=MODE_SWITCHING attempts=1 streak=0 attempt=1
[2026-09-09T09:52:14.308Z] batch=field-waveform-1788947439330-2 D6 MODE_SWITCH_OK state=MODE_SWITCH_OK attempts=1 streak=0
[2026-09-09T09:52:14.316Z] batch=field-waveform-1788947439330-2 D2 MODE_SWITCH_START state=MODE_SWITCHING attempts=1 streak=0 attempt=1
[2026-09-09T09:52:14.321Z] batch=field-waveform-1788947439330-2 D2 MODE_SWITCH_OK state=MODE_SWITCH_OK attempts=1 streak=0
[2026-09-09T09:52:14.327Z] batch=field-waveform-1788947439330-2 D5 MODE_SWITCH_START state=MODE_SWITCHING attempts=1 streak=0 attempt=1
[2026-09-09T09:52:14.331Z] batch=field-waveform-1788947439330-2 D5 MODE_SWITCH_OK state=MODE_SWITCH_OK attempts=1 streak=0
[2026-09-09T09:52:24.424Z] batch=field-waveform-1788947439330-2 D1 MODE_SWITCH_START state=MODE_SWITCHING attempts=1 streak=0 attempt=1
[2026-09-09T09:52:24.438Z] batch=field-waveform-1788947439330-2 D1 MODE_SWITCH_OK state=MODE_SWITCH_OK attempts=1 streak=0
[2026-09-09T09:52:24.455Z] batch=field-waveform-1788947439330-2 D3 MODE_SWITCH_START state=MODE_SWITCHING attempts=1 streak=0 attempt=1
[2026-09-09T09:52:24.473Z] batch=field-waveform-1788947439330-2 D3 MODE_SWITCH_OK state=MODE_SWITCH_OK attempts=1 streak=0
[2026-09-09T09:52:24.480Z] batch=field-waveform-1788947439330-2 D4 MODE_SWITCH_START state=MODE_SWITCHING attempts=1 streak=0 attempt=1
[2026-09-09T09:52:24.495Z] batch=field-waveform-1788947439330-2 D4 MODE_SWITCH_OK state=MODE_SWITCH_OK attempts=1 streak=0
[2026-09-09T09:52:24.513Z] batch=field-waveform-1788947439330-2 D6 MODE_SWITCH_START state=MODE_SWITCHING attempts=1 streak=0 attempt=1
[2026-09-09T09:52:24.522Z] batch=field-waveform-1788947439330-2 D6 MODE_SWITCH_OK state=MODE_SWITCH_OK attempts=1 streak=0
[2026-09-09T09:52:24.528Z] batch=field-waveform-1788947439330-2 D2 MODE_SWITCH_START state=MODE_SWITCHING attempts=1 streak=0 attempt=1
[2026-09-09T09:52:24.530Z] batch=field-waveform-1788947439330-2 D2 MODE_SWITCH_OK state=MODE_SWITCH_OK attempts=1 streak=0
[2026-09-09T09:52:24.536Z] batch=field-waveform-1788947439330-2 D5 MODE_SWITCH_START state=MODE_SWITCHING attempts=1 streak=0 attempt=1
[2026-09-09T09:52:24.539Z] batch=field-waveform-1788947439330-2 D5 MODE_SWITCH_OK state=MODE_SWITCH_OK attempts=1 streak=0
[2026-09-09T09:52:29.580Z] batch=field-waveform-1788947439330-2 D1 FIRST_FRAME state=FIRST_FRAME_RECEIVED attempts=1 streak=1
[2026-09-09T09:52:29.580Z] batch=field-waveform-1788947439330-2 D1 FIRST_VALID_SAMPLE state=FIRST_FRAME_RECEIVED attempts=1 streak=1
[2026-09-09T09:52:29.585Z] batch=field-waveform-1788947439330-2 D3 FIRST_FRAME state=FIRST_FRAME_RECEIVED attempts=1 streak=1
[2026-09-09T09:52:29.586Z] batch=field-waveform-1788947439330-2 D3 FIRST_VALID_SAMPLE state=FIRST_FRAME_RECEIVED attempts=1 streak=1
[2026-09-09T09:52:29.590Z] batch=field-waveform-1788947439330-2 D4 FIRST_FRAME state=FIRST_FRAME_RECEIVED attempts=1 streak=1
[2026-09-09T09:52:29.590Z] batch=field-waveform-1788947439330-2 D4 FIRST_VALID_SAMPLE state=FIRST_FRAME_RECEIVED attempts=1 streak=1
[2026-09-09T09:52:29.848Z] batch=field-waveform-1788947439330-2 D3 CHANNEL_SYNC_OK state=TEST_READY attempts=1 streak=5
[2026-09-09T09:52:29.848Z] batch=field-waveform-1788947439330-2 D3 TEST_READY state=TEST_READY attempts=1 streak=5
[2026-09-09T09:52:29.852Z] batch=field-waveform-1788947439330-2 D5 FIRST_FRAME state=FIRST_FRAME_RECEIVED attempts=1 streak=1
[2026-09-09T09:52:29.852Z] batch=field-waveform-1788947439330-2 D5 FIRST_VALID_SAMPLE state=FIRST_FRAME_RECEIVED attempts=1 streak=1
[2026-09-09T09:52:29.862Z] batch=field-waveform-1788947439330-2 D5 CHANNEL_SYNC_OK state=TEST_READY attempts=1 streak=5
[2026-09-09T09:52:29.862Z] batch=field-waveform-1788947439330-2 D5 TEST_READY state=TEST_READY attempts=1 streak=5
[2026-09-09T09:52:29.871Z] batch=field-waveform-1788947439330-2 D4 CHANNEL_SYNC_OK state=TEST_READY attempts=1 streak=5
[2026-09-09T09:52:29.871Z] batch=field-waveform-1788947439330-2 D4 TEST_READY state=TEST_READY attempts=1 streak=5
[2026-09-09T09:52:29.874Z] batch=field-waveform-1788947439330-2 D2 FIRST_FRAME state=FIRST_FRAME_RECEIVED attempts=1 streak=1
[2026-09-09T09:52:29.874Z] batch=field-waveform-1788947439330-2 D2 FIRST_VALID_SAMPLE state=FIRST_FRAME_RECEIVED attempts=1 streak=1
[2026-09-09T09:52:29.883Z] batch=field-waveform-1788947439330-2 D2 CHANNEL_SYNC_OK state=TEST_READY attempts=1 streak=5
[2026-09-09T09:52:29.884Z] batch=field-waveform-1788947439330-2 D2 TEST_READY state=TEST_READY attempts=1 streak=5
[2026-09-09T09:52:29.885Z] batch=field-waveform-1788947439330-2 D6 FIRST_FRAME state=FIRST_FRAME_RECEIVED attempts=1 streak=1
[2026-09-09T09:52:29.886Z] batch=field-waveform-1788947439330-2 D6 FIRST_VALID_SAMPLE state=FIRST_FRAME_RECEIVED attempts=1 streak=1
[2026-09-09T09:52:29.897Z] batch=field-waveform-1788947439330-2 D6 CHANNEL_SYNC_OK state=TEST_READY attempts=1 streak=5
[2026-09-09T09:52:29.898Z] batch=field-waveform-1788947439330-2 D6 TEST_READY state=TEST_READY attempts=1 streak=5
[2026-09-09T09:52:29.909Z] batch=field-waveform-1788947439330-2 D1 CHANNEL_SYNC_OK state=TEST_READY attempts=1 streak=5
[2026-09-09T09:52:29.909Z] batch=field-waveform-1788947439330-2 D1 TEST_READY state=TEST_READY attempts=1 streak=5
