[2026-09-18T02:55:36.537Z] batch=field-waveform-1789700110069-25 D3 FIRST_FRAME state=FIRST_FRAME_RECEIVED attempts=1 streak=1
[2026-09-18T02:55:36.537Z] batch=field-waveform-1789700110069-25 D3 FIRST_VALID_SAMPLE state=FIRST_FRAME_RECEIVED attempts=1 streak=1
[2026-09-18T02:55:36.562Z] batch=field-waveform-1789700110069-25 D2 FIRST_FRAME state=FIRST_FRAME_RECEIVED attempts=1 streak=1
[2026-09-18T02:55:36.562Z] batch=field-waveform-1789700110069-25 D2 FIRST_VALID_SAMPLE state=FIRST_FRAME_RECEIVED attempts=1 streak=1
[2026-09-18T02:55:36.563Z] batch=field-waveform-1789700110069-25 D6 FIRST_FRAME state=FIRST_FRAME_RECEIVED attempts=1 streak=1
[2026-09-18T02:55:36.563Z] batch=field-waveform-1789700110069-25 D6 FIRST_VALID_SAMPLE state=FIRST_FRAME_RECEIVED attempts=1 streak=1
[2026-09-18T02:55:36.564Z] batch=field-waveform-1789700110069-25 D4 FIRST_FRAME state=FIRST_FRAME_RECEIVED attempts=1 streak=1
[2026-09-18T02:55:36.564Z] batch=field-waveform-1789700110069-25 D4 FIRST_VALID_SAMPLE state=FIRST_FRAME_RECEIVED attempts=1 streak=1
[2026-09-18T02:55:36.565Z] batch=field-waveform-1789700110069-25 D1 FIRST_FRAME state=FIRST_FRAME_RECEIVED attempts=1 streak=1
[2026-09-18T02:55:36.565Z] batch=field-waveform-1789700110069-25 D1 FIRST_VALID_SAMPLE state=FIRST_FRAME_RECEIVED attempts=1 streak=1
[2026-09-18T02:55:36.588Z] batch=field-waveform-1789700110069-25 D5 FIRST_FRAME state=FIRST_FRAME_RECEIVED attempts=1 streak=1
[2026-09-18T02:55:36.589Z] batch=field-waveform-1789700110069-25 D5 FIRST_VALID_SAMPLE state=FIRST_FRAME_RECEIVED attempts=1 streak=1
[2026-09-18T02:55:36.789Z] batch=field-waveform-1789700110069-25 D2 CHANNEL_SYNC_OK state=TEST_READY attempts=1 streak=5
[2026-09-18T02:55:36.790Z] batch=field-waveform-1789700110069-25 D2 TEST_READY state=TEST_READY attempts=1 streak=5
[2026-09-18T02:55:36.792Z] batch=field-waveform-1789700110069-25 D3 CHANNEL_SYNC_OK state=TEST_READY attempts=1 streak=5
[2026-09-18T02:55:36.792Z] batch=field-waveform-1789700110069-25 D3 TEST_READY state=TEST_READY attempts=1 streak=5
[2026-09-18T02:55:36.794Z] batch=field-waveform-1789700110069-25 D6 CHANNEL_SYNC_OK state=TEST_READY attempts=1 streak=5
[2026-09-18T02:55:36.795Z] batch=field-waveform-1789700110069-25 D6 TEST_READY state=TEST_READY attempts=1 streak=5
[2026-09-18T02:55:36.808Z] batch=field-waveform-1789700110069-25 D4 CHANNEL_SYNC_OK state=TEST_READY attempts=1 streak=5
[2026-09-18T02:55:36.808Z] batch=field-waveform-1789700110069-25 D4 TEST_READY state=TEST_READY attempts=1 streak=5
[2026-09-18T02:55:36.809Z] batch=field-waveform-1789700110069-25 D1 CHANNEL_SYNC_OK state=TEST_READY attempts=1 streak=5
[2026-09-18T02:55:36.810Z] batch=field-waveform-1789700110069-25 D1 TEST_READY state=TEST_READY attempts=1 streak=5
[2026-09-18T02:55:36.836Z] batch=field-waveform-1789700110069-25 D5 CHANNEL_SYNC_OK state=TEST_READY attempts=1 streak=5
[2026-09-18T02:55:36.836Z] batch=field-waveform-1789700110069-25 D5 TEST_READY state=TEST_READY attempts=1 streak=5
[2026-09-18T02:55:47.725Z] batch=field-waveform-1789700110069-25 D5 MODE_SWITCH_START state=MODE_SWITCHING attempts=1 streak=0 attempt=1
[2026-09-18T02:55:47.728Z] batch=field-waveform-1789700110069-25 D5 MODE_SWITCH_OK state=MODE_SWITCH_OK attempts=1 streak=0
[2026-09-18T02:55:47.730Z] batch=field-waveform-1789700110069-25 D3 MODE_SWITCH_START state=MODE_SWITCHING attempts=1 streak=0 attempt=1
[2026-09-18T02:55:47.732Z] batch=field-waveform-1789700110069-25 D3 MODE_SWITCH_OK state=MODE_SWITCH_OK attempts=1 streak=0
[2026-09-18T02:55:47.758Z] batch=field-waveform-1789700110069-25 D6 MODE_SWITCH_START state=MODE_SWITCHING attempts=1 streak=0 attempt=1
[2026-09-18T02:55:47.759Z] batch=field-waveform-1789700110069-25 D6 MODE_SWITCH_OK state=MODE_SWITCH_OK attempts=1 streak=0
[2026-09-18T02:55:47.760Z] batch=field-waveform-1789700110069-25 D2 MODE_SWITCH_START state=MODE_SWITCHING attempts=1 streak=0 attempt=1
[2026-09-18T02:55:47.762Z] batch=field-waveform-1789700110069-25 D2 MODE_SWITCH_OK state=MODE_SWITCH_OK attempts=1 streak=0
[2026-09-18T02:55:47.763Z] batch=field-waveform-1789700110069-25 D4 MODE_SWITCH_START state=MODE_SWITCHING attempts=1 streak=0 attempt=1
[2026-09-18T02:55:47.764Z] batch=field-waveform-1789700110069-25 D4 MODE_SWITCH_OK state=MODE_SWITCH_OK attempts=1 streak=0
[2026-09-18T02:55:52.778Z] batch=field-waveform-1789700110069-25 D5 FIRST_FRAME state=FIRST_FRAME_RECEIVED attempts=1 streak=1
[2026-09-18T02:55:52.779Z] batch=field-waveform-1789700110069-25 D5 FIRST_VALID_SAMPLE state=FIRST_FRAME_RECEIVED attempts=1 streak=1
[2026-09-18T02:55:52.794Z] batch=field-waveform-1789700110069-25 D2 FIRST_FRAME state=FIRST_FRAME_RECEIVED attempts=1 streak=1
[2026-09-18T02:55:52.794Z] batch=field-waveform-1789700110069-25 D2 FIRST_VALID_SAMPLE state=FIRST_FRAME_RECEIVED attempts=1 streak=1
[2026-09-18T02:55:52.796Z] batch=field-waveform-1789700110069-25 D3 FIRST_FRAME state=FIRST_FRAME_RECEIVED attempts=1 streak=1
[2026-09-18T02:55:52.797Z] batch=field-waveform-1789700110069-25 D3 FIRST_VALID_SAMPLE state=FIRST_FRAME_RECEIVED attempts=1 streak=1
[2026-09-18T02:55:52.799Z] batch=field-waveform-1789700110069-25 D6 FIRST_FRAME state=FIRST_FRAME_RECEIVED attempts=1 streak=1
[2026-09-18T02:55:52.800Z] batch=field-waveform-1789700110069-25 D6 FIRST_VALID_SAMPLE state=FIRST_FRAME_RECEIVED attempts=1 streak=1
[2026-09-18T02:55:52.806Z] batch=field-waveform-1789700110069-25 D4 FIRST_FRAME state=FIRST_FRAME_RECEIVED attempts=1 streak=1
[2026-09-18T02:55:52.806Z] batch=field-waveform-1789700110069-25 D4 FIRST_VALID_SAMPLE state=FIRST_FRAME_RECEIVED attempts=1 streak=1
[2026-09-18T02:55:53.026Z] batch=field-waveform-1789700110069-25 D5 CHANNEL_SYNC_OK state=TEST_READY attempts=1 streak=5
[2026-09-18T02:55:53.026Z] batch=field-waveform-1789700110069-25 D5 TEST_READY state=TEST_READY attempts=1 streak=5
[2026-09-18T02:55:53.039Z] batch=field-waveform-1789700110069-25 D3 CHANNEL_SYNC_OK state=TEST_READY attempts=1 streak=5
[2026-09-18T02:55:53.039Z] batch=field-waveform-1789700110069-25 D3 TEST_READY state=TEST_READY attempts=1 streak=5
[2026-09-18T02:55:53.044Z] batch=field-waveform-1789700110069-25 D2 CHANNEL_SYNC_OK state=TEST_READY attempts=1 streak=5
[2026-09-18T02:55:53.045Z] batch=field-waveform-1789700110069-25 D2 TEST_READY state=TEST_READY attempts=1 streak=5
[2026-09-18T02:55:53.049Z] batch=field-waveform-1789700110069-25 D6 CHANNEL_SYNC_OK state=TEST_READY attempts=1 streak=5
[2026-09-18T02:55:53.050Z] batch=field-waveform-1789700110069-25 D6 TEST_READY state=TEST_READY attempts=1 streak=5
[2026-09-18T02:55:53.057Z] batch=field-waveform-1789700110069-25 D4 CHANNEL_SYNC_OK state=TEST_READY attempts=1 streak=5
[2026-09-18T02:55:53.057Z] batch=field-waveform-1789700110069-25 D4 TEST_READY state=TEST_READY attempts=1 streak=5
[2026-09-18T02:56:57.747Z] batch=field-waveform-1789700110069-25 D3 MODE_SWITCH_START state=MODE_SWITCHING attempts=1 streak=0 attempt=1
[2026-09-18T02:56:57.749Z] batch=field-waveform-1789700110069-25 D3 MODE_SWITCH_OK state=MODE_SWITCH_OK attempts=1 streak=0
[2026-09-18T02:56:57.752Z] batch=field-waveform-1789700110069-25 D2 MODE_SWITCH_START state=MODE_SWITCHING attempts=1 streak=0 attempt=1
[2026-09-18T02:56:57.753Z] batch=field-waveform-1789700110069-25 D2 MODE_SWITCH_OK state=MODE_SWITCH_OK attempts=1 streak=0
[2026-09-18T02:56:57.756Z] batch=field-waveform-1789700110069-25 D4 MODE_SWITCH_START state=MODE_SWITCHING attempts=1 streak=0 attempt=1
[2026-09-18T02:56:57.757Z] batch=field-waveform-1789700110069-25 D4 MODE_SWITCH_OK state=MODE_SWITCH_OK attempts=1 streak=0
[2026-09-18T02:56:57.764Z] batch=field-waveform-1789700110069-25 D6 MODE_SWITCH_START state=MODE_SWITCHING attempts=1 streak=0 attempt=1
[2026-09-18T02:56:57.765Z] batch=field-waveform-1789700110069-25 D6 MODE_SWITCH_OK state=MODE_SWITCH_OK attempts=1 streak=0
[2026-09-18T02:56:57.767Z] batch=field-waveform-1789700110069-25 D1 MODE_SWITCH_START state=MODE_SWITCHING attempts=1 streak=0 attempt=1
[2026-09-18T02:56:57.768Z] batch=field-waveform-1789700110069-25 D1 MODE_SWITCH_OK state=MODE_SWITCH_OK attempts=1 streak=0
[2026-09-18T02:56:57.986Z] batch=field-waveform-1789700110069-25 D5 MODE_SWITCH_START state=MODE_SWITCHING attempts=1 streak=0 attempt=1
[2026-09-18T02:56:57.988Z] batch=field-waveform-1789700110069-25 D5 MODE_SWITCH_OK state=MODE_SWITCH_OK attempts=1 streak=0
[2026-09-18T02:57:03.206Z] batch=field-waveform-1789700110069-25 D5 FIRST_FRAME state=FIRST_FRAME_RECEIVED attempts=1 streak=1
[2026-09-18T02:57:03.207Z] batch=field-waveform-1789700110069-25 D5 FIRST_VALID_SAMPLE state=FIRST_FRAME_RECEIVED attempts=1 streak=1
[2026-09-18T02:57:03.449Z] batch=field-waveform-1789700110069-25 D5 CHANNEL_SYNC_OK state=TEST_READY attempts=1 streak=5
[2026-09-18T02:57:03.450Z] batch=field-waveform-1789700110069-25 D5 TEST_READY state=TEST_READY attempts=1 streak=5
[2026-09-18T02:57:07.795Z] batch=field-waveform-1789700110069-25 D3 MODE_SWITCH_START state=MODE_SWITCHING attempts=1 streak=0 attempt=1
[2026-09-18T02:57:07.796Z] batch=field-waveform-1789700110069-25 D3 MODE_SWITCH_OK state=MODE_SWITCH_OK attempts=1 streak=0
[2026-09-18T02:57:07.800Z] batch=field-waveform-1789700110069-25 D2 MODE_SWITCH_START state=MODE_SWITCHING attempts=1 streak=0 attempt=1
[2026-09-18T02:57:07.801Z] batch=field-waveform-1789700110069-25 D2 MODE_SWITCH_OK state=MODE_SWITCH_OK attempts=1 streak=0
[2026-09-18T02:57:07.803Z] batch=field-waveform-1789700110069-25 D4 MODE_SWITCH_START state=MODE_SWITCHING attempts=1 streak=0 attempt=1
[2026-09-18T02:57:07.805Z] batch=field-waveform-1789700110069-25 D4 MODE_SWITCH_OK state=MODE_SWITCH_OK attempts=1 streak=0
[2026-09-18T02:57:07.807Z] batch=field-waveform-1789700110069-25 D6 MODE_SWITCH_START state=MODE_SWITCHING attempts=1 streak=0 attempt=1
[2026-09-18T02:57:07.808Z] batch=field-waveform-1789700110069-25 D6 MODE_SWITCH_OK state=MODE_SWITCH_OK attempts=1 streak=0
[2026-09-18T02:57:07.811Z] batch=field-waveform-1789700110069-25 D1 MODE_SWITCH_START state=MODE_SWITCHING attempts=1 streak=0 attempt=1
[2026-09-18T02:57:07.812Z] batch=field-waveform-1789700110069-25 D1 MODE_SWITCH_OK state=MODE_SWITCH_OK attempts=1 streak=0
[2026-09-18T02:57:13.017Z] batch=field-waveform-1789700110069-25 D3 FIRST_FRAME state=FIRST_FRAME_RECEIVED attempts=1 streak=1
[2026-09-18T02:57:13.017Z] batch=field-waveform-1789700110069-25 D3 FIRST_VALID_SAMPLE state=FIRST_FRAME_RECEIVED attempts=1 streak=1
[2026-09-18T02:57:13.020Z] batch=field-waveform-1789700110069-25 D6 FIRST_FRAME state=FIRST_FRAME_RECEIVED attempts=1 streak=1
[2026-09-18T02:57:13.020Z] batch=field-waveform-1789700110069-25 D6 FIRST_VALID_SAMPLE state=FIRST_FRAME_RECEIVED attempts=1 streak=1
[2026-09-18T02:57:13.022Z] batch=field-waveform-1789700110069-25 D2 FIRST_FRAME state=FIRST_FRAME_RECEIVED attempts=1 streak=1
[2026-09-18T02:57:13.022Z] batch=field-waveform-1789700110069-25 D2 FIRST_VALID_SAMPLE state=FIRST_FRAME_RECEIVED attempts=1 streak=1
[2026-09-18T02:57:13.024Z] batch=field-waveform-1789700110069-25 D1 FIRST_FRAME state=FIRST_FRAME_RECEIVED attempts=1 streak=1
[2026-09-18T02:57:13.024Z] batch=field-waveform-1789700110069-25 D1 FIRST_VALID_SAMPLE state=FIRST_FRAME_RECEIVED attempts=1 streak=1
[2026-09-18T02:57:13.025Z] batch=field-waveform-1789700110069-25 D4 FIRST_FRAME state=FIRST_FRAME_RECEIVED attempts=1 streak=1
[2026-09-18T02:57:13.025Z] batch=field-waveform-1789700110069-25 D4 FIRST_VALID_SAMPLE state=FIRST_FRAME_RECEIVED attempts=1 streak=1
[2026-09-18T02:57:13.120Z] batch=field-waveform-1789700110069-25 D3 CHANNEL_SYNC_OK state=TEST_READY attempts=1 streak=5
[2026-09-18T02:57:13.121Z] batch=field-waveform-1789700110069-25 D3 TEST_READY state=TEST_READY attempts=1 streak=5
[2026-09-18T02:57:13.267Z] batch=field-waveform-1789700110069-25 D6 CHANNEL_SYNC_OK state=TEST_READY attempts=1 streak=5
[2026-09-18T02:57:13.267Z] batch=field-waveform-1789700110069-25 D6 TEST_READY state=TEST_READY attempts=1 streak=5
[2026-09-18T02:57:13.276Z] batch=field-waveform-1789700110069-25 D2 CHANNEL_SYNC_OK state=TEST_READY attempts=1 streak=5
[2026-09-18T02:57:13.277Z] batch=field-waveform-1789700110069-25 D2 TEST_READY state=TEST_READY attempts=1 streak=5
[2026-09-18T02:57:13.282Z] batch=field-waveform-1789700110069-25 D1 CHANNEL_SYNC_OK state=TEST_READY attempts=1 streak=5
[2026-09-18T02:57:13.283Z] batch=field-waveform-1789700110069-25 D1 TEST_READY state=TEST_READY attempts=1 streak=5
[2026-09-18T02:57:13.284Z] batch=field-waveform-1789700110069-25 D4 CHANNEL_SYNC_OK state=TEST_READY attempts=1 streak=5
[2026-09-18T02:57:13.284Z] batch=field-waveform-1789700110069-25 D4 TEST_READY state=TEST_READY attempts=1 streak=5
[2026-09-18T02:57:39.364Z] batch=field-waveform-1789700110069-25 D6 MODE_SWITCH_START state=MODE_SWITCHING attempts=1 streak=0 attempt=1
[2026-09-18T02:57:39.367Z] batch=field-waveform-1789700110069-25 D6 MODE_SWITCH_OK state=MODE_SWITCH_OK attempts=1 streak=0
[2026-09-18T02:57:39.376Z] batch=field-waveform-1789700110069-25 D2 MODE_SWITCH_START state=MODE_SWITCHING attempts=1 streak=0 attempt=1
[2026-09-18T02:57:39.377Z] batch=field-waveform-1789700110069-25 D2 MODE_SWITCH_OK state=MODE_SWITCH_OK attempts=1 streak=0
[2026-09-18T02:57:39.381Z] batch=field-waveform-1789700110069-25 D1 MODE_SWITCH_START state=MODE_SWITCHING attempts=1 streak=0 attempt=1
[2026-09-18T02:57:39.382Z] batch=field-waveform-1789700110069-25 D1 MODE_SWITCH_OK state=MODE_SWITCH_OK attempts=1 streak=0
[2026-09-18T02:57:39.386Z] batch=field-waveform-1789700110069-25 D4 MODE_SWITCH_START state=MODE_SWITCHING attempts=1 streak=0 attempt=1
[2026-09-18T02:57:39.388Z] batch=field-waveform-1789700110069-25 D4 MODE_SWITCH_OK state=MODE_SWITCH_OK attempts=1 streak=0
[2026-09-18T02:57:39.396Z] batch=field-waveform-1789700110069-25 D3 MODE_SWITCH_START state=MODE_SWITCHING attempts=1 streak=0 attempt=1
[2026-09-18T02:57:39.397Z] batch=field-waveform-1789700110069-25 D3 MODE_SWITCH_OK state=MODE_SWITCH_OK attempts=1 streak=0
[2026-09-18T02:57:48.098Z] batch=field-waveform-1789700110069-25 D5 MODE_SWITCH_START state=MODE_SWITCHING attempts=1 streak=0 attempt=1
[2026-09-18T02:57:48.100Z] batch=field-waveform-1789700110069-25 D5 MODE_SWITCH_OK state=MODE_SWITCH_OK attempts=1 streak=0
[2026-09-18T02:57:49.621Z] batch=field-waveform-1789700110069-25 D6 MODE_SWITCH_START state=MODE_SWITCHING attempts=1 streak=0 attempt=1
[2026-09-18T02:57:49.630Z] batch=field-waveform-1789700110069-25 D6 MODE_SWITCH_OK state=MODE_SWITCH_OK attempts=1 streak=0
[2026-09-18T02:57:49.639Z] batch=field-waveform-1789700110069-25 D2 MODE_SWITCH_START state=MODE_SWITCHING attempts=1 streak=0 attempt=1
[2026-09-18T02:57:49.640Z] batch=field-waveform-1789700110069-25 D2 MODE_SWITCH_OK state=MODE_SWITCH_OK attempts=1 streak=0
[2026-09-18T02:57:49.645Z] batch=field-waveform-1789700110069-25 D1 MODE_SWITCH_START state=MODE_SWITCHING attempts=1 streak=0 attempt=1
[2026-09-18T02:57:49.647Z] batch=field-waveform-1789700110069-25 D1 MODE_SWITCH_OK state=MODE_SWITCH_OK attempts=1 streak=0
[2026-09-18T02:57:49.651Z] batch=field-waveform-1789700110069-25 D4 MODE_SWITCH_START state=MODE_SWITCHING attempts=1 streak=0 attempt=1
[2026-09-18T02:57:49.652Z] batch=field-waveform-1789700110069-25 D4 MODE_SWITCH_OK state=MODE_SWITCH_OK attempts=1 streak=0
[2026-09-18T02:57:49.657Z] batch=field-waveform-1789700110069-25 D3 MODE_SWITCH_START state=MODE_SWITCHING attempts=1 streak=0 attempt=1
[2026-09-18T02:57:49.658Z] batch=field-waveform-1789700110069-25 D3 MODE_SWITCH_OK state=MODE_SWITCH_OK attempts=1 streak=0
[2026-09-18T02:57:58.162Z] batch=field-waveform-1789700110069-25 D5 MODE_SWITCH_START state=MODE_SWITCHING attempts=1 streak=0 attempt=1
[2026-09-18T02:57:58.163Z] batch=field-waveform-1789700110069-25 D5 MODE_SWITCH_OK state=MODE_SWITCH_OK attempts=1 streak=0
[2026-09-18T02:57:59.882Z] batch=field-waveform-1789700110069-25 D6 MODE_SWITCH_START state=MODE_SWITCHING attempts=1 streak=0 attempt=1
[2026-09-18T02:57:59.884Z] batch=field-waveform-1789700110069-25 D6 MODE_SWITCH_OK state=MODE_SWITCH_OK attempts=1 streak=0
[2026-09-18T02:57:59.890Z] batch=field-waveform-1789700110069-25 D2 MODE_SWITCH_START state=MODE_SWITCHING attempts=1 streak=0 attempt=1
[2026-09-18T02:57:59.892Z] batch=field-waveform-1789700110069-25 D2 MODE_SWITCH_OK state=MODE_SWITCH_OK attempts=1 streak=0
[2026-09-18T02:57:59.897Z] batch=field-waveform-1789700110069-25 D1 MODE_SWITCH_START state=MODE_SWITCHING attempts=1 streak=0 attempt=1
[2026-09-18T02:57:59.899Z] batch=field-waveform-1789700110069-25 D1 MODE_SWITCH_OK state=MODE_SWITCH_OK attempts=1 streak=0
[2026-09-18T02:57:59.904Z] batch=field-waveform-1789700110069-25 D4 MODE_SWITCH_START state=MODE_SWITCHING attempts=1 streak=0 attempt=1
[2026-09-18T02:57:59.905Z] batch=field-waveform-1789700110069-25 D4 MODE_SWITCH_OK state=MODE_SWITCH_OK attempts=1 streak=0
[2026-09-18T02:57:59.910Z] batch=field-waveform-1789700110069-25 D3 MODE_SWITCH_START state=MODE_SWITCHING attempts=1 streak=0 attempt=1
[2026-09-18T02:57:59.910Z] batch=field-waveform-1789700110069-25 D3 MODE_SWITCH_OK state=MODE_SWITCH_OK attempts=1 streak=0
[2026-09-18T02:58:08.256Z] batch=field-waveform-1789700110069-25 D5 MODE_SWITCH_START state=MODE_SWITCHING attempts=1 streak=0 attempt=1
[2026-09-18T02:58:08.258Z] batch=field-waveform-1789700110069-25 D5 MODE_SWITCH_OK state=MODE_SWITCH_OK attempts=1 streak=0
[2026-09-18T02:58:10.023Z] batch=field-waveform-1789700110069-25 D6 MODE_SWITCH_START state=MODE_SWITCHING attempts=1 streak=0 attempt=1
[2026-09-18T02:58:10.025Z] batch=field-waveform-1789700110069-25 D6 MODE_SWITCH_OK state=MODE_SWITCH_OK attempts=1 streak=0
[2026-09-18T02:58:10.031Z] batch=field-waveform-1789700110069-25 D2 MODE_SWITCH_START state=MODE_SWITCHING attempts=1 streak=0 attempt=1
[2026-09-18T02:58:10.032Z] batch=field-waveform-1789700110069-25 D2 MODE_SWITCH_OK state=MODE_SWITCH_OK attempts=1 streak=0
[2026-09-18T02:58:10.036Z] batch=field-waveform-1789700110069-25 D1 MODE_SWITCH_START state=MODE_SWITCHING attempts=1 streak=0 attempt=1
[2026-09-18T02:58:10.037Z] batch=field-waveform-1789700110069-25 D1 MODE_SWITCH_OK state=MODE_SWITCH_OK attempts=1 streak=0
[2026-09-18T02:58:10.042Z] batch=field-waveform-1789700110069-25 D4 MODE_SWITCH_START state=MODE_SWITCHING attempts=1 streak=0 attempt=1
[2026-09-18T02:58:10.044Z] batch=field-waveform-1789700110069-25 D4 MODE_SWITCH_OK state=MODE_SWITCH_OK attempts=1 streak=0
[2026-09-18T02:58:10.051Z] batch=field-waveform-1789700110069-25 D3 MODE_SWITCH_START state=MODE_SWITCHING attempts=1 streak=0 attempt=1
[2026-09-18T02:58:10.052Z] batch=field-waveform-1789700110069-25 D3 MODE_SWITCH_OK state=MODE_SWITCH_OK attempts=1 streak=0
[2026-09-18T02:58:13.569Z] batch=field-waveform-1789700110069-25 D5 FIRST_FRAME state=FIRST_FRAME_RECEIVED attempts=1 streak=1
[2026-09-18T02:58:13.570Z] batch=field-waveform-1789700110069-25 D5 FIRST_VALID_SAMPLE state=FIRST_FRAME_RECEIVED attempts=1 streak=1
[2026-09-18T02:58:13.871Z] batch=field-waveform-1789700110069-25 D5 CHANNEL_SYNC_OK state=TEST_READY attempts=1 streak=5
[2026-09-18T02:58:13.871Z] batch=field-waveform-1789700110069-25 D5 TEST_READY state=TEST_READY attempts=1 streak=5
[2026-09-18T02:58:15.113Z] batch=field-waveform-1789700110069-25 D2 FIRST_FRAME state=FIRST_FRAME_RECEIVED attempts=1 streak=1
[2026-09-18T02:58:15.114Z] batch=field-waveform-1789700110069-25 D2 FIRST_VALID_SAMPLE state=FIRST_FRAME_RECEIVED attempts=1 streak=1
[2026-09-18T02:58:15.120Z] batch=field-waveform-1789700110069-25 D6 FIRST_FRAME state=FIRST_FRAME_RECEIVED attempts=1 streak=1
[2026-09-18T02:58:15.121Z] batch=field-waveform-1789700110069-25 D6 FIRST_VALID_SAMPLE state=FIRST_FRAME_RECEIVED attempts=1 streak=1
[2026-09-18T02:58:15.124Z] batch=field-waveform-1789700110069-25 D4 FIRST_FRAME state=FIRST_FRAME_RECEIVED attempts=1 streak=1
[2026-09-18T02:58:15.124Z] batch=field-waveform-1789700110069-25 D4 FIRST_VALID_SAMPLE state=FIRST_FRAME_RECEIVED attempts=1 streak=1
[2026-09-18T02:58:15.174Z] batch=field-waveform-1789700110069-25 D1 FIRST_FRAME state=FIRST_FRAME_RECEIVED attempts=1 streak=1
[2026-09-18T02:58:15.174Z] batch=field-waveform-1789700110069-25 D1 FIRST_VALID_SAMPLE state=FIRST_FRAME_RECEIVED attempts=1 streak=1
[2026-09-18T02:58:15.179Z] batch=field-waveform-1789700110069-25 D3 FIRST_FRAME state=FIRST_FRAME_RECEIVED attempts=1 streak=1
[2026-09-18T02:58:15.181Z] batch=field-waveform-1789700110069-25 D3 FIRST_VALID_SAMPLE state=FIRST_FRAME_RECEIVED attempts=1 streak=1
[2026-09-18T02:58:15.478Z] batch=field-waveform-1789700110069-25 D2 CHANNEL_SYNC_OK state=TEST_READY attempts=1 streak=5
[2026-09-18T02:58:15.479Z] batch=field-waveform-1789700110069-25 D2 TEST_READY state=TEST_READY attempts=1 streak=5
[2026-09-18T02:58:15.500Z] batch=field-waveform-1789700110069-25 D3 CHANNEL_SYNC_OK state=TEST_READY attempts=1 streak=5
[2026-09-18T02:58:15.501Z] batch=field-waveform-1789700110069-25 D3 TEST_READY state=TEST_READY attempts=1 streak=5
[2026-09-18T02:58:15.503Z] batch=field-waveform-1789700110069-25 D6 CHANNEL_SYNC_OK state=TEST_READY attempts=1 streak=5
[2026-09-18T02:58:15.503Z] batch=field-waveform-1789700110069-25 D6 TEST_READY state=TEST_READY attempts=1 streak=5
[2026-09-18T02:58:15.506Z] batch=field-waveform-1789700110069-25 D4 CHANNEL_SYNC_OK state=TEST_READY attempts=1 streak=5
[2026-09-18T02:58:15.506Z] batch=field-waveform-1789700110069-25 D4 TEST_READY state=TEST_READY attempts=1 streak=5
[2026-09-18T02:58:15.510Z] batch=field-waveform-1789700110069-25 D1 CHANNEL_SYNC_OK state=TEST_READY attempts=1 streak=5
[2026-09-18T02:58:15.510Z] batch=field-waveform-1789700110069-25 D1 TEST_READY state=TEST_READY attempts=1 streak=5
[2026-09-18T02:59:22.833Z] batch=field-waveform-1789700110069-25 D2 MODE_SWITCH_START state=MODE_SWITCHING attempts=1 streak=0 attempt=1
[2026-09-18T02:59:22.835Z] batch=field-waveform-1789700110069-25 D2 MODE_SWITCH_OK state=MODE_SWITCH_OK attempts=1 streak=0
[2026-09-18T02:59:22.844Z] batch=field-waveform-1789700110069-25 D1 MODE_SWITCH_START state=MODE_SWITCHING attempts=1 streak=0 attempt=1
[2026-09-18T02:59:22.850Z] batch=field-waveform-1789700110069-25 D1 MODE_SWITCH_OK state=MODE_SWITCH_OK attempts=1 streak=0
[2026-09-18T02:59:22.856Z] batch=field-waveform-1789700110069-25 D6 MODE_SWITCH_START state=MODE_SWITCHING attempts=1 streak=0 attempt=1
[2026-09-18T02:59:22.858Z] batch=field-waveform-1789700110069-25 D6 MODE_SWITCH_OK state=MODE_SWITCH_OK attempts=1 streak=0
[2026-09-18T02:59:22.870Z] batch=field-waveform-1789700110069-25 D3 MODE_SWITCH_START state=MODE_SWITCHING attempts=1 streak=0 attempt=1
[2026-09-18T02:59:22.872Z] batch=field-waveform-1789700110069-25 D3 MODE_SWITCH_OK state=MODE_SWITCH_OK attempts=1 streak=0
[2026-09-18T02:59:22.878Z] batch=field-waveform-1789700110069-25 D5 MODE_SWITCH_START state=MODE_SWITCHING attempts=1 streak=0 attempt=1
[2026-09-18T02:59:22.884Z] batch=field-waveform-1789700110069-25 D5 MODE_SWITCH_OK state=MODE_SWITCH_OK attempts=1 streak=0
[2026-09-18T02:59:22.894Z] batch=field-waveform-1789700110069-25 D4 MODE_SWITCH_START state=MODE_SWITCHING attempts=1 streak=0 attempt=1
[2026-09-18T02:59:22.901Z] batch=field-waveform-1789700110069-25 D4 MODE_SWITCH_OK state=MODE_SWITCH_OK attempts=1 streak=0
[2026-09-18T02:59:32.879Z] batch=field-waveform-1789700110069-25 D2 MODE_SWITCH_START state=MODE_SWITCHING attempts=1 streak=0 attempt=1
[2026-09-18T02:59:32.881Z] batch=field-waveform-1789700110069-25 D2 MODE_SWITCH_OK state=MODE_SWITCH_OK attempts=1 streak=0
[2026-09-18T02:59:32.892Z] batch=field-waveform-1789700110069-25 D1 MODE_SWITCH_START state=MODE_SWITCHING attempts=1 streak=0 attempt=1
[2026-09-18T02:59:32.895Z] batch=field-waveform-1789700110069-25 D1 MODE_SWITCH_OK state=MODE_SWITCH_OK attempts=1 streak=0
[2026-09-18T02:59:32.906Z] batch=field-waveform-1789700110069-25 D6 MODE_SWITCH_START state=MODE_SWITCHING attempts=1 streak=0 attempt=1
[2026-09-18T02:59:32.913Z] batch=field-waveform-1789700110069-25 D6 MODE_SWITCH_OK state=MODE_SWITCH_OK attempts=1 streak=0
[2026-09-18T02:59:32.984Z] batch=field-waveform-1789700110069-25 D3 MODE_SWITCH_START state=MODE_SWITCHING attempts=1 streak=0 attempt=1
[2026-09-18T02:59:32.995Z] batch=field-waveform-1789700110069-25 D3 MODE_SWITCH_OK state=MODE_SWITCH_OK attempts=1 streak=0
[2026-09-18T02:59:33.008Z] batch=field-waveform-1789700110069-25 D5 MODE_SWITCH_START state=MODE_SWITCHING attempts=1 streak=0 attempt=1
[2026-09-18T02:59:33.011Z] batch=field-waveform-1789700110069-25 D5 MODE_SWITCH_OK state=MODE_SWITCH_OK attempts=1 streak=0
[2026-09-18T02:59:33.019Z] batch=field-waveform-1789700110069-25 D4 MODE_SWITCH_START state=MODE_SWITCHING attempts=1 streak=0 attempt=1
[2026-09-18T02:59:33.027Z] batch=field-waveform-1789700110069-25 D4 MODE_SWITCH_OK state=MODE_SWITCH_OK attempts=1 streak=0
[2026-09-18T02:59:38.063Z] batch=field-waveform-1789700110069-25 D2 FIRST_FRAME state=FIRST_FRAME_RECEIVED attempts=1 streak=1
[2026-09-18T02:59:38.064Z] batch=field-waveform-1789700110069-25 D2 FIRST_VALID_SAMPLE state=FIRST_FRAME_RECEIVED attempts=1 streak=1
[2026-09-18T02:59:38.065Z] batch=field-waveform-1789700110069-25 D6 FIRST_FRAME state=FIRST_FRAME_RECEIVED attempts=1 streak=1
[2026-09-18T02:59:38.065Z] batch=field-waveform-1789700110069-25 D6 FIRST_VALID_SAMPLE state=FIRST_FRAME_RECEIVED attempts=1 streak=1
[2026-09-18T02:59:38.068Z] batch=field-waveform-1789700110069-25 D1 FIRST_FRAME state=FIRST_FRAME_RECEIVED attempts=1 streak=1
[2026-09-18T02:59:38.068Z] batch=field-waveform-1789700110069-25 D1 FIRST_VALID_SAMPLE state=FIRST_FRAME_RECEIVED attempts=1 streak=1
[2026-09-18T02:59:38.252Z] batch=field-waveform-1789700110069-25 D2 CHANNEL_SYNC_OK state=TEST_READY attempts=1 streak=5
[2026-09-18T02:59:38.253Z] batch=field-waveform-1789700110069-25 D2 TEST_READY state=TEST_READY attempts=1 streak=5
[2026-09-18T02:59:38.715Z] batch=field-waveform-1789700110069-25 D5 FIRST_FRAME state=FIRST_FRAME_RECEIVED attempts=1 streak=1
[2026-09-18T02:59:38.716Z] batch=field-waveform-1789700110069-25 D5 FIRST_VALID_SAMPLE state=FIRST_FRAME_RECEIVED attempts=1 streak=1
[2026-09-18T02:59:38.718Z] batch=field-waveform-1789700110069-25 D5 CHANNEL_SYNC_OK state=TEST_READY attempts=1 streak=5
[2026-09-18T02:59:38.718Z] batch=field-waveform-1789700110069-25 D5 TEST_READY state=TEST_READY attempts=1 streak=5
[2026-09-18T02:59:38.742Z] batch=field-waveform-1789700110069-25 D3 FIRST_FRAME state=FIRST_FRAME_RECEIVED attempts=1 streak=1
[2026-09-18T02:59:38.742Z] batch=field-waveform-1789700110069-25 D3 FIRST_VALID_SAMPLE state=FIRST_FRAME_RECEIVED attempts=1 streak=1
[2026-09-18T02:59:38.743Z] batch=field-waveform-1789700110069-25 D3 CHANNEL_SYNC_OK state=TEST_READY attempts=1 streak=5
[2026-09-18T02:59:38.744Z] batch=field-waveform-1789700110069-25 D3 TEST_READY state=TEST_READY attempts=1 streak=5
[2026-09-18T02:59:38.745Z] batch=field-waveform-1789700110069-25 D4 FIRST_FRAME state=FIRST_FRAME_RECEIVED attempts=1 streak=1
[2026-09-18T02:59:38.745Z] batch=field-waveform-1789700110069-25 D4 FIRST_VALID_SAMPLE state=FIRST_FRAME_RECEIVED attempts=1 streak=1
[2026-09-18T02:59:38.746Z] batch=field-waveform-1789700110069-25 D4 CHANNEL_SYNC_OK state=TEST_READY attempts=1 streak=5
[2026-09-18T02:59:38.746Z] batch=field-waveform-1789700110069-25 D4 TEST_READY state=TEST_READY attempts=1 streak=5
[2026-09-18T02:59:38.749Z] batch=field-waveform-1789700110069-25 D6 CHANNEL_SYNC_OK state=TEST_READY attempts=1 streak=5
[2026-09-18T02:59:38.749Z] batch=field-waveform-1789700110069-25 D6 TEST_READY state=TEST_READY attempts=1 streak=5
[2026-09-18T02:59:38.751Z] batch=field-waveform-1789700110069-25 D1 CHANNEL_SYNC_OK state=TEST_READY attempts=1 streak=5
[2026-09-18T02:59:38.751Z] batch=field-waveform-1789700110069-25 D1 TEST_READY state=TEST_READY attempts=1 streak=5
[2026-09-18T03:00:13.347Z] batch=field-waveform-1789700110069-25 D3 MODE_SWITCH_START state=MODE_SWITCHING attempts=1 streak=0 attempt=1
[2026-09-18T03:00:13.349Z] batch=field-waveform-1789700110069-25 D3 MODE_SWITCH_OK state=MODE_SWITCH_OK attempts=1 streak=0
[2026-09-18T03:00:13.682Z] batch=field-waveform-1789700110069-25 D4 MODE_SWITCH_START state=MODE_SWITCHING attempts=1 streak=0 attempt=1
[2026-09-18T03:00:13.684Z] batch=field-waveform-1789700110069-25 D4 MODE_SWITCH_OK state=MODE_SWITCH_OK attempts=1 streak=0
