[2026-09-18T06:58:51.933Z] batch=field-waveform-1789714731932-40 D1 MODE_SWITCH_START state=MODE_SWITCHING attempts=1 streak=0 attempt=1
[2026-09-18T06:58:51.935Z] batch=field-waveform-1789714731932-40 D2 MODE_SWITCH_START state=MODE_SWITCHING attempts=1 streak=0 attempt=1
[2026-09-18T06:58:51.937Z] batch=field-waveform-1789714731932-40 D3 MODE_SWITCH_START state=MODE_SWITCHING attempts=1 streak=0 attempt=1
[2026-09-18T06:58:51.939Z] batch=field-waveform-1789714731932-40 D4 MODE_SWITCH_START state=MODE_SWITCHING attempts=1 streak=0 attempt=1
[2026-09-18T06:58:51.941Z] batch=field-waveform-1789714731932-40 D5 MODE_SWITCH_START state=MODE_SWITCHING attempts=1 streak=0 attempt=1
[2026-09-18T06:58:51.942Z] batch=field-waveform-1789714731932-40 D6 MODE_SWITCH_START state=MODE_SWITCHING attempts=1 streak=0 attempt=1
[2026-09-18T06:58:51.945Z] batch=field-waveform-1789714731932-40 D1 MODE_SWITCH_OK state=MODE_SWITCH_OK attempts=1 streak=0
[2026-09-18T06:58:51.945Z] batch=field-waveform-1789714731932-40 D2 MODE_SWITCH_OK state=MODE_SWITCH_OK attempts=1 streak=0
[2026-09-18T06:58:51.946Z] batch=field-waveform-1789714731932-40 D3 MODE_SWITCH_OK state=MODE_SWITCH_OK attempts=1 streak=0
[2026-09-18T06:58:51.946Z] batch=field-waveform-1789714731932-40 D4 MODE_SWITCH_OK state=MODE_SWITCH_OK attempts=1 streak=0
[2026-09-18T06:58:51.946Z] batch=field-waveform-1789714731932-40 D5 MODE_SWITCH_OK state=MODE_SWITCH_OK attempts=1 streak=0
[2026-09-18T06:58:51.947Z] batch=field-waveform-1789714731932-40 D6 MODE_SWITCH_OK state=MODE_SWITCH_OK attempts=1 streak=0
[2026-09-18T06:58:54.259Z] batch=field-waveform-1789714731932-40 D1 MODE_SWITCH_START state=MODE_SWITCHING attempts=1 streak=0 attempt=1
[2026-09-18T06:58:54.262Z] batch=field-waveform-1789714731932-40 D1 MODE_SWITCH_OK state=MODE_SWITCH_OK attempts=1 streak=0
[2026-09-18T06:58:54.264Z] batch=field-waveform-1789714731932-40 D5 MODE_SWITCH_START state=MODE_SWITCHING attempts=1 streak=0 attempt=1
[2026-09-18T06:58:54.265Z] batch=field-waveform-1789714731932-40 D5 MODE_SWITCH_OK state=MODE_SWITCH_OK attempts=1 streak=0
[2026-09-18T06:58:54.266Z] batch=field-waveform-1789714731932-40 D6 MODE_SWITCH_START state=MODE_SWITCHING attempts=1 streak=0 attempt=1
[2026-09-18T06:58:54.267Z] batch=field-waveform-1789714731932-40 D6 MODE_SWITCH_OK state=MODE_SWITCH_OK attempts=1 streak=0
[2026-09-18T06:58:54.267Z] batch=field-waveform-1789714731932-40 D3 MODE_SWITCH_START state=MODE_SWITCHING attempts=1 streak=0 attempt=1
[2026-09-18T06:58:54.268Z] batch=field-waveform-1789714731932-40 D3 MODE_SWITCH_OK state=MODE_SWITCH_OK attempts=1 streak=0
[2026-09-18T06:58:54.269Z] batch=field-waveform-1789714731932-40 D2 MODE_SWITCH_START state=MODE_SWITCHING attempts=1 streak=0 attempt=1
[2026-09-18T06:58:54.270Z] batch=field-waveform-1789714731932-40 D2 MODE_SWITCH_OK state=MODE_SWITCH_OK attempts=1 streak=0
[2026-09-18T06:58:54.271Z] batch=field-waveform-1789714731932-40 D4 MODE_SWITCH_START state=MODE_SWITCHING attempts=1 streak=0 attempt=1
[2026-09-18T06:58:54.271Z] batch=field-waveform-1789714731932-40 D4 MODE_SWITCH_OK state=MODE_SWITCH_OK attempts=1 streak=0
[2026-09-18T06:59:04.267Z] batch=field-waveform-1789714731932-40 D1 MODE_SWITCH_START state=MODE_SWITCHING attempts=1 streak=0 attempt=1
[2026-09-18T06:59:04.269Z] batch=field-waveform-1789714731932-40 D1 MODE_SWITCH_OK state=MODE_SWITCH_OK attempts=1 streak=0
[2026-09-18T06:59:04.270Z] batch=field-waveform-1789714731932-40 D5 MODE_SWITCH_START state=MODE_SWITCHING attempts=1 streak=0 attempt=1
[2026-09-18T06:59:04.271Z] batch=field-waveform-1789714731932-40 D5 MODE_SWITCH_OK state=MODE_SWITCH_OK attempts=1 streak=0
[2026-09-18T06:59:04.273Z] batch=field-waveform-1789714731932-40 D6 MODE_SWITCH_START state=MODE_SWITCHING attempts=1 streak=0 attempt=1
[2026-09-18T06:59:04.274Z] batch=field-waveform-1789714731932-40 D6 MODE_SWITCH_OK state=MODE_SWITCH_OK attempts=1 streak=0
[2026-09-18T06:59:04.276Z] batch=field-waveform-1789714731932-40 D3 MODE_SWITCH_START state=MODE_SWITCHING attempts=1 streak=0 attempt=1
[2026-09-18T06:59:04.277Z] batch=field-waveform-1789714731932-40 D3 MODE_SWITCH_OK state=MODE_SWITCH_OK attempts=1 streak=0
[2026-09-18T06:59:04.279Z] batch=field-waveform-1789714731932-40 D2 MODE_SWITCH_START state=MODE_SWITCHING attempts=1 streak=0 attempt=1
[2026-09-18T06:59:04.280Z] batch=field-waveform-1789714731932-40 D2 MODE_SWITCH_OK state=MODE_SWITCH_OK attempts=1 streak=0
[2026-09-18T06:59:04.284Z] batch=field-waveform-1789714731932-40 D4 MODE_SWITCH_START state=MODE_SWITCHING attempts=1 streak=0 attempt=1
[2026-09-18T06:59:04.286Z] batch=field-waveform-1789714731932-40 D4 MODE_SWITCH_OK state=MODE_SWITCH_OK attempts=1 streak=0
[2026-09-18T06:59:14.277Z] batch=field-waveform-1789714731932-40 D1 MODE_SWITCH_START state=MODE_SWITCHING attempts=1 streak=0 attempt=1
[2026-09-18T06:59:14.279Z] batch=field-waveform-1789714731932-40 D1 MODE_SWITCH_OK state=MODE_SWITCH_OK attempts=1 streak=0
[2026-09-18T06:59:14.281Z] batch=field-waveform-1789714731932-40 D5 MODE_SWITCH_START state=MODE_SWITCHING attempts=1 streak=0 attempt=1
[2026-09-18T06:59:14.282Z] batch=field-waveform-1789714731932-40 D5 MODE_SWITCH_OK state=MODE_SWITCH_OK attempts=1 streak=0
[2026-09-18T06:59:14.283Z] batch=field-waveform-1789714731932-40 D6 MODE_SWITCH_START state=MODE_SWITCHING attempts=1 streak=0 attempt=1
[2026-09-18T06:59:14.285Z] batch=field-waveform-1789714731932-40 D6 MODE_SWITCH_OK state=MODE_SWITCH_OK attempts=1 streak=0
[2026-09-18T06:59:14.287Z] batch=field-waveform-1789714731932-40 D3 MODE_SWITCH_START state=MODE_SWITCHING attempts=1 streak=0 attempt=1
[2026-09-18T06:59:14.289Z] batch=field-waveform-1789714731932-40 D3 MODE_SWITCH_OK state=MODE_SWITCH_OK attempts=1 streak=0
[2026-09-18T06:59:14.292Z] batch=field-waveform-1789714731932-40 D2 MODE_SWITCH_START state=MODE_SWITCHING attempts=1 streak=0 attempt=1
[2026-09-18T06:59:14.294Z] batch=field-waveform-1789714731932-40 D2 MODE_SWITCH_OK state=MODE_SWITCH_OK attempts=1 streak=0
[2026-09-18T06:59:14.295Z] batch=field-waveform-1789714731932-40 D4 MODE_SWITCH_START state=MODE_SWITCHING attempts=1 streak=0 attempt=1
[2026-09-18T06:59:14.297Z] batch=field-waveform-1789714731932-40 D4 MODE_SWITCH_OK state=MODE_SWITCH_OK attempts=1 streak=0
[2026-09-18T06:59:24.292Z] batch=field-waveform-1789714731932-40 D1 MODE_SWITCH_START state=MODE_SWITCHING attempts=1 streak=0 attempt=1
[2026-09-18T06:59:24.293Z] batch=field-waveform-1789714731932-40 D1 MODE_SWITCH_OK state=MODE_SWITCH_OK attempts=1 streak=0
[2026-09-18T06:59:24.294Z] batch=field-waveform-1789714731932-40 D5 MODE_SWITCH_START state=MODE_SWITCHING attempts=1 streak=0 attempt=1
[2026-09-18T06:59:24.294Z] batch=field-waveform-1789714731932-40 D5 MODE_SWITCH_OK state=MODE_SWITCH_OK attempts=1 streak=0
[2026-09-18T06:59:24.295Z] batch=field-waveform-1789714731932-40 D6 MODE_SWITCH_START state=MODE_SWITCHING attempts=1 streak=0 attempt=1
[2026-09-18T06:59:24.297Z] batch=field-waveform-1789714731932-40 D6 MODE_SWITCH_OK state=MODE_SWITCH_OK attempts=1 streak=0
[2026-09-18T06:59:24.298Z] batch=field-waveform-1789714731932-40 D3 MODE_SWITCH_START state=MODE_SWITCHING attempts=1 streak=0 attempt=1
[2026-09-18T06:59:24.299Z] batch=field-waveform-1789714731932-40 D3 MODE_SWITCH_OK state=MODE_SWITCH_OK attempts=1 streak=0
[2026-09-18T06:59:24.306Z] batch=field-waveform-1789714731932-40 D2 MODE_SWITCH_START state=MODE_SWITCHING attempts=1 streak=0 attempt=1
[2026-09-18T06:59:24.309Z] batch=field-waveform-1789714731932-40 D2 MODE_SWITCH_OK state=MODE_SWITCH_OK attempts=1 streak=0
[2026-09-18T06:59:24.310Z] batch=field-waveform-1789714731932-40 D4 MODE_SWITCH_START state=MODE_SWITCHING attempts=1 streak=0 attempt=1
[2026-09-18T06:59:24.311Z] batch=field-waveform-1789714731932-40 D4 MODE_SWITCH_OK state=MODE_SWITCH_OK attempts=1 streak=0
[2026-09-18T06:59:34.296Z] batch=field-waveform-1789714731932-40 D1 MODE_SWITCH_START state=MODE_SWITCHING attempts=1 streak=0 attempt=1
[2026-09-18T06:59:34.299Z] batch=field-waveform-1789714731932-40 D1 MODE_SWITCH_OK state=MODE_SWITCH_OK attempts=1 streak=0
[2026-09-18T06:59:34.305Z] batch=field-waveform-1789714731932-40 D5 MODE_SWITCH_START state=MODE_SWITCHING attempts=1 streak=0 attempt=1
[2026-09-18T06:59:34.310Z] batch=field-waveform-1789714731932-40 D5 MODE_SWITCH_OK state=MODE_SWITCH_OK attempts=1 streak=0
[2026-09-18T06:59:34.312Z] batch=field-waveform-1789714731932-40 D6 MODE_SWITCH_START state=MODE_SWITCHING attempts=1 streak=0 attempt=1
[2026-09-18T06:59:34.315Z] batch=field-waveform-1789714731932-40 D6 MODE_SWITCH_OK state=MODE_SWITCH_OK attempts=1 streak=0
[2026-09-18T06:59:34.316Z] batch=field-waveform-1789714731932-40 D3 MODE_SWITCH_START state=MODE_SWITCHING attempts=1 streak=0 attempt=1
[2026-09-18T06:59:34.317Z] batch=field-waveform-1789714731932-40 D3 MODE_SWITCH_OK state=MODE_SWITCH_OK attempts=1 streak=0
[2026-09-18T06:59:34.318Z] batch=field-waveform-1789714731932-40 D2 MODE_SWITCH_START state=MODE_SWITCHING attempts=1 streak=0 attempt=1
[2026-09-18T06:59:34.319Z] batch=field-waveform-1789714731932-40 D2 MODE_SWITCH_OK state=MODE_SWITCH_OK attempts=1 streak=0
[2026-09-18T06:59:34.320Z] batch=field-waveform-1789714731932-40 D4 MODE_SWITCH_START state=MODE_SWITCHING attempts=1 streak=0 attempt=1
[2026-09-18T06:59:34.322Z] batch=field-waveform-1789714731932-40 D4 MODE_SWITCH_OK state=MODE_SWITCH_OK attempts=1 streak=0
[2026-09-18T06:59:39.364Z] batch=field-waveform-1789714731932-40 D5 FIRST_FRAME state=FIRST_FRAME_RECEIVED attempts=1 streak=1
[2026-09-18T06:59:39.364Z] batch=field-waveform-1789714731932-40 D5 FIRST_VALID_SAMPLE state=FIRST_FRAME_RECEIVED attempts=1 streak=1
[2026-09-18T06:59:39.392Z] batch=field-waveform-1789714731932-40 D6 FIRST_FRAME state=FIRST_FRAME_RECEIVED attempts=1 streak=1
[2026-09-18T06:59:39.393Z] batch=field-waveform-1789714731932-40 D6 FIRST_VALID_SAMPLE state=FIRST_FRAME_RECEIVED attempts=1 streak=1
[2026-09-18T06:59:39.398Z] batch=field-waveform-1789714731932-40 D2 FIRST_FRAME state=FIRST_FRAME_RECEIVED attempts=1 streak=1
[2026-09-18T06:59:39.398Z] batch=field-waveform-1789714731932-40 D2 FIRST_VALID_SAMPLE state=FIRST_FRAME_RECEIVED attempts=1 streak=1
[2026-09-18T06:59:39.400Z] batch=field-waveform-1789714731932-40 D3 FIRST_FRAME state=FIRST_FRAME_RECEIVED attempts=1 streak=1
[2026-09-18T06:59:39.400Z] batch=field-waveform-1789714731932-40 D3 FIRST_VALID_SAMPLE state=FIRST_FRAME_RECEIVED attempts=1 streak=1
[2026-09-18T06:59:39.401Z] batch=field-waveform-1789714731932-40 D1 FIRST_FRAME state=FIRST_FRAME_RECEIVED attempts=1 streak=1
[2026-09-18T06:59:39.401Z] batch=field-waveform-1789714731932-40 D1 FIRST_VALID_SAMPLE state=FIRST_FRAME_RECEIVED attempts=1 streak=1
[2026-09-18T06:59:39.409Z] batch=field-waveform-1789714731932-40 D4 FIRST_FRAME state=FIRST_FRAME_RECEIVED attempts=1 streak=1
[2026-09-18T06:59:39.409Z] batch=field-waveform-1789714731932-40 D4 FIRST_VALID_SAMPLE state=FIRST_FRAME_RECEIVED attempts=1 streak=1
[2026-09-18T06:59:39.617Z] batch=field-waveform-1789714731932-40 D5 CHANNEL_SYNC_OK state=TEST_READY attempts=1 streak=5
[2026-09-18T06:59:39.617Z] batch=field-waveform-1789714731932-40 D5 TEST_READY state=TEST_READY attempts=1 streak=5
[2026-09-18T06:59:39.629Z] batch=field-waveform-1789714731932-40 D6 CHANNEL_SYNC_OK state=TEST_READY attempts=1 streak=5
[2026-09-18T06:59:39.629Z] batch=field-waveform-1789714731932-40 D6 TEST_READY state=TEST_READY attempts=1 streak=5
[2026-09-18T06:59:39.635Z] batch=field-waveform-1789714731932-40 D2 CHANNEL_SYNC_OK state=TEST_READY attempts=1 streak=5
[2026-09-18T06:59:39.635Z] batch=field-waveform-1789714731932-40 D2 TEST_READY state=TEST_READY attempts=1 streak=5
[2026-09-18T06:59:39.643Z] batch=field-waveform-1789714731932-40 D3 CHANNEL_SYNC_OK state=TEST_READY attempts=1 streak=5
[2026-09-18T06:59:39.643Z] batch=field-waveform-1789714731932-40 D3 TEST_READY state=TEST_READY attempts=1 streak=5
[2026-09-18T06:59:39.648Z] batch=field-waveform-1789714731932-40 D1 CHANNEL_SYNC_OK state=TEST_READY attempts=1 streak=5
[2026-09-18T06:59:39.649Z] batch=field-waveform-1789714731932-40 D1 TEST_READY state=TEST_READY attempts=1 streak=5
[2026-09-18T06:59:39.665Z] batch=field-waveform-1789714731932-40 D4 CHANNEL_SYNC_OK state=TEST_READY attempts=1 streak=5
[2026-09-18T06:59:39.665Z] batch=field-waveform-1789714731932-40 D4 TEST_READY state=TEST_READY attempts=1 streak=5
[2026-09-18T07:00:31.450Z] batch=field-waveform-1789714731932-40 D3 MODE_SWITCH_START state=MODE_SWITCHING attempts=1 streak=0 attempt=1
[2026-09-18T07:00:31.451Z] batch=field-waveform-1789714731932-40 D3 MODE_SWITCH_OK state=MODE_SWITCH_OK attempts=1 streak=0
[2026-09-18T07:00:31.455Z] batch=field-waveform-1789714731932-40 D1 MODE_SWITCH_START state=MODE_SWITCHING attempts=1 streak=0 attempt=1
[2026-09-18T07:00:31.455Z] batch=field-waveform-1789714731932-40 D1 MODE_SWITCH_OK state=MODE_SWITCH_OK attempts=1 streak=0
[2026-09-18T07:00:31.458Z] batch=field-waveform-1789714731932-40 D2 MODE_SWITCH_START state=MODE_SWITCHING attempts=1 streak=0 attempt=1
[2026-09-18T07:00:31.459Z] batch=field-waveform-1789714731932-40 D2 MODE_SWITCH_OK state=MODE_SWITCH_OK attempts=1 streak=0
[2026-09-18T07:00:31.463Z] batch=field-waveform-1789714731932-40 D4 MODE_SWITCH_START state=MODE_SWITCHING attempts=1 streak=0 attempt=1
[2026-09-18T07:00:31.464Z] batch=field-waveform-1789714731932-40 D4 MODE_SWITCH_OK state=MODE_SWITCH_OK attempts=1 streak=0
[2026-09-18T07:00:31.548Z] batch=field-waveform-1789714731932-40 D5 MODE_SWITCH_START state=MODE_SWITCHING attempts=1 streak=0 attempt=1
[2026-09-18T07:00:31.550Z] batch=field-waveform-1789714731932-40 D5 MODE_SWITCH_OK state=MODE_SWITCH_OK attempts=1 streak=0
[2026-09-18T07:00:31.554Z] batch=field-waveform-1789714731932-40 D6 MODE_SWITCH_START state=MODE_SWITCHING attempts=1 streak=0 attempt=1
[2026-09-18T07:00:31.554Z] batch=field-waveform-1789714731932-40 D6 MODE_SWITCH_OK state=MODE_SWITCH_OK attempts=1 streak=0
[2026-09-18T07:00:41.537Z] batch=field-waveform-1789714731932-40 D3 MODE_SWITCH_START state=MODE_SWITCHING attempts=1 streak=0 attempt=1
[2026-09-18T07:00:41.538Z] batch=field-waveform-1789714731932-40 D3 MODE_SWITCH_OK state=MODE_SWITCH_OK attempts=1 streak=0
[2026-09-18T07:00:41.541Z] batch=field-waveform-1789714731932-40 D1 MODE_SWITCH_START state=MODE_SWITCHING attempts=1 streak=0 attempt=1
[2026-09-18T07:00:41.542Z] batch=field-waveform-1789714731932-40 D1 MODE_SWITCH_OK state=MODE_SWITCH_OK attempts=1 streak=0
[2026-09-18T07:00:41.545Z] batch=field-waveform-1789714731932-40 D2 MODE_SWITCH_START state=MODE_SWITCHING attempts=1 streak=0 attempt=1
[2026-09-18T07:00:41.545Z] batch=field-waveform-1789714731932-40 D2 MODE_SWITCH_OK state=MODE_SWITCH_OK attempts=1 streak=0
[2026-09-18T07:00:41.548Z] batch=field-waveform-1789714731932-40 D4 MODE_SWITCH_START state=MODE_SWITCHING attempts=1 streak=0 attempt=1
[2026-09-18T07:00:41.549Z] batch=field-waveform-1789714731932-40 D4 MODE_SWITCH_OK state=MODE_SWITCH_OK attempts=1 streak=0
[2026-09-18T07:00:41.630Z] batch=field-waveform-1789714731932-40 D5 MODE_SWITCH_START state=MODE_SWITCHING attempts=1 streak=0 attempt=1
[2026-09-18T07:00:41.631Z] batch=field-waveform-1789714731932-40 D5 MODE_SWITCH_OK state=MODE_SWITCH_OK attempts=1 streak=0
[2026-09-18T07:00:41.636Z] batch=field-waveform-1789714731932-40 D6 MODE_SWITCH_START state=MODE_SWITCHING attempts=1 streak=0 attempt=1
[2026-09-18T07:00:41.637Z] batch=field-waveform-1789714731932-40 D6 MODE_SWITCH_OK state=MODE_SWITCH_OK attempts=1 streak=0
[2026-09-18T07:00:46.647Z] batch=field-waveform-1789714731932-40 D1 FIRST_FRAME state=FIRST_FRAME_RECEIVED attempts=1 streak=1
[2026-09-18T07:00:46.647Z] batch=field-waveform-1789714731932-40 D1 FIRST_VALID_SAMPLE state=FIRST_FRAME_RECEIVED attempts=1 streak=1
[2026-09-18T07:00:46.648Z] batch=field-waveform-1789714731932-40 D2 FIRST_FRAME state=FIRST_FRAME_RECEIVED attempts=1 streak=1
[2026-09-18T07:00:46.648Z] batch=field-waveform-1789714731932-40 D2 FIRST_VALID_SAMPLE state=FIRST_FRAME_RECEIVED attempts=1 streak=1
[2026-09-18T07:00:46.649Z] batch=field-waveform-1789714731932-40 D3 FIRST_FRAME state=FIRST_FRAME_RECEIVED attempts=1 streak=1
[2026-09-18T07:00:46.649Z] batch=field-waveform-1789714731932-40 D3 FIRST_VALID_SAMPLE state=FIRST_FRAME_RECEIVED attempts=1 streak=1
[2026-09-18T07:00:46.651Z] batch=field-waveform-1789714731932-40 D4 FIRST_FRAME state=FIRST_FRAME_RECEIVED attempts=1 streak=1
[2026-09-18T07:00:46.651Z] batch=field-waveform-1789714731932-40 D4 FIRST_VALID_SAMPLE state=FIRST_FRAME_RECEIVED attempts=1 streak=1
[2026-09-18T07:00:46.743Z] batch=field-waveform-1789714731932-40 D6 FIRST_FRAME state=FIRST_FRAME_RECEIVED attempts=1 streak=1
[2026-09-18T07:00:46.743Z] batch=field-waveform-1789714731932-40 D6 FIRST_VALID_SAMPLE state=FIRST_FRAME_RECEIVED attempts=1 streak=1
[2026-09-18T07:00:46.743Z] batch=field-waveform-1789714731932-40 D5 FIRST_FRAME state=FIRST_FRAME_RECEIVED attempts=1 streak=1
[2026-09-18T07:00:46.744Z] batch=field-waveform-1789714731932-40 D5 FIRST_VALID_SAMPLE state=FIRST_FRAME_RECEIVED attempts=1 streak=1
[2026-09-18T07:00:46.842Z] batch=field-waveform-1789714731932-40 D1 CHANNEL_SYNC_OK state=TEST_READY attempts=1 streak=5
[2026-09-18T07:00:46.843Z] batch=field-waveform-1789714731932-40 D1 TEST_READY state=TEST_READY attempts=1 streak=5
[2026-09-18T07:00:46.844Z] batch=field-waveform-1789714731932-40 D2 CHANNEL_SYNC_OK state=TEST_READY attempts=1 streak=5
[2026-09-18T07:00:46.845Z] batch=field-waveform-1789714731932-40 D2 TEST_READY state=TEST_READY attempts=1 streak=5
[2026-09-18T07:00:46.846Z] batch=field-waveform-1789714731932-40 D3 CHANNEL_SYNC_OK state=TEST_READY attempts=1 streak=5
[2026-09-18T07:00:46.846Z] batch=field-waveform-1789714731932-40 D3 TEST_READY state=TEST_READY attempts=1 streak=5
[2026-09-18T07:00:46.912Z] batch=field-waveform-1789714731932-40 D4 CHANNEL_SYNC_OK state=TEST_READY attempts=1 streak=5
[2026-09-18T07:00:46.912Z] batch=field-waveform-1789714731932-40 D4 TEST_READY state=TEST_READY attempts=1 streak=5
[2026-09-18T07:00:46.940Z] batch=field-waveform-1789714731932-40 D6 CHANNEL_SYNC_OK state=TEST_READY attempts=1 streak=5
[2026-09-18T07:00:46.940Z] batch=field-waveform-1789714731932-40 D6 TEST_READY state=TEST_READY attempts=1 streak=5
[2026-09-18T07:00:47.052Z] batch=field-waveform-1789714731932-40 D5 CHANNEL_SYNC_OK state=TEST_READY attempts=1 streak=5
[2026-09-18T07:00:47.053Z] batch=field-waveform-1789714731932-40 D5 TEST_READY state=TEST_READY attempts=1 streak=5
