[2026-09-11T06:31:16.452Z] batch=field-waveform-1789108268403-12 D2 MODE_SWITCH_START state=MODE_SWITCHING attempts=1 streak=0 attempt=1
[2026-09-11T06:31:16.459Z] batch=field-waveform-1789108268403-12 D2 MODE_SWITCH_OK state=MODE_SWITCH_OK attempts=1 streak=0
[2026-09-11T06:31:16.467Z] batch=field-waveform-1789108268403-12 D4 MODE_SWITCH_START state=MODE_SWITCHING attempts=1 streak=0 attempt=1
[2026-09-11T06:31:16.475Z] batch=field-waveform-1789108268403-12 D4 MODE_SWITCH_OK state=MODE_SWITCH_OK attempts=1 streak=0
[2026-09-11T06:31:17.146Z] batch=field-waveform-1789108268403-12 D1 MODE_SWITCH_START state=MODE_SWITCHING attempts=1 streak=0 attempt=1
[2026-09-11T06:31:17.158Z] batch=field-waveform-1789108268403-12 D1 MODE_SWITCH_OK state=MODE_SWITCH_OK attempts=1 streak=0
[2026-09-11T06:31:17.159Z] batch=field-waveform-1789108268403-12 D3 MODE_SWITCH_START state=MODE_SWITCHING attempts=1 streak=0 attempt=1
[2026-09-11T06:31:17.160Z] batch=field-waveform-1789108268403-12 D3 MODE_SWITCH_OK state=MODE_SWITCH_OK attempts=1 streak=0
[2026-09-11T06:31:17.164Z] batch=field-waveform-1789108268403-12 D5 MODE_SWITCH_START state=MODE_SWITCHING attempts=1 streak=0 attempt=1
[2026-09-11T06:31:17.166Z] batch=field-waveform-1789108268403-12 D5 MODE_SWITCH_OK state=MODE_SWITCH_OK attempts=1 streak=0
[2026-09-11T06:31:17.176Z] batch=field-waveform-1789108268403-12 D6 MODE_SWITCH_START state=MODE_SWITCHING attempts=1 streak=0 attempt=1
[2026-09-11T06:31:17.178Z] batch=field-waveform-1789108268403-12 D6 MODE_SWITCH_OK state=MODE_SWITCH_OK attempts=1 streak=0
[2026-09-11T06:31:26.467Z] batch=field-waveform-1789108268403-12 D2 MODE_SWITCH_START state=MODE_SWITCHING attempts=1 streak=0 attempt=1
[2026-09-11T06:31:26.472Z] batch=field-waveform-1789108268403-12 D2 MODE_SWITCH_OK state=MODE_SWITCH_OK attempts=1 streak=0
[2026-09-11T06:31:26.480Z] batch=field-waveform-1789108268403-12 D4 MODE_SWITCH_START state=MODE_SWITCHING attempts=1 streak=0 attempt=1
[2026-09-11T06:31:26.481Z] batch=field-waveform-1789108268403-12 D4 MODE_SWITCH_OK state=MODE_SWITCH_OK attempts=1 streak=0
[2026-09-11T06:31:27.160Z] batch=field-waveform-1789108268403-12 D1 MODE_SWITCH_START state=MODE_SWITCHING attempts=1 streak=0 attempt=1
[2026-09-11T06:31:27.164Z] batch=field-waveform-1789108268403-12 D1 MODE_SWITCH_OK state=MODE_SWITCH_OK attempts=1 streak=0
[2026-09-11T06:31:27.165Z] batch=field-waveform-1789108268403-12 D3 MODE_SWITCH_START state=MODE_SWITCHING attempts=1 streak=0 attempt=1
[2026-09-11T06:31:27.166Z] batch=field-waveform-1789108268403-12 D3 MODE_SWITCH_OK state=MODE_SWITCH_OK attempts=1 streak=0
[2026-09-11T06:31:27.167Z] batch=field-waveform-1789108268403-12 D5 MODE_SWITCH_START state=MODE_SWITCHING attempts=1 streak=0 attempt=1
[2026-09-11T06:31:27.168Z] batch=field-waveform-1789108268403-12 D5 MODE_SWITCH_OK state=MODE_SWITCH_OK attempts=1 streak=0
[2026-09-11T06:31:27.178Z] batch=field-waveform-1789108268403-12 D6 MODE_SWITCH_START state=MODE_SWITCHING attempts=1 streak=0 attempt=1
[2026-09-11T06:31:27.180Z] batch=field-waveform-1789108268403-12 D6 MODE_SWITCH_OK state=MODE_SWITCH_OK attempts=1 streak=0
[2026-09-11T06:31:36.475Z] batch=field-waveform-1789108268403-12 D2 MODE_SWITCH_START state=MODE_SWITCHING attempts=1 streak=0 attempt=1
[2026-09-11T06:31:36.478Z] batch=field-waveform-1789108268403-12 D2 MODE_SWITCH_OK state=MODE_SWITCH_OK attempts=1 streak=0
[2026-09-11T06:31:36.481Z] batch=field-waveform-1789108268403-12 D4 MODE_SWITCH_START state=MODE_SWITCHING attempts=1 streak=0 attempt=1
[2026-09-11T06:31:36.494Z] batch=field-waveform-1789108268403-12 D4 MODE_SWITCH_OK state=MODE_SWITCH_OK attempts=1 streak=0
[2026-09-11T06:31:37.174Z] batch=field-waveform-1789108268403-12 D1 MODE_SWITCH_START state=MODE_SWITCHING attempts=1 streak=0 attempt=1
[2026-09-11T06:31:37.178Z] batch=field-waveform-1789108268403-12 D1 MODE_SWITCH_OK state=MODE_SWITCH_OK attempts=1 streak=0
[2026-09-11T06:31:37.179Z] batch=field-waveform-1789108268403-12 D3 MODE_SWITCH_START state=MODE_SWITCHING attempts=1 streak=0 attempt=1
[2026-09-11T06:31:37.186Z] batch=field-waveform-1789108268403-12 D3 MODE_SWITCH_OK state=MODE_SWITCH_OK attempts=1 streak=0
[2026-09-11T06:31:37.187Z] batch=field-waveform-1789108268403-12 D5 MODE_SWITCH_START state=MODE_SWITCHING attempts=1 streak=0 attempt=1
[2026-09-11T06:31:37.188Z] batch=field-waveform-1789108268403-12 D5 MODE_SWITCH_OK state=MODE_SWITCH_OK attempts=1 streak=0
[2026-09-11T06:31:37.189Z] batch=field-waveform-1789108268403-12 D6 MODE_SWITCH_START state=MODE_SWITCHING attempts=1 streak=0 attempt=1
[2026-09-11T06:31:37.192Z] batch=field-waveform-1789108268403-12 D6 MODE_SWITCH_OK state=MODE_SWITCH_OK attempts=1 streak=0
[2026-09-11T06:31:46.482Z] batch=field-waveform-1789108268403-12 D2 MODE_SWITCH_START state=MODE_SWITCHING attempts=1 streak=0 attempt=1
[2026-09-11T06:31:46.495Z] batch=field-waveform-1789108268403-12 D2 MODE_SWITCH_OK state=MODE_SWITCH_OK attempts=1 streak=0
[2026-09-11T06:31:46.496Z] batch=field-waveform-1789108268403-12 D4 MODE_SWITCH_START state=MODE_SWITCHING attempts=1 streak=0 attempt=1
[2026-09-11T06:31:46.523Z] batch=field-waveform-1789108268403-12 D4 MODE_SWITCH_OK state=MODE_SWITCH_OK attempts=1 streak=0
[2026-09-11T06:31:47.190Z] batch=field-waveform-1789108268403-12 D1 MODE_SWITCH_START state=MODE_SWITCHING attempts=1 streak=0 attempt=1
[2026-09-11T06:31:47.194Z] batch=field-waveform-1789108268403-12 D1 MODE_SWITCH_OK state=MODE_SWITCH_OK attempts=1 streak=0
[2026-09-11T06:31:47.195Z] batch=field-waveform-1789108268403-12 D3 MODE_SWITCH_START state=MODE_SWITCHING attempts=1 streak=0 attempt=1
[2026-09-11T06:31:47.196Z] batch=field-waveform-1789108268403-12 D3 MODE_SWITCH_OK state=MODE_SWITCH_OK attempts=1 streak=0
[2026-09-11T06:31:47.196Z] batch=field-waveform-1789108268403-12 D5 MODE_SWITCH_START state=MODE_SWITCHING attempts=1 streak=0 attempt=1
[2026-09-11T06:31:47.197Z] batch=field-waveform-1789108268403-12 D5 MODE_SWITCH_OK state=MODE_SWITCH_OK attempts=1 streak=0
[2026-09-11T06:31:47.198Z] batch=field-waveform-1789108268403-12 D6 MODE_SWITCH_START state=MODE_SWITCHING attempts=1 streak=0 attempt=1
[2026-09-11T06:31:47.199Z] batch=field-waveform-1789108268403-12 D6 MODE_SWITCH_OK state=MODE_SWITCH_OK attempts=1 streak=0
[2026-09-11T06:31:51.565Z] batch=field-waveform-1789108268403-12 D2 FIRST_FRAME state=FIRST_FRAME_RECEIVED attempts=1 streak=1
[2026-09-11T06:31:51.566Z] batch=field-waveform-1789108268403-12 D2 FIRST_VALID_SAMPLE state=FIRST_FRAME_RECEIVED attempts=1 streak=1
[2026-09-11T06:31:51.577Z] batch=field-waveform-1789108268403-12 D4 FIRST_FRAME state=FIRST_FRAME_RECEIVED attempts=1 streak=1
[2026-09-11T06:31:51.577Z] batch=field-waveform-1789108268403-12 D4 FIRST_VALID_SAMPLE state=FIRST_FRAME_RECEIVED attempts=1 streak=1
[2026-09-11T06:31:51.811Z] batch=field-waveform-1789108268403-12 D2 CHANNEL_SYNC_OK state=TEST_READY attempts=1 streak=5
[2026-09-11T06:31:51.811Z] batch=field-waveform-1789108268403-12 D2 TEST_READY state=TEST_READY attempts=1 streak=5
[2026-09-11T06:31:51.828Z] batch=field-waveform-1789108268403-12 D4 CHANNEL_SYNC_OK state=TEST_READY attempts=1 streak=5
[2026-09-11T06:31:51.828Z] batch=field-waveform-1789108268403-12 D4 TEST_READY state=TEST_READY attempts=1 streak=5
[2026-09-11T06:31:52.248Z] batch=field-waveform-1789108268403-12 D1 FIRST_FRAME state=FIRST_FRAME_RECEIVED attempts=1 streak=1
[2026-09-11T06:31:52.248Z] batch=field-waveform-1789108268403-12 D1 FIRST_VALID_SAMPLE state=FIRST_FRAME_RECEIVED attempts=1 streak=1
[2026-09-11T06:31:52.272Z] batch=field-waveform-1789108268403-12 D6 FIRST_FRAME state=FIRST_FRAME_RECEIVED attempts=1 streak=1
[2026-09-11T06:31:52.272Z] batch=field-waveform-1789108268403-12 D6 FIRST_VALID_SAMPLE state=FIRST_FRAME_RECEIVED attempts=1 streak=1
[2026-09-11T06:31:52.282Z] batch=field-waveform-1789108268403-12 D3 FIRST_FRAME state=FIRST_FRAME_RECEIVED attempts=1 streak=1
[2026-09-11T06:31:52.282Z] batch=field-waveform-1789108268403-12 D3 FIRST_VALID_SAMPLE state=FIRST_FRAME_RECEIVED attempts=1 streak=1
[2026-09-11T06:31:52.295Z] batch=field-waveform-1789108268403-12 D5 FIRST_FRAME state=FIRST_FRAME_RECEIVED attempts=1 streak=1
[2026-09-11T06:31:52.295Z] batch=field-waveform-1789108268403-12 D5 FIRST_VALID_SAMPLE state=FIRST_FRAME_RECEIVED attempts=1 streak=1
[2026-09-11T06:31:52.514Z] batch=field-waveform-1789108268403-12 D1 CHANNEL_SYNC_OK state=TEST_READY attempts=1 streak=5
[2026-09-11T06:31:52.514Z] batch=field-waveform-1789108268403-12 D1 TEST_READY state=TEST_READY attempts=1 streak=5
[2026-09-11T06:31:52.534Z] batch=field-waveform-1789108268403-12 D6 CHANNEL_SYNC_OK state=TEST_READY attempts=1 streak=5
[2026-09-11T06:31:52.534Z] batch=field-waveform-1789108268403-12 D6 TEST_READY state=TEST_READY attempts=1 streak=5
[2026-09-11T06:31:52.536Z] batch=field-waveform-1789108268403-12 D3 CHANNEL_SYNC_OK state=TEST_READY attempts=1 streak=5
[2026-09-11T06:31:52.536Z] batch=field-waveform-1789108268403-12 D3 TEST_READY state=TEST_READY attempts=1 streak=5
[2026-09-11T06:31:52.550Z] batch=field-waveform-1789108268403-12 D5 CHANNEL_SYNC_OK state=TEST_READY attempts=1 streak=5
[2026-09-11T06:31:52.550Z] batch=field-waveform-1789108268403-12 D5 TEST_READY state=TEST_READY attempts=1 streak=5
[2026-09-11T06:32:46.759Z] batch=field-waveform-1789108268403-12 D6 MODE_SWITCH_START state=MODE_SWITCHING attempts=1 streak=0 attempt=1
[2026-09-11T06:32:46.770Z] batch=field-waveform-1789108268403-12 D6 MODE_SWITCH_OK state=MODE_SWITCH_OK attempts=1 streak=0
[2026-09-11T06:32:46.783Z] batch=field-waveform-1789108268403-12 D3 MODE_SWITCH_START state=MODE_SWITCHING attempts=1 streak=0 attempt=1
[2026-09-11T06:32:46.794Z] batch=field-waveform-1789108268403-12 D3 MODE_SWITCH_OK state=MODE_SWITCH_OK attempts=1 streak=0
[2026-09-11T06:32:46.801Z] batch=field-waveform-1789108268403-12 D5 MODE_SWITCH_START state=MODE_SWITCHING attempts=1 streak=0 attempt=1
[2026-09-11T06:32:46.813Z] batch=field-waveform-1789108268403-12 D5 MODE_SWITCH_OK state=MODE_SWITCH_OK attempts=1 streak=0
[2026-09-11T06:32:46.827Z] batch=field-waveform-1789108268403-12 D1 MODE_SWITCH_START state=MODE_SWITCHING attempts=1 streak=0 attempt=1
[2026-09-11T06:32:46.839Z] batch=field-waveform-1789108268403-12 D1 MODE_SWITCH_OK state=MODE_SWITCH_OK attempts=1 streak=0
[2026-09-11T06:32:56.513Z] batch=field-waveform-1789108268403-12 D2 MODE_SWITCH_START state=MODE_SWITCHING attempts=1 streak=0 attempt=1
[2026-09-11T06:32:56.518Z] batch=field-waveform-1789108268403-12 D2 MODE_SWITCH_OK state=MODE_SWITCH_OK attempts=1 streak=0
[2026-09-11T06:32:56.756Z] batch=field-waveform-1789108268403-12 D4 MODE_SWITCH_START state=MODE_SWITCHING attempts=1 streak=0 attempt=1
[2026-09-11T06:32:56.766Z] batch=field-waveform-1789108268403-12 D4 MODE_SWITCH_OK state=MODE_SWITCH_OK attempts=1 streak=0
[2026-09-11T06:32:56.993Z] batch=field-waveform-1789108268403-12 D6 MODE_SWITCH_START state=MODE_SWITCHING attempts=1 streak=0 attempt=1
[2026-09-11T06:32:56.999Z] batch=field-waveform-1789108268403-12 D6 MODE_SWITCH_OK state=MODE_SWITCH_OK attempts=1 streak=0
[2026-09-11T06:32:57.006Z] batch=field-waveform-1789108268403-12 D3 MODE_SWITCH_START state=MODE_SWITCHING attempts=1 streak=0 attempt=1
[2026-09-11T06:32:57.015Z] batch=field-waveform-1789108268403-12 D3 MODE_SWITCH_OK state=MODE_SWITCH_OK attempts=1 streak=0
[2026-09-11T06:32:57.023Z] batch=field-waveform-1789108268403-12 D5 MODE_SWITCH_START state=MODE_SWITCHING attempts=1 streak=0 attempt=1
[2026-09-11T06:32:57.025Z] batch=field-waveform-1789108268403-12 D5 MODE_SWITCH_OK state=MODE_SWITCH_OK attempts=1 streak=0
[2026-09-11T06:32:57.032Z] batch=field-waveform-1789108268403-12 D1 MODE_SWITCH_START state=MODE_SWITCHING attempts=1 streak=0 attempt=1
[2026-09-11T06:32:57.035Z] batch=field-waveform-1789108268403-12 D1 MODE_SWITCH_OK state=MODE_SWITCH_OK attempts=1 streak=0
[2026-09-11T06:33:01.669Z] batch=field-waveform-1789108268403-12 D2 FIRST_FRAME state=FIRST_FRAME_RECEIVED attempts=1 streak=1
[2026-09-11T06:33:01.670Z] batch=field-waveform-1789108268403-12 D2 FIRST_VALID_SAMPLE state=FIRST_FRAME_RECEIVED attempts=1 streak=1
[2026-09-11T06:33:01.913Z] batch=field-waveform-1789108268403-12 D2 CHANNEL_SYNC_OK state=TEST_READY attempts=1 streak=5
[2026-09-11T06:33:01.913Z] batch=field-waveform-1789108268403-12 D2 TEST_READY state=TEST_READY attempts=1 streak=5
[2026-09-11T06:33:01.915Z] batch=field-waveform-1789108268403-12 D4 FIRST_FRAME state=FIRST_FRAME_RECEIVED attempts=1 streak=1
[2026-09-11T06:33:01.915Z] batch=field-waveform-1789108268403-12 D4 FIRST_VALID_SAMPLE state=FIRST_FRAME_RECEIVED attempts=1 streak=1
[2026-09-11T06:33:02.154Z] batch=field-waveform-1789108268403-12 D4 CHANNEL_SYNC_OK state=TEST_READY attempts=1 streak=5
[2026-09-11T06:33:02.155Z] batch=field-waveform-1789108268403-12 D4 TEST_READY state=TEST_READY attempts=1 streak=5
[2026-09-11T06:33:02.156Z] batch=field-waveform-1789108268403-12 D6 FIRST_FRAME state=FIRST_FRAME_RECEIVED attempts=1 streak=1
[2026-09-11T06:33:02.156Z] batch=field-waveform-1789108268403-12 D6 FIRST_VALID_SAMPLE state=FIRST_FRAME_RECEIVED attempts=1 streak=1
[2026-09-11T06:33:02.158Z] batch=field-waveform-1789108268403-12 D1 FIRST_FRAME state=FIRST_FRAME_RECEIVED attempts=1 streak=1
[2026-09-11T06:33:02.158Z] batch=field-waveform-1789108268403-12 D1 FIRST_VALID_SAMPLE state=FIRST_FRAME_RECEIVED attempts=1 streak=1
[2026-09-11T06:33:02.161Z] batch=field-waveform-1789108268403-12 D5 FIRST_FRAME state=FIRST_FRAME_RECEIVED attempts=1 streak=1
[2026-09-11T06:33:02.162Z] batch=field-waveform-1789108268403-12 D5 FIRST_VALID_SAMPLE state=FIRST_FRAME_RECEIVED attempts=1 streak=1
[2026-09-11T06:33:02.163Z] batch=field-waveform-1789108268403-12 D3 FIRST_FRAME state=FIRST_FRAME_RECEIVED attempts=1 streak=1
[2026-09-11T06:33:02.163Z] batch=field-waveform-1789108268403-12 D3 FIRST_VALID_SAMPLE state=FIRST_FRAME_RECEIVED attempts=1 streak=1
[2026-09-11T06:33:02.407Z] batch=field-waveform-1789108268403-12 D1 CHANNEL_SYNC_OK state=TEST_READY attempts=1 streak=5
[2026-09-11T06:33:02.408Z] batch=field-waveform-1789108268403-12 D1 TEST_READY state=TEST_READY attempts=1 streak=5
[2026-09-11T06:33:02.415Z] batch=field-waveform-1789108268403-12 D3 CHANNEL_SYNC_OK state=TEST_READY attempts=1 streak=5
[2026-09-11T06:33:02.415Z] batch=field-waveform-1789108268403-12 D3 TEST_READY state=TEST_READY attempts=1 streak=5
[2026-09-11T06:33:02.419Z] batch=field-waveform-1789108268403-12 D6 CHANNEL_SYNC_OK state=TEST_READY attempts=1 streak=5
[2026-09-11T06:33:02.419Z] batch=field-waveform-1789108268403-12 D6 TEST_READY state=TEST_READY attempts=1 streak=5
[2026-09-11T06:33:02.423Z] batch=field-waveform-1789108268403-12 D5 CHANNEL_SYNC_OK state=TEST_READY attempts=1 streak=5
[2026-09-11T06:33:02.424Z] batch=field-waveform-1789108268403-12 D5 TEST_READY state=TEST_READY attempts=1 streak=5
[2026-09-11T06:33:47.242Z] batch=field-waveform-1789108268403-12 D2 MODE_SWITCH_START state=MODE_SWITCHING attempts=1 streak=0 attempt=1
[2026-09-11T06:33:47.253Z] batch=field-waveform-1789108268403-12 D2 MODE_SWITCH_OK state=MODE_SWITCH_OK attempts=1 streak=0
[2026-09-11T06:33:47.263Z] batch=field-waveform-1789108268403-12 D4 MODE_SWITCH_START state=MODE_SWITCHING attempts=1 streak=0 attempt=1
[2026-09-11T06:33:47.272Z] batch=field-waveform-1789108268403-12 D4 MODE_SWITCH_OK state=MODE_SWITCH_OK attempts=1 streak=0
[2026-09-11T06:33:47.282Z] batch=field-waveform-1789108268403-12 D5 MODE_SWITCH_START state=MODE_SWITCHING attempts=1 streak=0 attempt=1
[2026-09-11T06:33:47.299Z] batch=field-waveform-1789108268403-12 D5 MODE_SWITCH_OK state=MODE_SWITCH_OK attempts=1 streak=0
[2026-09-11T06:33:47.307Z] batch=field-waveform-1789108268403-12 D1 MODE_SWITCH_START state=MODE_SWITCHING attempts=1 streak=0 attempt=1
[2026-09-11T06:33:47.310Z] batch=field-waveform-1789108268403-12 D1 MODE_SWITCH_OK state=MODE_SWITCH_OK attempts=1 streak=0
[2026-09-11T06:33:47.319Z] batch=field-waveform-1789108268403-12 D3 MODE_SWITCH_START state=MODE_SWITCHING attempts=1 streak=0 attempt=1
[2026-09-11T06:33:47.322Z] batch=field-waveform-1789108268403-12 D3 MODE_SWITCH_OK state=MODE_SWITCH_OK attempts=1 streak=0
[2026-09-11T06:33:47.330Z] batch=field-waveform-1789108268403-12 D6 MODE_SWITCH_START state=MODE_SWITCHING attempts=1 streak=0 attempt=1
[2026-09-11T06:33:47.332Z] batch=field-waveform-1789108268403-12 D6 MODE_SWITCH_OK state=MODE_SWITCH_OK attempts=1 streak=0
[2026-09-11T06:33:57.331Z] batch=field-waveform-1789108268403-12 D2 MODE_SWITCH_START state=MODE_SWITCHING attempts=1 streak=0 attempt=1
[2026-09-11T06:33:57.336Z] batch=field-waveform-1789108268403-12 D2 MODE_SWITCH_OK state=MODE_SWITCH_OK attempts=1 streak=0
[2026-09-11T06:33:57.344Z] batch=field-waveform-1789108268403-12 D4 MODE_SWITCH_START state=MODE_SWITCHING attempts=1 streak=0 attempt=1
[2026-09-11T06:33:57.363Z] batch=field-waveform-1789108268403-12 D4 MODE_SWITCH_OK state=MODE_SWITCH_OK attempts=1 streak=0
[2026-09-11T06:33:57.372Z] batch=field-waveform-1789108268403-12 D5 MODE_SWITCH_START state=MODE_SWITCHING attempts=1 streak=0 attempt=1
[2026-09-11T06:33:57.374Z] batch=field-waveform-1789108268403-12 D5 MODE_SWITCH_OK state=MODE_SWITCH_OK attempts=1 streak=0
[2026-09-11T06:33:57.382Z] batch=field-waveform-1789108268403-12 D1 MODE_SWITCH_START state=MODE_SWITCHING attempts=1 streak=0 attempt=1
[2026-09-11T06:33:57.384Z] batch=field-waveform-1789108268403-12 D1 MODE_SWITCH_OK state=MODE_SWITCH_OK attempts=1 streak=0
[2026-09-11T06:33:57.687Z] batch=field-waveform-1789108268403-12 D3 MODE_SWITCH_START state=MODE_SWITCHING attempts=1 streak=0 attempt=1
[2026-09-11T06:33:57.697Z] batch=field-waveform-1789108268403-12 D3 MODE_SWITCH_OK state=MODE_SWITCH_OK attempts=1 streak=0
[2026-09-11T06:33:57.705Z] batch=field-waveform-1789108268403-12 D6 MODE_SWITCH_START state=MODE_SWITCHING attempts=1 streak=0 attempt=1
[2026-09-11T06:33:57.708Z] batch=field-waveform-1789108268403-12 D6 MODE_SWITCH_OK state=MODE_SWITCH_OK attempts=1 streak=0
[2026-09-11T06:34:07.402Z] batch=field-waveform-1789108268403-12 D2 MODE_SWITCH_START state=MODE_SWITCHING attempts=1 streak=0 attempt=1
[2026-09-11T06:34:07.413Z] batch=field-waveform-1789108268403-12 D2 MODE_SWITCH_OK state=MODE_SWITCH_OK attempts=1 streak=0
[2026-09-11T06:34:07.429Z] batch=field-waveform-1789108268403-12 D4 MODE_SWITCH_START state=MODE_SWITCHING attempts=1 streak=0 attempt=1
[2026-09-11T06:34:07.431Z] batch=field-waveform-1789108268403-12 D4 MODE_SWITCH_OK state=MODE_SWITCH_OK attempts=1 streak=0
[2026-09-11T06:34:07.440Z] batch=field-waveform-1789108268403-12 D5 MODE_SWITCH_START state=MODE_SWITCHING attempts=1 streak=0 attempt=1
[2026-09-11T06:34:07.447Z] batch=field-waveform-1789108268403-12 D5 MODE_SWITCH_OK state=MODE_SWITCH_OK attempts=1 streak=0
[2026-09-11T06:34:07.456Z] batch=field-waveform-1789108268403-12 D1 MODE_SWITCH_START state=MODE_SWITCHING attempts=1 streak=0 attempt=1
[2026-09-11T06:34:07.462Z] batch=field-waveform-1789108268403-12 D1 MODE_SWITCH_OK state=MODE_SWITCH_OK attempts=1 streak=0
[2026-09-11T06:34:07.765Z] batch=field-waveform-1789108268403-12 D3 MODE_SWITCH_START state=MODE_SWITCHING attempts=1 streak=0 attempt=1
[2026-09-11T06:34:07.777Z] batch=field-waveform-1789108268403-12 D3 MODE_SWITCH_OK state=MODE_SWITCH_OK attempts=1 streak=0
[2026-09-11T06:34:07.785Z] batch=field-waveform-1789108268403-12 D6 MODE_SWITCH_START state=MODE_SWITCHING attempts=1 streak=0 attempt=1
[2026-09-11T06:34:07.795Z] batch=field-waveform-1789108268403-12 D6 MODE_SWITCH_OK state=MODE_SWITCH_OK attempts=1 streak=0
[2026-09-11T06:34:17.604Z] batch=field-waveform-1789108268403-12 D2 MODE_SWITCH_START state=MODE_SWITCHING attempts=1 streak=0 attempt=1
[2026-09-11T06:34:17.616Z] batch=field-waveform-1789108268403-12 D2 MODE_SWITCH_OK state=MODE_SWITCH_OK attempts=1 streak=0
[2026-09-11T06:34:17.635Z] batch=field-waveform-1789108268403-12 D4 MODE_SWITCH_START state=MODE_SWITCHING attempts=1 streak=0 attempt=1
[2026-09-11T06:34:17.637Z] batch=field-waveform-1789108268403-12 D4 MODE_SWITCH_OK state=MODE_SWITCH_OK attempts=1 streak=0
[2026-09-11T06:34:17.645Z] batch=field-waveform-1789108268403-12 D5 MODE_SWITCH_START state=MODE_SWITCHING attempts=1 streak=0 attempt=1
[2026-09-11T06:34:17.650Z] batch=field-waveform-1789108268403-12 D5 MODE_SWITCH_OK state=MODE_SWITCH_OK attempts=1 streak=0
[2026-09-11T06:34:17.658Z] batch=field-waveform-1789108268403-12 D1 MODE_SWITCH_START state=MODE_SWITCHING attempts=1 streak=0 attempt=1
[2026-09-11T06:34:17.660Z] batch=field-waveform-1789108268403-12 D1 MODE_SWITCH_OK state=MODE_SWITCH_OK attempts=1 streak=0
[2026-09-11T06:34:18.170Z] batch=field-waveform-1789108268403-12 D3 MODE_SWITCH_START state=MODE_SWITCHING attempts=1 streak=0 attempt=1
[2026-09-11T06:34:18.180Z] batch=field-waveform-1789108268403-12 D3 MODE_SWITCH_OK state=MODE_SWITCH_OK attempts=1 streak=0
[2026-09-11T06:34:18.189Z] batch=field-waveform-1789108268403-12 D6 MODE_SWITCH_START state=MODE_SWITCHING attempts=1 streak=0 attempt=1
[2026-09-11T06:34:18.192Z] batch=field-waveform-1789108268403-12 D6 MODE_SWITCH_OK state=MODE_SWITCH_OK attempts=1 streak=0
