[2026-09-17T08:02:51.329Z] batch=field-waveform-1789631991850-9 D2 MODE_SWITCH_START state=MODE_SWITCHING attempts=1 streak=0 attempt=1
[2026-09-17T08:02:51.330Z] batch=field-waveform-1789631991850-9 D2 MODE_SWITCH_OK state=MODE_SWITCH_OK attempts=1 streak=0
[2026-09-17T08:02:51.335Z] batch=field-waveform-1789631991850-9 D3 MODE_SWITCH_START state=MODE_SWITCHING attempts=1 streak=0 attempt=1
[2026-09-17T08:02:51.336Z] batch=field-waveform-1789631991850-9 D3 MODE_SWITCH_OK state=MODE_SWITCH_OK attempts=1 streak=0
[2026-09-17T08:02:51.343Z] batch=field-waveform-1789631991850-9 D4 MODE_SWITCH_START state=MODE_SWITCHING attempts=1 streak=0 attempt=1
[2026-09-17T08:02:51.345Z] batch=field-waveform-1789631991850-9 D4 MODE_SWITCH_OK state=MODE_SWITCH_OK attempts=1 streak=0
[2026-09-17T08:02:51.350Z] batch=field-waveform-1789631991850-9 D6 MODE_SWITCH_START state=MODE_SWITCHING attempts=1 streak=0 attempt=1
[2026-09-17T08:02:51.351Z] batch=field-waveform-1789631991850-9 D6 MODE_SWITCH_OK state=MODE_SWITCH_OK attempts=1 streak=0
[2026-09-17T08:02:51.356Z] batch=field-waveform-1789631991850-9 D5 MODE_SWITCH_START state=MODE_SWITCHING attempts=1 streak=0 attempt=1
[2026-09-17T08:02:51.357Z] batch=field-waveform-1789631991850-9 D5 MODE_SWITCH_OK state=MODE_SWITCH_OK attempts=1 streak=0
[2026-09-17T08:02:51.492Z] batch=field-waveform-1789632171490-10 D1 MODE_SWITCH_START state=MODE_SWITCHING attempts=1 streak=0 attempt=1
[2026-09-17T08:02:51.494Z] batch=field-waveform-1789632171490-10 D2 MODE_SWITCH_START state=MODE_SWITCHING attempts=1 streak=0 attempt=1
[2026-09-17T08:02:51.496Z] batch=field-waveform-1789632171490-10 D3 MODE_SWITCH_START state=MODE_SWITCHING attempts=1 streak=0 attempt=1
[2026-09-17T08:02:51.497Z] batch=field-waveform-1789632171490-10 D4 MODE_SWITCH_START state=MODE_SWITCHING attempts=1 streak=0 attempt=1
[2026-09-17T08:02:51.498Z] batch=field-waveform-1789632171490-10 D5 MODE_SWITCH_START state=MODE_SWITCHING attempts=1 streak=0 attempt=1
[2026-09-17T08:02:51.499Z] batch=field-waveform-1789632171490-10 D6 MODE_SWITCH_START state=MODE_SWITCHING attempts=1 streak=0 attempt=1
[2026-09-17T08:02:51.502Z] batch=field-waveform-1789632171490-10 D1 MODE_SWITCH_OK state=MODE_SWITCH_OK attempts=1 streak=0
[2026-09-17T08:02:51.503Z] batch=field-waveform-1789632171490-10 D2 MODE_SWITCH_OK state=MODE_SWITCH_OK attempts=1 streak=0
[2026-09-17T08:02:51.503Z] batch=field-waveform-1789632171490-10 D3 MODE_SWITCH_OK state=MODE_SWITCH_OK attempts=1 streak=0
[2026-09-17T08:02:51.504Z] batch=field-waveform-1789632171490-10 D4 MODE_SWITCH_OK state=MODE_SWITCH_OK attempts=1 streak=0
[2026-09-17T08:02:51.504Z] batch=field-waveform-1789632171490-10 D5 MODE_SWITCH_OK state=MODE_SWITCH_OK attempts=1 streak=0
[2026-09-17T08:02:51.505Z] batch=field-waveform-1789632171490-10 D6 MODE_SWITCH_OK state=MODE_SWITCH_OK attempts=1 streak=0
[2026-09-17T08:02:51.548Z] batch=field-waveform-1789632171490-10 D1 MODE_SWITCH_START state=MODE_SWITCHING attempts=1 streak=0 attempt=1
[2026-09-17T08:02:51.549Z] batch=field-waveform-1789632171490-10 D1 MODE_SWITCH_OK state=MODE_SWITCH_OK attempts=1 streak=0
[2026-09-17T08:03:01.338Z] batch=field-waveform-1789632171490-10 D2 MODE_SWITCH_START state=MODE_SWITCHING attempts=1 streak=0 attempt=1
[2026-09-17T08:03:01.342Z] batch=field-waveform-1789632171490-10 D2 MODE_SWITCH_OK state=MODE_SWITCH_OK attempts=1 streak=0
[2026-09-17T08:03:01.343Z] batch=field-waveform-1789632171490-10 D3 MODE_SWITCH_START state=MODE_SWITCHING attempts=1 streak=0 attempt=1
[2026-09-17T08:03:01.346Z] batch=field-waveform-1789632171490-10 D3 MODE_SWITCH_OK state=MODE_SWITCH_OK attempts=1 streak=0
[2026-09-17T08:03:01.363Z] batch=field-waveform-1789632171490-10 D4 MODE_SWITCH_START state=MODE_SWITCHING attempts=1 streak=0 attempt=1
[2026-09-17T08:03:01.364Z] batch=field-waveform-1789632171490-10 D4 MODE_SWITCH_OK state=MODE_SWITCH_OK attempts=1 streak=0
[2026-09-17T08:03:01.366Z] batch=field-waveform-1789632171490-10 D6 MODE_SWITCH_START state=MODE_SWITCHING attempts=1 streak=0 attempt=1
[2026-09-17T08:03:01.367Z] batch=field-waveform-1789632171490-10 D6 MODE_SWITCH_OK state=MODE_SWITCH_OK attempts=1 streak=0
[2026-09-17T08:03:01.369Z] batch=field-waveform-1789632171490-10 D5 MODE_SWITCH_START state=MODE_SWITCHING attempts=1 streak=0 attempt=1
[2026-09-17T08:03:01.370Z] batch=field-waveform-1789632171490-10 D5 MODE_SWITCH_OK state=MODE_SWITCH_OK attempts=1 streak=0
[2026-09-17T08:03:01.555Z] batch=field-waveform-1789632171490-10 D1 MODE_SWITCH_START state=MODE_SWITCHING attempts=1 streak=0 attempt=1
[2026-09-17T08:03:01.558Z] batch=field-waveform-1789632171490-10 D1 MODE_SWITCH_OK state=MODE_SWITCH_OK attempts=1 streak=0
[2026-09-17T08:03:11.346Z] batch=field-waveform-1789632171490-10 D2 MODE_SWITCH_START state=MODE_SWITCHING attempts=1 streak=0 attempt=1
[2026-09-17T08:03:11.348Z] batch=field-waveform-1789632171490-10 D2 MODE_SWITCH_OK state=MODE_SWITCH_OK attempts=1 streak=0
[2026-09-17T08:03:11.351Z] batch=field-waveform-1789632171490-10 D3 MODE_SWITCH_START state=MODE_SWITCHING attempts=1 streak=0 attempt=1
[2026-09-17T08:03:11.352Z] batch=field-waveform-1789632171490-10 D3 MODE_SWITCH_OK state=MODE_SWITCH_OK attempts=1 streak=0
[2026-09-17T08:03:11.377Z] batch=field-waveform-1789632171490-10 D4 MODE_SWITCH_START state=MODE_SWITCHING attempts=1 streak=0 attempt=1
[2026-09-17T08:03:11.380Z] batch=field-waveform-1789632171490-10 D4 MODE_SWITCH_OK state=MODE_SWITCH_OK attempts=1 streak=0
[2026-09-17T08:03:11.383Z] batch=field-waveform-1789632171490-10 D6 MODE_SWITCH_START state=MODE_SWITCHING attempts=1 streak=0 attempt=1
[2026-09-17T08:03:11.385Z] batch=field-waveform-1789632171490-10 D6 MODE_SWITCH_OK state=MODE_SWITCH_OK attempts=1 streak=0
[2026-09-17T08:03:11.386Z] batch=field-waveform-1789632171490-10 D5 MODE_SWITCH_START state=MODE_SWITCHING attempts=1 streak=0 attempt=1
[2026-09-17T08:03:11.387Z] batch=field-waveform-1789632171490-10 D5 MODE_SWITCH_OK state=MODE_SWITCH_OK attempts=1 streak=0
[2026-09-17T08:03:11.561Z] batch=field-waveform-1789632171490-10 D1 MODE_SWITCH_START state=MODE_SWITCHING attempts=1 streak=0 attempt=1
[2026-09-17T08:03:11.562Z] batch=field-waveform-1789632171490-10 D1 MODE_SWITCH_OK state=MODE_SWITCH_OK attempts=1 streak=0
[2026-09-17T08:03:21.360Z] batch=field-waveform-1789632171490-10 D2 MODE_SWITCH_START state=MODE_SWITCHING attempts=1 streak=0 attempt=1
[2026-09-17T08:03:21.363Z] batch=field-waveform-1789632171490-10 D2 MODE_SWITCH_OK state=MODE_SWITCH_OK attempts=1 streak=0
[2026-09-17T08:03:21.365Z] batch=field-waveform-1789632171490-10 D3 MODE_SWITCH_START state=MODE_SWITCHING attempts=1 streak=0 attempt=1
[2026-09-17T08:03:21.368Z] batch=field-waveform-1789632171490-10 D3 MODE_SWITCH_OK state=MODE_SWITCH_OK attempts=1 streak=0
[2026-09-17T08:03:21.398Z] batch=field-waveform-1789632171490-10 D4 MODE_SWITCH_START state=MODE_SWITCHING attempts=1 streak=0 attempt=1
[2026-09-17T08:03:21.399Z] batch=field-waveform-1789632171490-10 D4 MODE_SWITCH_OK state=MODE_SWITCH_OK attempts=1 streak=0
[2026-09-17T08:03:21.401Z] batch=field-waveform-1789632171490-10 D6 MODE_SWITCH_START state=MODE_SWITCHING attempts=1 streak=0 attempt=1
[2026-09-17T08:03:21.402Z] batch=field-waveform-1789632171490-10 D6 MODE_SWITCH_OK state=MODE_SWITCH_OK attempts=1 streak=0
[2026-09-17T08:03:21.403Z] batch=field-waveform-1789632171490-10 D5 MODE_SWITCH_START state=MODE_SWITCHING attempts=1 streak=0 attempt=1
[2026-09-17T08:03:21.404Z] batch=field-waveform-1789632171490-10 D5 MODE_SWITCH_OK state=MODE_SWITCH_OK attempts=1 streak=0
[2026-09-17T08:03:21.579Z] batch=field-waveform-1789632171490-10 D1 MODE_SWITCH_START state=MODE_SWITCHING attempts=1 streak=0 attempt=1
[2026-09-17T08:03:21.580Z] batch=field-waveform-1789632171490-10 D1 MODE_SWITCH_OK state=MODE_SWITCH_OK attempts=1 streak=0
[2026-09-17T08:03:31.375Z] batch=field-waveform-1789632171490-10 D2 MODE_SWITCH_START state=MODE_SWITCHING attempts=1 streak=0 attempt=1
[2026-09-17T08:03:31.379Z] batch=field-waveform-1789632171490-10 D2 MODE_SWITCH_OK state=MODE_SWITCH_OK attempts=1 streak=0
[2026-09-17T08:03:31.380Z] batch=field-waveform-1789632171490-10 D3 MODE_SWITCH_START state=MODE_SWITCHING attempts=1 streak=0 attempt=1
[2026-09-17T08:03:31.383Z] batch=field-waveform-1789632171490-10 D3 MODE_SWITCH_OK state=MODE_SWITCH_OK attempts=1 streak=0
[2026-09-17T08:03:31.411Z] batch=field-waveform-1789632171490-10 D4 MODE_SWITCH_START state=MODE_SWITCHING attempts=1 streak=0 attempt=1
[2026-09-17T08:03:31.412Z] batch=field-waveform-1789632171490-10 D4 MODE_SWITCH_OK state=MODE_SWITCH_OK attempts=1 streak=0
[2026-09-17T08:03:31.414Z] batch=field-waveform-1789632171490-10 D6 MODE_SWITCH_START state=MODE_SWITCHING attempts=1 streak=0 attempt=1
[2026-09-17T08:03:31.415Z] batch=field-waveform-1789632171490-10 D6 MODE_SWITCH_OK state=MODE_SWITCH_OK attempts=1 streak=0
[2026-09-17T08:03:31.416Z] batch=field-waveform-1789632171490-10 D5 MODE_SWITCH_START state=MODE_SWITCHING attempts=1 streak=0 attempt=1
[2026-09-17T08:03:31.417Z] batch=field-waveform-1789632171490-10 D5 MODE_SWITCH_OK state=MODE_SWITCH_OK attempts=1 streak=0
[2026-09-17T08:03:31.587Z] batch=field-waveform-1789632171490-10 D1 MODE_SWITCH_START state=MODE_SWITCHING attempts=1 streak=0 attempt=1
[2026-09-17T08:03:31.588Z] batch=field-waveform-1789632171490-10 D1 MODE_SWITCH_OK state=MODE_SWITCH_OK attempts=1 streak=0
[2026-09-17T08:03:36.442Z] batch=field-waveform-1789632171490-10 D3 FIRST_FRAME state=FIRST_FRAME_RECEIVED attempts=1 streak=1
[2026-09-17T08:03:36.442Z] batch=field-waveform-1789632171490-10 D3 FIRST_VALID_SAMPLE state=FIRST_FRAME_RECEIVED attempts=1 streak=1
[2026-09-17T08:03:36.447Z] batch=field-waveform-1789632171490-10 D6 FIRST_FRAME state=FIRST_FRAME_RECEIVED attempts=1 streak=1
[2026-09-17T08:03:36.447Z] batch=field-waveform-1789632171490-10 D6 FIRST_VALID_SAMPLE state=FIRST_FRAME_RECEIVED attempts=1 streak=1
[2026-09-17T08:03:36.449Z] batch=field-waveform-1789632171490-10 D5 FIRST_FRAME state=FIRST_FRAME_RECEIVED attempts=1 streak=1
[2026-09-17T08:03:36.449Z] batch=field-waveform-1789632171490-10 D5 FIRST_VALID_SAMPLE state=FIRST_FRAME_RECEIVED attempts=1 streak=1
[2026-09-17T08:03:36.455Z] batch=field-waveform-1789632171490-10 D2 FIRST_FRAME state=FIRST_FRAME_RECEIVED attempts=1 streak=1
[2026-09-17T08:03:36.455Z] batch=field-waveform-1789632171490-10 D2 FIRST_VALID_SAMPLE state=FIRST_FRAME_RECEIVED attempts=1 streak=1
[2026-09-17T08:03:36.465Z] batch=field-waveform-1789632171490-10 D4 FIRST_FRAME state=FIRST_FRAME_RECEIVED attempts=1 streak=1
[2026-09-17T08:03:36.465Z] batch=field-waveform-1789632171490-10 D4 FIRST_VALID_SAMPLE state=FIRST_FRAME_RECEIVED attempts=1 streak=1
[2026-09-17T08:03:36.675Z] batch=field-waveform-1789632171490-10 D1 FIRST_FRAME state=FIRST_FRAME_RECEIVED attempts=1 streak=1
[2026-09-17T08:03:36.676Z] batch=field-waveform-1789632171490-10 D1 FIRST_VALID_SAMPLE state=FIRST_FRAME_RECEIVED attempts=1 streak=1
[2026-09-17T08:03:36.686Z] batch=field-waveform-1789632171490-10 D3 CHANNEL_SYNC_OK state=TEST_READY attempts=1 streak=5
[2026-09-17T08:03:36.686Z] batch=field-waveform-1789632171490-10 D3 TEST_READY state=TEST_READY attempts=1 streak=5
[2026-09-17T08:03:36.703Z] batch=field-waveform-1789632171490-10 D6 CHANNEL_SYNC_OK state=TEST_READY attempts=1 streak=5
[2026-09-17T08:03:36.704Z] batch=field-waveform-1789632171490-10 D6 TEST_READY state=TEST_READY attempts=1 streak=5
[2026-09-17T08:03:36.704Z] batch=field-waveform-1789632171490-10 D5 CHANNEL_SYNC_OK state=TEST_READY attempts=1 streak=5
[2026-09-17T08:03:36.704Z] batch=field-waveform-1789632171490-10 D5 TEST_READY state=TEST_READY attempts=1 streak=5
[2026-09-17T08:03:36.706Z] batch=field-waveform-1789632171490-10 D2 CHANNEL_SYNC_OK state=TEST_READY attempts=1 streak=5
[2026-09-17T08:03:36.706Z] batch=field-waveform-1789632171490-10 D2 TEST_READY state=TEST_READY attempts=1 streak=5
[2026-09-17T08:03:36.713Z] batch=field-waveform-1789632171490-10 D4 CHANNEL_SYNC_OK state=TEST_READY attempts=1 streak=5
[2026-09-17T08:03:36.713Z] batch=field-waveform-1789632171490-10 D4 TEST_READY state=TEST_READY attempts=1 streak=5
[2026-09-17T08:03:36.938Z] batch=field-waveform-1789632171490-10 D1 CHANNEL_SYNC_OK state=TEST_READY attempts=1 streak=5
[2026-09-17T08:03:36.938Z] batch=field-waveform-1789632171490-10 D1 TEST_READY state=TEST_READY attempts=1 streak=5
[2026-09-17T08:04:29.955Z] batch=field-waveform-1789632171490-10 D1 MODE_SWITCH_START state=MODE_SWITCHING attempts=1 streak=0 attempt=1
[2026-09-17T08:04:29.956Z] batch=field-waveform-1789632171490-10 D1 MODE_SWITCH_OK state=MODE_SWITCH_OK attempts=1 streak=0
[2026-09-17T08:04:29.960Z] batch=field-waveform-1789632171490-10 D3 MODE_SWITCH_START state=MODE_SWITCHING attempts=1 streak=0 attempt=1
[2026-09-17T08:04:29.961Z] batch=field-waveform-1789632171490-10 D3 MODE_SWITCH_OK state=MODE_SWITCH_OK attempts=1 streak=0
[2026-09-17T08:04:29.964Z] batch=field-waveform-1789632171490-10 D6 MODE_SWITCH_START state=MODE_SWITCHING attempts=1 streak=0 attempt=1
[2026-09-17T08:04:29.965Z] batch=field-waveform-1789632171490-10 D6 MODE_SWITCH_OK state=MODE_SWITCH_OK attempts=1 streak=0
[2026-09-17T08:04:29.970Z] batch=field-waveform-1789632171490-10 D5 MODE_SWITCH_START state=MODE_SWITCHING attempts=1 streak=0 attempt=1
[2026-09-17T08:04:29.971Z] batch=field-waveform-1789632171490-10 D5 MODE_SWITCH_OK state=MODE_SWITCH_OK attempts=1 streak=0
[2026-09-17T08:04:29.974Z] batch=field-waveform-1789632171490-10 D2 MODE_SWITCH_START state=MODE_SWITCHING attempts=1 streak=0 attempt=1
[2026-09-17T08:04:29.975Z] batch=field-waveform-1789632171490-10 D2 MODE_SWITCH_OK state=MODE_SWITCH_OK attempts=1 streak=0
[2026-09-17T08:04:29.978Z] batch=field-waveform-1789632171490-10 D4 MODE_SWITCH_START state=MODE_SWITCHING attempts=1 streak=0 attempt=1
[2026-09-17T08:04:29.978Z] batch=field-waveform-1789632171490-10 D4 MODE_SWITCH_OK state=MODE_SWITCH_OK attempts=1 streak=0
[2026-09-17T08:04:40.090Z] batch=field-waveform-1789632171490-10 D1 MODE_SWITCH_START state=MODE_SWITCHING attempts=1 streak=0 attempt=1
[2026-09-17T08:04:40.092Z] batch=field-waveform-1789632171490-10 D1 MODE_SWITCH_OK state=MODE_SWITCH_OK attempts=1 streak=0
[2026-09-17T08:04:40.095Z] batch=field-waveform-1789632171490-10 D3 MODE_SWITCH_START state=MODE_SWITCHING attempts=1 streak=0 attempt=1
[2026-09-17T08:04:40.096Z] batch=field-waveform-1789632171490-10 D3 MODE_SWITCH_OK state=MODE_SWITCH_OK attempts=1 streak=0
[2026-09-17T08:04:40.099Z] batch=field-waveform-1789632171490-10 D6 MODE_SWITCH_START state=MODE_SWITCHING attempts=1 streak=0 attempt=1
[2026-09-17T08:04:40.100Z] batch=field-waveform-1789632171490-10 D6 MODE_SWITCH_OK state=MODE_SWITCH_OK attempts=1 streak=0
[2026-09-17T08:04:40.103Z] batch=field-waveform-1789632171490-10 D5 MODE_SWITCH_START state=MODE_SWITCHING attempts=1 streak=0 attempt=1
[2026-09-17T08:04:40.104Z] batch=field-waveform-1789632171490-10 D5 MODE_SWITCH_OK state=MODE_SWITCH_OK attempts=1 streak=0
[2026-09-17T08:04:40.108Z] batch=field-waveform-1789632171490-10 D2 MODE_SWITCH_START state=MODE_SWITCHING attempts=1 streak=0 attempt=1
[2026-09-17T08:04:40.109Z] batch=field-waveform-1789632171490-10 D2 MODE_SWITCH_OK state=MODE_SWITCH_OK attempts=1 streak=0
[2026-09-17T08:04:40.112Z] batch=field-waveform-1789632171490-10 D4 MODE_SWITCH_START state=MODE_SWITCHING attempts=1 streak=0 attempt=1
[2026-09-17T08:04:40.113Z] batch=field-waveform-1789632171490-10 D4 MODE_SWITCH_OK state=MODE_SWITCH_OK attempts=1 streak=0
[2026-09-17T08:04:45.359Z] batch=field-waveform-1789632171490-10 D4 FIRST_FRAME state=FIRST_FRAME_RECEIVED attempts=1 streak=1
[2026-09-17T08:04:45.359Z] batch=field-waveform-1789632171490-10 D4 FIRST_VALID_SAMPLE state=FIRST_FRAME_RECEIVED attempts=1 streak=1
[2026-09-17T08:04:45.363Z] batch=field-waveform-1789632171490-10 D6 FIRST_FRAME state=FIRST_FRAME_RECEIVED attempts=1 streak=1
[2026-09-17T08:04:45.363Z] batch=field-waveform-1789632171490-10 D6 FIRST_VALID_SAMPLE state=FIRST_FRAME_RECEIVED attempts=1 streak=1
[2026-09-17T08:04:45.364Z] batch=field-waveform-1789632171490-10 D1 FIRST_FRAME state=FIRST_FRAME_RECEIVED attempts=1 streak=1
[2026-09-17T08:04:45.365Z] batch=field-waveform-1789632171490-10 D1 FIRST_VALID_SAMPLE state=FIRST_FRAME_RECEIVED attempts=1 streak=1
[2026-09-17T08:04:45.367Z] batch=field-waveform-1789632171490-10 D5 FIRST_FRAME state=FIRST_FRAME_RECEIVED attempts=1 streak=1
[2026-09-17T08:04:45.367Z] batch=field-waveform-1789632171490-10 D5 FIRST_VALID_SAMPLE state=FIRST_FRAME_RECEIVED attempts=1 streak=1
[2026-09-17T08:04:45.369Z] batch=field-waveform-1789632171490-10 D3 FIRST_FRAME state=FIRST_FRAME_RECEIVED attempts=1 streak=1
[2026-09-17T08:04:45.369Z] batch=field-waveform-1789632171490-10 D3 FIRST_VALID_SAMPLE state=FIRST_FRAME_RECEIVED attempts=1 streak=1
[2026-09-17T08:04:45.371Z] batch=field-waveform-1789632171490-10 D2 FIRST_FRAME state=FIRST_FRAME_RECEIVED attempts=1 streak=1
[2026-09-17T08:04:45.371Z] batch=field-waveform-1789632171490-10 D2 FIRST_VALID_SAMPLE state=FIRST_FRAME_RECEIVED attempts=1 streak=1
[2026-09-17T08:04:45.593Z] batch=field-waveform-1789632171490-10 D5 CHANNEL_SYNC_OK state=TEST_READY attempts=1 streak=5
[2026-09-17T08:04:45.594Z] batch=field-waveform-1789632171490-10 D5 TEST_READY state=TEST_READY attempts=1 streak=5
[2026-09-17T08:04:45.597Z] batch=field-waveform-1789632171490-10 D4 CHANNEL_SYNC_OK state=TEST_READY attempts=1 streak=5
[2026-09-17T08:04:45.597Z] batch=field-waveform-1789632171490-10 D4 TEST_READY state=TEST_READY attempts=1 streak=5
[2026-09-17T08:04:45.598Z] batch=field-waveform-1789632171490-10 D6 CHANNEL_SYNC_OK state=TEST_READY attempts=1 streak=5
[2026-09-17T08:04:45.598Z] batch=field-waveform-1789632171490-10 D6 TEST_READY state=TEST_READY attempts=1 streak=5
[2026-09-17T08:04:45.599Z] batch=field-waveform-1789632171490-10 D1 CHANNEL_SYNC_OK state=TEST_READY attempts=1 streak=5
[2026-09-17T08:04:45.600Z] batch=field-waveform-1789632171490-10 D1 TEST_READY state=TEST_READY attempts=1 streak=5
[2026-09-17T08:04:45.602Z] batch=field-waveform-1789632171490-10 D2 CHANNEL_SYNC_OK state=TEST_READY attempts=1 streak=5
[2026-09-17T08:04:45.602Z] batch=field-waveform-1789632171490-10 D2 TEST_READY state=TEST_READY attempts=1 streak=5
[2026-09-17T08:04:45.603Z] batch=field-waveform-1789632171490-10 D3 CHANNEL_SYNC_OK state=TEST_READY attempts=1 streak=5
[2026-09-17T08:04:45.603Z] batch=field-waveform-1789632171490-10 D3 TEST_READY state=TEST_READY attempts=1 streak=5
[2026-09-17T08:05:30.550Z] batch=field-waveform-1789632171490-10 D4 MODE_SWITCH_START state=MODE_SWITCHING attempts=1 streak=0 attempt=1
[2026-09-17T08:05:30.550Z] batch=field-waveform-1789632171490-10 D4 MODE_SWITCH_OK state=MODE_SWITCH_OK attempts=1 streak=0
[2026-09-17T08:05:30.555Z] batch=field-waveform-1789632171490-10 D6 MODE_SWITCH_START state=MODE_SWITCHING attempts=1 streak=0 attempt=1
[2026-09-17T08:05:30.555Z] batch=field-waveform-1789632171490-10 D6 MODE_SWITCH_OK state=MODE_SWITCH_OK attempts=1 streak=0
[2026-09-17T08:05:30.565Z] batch=field-waveform-1789632171490-10 D1 MODE_SWITCH_START state=MODE_SWITCHING attempts=1 streak=0 attempt=1
[2026-09-17T08:05:30.565Z] batch=field-waveform-1789632171490-10 D1 MODE_SWITCH_OK state=MODE_SWITCH_OK attempts=1 streak=0
[2026-09-17T08:05:30.571Z] batch=field-waveform-1789632171490-10 D2 MODE_SWITCH_START state=MODE_SWITCHING attempts=1 streak=0 attempt=1
[2026-09-17T08:05:30.572Z] batch=field-waveform-1789632171490-10 D2 MODE_SWITCH_OK state=MODE_SWITCH_OK attempts=1 streak=0
[2026-09-17T08:05:30.581Z] batch=field-waveform-1789632171490-10 D5 MODE_SWITCH_START state=MODE_SWITCHING attempts=1 streak=0 attempt=1
[2026-09-17T08:05:30.582Z] batch=field-waveform-1789632171490-10 D5 MODE_SWITCH_OK state=MODE_SWITCH_OK attempts=1 streak=0
[2026-09-17T08:05:30.586Z] batch=field-waveform-1789632171490-10 D3 MODE_SWITCH_START state=MODE_SWITCHING attempts=1 streak=0 attempt=1
[2026-09-17T08:05:30.587Z] batch=field-waveform-1789632171490-10 D3 MODE_SWITCH_OK state=MODE_SWITCH_OK attempts=1 streak=0
[2026-09-17T08:05:40.708Z] batch=field-waveform-1789632171490-10 D4 MODE_SWITCH_START state=MODE_SWITCHING attempts=1 streak=0 attempt=1
[2026-09-17T08:05:40.709Z] batch=field-waveform-1789632171490-10 D4 MODE_SWITCH_OK state=MODE_SWITCH_OK attempts=1 streak=0
[2026-09-17T08:05:40.714Z] batch=field-waveform-1789632171490-10 D6 MODE_SWITCH_START state=MODE_SWITCHING attempts=1 streak=0 attempt=1
[2026-09-17T08:05:40.715Z] batch=field-waveform-1789632171490-10 D6 MODE_SWITCH_OK state=MODE_SWITCH_OK attempts=1 streak=0
[2026-09-17T08:05:40.720Z] batch=field-waveform-1789632171490-10 D1 MODE_SWITCH_START state=MODE_SWITCHING attempts=1 streak=0 attempt=1
[2026-09-17T08:05:40.721Z] batch=field-waveform-1789632171490-10 D1 MODE_SWITCH_OK state=MODE_SWITCH_OK attempts=1 streak=0
[2026-09-17T08:05:40.727Z] batch=field-waveform-1789632171490-10 D2 MODE_SWITCH_START state=MODE_SWITCHING attempts=1 streak=0 attempt=1
[2026-09-17T08:05:40.728Z] batch=field-waveform-1789632171490-10 D2 MODE_SWITCH_OK state=MODE_SWITCH_OK attempts=1 streak=0
[2026-09-17T08:05:40.733Z] batch=field-waveform-1789632171490-10 D5 MODE_SWITCH_START state=MODE_SWITCHING attempts=1 streak=0 attempt=1
[2026-09-17T08:05:40.735Z] batch=field-waveform-1789632171490-10 D5 MODE_SWITCH_OK state=MODE_SWITCH_OK attempts=1 streak=0
[2026-09-17T08:05:40.742Z] batch=field-waveform-1789632171490-10 D3 MODE_SWITCH_START state=MODE_SWITCHING attempts=1 streak=0 attempt=1
[2026-09-17T08:05:40.743Z] batch=field-waveform-1789632171490-10 D3 MODE_SWITCH_OK state=MODE_SWITCH_OK attempts=1 streak=0
[2026-09-17T08:05:50.895Z] batch=field-waveform-1789632171490-10 D4 MODE_SWITCH_START state=MODE_SWITCHING attempts=1 streak=0 attempt=1
[2026-09-17T08:05:50.896Z] batch=field-waveform-1789632171490-10 D4 MODE_SWITCH_OK state=MODE_SWITCH_OK attempts=1 streak=0
[2026-09-17T08:05:50.901Z] batch=field-waveform-1789632171490-10 D6 MODE_SWITCH_START state=MODE_SWITCHING attempts=1 streak=0 attempt=1
[2026-09-17T08:05:50.902Z] batch=field-waveform-1789632171490-10 D6 MODE_SWITCH_OK state=MODE_SWITCH_OK attempts=1 streak=0
[2026-09-17T08:05:50.907Z] batch=field-waveform-1789632171490-10 D1 MODE_SWITCH_START state=MODE_SWITCHING attempts=1 streak=0 attempt=1
[2026-09-17T08:05:50.909Z] batch=field-waveform-1789632171490-10 D1 MODE_SWITCH_OK state=MODE_SWITCH_OK attempts=1 streak=0
[2026-09-17T08:05:50.914Z] batch=field-waveform-1789632171490-10 D2 MODE_SWITCH_START state=MODE_SWITCHING attempts=1 streak=0 attempt=1
[2026-09-17T08:05:50.915Z] batch=field-waveform-1789632171490-10 D2 MODE_SWITCH_OK state=MODE_SWITCH_OK attempts=1 streak=0
[2026-09-17T08:05:50.919Z] batch=field-waveform-1789632171490-10 D5 MODE_SWITCH_START state=MODE_SWITCHING attempts=1 streak=0 attempt=1
[2026-09-17T08:05:50.920Z] batch=field-waveform-1789632171490-10 D5 MODE_SWITCH_OK state=MODE_SWITCH_OK attempts=1 streak=0
[2026-09-17T08:05:50.925Z] batch=field-waveform-1789632171490-10 D3 MODE_SWITCH_START state=MODE_SWITCHING attempts=1 streak=0 attempt=1
[2026-09-17T08:05:50.927Z] batch=field-waveform-1789632171490-10 D3 MODE_SWITCH_OK state=MODE_SWITCH_OK attempts=1 streak=0
[2026-09-17T08:05:56.494Z] batch=field-waveform-1789632356492-11 D1 MODE_SWITCH_START state=MODE_SWITCHING attempts=1 streak=0 attempt=1
[2026-09-17T08:05:56.497Z] batch=field-waveform-1789632356492-11 D2 MODE_SWITCH_START state=MODE_SWITCHING attempts=1 streak=0 attempt=1
[2026-09-17T08:05:56.498Z] batch=field-waveform-1789632356492-11 D3 MODE_SWITCH_START state=MODE_SWITCHING attempts=1 streak=0 attempt=1
[2026-09-17T08:05:56.499Z] batch=field-waveform-1789632356492-11 D4 MODE_SWITCH_START state=MODE_SWITCHING attempts=1 streak=0 attempt=1
[2026-09-17T08:05:56.500Z] batch=field-waveform-1789632356492-11 D5 MODE_SWITCH_START state=MODE_SWITCHING attempts=1 streak=0 attempt=1
[2026-09-17T08:05:56.500Z] batch=field-waveform-1789632356492-11 D6 MODE_SWITCH_START state=MODE_SWITCHING attempts=1 streak=0 attempt=1
[2026-09-17T08:05:56.503Z] batch=field-waveform-1789632356492-11 D1 MODE_SWITCH_OK state=MODE_SWITCH_OK attempts=1 streak=0
[2026-09-17T08:05:56.504Z] batch=field-waveform-1789632356492-11 D2 MODE_SWITCH_OK state=MODE_SWITCH_OK attempts=1 streak=0
[2026-09-17T08:05:56.504Z] batch=field-waveform-1789632356492-11 D3 MODE_SWITCH_OK state=MODE_SWITCH_OK attempts=1 streak=0
[2026-09-17T08:05:56.504Z] batch=field-waveform-1789632356492-11 D4 MODE_SWITCH_OK state=MODE_SWITCH_OK attempts=1 streak=0
[2026-09-17T08:05:56.505Z] batch=field-waveform-1789632356492-11 D5 MODE_SWITCH_OK state=MODE_SWITCH_OK attempts=1 streak=0
[2026-09-17T08:05:56.505Z] batch=field-waveform-1789632356492-11 D6 MODE_SWITCH_OK state=MODE_SWITCH_OK attempts=1 streak=0
