[2026-09-14T03:22:52.045Z] batch=field-waveform-1789356014191-9 D2 MODE_SWITCH_START state=MODE_SWITCHING attempts=1 streak=0 attempt=1
[2026-09-14T03:22:52.047Z] batch=field-waveform-1789356014191-9 D2 MODE_SWITCH_OK state=MODE_SWITCH_OK attempts=1 streak=0
[2026-09-14T03:22:52.053Z] batch=field-waveform-1789356014191-9 D4 MODE_SWITCH_START state=MODE_SWITCHING attempts=1 streak=0 attempt=1
[2026-09-14T03:22:52.054Z] batch=field-waveform-1789356014191-9 D4 MODE_SWITCH_OK state=MODE_SWITCH_OK attempts=1 streak=0
[2026-09-14T03:22:52.058Z] batch=field-waveform-1789356014191-9 D3 MODE_SWITCH_START state=MODE_SWITCHING attempts=1 streak=0 attempt=1
[2026-09-14T03:22:52.060Z] batch=field-waveform-1789356014191-9 D3 MODE_SWITCH_OK state=MODE_SWITCH_OK attempts=1 streak=0
[2026-09-14T03:22:52.065Z] batch=field-waveform-1789356014191-9 D5 MODE_SWITCH_START state=MODE_SWITCHING attempts=1 streak=0 attempt=1
[2026-09-14T03:22:52.066Z] batch=field-waveform-1789356014191-9 D5 MODE_SWITCH_OK state=MODE_SWITCH_OK attempts=1 streak=0
[2026-09-14T03:22:52.070Z] batch=field-waveform-1789356014191-9 D1 MODE_SWITCH_START state=MODE_SWITCHING attempts=1 streak=0 attempt=1
[2026-09-14T03:22:52.071Z] batch=field-waveform-1789356014191-9 D1 MODE_SWITCH_OK state=MODE_SWITCH_OK attempts=1 streak=0
[2026-09-14T03:22:52.075Z] batch=field-waveform-1789356014191-9 D6 MODE_SWITCH_START state=MODE_SWITCHING attempts=1 streak=0 attempt=1
[2026-09-14T03:22:52.076Z] batch=field-waveform-1789356014191-9 D6 MODE_SWITCH_OK state=MODE_SWITCH_OK attempts=1 streak=0
[2026-09-14T03:23:02.205Z] batch=field-waveform-1789356182204-10 D1 MODE_SWITCH_START state=MODE_SWITCHING attempts=1 streak=0 attempt=1
[2026-09-14T03:23:02.206Z] batch=field-waveform-1789356182204-10 D2 MODE_SWITCH_START state=MODE_SWITCHING attempts=1 streak=0 attempt=1
[2026-09-14T03:23:02.207Z] batch=field-waveform-1789356182204-10 D3 MODE_SWITCH_START state=MODE_SWITCHING attempts=1 streak=0 attempt=1
[2026-09-14T03:23:02.209Z] batch=field-waveform-1789356182204-10 D4 MODE_SWITCH_START state=MODE_SWITCHING attempts=1 streak=0 attempt=1
[2026-09-14T03:23:02.210Z] batch=field-waveform-1789356182204-10 D5 MODE_SWITCH_START state=MODE_SWITCHING attempts=1 streak=0 attempt=1
[2026-09-14T03:23:02.211Z] batch=field-waveform-1789356182204-10 D6 MODE_SWITCH_START state=MODE_SWITCHING attempts=1 streak=0 attempt=1
[2026-09-14T03:23:02.214Z] batch=field-waveform-1789356182204-10 D1 MODE_SWITCH_OK state=MODE_SWITCH_OK attempts=1 streak=0
[2026-09-14T03:23:02.215Z] batch=field-waveform-1789356182204-10 D2 MODE_SWITCH_OK state=MODE_SWITCH_OK attempts=1 streak=0
[2026-09-14T03:23:02.215Z] batch=field-waveform-1789356182204-10 D3 MODE_SWITCH_OK state=MODE_SWITCH_OK attempts=1 streak=0
[2026-09-14T03:23:02.216Z] batch=field-waveform-1789356182204-10 D4 MODE_SWITCH_OK state=MODE_SWITCH_OK attempts=1 streak=0
[2026-09-14T03:23:02.216Z] batch=field-waveform-1789356182204-10 D5 MODE_SWITCH_OK state=MODE_SWITCH_OK attempts=1 streak=0
[2026-09-14T03:23:02.216Z] batch=field-waveform-1789356182204-10 D6 MODE_SWITCH_OK state=MODE_SWITCH_OK attempts=1 streak=0
[2026-09-14T03:23:02.287Z] batch=field-waveform-1789356182204-10 D2 MODE_SWITCH_START state=MODE_SWITCHING attempts=1 streak=0 attempt=1
[2026-09-14T03:23:02.288Z] batch=field-waveform-1789356182204-10 D2 MODE_SWITCH_OK state=MODE_SWITCH_OK attempts=1 streak=0
[2026-09-14T03:23:02.289Z] batch=field-waveform-1789356182204-10 D4 MODE_SWITCH_START state=MODE_SWITCHING attempts=1 streak=0 attempt=1
[2026-09-14T03:23:02.289Z] batch=field-waveform-1789356182204-10 D4 MODE_SWITCH_OK state=MODE_SWITCH_OK attempts=1 streak=0
[2026-09-14T03:23:02.290Z] batch=field-waveform-1789356182204-10 D3 MODE_SWITCH_START state=MODE_SWITCHING attempts=1 streak=0 attempt=1
[2026-09-14T03:23:02.290Z] batch=field-waveform-1789356182204-10 D3 MODE_SWITCH_OK state=MODE_SWITCH_OK attempts=1 streak=0
[2026-09-14T03:23:02.294Z] batch=field-waveform-1789356182204-10 D5 MODE_SWITCH_START state=MODE_SWITCHING attempts=1 streak=0 attempt=1
[2026-09-14T03:23:02.295Z] batch=field-waveform-1789356182204-10 D5 MODE_SWITCH_OK state=MODE_SWITCH_OK attempts=1 streak=0
[2026-09-14T03:23:02.296Z] batch=field-waveform-1789356182204-10 D1 MODE_SWITCH_START state=MODE_SWITCHING attempts=1 streak=0 attempt=1
[2026-09-14T03:23:02.296Z] batch=field-waveform-1789356182204-10 D1 MODE_SWITCH_OK state=MODE_SWITCH_OK attempts=1 streak=0
[2026-09-14T03:23:02.297Z] batch=field-waveform-1789356182204-10 D6 MODE_SWITCH_START state=MODE_SWITCHING attempts=1 streak=0 attempt=1
[2026-09-14T03:23:02.298Z] batch=field-waveform-1789356182204-10 D6 MODE_SWITCH_OK state=MODE_SWITCH_OK attempts=1 streak=0
[2026-09-14T03:23:12.295Z] batch=field-waveform-1789356182204-10 D2 MODE_SWITCH_START state=MODE_SWITCHING attempts=1 streak=0 attempt=1
[2026-09-14T03:23:12.297Z] batch=field-waveform-1789356182204-10 D2 MODE_SWITCH_OK state=MODE_SWITCH_OK attempts=1 streak=0
[2026-09-14T03:23:12.300Z] batch=field-waveform-1789356182204-10 D4 MODE_SWITCH_START state=MODE_SWITCHING attempts=1 streak=0 attempt=1
[2026-09-14T03:23:12.303Z] batch=field-waveform-1789356182204-10 D4 MODE_SWITCH_OK state=MODE_SWITCH_OK attempts=1 streak=0
[2026-09-14T03:23:12.305Z] batch=field-waveform-1789356182204-10 D3 MODE_SWITCH_START state=MODE_SWITCHING attempts=1 streak=0 attempt=1
[2026-09-14T03:23:12.306Z] batch=field-waveform-1789356182204-10 D3 MODE_SWITCH_OK state=MODE_SWITCH_OK attempts=1 streak=0
[2026-09-14T03:23:12.306Z] batch=field-waveform-1789356182204-10 D5 MODE_SWITCH_START state=MODE_SWITCHING attempts=1 streak=0 attempt=1
[2026-09-14T03:23:12.307Z] batch=field-waveform-1789356182204-10 D5 MODE_SWITCH_OK state=MODE_SWITCH_OK attempts=1 streak=0
[2026-09-14T03:23:12.309Z] batch=field-waveform-1789356182204-10 D1 MODE_SWITCH_START state=MODE_SWITCHING attempts=1 streak=0 attempt=1
[2026-09-14T03:23:12.310Z] batch=field-waveform-1789356182204-10 D1 MODE_SWITCH_OK state=MODE_SWITCH_OK attempts=1 streak=0
[2026-09-14T03:23:12.310Z] batch=field-waveform-1789356182204-10 D6 MODE_SWITCH_START state=MODE_SWITCHING attempts=1 streak=0 attempt=1
[2026-09-14T03:23:12.311Z] batch=field-waveform-1789356182204-10 D6 MODE_SWITCH_OK state=MODE_SWITCH_OK attempts=1 streak=0
[2026-09-14T03:23:16.103Z] batch=field-waveform-1789356196101-11 D1 MODE_SWITCH_START state=MODE_SWITCHING attempts=1 streak=0 attempt=1
[2026-09-14T03:23:16.108Z] batch=field-waveform-1789356196101-11 D2 MODE_SWITCH_START state=MODE_SWITCHING attempts=1 streak=0 attempt=1
[2026-09-14T03:23:16.108Z] batch=field-waveform-1789356196101-11 D3 MODE_SWITCH_START state=MODE_SWITCHING attempts=1 streak=0 attempt=1
[2026-09-14T03:23:16.109Z] batch=field-waveform-1789356196101-11 D4 MODE_SWITCH_START state=MODE_SWITCHING attempts=1 streak=0 attempt=1
[2026-09-14T03:23:16.110Z] batch=field-waveform-1789356196101-11 D5 MODE_SWITCH_START state=MODE_SWITCHING attempts=1 streak=0 attempt=1
[2026-09-14T03:23:16.110Z] batch=field-waveform-1789356196101-11 D6 MODE_SWITCH_START state=MODE_SWITCHING attempts=1 streak=0 attempt=1
[2026-09-14T03:23:16.112Z] batch=field-waveform-1789356196101-11 D1 MODE_SWITCH_OK state=MODE_SWITCH_OK attempts=1 streak=0
[2026-09-14T03:23:16.113Z] batch=field-waveform-1789356196101-11 D2 MODE_SWITCH_OK state=MODE_SWITCH_OK attempts=1 streak=0
[2026-09-14T03:23:16.113Z] batch=field-waveform-1789356196101-11 D3 MODE_SWITCH_OK state=MODE_SWITCH_OK attempts=1 streak=0
[2026-09-14T03:23:16.114Z] batch=field-waveform-1789356196101-11 D4 MODE_SWITCH_OK state=MODE_SWITCH_OK attempts=1 streak=0
[2026-09-14T03:23:16.114Z] batch=field-waveform-1789356196101-11 D5 MODE_SWITCH_OK state=MODE_SWITCH_OK attempts=1 streak=0
[2026-09-14T03:23:16.114Z] batch=field-waveform-1789356196101-11 D6 MODE_SWITCH_OK state=MODE_SWITCH_OK attempts=1 streak=0
[2026-09-14T03:23:22.298Z] batch=field-waveform-1789356196101-11 D2 MODE_SWITCH_START state=MODE_SWITCHING attempts=1 streak=0 attempt=1
[2026-09-14T03:23:22.299Z] batch=field-waveform-1789356196101-11 D2 MODE_SWITCH_OK state=MODE_SWITCH_OK attempts=1 streak=0
[2026-09-14T03:23:22.313Z] batch=field-waveform-1789356196101-11 D4 MODE_SWITCH_START state=MODE_SWITCHING attempts=1 streak=0 attempt=1
[2026-09-14T03:23:22.314Z] batch=field-waveform-1789356196101-11 D4 MODE_SWITCH_OK state=MODE_SWITCH_OK attempts=1 streak=0
[2026-09-14T03:23:22.316Z] batch=field-waveform-1789356196101-11 D3 MODE_SWITCH_START state=MODE_SWITCHING attempts=1 streak=0 attempt=1
[2026-09-14T03:23:22.317Z] batch=field-waveform-1789356196101-11 D3 MODE_SWITCH_OK state=MODE_SWITCH_OK attempts=1 streak=0
[2026-09-14T03:23:22.318Z] batch=field-waveform-1789356196101-11 D5 MODE_SWITCH_START state=MODE_SWITCHING attempts=1 streak=0 attempt=1
[2026-09-14T03:23:22.319Z] batch=field-waveform-1789356196101-11 D5 MODE_SWITCH_OK state=MODE_SWITCH_OK attempts=1 streak=0
[2026-09-14T03:23:22.320Z] batch=field-waveform-1789356196101-11 D1 MODE_SWITCH_START state=MODE_SWITCHING attempts=1 streak=0 attempt=1
[2026-09-14T03:23:22.322Z] batch=field-waveform-1789356196101-11 D1 MODE_SWITCH_OK state=MODE_SWITCH_OK attempts=1 streak=0
[2026-09-14T03:23:22.324Z] batch=field-waveform-1789356196101-11 D6 MODE_SWITCH_START state=MODE_SWITCHING attempts=1 streak=0 attempt=1
[2026-09-14T03:23:22.325Z] batch=field-waveform-1789356196101-11 D6 MODE_SWITCH_OK state=MODE_SWITCH_OK attempts=1 streak=0
[2026-09-14T03:23:32.302Z] batch=field-waveform-1789356196101-11 D2 MODE_SWITCH_START state=MODE_SWITCHING attempts=1 streak=0 attempt=1
[2026-09-14T03:23:32.304Z] batch=field-waveform-1789356196101-11 D2 MODE_SWITCH_OK state=MODE_SWITCH_OK attempts=1 streak=0
[2026-09-14T03:23:32.316Z] batch=field-waveform-1789356196101-11 D4 MODE_SWITCH_START state=MODE_SWITCHING attempts=1 streak=0 attempt=1
[2026-09-14T03:23:32.317Z] batch=field-waveform-1789356196101-11 D4 MODE_SWITCH_OK state=MODE_SWITCH_OK attempts=1 streak=0
[2026-09-14T03:23:32.318Z] batch=field-waveform-1789356196101-11 D3 MODE_SWITCH_START state=MODE_SWITCHING attempts=1 streak=0 attempt=1
[2026-09-14T03:23:32.318Z] batch=field-waveform-1789356196101-11 D3 MODE_SWITCH_OK state=MODE_SWITCH_OK attempts=1 streak=0
[2026-09-14T03:23:32.320Z] batch=field-waveform-1789356196101-11 D5 MODE_SWITCH_START state=MODE_SWITCHING attempts=1 streak=0 attempt=1
[2026-09-14T03:23:32.321Z] batch=field-waveform-1789356196101-11 D5 MODE_SWITCH_OK state=MODE_SWITCH_OK attempts=1 streak=0
[2026-09-14T03:23:32.341Z] batch=field-waveform-1789356196101-11 D1 MODE_SWITCH_START state=MODE_SWITCHING attempts=1 streak=0 attempt=1
[2026-09-14T03:23:32.343Z] batch=field-waveform-1789356196101-11 D1 MODE_SWITCH_OK state=MODE_SWITCH_OK attempts=1 streak=0
[2026-09-14T03:23:32.344Z] batch=field-waveform-1789356196101-11 D6 MODE_SWITCH_START state=MODE_SWITCHING attempts=1 streak=0 attempt=1
[2026-09-14T03:23:32.345Z] batch=field-waveform-1789356196101-11 D6 MODE_SWITCH_OK state=MODE_SWITCH_OK attempts=1 streak=0
[2026-09-14T03:23:42.307Z] batch=field-waveform-1789356196101-11 D2 MODE_SWITCH_START state=MODE_SWITCHING attempts=1 streak=0 attempt=1
[2026-09-14T03:23:42.308Z] batch=field-waveform-1789356196101-11 D2 MODE_SWITCH_OK state=MODE_SWITCH_OK attempts=1 streak=0
[2026-09-14T03:23:42.326Z] batch=field-waveform-1789356196101-11 D4 MODE_SWITCH_START state=MODE_SWITCHING attempts=1 streak=0 attempt=1
[2026-09-14T03:23:42.326Z] batch=field-waveform-1789356196101-11 D4 MODE_SWITCH_OK state=MODE_SWITCH_OK attempts=1 streak=0
[2026-09-14T03:23:42.327Z] batch=field-waveform-1789356196101-11 D3 MODE_SWITCH_START state=MODE_SWITCHING attempts=1 streak=0 attempt=1
[2026-09-14T03:23:42.327Z] batch=field-waveform-1789356196101-11 D3 MODE_SWITCH_OK state=MODE_SWITCH_OK attempts=1 streak=0
[2026-09-14T03:23:42.328Z] batch=field-waveform-1789356196101-11 D5 MODE_SWITCH_START state=MODE_SWITCHING attempts=1 streak=0 attempt=1
[2026-09-14T03:23:42.329Z] batch=field-waveform-1789356196101-11 D5 MODE_SWITCH_OK state=MODE_SWITCH_OK attempts=1 streak=0
[2026-09-14T03:23:42.345Z] batch=field-waveform-1789356196101-11 D1 MODE_SWITCH_START state=MODE_SWITCHING attempts=1 streak=0 attempt=1
[2026-09-14T03:23:42.346Z] batch=field-waveform-1789356196101-11 D1 MODE_SWITCH_OK state=MODE_SWITCH_OK attempts=1 streak=0
[2026-09-14T03:23:42.347Z] batch=field-waveform-1789356196101-11 D6 MODE_SWITCH_START state=MODE_SWITCHING attempts=1 streak=0 attempt=1
[2026-09-14T03:23:42.347Z] batch=field-waveform-1789356196101-11 D6 MODE_SWITCH_OK state=MODE_SWITCH_OK attempts=1 streak=0
[2026-09-14T03:23:52.317Z] batch=field-waveform-1789356196101-11 D2 MODE_SWITCH_START state=MODE_SWITCHING attempts=1 streak=0 attempt=1
[2026-09-14T03:23:52.319Z] batch=field-waveform-1789356196101-11 D2 MODE_SWITCH_OK state=MODE_SWITCH_OK attempts=1 streak=0
[2026-09-14T03:23:52.333Z] batch=field-waveform-1789356196101-11 D4 MODE_SWITCH_START state=MODE_SWITCHING attempts=1 streak=0 attempt=1
[2026-09-14T03:23:52.334Z] batch=field-waveform-1789356196101-11 D4 MODE_SWITCH_OK state=MODE_SWITCH_OK attempts=1 streak=0
[2026-09-14T03:23:52.335Z] batch=field-waveform-1789356196101-11 D3 MODE_SWITCH_START state=MODE_SWITCHING attempts=1 streak=0 attempt=1
[2026-09-14T03:23:52.337Z] batch=field-waveform-1789356196101-11 D3 MODE_SWITCH_OK state=MODE_SWITCH_OK attempts=1 streak=0
[2026-09-14T03:23:52.338Z] batch=field-waveform-1789356196101-11 D5 MODE_SWITCH_START state=MODE_SWITCHING attempts=1 streak=0 attempt=1
[2026-09-14T03:23:52.339Z] batch=field-waveform-1789356196101-11 D5 MODE_SWITCH_OK state=MODE_SWITCH_OK attempts=1 streak=0
[2026-09-14T03:23:52.365Z] batch=field-waveform-1789356196101-11 D1 MODE_SWITCH_START state=MODE_SWITCHING attempts=1 streak=0 attempt=1
[2026-09-14T03:23:52.366Z] batch=field-waveform-1789356196101-11 D1 MODE_SWITCH_OK state=MODE_SWITCH_OK attempts=1 streak=0
[2026-09-14T03:23:52.367Z] batch=field-waveform-1789356196101-11 D6 MODE_SWITCH_START state=MODE_SWITCHING attempts=1 streak=0 attempt=1
[2026-09-14T03:23:52.367Z] batch=field-waveform-1789356196101-11 D6 MODE_SWITCH_OK state=MODE_SWITCH_OK attempts=1 streak=0
[2026-09-14T03:23:57.359Z] batch=field-waveform-1789356196101-11 D2 FIRST_FRAME state=FIRST_FRAME_RECEIVED attempts=1 streak=1
[2026-09-14T03:23:57.359Z] batch=field-waveform-1789356196101-11 D2 FIRST_VALID_SAMPLE state=FIRST_FRAME_RECEIVED attempts=1 streak=1
[2026-09-14T03:23:57.388Z] batch=field-waveform-1789356196101-11 D5 FIRST_FRAME state=FIRST_FRAME_RECEIVED attempts=1 streak=1
[2026-09-14T03:23:57.389Z] batch=field-waveform-1789356196101-11 D5 FIRST_VALID_SAMPLE state=FIRST_FRAME_RECEIVED attempts=1 streak=1
[2026-09-14T03:23:57.402Z] batch=field-waveform-1789356196101-11 D4 FIRST_FRAME state=FIRST_FRAME_RECEIVED attempts=1 streak=1
[2026-09-14T03:23:57.402Z] batch=field-waveform-1789356196101-11 D4 FIRST_VALID_SAMPLE state=FIRST_FRAME_RECEIVED attempts=1 streak=1
[2026-09-14T03:23:57.440Z] batch=field-waveform-1789356196101-11 D6 FIRST_FRAME state=FIRST_FRAME_RECEIVED attempts=1 streak=1
[2026-09-14T03:23:57.441Z] batch=field-waveform-1789356196101-11 D6 FIRST_VALID_SAMPLE state=FIRST_FRAME_RECEIVED attempts=1 streak=1
[2026-09-14T03:23:57.441Z] batch=field-waveform-1789356196101-11 D3 FIRST_FRAME state=FIRST_FRAME_RECEIVED attempts=1 streak=1
[2026-09-14T03:23:57.442Z] batch=field-waveform-1789356196101-11 D3 FIRST_VALID_SAMPLE state=FIRST_FRAME_RECEIVED attempts=1 streak=1
[2026-09-14T03:23:57.442Z] batch=field-waveform-1789356196101-11 D1 FIRST_FRAME state=FIRST_FRAME_RECEIVED attempts=1 streak=1
[2026-09-14T03:23:57.442Z] batch=field-waveform-1789356196101-11 D1 FIRST_VALID_SAMPLE state=FIRST_FRAME_RECEIVED attempts=1 streak=1
[2026-09-14T03:23:57.610Z] batch=field-waveform-1789356196101-11 D2 CHANNEL_SYNC_OK state=TEST_READY attempts=1 streak=5
[2026-09-14T03:23:57.610Z] batch=field-waveform-1789356196101-11 D2 TEST_READY state=TEST_READY attempts=1 streak=5
[2026-09-14T03:23:57.653Z] batch=field-waveform-1789356196101-11 D5 CHANNEL_SYNC_OK state=TEST_READY attempts=1 streak=5
[2026-09-14T03:23:57.653Z] batch=field-waveform-1789356196101-11 D5 TEST_READY state=TEST_READY attempts=1 streak=5
[2026-09-14T03:23:57.655Z] batch=field-waveform-1789356196101-11 D4 CHANNEL_SYNC_OK state=TEST_READY attempts=1 streak=5
[2026-09-14T03:23:57.655Z] batch=field-waveform-1789356196101-11 D4 TEST_READY state=TEST_READY attempts=1 streak=5
[2026-09-14T03:23:57.674Z] batch=field-waveform-1789356196101-11 D6 CHANNEL_SYNC_OK state=TEST_READY attempts=1 streak=5
[2026-09-14T03:23:57.674Z] batch=field-waveform-1789356196101-11 D6 TEST_READY state=TEST_READY attempts=1 streak=5
[2026-09-14T03:23:57.679Z] batch=field-waveform-1789356196101-11 D3 CHANNEL_SYNC_OK state=TEST_READY attempts=1 streak=5
[2026-09-14T03:23:57.679Z] batch=field-waveform-1789356196101-11 D3 TEST_READY state=TEST_READY attempts=1 streak=5
[2026-09-14T03:23:57.690Z] batch=field-waveform-1789356196101-11 D1 CHANNEL_SYNC_OK state=TEST_READY attempts=1 streak=5
[2026-09-14T03:23:57.691Z] batch=field-waveform-1789356196101-11 D1 TEST_READY state=TEST_READY attempts=1 streak=5
[2026-09-14T03:25:02.476Z] batch=field-waveform-1789356196101-11 D2 MODE_SWITCH_START state=MODE_SWITCHING attempts=1 streak=0 attempt=1
[2026-09-14T03:25:02.478Z] batch=field-waveform-1789356196101-11 D2 MODE_SWITCH_OK state=MODE_SWITCH_OK attempts=1 streak=0
[2026-09-14T03:25:02.601Z] batch=field-waveform-1789356196101-11 D6 MODE_SWITCH_START state=MODE_SWITCHING attempts=1 streak=0 attempt=1
[2026-09-14T03:25:02.602Z] batch=field-waveform-1789356196101-11 D6 MODE_SWITCH_OK state=MODE_SWITCH_OK attempts=1 streak=0
[2026-09-14T03:25:02.604Z] batch=field-waveform-1789356196101-11 D3 MODE_SWITCH_START state=MODE_SWITCHING attempts=1 streak=0 attempt=1
[2026-09-14T03:25:02.604Z] batch=field-waveform-1789356196101-11 D3 MODE_SWITCH_OK state=MODE_SWITCH_OK attempts=1 streak=0
[2026-09-14T03:25:02.607Z] batch=field-waveform-1789356196101-11 D5 MODE_SWITCH_START state=MODE_SWITCHING attempts=1 streak=0 attempt=1
[2026-09-14T03:25:02.607Z] batch=field-waveform-1789356196101-11 D5 MODE_SWITCH_OK state=MODE_SWITCH_OK attempts=1 streak=0
[2026-09-14T03:25:02.609Z] batch=field-waveform-1789356196101-11 D1 MODE_SWITCH_START state=MODE_SWITCHING attempts=1 streak=0 attempt=1
[2026-09-14T03:25:02.610Z] batch=field-waveform-1789356196101-11 D1 MODE_SWITCH_OK state=MODE_SWITCH_OK attempts=1 streak=0
[2026-09-14T03:25:02.613Z] batch=field-waveform-1789356196101-11 D4 MODE_SWITCH_START state=MODE_SWITCHING attempts=1 streak=0 attempt=1
[2026-09-14T03:25:02.614Z] batch=field-waveform-1789356196101-11 D4 MODE_SWITCH_OK state=MODE_SWITCH_OK attempts=1 streak=0
[2026-09-14T03:25:12.613Z] batch=field-waveform-1789356196101-11 D2 MODE_SWITCH_START state=MODE_SWITCHING attempts=1 streak=0 attempt=1
[2026-09-14T03:25:12.614Z] batch=field-waveform-1789356196101-11 D2 MODE_SWITCH_OK state=MODE_SWITCH_OK attempts=1 streak=0
[2026-09-14T03:25:12.617Z] batch=field-waveform-1789356196101-11 D6 MODE_SWITCH_START state=MODE_SWITCHING attempts=1 streak=0 attempt=1
[2026-09-14T03:25:12.618Z] batch=field-waveform-1789356196101-11 D6 MODE_SWITCH_OK state=MODE_SWITCH_OK attempts=1 streak=0
[2026-09-14T03:25:12.621Z] batch=field-waveform-1789356196101-11 D3 MODE_SWITCH_START state=MODE_SWITCHING attempts=1 streak=0 attempt=1
[2026-09-14T03:25:12.622Z] batch=field-waveform-1789356196101-11 D3 MODE_SWITCH_OK state=MODE_SWITCH_OK attempts=1 streak=0
[2026-09-14T03:25:12.624Z] batch=field-waveform-1789356196101-11 D5 MODE_SWITCH_START state=MODE_SWITCHING attempts=1 streak=0 attempt=1
[2026-09-14T03:25:12.625Z] batch=field-waveform-1789356196101-11 D5 MODE_SWITCH_OK state=MODE_SWITCH_OK attempts=1 streak=0
[2026-09-14T03:25:12.737Z] batch=field-waveform-1789356196101-11 D1 MODE_SWITCH_START state=MODE_SWITCHING attempts=1 streak=0 attempt=1
[2026-09-14T03:25:12.739Z] batch=field-waveform-1789356196101-11 D1 MODE_SWITCH_OK state=MODE_SWITCH_OK attempts=1 streak=0
[2026-09-14T03:25:12.741Z] batch=field-waveform-1789356196101-11 D4 MODE_SWITCH_START state=MODE_SWITCHING attempts=1 streak=0 attempt=1
[2026-09-14T03:25:12.742Z] batch=field-waveform-1789356196101-11 D4 MODE_SWITCH_OK state=MODE_SWITCH_OK attempts=1 streak=0
[2026-09-14T03:25:17.692Z] batch=field-waveform-1789356196101-11 D3 FIRST_FRAME state=FIRST_FRAME_RECEIVED attempts=1 streak=1
[2026-09-14T03:25:17.692Z] batch=field-waveform-1789356196101-11 D3 FIRST_VALID_SAMPLE state=FIRST_FRAME_RECEIVED attempts=1 streak=1
[2026-09-14T03:25:17.693Z] batch=field-waveform-1789356196101-11 D6 FIRST_FRAME state=FIRST_FRAME_RECEIVED attempts=1 streak=1
[2026-09-14T03:25:17.694Z] batch=field-waveform-1789356196101-11 D6 FIRST_VALID_SAMPLE state=FIRST_FRAME_RECEIVED attempts=1 streak=1
[2026-09-14T03:25:17.694Z] batch=field-waveform-1789356196101-11 D2 FIRST_FRAME state=FIRST_FRAME_RECEIVED attempts=1 streak=1
[2026-09-14T03:25:17.695Z] batch=field-waveform-1789356196101-11 D2 FIRST_VALID_SAMPLE state=FIRST_FRAME_RECEIVED attempts=1 streak=1
[2026-09-14T03:25:17.833Z] batch=field-waveform-1789356196101-11 D5 FIRST_FRAME state=FIRST_FRAME_RECEIVED attempts=1 streak=1
[2026-09-14T03:25:17.833Z] batch=field-waveform-1789356196101-11 D5 FIRST_VALID_SAMPLE state=FIRST_FRAME_RECEIVED attempts=1 streak=1
[2026-09-14T03:25:17.835Z] batch=field-waveform-1789356196101-11 D1 FIRST_FRAME state=FIRST_FRAME_RECEIVED attempts=1 streak=1
[2026-09-14T03:25:17.835Z] batch=field-waveform-1789356196101-11 D1 FIRST_VALID_SAMPLE state=FIRST_FRAME_RECEIVED attempts=1 streak=1
[2026-09-14T03:25:17.836Z] batch=field-waveform-1789356196101-11 D4 FIRST_FRAME state=FIRST_FRAME_RECEIVED attempts=1 streak=1
[2026-09-14T03:25:17.836Z] batch=field-waveform-1789356196101-11 D4 FIRST_VALID_SAMPLE state=FIRST_FRAME_RECEIVED attempts=1 streak=1
[2026-09-14T03:25:17.938Z] batch=field-waveform-1789356196101-11 D6 CHANNEL_SYNC_OK state=TEST_READY attempts=1 streak=5
[2026-09-14T03:25:17.939Z] batch=field-waveform-1789356196101-11 D6 TEST_READY state=TEST_READY attempts=1 streak=5
[2026-09-14T03:25:17.939Z] batch=field-waveform-1789356196101-11 D3 CHANNEL_SYNC_OK state=TEST_READY attempts=1 streak=5
[2026-09-14T03:25:17.940Z] batch=field-waveform-1789356196101-11 D3 TEST_READY state=TEST_READY attempts=1 streak=5
[2026-09-14T03:25:17.942Z] batch=field-waveform-1789356196101-11 D2 CHANNEL_SYNC_OK state=TEST_READY attempts=1 streak=5
[2026-09-14T03:25:17.942Z] batch=field-waveform-1789356196101-11 D2 TEST_READY state=TEST_READY attempts=1 streak=5
[2026-09-14T03:25:18.082Z] batch=field-waveform-1789356196101-11 D5 CHANNEL_SYNC_OK state=TEST_READY attempts=1 streak=5
[2026-09-14T03:25:18.082Z] batch=field-waveform-1789356196101-11 D5 TEST_READY state=TEST_READY attempts=1 streak=5
[2026-09-14T03:25:18.083Z] batch=field-waveform-1789356196101-11 D1 CHANNEL_SYNC_OK state=TEST_READY attempts=1 streak=5
[2026-09-14T03:25:18.083Z] batch=field-waveform-1789356196101-11 D1 TEST_READY state=TEST_READY attempts=1 streak=5
[2026-09-14T03:25:18.084Z] batch=field-waveform-1789356196101-11 D4 CHANNEL_SYNC_OK state=TEST_READY attempts=1 streak=5
[2026-09-14T03:25:18.084Z] batch=field-waveform-1789356196101-11 D4 TEST_READY state=TEST_READY attempts=1 streak=5
[2026-09-14T03:25:44.417Z] batch=field-waveform-1789356196101-11 D3 MODE_SWITCH_START state=MODE_SWITCHING attempts=1 streak=0 attempt=1
[2026-09-14T03:25:44.418Z] batch=field-waveform-1789356196101-11 D3 MODE_SWITCH_OK state=MODE_SWITCH_OK attempts=1 streak=0
[2026-09-14T03:25:44.422Z] batch=field-waveform-1789356196101-11 D6 MODE_SWITCH_START state=MODE_SWITCHING attempts=1 streak=0 attempt=1
[2026-09-14T03:25:44.422Z] batch=field-waveform-1789356196101-11 D6 MODE_SWITCH_OK state=MODE_SWITCH_OK attempts=1 streak=0
[2026-09-14T03:25:44.426Z] batch=field-waveform-1789356196101-11 D4 MODE_SWITCH_START state=MODE_SWITCHING attempts=1 streak=0 attempt=1
[2026-09-14T03:25:44.429Z] batch=field-waveform-1789356196101-11 D4 MODE_SWITCH_OK state=MODE_SWITCH_OK attempts=1 streak=0
[2026-09-14T03:25:44.433Z] batch=field-waveform-1789356196101-11 D2 MODE_SWITCH_START state=MODE_SWITCHING attempts=1 streak=0 attempt=1
[2026-09-14T03:25:44.434Z] batch=field-waveform-1789356196101-11 D2 MODE_SWITCH_OK state=MODE_SWITCH_OK attempts=1 streak=0
[2026-09-14T03:25:44.438Z] batch=field-waveform-1789356196101-11 D5 MODE_SWITCH_START state=MODE_SWITCHING attempts=1 streak=0 attempt=1
[2026-09-14T03:25:44.438Z] batch=field-waveform-1789356196101-11 D5 MODE_SWITCH_OK state=MODE_SWITCH_OK attempts=1 streak=0
[2026-09-14T03:25:44.448Z] batch=field-waveform-1789356196101-11 D1 MODE_SWITCH_START state=MODE_SWITCHING attempts=1 streak=0 attempt=1
[2026-09-14T03:25:44.448Z] batch=field-waveform-1789356196101-11 D1 MODE_SWITCH_OK state=MODE_SWITCH_OK attempts=1 streak=0
