[2026-09-18T03:05:38.803Z] batch=field-waveform-1789700580200-27 D1 MODE_SWITCH_START state=MODE_SWITCHING attempts=1 streak=0 attempt=1
[2026-09-18T03:05:38.804Z] batch=field-waveform-1789700580200-27 D1 MODE_SWITCH_OK state=MODE_SWITCH_OK attempts=1 streak=0
[2026-09-18T03:05:38.810Z] batch=field-waveform-1789700580200-27 D4 MODE_SWITCH_START state=MODE_SWITCHING attempts=1 streak=0 attempt=1
[2026-09-18T03:05:38.811Z] batch=field-waveform-1789700580200-27 D4 MODE_SWITCH_OK state=MODE_SWITCH_OK attempts=1 streak=0
[2026-09-18T03:05:38.818Z] batch=field-waveform-1789700580200-27 D3 MODE_SWITCH_START state=MODE_SWITCHING attempts=1 streak=0 attempt=1
[2026-09-18T03:05:38.820Z] batch=field-waveform-1789700580200-27 D3 MODE_SWITCH_OK state=MODE_SWITCH_OK attempts=1 streak=0
[2026-09-18T03:05:38.829Z] batch=field-waveform-1789700580200-27 D2 MODE_SWITCH_START state=MODE_SWITCHING attempts=1 streak=0 attempt=1
[2026-09-18T03:05:38.830Z] batch=field-waveform-1789700580200-27 D2 MODE_SWITCH_OK state=MODE_SWITCH_OK attempts=1 streak=0
[2026-09-18T03:05:38.836Z] batch=field-waveform-1789700580200-27 D5 MODE_SWITCH_START state=MODE_SWITCHING attempts=1 streak=0 attempt=1
[2026-09-18T03:05:38.838Z] batch=field-waveform-1789700580200-27 D5 MODE_SWITCH_OK state=MODE_SWITCH_OK attempts=1 streak=0
[2026-09-18T03:05:38.844Z] batch=field-waveform-1789700580200-27 D6 MODE_SWITCH_START state=MODE_SWITCHING attempts=1 streak=0 attempt=1
[2026-09-18T03:05:38.846Z] batch=field-waveform-1789700580200-27 D6 MODE_SWITCH_OK state=MODE_SWITCH_OK attempts=1 streak=0
[2026-09-18T03:05:49.100Z] batch=field-waveform-1789700580200-27 D1 MODE_SWITCH_START state=MODE_SWITCHING attempts=1 streak=0 attempt=1
[2026-09-18T03:05:49.101Z] batch=field-waveform-1789700580200-27 D1 MODE_SWITCH_OK state=MODE_SWITCH_OK attempts=1 streak=0
[2026-09-18T03:05:49.106Z] batch=field-waveform-1789700580200-27 D4 MODE_SWITCH_START state=MODE_SWITCHING attempts=1 streak=0 attempt=1
[2026-09-18T03:05:49.106Z] batch=field-waveform-1789700580200-27 D4 MODE_SWITCH_OK state=MODE_SWITCH_OK attempts=1 streak=0
[2026-09-18T03:05:49.116Z] batch=field-waveform-1789700580200-27 D3 MODE_SWITCH_START state=MODE_SWITCHING attempts=1 streak=0 attempt=1
[2026-09-18T03:05:49.117Z] batch=field-waveform-1789700580200-27 D3 MODE_SWITCH_OK state=MODE_SWITCH_OK attempts=1 streak=0
[2026-09-18T03:05:49.121Z] batch=field-waveform-1789700580200-27 D2 MODE_SWITCH_START state=MODE_SWITCHING attempts=1 streak=0 attempt=1
[2026-09-18T03:05:49.122Z] batch=field-waveform-1789700580200-27 D2 MODE_SWITCH_OK state=MODE_SWITCH_OK attempts=1 streak=0
[2026-09-18T03:05:49.130Z] batch=field-waveform-1789700580200-27 D5 MODE_SWITCH_START state=MODE_SWITCHING attempts=1 streak=0 attempt=1
[2026-09-18T03:05:49.133Z] batch=field-waveform-1789700580200-27 D5 MODE_SWITCH_OK state=MODE_SWITCH_OK attempts=1 streak=0
[2026-09-18T03:05:49.137Z] batch=field-waveform-1789700580200-27 D6 MODE_SWITCH_START state=MODE_SWITCHING attempts=1 streak=0 attempt=1
[2026-09-18T03:05:49.139Z] batch=field-waveform-1789700580200-27 D6 MODE_SWITCH_OK state=MODE_SWITCH_OK attempts=1 streak=0
[2026-09-18T03:05:59.356Z] batch=field-waveform-1789700580200-27 D1 MODE_SWITCH_START state=MODE_SWITCHING attempts=1 streak=0 attempt=1
[2026-09-18T03:05:59.357Z] batch=field-waveform-1789700580200-27 D1 MODE_SWITCH_OK state=MODE_SWITCH_OK attempts=1 streak=0
[2026-09-18T03:05:59.362Z] batch=field-waveform-1789700580200-27 D4 MODE_SWITCH_START state=MODE_SWITCHING attempts=1 streak=0 attempt=1
[2026-09-18T03:05:59.363Z] batch=field-waveform-1789700580200-27 D4 MODE_SWITCH_OK state=MODE_SWITCH_OK attempts=1 streak=0
[2026-09-18T03:05:59.368Z] batch=field-waveform-1789700580200-27 D3 MODE_SWITCH_START state=MODE_SWITCHING attempts=1 streak=0 attempt=1
[2026-09-18T03:05:59.370Z] batch=field-waveform-1789700580200-27 D3 MODE_SWITCH_OK state=MODE_SWITCH_OK attempts=1 streak=0
[2026-09-18T03:05:59.374Z] batch=field-waveform-1789700580200-27 D2 MODE_SWITCH_START state=MODE_SWITCHING attempts=1 streak=0 attempt=1
[2026-09-18T03:05:59.375Z] batch=field-waveform-1789700580200-27 D2 MODE_SWITCH_OK state=MODE_SWITCH_OK attempts=1 streak=0
[2026-09-18T03:05:59.390Z] batch=field-waveform-1789700580200-27 D5 MODE_SWITCH_START state=MODE_SWITCHING attempts=1 streak=0 attempt=1
[2026-09-18T03:05:59.390Z] batch=field-waveform-1789700580200-27 D5 MODE_SWITCH_OK state=MODE_SWITCH_OK attempts=1 streak=0
[2026-09-18T03:05:59.395Z] batch=field-waveform-1789700580200-27 D6 MODE_SWITCH_START state=MODE_SWITCHING attempts=1 streak=0 attempt=1
[2026-09-18T03:05:59.396Z] batch=field-waveform-1789700580200-27 D6 MODE_SWITCH_OK state=MODE_SWITCH_OK attempts=1 streak=0
[2026-09-18T03:06:06.383Z] batch=field-waveform-1789700766381-28 D1 MODE_SWITCH_START state=MODE_SWITCHING attempts=1 streak=0 attempt=1
[2026-09-18T03:06:06.384Z] batch=field-waveform-1789700766381-28 D2 MODE_SWITCH_START state=MODE_SWITCHING attempts=1 streak=0 attempt=1
[2026-09-18T03:06:06.385Z] batch=field-waveform-1789700766381-28 D3 MODE_SWITCH_START state=MODE_SWITCHING attempts=1 streak=0 attempt=1
[2026-09-18T03:06:06.385Z] batch=field-waveform-1789700766381-28 D4 MODE_SWITCH_START state=MODE_SWITCHING attempts=1 streak=0 attempt=1
[2026-09-18T03:06:06.388Z] batch=field-waveform-1789700766381-28 D5 MODE_SWITCH_START state=MODE_SWITCHING attempts=1 streak=0 attempt=1
[2026-09-18T03:06:06.389Z] batch=field-waveform-1789700766381-28 D6 MODE_SWITCH_START state=MODE_SWITCHING attempts=1 streak=0 attempt=1
[2026-09-18T03:06:06.392Z] batch=field-waveform-1789700766381-28 D1 MODE_SWITCH_OK state=MODE_SWITCH_OK attempts=1 streak=0
[2026-09-18T03:06:06.393Z] batch=field-waveform-1789700766381-28 D2 MODE_SWITCH_OK state=MODE_SWITCH_OK attempts=1 streak=0
[2026-09-18T03:06:06.394Z] batch=field-waveform-1789700766381-28 D3 MODE_SWITCH_OK state=MODE_SWITCH_OK attempts=1 streak=0
[2026-09-18T03:06:06.394Z] batch=field-waveform-1789700766381-28 D4 MODE_SWITCH_OK state=MODE_SWITCH_OK attempts=1 streak=0
[2026-09-18T03:06:06.394Z] batch=field-waveform-1789700766381-28 D5 MODE_SWITCH_OK state=MODE_SWITCH_OK attempts=1 streak=0
[2026-09-18T03:06:06.395Z] batch=field-waveform-1789700766381-28 D6 MODE_SWITCH_OK state=MODE_SWITCH_OK attempts=1 streak=0
[2026-09-18T03:06:09.364Z] batch=field-waveform-1789700766381-28 D1 MODE_SWITCH_START state=MODE_SWITCHING attempts=1 streak=0 attempt=1
[2026-09-18T03:06:09.366Z] batch=field-waveform-1789700766381-28 D1 MODE_SWITCH_OK state=MODE_SWITCH_OK attempts=1 streak=0
[2026-09-18T03:06:09.367Z] batch=field-waveform-1789700766381-28 D4 MODE_SWITCH_START state=MODE_SWITCHING attempts=1 streak=0 attempt=1
[2026-09-18T03:06:09.369Z] batch=field-waveform-1789700766381-28 D4 MODE_SWITCH_OK state=MODE_SWITCH_OK attempts=1 streak=0
[2026-09-18T03:06:09.371Z] batch=field-waveform-1789700766381-28 D3 MODE_SWITCH_START state=MODE_SWITCHING attempts=1 streak=0 attempt=1
[2026-09-18T03:06:09.371Z] batch=field-waveform-1789700766381-28 D3 MODE_SWITCH_OK state=MODE_SWITCH_OK attempts=1 streak=0
[2026-09-18T03:06:09.380Z] batch=field-waveform-1789700766381-28 D2 MODE_SWITCH_START state=MODE_SWITCHING attempts=1 streak=0 attempt=1
[2026-09-18T03:06:09.385Z] batch=field-waveform-1789700766381-28 D2 MODE_SWITCH_OK state=MODE_SWITCH_OK attempts=1 streak=0
[2026-09-18T03:06:09.395Z] batch=field-waveform-1789700766381-28 D5 MODE_SWITCH_START state=MODE_SWITCHING attempts=1 streak=0 attempt=1
[2026-09-18T03:06:09.396Z] batch=field-waveform-1789700766381-28 D5 MODE_SWITCH_OK state=MODE_SWITCH_OK attempts=1 streak=0
[2026-09-18T03:06:09.397Z] batch=field-waveform-1789700766381-28 D6 MODE_SWITCH_START state=MODE_SWITCHING attempts=1 streak=0 attempt=1
[2026-09-18T03:06:09.398Z] batch=field-waveform-1789700766381-28 D6 MODE_SWITCH_OK state=MODE_SWITCH_OK attempts=1 streak=0
[2026-09-18T03:06:19.371Z] batch=field-waveform-1789700766381-28 D1 MODE_SWITCH_START state=MODE_SWITCHING attempts=1 streak=0 attempt=1
[2026-09-18T03:06:19.373Z] batch=field-waveform-1789700766381-28 D1 MODE_SWITCH_OK state=MODE_SWITCH_OK attempts=1 streak=0
[2026-09-18T03:06:19.374Z] batch=field-waveform-1789700766381-28 D4 MODE_SWITCH_START state=MODE_SWITCHING attempts=1 streak=0 attempt=1
[2026-09-18T03:06:19.376Z] batch=field-waveform-1789700766381-28 D4 MODE_SWITCH_OK state=MODE_SWITCH_OK attempts=1 streak=0
[2026-09-18T03:06:19.379Z] batch=field-waveform-1789700766381-28 D3 MODE_SWITCH_START state=MODE_SWITCHING attempts=1 streak=0 attempt=1
[2026-09-18T03:06:19.381Z] batch=field-waveform-1789700766381-28 D3 MODE_SWITCH_OK state=MODE_SWITCH_OK attempts=1 streak=0
[2026-09-18T03:06:19.392Z] batch=field-waveform-1789700766381-28 D2 MODE_SWITCH_START state=MODE_SWITCHING attempts=1 streak=0 attempt=1
[2026-09-18T03:06:19.394Z] batch=field-waveform-1789700766381-28 D2 MODE_SWITCH_OK state=MODE_SWITCH_OK attempts=1 streak=0
[2026-09-18T03:06:19.398Z] batch=field-waveform-1789700766381-28 D5 MODE_SWITCH_START state=MODE_SWITCHING attempts=1 streak=0 attempt=1
[2026-09-18T03:06:19.399Z] batch=field-waveform-1789700766381-28 D5 MODE_SWITCH_OK state=MODE_SWITCH_OK attempts=1 streak=0
[2026-09-18T03:06:19.400Z] batch=field-waveform-1789700766381-28 D6 MODE_SWITCH_START state=MODE_SWITCHING attempts=1 streak=0 attempt=1
[2026-09-18T03:06:19.401Z] batch=field-waveform-1789700766381-28 D6 MODE_SWITCH_OK state=MODE_SWITCH_OK attempts=1 streak=0
[2026-09-18T03:06:29.386Z] batch=field-waveform-1789700766381-28 D1 MODE_SWITCH_START state=MODE_SWITCHING attempts=1 streak=0 attempt=1
[2026-09-18T03:06:29.390Z] batch=field-waveform-1789700766381-28 D1 MODE_SWITCH_OK state=MODE_SWITCH_OK attempts=1 streak=0
[2026-09-18T03:06:29.391Z] batch=field-waveform-1789700766381-28 D4 MODE_SWITCH_START state=MODE_SWITCHING attempts=1 streak=0 attempt=1
[2026-09-18T03:06:29.392Z] batch=field-waveform-1789700766381-28 D4 MODE_SWITCH_OK state=MODE_SWITCH_OK attempts=1 streak=0
[2026-09-18T03:06:29.393Z] batch=field-waveform-1789700766381-28 D3 MODE_SWITCH_START state=MODE_SWITCHING attempts=1 streak=0 attempt=1
[2026-09-18T03:06:29.394Z] batch=field-waveform-1789700766381-28 D3 MODE_SWITCH_OK state=MODE_SWITCH_OK attempts=1 streak=0
[2026-09-18T03:06:29.395Z] batch=field-waveform-1789700766381-28 D2 MODE_SWITCH_START state=MODE_SWITCHING attempts=1 streak=0 attempt=1
[2026-09-18T03:06:29.396Z] batch=field-waveform-1789700766381-28 D2 MODE_SWITCH_OK state=MODE_SWITCH_OK attempts=1 streak=0
[2026-09-18T03:06:29.402Z] batch=field-waveform-1789700766381-28 D5 MODE_SWITCH_START state=MODE_SWITCHING attempts=1 streak=0 attempt=1
[2026-09-18T03:06:29.404Z] batch=field-waveform-1789700766381-28 D5 MODE_SWITCH_OK state=MODE_SWITCH_OK attempts=1 streak=0
[2026-09-18T03:06:29.405Z] batch=field-waveform-1789700766381-28 D6 MODE_SWITCH_START state=MODE_SWITCHING attempts=1 streak=0 attempt=1
[2026-09-18T03:06:29.406Z] batch=field-waveform-1789700766381-28 D6 MODE_SWITCH_OK state=MODE_SWITCH_OK attempts=1 streak=0
[2026-09-18T03:06:34.439Z] batch=field-waveform-1789700766381-28 D1 FIRST_FRAME state=FIRST_FRAME_RECEIVED attempts=1 streak=1
[2026-09-18T03:06:34.439Z] batch=field-waveform-1789700766381-28 D1 FIRST_VALID_SAMPLE state=FIRST_FRAME_RECEIVED attempts=1 streak=1
[2026-09-18T03:06:34.444Z] batch=field-waveform-1789700766381-28 D2 FIRST_FRAME state=FIRST_FRAME_RECEIVED attempts=1 streak=1
[2026-09-18T03:06:34.444Z] batch=field-waveform-1789700766381-28 D2 FIRST_VALID_SAMPLE state=FIRST_FRAME_RECEIVED attempts=1 streak=1
[2026-09-18T03:06:34.447Z] batch=field-waveform-1789700766381-28 D3 FIRST_FRAME state=FIRST_FRAME_RECEIVED attempts=1 streak=1
[2026-09-18T03:06:34.447Z] batch=field-waveform-1789700766381-28 D3 FIRST_VALID_SAMPLE state=FIRST_FRAME_RECEIVED attempts=1 streak=1
[2026-09-18T03:06:34.454Z] batch=field-waveform-1789700766381-28 D6 FIRST_FRAME state=FIRST_FRAME_RECEIVED attempts=1 streak=1
[2026-09-18T03:06:34.454Z] batch=field-waveform-1789700766381-28 D6 FIRST_VALID_SAMPLE state=FIRST_FRAME_RECEIVED attempts=1 streak=1
[2026-09-18T03:06:34.455Z] batch=field-waveform-1789700766381-28 D5 FIRST_FRAME state=FIRST_FRAME_RECEIVED attempts=1 streak=1
[2026-09-18T03:06:34.455Z] batch=field-waveform-1789700766381-28 D5 FIRST_VALID_SAMPLE state=FIRST_FRAME_RECEIVED attempts=1 streak=1
[2026-09-18T03:06:34.471Z] batch=field-waveform-1789700766381-28 D4 FIRST_FRAME state=FIRST_FRAME_RECEIVED attempts=1 streak=1
[2026-09-18T03:06:34.471Z] batch=field-waveform-1789700766381-28 D4 FIRST_VALID_SAMPLE state=FIRST_FRAME_RECEIVED attempts=1 streak=1
[2026-09-18T03:06:34.685Z] batch=field-waveform-1789700766381-28 D1 CHANNEL_SYNC_OK state=TEST_READY attempts=1 streak=5
[2026-09-18T03:06:34.686Z] batch=field-waveform-1789700766381-28 D1 TEST_READY state=TEST_READY attempts=1 streak=5
[2026-09-18T03:06:34.691Z] batch=field-waveform-1789700766381-28 D2 CHANNEL_SYNC_OK state=TEST_READY attempts=1 streak=5
[2026-09-18T03:06:34.692Z] batch=field-waveform-1789700766381-28 D2 TEST_READY state=TEST_READY attempts=1 streak=5
[2026-09-18T03:06:34.695Z] batch=field-waveform-1789700766381-28 D3 CHANNEL_SYNC_OK state=TEST_READY attempts=1 streak=5
[2026-09-18T03:06:34.695Z] batch=field-waveform-1789700766381-28 D3 TEST_READY state=TEST_READY attempts=1 streak=5
[2026-09-18T03:06:34.697Z] batch=field-waveform-1789700766381-28 D5 CHANNEL_SYNC_OK state=TEST_READY attempts=1 streak=5
[2026-09-18T03:06:34.697Z] batch=field-waveform-1789700766381-28 D5 TEST_READY state=TEST_READY attempts=1 streak=5
[2026-09-18T03:06:34.698Z] batch=field-waveform-1789700766381-28 D6 CHANNEL_SYNC_OK state=TEST_READY attempts=1 streak=5
[2026-09-18T03:06:34.698Z] batch=field-waveform-1789700766381-28 D6 TEST_READY state=TEST_READY attempts=1 streak=5
[2026-09-18T03:06:34.713Z] batch=field-waveform-1789700766381-28 D4 CHANNEL_SYNC_OK state=TEST_READY attempts=1 streak=5
[2026-09-18T03:06:34.713Z] batch=field-waveform-1789700766381-28 D4 TEST_READY state=TEST_READY attempts=1 streak=5
[2026-09-18T03:07:44.767Z] batch=field-waveform-1789700766381-28 D4 MODE_SWITCH_START state=MODE_SWITCHING attempts=1 streak=0 attempt=1
[2026-09-18T03:07:44.768Z] batch=field-waveform-1789700766381-28 D4 MODE_SWITCH_OK state=MODE_SWITCH_OK attempts=1 streak=0
[2026-09-18T03:07:44.771Z] batch=field-waveform-1789700766381-28 D1 MODE_SWITCH_START state=MODE_SWITCHING attempts=1 streak=0 attempt=1
[2026-09-18T03:07:44.772Z] batch=field-waveform-1789700766381-28 D1 MODE_SWITCH_OK state=MODE_SWITCH_OK attempts=1 streak=0
[2026-09-18T03:07:44.776Z] batch=field-waveform-1789700766381-28 D3 MODE_SWITCH_START state=MODE_SWITCHING attempts=1 streak=0 attempt=1
[2026-09-18T03:07:44.777Z] batch=field-waveform-1789700766381-28 D3 MODE_SWITCH_OK state=MODE_SWITCH_OK attempts=1 streak=0
[2026-09-18T03:07:44.779Z] batch=field-waveform-1789700766381-28 D2 MODE_SWITCH_START state=MODE_SWITCHING attempts=1 streak=0 attempt=1
[2026-09-18T03:07:44.780Z] batch=field-waveform-1789700766381-28 D2 MODE_SWITCH_OK state=MODE_SWITCH_OK attempts=1 streak=0
[2026-09-18T03:07:44.783Z] batch=field-waveform-1789700766381-28 D6 MODE_SWITCH_START state=MODE_SWITCHING attempts=1 streak=0 attempt=1
[2026-09-18T03:07:44.784Z] batch=field-waveform-1789700766381-28 D6 MODE_SWITCH_OK state=MODE_SWITCH_OK attempts=1 streak=0
[2026-09-18T03:07:45.011Z] batch=field-waveform-1789700766381-28 D5 MODE_SWITCH_START state=MODE_SWITCHING attempts=1 streak=0 attempt=1
[2026-09-18T03:07:45.012Z] batch=field-waveform-1789700766381-28 D5 MODE_SWITCH_OK state=MODE_SWITCH_OK attempts=1 streak=0
[2026-09-18T03:07:54.773Z] batch=field-waveform-1789700766381-28 D4 MODE_SWITCH_START state=MODE_SWITCHING attempts=1 streak=0 attempt=1
[2026-09-18T03:07:54.775Z] batch=field-waveform-1789700766381-28 D4 MODE_SWITCH_OK state=MODE_SWITCH_OK attempts=1 streak=0
[2026-09-18T03:07:54.907Z] batch=field-waveform-1789700766381-28 D1 MODE_SWITCH_START state=MODE_SWITCHING attempts=1 streak=0 attempt=1
[2026-09-18T03:07:54.908Z] batch=field-waveform-1789700766381-28 D1 MODE_SWITCH_OK state=MODE_SWITCH_OK attempts=1 streak=0
[2026-09-18T03:07:54.910Z] batch=field-waveform-1789700766381-28 D3 MODE_SWITCH_START state=MODE_SWITCHING attempts=1 streak=0 attempt=1
[2026-09-18T03:07:54.911Z] batch=field-waveform-1789700766381-28 D3 MODE_SWITCH_OK state=MODE_SWITCH_OK attempts=1 streak=0
[2026-09-18T03:07:54.914Z] batch=field-waveform-1789700766381-28 D2 MODE_SWITCH_START state=MODE_SWITCHING attempts=1 streak=0 attempt=1
[2026-09-18T03:07:54.915Z] batch=field-waveform-1789700766381-28 D2 MODE_SWITCH_OK state=MODE_SWITCH_OK attempts=1 streak=0
[2026-09-18T03:07:54.918Z] batch=field-waveform-1789700766381-28 D6 MODE_SWITCH_START state=MODE_SWITCHING attempts=1 streak=0 attempt=1
[2026-09-18T03:07:54.919Z] batch=field-waveform-1789700766381-28 D6 MODE_SWITCH_OK state=MODE_SWITCH_OK attempts=1 streak=0
[2026-09-18T03:07:55.124Z] batch=field-waveform-1789700766381-28 D5 MODE_SWITCH_START state=MODE_SWITCHING attempts=1 streak=0 attempt=1
[2026-09-18T03:07:55.125Z] batch=field-waveform-1789700766381-28 D5 MODE_SWITCH_OK state=MODE_SWITCH_OK attempts=1 streak=0
[2026-09-18T03:07:59.914Z] batch=field-waveform-1789700766381-28 D4 FIRST_FRAME state=FIRST_FRAME_RECEIVED attempts=1 streak=1
[2026-09-18T03:07:59.915Z] batch=field-waveform-1789700766381-28 D4 FIRST_VALID_SAMPLE state=FIRST_FRAME_RECEIVED attempts=1 streak=1
[2026-09-18T03:08:00.019Z] batch=field-waveform-1789700766381-28 D3 FIRST_FRAME state=FIRST_FRAME_RECEIVED attempts=1 streak=1
[2026-09-18T03:08:00.020Z] batch=field-waveform-1789700766381-28 D3 FIRST_VALID_SAMPLE state=FIRST_FRAME_RECEIVED attempts=1 streak=1
[2026-09-18T03:08:00.032Z] batch=field-waveform-1789700766381-28 D6 FIRST_FRAME state=FIRST_FRAME_RECEIVED attempts=1 streak=1
[2026-09-18T03:08:00.033Z] batch=field-waveform-1789700766381-28 D6 FIRST_VALID_SAMPLE state=FIRST_FRAME_RECEIVED attempts=1 streak=1
[2026-09-18T03:08:00.034Z] batch=field-waveform-1789700766381-28 D1 FIRST_FRAME state=FIRST_FRAME_RECEIVED attempts=1 streak=1
[2026-09-18T03:08:00.034Z] batch=field-waveform-1789700766381-28 D1 FIRST_VALID_SAMPLE state=FIRST_FRAME_RECEIVED attempts=1 streak=1
[2026-09-18T03:08:00.035Z] batch=field-waveform-1789700766381-28 D2 FIRST_FRAME state=FIRST_FRAME_RECEIVED attempts=1 streak=1
[2026-09-18T03:08:00.036Z] batch=field-waveform-1789700766381-28 D2 FIRST_VALID_SAMPLE state=FIRST_FRAME_RECEIVED attempts=1 streak=1
[2026-09-18T03:08:00.201Z] batch=field-waveform-1789700766381-28 D3 CHANNEL_SYNC_OK state=TEST_READY attempts=1 streak=5
[2026-09-18T03:08:00.201Z] batch=field-waveform-1789700766381-28 D3 TEST_READY state=TEST_READY attempts=1 streak=5
[2026-09-18T03:08:00.205Z] batch=field-waveform-1789700766381-28 D4 CHANNEL_SYNC_OK state=TEST_READY attempts=1 streak=5
[2026-09-18T03:08:00.205Z] batch=field-waveform-1789700766381-28 D4 TEST_READY state=TEST_READY attempts=1 streak=5
[2026-09-18T03:08:00.205Z] batch=field-waveform-1789700766381-28 D5 FIRST_FRAME state=FIRST_FRAME_RECEIVED attempts=1 streak=1
[2026-09-18T03:08:00.206Z] batch=field-waveform-1789700766381-28 D5 FIRST_VALID_SAMPLE state=FIRST_FRAME_RECEIVED attempts=1 streak=1
[2026-09-18T03:08:00.424Z] batch=field-waveform-1789700766381-28 D6 CHANNEL_SYNC_OK state=TEST_READY attempts=1 streak=5
[2026-09-18T03:08:00.425Z] batch=field-waveform-1789700766381-28 D6 TEST_READY state=TEST_READY attempts=1 streak=5
[2026-09-18T03:08:00.505Z] batch=field-waveform-1789700766381-28 D1 CHANNEL_SYNC_OK state=TEST_READY attempts=1 streak=5
[2026-09-18T03:08:00.506Z] batch=field-waveform-1789700766381-28 D1 TEST_READY state=TEST_READY attempts=1 streak=5
[2026-09-18T03:08:00.509Z] batch=field-waveform-1789700766381-28 D5 CHANNEL_SYNC_OK state=TEST_READY attempts=1 streak=5
[2026-09-18T03:08:00.510Z] batch=field-waveform-1789700766381-28 D5 TEST_READY state=TEST_READY attempts=1 streak=5
[2026-09-18T03:08:00.513Z] batch=field-waveform-1789700766381-28 D2 CHANNEL_SYNC_OK state=TEST_READY attempts=1 streak=5
[2026-09-18T03:08:00.513Z] batch=field-waveform-1789700766381-28 D2 TEST_READY state=TEST_READY attempts=1 streak=5
[2026-09-18T03:08:44.706Z] batch=field-waveform-1789700766381-28 D3 MODE_SWITCH_START state=MODE_SWITCHING attempts=1 streak=0 attempt=1
[2026-09-18T03:08:44.708Z] batch=field-waveform-1789700766381-28 D3 MODE_SWITCH_OK state=MODE_SWITCH_OK attempts=1 streak=0
[2026-09-18T03:08:44.714Z] batch=field-waveform-1789700766381-28 D6 MODE_SWITCH_START state=MODE_SWITCHING attempts=1 streak=0 attempt=1
[2026-09-18T03:08:44.715Z] batch=field-waveform-1789700766381-28 D6 MODE_SWITCH_OK state=MODE_SWITCH_OK attempts=1 streak=0
[2026-09-18T03:08:44.721Z] batch=field-waveform-1789700766381-28 D5 MODE_SWITCH_START state=MODE_SWITCHING attempts=1 streak=0 attempt=1
[2026-09-18T03:08:44.723Z] batch=field-waveform-1789700766381-28 D5 MODE_SWITCH_OK state=MODE_SWITCH_OK attempts=1 streak=0
[2026-09-18T03:08:44.729Z] batch=field-waveform-1789700766381-28 D2 MODE_SWITCH_START state=MODE_SWITCHING attempts=1 streak=0 attempt=1
[2026-09-18T03:08:44.730Z] batch=field-waveform-1789700766381-28 D2 MODE_SWITCH_OK state=MODE_SWITCH_OK attempts=1 streak=0
[2026-09-18T03:08:44.735Z] batch=field-waveform-1789700766381-28 D4 MODE_SWITCH_START state=MODE_SWITCHING attempts=1 streak=0 attempt=1
[2026-09-18T03:08:44.736Z] batch=field-waveform-1789700766381-28 D4 MODE_SWITCH_OK state=MODE_SWITCH_OK attempts=1 streak=0
[2026-09-18T03:08:45.074Z] batch=field-waveform-1789700766381-28 D1 MODE_SWITCH_START state=MODE_SWITCHING attempts=1 streak=0 attempt=1
[2026-09-18T03:08:45.076Z] batch=field-waveform-1789700766381-28 D1 MODE_SWITCH_OK state=MODE_SWITCH_OK attempts=1 streak=0
[2026-09-18T03:08:54.807Z] batch=field-waveform-1789700766381-28 D3 MODE_SWITCH_START state=MODE_SWITCHING attempts=1 streak=0 attempt=1
[2026-09-18T03:08:54.810Z] batch=field-waveform-1789700766381-28 D3 MODE_SWITCH_OK state=MODE_SWITCH_OK attempts=1 streak=0
[2026-09-18T03:08:54.815Z] batch=field-waveform-1789700766381-28 D6 MODE_SWITCH_START state=MODE_SWITCHING attempts=1 streak=0 attempt=1
[2026-09-18T03:08:54.817Z] batch=field-waveform-1789700766381-28 D6 MODE_SWITCH_OK state=MODE_SWITCH_OK attempts=1 streak=0
[2026-09-18T03:08:54.824Z] batch=field-waveform-1789700766381-28 D5 MODE_SWITCH_START state=MODE_SWITCHING attempts=1 streak=0 attempt=1
[2026-09-18T03:08:54.825Z] batch=field-waveform-1789700766381-28 D5 MODE_SWITCH_OK state=MODE_SWITCH_OK attempts=1 streak=0
[2026-09-18T03:08:54.830Z] batch=field-waveform-1789700766381-28 D2 MODE_SWITCH_START state=MODE_SWITCHING attempts=1 streak=0 attempt=1
[2026-09-18T03:08:54.830Z] batch=field-waveform-1789700766381-28 D2 MODE_SWITCH_OK state=MODE_SWITCH_OK attempts=1 streak=0
[2026-09-18T03:08:54.835Z] batch=field-waveform-1789700766381-28 D4 MODE_SWITCH_START state=MODE_SWITCHING attempts=1 streak=0 attempt=1
[2026-09-18T03:08:54.835Z] batch=field-waveform-1789700766381-28 D4 MODE_SWITCH_OK state=MODE_SWITCH_OK attempts=1 streak=0
[2026-09-18T03:08:55.191Z] batch=field-waveform-1789700766381-28 D1 MODE_SWITCH_START state=MODE_SWITCHING attempts=1 streak=0 attempt=1
[2026-09-18T03:08:55.199Z] batch=field-waveform-1789700766381-28 D1 MODE_SWITCH_OK state=MODE_SWITCH_OK attempts=1 streak=0
[2026-09-18T03:08:55.937Z] batch=field-waveform-1789700935936-29 D1 MODE_SWITCH_START state=MODE_SWITCHING attempts=1 streak=0 attempt=1
[2026-09-18T03:08:55.938Z] batch=field-waveform-1789700935936-29 D2 MODE_SWITCH_START state=MODE_SWITCHING attempts=1 streak=0 attempt=1
[2026-09-18T03:08:55.938Z] batch=field-waveform-1789700935936-29 D3 MODE_SWITCH_START state=MODE_SWITCHING attempts=1 streak=0 attempt=1
[2026-09-18T03:08:55.939Z] batch=field-waveform-1789700935936-29 D4 MODE_SWITCH_START state=MODE_SWITCHING attempts=1 streak=0 attempt=1
[2026-09-18T03:08:55.940Z] batch=field-waveform-1789700935936-29 D5 MODE_SWITCH_START state=MODE_SWITCHING attempts=1 streak=0 attempt=1
[2026-09-18T03:08:55.940Z] batch=field-waveform-1789700935936-29 D6 MODE_SWITCH_START state=MODE_SWITCHING attempts=1 streak=0 attempt=1
[2026-09-18T03:08:55.943Z] batch=field-waveform-1789700935936-29 D1 MODE_SWITCH_OK state=MODE_SWITCH_OK attempts=1 streak=0
[2026-09-18T03:08:55.944Z] batch=field-waveform-1789700935936-29 D2 MODE_SWITCH_OK state=MODE_SWITCH_OK attempts=1 streak=0
[2026-09-18T03:08:55.944Z] batch=field-waveform-1789700935936-29 D3 MODE_SWITCH_OK state=MODE_SWITCH_OK attempts=1 streak=0
[2026-09-18T03:08:55.945Z] batch=field-waveform-1789700935936-29 D4 MODE_SWITCH_OK state=MODE_SWITCH_OK attempts=1 streak=0
[2026-09-18T03:08:55.945Z] batch=field-waveform-1789700935936-29 D5 MODE_SWITCH_OK state=MODE_SWITCH_OK attempts=1 streak=0
[2026-09-18T03:08:55.946Z] batch=field-waveform-1789700935936-29 D6 MODE_SWITCH_OK state=MODE_SWITCH_OK attempts=1 streak=0
[2026-09-18T03:09:04.814Z] batch=field-waveform-1789700935936-29 D3 MODE_SWITCH_START state=MODE_SWITCHING attempts=1 streak=0 attempt=1
[2026-09-18T03:09:04.818Z] batch=field-waveform-1789700935936-29 D3 MODE_SWITCH_OK state=MODE_SWITCH_OK attempts=1 streak=0
[2026-09-18T03:09:04.819Z] batch=field-waveform-1789700935936-29 D6 MODE_SWITCH_START state=MODE_SWITCHING attempts=1 streak=0 attempt=1
[2026-09-18T03:09:04.820Z] batch=field-waveform-1789700935936-29 D6 MODE_SWITCH_OK state=MODE_SWITCH_OK attempts=1 streak=0
[2026-09-18T03:09:04.830Z] batch=field-waveform-1789700935936-29 D5 MODE_SWITCH_START state=MODE_SWITCHING attempts=1 streak=0 attempt=1
[2026-09-18T03:09:04.830Z] batch=field-waveform-1789700935936-29 D5 MODE_SWITCH_OK state=MODE_SWITCH_OK attempts=1 streak=0
[2026-09-18T03:09:04.831Z] batch=field-waveform-1789700935936-29 D2 MODE_SWITCH_START state=MODE_SWITCHING attempts=1 streak=0 attempt=1
[2026-09-18T03:09:04.833Z] batch=field-waveform-1789700935936-29 D2 MODE_SWITCH_OK state=MODE_SWITCH_OK attempts=1 streak=0
[2026-09-18T03:09:04.846Z] batch=field-waveform-1789700935936-29 D4 MODE_SWITCH_START state=MODE_SWITCHING attempts=1 streak=0 attempt=1
[2026-09-18T03:09:04.847Z] batch=field-waveform-1789700935936-29 D4 MODE_SWITCH_OK state=MODE_SWITCH_OK attempts=1 streak=0
[2026-09-18T03:09:05.212Z] batch=field-waveform-1789700935936-29 D1 MODE_SWITCH_START state=MODE_SWITCHING attempts=1 streak=0 attempt=1
[2026-09-18T03:09:05.217Z] batch=field-waveform-1789700935936-29 D1 MODE_SWITCH_OK state=MODE_SWITCH_OK attempts=1 streak=0
