[2026-09-10T07:06:31.217Z] batch=field-waveform-1789023830289-19 D4 MODE_SWITCH_START state=MODE_SWITCHING attempts=1 streak=0 attempt=1
[2026-09-10T07:06:31.239Z] batch=field-waveform-1789023830289-19 D4 MODE_SWITCH_OK state=MODE_SWITCH_OK attempts=1 streak=0
[2026-09-10T07:06:31.556Z] batch=field-waveform-1789023830289-19 D1 MODE_SWITCH_START state=MODE_SWITCHING attempts=1 streak=0 attempt=1
[2026-09-10T07:06:31.565Z] batch=field-waveform-1789023830289-19 D1 MODE_SWITCH_OK state=MODE_SWITCH_OK attempts=1 streak=0
[2026-09-10T07:06:31.574Z] batch=field-waveform-1789023830289-19 D5 MODE_SWITCH_START state=MODE_SWITCHING attempts=1 streak=0 attempt=1
[2026-09-10T07:06:31.578Z] batch=field-waveform-1789023830289-19 D5 MODE_SWITCH_OK state=MODE_SWITCH_OK attempts=1 streak=0
[2026-09-10T07:06:31.590Z] batch=field-waveform-1789023830289-19 D6 MODE_SWITCH_START state=MODE_SWITCHING attempts=1 streak=0 attempt=1
[2026-09-10T07:06:31.593Z] batch=field-waveform-1789023830289-19 D6 MODE_SWITCH_OK state=MODE_SWITCH_OK attempts=1 streak=0
[2026-09-10T07:06:31.600Z] batch=field-waveform-1789023830289-19 D3 MODE_SWITCH_START state=MODE_SWITCHING attempts=1 streak=0 attempt=1
[2026-09-10T07:06:31.603Z] batch=field-waveform-1789023830289-19 D3 MODE_SWITCH_OK state=MODE_SWITCH_OK attempts=1 streak=0
[2026-09-10T07:06:31.612Z] batch=field-waveform-1789023830289-19 D2 MODE_SWITCH_START state=MODE_SWITCHING attempts=1 streak=0 attempt=1
[2026-09-10T07:06:31.614Z] batch=field-waveform-1789023830289-19 D2 MODE_SWITCH_OK state=MODE_SWITCH_OK attempts=1 streak=0
[2026-09-10T07:06:41.368Z] batch=field-waveform-1789023830289-19 D4 MODE_SWITCH_START state=MODE_SWITCHING attempts=1 streak=0 attempt=1
[2026-09-10T07:06:41.376Z] batch=field-waveform-1789023830289-19 D4 MODE_SWITCH_OK state=MODE_SWITCH_OK attempts=1 streak=0
[2026-09-10T07:06:41.637Z] batch=field-waveform-1789023830289-19 D1 MODE_SWITCH_START state=MODE_SWITCHING attempts=1 streak=0 attempt=1
[2026-09-10T07:06:41.639Z] batch=field-waveform-1789023830289-19 D1 MODE_SWITCH_OK state=MODE_SWITCH_OK attempts=1 streak=0
[2026-09-10T07:06:41.656Z] batch=field-waveform-1789023830289-19 D5 MODE_SWITCH_START state=MODE_SWITCHING attempts=1 streak=0 attempt=1
[2026-09-10T07:06:41.659Z] batch=field-waveform-1789023830289-19 D5 MODE_SWITCH_OK state=MODE_SWITCH_OK attempts=1 streak=0
[2026-09-10T07:06:41.675Z] batch=field-waveform-1789023830289-19 D6 MODE_SWITCH_START state=MODE_SWITCHING attempts=1 streak=0 attempt=1
[2026-09-10T07:06:41.677Z] batch=field-waveform-1789023830289-19 D6 MODE_SWITCH_OK state=MODE_SWITCH_OK attempts=1 streak=0
[2026-09-10T07:06:41.686Z] batch=field-waveform-1789023830289-19 D3 MODE_SWITCH_START state=MODE_SWITCHING attempts=1 streak=0 attempt=1
[2026-09-10T07:06:41.687Z] batch=field-waveform-1789023830289-19 D3 MODE_SWITCH_OK state=MODE_SWITCH_OK attempts=1 streak=0
[2026-09-10T07:06:41.695Z] batch=field-waveform-1789023830289-19 D2 MODE_SWITCH_START state=MODE_SWITCHING attempts=1 streak=0 attempt=1
[2026-09-10T07:06:41.703Z] batch=field-waveform-1789023830289-19 D2 MODE_SWITCH_OK state=MODE_SWITCH_OK attempts=1 streak=0
[2026-09-10T07:06:51.711Z] batch=field-waveform-1789023830289-19 D4 MODE_SWITCH_START state=MODE_SWITCHING attempts=1 streak=0 attempt=1
[2026-09-10T07:06:51.721Z] batch=field-waveform-1789023830289-19 D4 MODE_SWITCH_OK state=MODE_SWITCH_OK attempts=1 streak=0
[2026-09-10T07:06:51.729Z] batch=field-waveform-1789023830289-19 D1 MODE_SWITCH_START state=MODE_SWITCHING attempts=1 streak=0 attempt=1
[2026-09-10T07:06:51.731Z] batch=field-waveform-1789023830289-19 D1 MODE_SWITCH_OK state=MODE_SWITCH_OK attempts=1 streak=0
[2026-09-10T07:06:51.739Z] batch=field-waveform-1789023830289-19 D5 MODE_SWITCH_START state=MODE_SWITCHING attempts=1 streak=0 attempt=1
[2026-09-10T07:06:51.743Z] batch=field-waveform-1789023830289-19 D5 MODE_SWITCH_OK state=MODE_SWITCH_OK attempts=1 streak=0
[2026-09-10T07:06:51.751Z] batch=field-waveform-1789023830289-19 D6 MODE_SWITCH_START state=MODE_SWITCHING attempts=1 streak=0 attempt=1
[2026-09-10T07:06:51.752Z] batch=field-waveform-1789023830289-19 D6 MODE_SWITCH_OK state=MODE_SWITCH_OK attempts=1 streak=0
[2026-09-10T07:06:51.762Z] batch=field-waveform-1789023830289-19 D3 MODE_SWITCH_START state=MODE_SWITCHING attempts=1 streak=0 attempt=1
[2026-09-10T07:06:51.773Z] batch=field-waveform-1789023830289-19 D3 MODE_SWITCH_OK state=MODE_SWITCH_OK attempts=1 streak=0
[2026-09-10T07:06:51.781Z] batch=field-waveform-1789023830289-19 D2 MODE_SWITCH_START state=MODE_SWITCHING attempts=1 streak=0 attempt=1
[2026-09-10T07:06:51.783Z] batch=field-waveform-1789023830289-19 D2 MODE_SWITCH_OK state=MODE_SWITCH_OK attempts=1 streak=0
[2026-09-10T07:07:00.971Z] batch=field-waveform-1789024020970-20 D1 MODE_SWITCH_START state=MODE_SWITCHING attempts=1 streak=0 attempt=1
[2026-09-10T07:07:00.986Z] batch=field-waveform-1789024020970-20 D2 MODE_SWITCH_START state=MODE_SWITCHING attempts=1 streak=0 attempt=1
[2026-09-10T07:07:00.996Z] batch=field-waveform-1789024020970-20 D3 MODE_SWITCH_START state=MODE_SWITCHING attempts=1 streak=0 attempt=1
[2026-09-10T07:07:00.997Z] batch=field-waveform-1789024020970-20 D4 MODE_SWITCH_START state=MODE_SWITCHING attempts=1 streak=0 attempt=1
[2026-09-10T07:07:01.006Z] batch=field-waveform-1789024020970-20 D5 MODE_SWITCH_START state=MODE_SWITCHING attempts=1 streak=0 attempt=1
[2026-09-10T07:07:01.007Z] batch=field-waveform-1789024020970-20 D6 MODE_SWITCH_START state=MODE_SWITCHING attempts=1 streak=0 attempt=1
[2026-09-10T07:07:01.012Z] batch=field-waveform-1789024020970-20 D1 MODE_SWITCH_OK state=MODE_SWITCH_OK attempts=1 streak=0
[2026-09-10T07:07:01.013Z] batch=field-waveform-1789024020970-20 D2 MODE_SWITCH_OK state=MODE_SWITCH_OK attempts=1 streak=0
[2026-09-10T07:07:01.014Z] batch=field-waveform-1789024020970-20 D3 MODE_SWITCH_OK state=MODE_SWITCH_OK attempts=1 streak=0
[2026-09-10T07:07:01.015Z] batch=field-waveform-1789024020970-20 D4 MODE_SWITCH_OK state=MODE_SWITCH_OK attempts=1 streak=0
[2026-09-10T07:07:01.016Z] batch=field-waveform-1789024020970-20 D5 MODE_SWITCH_OK state=MODE_SWITCH_OK attempts=1 streak=0
[2026-09-10T07:07:01.017Z] batch=field-waveform-1789024020970-20 D6 MODE_SWITCH_OK state=MODE_SWITCH_OK attempts=1 streak=0
[2026-09-10T07:07:01.736Z] batch=field-waveform-1789024020970-20 D4 MODE_SWITCH_START state=MODE_SWITCHING attempts=1 streak=0 attempt=1
[2026-09-10T07:07:01.740Z] batch=field-waveform-1789024020970-20 D4 MODE_SWITCH_OK state=MODE_SWITCH_OK attempts=1 streak=0
[2026-09-10T07:07:01.741Z] batch=field-waveform-1789024020970-20 D1 MODE_SWITCH_START state=MODE_SWITCHING attempts=1 streak=0 attempt=1
[2026-09-10T07:07:01.743Z] batch=field-waveform-1789024020970-20 D1 MODE_SWITCH_OK state=MODE_SWITCH_OK attempts=1 streak=0
[2026-09-10T07:07:01.749Z] batch=field-waveform-1789024020970-20 D5 MODE_SWITCH_START state=MODE_SWITCHING attempts=1 streak=0 attempt=1
[2026-09-10T07:07:01.751Z] batch=field-waveform-1789024020970-20 D5 MODE_SWITCH_OK state=MODE_SWITCH_OK attempts=1 streak=0
[2026-09-10T07:07:01.753Z] batch=field-waveform-1789024020970-20 D6 MODE_SWITCH_START state=MODE_SWITCHING attempts=1 streak=0 attempt=1
[2026-09-10T07:07:01.754Z] batch=field-waveform-1789024020970-20 D6 MODE_SWITCH_OK state=MODE_SWITCH_OK attempts=1 streak=0
[2026-09-10T07:07:01.783Z] batch=field-waveform-1789024020970-20 D3 MODE_SWITCH_START state=MODE_SWITCHING attempts=1 streak=0 attempt=1
[2026-09-10T07:07:01.786Z] batch=field-waveform-1789024020970-20 D3 MODE_SWITCH_OK state=MODE_SWITCH_OK attempts=1 streak=0
[2026-09-10T07:07:01.787Z] batch=field-waveform-1789024020970-20 D2 MODE_SWITCH_START state=MODE_SWITCHING attempts=1 streak=0 attempt=1
[2026-09-10T07:07:01.790Z] batch=field-waveform-1789024020970-20 D2 MODE_SWITCH_OK state=MODE_SWITCH_OK attempts=1 streak=0
[2026-09-10T07:07:11.755Z] batch=field-waveform-1789024020970-20 D4 MODE_SWITCH_START state=MODE_SWITCHING attempts=1 streak=0 attempt=1
[2026-09-10T07:07:11.770Z] batch=field-waveform-1789024020970-20 D4 MODE_SWITCH_OK state=MODE_SWITCH_OK attempts=1 streak=0
[2026-09-10T07:07:11.771Z] batch=field-waveform-1789024020970-20 D1 MODE_SWITCH_START state=MODE_SWITCHING attempts=1 streak=0 attempt=1
[2026-09-10T07:07:11.779Z] batch=field-waveform-1789024020970-20 D1 MODE_SWITCH_OK state=MODE_SWITCH_OK attempts=1 streak=0
[2026-09-10T07:07:11.780Z] batch=field-waveform-1789024020970-20 D5 MODE_SWITCH_START state=MODE_SWITCHING attempts=1 streak=0 attempt=1
[2026-09-10T07:07:11.791Z] batch=field-waveform-1789024020970-20 D5 MODE_SWITCH_OK state=MODE_SWITCH_OK attempts=1 streak=0
[2026-09-10T07:07:11.792Z] batch=field-waveform-1789024020970-20 D6 MODE_SWITCH_START state=MODE_SWITCHING attempts=1 streak=0 attempt=1
[2026-09-10T07:07:11.803Z] batch=field-waveform-1789024020970-20 D6 MODE_SWITCH_OK state=MODE_SWITCH_OK attempts=1 streak=0
[2026-09-10T07:07:11.805Z] batch=field-waveform-1789024020970-20 D3 MODE_SWITCH_START state=MODE_SWITCHING attempts=1 streak=0 attempt=1
[2026-09-10T07:07:11.807Z] batch=field-waveform-1789024020970-20 D3 MODE_SWITCH_OK state=MODE_SWITCH_OK attempts=1 streak=0
[2026-09-10T07:07:11.808Z] batch=field-waveform-1789024020970-20 D2 MODE_SWITCH_START state=MODE_SWITCHING attempts=1 streak=0 attempt=1
[2026-09-10T07:07:11.809Z] batch=field-waveform-1789024020970-20 D2 MODE_SWITCH_OK state=MODE_SWITCH_OK attempts=1 streak=0
[2026-09-10T07:07:21.780Z] batch=field-waveform-1789024020970-20 D4 MODE_SWITCH_START state=MODE_SWITCHING attempts=1 streak=0 attempt=1
[2026-09-10T07:07:21.784Z] batch=field-waveform-1789024020970-20 D4 MODE_SWITCH_OK state=MODE_SWITCH_OK attempts=1 streak=0
[2026-09-10T07:07:21.786Z] batch=field-waveform-1789024020970-20 D1 MODE_SWITCH_START state=MODE_SWITCHING attempts=1 streak=0 attempt=1
[2026-09-10T07:07:21.787Z] batch=field-waveform-1789024020970-20 D1 MODE_SWITCH_OK state=MODE_SWITCH_OK attempts=1 streak=0
[2026-09-10T07:07:21.791Z] batch=field-waveform-1789024020970-20 D5 MODE_SWITCH_START state=MODE_SWITCHING attempts=1 streak=0 attempt=1
[2026-09-10T07:07:21.797Z] batch=field-waveform-1789024020970-20 D5 MODE_SWITCH_OK state=MODE_SWITCH_OK attempts=1 streak=0
[2026-09-10T07:07:21.826Z] batch=field-waveform-1789024020970-20 D6 MODE_SWITCH_START state=MODE_SWITCHING attempts=1 streak=0 attempt=1
[2026-09-10T07:07:21.828Z] batch=field-waveform-1789024020970-20 D6 MODE_SWITCH_OK state=MODE_SWITCH_OK attempts=1 streak=0
[2026-09-10T07:07:21.829Z] batch=field-waveform-1789024020970-20 D3 MODE_SWITCH_START state=MODE_SWITCHING attempts=1 streak=0 attempt=1
[2026-09-10T07:07:21.830Z] batch=field-waveform-1789024020970-20 D3 MODE_SWITCH_OK state=MODE_SWITCH_OK attempts=1 streak=0
[2026-09-10T07:07:21.831Z] batch=field-waveform-1789024020970-20 D2 MODE_SWITCH_START state=MODE_SWITCHING attempts=1 streak=0 attempt=1
[2026-09-10T07:07:21.832Z] batch=field-waveform-1789024020970-20 D2 MODE_SWITCH_OK state=MODE_SWITCH_OK attempts=1 streak=0
[2026-09-10T07:07:31.789Z] batch=field-waveform-1789024020970-20 D4 MODE_SWITCH_START state=MODE_SWITCHING attempts=1 streak=0 attempt=1
[2026-09-10T07:07:31.812Z] batch=field-waveform-1789024020970-20 D4 MODE_SWITCH_OK state=MODE_SWITCH_OK attempts=1 streak=0
[2026-09-10T07:07:31.815Z] batch=field-waveform-1789024020970-20 D1 MODE_SWITCH_START state=MODE_SWITCHING attempts=1 streak=0 attempt=1
[2026-09-10T07:07:31.824Z] batch=field-waveform-1789024020970-20 D1 MODE_SWITCH_OK state=MODE_SWITCH_OK attempts=1 streak=0
[2026-09-10T07:07:31.825Z] batch=field-waveform-1789024020970-20 D5 MODE_SWITCH_START state=MODE_SWITCHING attempts=1 streak=0 attempt=1
[2026-09-10T07:07:31.828Z] batch=field-waveform-1789024020970-20 D5 MODE_SWITCH_OK state=MODE_SWITCH_OK attempts=1 streak=0
[2026-09-10T07:07:31.830Z] batch=field-waveform-1789024020970-20 D6 MODE_SWITCH_START state=MODE_SWITCHING attempts=1 streak=0 attempt=1
[2026-09-10T07:07:31.842Z] batch=field-waveform-1789024020970-20 D6 MODE_SWITCH_OK state=MODE_SWITCH_OK attempts=1 streak=0
[2026-09-10T07:07:31.843Z] batch=field-waveform-1789024020970-20 D3 MODE_SWITCH_START state=MODE_SWITCHING attempts=1 streak=0 attempt=1
[2026-09-10T07:07:31.845Z] batch=field-waveform-1789024020970-20 D3 MODE_SWITCH_OK state=MODE_SWITCH_OK attempts=1 streak=0
[2026-09-10T07:07:31.846Z] batch=field-waveform-1789024020970-20 D2 MODE_SWITCH_START state=MODE_SWITCHING attempts=1 streak=0 attempt=1
[2026-09-10T07:07:31.847Z] batch=field-waveform-1789024020970-20 D2 MODE_SWITCH_OK state=MODE_SWITCH_OK attempts=1 streak=0
[2026-09-10T07:07:41.836Z] batch=field-waveform-1789024020970-20 D4 MODE_SWITCH_START state=MODE_SWITCHING attempts=1 streak=0 attempt=1
[2026-09-10T07:07:41.847Z] batch=field-waveform-1789024020970-20 D4 MODE_SWITCH_OK state=MODE_SWITCH_OK attempts=1 streak=0
[2026-09-10T07:07:41.848Z] batch=field-waveform-1789024020970-20 D1 MODE_SWITCH_START state=MODE_SWITCHING attempts=1 streak=0 attempt=1
[2026-09-10T07:07:41.849Z] batch=field-waveform-1789024020970-20 D1 MODE_SWITCH_OK state=MODE_SWITCH_OK attempts=1 streak=0
[2026-09-10T07:07:41.850Z] batch=field-waveform-1789024020970-20 D5 MODE_SWITCH_START state=MODE_SWITCHING attempts=1 streak=0 attempt=1
[2026-09-10T07:07:41.851Z] batch=field-waveform-1789024020970-20 D5 MODE_SWITCH_OK state=MODE_SWITCH_OK attempts=1 streak=0
[2026-09-10T07:07:41.851Z] batch=field-waveform-1789024020970-20 D6 MODE_SWITCH_START state=MODE_SWITCHING attempts=1 streak=0 attempt=1
[2026-09-10T07:07:41.852Z] batch=field-waveform-1789024020970-20 D6 MODE_SWITCH_OK state=MODE_SWITCH_OK attempts=1 streak=0
[2026-09-10T07:07:41.853Z] batch=field-waveform-1789024020970-20 D3 MODE_SWITCH_START state=MODE_SWITCHING attempts=1 streak=0 attempt=1
[2026-09-10T07:07:41.854Z] batch=field-waveform-1789024020970-20 D3 MODE_SWITCH_OK state=MODE_SWITCH_OK attempts=1 streak=0
[2026-09-10T07:07:41.854Z] batch=field-waveform-1789024020970-20 D2 MODE_SWITCH_START state=MODE_SWITCHING attempts=1 streak=0 attempt=1
[2026-09-10T07:07:41.855Z] batch=field-waveform-1789024020970-20 D2 MODE_SWITCH_OK state=MODE_SWITCH_OK attempts=1 streak=0
[2026-09-10T07:07:46.929Z] batch=field-waveform-1789024020970-20 D1 FIRST_FRAME state=FIRST_FRAME_RECEIVED attempts=1 streak=1
[2026-09-10T07:07:46.929Z] batch=field-waveform-1789024020970-20 D1 FIRST_VALID_SAMPLE state=FIRST_FRAME_RECEIVED attempts=1 streak=1
[2026-09-10T07:07:46.931Z] batch=field-waveform-1789024020970-20 D3 FIRST_FRAME state=FIRST_FRAME_RECEIVED attempts=1 streak=1
[2026-09-10T07:07:46.931Z] batch=field-waveform-1789024020970-20 D3 FIRST_VALID_SAMPLE state=FIRST_FRAME_RECEIVED attempts=1 streak=1
[2026-09-10T07:07:46.932Z] batch=field-waveform-1789024020970-20 D5 FIRST_FRAME state=FIRST_FRAME_RECEIVED attempts=1 streak=1
[2026-09-10T07:07:46.932Z] batch=field-waveform-1789024020970-20 D5 FIRST_VALID_SAMPLE state=FIRST_FRAME_RECEIVED attempts=1 streak=1
[2026-09-10T07:07:46.933Z] batch=field-waveform-1789024020970-20 D2 FIRST_FRAME state=FIRST_FRAME_RECEIVED attempts=1 streak=1
[2026-09-10T07:07:46.933Z] batch=field-waveform-1789024020970-20 D2 FIRST_VALID_SAMPLE state=FIRST_FRAME_RECEIVED attempts=1 streak=1
[2026-09-10T07:07:46.936Z] batch=field-waveform-1789024020970-20 D6 FIRST_FRAME state=FIRST_FRAME_RECEIVED attempts=1 streak=1
[2026-09-10T07:07:46.936Z] batch=field-waveform-1789024020970-20 D6 FIRST_VALID_SAMPLE state=FIRST_FRAME_RECEIVED attempts=1 streak=1
[2026-09-10T07:07:46.938Z] batch=field-waveform-1789024020970-20 D4 FIRST_FRAME state=FIRST_FRAME_RECEIVED attempts=1 streak=1
[2026-09-10T07:07:46.938Z] batch=field-waveform-1789024020970-20 D4 FIRST_VALID_SAMPLE state=FIRST_FRAME_RECEIVED attempts=1 streak=1
[2026-09-10T07:07:47.162Z] batch=field-waveform-1789024020970-20 D2 CHANNEL_SYNC_OK state=TEST_READY attempts=1 streak=5
[2026-09-10T07:07:47.162Z] batch=field-waveform-1789024020970-20 D2 TEST_READY state=TEST_READY attempts=1 streak=5
[2026-09-10T07:07:47.173Z] batch=field-waveform-1789024020970-20 D1 CHANNEL_SYNC_OK state=TEST_READY attempts=1 streak=5
[2026-09-10T07:07:47.173Z] batch=field-waveform-1789024020970-20 D1 TEST_READY state=TEST_READY attempts=1 streak=5
[2026-09-10T07:07:47.176Z] batch=field-waveform-1789024020970-20 D3 CHANNEL_SYNC_OK state=TEST_READY attempts=1 streak=5
[2026-09-10T07:07:47.176Z] batch=field-waveform-1789024020970-20 D3 TEST_READY state=TEST_READY attempts=1 streak=5
[2026-09-10T07:07:47.178Z] batch=field-waveform-1789024020970-20 D5 CHANNEL_SYNC_OK state=TEST_READY attempts=1 streak=5
[2026-09-10T07:07:47.179Z] batch=field-waveform-1789024020970-20 D5 TEST_READY state=TEST_READY attempts=1 streak=5
[2026-09-10T07:07:47.198Z] batch=field-waveform-1789024020970-20 D4 CHANNEL_SYNC_OK state=TEST_READY attempts=1 streak=5
[2026-09-10T07:07:47.198Z] batch=field-waveform-1789024020970-20 D4 TEST_READY state=TEST_READY attempts=1 streak=5
[2026-09-10T07:07:47.234Z] batch=field-waveform-1789024020970-20 D6 CHANNEL_SYNC_OK state=TEST_READY attempts=1 streak=5
[2026-09-10T07:07:47.234Z] batch=field-waveform-1789024020970-20 D6 TEST_READY state=TEST_READY attempts=1 streak=5
[2026-09-10T07:08:41.657Z] batch=field-waveform-1789024020970-20 D1 MODE_SWITCH_START state=MODE_SWITCHING attempts=1 streak=0 attempt=1
[2026-09-10T07:08:41.668Z] batch=field-waveform-1789024020970-20 D1 MODE_SWITCH_OK state=MODE_SWITCH_OK attempts=1 streak=0
[2026-09-10T07:08:41.675Z] batch=field-waveform-1789024020970-20 D3 MODE_SWITCH_START state=MODE_SWITCHING attempts=1 streak=0 attempt=1
[2026-09-10T07:08:41.676Z] batch=field-waveform-1789024020970-20 D3 MODE_SWITCH_OK state=MODE_SWITCH_OK attempts=1 streak=0
[2026-09-10T07:08:41.760Z] batch=field-waveform-1789024020970-20 D2 MODE_SWITCH_START state=MODE_SWITCHING attempts=1 streak=0 attempt=1
[2026-09-10T07:08:41.772Z] batch=field-waveform-1789024020970-20 D2 MODE_SWITCH_OK state=MODE_SWITCH_OK attempts=1 streak=0
[2026-09-10T07:08:51.755Z] batch=field-waveform-1789024020970-20 D4 MODE_SWITCH_START state=MODE_SWITCHING attempts=1 streak=0 attempt=1
[2026-09-10T07:08:51.760Z] batch=field-waveform-1789024020970-20 D4 MODE_SWITCH_OK state=MODE_SWITCH_OK attempts=1 streak=0
[2026-09-10T07:08:51.766Z] batch=field-waveform-1789024020970-20 D1 MODE_SWITCH_START state=MODE_SWITCHING attempts=1 streak=0 attempt=1
[2026-09-10T07:08:51.770Z] batch=field-waveform-1789024020970-20 D1 MODE_SWITCH_OK state=MODE_SWITCH_OK attempts=1 streak=0
[2026-09-10T07:08:51.776Z] batch=field-waveform-1789024020970-20 D3 MODE_SWITCH_START state=MODE_SWITCHING attempts=1 streak=0 attempt=1
[2026-09-10T07:08:51.787Z] batch=field-waveform-1789024020970-20 D3 MODE_SWITCH_OK state=MODE_SWITCH_OK attempts=1 streak=0
[2026-09-10T07:08:51.803Z] batch=field-waveform-1789024020970-20 D5 MODE_SWITCH_START state=MODE_SWITCHING attempts=1 streak=0 attempt=1
[2026-09-10T07:08:51.812Z] batch=field-waveform-1789024020970-20 D5 MODE_SWITCH_OK state=MODE_SWITCH_OK attempts=1 streak=0
[2026-09-10T07:08:51.828Z] batch=field-waveform-1789024020970-20 D6 MODE_SWITCH_START state=MODE_SWITCHING attempts=1 streak=0 attempt=1
[2026-09-10T07:08:51.843Z] batch=field-waveform-1789024020970-20 D6 MODE_SWITCH_OK state=MODE_SWITCH_OK attempts=1 streak=0
[2026-09-10T07:08:51.858Z] batch=field-waveform-1789024020970-20 D2 MODE_SWITCH_START state=MODE_SWITCHING attempts=1 streak=0 attempt=1
[2026-09-10T07:08:51.859Z] batch=field-waveform-1789024020970-20 D2 MODE_SWITCH_OK state=MODE_SWITCH_OK attempts=1 streak=0
[2026-09-10T07:08:56.891Z] batch=field-waveform-1789024020970-20 D4 FIRST_FRAME state=FIRST_FRAME_RECEIVED attempts=1 streak=1
[2026-09-10T07:08:56.891Z] batch=field-waveform-1789024020970-20 D4 FIRST_VALID_SAMPLE state=FIRST_FRAME_RECEIVED attempts=1 streak=1
[2026-09-10T07:08:56.900Z] batch=field-waveform-1789024020970-20 D1 FIRST_FRAME state=FIRST_FRAME_RECEIVED attempts=1 streak=1
[2026-09-10T07:08:56.901Z] batch=field-waveform-1789024020970-20 D1 FIRST_VALID_SAMPLE state=FIRST_FRAME_RECEIVED attempts=1 streak=1
[2026-09-10T07:08:56.906Z] batch=field-waveform-1789024020970-20 D3 FIRST_FRAME state=FIRST_FRAME_RECEIVED attempts=1 streak=1
[2026-09-10T07:08:56.906Z] batch=field-waveform-1789024020970-20 D3 FIRST_VALID_SAMPLE state=FIRST_FRAME_RECEIVED attempts=1 streak=1
[2026-09-10T07:08:56.910Z] batch=field-waveform-1789024020970-20 D5 FIRST_FRAME state=FIRST_FRAME_RECEIVED attempts=1 streak=1
[2026-09-10T07:08:56.911Z] batch=field-waveform-1789024020970-20 D5 FIRST_VALID_SAMPLE state=FIRST_FRAME_RECEIVED attempts=1 streak=1
[2026-09-10T07:08:56.912Z] batch=field-waveform-1789024020970-20 D6 FIRST_FRAME state=FIRST_FRAME_RECEIVED attempts=1 streak=1
[2026-09-10T07:08:56.912Z] batch=field-waveform-1789024020970-20 D6 FIRST_VALID_SAMPLE state=FIRST_FRAME_RECEIVED attempts=1 streak=1
[2026-09-10T07:08:56.920Z] batch=field-waveform-1789024020970-20 D2 FIRST_FRAME state=FIRST_FRAME_RECEIVED attempts=1 streak=1
[2026-09-10T07:08:56.920Z] batch=field-waveform-1789024020970-20 D2 FIRST_VALID_SAMPLE state=FIRST_FRAME_RECEIVED attempts=1 streak=1
[2026-09-10T07:08:57.187Z] batch=field-waveform-1789024020970-20 D4 CHANNEL_SYNC_OK state=TEST_READY attempts=1 streak=5
[2026-09-10T07:08:57.187Z] batch=field-waveform-1789024020970-20 D4 TEST_READY state=TEST_READY attempts=1 streak=5
[2026-09-10T07:08:57.189Z] batch=field-waveform-1789024020970-20 D6 CHANNEL_SYNC_OK state=TEST_READY attempts=1 streak=5
[2026-09-10T07:08:57.190Z] batch=field-waveform-1789024020970-20 D6 TEST_READY state=TEST_READY attempts=1 streak=5
[2026-09-10T07:08:57.191Z] batch=field-waveform-1789024020970-20 D1 CHANNEL_SYNC_OK state=TEST_READY attempts=1 streak=5
[2026-09-10T07:08:57.191Z] batch=field-waveform-1789024020970-20 D1 TEST_READY state=TEST_READY attempts=1 streak=5
[2026-09-10T07:08:57.195Z] batch=field-waveform-1789024020970-20 D2 CHANNEL_SYNC_OK state=TEST_READY attempts=1 streak=5
[2026-09-10T07:08:57.195Z] batch=field-waveform-1789024020970-20 D2 TEST_READY state=TEST_READY attempts=1 streak=5
[2026-09-10T07:08:57.205Z] batch=field-waveform-1789024020970-20 D3 CHANNEL_SYNC_OK state=TEST_READY attempts=1 streak=5
[2026-09-10T07:08:57.206Z] batch=field-waveform-1789024020970-20 D3 TEST_READY state=TEST_READY attempts=1 streak=5
[2026-09-10T07:08:57.229Z] batch=field-waveform-1789024020970-20 D5 CHANNEL_SYNC_OK state=TEST_READY attempts=1 streak=5
[2026-09-10T07:08:57.230Z] batch=field-waveform-1789024020970-20 D5 TEST_READY state=TEST_READY attempts=1 streak=5
