[2026-09-14T10:06:28.587Z] batch=field-waveform-1789380229438-2 D3 MODE_SWITCH_START state=MODE_SWITCHING attempts=1 streak=0 attempt=1
[2026-09-14T10:06:28.589Z] batch=field-waveform-1789380229438-2 D3 MODE_SWITCH_OK state=MODE_SWITCH_OK attempts=1 streak=0
[2026-09-14T10:06:28.597Z] batch=field-waveform-1789380229438-2 D1 MODE_SWITCH_START state=MODE_SWITCHING attempts=1 streak=0 attempt=1
[2026-09-14T10:06:28.598Z] batch=field-waveform-1789380229438-2 D1 MODE_SWITCH_OK state=MODE_SWITCH_OK attempts=1 streak=0
[2026-09-14T10:06:28.605Z] batch=field-waveform-1789380229438-2 D4 MODE_SWITCH_START state=MODE_SWITCHING attempts=1 streak=0 attempt=1
[2026-09-14T10:06:28.606Z] batch=field-waveform-1789380229438-2 D4 MODE_SWITCH_OK state=MODE_SWITCH_OK attempts=1 streak=0
[2026-09-14T10:06:28.613Z] batch=field-waveform-1789380229438-2 D5 MODE_SWITCH_START state=MODE_SWITCHING attempts=1 streak=0 attempt=1
[2026-09-14T10:06:28.615Z] batch=field-waveform-1789380229438-2 D5 MODE_SWITCH_OK state=MODE_SWITCH_OK attempts=1 streak=0
[2026-09-14T10:06:28.620Z] batch=field-waveform-1789380229438-2 D2 MODE_SWITCH_START state=MODE_SWITCHING attempts=1 streak=0 attempt=1
[2026-09-14T10:06:28.621Z] batch=field-waveform-1789380229438-2 D2 MODE_SWITCH_OK state=MODE_SWITCH_OK attempts=1 streak=0
[2026-09-14T10:06:28.629Z] batch=field-waveform-1789380229438-2 D6 MODE_SWITCH_START state=MODE_SWITCHING attempts=1 streak=0 attempt=1
[2026-09-14T10:06:28.630Z] batch=field-waveform-1789380229438-2 D6 MODE_SWITCH_OK state=MODE_SWITCH_OK attempts=1 streak=0
[2026-09-14T10:06:38.705Z] batch=field-waveform-1789380229438-2 D3 MODE_SWITCH_START state=MODE_SWITCHING attempts=1 streak=0 attempt=1
[2026-09-14T10:06:38.706Z] batch=field-waveform-1789380229438-2 D3 MODE_SWITCH_OK state=MODE_SWITCH_OK attempts=1 streak=0
[2026-09-14T10:06:38.712Z] batch=field-waveform-1789380229438-2 D1 MODE_SWITCH_START state=MODE_SWITCHING attempts=1 streak=0 attempt=1
[2026-09-14T10:06:38.713Z] batch=field-waveform-1789380229438-2 D1 MODE_SWITCH_OK state=MODE_SWITCH_OK attempts=1 streak=0
[2026-09-14T10:06:38.719Z] batch=field-waveform-1789380229438-2 D4 MODE_SWITCH_START state=MODE_SWITCHING attempts=1 streak=0 attempt=1
[2026-09-14T10:06:38.721Z] batch=field-waveform-1789380229438-2 D4 MODE_SWITCH_OK state=MODE_SWITCH_OK attempts=1 streak=0
[2026-09-14T10:06:38.727Z] batch=field-waveform-1789380229438-2 D5 MODE_SWITCH_START state=MODE_SWITCHING attempts=1 streak=0 attempt=1
[2026-09-14T10:06:38.729Z] batch=field-waveform-1789380229438-2 D5 MODE_SWITCH_OK state=MODE_SWITCH_OK attempts=1 streak=0
[2026-09-14T10:06:38.735Z] batch=field-waveform-1789380229438-2 D2 MODE_SWITCH_START state=MODE_SWITCHING attempts=1 streak=0 attempt=1
[2026-09-14T10:06:38.736Z] batch=field-waveform-1789380229438-2 D2 MODE_SWITCH_OK state=MODE_SWITCH_OK attempts=1 streak=0
[2026-09-14T10:06:38.743Z] batch=field-waveform-1789380229438-2 D6 MODE_SWITCH_START state=MODE_SWITCHING attempts=1 streak=0 attempt=1
[2026-09-14T10:06:38.744Z] batch=field-waveform-1789380229438-2 D6 MODE_SWITCH_OK state=MODE_SWITCH_OK attempts=1 streak=0
[2026-09-14T10:06:49.142Z] batch=field-waveform-1789380229438-2 D3 MODE_SWITCH_START state=MODE_SWITCHING attempts=1 streak=0 attempt=1
[2026-09-14T10:06:49.145Z] batch=field-waveform-1789380229438-2 D3 MODE_SWITCH_OK state=MODE_SWITCH_OK attempts=1 streak=0
[2026-09-14T10:06:49.152Z] batch=field-waveform-1789380229438-2 D1 MODE_SWITCH_START state=MODE_SWITCHING attempts=1 streak=0 attempt=1
[2026-09-14T10:06:49.153Z] batch=field-waveform-1789380229438-2 D1 MODE_SWITCH_OK state=MODE_SWITCH_OK attempts=1 streak=0
[2026-09-14T10:06:49.162Z] batch=field-waveform-1789380229438-2 D4 MODE_SWITCH_START state=MODE_SWITCHING attempts=1 streak=0 attempt=1
[2026-09-14T10:06:49.164Z] batch=field-waveform-1789380229438-2 D4 MODE_SWITCH_OK state=MODE_SWITCH_OK attempts=1 streak=0
[2026-09-14T10:06:49.169Z] batch=field-waveform-1789380229438-2 D5 MODE_SWITCH_START state=MODE_SWITCHING attempts=1 streak=0 attempt=1
[2026-09-14T10:06:49.171Z] batch=field-waveform-1789380229438-2 D5 MODE_SWITCH_OK state=MODE_SWITCH_OK attempts=1 streak=0
[2026-09-14T10:06:49.177Z] batch=field-waveform-1789380229438-2 D2 MODE_SWITCH_START state=MODE_SWITCHING attempts=1 streak=0 attempt=1
[2026-09-14T10:06:49.178Z] batch=field-waveform-1789380229438-2 D2 MODE_SWITCH_OK state=MODE_SWITCH_OK attempts=1 streak=0
[2026-09-14T10:06:49.184Z] batch=field-waveform-1789380229438-2 D6 MODE_SWITCH_START state=MODE_SWITCHING attempts=1 streak=0 attempt=1
[2026-09-14T10:06:49.186Z] batch=field-waveform-1789380229438-2 D6 MODE_SWITCH_OK state=MODE_SWITCH_OK attempts=1 streak=0
[2026-09-14T10:06:59.201Z] batch=field-waveform-1789380229438-2 D3 MODE_SWITCH_START state=MODE_SWITCHING attempts=1 streak=0 attempt=1
[2026-09-14T10:06:59.203Z] batch=field-waveform-1789380229438-2 D3 MODE_SWITCH_OK state=MODE_SWITCH_OK attempts=1 streak=0
[2026-09-14T10:06:59.208Z] batch=field-waveform-1789380229438-2 D1 MODE_SWITCH_START state=MODE_SWITCHING attempts=1 streak=0 attempt=1
[2026-09-14T10:06:59.209Z] batch=field-waveform-1789380229438-2 D1 MODE_SWITCH_OK state=MODE_SWITCH_OK attempts=1 streak=0
[2026-09-14T10:06:59.216Z] batch=field-waveform-1789380229438-2 D4 MODE_SWITCH_START state=MODE_SWITCHING attempts=1 streak=0 attempt=1
[2026-09-14T10:06:59.221Z] batch=field-waveform-1789380229438-2 D4 MODE_SWITCH_OK state=MODE_SWITCH_OK attempts=1 streak=0
[2026-09-14T10:06:59.227Z] batch=field-waveform-1789380229438-2 D5 MODE_SWITCH_START state=MODE_SWITCHING attempts=1 streak=0 attempt=1
[2026-09-14T10:06:59.228Z] batch=field-waveform-1789380229438-2 D5 MODE_SWITCH_OK state=MODE_SWITCH_OK attempts=1 streak=0
[2026-09-14T10:06:59.235Z] batch=field-waveform-1789380229438-2 D2 MODE_SWITCH_START state=MODE_SWITCHING attempts=1 streak=0 attempt=1
[2026-09-14T10:06:59.237Z] batch=field-waveform-1789380229438-2 D2 MODE_SWITCH_OK state=MODE_SWITCH_OK attempts=1 streak=0
[2026-09-14T10:06:59.242Z] batch=field-waveform-1789380229438-2 D6 MODE_SWITCH_START state=MODE_SWITCHING attempts=1 streak=0 attempt=1
[2026-09-14T10:06:59.244Z] batch=field-waveform-1789380229438-2 D6 MODE_SWITCH_OK state=MODE_SWITCH_OK attempts=1 streak=0
[2026-09-14T10:07:09.272Z] batch=field-waveform-1789380229438-2 D3 MODE_SWITCH_START state=MODE_SWITCHING attempts=1 streak=0 attempt=1
[2026-09-14T10:07:09.274Z] batch=field-waveform-1789380229438-2 D3 MODE_SWITCH_OK state=MODE_SWITCH_OK attempts=1 streak=0
[2026-09-14T10:07:09.279Z] batch=field-waveform-1789380229438-2 D1 MODE_SWITCH_START state=MODE_SWITCHING attempts=1 streak=0 attempt=1
[2026-09-14T10:07:09.281Z] batch=field-waveform-1789380229438-2 D1 MODE_SWITCH_OK state=MODE_SWITCH_OK attempts=1 streak=0
[2026-09-14T10:07:09.287Z] batch=field-waveform-1789380229438-2 D4 MODE_SWITCH_START state=MODE_SWITCHING attempts=1 streak=0 attempt=1
[2026-09-14T10:07:09.289Z] batch=field-waveform-1789380229438-2 D4 MODE_SWITCH_OK state=MODE_SWITCH_OK attempts=1 streak=0
[2026-09-14T10:07:09.295Z] batch=field-waveform-1789380229438-2 D5 MODE_SWITCH_START state=MODE_SWITCHING attempts=1 streak=0 attempt=1
[2026-09-14T10:07:09.297Z] batch=field-waveform-1789380229438-2 D5 MODE_SWITCH_OK state=MODE_SWITCH_OK attempts=1 streak=0
[2026-09-14T10:07:09.302Z] batch=field-waveform-1789380229438-2 D2 MODE_SWITCH_START state=MODE_SWITCHING attempts=1 streak=0 attempt=1
[2026-09-14T10:07:09.304Z] batch=field-waveform-1789380229438-2 D2 MODE_SWITCH_OK state=MODE_SWITCH_OK attempts=1 streak=0
[2026-09-14T10:07:09.310Z] batch=field-waveform-1789380229438-2 D6 MODE_SWITCH_START state=MODE_SWITCHING attempts=1 streak=0 attempt=1
[2026-09-14T10:07:09.312Z] batch=field-waveform-1789380229438-2 D6 MODE_SWITCH_OK state=MODE_SWITCH_OK attempts=1 streak=0
[2026-09-14T10:07:19.298Z] batch=field-waveform-1789380229438-2 D3 MODE_SWITCH_START state=MODE_SWITCHING attempts=1 streak=0 attempt=1
[2026-09-14T10:07:19.300Z] batch=field-waveform-1789380229438-2 D3 MODE_SWITCH_OK state=MODE_SWITCH_OK attempts=1 streak=0
[2026-09-14T10:07:19.306Z] batch=field-waveform-1789380229438-2 D1 MODE_SWITCH_START state=MODE_SWITCHING attempts=1 streak=0 attempt=1
[2026-09-14T10:07:19.307Z] batch=field-waveform-1789380229438-2 D1 MODE_SWITCH_OK state=MODE_SWITCH_OK attempts=1 streak=0
[2026-09-14T10:07:19.362Z] batch=field-waveform-1789380229438-2 D4 MODE_SWITCH_START state=MODE_SWITCHING attempts=1 streak=0 attempt=1
[2026-09-14T10:07:19.363Z] batch=field-waveform-1789380229438-2 D4 MODE_SWITCH_OK state=MODE_SWITCH_OK attempts=1 streak=0
[2026-09-14T10:07:19.369Z] batch=field-waveform-1789380229438-2 D5 MODE_SWITCH_START state=MODE_SWITCHING attempts=1 streak=0 attempt=1
[2026-09-14T10:07:19.371Z] batch=field-waveform-1789380229438-2 D5 MODE_SWITCH_OK state=MODE_SWITCH_OK attempts=1 streak=0
[2026-09-14T10:07:19.376Z] batch=field-waveform-1789380229438-2 D2 MODE_SWITCH_START state=MODE_SWITCHING attempts=1 streak=0 attempt=1
[2026-09-14T10:07:19.379Z] batch=field-waveform-1789380229438-2 D2 MODE_SWITCH_OK state=MODE_SWITCH_OK attempts=1 streak=0
[2026-09-14T10:07:19.385Z] batch=field-waveform-1789380229438-2 D6 MODE_SWITCH_START state=MODE_SWITCHING attempts=1 streak=0 attempt=1
[2026-09-14T10:07:19.386Z] batch=field-waveform-1789380229438-2 D6 MODE_SWITCH_OK state=MODE_SWITCH_OK attempts=1 streak=0
[2026-09-14T10:07:29.574Z] batch=field-waveform-1789380229438-2 D3 MODE_SWITCH_START state=MODE_SWITCHING attempts=1 streak=0 attempt=1
[2026-09-14T10:07:29.577Z] batch=field-waveform-1789380229438-2 D3 MODE_SWITCH_OK state=MODE_SWITCH_OK attempts=1 streak=0
[2026-09-14T10:07:29.582Z] batch=field-waveform-1789380229438-2 D1 MODE_SWITCH_START state=MODE_SWITCHING attempts=1 streak=0 attempt=1
[2026-09-14T10:07:29.584Z] batch=field-waveform-1789380229438-2 D1 MODE_SWITCH_OK state=MODE_SWITCH_OK attempts=1 streak=0
[2026-09-14T10:07:29.591Z] batch=field-waveform-1789380229438-2 D4 MODE_SWITCH_START state=MODE_SWITCHING attempts=1 streak=0 attempt=1
[2026-09-14T10:07:29.592Z] batch=field-waveform-1789380229438-2 D4 MODE_SWITCH_OK state=MODE_SWITCH_OK attempts=1 streak=0
[2026-09-14T10:07:29.600Z] batch=field-waveform-1789380229438-2 D5 MODE_SWITCH_START state=MODE_SWITCHING attempts=1 streak=0 attempt=1
[2026-09-14T10:07:29.602Z] batch=field-waveform-1789380229438-2 D5 MODE_SWITCH_OK state=MODE_SWITCH_OK attempts=1 streak=0
[2026-09-14T10:07:29.608Z] batch=field-waveform-1789380229438-2 D2 MODE_SWITCH_START state=MODE_SWITCHING attempts=1 streak=0 attempt=1
[2026-09-14T10:07:29.610Z] batch=field-waveform-1789380229438-2 D2 MODE_SWITCH_OK state=MODE_SWITCH_OK attempts=1 streak=0
[2026-09-14T10:07:29.616Z] batch=field-waveform-1789380229438-2 D6 MODE_SWITCH_START state=MODE_SWITCHING attempts=1 streak=0 attempt=1
[2026-09-14T10:07:29.617Z] batch=field-waveform-1789380229438-2 D6 MODE_SWITCH_OK state=MODE_SWITCH_OK attempts=1 streak=0
[2026-09-14T10:07:39.749Z] batch=field-waveform-1789380229438-2 D3 MODE_SWITCH_START state=MODE_SWITCHING attempts=1 streak=0 attempt=1
[2026-09-14T10:07:39.751Z] batch=field-waveform-1789380229438-2 D3 MODE_SWITCH_OK state=MODE_SWITCH_OK attempts=1 streak=0
[2026-09-14T10:07:39.759Z] batch=field-waveform-1789380229438-2 D1 MODE_SWITCH_START state=MODE_SWITCHING attempts=1 streak=0 attempt=1
[2026-09-14T10:07:39.761Z] batch=field-waveform-1789380229438-2 D1 MODE_SWITCH_OK state=MODE_SWITCH_OK attempts=1 streak=0
[2026-09-14T10:07:39.766Z] batch=field-waveform-1789380229438-2 D4 MODE_SWITCH_START state=MODE_SWITCHING attempts=1 streak=0 attempt=1
[2026-09-14T10:07:39.767Z] batch=field-waveform-1789380229438-2 D4 MODE_SWITCH_OK state=MODE_SWITCH_OK attempts=1 streak=0
[2026-09-14T10:07:39.772Z] batch=field-waveform-1789380229438-2 D5 MODE_SWITCH_START state=MODE_SWITCHING attempts=1 streak=0 attempt=1
[2026-09-14T10:07:39.773Z] batch=field-waveform-1789380229438-2 D5 MODE_SWITCH_OK state=MODE_SWITCH_OK attempts=1 streak=0
[2026-09-14T10:07:39.781Z] batch=field-waveform-1789380229438-2 D2 MODE_SWITCH_START state=MODE_SWITCHING attempts=1 streak=0 attempt=1
[2026-09-14T10:07:39.782Z] batch=field-waveform-1789380229438-2 D2 MODE_SWITCH_OK state=MODE_SWITCH_OK attempts=1 streak=0
[2026-09-14T10:07:39.788Z] batch=field-waveform-1789380229438-2 D6 MODE_SWITCH_START state=MODE_SWITCHING attempts=1 streak=0 attempt=1
[2026-09-14T10:07:39.789Z] batch=field-waveform-1789380229438-2 D6 MODE_SWITCH_OK state=MODE_SWITCH_OK attempts=1 streak=0
[2026-09-14T10:07:49.887Z] batch=field-waveform-1789380229438-2 D3 MODE_SWITCH_START state=MODE_SWITCHING attempts=1 streak=0 attempt=1
[2026-09-14T10:07:49.891Z] batch=field-waveform-1789380229438-2 D3 MODE_SWITCH_OK state=MODE_SWITCH_OK attempts=1 streak=0
[2026-09-14T10:07:49.899Z] batch=field-waveform-1789380229438-2 D1 MODE_SWITCH_START state=MODE_SWITCHING attempts=1 streak=0 attempt=1
[2026-09-14T10:07:49.902Z] batch=field-waveform-1789380229438-2 D1 MODE_SWITCH_OK state=MODE_SWITCH_OK attempts=1 streak=0
[2026-09-14T10:07:49.907Z] batch=field-waveform-1789380229438-2 D4 MODE_SWITCH_START state=MODE_SWITCHING attempts=1 streak=0 attempt=1
[2026-09-14T10:07:49.909Z] batch=field-waveform-1789380229438-2 D4 MODE_SWITCH_OK state=MODE_SWITCH_OK attempts=1 streak=0
[2026-09-14T10:07:49.917Z] batch=field-waveform-1789380229438-2 D5 MODE_SWITCH_START state=MODE_SWITCHING attempts=1 streak=0 attempt=1
[2026-09-14T10:07:49.918Z] batch=field-waveform-1789380229438-2 D5 MODE_SWITCH_OK state=MODE_SWITCH_OK attempts=1 streak=0
[2026-09-14T10:07:49.923Z] batch=field-waveform-1789380229438-2 D2 MODE_SWITCH_START state=MODE_SWITCHING attempts=1 streak=0 attempt=1
[2026-09-14T10:07:49.926Z] batch=field-waveform-1789380229438-2 D2 MODE_SWITCH_OK state=MODE_SWITCH_OK attempts=1 streak=0
[2026-09-14T10:07:49.934Z] batch=field-waveform-1789380229438-2 D6 MODE_SWITCH_START state=MODE_SWITCHING attempts=1 streak=0 attempt=1
[2026-09-14T10:07:49.935Z] batch=field-waveform-1789380229438-2 D6 MODE_SWITCH_OK state=MODE_SWITCH_OK attempts=1 streak=0
[2026-09-14T10:08:00.192Z] batch=field-waveform-1789380229438-2 D3 MODE_SWITCH_START state=MODE_SWITCHING attempts=1 streak=0 attempt=1
[2026-09-14T10:08:00.193Z] batch=field-waveform-1789380229438-2 D3 MODE_SWITCH_OK state=MODE_SWITCH_OK attempts=1 streak=0
[2026-09-14T10:08:00.198Z] batch=field-waveform-1789380229438-2 D1 MODE_SWITCH_START state=MODE_SWITCHING attempts=1 streak=0 attempt=1
[2026-09-14T10:08:00.199Z] batch=field-waveform-1789380229438-2 D1 MODE_SWITCH_OK state=MODE_SWITCH_OK attempts=1 streak=0
[2026-09-14T10:08:00.204Z] batch=field-waveform-1789380229438-2 D4 MODE_SWITCH_START state=MODE_SWITCHING attempts=1 streak=0 attempt=1
[2026-09-14T10:08:00.206Z] batch=field-waveform-1789380229438-2 D4 MODE_SWITCH_OK state=MODE_SWITCH_OK attempts=1 streak=0
[2026-09-14T10:08:00.216Z] batch=field-waveform-1789380229438-2 D5 MODE_SWITCH_START state=MODE_SWITCHING attempts=1 streak=0 attempt=1
[2026-09-14T10:08:00.217Z] batch=field-waveform-1789380229438-2 D5 MODE_SWITCH_OK state=MODE_SWITCH_OK attempts=1 streak=0
[2026-09-14T10:08:00.224Z] batch=field-waveform-1789380229438-2 D2 MODE_SWITCH_START state=MODE_SWITCHING attempts=1 streak=0 attempt=1
[2026-09-14T10:08:00.226Z] batch=field-waveform-1789380229438-2 D2 MODE_SWITCH_OK state=MODE_SWITCH_OK attempts=1 streak=0
[2026-09-14T10:08:00.233Z] batch=field-waveform-1789380229438-2 D6 MODE_SWITCH_START state=MODE_SWITCHING attempts=1 streak=0 attempt=1
[2026-09-14T10:08:00.235Z] batch=field-waveform-1789380229438-2 D6 MODE_SWITCH_OK state=MODE_SWITCH_OK attempts=1 streak=0
[2026-09-14T10:08:10.358Z] batch=field-waveform-1789380229438-2 D3 MODE_SWITCH_START state=MODE_SWITCHING attempts=1 streak=0 attempt=1
[2026-09-14T10:08:10.360Z] batch=field-waveform-1789380229438-2 D3 MODE_SWITCH_OK state=MODE_SWITCH_OK attempts=1 streak=0
[2026-09-14T10:08:10.365Z] batch=field-waveform-1789380229438-2 D1 MODE_SWITCH_START state=MODE_SWITCHING attempts=1 streak=0 attempt=1
[2026-09-14T10:08:10.367Z] batch=field-waveform-1789380229438-2 D1 MODE_SWITCH_OK state=MODE_SWITCH_OK attempts=1 streak=0
[2026-09-14T10:08:10.372Z] batch=field-waveform-1789380229438-2 D4 MODE_SWITCH_START state=MODE_SWITCHING attempts=1 streak=0 attempt=1
[2026-09-14T10:08:10.373Z] batch=field-waveform-1789380229438-2 D4 MODE_SWITCH_OK state=MODE_SWITCH_OK attempts=1 streak=0
[2026-09-14T10:08:10.378Z] batch=field-waveform-1789380229438-2 D5 MODE_SWITCH_START state=MODE_SWITCHING attempts=1 streak=0 attempt=1
[2026-09-14T10:08:10.379Z] batch=field-waveform-1789380229438-2 D5 MODE_SWITCH_OK state=MODE_SWITCH_OK attempts=1 streak=0
[2026-09-14T10:08:10.385Z] batch=field-waveform-1789380229438-2 D2 MODE_SWITCH_START state=MODE_SWITCHING attempts=1 streak=0 attempt=1
[2026-09-14T10:08:10.387Z] batch=field-waveform-1789380229438-2 D2 MODE_SWITCH_OK state=MODE_SWITCH_OK attempts=1 streak=0
[2026-09-14T10:08:10.393Z] batch=field-waveform-1789380229438-2 D6 MODE_SWITCH_START state=MODE_SWITCHING attempts=1 streak=0 attempt=1
[2026-09-14T10:08:10.394Z] batch=field-waveform-1789380229438-2 D6 MODE_SWITCH_OK state=MODE_SWITCH_OK attempts=1 streak=0
[2026-09-14T10:08:20.667Z] batch=field-waveform-1789380229438-2 D3 MODE_SWITCH_START state=MODE_SWITCHING attempts=1 streak=0 attempt=1
[2026-09-14T10:08:20.669Z] batch=field-waveform-1789380229438-2 D3 MODE_SWITCH_OK state=MODE_SWITCH_OK attempts=1 streak=0
[2026-09-14T10:08:20.676Z] batch=field-waveform-1789380229438-2 D1 MODE_SWITCH_START state=MODE_SWITCHING attempts=1 streak=0 attempt=1
[2026-09-14T10:08:20.677Z] batch=field-waveform-1789380229438-2 D1 MODE_SWITCH_OK state=MODE_SWITCH_OK attempts=1 streak=0
[2026-09-14T10:08:20.683Z] batch=field-waveform-1789380229438-2 D4 MODE_SWITCH_START state=MODE_SWITCHING attempts=1 streak=0 attempt=1
[2026-09-14T10:08:20.684Z] batch=field-waveform-1789380229438-2 D4 MODE_SWITCH_OK state=MODE_SWITCH_OK attempts=1 streak=0
[2026-09-14T10:08:20.694Z] batch=field-waveform-1789380229438-2 D5 MODE_SWITCH_START state=MODE_SWITCHING attempts=1 streak=0 attempt=1
[2026-09-14T10:08:20.696Z] batch=field-waveform-1789380229438-2 D5 MODE_SWITCH_OK state=MODE_SWITCH_OK attempts=1 streak=0
[2026-09-14T10:08:20.702Z] batch=field-waveform-1789380229438-2 D2 MODE_SWITCH_START state=MODE_SWITCHING attempts=1 streak=0 attempt=1
[2026-09-14T10:08:20.704Z] batch=field-waveform-1789380229438-2 D2 MODE_SWITCH_OK state=MODE_SWITCH_OK attempts=1 streak=0
[2026-09-14T10:08:20.713Z] batch=field-waveform-1789380229438-2 D6 MODE_SWITCH_START state=MODE_SWITCHING attempts=1 streak=0 attempt=1
[2026-09-14T10:08:20.727Z] batch=field-waveform-1789380229438-2 D6 MODE_SWITCH_OK state=MODE_SWITCH_OK attempts=1 streak=0
[2026-09-14T10:08:30.905Z] batch=field-waveform-1789380229438-2 D3 MODE_SWITCH_START state=MODE_SWITCHING attempts=1 streak=0 attempt=1
[2026-09-14T10:08:30.907Z] batch=field-waveform-1789380229438-2 D3 MODE_SWITCH_OK state=MODE_SWITCH_OK attempts=1 streak=0
[2026-09-14T10:08:30.916Z] batch=field-waveform-1789380229438-2 D1 MODE_SWITCH_START state=MODE_SWITCHING attempts=1 streak=0 attempt=1
[2026-09-14T10:08:30.918Z] batch=field-waveform-1789380229438-2 D1 MODE_SWITCH_OK state=MODE_SWITCH_OK attempts=1 streak=0
[2026-09-14T10:08:30.924Z] batch=field-waveform-1789380229438-2 D4 MODE_SWITCH_START state=MODE_SWITCHING attempts=1 streak=0 attempt=1
[2026-09-14T10:08:30.926Z] batch=field-waveform-1789380229438-2 D4 MODE_SWITCH_OK state=MODE_SWITCH_OK attempts=1 streak=0
[2026-09-14T10:08:30.935Z] batch=field-waveform-1789380229438-2 D5 MODE_SWITCH_START state=MODE_SWITCHING attempts=1 streak=0 attempt=1
[2026-09-14T10:08:30.937Z] batch=field-waveform-1789380229438-2 D5 MODE_SWITCH_OK state=MODE_SWITCH_OK attempts=1 streak=0
[2026-09-14T10:08:30.945Z] batch=field-waveform-1789380229438-2 D2 MODE_SWITCH_START state=MODE_SWITCHING attempts=1 streak=0 attempt=1
[2026-09-14T10:08:30.949Z] batch=field-waveform-1789380229438-2 D2 MODE_SWITCH_OK state=MODE_SWITCH_OK attempts=1 streak=0
[2026-09-14T10:08:30.958Z] batch=field-waveform-1789380229438-2 D6 MODE_SWITCH_START state=MODE_SWITCHING attempts=1 streak=0 attempt=1
[2026-09-14T10:08:30.959Z] batch=field-waveform-1789380229438-2 D6 MODE_SWITCH_OK state=MODE_SWITCH_OK attempts=1 streak=0
[2026-09-14T10:08:31.294Z] batch=field-waveform-1789380511292-3 D1 MODE_SWITCH_START state=MODE_SWITCHING attempts=1 streak=0 attempt=1
[2026-09-14T10:08:31.298Z] batch=field-waveform-1789380511292-3 D2 MODE_SWITCH_START state=MODE_SWITCHING attempts=1 streak=0 attempt=1
[2026-09-14T10:08:31.300Z] batch=field-waveform-1789380511292-3 D3 MODE_SWITCH_START state=MODE_SWITCHING attempts=1 streak=0 attempt=1
[2026-09-14T10:08:31.302Z] batch=field-waveform-1789380511292-3 D4 MODE_SWITCH_START state=MODE_SWITCHING attempts=1 streak=0 attempt=1
[2026-09-14T10:08:31.303Z] batch=field-waveform-1789380511292-3 D5 MODE_SWITCH_START state=MODE_SWITCHING attempts=1 streak=0 attempt=1
[2026-09-14T10:08:31.304Z] batch=field-waveform-1789380511292-3 D6 MODE_SWITCH_START state=MODE_SWITCHING attempts=1 streak=0 attempt=1
[2026-09-14T10:08:31.307Z] batch=field-waveform-1789380511292-3 D1 MODE_SWITCH_OK state=MODE_SWITCH_OK attempts=1 streak=0
[2026-09-14T10:08:31.308Z] batch=field-waveform-1789380511292-3 D2 MODE_SWITCH_OK state=MODE_SWITCH_OK attempts=1 streak=0
[2026-09-14T10:08:31.310Z] batch=field-waveform-1789380511292-3 D3 MODE_SWITCH_OK state=MODE_SWITCH_OK attempts=1 streak=0
[2026-09-14T10:08:31.311Z] batch=field-waveform-1789380511292-3 D4 MODE_SWITCH_OK state=MODE_SWITCH_OK attempts=1 streak=0
[2026-09-14T10:08:31.314Z] batch=field-waveform-1789380511292-3 D5 MODE_SWITCH_OK state=MODE_SWITCH_OK attempts=1 streak=0
[2026-09-14T10:08:31.316Z] batch=field-waveform-1789380511292-3 D6 MODE_SWITCH_OK state=MODE_SWITCH_OK attempts=1 streak=0
[2026-09-14T10:08:40.918Z] batch=field-waveform-1789380511292-3 D3 MODE_SWITCH_START state=MODE_SWITCHING attempts=1 streak=0 attempt=1
[2026-09-14T10:08:40.923Z] batch=field-waveform-1789380511292-3 D3 MODE_SWITCH_OK state=MODE_SWITCH_OK attempts=1 streak=0
[2026-09-14T10:08:40.927Z] batch=field-waveform-1789380511292-3 D1 MODE_SWITCH_START state=MODE_SWITCHING attempts=1 streak=0 attempt=1
[2026-09-14T10:08:40.929Z] batch=field-waveform-1789380511292-3 D1 MODE_SWITCH_OK state=MODE_SWITCH_OK attempts=1 streak=0
[2026-09-14T10:08:40.931Z] batch=field-waveform-1789380511292-3 D4 MODE_SWITCH_START state=MODE_SWITCHING attempts=1 streak=0 attempt=1
[2026-09-14T10:08:40.934Z] batch=field-waveform-1789380511292-3 D4 MODE_SWITCH_OK state=MODE_SWITCH_OK attempts=1 streak=0
[2026-09-14T10:08:40.940Z] batch=field-waveform-1789380511292-3 D5 MODE_SWITCH_START state=MODE_SWITCHING attempts=1 streak=0 attempt=1
[2026-09-14T10:08:40.942Z] batch=field-waveform-1789380511292-3 D5 MODE_SWITCH_OK state=MODE_SWITCH_OK attempts=1 streak=0
[2026-09-14T10:08:40.964Z] batch=field-waveform-1789380511292-3 D2 MODE_SWITCH_START state=MODE_SWITCHING attempts=1 streak=0 attempt=1
[2026-09-14T10:08:40.968Z] batch=field-waveform-1789380511292-3 D2 MODE_SWITCH_OK state=MODE_SWITCH_OK attempts=1 streak=0
[2026-09-14T10:08:40.972Z] batch=field-waveform-1789380511292-3 D6 MODE_SWITCH_START state=MODE_SWITCHING attempts=1 streak=0 attempt=1
[2026-09-14T10:08:40.974Z] batch=field-waveform-1789380511292-3 D6 MODE_SWITCH_OK state=MODE_SWITCH_OK attempts=1 streak=0
[2026-09-14T10:08:50.931Z] batch=field-waveform-1789380511292-3 D3 MODE_SWITCH_START state=MODE_SWITCHING attempts=1 streak=0 attempt=1
[2026-09-14T10:08:50.933Z] batch=field-waveform-1789380511292-3 D3 MODE_SWITCH_OK state=MODE_SWITCH_OK attempts=1 streak=0
[2026-09-14T10:08:50.934Z] batch=field-waveform-1789380511292-3 D1 MODE_SWITCH_START state=MODE_SWITCHING attempts=1 streak=0 attempt=1
[2026-09-14T10:08:50.936Z] batch=field-waveform-1789380511292-3 D1 MODE_SWITCH_OK state=MODE_SWITCH_OK attempts=1 streak=0
[2026-09-14T10:08:50.937Z] batch=field-waveform-1789380511292-3 D4 MODE_SWITCH_START state=MODE_SWITCHING attempts=1 streak=0 attempt=1
[2026-09-14T10:08:50.938Z] batch=field-waveform-1789380511292-3 D4 MODE_SWITCH_OK state=MODE_SWITCH_OK attempts=1 streak=0
[2026-09-14T10:08:50.946Z] batch=field-waveform-1789380511292-3 D5 MODE_SWITCH_START state=MODE_SWITCHING attempts=1 streak=0 attempt=1
[2026-09-14T10:08:50.948Z] batch=field-waveform-1789380511292-3 D5 MODE_SWITCH_OK state=MODE_SWITCH_OK attempts=1 streak=0
[2026-09-14T10:08:50.976Z] batch=field-waveform-1789380511292-3 D2 MODE_SWITCH_START state=MODE_SWITCHING attempts=1 streak=0 attempt=1
[2026-09-14T10:08:50.981Z] batch=field-waveform-1789380511292-3 D2 MODE_SWITCH_OK state=MODE_SWITCH_OK attempts=1 streak=0
[2026-09-14T10:08:50.983Z] batch=field-waveform-1789380511292-3 D6 MODE_SWITCH_START state=MODE_SWITCHING attempts=1 streak=0 attempt=1
[2026-09-14T10:08:50.985Z] batch=field-waveform-1789380511292-3 D6 MODE_SWITCH_OK state=MODE_SWITCH_OK attempts=1 streak=0
[2026-09-14T10:09:00.943Z] batch=field-waveform-1789380511292-3 D3 MODE_SWITCH_START state=MODE_SWITCHING attempts=1 streak=0 attempt=1
[2026-09-14T10:09:00.945Z] batch=field-waveform-1789380511292-3 D3 MODE_SWITCH_OK state=MODE_SWITCH_OK attempts=1 streak=0
[2026-09-14T10:09:00.946Z] batch=field-waveform-1789380511292-3 D1 MODE_SWITCH_START state=MODE_SWITCHING attempts=1 streak=0 attempt=1
[2026-09-14T10:09:00.947Z] batch=field-waveform-1789380511292-3 D1 MODE_SWITCH_OK state=MODE_SWITCH_OK attempts=1 streak=0
[2026-09-14T10:09:00.948Z] batch=field-waveform-1789380511292-3 D4 MODE_SWITCH_START state=MODE_SWITCHING attempts=1 streak=0 attempt=1
[2026-09-14T10:09:00.949Z] batch=field-waveform-1789380511292-3 D4 MODE_SWITCH_OK state=MODE_SWITCH_OK attempts=1 streak=0
[2026-09-14T10:09:00.951Z] batch=field-waveform-1789380511292-3 D5 MODE_SWITCH_START state=MODE_SWITCHING attempts=1 streak=0 attempt=1
[2026-09-14T10:09:00.953Z] batch=field-waveform-1789380511292-3 D5 MODE_SWITCH_OK state=MODE_SWITCH_OK attempts=1 streak=0
[2026-09-14T10:09:00.990Z] batch=field-waveform-1789380511292-3 D2 MODE_SWITCH_START state=MODE_SWITCHING attempts=1 streak=0 attempt=1
[2026-09-14T10:09:00.991Z] batch=field-waveform-1789380511292-3 D2 MODE_SWITCH_OK state=MODE_SWITCH_OK attempts=1 streak=0
[2026-09-14T10:09:00.993Z] batch=field-waveform-1789380511292-3 D6 MODE_SWITCH_START state=MODE_SWITCHING attempts=1 streak=0 attempt=1
[2026-09-14T10:09:00.994Z] batch=field-waveform-1789380511292-3 D6 MODE_SWITCH_OK state=MODE_SWITCH_OK attempts=1 streak=0
[2026-09-14T10:09:10.960Z] batch=field-waveform-1789380511292-3 D3 MODE_SWITCH_START state=MODE_SWITCHING attempts=1 streak=0 attempt=1
[2026-09-14T10:09:10.962Z] batch=field-waveform-1789380511292-3 D3 MODE_SWITCH_OK state=MODE_SWITCH_OK attempts=1 streak=0
[2026-09-14T10:09:10.964Z] batch=field-waveform-1789380511292-3 D1 MODE_SWITCH_START state=MODE_SWITCHING attempts=1 streak=0 attempt=1
[2026-09-14T10:09:10.966Z] batch=field-waveform-1789380511292-3 D1 MODE_SWITCH_OK state=MODE_SWITCH_OK attempts=1 streak=0
[2026-09-14T10:09:10.967Z] batch=field-waveform-1789380511292-3 D4 MODE_SWITCH_START state=MODE_SWITCHING attempts=1 streak=0 attempt=1
[2026-09-14T10:09:10.968Z] batch=field-waveform-1789380511292-3 D4 MODE_SWITCH_OK state=MODE_SWITCH_OK attempts=1 streak=0
[2026-09-14T10:09:10.969Z] batch=field-waveform-1789380511292-3 D5 MODE_SWITCH_START state=MODE_SWITCHING attempts=1 streak=0 attempt=1
[2026-09-14T10:09:10.970Z] batch=field-waveform-1789380511292-3 D5 MODE_SWITCH_OK state=MODE_SWITCH_OK attempts=1 streak=0
[2026-09-14T10:09:11.007Z] batch=field-waveform-1789380511292-3 D2 MODE_SWITCH_START state=MODE_SWITCHING attempts=1 streak=0 attempt=1
[2026-09-14T10:09:11.010Z] batch=field-waveform-1789380511292-3 D2 MODE_SWITCH_OK state=MODE_SWITCH_OK attempts=1 streak=0
[2026-09-14T10:09:11.011Z] batch=field-waveform-1789380511292-3 D6 MODE_SWITCH_START state=MODE_SWITCHING attempts=1 streak=0 attempt=1
[2026-09-14T10:09:11.013Z] batch=field-waveform-1789380511292-3 D6 MODE_SWITCH_OK state=MODE_SWITCH_OK attempts=1 streak=0
[2026-09-14T10:09:20.200Z] batch=field-waveform-1789380511292-3 D3 FIRST_FRAME state=FIRST_FRAME_RECEIVED attempts=1 streak=1
[2026-09-14T10:09:20.201Z] batch=field-waveform-1789380511292-3 D3 FIRST_VALID_SAMPLE state=FIRST_FRAME_RECEIVED attempts=1 streak=1
[2026-09-14T10:09:20.206Z] batch=field-waveform-1789380511292-3 D6 FIRST_FRAME state=FIRST_FRAME_RECEIVED attempts=1 streak=1
[2026-09-14T10:09:20.207Z] batch=field-waveform-1789380511292-3 D6 FIRST_VALID_SAMPLE state=FIRST_FRAME_RECEIVED attempts=1 streak=1
[2026-09-14T10:09:20.209Z] batch=field-waveform-1789380511292-3 D2 FIRST_FRAME state=FIRST_FRAME_RECEIVED attempts=1 streak=1
[2026-09-14T10:09:20.210Z] batch=field-waveform-1789380511292-3 D2 FIRST_VALID_SAMPLE state=FIRST_FRAME_RECEIVED attempts=1 streak=1
[2026-09-14T10:09:20.221Z] batch=field-waveform-1789380511292-3 D5 FIRST_FRAME state=FIRST_FRAME_RECEIVED attempts=1 streak=1
[2026-09-14T10:09:20.221Z] batch=field-waveform-1789380511292-3 D5 FIRST_VALID_SAMPLE state=FIRST_FRAME_RECEIVED attempts=1 streak=1
[2026-09-14T10:09:20.237Z] batch=field-waveform-1789380511292-3 D1 FIRST_FRAME state=FIRST_FRAME_RECEIVED attempts=1 streak=1
[2026-09-14T10:09:20.238Z] batch=field-waveform-1789380511292-3 D1 FIRST_VALID_SAMPLE state=FIRST_FRAME_RECEIVED attempts=1 streak=1
[2026-09-14T10:09:20.251Z] batch=field-waveform-1789380511292-3 D4 FIRST_FRAME state=FIRST_FRAME_RECEIVED attempts=1 streak=1
[2026-09-14T10:09:20.251Z] batch=field-waveform-1789380511292-3 D4 FIRST_VALID_SAMPLE state=FIRST_FRAME_RECEIVED attempts=1 streak=1
[2026-09-14T10:09:20.452Z] batch=field-waveform-1789380511292-3 D6 CHANNEL_SYNC_OK state=TEST_READY attempts=1 streak=5
[2026-09-14T10:09:20.452Z] batch=field-waveform-1789380511292-3 D6 TEST_READY state=TEST_READY attempts=1 streak=5
[2026-09-14T10:09:20.455Z] batch=field-waveform-1789380511292-3 D3 CHANNEL_SYNC_OK state=TEST_READY attempts=1 streak=5
[2026-09-14T10:09:20.456Z] batch=field-waveform-1789380511292-3 D3 TEST_READY state=TEST_READY attempts=1 streak=5
[2026-09-14T10:09:20.459Z] batch=field-waveform-1789380511292-3 D2 CHANNEL_SYNC_OK state=TEST_READY attempts=1 streak=5
[2026-09-14T10:09:20.460Z] batch=field-waveform-1789380511292-3 D2 TEST_READY state=TEST_READY attempts=1 streak=5
[2026-09-14T10:09:20.470Z] batch=field-waveform-1789380511292-3 D5 CHANNEL_SYNC_OK state=TEST_READY attempts=1 streak=5
[2026-09-14T10:09:20.470Z] batch=field-waveform-1789380511292-3 D5 TEST_READY state=TEST_READY attempts=1 streak=5
[2026-09-14T10:09:20.490Z] batch=field-waveform-1789380511292-3 D1 CHANNEL_SYNC_OK state=TEST_READY attempts=1 streak=5
[2026-09-14T10:09:20.490Z] batch=field-waveform-1789380511292-3 D1 TEST_READY state=TEST_READY attempts=1 streak=5
[2026-09-14T10:09:20.501Z] batch=field-waveform-1789380511292-3 D4 CHANNEL_SYNC_OK state=TEST_READY attempts=1 streak=5
[2026-09-14T10:09:20.501Z] batch=field-waveform-1789380511292-3 D4 TEST_READY state=TEST_READY attempts=1 streak=5
[2026-09-14T10:10:20.965Z] batch=field-waveform-1789380511292-3 D1 MODE_SWITCH_START state=MODE_SWITCHING attempts=1 streak=0 attempt=1
[2026-09-14T10:10:20.967Z] batch=field-waveform-1789380511292-3 D1 MODE_SWITCH_OK state=MODE_SWITCH_OK attempts=1 streak=0
[2026-09-14T10:10:20.970Z] batch=field-waveform-1789380511292-3 D4 MODE_SWITCH_START state=MODE_SWITCHING attempts=1 streak=0 attempt=1
[2026-09-14T10:10:20.972Z] batch=field-waveform-1789380511292-3 D4 MODE_SWITCH_OK state=MODE_SWITCH_OK attempts=1 streak=0
[2026-09-14T10:10:21.094Z] batch=field-waveform-1789380511292-3 D3 MODE_SWITCH_START state=MODE_SWITCHING attempts=1 streak=0 attempt=1
[2026-09-14T10:10:21.095Z] batch=field-waveform-1789380511292-3 D3 MODE_SWITCH_OK state=MODE_SWITCH_OK attempts=1 streak=0
[2026-09-14T10:10:21.098Z] batch=field-waveform-1789380511292-3 D6 MODE_SWITCH_START state=MODE_SWITCHING attempts=1 streak=0 attempt=1
[2026-09-14T10:10:21.099Z] batch=field-waveform-1789380511292-3 D6 MODE_SWITCH_OK state=MODE_SWITCH_OK attempts=1 streak=0
[2026-09-14T10:10:21.102Z] batch=field-waveform-1789380511292-3 D2 MODE_SWITCH_START state=MODE_SWITCHING attempts=1 streak=0 attempt=1
[2026-09-14T10:10:21.104Z] batch=field-waveform-1789380511292-3 D2 MODE_SWITCH_OK state=MODE_SWITCH_OK attempts=1 streak=0
[2026-09-14T10:10:21.214Z] batch=field-waveform-1789380511292-3 D5 MODE_SWITCH_START state=MODE_SWITCHING attempts=1 streak=0 attempt=1
[2026-09-14T10:10:21.216Z] batch=field-waveform-1789380511292-3 D5 MODE_SWITCH_OK state=MODE_SWITCH_OK attempts=1 streak=0
[2026-09-14T10:10:31.112Z] batch=field-waveform-1789380511292-3 D1 MODE_SWITCH_START state=MODE_SWITCHING attempts=1 streak=0 attempt=1
[2026-09-14T10:10:31.114Z] batch=field-waveform-1789380511292-3 D1 MODE_SWITCH_OK state=MODE_SWITCH_OK attempts=1 streak=0
[2026-09-14T10:10:31.118Z] batch=field-waveform-1789380511292-3 D4 MODE_SWITCH_START state=MODE_SWITCHING attempts=1 streak=0 attempt=1
[2026-09-14T10:10:31.120Z] batch=field-waveform-1789380511292-3 D4 MODE_SWITCH_OK state=MODE_SWITCH_OK attempts=1 streak=0
[2026-09-14T10:10:31.124Z] batch=field-waveform-1789380511292-3 D3 MODE_SWITCH_START state=MODE_SWITCHING attempts=1 streak=0 attempt=1
[2026-09-14T10:10:31.125Z] batch=field-waveform-1789380511292-3 D3 MODE_SWITCH_OK state=MODE_SWITCH_OK attempts=1 streak=0
[2026-09-14T10:10:31.129Z] batch=field-waveform-1789380511292-3 D6 MODE_SWITCH_START state=MODE_SWITCHING attempts=1 streak=0 attempt=1
[2026-09-14T10:10:31.130Z] batch=field-waveform-1789380511292-3 D6 MODE_SWITCH_OK state=MODE_SWITCH_OK attempts=1 streak=0
[2026-09-14T10:10:31.134Z] batch=field-waveform-1789380511292-3 D2 MODE_SWITCH_START state=MODE_SWITCHING attempts=1 streak=0 attempt=1
[2026-09-14T10:10:31.136Z] batch=field-waveform-1789380511292-3 D2 MODE_SWITCH_OK state=MODE_SWITCH_OK attempts=1 streak=0
[2026-09-14T10:10:31.234Z] batch=field-waveform-1789380511292-3 D5 MODE_SWITCH_START state=MODE_SWITCHING attempts=1 streak=0 attempt=1
[2026-09-14T10:10:31.237Z] batch=field-waveform-1789380511292-3 D5 MODE_SWITCH_OK state=MODE_SWITCH_OK attempts=1 streak=0
[2026-09-14T10:10:36.306Z] batch=field-waveform-1789380511292-3 D1 FIRST_FRAME state=FIRST_FRAME_RECEIVED attempts=1 streak=1
[2026-09-14T10:10:36.309Z] batch=field-waveform-1789380511292-3 D1 FIRST_VALID_SAMPLE state=FIRST_FRAME_RECEIVED attempts=1 streak=1
[2026-09-14T10:10:36.317Z] batch=field-waveform-1789380511292-3 D3 FIRST_FRAME state=FIRST_FRAME_RECEIVED attempts=1 streak=1
[2026-09-14T10:10:36.321Z] batch=field-waveform-1789380511292-3 D3 FIRST_VALID_SAMPLE state=FIRST_FRAME_RECEIVED attempts=1 streak=1
[2026-09-14T10:10:36.328Z] batch=field-waveform-1789380511292-3 D4 FIRST_FRAME state=FIRST_FRAME_RECEIVED attempts=1 streak=1
[2026-09-14T10:10:36.328Z] batch=field-waveform-1789380511292-3 D4 FIRST_VALID_SAMPLE state=FIRST_FRAME_RECEIVED attempts=1 streak=1
[2026-09-14T10:10:36.331Z] batch=field-waveform-1789380511292-3 D2 FIRST_FRAME state=FIRST_FRAME_RECEIVED attempts=1 streak=1
[2026-09-14T10:10:36.331Z] batch=field-waveform-1789380511292-3 D2 FIRST_VALID_SAMPLE state=FIRST_FRAME_RECEIVED attempts=1 streak=1
[2026-09-14T10:10:36.334Z] batch=field-waveform-1789380511292-3 D6 FIRST_FRAME state=FIRST_FRAME_RECEIVED attempts=1 streak=1
[2026-09-14T10:10:36.335Z] batch=field-waveform-1789380511292-3 D6 FIRST_VALID_SAMPLE state=FIRST_FRAME_RECEIVED attempts=1 streak=1
[2026-09-14T10:10:36.338Z] batch=field-waveform-1789380511292-3 D5 FIRST_FRAME state=FIRST_FRAME_RECEIVED attempts=1 streak=1
[2026-09-14T10:10:36.338Z] batch=field-waveform-1789380511292-3 D5 FIRST_VALID_SAMPLE state=FIRST_FRAME_RECEIVED attempts=1 streak=1
[2026-09-14T10:10:36.475Z] batch=field-waveform-1789380511292-3 D1 CHANNEL_SYNC_OK state=TEST_READY attempts=1 streak=5
[2026-09-14T10:10:36.475Z] batch=field-waveform-1789380511292-3 D1 TEST_READY state=TEST_READY attempts=1 streak=5
[2026-09-14T10:10:36.549Z] batch=field-waveform-1789380511292-3 D3 CHANNEL_SYNC_OK state=TEST_READY attempts=1 streak=5
[2026-09-14T10:10:36.550Z] batch=field-waveform-1789380511292-3 D3 TEST_READY state=TEST_READY attempts=1 streak=5
[2026-09-14T10:10:36.555Z] batch=field-waveform-1789380511292-3 D4 CHANNEL_SYNC_OK state=TEST_READY attempts=1 streak=5
[2026-09-14T10:10:36.555Z] batch=field-waveform-1789380511292-3 D4 TEST_READY state=TEST_READY attempts=1 streak=5
[2026-09-14T10:10:36.558Z] batch=field-waveform-1789380511292-3 D2 CHANNEL_SYNC_OK state=TEST_READY attempts=1 streak=5
[2026-09-14T10:10:36.558Z] batch=field-waveform-1789380511292-3 D2 TEST_READY state=TEST_READY attempts=1 streak=5
[2026-09-14T10:10:36.560Z] batch=field-waveform-1789380511292-3 D6 CHANNEL_SYNC_OK state=TEST_READY attempts=1 streak=5
[2026-09-14T10:10:36.562Z] batch=field-waveform-1789380511292-3 D6 TEST_READY state=TEST_READY attempts=1 streak=5
[2026-09-14T10:10:36.565Z] batch=field-waveform-1789380511292-3 D5 CHANNEL_SYNC_OK state=TEST_READY attempts=1 streak=5
[2026-09-14T10:10:36.566Z] batch=field-waveform-1789380511292-3 D5 TEST_READY state=TEST_READY attempts=1 streak=5
[2026-09-14T10:11:03.191Z] batch=field-waveform-1789380511292-3 D4 MODE_SWITCH_START state=MODE_SWITCHING attempts=1 streak=0 attempt=1
[2026-09-14T10:11:03.191Z] batch=field-waveform-1789380511292-3 D4 MODE_SWITCH_OK state=MODE_SWITCH_OK attempts=1 streak=0
[2026-09-14T10:11:03.197Z] batch=field-waveform-1789380511292-3 D3 MODE_SWITCH_START state=MODE_SWITCHING attempts=1 streak=0 attempt=1
[2026-09-14T10:11:03.198Z] batch=field-waveform-1789380511292-3 D3 MODE_SWITCH_OK state=MODE_SWITCH_OK attempts=1 streak=0
[2026-09-14T10:11:03.203Z] batch=field-waveform-1789380511292-3 D2 MODE_SWITCH_START state=MODE_SWITCHING attempts=1 streak=0 attempt=1
[2026-09-14T10:11:03.205Z] batch=field-waveform-1789380511292-3 D2 MODE_SWITCH_OK state=MODE_SWITCH_OK attempts=1 streak=0
[2026-09-14T10:11:03.213Z] batch=field-waveform-1789380511292-3 D6 MODE_SWITCH_START state=MODE_SWITCHING attempts=1 streak=0 attempt=1
[2026-09-14T10:11:03.214Z] batch=field-waveform-1789380511292-3 D6 MODE_SWITCH_OK state=MODE_SWITCH_OK attempts=1 streak=0
[2026-09-14T10:11:03.220Z] batch=field-waveform-1789380511292-3 D5 MODE_SWITCH_START state=MODE_SWITCHING attempts=1 streak=0 attempt=1
[2026-09-14T10:11:03.221Z] batch=field-waveform-1789380511292-3 D5 MODE_SWITCH_OK state=MODE_SWITCH_OK attempts=1 streak=0
[2026-09-14T10:11:03.227Z] batch=field-waveform-1789380511292-3 D1 MODE_SWITCH_START state=MODE_SWITCHING attempts=1 streak=0 attempt=1
[2026-09-14T10:11:03.228Z] batch=field-waveform-1789380511292-3 D1 MODE_SWITCH_OK state=MODE_SWITCH_OK attempts=1 streak=0
