[2026-09-10T01:31:31.805Z] batch=field-waveform-1789003733317-19 D6 MODE_SWITCH_START state=MODE_SWITCHING attempts=1 streak=0 attempt=1
[2026-09-10T01:31:31.819Z] batch=field-waveform-1789003733317-19 D6 MODE_SWITCH_OK state=MODE_SWITCH_OK attempts=1 streak=0
[2026-09-10T01:31:31.832Z] batch=field-waveform-1789003733317-19 D1 MODE_SWITCH_START state=MODE_SWITCHING attempts=1 streak=0 attempt=1
[2026-09-10T01:31:31.837Z] batch=field-waveform-1789003733317-19 D1 MODE_SWITCH_OK state=MODE_SWITCH_OK attempts=1 streak=0
[2026-09-10T01:31:32.103Z] batch=field-waveform-1789003733317-19 D2 MODE_SWITCH_START state=MODE_SWITCHING attempts=1 streak=0 attempt=1
[2026-09-10T01:31:32.113Z] batch=field-waveform-1789003733317-19 D2 MODE_SWITCH_OK state=MODE_SWITCH_OK attempts=1 streak=0
[2026-09-10T01:31:32.125Z] batch=field-waveform-1789003733317-19 D4 MODE_SWITCH_START state=MODE_SWITCHING attempts=1 streak=0 attempt=1
[2026-09-10T01:31:32.126Z] batch=field-waveform-1789003733317-19 D4 MODE_SWITCH_OK state=MODE_SWITCH_OK attempts=1 streak=0
[2026-09-10T01:31:32.138Z] batch=field-waveform-1789003733317-19 D3 MODE_SWITCH_START state=MODE_SWITCHING attempts=1 streak=0 attempt=1
[2026-09-10T01:31:32.139Z] batch=field-waveform-1789003733317-19 D3 MODE_SWITCH_OK state=MODE_SWITCH_OK attempts=1 streak=0
[2026-09-10T01:31:32.417Z] batch=field-waveform-1789003733317-19 D5 MODE_SWITCH_START state=MODE_SWITCHING attempts=1 streak=0 attempt=1
[2026-09-10T01:31:32.431Z] batch=field-waveform-1789003733317-19 D5 MODE_SWITCH_OK state=MODE_SWITCH_OK attempts=1 streak=0
[2026-09-10T01:31:37.101Z] batch=field-waveform-1789003897100-20 D1 MODE_SWITCH_START state=MODE_SWITCHING attempts=1 streak=0 attempt=1
[2026-09-10T01:31:37.111Z] batch=field-waveform-1789003897100-20 D2 MODE_SWITCH_START state=MODE_SWITCHING attempts=1 streak=0 attempt=1
[2026-09-10T01:31:37.112Z] batch=field-waveform-1789003897100-20 D3 MODE_SWITCH_START state=MODE_SWITCHING attempts=1 streak=0 attempt=1
[2026-09-10T01:31:37.113Z] batch=field-waveform-1789003897100-20 D4 MODE_SWITCH_START state=MODE_SWITCHING attempts=1 streak=0 attempt=1
[2026-09-10T01:31:37.114Z] batch=field-waveform-1789003897100-20 D5 MODE_SWITCH_START state=MODE_SWITCHING attempts=1 streak=0 attempt=1
[2026-09-10T01:31:37.115Z] batch=field-waveform-1789003897100-20 D6 MODE_SWITCH_START state=MODE_SWITCHING attempts=1 streak=0 attempt=1
[2026-09-10T01:31:37.120Z] batch=field-waveform-1789003897100-20 D1 MODE_SWITCH_OK state=MODE_SWITCH_OK attempts=1 streak=0
[2026-09-10T01:31:37.121Z] batch=field-waveform-1789003897100-20 D2 MODE_SWITCH_OK state=MODE_SWITCH_OK attempts=1 streak=0
[2026-09-10T01:31:37.130Z] batch=field-waveform-1789003897100-20 D3 MODE_SWITCH_OK state=MODE_SWITCH_OK attempts=1 streak=0
[2026-09-10T01:31:37.135Z] batch=field-waveform-1789003897100-20 D4 MODE_SWITCH_OK state=MODE_SWITCH_OK attempts=1 streak=0
[2026-09-10T01:31:37.135Z] batch=field-waveform-1789003897100-20 D5 MODE_SWITCH_OK state=MODE_SWITCH_OK attempts=1 streak=0
[2026-09-10T01:31:37.136Z] batch=field-waveform-1789003897100-20 D6 MODE_SWITCH_OK state=MODE_SWITCH_OK attempts=1 streak=0
[2026-09-10T01:31:41.830Z] batch=field-waveform-1789003897100-20 D6 MODE_SWITCH_START state=MODE_SWITCHING attempts=1 streak=0 attempt=1
[2026-09-10T01:31:41.840Z] batch=field-waveform-1789003897100-20 D6 MODE_SWITCH_OK state=MODE_SWITCH_OK attempts=1 streak=0
[2026-09-10T01:31:41.842Z] batch=field-waveform-1789003897100-20 D1 MODE_SWITCH_START state=MODE_SWITCHING attempts=1 streak=0 attempt=1
[2026-09-10T01:31:41.846Z] batch=field-waveform-1789003897100-20 D1 MODE_SWITCH_OK state=MODE_SWITCH_OK attempts=1 streak=0
[2026-09-10T01:31:42.121Z] batch=field-waveform-1789003897100-20 D2 MODE_SWITCH_START state=MODE_SWITCHING attempts=1 streak=0 attempt=1
[2026-09-10T01:31:42.123Z] batch=field-waveform-1789003897100-20 D2 MODE_SWITCH_OK state=MODE_SWITCH_OK attempts=1 streak=0
[2026-09-10T01:31:42.126Z] batch=field-waveform-1789003897100-20 D4 MODE_SWITCH_START state=MODE_SWITCHING attempts=1 streak=0 attempt=1
[2026-09-10T01:31:42.127Z] batch=field-waveform-1789003897100-20 D4 MODE_SWITCH_OK state=MODE_SWITCH_OK attempts=1 streak=0
[2026-09-10T01:31:42.153Z] batch=field-waveform-1789003897100-20 D3 MODE_SWITCH_START state=MODE_SWITCHING attempts=1 streak=0 attempt=1
[2026-09-10T01:31:42.164Z] batch=field-waveform-1789003897100-20 D3 MODE_SWITCH_OK state=MODE_SWITCH_OK attempts=1 streak=0
[2026-09-10T01:31:42.444Z] batch=field-waveform-1789003897100-20 D5 MODE_SWITCH_START state=MODE_SWITCHING attempts=1 streak=0 attempt=1
[2026-09-10T01:31:42.468Z] batch=field-waveform-1789003897100-20 D5 MODE_SWITCH_OK state=MODE_SWITCH_OK attempts=1 streak=0
[2026-09-10T01:31:51.854Z] batch=field-waveform-1789003897100-20 D6 MODE_SWITCH_START state=MODE_SWITCHING attempts=1 streak=0 attempt=1
[2026-09-10T01:31:51.866Z] batch=field-waveform-1789003897100-20 D6 MODE_SWITCH_OK state=MODE_SWITCH_OK attempts=1 streak=0
[2026-09-10T01:31:51.867Z] batch=field-waveform-1789003897100-20 D1 MODE_SWITCH_START state=MODE_SWITCHING attempts=1 streak=0 attempt=1
[2026-09-10T01:31:51.870Z] batch=field-waveform-1789003897100-20 D1 MODE_SWITCH_OK state=MODE_SWITCH_OK attempts=1 streak=0
[2026-09-10T01:31:52.134Z] batch=field-waveform-1789003897100-20 D2 MODE_SWITCH_START state=MODE_SWITCHING attempts=1 streak=0 attempt=1
[2026-09-10T01:31:52.137Z] batch=field-waveform-1789003897100-20 D2 MODE_SWITCH_OK state=MODE_SWITCH_OK attempts=1 streak=0
[2026-09-10T01:31:52.138Z] batch=field-waveform-1789003897100-20 D4 MODE_SWITCH_START state=MODE_SWITCHING attempts=1 streak=0 attempt=1
[2026-09-10T01:31:52.139Z] batch=field-waveform-1789003897100-20 D4 MODE_SWITCH_OK state=MODE_SWITCH_OK attempts=1 streak=0
[2026-09-10T01:31:52.178Z] batch=field-waveform-1789003897100-20 D3 MODE_SWITCH_START state=MODE_SWITCHING attempts=1 streak=0 attempt=1
[2026-09-10T01:31:52.181Z] batch=field-waveform-1789003897100-20 D3 MODE_SWITCH_OK state=MODE_SWITCH_OK attempts=1 streak=0
[2026-09-10T01:31:52.474Z] batch=field-waveform-1789003897100-20 D5 MODE_SWITCH_START state=MODE_SWITCHING attempts=1 streak=0 attempt=1
[2026-09-10T01:31:52.498Z] batch=field-waveform-1789003897100-20 D5 MODE_SWITCH_OK state=MODE_SWITCH_OK attempts=1 streak=0
[2026-09-10T01:32:01.882Z] batch=field-waveform-1789003897100-20 D6 MODE_SWITCH_START state=MODE_SWITCHING attempts=1 streak=0 attempt=1
[2026-09-10T01:32:01.896Z] batch=field-waveform-1789003897100-20 D6 MODE_SWITCH_OK state=MODE_SWITCH_OK attempts=1 streak=0
[2026-09-10T01:32:01.898Z] batch=field-waveform-1789003897100-20 D1 MODE_SWITCH_START state=MODE_SWITCHING attempts=1 streak=0 attempt=1
[2026-09-10T01:32:01.912Z] batch=field-waveform-1789003897100-20 D1 MODE_SWITCH_OK state=MODE_SWITCH_OK attempts=1 streak=0
[2026-09-10T01:32:02.145Z] batch=field-waveform-1789003897100-20 D2 MODE_SWITCH_START state=MODE_SWITCHING attempts=1 streak=0 attempt=1
[2026-09-10T01:32:02.147Z] batch=field-waveform-1789003897100-20 D2 MODE_SWITCH_OK state=MODE_SWITCH_OK attempts=1 streak=0
[2026-09-10T01:32:02.148Z] batch=field-waveform-1789003897100-20 D4 MODE_SWITCH_START state=MODE_SWITCHING attempts=1 streak=0 attempt=1
[2026-09-10T01:32:02.154Z] batch=field-waveform-1789003897100-20 D4 MODE_SWITCH_OK state=MODE_SWITCH_OK attempts=1 streak=0
[2026-09-10T01:32:02.189Z] batch=field-waveform-1789003897100-20 D3 MODE_SWITCH_START state=MODE_SWITCHING attempts=1 streak=0 attempt=1
[2026-09-10T01:32:02.192Z] batch=field-waveform-1789003897100-20 D3 MODE_SWITCH_OK state=MODE_SWITCH_OK attempts=1 streak=0
[2026-09-10T01:32:02.511Z] batch=field-waveform-1789003897100-20 D5 MODE_SWITCH_START state=MODE_SWITCHING attempts=1 streak=0 attempt=1
[2026-09-10T01:32:02.537Z] batch=field-waveform-1789003897100-20 D5 MODE_SWITCH_OK state=MODE_SWITCH_OK attempts=1 streak=0
[2026-09-10T01:32:06.976Z] batch=field-waveform-1789003897100-20 D6 FIRST_FRAME state=FIRST_FRAME_RECEIVED attempts=1 streak=1
[2026-09-10T01:32:06.977Z] batch=field-waveform-1789003897100-20 D6 FIRST_VALID_SAMPLE state=FIRST_FRAME_RECEIVED attempts=1 streak=1
[2026-09-10T01:32:06.985Z] batch=field-waveform-1789003897100-20 D1 FIRST_FRAME state=FIRST_FRAME_RECEIVED attempts=1 streak=1
[2026-09-10T01:32:06.985Z] batch=field-waveform-1789003897100-20 D1 FIRST_VALID_SAMPLE state=FIRST_FRAME_RECEIVED attempts=1 streak=1
[2026-09-10T01:32:07.224Z] batch=field-waveform-1789003897100-20 D6 CHANNEL_SYNC_OK state=TEST_READY attempts=1 streak=5
[2026-09-10T01:32:07.224Z] batch=field-waveform-1789003897100-20 D6 TEST_READY state=TEST_READY attempts=1 streak=5
[2026-09-10T01:32:07.226Z] batch=field-waveform-1789003897100-20 D4 FIRST_FRAME state=FIRST_FRAME_RECEIVED attempts=1 streak=1
[2026-09-10T01:32:07.226Z] batch=field-waveform-1789003897100-20 D4 FIRST_VALID_SAMPLE state=FIRST_FRAME_RECEIVED attempts=1 streak=1
[2026-09-10T01:32:07.232Z] batch=field-waveform-1789003897100-20 D2 FIRST_FRAME state=FIRST_FRAME_RECEIVED attempts=1 streak=1
[2026-09-10T01:32:07.232Z] batch=field-waveform-1789003897100-20 D2 FIRST_VALID_SAMPLE state=FIRST_FRAME_RECEIVED attempts=1 streak=1
[2026-09-10T01:32:07.243Z] batch=field-waveform-1789003897100-20 D1 CHANNEL_SYNC_OK state=TEST_READY attempts=1 streak=5
[2026-09-10T01:32:07.243Z] batch=field-waveform-1789003897100-20 D1 TEST_READY state=TEST_READY attempts=1 streak=5
[2026-09-10T01:32:07.273Z] batch=field-waveform-1789003897100-20 D3 FIRST_FRAME state=FIRST_FRAME_RECEIVED attempts=1 streak=1
[2026-09-10T01:32:07.274Z] batch=field-waveform-1789003897100-20 D3 FIRST_VALID_SAMPLE state=FIRST_FRAME_RECEIVED attempts=1 streak=1
[2026-09-10T01:32:07.476Z] batch=field-waveform-1789003897100-20 D4 CHANNEL_SYNC_OK state=TEST_READY attempts=1 streak=5
[2026-09-10T01:32:07.476Z] batch=field-waveform-1789003897100-20 D4 TEST_READY state=TEST_READY attempts=1 streak=5
[2026-09-10T01:32:07.493Z] batch=field-waveform-1789003897100-20 D2 CHANNEL_SYNC_OK state=TEST_READY attempts=1 streak=5
[2026-09-10T01:32:07.493Z] batch=field-waveform-1789003897100-20 D2 TEST_READY state=TEST_READY attempts=1 streak=5
[2026-09-10T01:32:07.529Z] batch=field-waveform-1789003897100-20 D3 CHANNEL_SYNC_OK state=TEST_READY attempts=1 streak=5
[2026-09-10T01:32:07.529Z] batch=field-waveform-1789003897100-20 D3 TEST_READY state=TEST_READY attempts=1 streak=5
[2026-09-10T01:32:07.579Z] batch=field-waveform-1789003897100-20 D5 FIRST_FRAME state=FIRST_FRAME_RECEIVED attempts=1 streak=1
[2026-09-10T01:32:07.580Z] batch=field-waveform-1789003897100-20 D5 FIRST_VALID_SAMPLE state=FIRST_FRAME_RECEIVED attempts=1 streak=1
[2026-09-10T01:32:07.846Z] batch=field-waveform-1789003897100-20 D5 CHANNEL_SYNC_OK state=TEST_READY attempts=1 streak=5
[2026-09-10T01:32:07.846Z] batch=field-waveform-1789003897100-20 D5 TEST_READY state=TEST_READY attempts=1 streak=5
[2026-09-10T01:33:15.995Z] batch=field-waveform-1789003897100-20 D1 MODE_SWITCH_START state=MODE_SWITCHING attempts=1 streak=0 attempt=1
[2026-09-10T01:33:16.012Z] batch=field-waveform-1789003897100-20 D1 MODE_SWITCH_OK state=MODE_SWITCH_OK attempts=1 streak=0
[2026-09-10T01:33:16.019Z] batch=field-waveform-1789003897100-20 D3 MODE_SWITCH_START state=MODE_SWITCHING attempts=1 streak=0 attempt=1
[2026-09-10T01:33:16.054Z] batch=field-waveform-1789003897100-20 D3 MODE_SWITCH_OK state=MODE_SWITCH_OK attempts=1 streak=0
[2026-09-10T01:33:16.062Z] batch=field-waveform-1789003897100-20 D4 MODE_SWITCH_START state=MODE_SWITCHING attempts=1 streak=0 attempt=1
[2026-09-10T01:33:16.077Z] batch=field-waveform-1789003897100-20 D4 MODE_SWITCH_OK state=MODE_SWITCH_OK attempts=1 streak=0
[2026-09-10T01:33:16.086Z] batch=field-waveform-1789003897100-20 D6 MODE_SWITCH_START state=MODE_SWITCHING attempts=1 streak=0 attempt=1
[2026-09-10T01:33:16.109Z] batch=field-waveform-1789003897100-20 D6 MODE_SWITCH_OK state=MODE_SWITCH_OK attempts=1 streak=0
[2026-09-10T01:33:16.119Z] batch=field-waveform-1789003897100-20 D2 MODE_SWITCH_START state=MODE_SWITCHING attempts=1 streak=0 attempt=1
[2026-09-10T01:33:16.130Z] batch=field-waveform-1789003897100-20 D2 MODE_SWITCH_OK state=MODE_SWITCH_OK attempts=1 streak=0
[2026-09-10T01:33:16.136Z] batch=field-waveform-1789003897100-20 D5 MODE_SWITCH_START state=MODE_SWITCHING attempts=1 streak=0 attempt=1
[2026-09-10T01:33:16.141Z] batch=field-waveform-1789003897100-20 D5 MODE_SWITCH_OK state=MODE_SWITCH_OK attempts=1 streak=0
[2026-09-10T01:33:26.050Z] batch=field-waveform-1789003897100-20 D1 MODE_SWITCH_START state=MODE_SWITCHING attempts=1 streak=0 attempt=1
[2026-09-10T01:33:26.062Z] batch=field-waveform-1789003897100-20 D1 MODE_SWITCH_OK state=MODE_SWITCH_OK attempts=1 streak=0
[2026-09-10T01:33:26.178Z] batch=field-waveform-1789003897100-20 D3 MODE_SWITCH_START state=MODE_SWITCHING attempts=1 streak=0 attempt=1
[2026-09-10T01:33:26.189Z] batch=field-waveform-1789003897100-20 D3 MODE_SWITCH_OK state=MODE_SWITCH_OK attempts=1 streak=0
[2026-09-10T01:33:26.197Z] batch=field-waveform-1789003897100-20 D4 MODE_SWITCH_START state=MODE_SWITCHING attempts=1 streak=0 attempt=1
[2026-09-10T01:33:26.208Z] batch=field-waveform-1789003897100-20 D4 MODE_SWITCH_OK state=MODE_SWITCH_OK attempts=1 streak=0
[2026-09-10T01:33:26.216Z] batch=field-waveform-1789003897100-20 D6 MODE_SWITCH_START state=MODE_SWITCHING attempts=1 streak=0 attempt=1
[2026-09-10T01:33:26.220Z] batch=field-waveform-1789003897100-20 D6 MODE_SWITCH_OK state=MODE_SWITCH_OK attempts=1 streak=0
[2026-09-10T01:33:26.227Z] batch=field-waveform-1789003897100-20 D2 MODE_SWITCH_START state=MODE_SWITCHING attempts=1 streak=0 attempt=1
[2026-09-10T01:33:26.231Z] batch=field-waveform-1789003897100-20 D2 MODE_SWITCH_OK state=MODE_SWITCH_OK attempts=1 streak=0
[2026-09-10T01:33:26.238Z] batch=field-waveform-1789003897100-20 D5 MODE_SWITCH_START state=MODE_SWITCHING attempts=1 streak=0 attempt=1
[2026-09-10T01:33:26.240Z] batch=field-waveform-1789003897100-20 D5 MODE_SWITCH_OK state=MODE_SWITCH_OK attempts=1 streak=0
[2026-09-10T01:33:31.152Z] batch=field-waveform-1789003897100-20 D1 FIRST_FRAME state=FIRST_FRAME_RECEIVED attempts=1 streak=1
[2026-09-10T01:33:31.152Z] batch=field-waveform-1789003897100-20 D1 FIRST_VALID_SAMPLE state=FIRST_FRAME_RECEIVED attempts=1 streak=1
[2026-09-10T01:33:31.301Z] batch=field-waveform-1789003897100-20 D4 FIRST_FRAME state=FIRST_FRAME_RECEIVED attempts=1 streak=1
[2026-09-10T01:33:31.301Z] batch=field-waveform-1789003897100-20 D4 FIRST_VALID_SAMPLE state=FIRST_FRAME_RECEIVED attempts=1 streak=1
[2026-09-10T01:33:31.304Z] batch=field-waveform-1789003897100-20 D6 FIRST_FRAME state=FIRST_FRAME_RECEIVED attempts=1 streak=1
[2026-09-10T01:33:31.304Z] batch=field-waveform-1789003897100-20 D6 FIRST_VALID_SAMPLE state=FIRST_FRAME_RECEIVED attempts=1 streak=1
[2026-09-10T01:33:31.305Z] batch=field-waveform-1789003897100-20 D2 FIRST_FRAME state=FIRST_FRAME_RECEIVED attempts=1 streak=1
[2026-09-10T01:33:31.305Z] batch=field-waveform-1789003897100-20 D2 FIRST_VALID_SAMPLE state=FIRST_FRAME_RECEIVED attempts=1 streak=1
[2026-09-10T01:33:31.388Z] batch=field-waveform-1789003897100-20 D3 FIRST_FRAME state=FIRST_FRAME_RECEIVED attempts=1 streak=1
[2026-09-10T01:33:31.388Z] batch=field-waveform-1789003897100-20 D3 FIRST_VALID_SAMPLE state=FIRST_FRAME_RECEIVED attempts=1 streak=1
[2026-09-10T01:33:31.423Z] batch=field-waveform-1789003897100-20 D1 CHANNEL_SYNC_OK state=TEST_READY attempts=1 streak=5
[2026-09-10T01:33:31.423Z] batch=field-waveform-1789003897100-20 D1 TEST_READY state=TEST_READY attempts=1 streak=5
[2026-09-10T01:33:31.424Z] batch=field-waveform-1789003897100-20 D5 FIRST_FRAME state=FIRST_FRAME_RECEIVED attempts=1 streak=1
[2026-09-10T01:33:31.424Z] batch=field-waveform-1789003897100-20 D5 FIRST_VALID_SAMPLE state=FIRST_FRAME_RECEIVED attempts=1 streak=1
[2026-09-10T01:33:31.655Z] batch=field-waveform-1789003897100-20 D5 CHANNEL_SYNC_OK state=TEST_READY attempts=1 streak=5
[2026-09-10T01:33:31.656Z] batch=field-waveform-1789003897100-20 D5 TEST_READY state=TEST_READY attempts=1 streak=5
[2026-09-10T01:33:31.658Z] batch=field-waveform-1789003897100-20 D6 CHANNEL_SYNC_OK state=TEST_READY attempts=1 streak=5
[2026-09-10T01:33:31.658Z] batch=field-waveform-1789003897100-20 D6 TEST_READY state=TEST_READY attempts=1 streak=5
[2026-09-10T01:33:31.660Z] batch=field-waveform-1789003897100-20 D2 CHANNEL_SYNC_OK state=TEST_READY attempts=1 streak=5
[2026-09-10T01:33:31.660Z] batch=field-waveform-1789003897100-20 D2 TEST_READY state=TEST_READY attempts=1 streak=5
[2026-09-10T01:33:31.661Z] batch=field-waveform-1789003897100-20 D3 CHANNEL_SYNC_OK state=TEST_READY attempts=1 streak=5
[2026-09-10T01:33:31.661Z] batch=field-waveform-1789003897100-20 D3 TEST_READY state=TEST_READY attempts=1 streak=5
[2026-09-10T01:33:31.662Z] batch=field-waveform-1789003897100-20 D4 CHANNEL_SYNC_OK state=TEST_READY attempts=1 streak=5
[2026-09-10T01:33:31.662Z] batch=field-waveform-1789003897100-20 D4 TEST_READY state=TEST_READY attempts=1 streak=5
