[2026-09-11T07:55:20.192Z] batch=field-waveform-1789113141014-21 D5 MODE_SWITCH_START state=MODE_SWITCHING attempts=1 streak=0 attempt=1
[2026-09-11T07:55:20.204Z] batch=field-waveform-1789113141014-21 D5 MODE_SWITCH_OK state=MODE_SWITCH_OK attempts=1 streak=0
[2026-09-11T07:55:20.213Z] batch=field-waveform-1789113141014-21 D4 MODE_SWITCH_START state=MODE_SWITCHING attempts=1 streak=0 attempt=1
[2026-09-11T07:55:20.215Z] batch=field-waveform-1789113141014-21 D4 MODE_SWITCH_OK state=MODE_SWITCH_OK attempts=1 streak=0
[2026-09-11T07:55:20.223Z] batch=field-waveform-1789113141014-21 D3 MODE_SWITCH_START state=MODE_SWITCHING attempts=1 streak=0 attempt=1
[2026-09-11T07:55:20.236Z] batch=field-waveform-1789113141014-21 D3 MODE_SWITCH_OK state=MODE_SWITCH_OK attempts=1 streak=0
[2026-09-11T07:55:20.714Z] batch=field-waveform-1789113141014-21 D6 MODE_SWITCH_START state=MODE_SWITCHING attempts=1 streak=0 attempt=1
[2026-09-11T07:55:20.723Z] batch=field-waveform-1789113141014-21 D6 MODE_SWITCH_OK state=MODE_SWITCH_OK attempts=1 streak=0
[2026-09-11T07:55:20.740Z] batch=field-waveform-1789113141014-21 D1 MODE_SWITCH_START state=MODE_SWITCHING attempts=1 streak=0 attempt=1
[2026-09-11T07:55:20.747Z] batch=field-waveform-1789113141014-21 D1 MODE_SWITCH_OK state=MODE_SWITCH_OK attempts=1 streak=0
[2026-09-11T07:55:20.756Z] batch=field-waveform-1789113141014-21 D2 MODE_SWITCH_START state=MODE_SWITCHING attempts=1 streak=0 attempt=1
[2026-09-11T07:55:20.763Z] batch=field-waveform-1789113141014-21 D2 MODE_SWITCH_OK state=MODE_SWITCH_OK attempts=1 streak=0
[2026-09-11T07:55:30.318Z] batch=field-waveform-1789113141014-21 D5 MODE_SWITCH_START state=MODE_SWITCHING attempts=1 streak=0 attempt=1
[2026-09-11T07:55:30.328Z] batch=field-waveform-1789113141014-21 D5 MODE_SWITCH_OK state=MODE_SWITCH_OK attempts=1 streak=0
[2026-09-11T07:55:30.336Z] batch=field-waveform-1789113141014-21 D4 MODE_SWITCH_START state=MODE_SWITCHING attempts=1 streak=0 attempt=1
[2026-09-11T07:55:30.339Z] batch=field-waveform-1789113141014-21 D4 MODE_SWITCH_OK state=MODE_SWITCH_OK attempts=1 streak=0
[2026-09-11T07:55:30.355Z] batch=field-waveform-1789113141014-21 D3 MODE_SWITCH_START state=MODE_SWITCHING attempts=1 streak=0 attempt=1
[2026-09-11T07:55:30.369Z] batch=field-waveform-1789113141014-21 D3 MODE_SWITCH_OK state=MODE_SWITCH_OK attempts=1 streak=0
[2026-09-11T07:55:30.873Z] batch=field-waveform-1789113141014-21 D6 MODE_SWITCH_START state=MODE_SWITCHING attempts=1 streak=0 attempt=1
[2026-09-11T07:55:30.875Z] batch=field-waveform-1789113141014-21 D6 MODE_SWITCH_OK state=MODE_SWITCH_OK attempts=1 streak=0
[2026-09-11T07:55:30.883Z] batch=field-waveform-1789113141014-21 D1 MODE_SWITCH_START state=MODE_SWITCHING attempts=1 streak=0 attempt=1
[2026-09-11T07:55:30.888Z] batch=field-waveform-1789113141014-21 D1 MODE_SWITCH_OK state=MODE_SWITCH_OK attempts=1 streak=0
[2026-09-11T07:55:30.896Z] batch=field-waveform-1789113141014-21 D2 MODE_SWITCH_START state=MODE_SWITCHING attempts=1 streak=0 attempt=1
[2026-09-11T07:55:30.906Z] batch=field-waveform-1789113141014-21 D2 MODE_SWITCH_OK state=MODE_SWITCH_OK attempts=1 streak=0
[2026-09-11T07:55:40.579Z] batch=field-waveform-1789113141014-21 D5 MODE_SWITCH_START state=MODE_SWITCHING attempts=1 streak=0 attempt=1
[2026-09-11T07:55:40.590Z] batch=field-waveform-1789113141014-21 D5 MODE_SWITCH_OK state=MODE_SWITCH_OK attempts=1 streak=0
[2026-09-11T07:55:40.598Z] batch=field-waveform-1789113141014-21 D4 MODE_SWITCH_START state=MODE_SWITCHING attempts=1 streak=0 attempt=1
[2026-09-11T07:55:40.603Z] batch=field-waveform-1789113141014-21 D4 MODE_SWITCH_OK state=MODE_SWITCH_OK attempts=1 streak=0
[2026-09-11T07:55:40.612Z] batch=field-waveform-1789113141014-21 D3 MODE_SWITCH_START state=MODE_SWITCHING attempts=1 streak=0 attempt=1
[2026-09-11T07:55:40.617Z] batch=field-waveform-1789113141014-21 D3 MODE_SWITCH_OK state=MODE_SWITCH_OK attempts=1 streak=0
[2026-09-11T07:55:41.170Z] batch=field-waveform-1789113141014-21 D6 MODE_SWITCH_START state=MODE_SWITCHING attempts=1 streak=0 attempt=1
[2026-09-11T07:55:41.184Z] batch=field-waveform-1789113141014-21 D6 MODE_SWITCH_OK state=MODE_SWITCH_OK attempts=1 streak=0
[2026-09-11T07:55:41.199Z] batch=field-waveform-1789113141014-21 D1 MODE_SWITCH_START state=MODE_SWITCHING attempts=1 streak=0 attempt=1
[2026-09-11T07:55:41.201Z] batch=field-waveform-1789113141014-21 D1 MODE_SWITCH_OK state=MODE_SWITCH_OK attempts=1 streak=0
[2026-09-11T07:55:41.209Z] batch=field-waveform-1789113141014-21 D2 MODE_SWITCH_START state=MODE_SWITCHING attempts=1 streak=0 attempt=1
[2026-09-11T07:55:41.223Z] batch=field-waveform-1789113141014-21 D2 MODE_SWITCH_OK state=MODE_SWITCH_OK attempts=1 streak=0
[2026-09-11T07:55:50.701Z] batch=field-waveform-1789113141014-21 D5 MODE_SWITCH_START state=MODE_SWITCHING attempts=1 streak=0 attempt=1
[2026-09-11T07:55:50.710Z] batch=field-waveform-1789113141014-21 D5 MODE_SWITCH_OK state=MODE_SWITCH_OK attempts=1 streak=0
[2026-09-11T07:55:50.718Z] batch=field-waveform-1789113141014-21 D4 MODE_SWITCH_START state=MODE_SWITCHING attempts=1 streak=0 attempt=1
[2026-09-11T07:55:50.728Z] batch=field-waveform-1789113141014-21 D4 MODE_SWITCH_OK state=MODE_SWITCH_OK attempts=1 streak=0
[2026-09-11T07:55:50.745Z] batch=field-waveform-1789113141014-21 D3 MODE_SWITCH_START state=MODE_SWITCHING attempts=1 streak=0 attempt=1
[2026-09-11T07:55:50.752Z] batch=field-waveform-1789113141014-21 D3 MODE_SWITCH_OK state=MODE_SWITCH_OK attempts=1 streak=0
[2026-09-11T07:55:51.248Z] batch=field-waveform-1789113141014-21 D6 MODE_SWITCH_START state=MODE_SWITCHING attempts=1 streak=0 attempt=1
[2026-09-11T07:55:51.267Z] batch=field-waveform-1789113141014-21 D6 MODE_SWITCH_OK state=MODE_SWITCH_OK attempts=1 streak=0
[2026-09-11T07:55:51.283Z] batch=field-waveform-1789113141014-21 D1 MODE_SWITCH_START state=MODE_SWITCHING attempts=1 streak=0 attempt=1
[2026-09-11T07:55:51.287Z] batch=field-waveform-1789113141014-21 D1 MODE_SWITCH_OK state=MODE_SWITCH_OK attempts=1 streak=0
[2026-09-11T07:55:51.296Z] batch=field-waveform-1789113141014-21 D2 MODE_SWITCH_START state=MODE_SWITCHING attempts=1 streak=0 attempt=1
[2026-09-11T07:55:51.297Z] batch=field-waveform-1789113141014-21 D2 MODE_SWITCH_OK state=MODE_SWITCH_OK attempts=1 streak=0
[2026-09-11T07:56:00.721Z] batch=field-waveform-1789113141014-21 D5 MODE_SWITCH_START state=MODE_SWITCHING attempts=1 streak=0 attempt=1
[2026-09-11T07:56:00.733Z] batch=field-waveform-1789113141014-21 D5 MODE_SWITCH_OK state=MODE_SWITCH_OK attempts=1 streak=0
[2026-09-11T07:56:00.742Z] batch=field-waveform-1789113141014-21 D4 MODE_SWITCH_START state=MODE_SWITCHING attempts=1 streak=0 attempt=1
[2026-09-11T07:56:00.745Z] batch=field-waveform-1789113141014-21 D4 MODE_SWITCH_OK state=MODE_SWITCH_OK attempts=1 streak=0
[2026-09-11T07:56:01.216Z] batch=field-waveform-1789113141014-21 D3 MODE_SWITCH_START state=MODE_SWITCHING attempts=1 streak=0 attempt=1
[2026-09-11T07:56:01.225Z] batch=field-waveform-1789113141014-21 D3 MODE_SWITCH_OK state=MODE_SWITCH_OK attempts=1 streak=0
[2026-09-11T07:56:01.516Z] batch=field-waveform-1789113141014-21 D6 MODE_SWITCH_START state=MODE_SWITCHING attempts=1 streak=0 attempt=1
[2026-09-11T07:56:01.518Z] batch=field-waveform-1789113141014-21 D6 MODE_SWITCH_OK state=MODE_SWITCH_OK attempts=1 streak=0
[2026-09-11T07:56:01.527Z] batch=field-waveform-1789113141014-21 D1 MODE_SWITCH_START state=MODE_SWITCHING attempts=1 streak=0 attempt=1
[2026-09-11T07:56:01.529Z] batch=field-waveform-1789113141014-21 D1 MODE_SWITCH_OK state=MODE_SWITCH_OK attempts=1 streak=0
[2026-09-11T07:56:01.536Z] batch=field-waveform-1789113141014-21 D2 MODE_SWITCH_START state=MODE_SWITCHING attempts=1 streak=0 attempt=1
[2026-09-11T07:56:01.540Z] batch=field-waveform-1789113141014-21 D2 MODE_SWITCH_OK state=MODE_SWITCH_OK attempts=1 streak=0
[2026-09-11T07:56:10.801Z] batch=field-waveform-1789113141014-21 D5 MODE_SWITCH_START state=MODE_SWITCHING attempts=1 streak=0 attempt=1
[2026-09-11T07:56:10.815Z] batch=field-waveform-1789113141014-21 D5 MODE_SWITCH_OK state=MODE_SWITCH_OK attempts=1 streak=0
[2026-09-11T07:56:10.823Z] batch=field-waveform-1789113141014-21 D4 MODE_SWITCH_START state=MODE_SWITCHING attempts=1 streak=0 attempt=1
[2026-09-11T07:56:10.832Z] batch=field-waveform-1789113141014-21 D4 MODE_SWITCH_OK state=MODE_SWITCH_OK attempts=1 streak=0
[2026-09-11T07:56:11.304Z] batch=field-waveform-1789113141014-21 D3 MODE_SWITCH_START state=MODE_SWITCHING attempts=1 streak=0 attempt=1
[2026-09-11T07:56:11.312Z] batch=field-waveform-1789113141014-21 D3 MODE_SWITCH_OK state=MODE_SWITCH_OK attempts=1 streak=0
[2026-09-11T07:56:11.656Z] batch=field-waveform-1789113141014-21 D6 MODE_SWITCH_START state=MODE_SWITCHING attempts=1 streak=0 attempt=1
[2026-09-11T07:56:11.659Z] batch=field-waveform-1789113141014-21 D6 MODE_SWITCH_OK state=MODE_SWITCH_OK attempts=1 streak=0
[2026-09-11T07:56:11.668Z] batch=field-waveform-1789113141014-21 D1 MODE_SWITCH_START state=MODE_SWITCHING attempts=1 streak=0 attempt=1
[2026-09-11T07:56:11.672Z] batch=field-waveform-1789113141014-21 D1 MODE_SWITCH_OK state=MODE_SWITCH_OK attempts=1 streak=0
[2026-09-11T07:56:11.679Z] batch=field-waveform-1789113141014-21 D2 MODE_SWITCH_START state=MODE_SWITCHING attempts=1 streak=0 attempt=1
[2026-09-11T07:56:11.687Z] batch=field-waveform-1789113141014-21 D2 MODE_SWITCH_OK state=MODE_SWITCH_OK attempts=1 streak=0
[2026-09-11T07:56:20.958Z] batch=field-waveform-1789113141014-21 D5 MODE_SWITCH_START state=MODE_SWITCHING attempts=1 streak=0 attempt=1
[2026-09-11T07:56:20.968Z] batch=field-waveform-1789113141014-21 D5 MODE_SWITCH_OK state=MODE_SWITCH_OK attempts=1 streak=0
[2026-09-11T07:56:20.977Z] batch=field-waveform-1789113141014-21 D4 MODE_SWITCH_START state=MODE_SWITCHING attempts=1 streak=0 attempt=1
[2026-09-11T07:56:20.988Z] batch=field-waveform-1789113141014-21 D4 MODE_SWITCH_OK state=MODE_SWITCH_OK attempts=1 streak=0
[2026-09-11T07:56:21.840Z] batch=field-waveform-1789113141014-21 D3 MODE_SWITCH_START state=MODE_SWITCHING attempts=1 streak=0 attempt=1
[2026-09-11T07:56:21.850Z] batch=field-waveform-1789113141014-21 D3 MODE_SWITCH_OK state=MODE_SWITCH_OK attempts=1 streak=0
[2026-09-11T07:56:21.858Z] batch=field-waveform-1789113141014-21 D6 MODE_SWITCH_START state=MODE_SWITCHING attempts=1 streak=0 attempt=1
[2026-09-11T07:56:21.869Z] batch=field-waveform-1789113141014-21 D6 MODE_SWITCH_OK state=MODE_SWITCH_OK attempts=1 streak=0
[2026-09-11T07:56:21.877Z] batch=field-waveform-1789113141014-21 D1 MODE_SWITCH_START state=MODE_SWITCHING attempts=1 streak=0 attempt=1
[2026-09-11T07:56:21.880Z] batch=field-waveform-1789113141014-21 D1 MODE_SWITCH_OK state=MODE_SWITCH_OK attempts=1 streak=0
[2026-09-11T07:56:21.888Z] batch=field-waveform-1789113141014-21 D2 MODE_SWITCH_START state=MODE_SWITCHING attempts=1 streak=0 attempt=1
[2026-09-11T07:56:21.894Z] batch=field-waveform-1789113141014-21 D2 MODE_SWITCH_OK state=MODE_SWITCH_OK attempts=1 streak=0
[2026-09-11T07:56:31.248Z] batch=field-waveform-1789113141014-21 D5 MODE_SWITCH_START state=MODE_SWITCHING attempts=1 streak=0 attempt=1
[2026-09-11T07:56:31.250Z] batch=field-waveform-1789113141014-21 D5 MODE_SWITCH_OK state=MODE_SWITCH_OK attempts=1 streak=0
[2026-09-11T07:56:31.257Z] batch=field-waveform-1789113141014-21 D4 MODE_SWITCH_START state=MODE_SWITCHING attempts=1 streak=0 attempt=1
[2026-09-11T07:56:31.267Z] batch=field-waveform-1789113141014-21 D4 MODE_SWITCH_OK state=MODE_SWITCH_OK attempts=1 streak=0
[2026-09-11T07:56:31.882Z] batch=field-waveform-1789113141014-21 D3 MODE_SWITCH_START state=MODE_SWITCHING attempts=1 streak=0 attempt=1
[2026-09-11T07:56:31.891Z] batch=field-waveform-1789113141014-21 D3 MODE_SWITCH_OK state=MODE_SWITCH_OK attempts=1 streak=0
[2026-09-11T07:56:31.899Z] batch=field-waveform-1789113141014-21 D6 MODE_SWITCH_START state=MODE_SWITCHING attempts=1 streak=0 attempt=1
[2026-09-11T07:56:31.903Z] batch=field-waveform-1789113141014-21 D6 MODE_SWITCH_OK state=MODE_SWITCH_OK attempts=1 streak=0
[2026-09-11T07:56:31.911Z] batch=field-waveform-1789113141014-21 D1 MODE_SWITCH_START state=MODE_SWITCHING attempts=1 streak=0 attempt=1
[2026-09-11T07:56:31.914Z] batch=field-waveform-1789113141014-21 D1 MODE_SWITCH_OK state=MODE_SWITCH_OK attempts=1 streak=0
[2026-09-11T07:56:31.922Z] batch=field-waveform-1789113141014-21 D2 MODE_SWITCH_START state=MODE_SWITCHING attempts=1 streak=0 attempt=1
[2026-09-11T07:56:31.923Z] batch=field-waveform-1789113141014-21 D2 MODE_SWITCH_OK state=MODE_SWITCH_OK attempts=1 streak=0
[2026-09-11T07:56:41.580Z] batch=field-waveform-1789113141014-21 D5 MODE_SWITCH_START state=MODE_SWITCHING attempts=1 streak=0 attempt=1
[2026-09-11T07:56:41.582Z] batch=field-waveform-1789113141014-21 D5 MODE_SWITCH_OK state=MODE_SWITCH_OK attempts=1 streak=0
[2026-09-11T07:56:41.590Z] batch=field-waveform-1789113141014-21 D4 MODE_SWITCH_START state=MODE_SWITCHING attempts=1 streak=0 attempt=1
[2026-09-11T07:56:41.593Z] batch=field-waveform-1789113141014-21 D4 MODE_SWITCH_OK state=MODE_SWITCH_OK attempts=1 streak=0
[2026-09-11T07:56:41.955Z] batch=field-waveform-1789113141014-21 D3 MODE_SWITCH_START state=MODE_SWITCHING attempts=1 streak=0 attempt=1
[2026-09-11T07:56:41.965Z] batch=field-waveform-1789113141014-21 D3 MODE_SWITCH_OK state=MODE_SWITCH_OK attempts=1 streak=0
[2026-09-11T07:56:41.981Z] batch=field-waveform-1789113141014-21 D6 MODE_SWITCH_START state=MODE_SWITCHING attempts=1 streak=0 attempt=1
[2026-09-11T07:56:41.983Z] batch=field-waveform-1789113141014-21 D6 MODE_SWITCH_OK state=MODE_SWITCH_OK attempts=1 streak=0
[2026-09-11T07:56:41.992Z] batch=field-waveform-1789113141014-21 D1 MODE_SWITCH_START state=MODE_SWITCHING attempts=1 streak=0 attempt=1
[2026-09-11T07:56:41.994Z] batch=field-waveform-1789113141014-21 D1 MODE_SWITCH_OK state=MODE_SWITCH_OK attempts=1 streak=0
[2026-09-11T07:56:42.004Z] batch=field-waveform-1789113141014-21 D2 MODE_SWITCH_START state=MODE_SWITCHING attempts=1 streak=0 attempt=1
[2026-09-11T07:56:42.008Z] batch=field-waveform-1789113141014-21 D2 MODE_SWITCH_OK state=MODE_SWITCH_OK attempts=1 streak=0
[2026-09-11T07:56:51.823Z] batch=field-waveform-1789113141014-21 D5 MODE_SWITCH_START state=MODE_SWITCHING attempts=1 streak=0 attempt=1
[2026-09-11T07:56:51.829Z] batch=field-waveform-1789113141014-21 D5 MODE_SWITCH_OK state=MODE_SWITCH_OK attempts=1 streak=0
[2026-09-11T07:56:51.837Z] batch=field-waveform-1789113141014-21 D4 MODE_SWITCH_START state=MODE_SWITCHING attempts=1 streak=0 attempt=1
[2026-09-11T07:56:51.839Z] batch=field-waveform-1789113141014-21 D4 MODE_SWITCH_OK state=MODE_SWITCH_OK attempts=1 streak=0
[2026-09-11T07:56:51.980Z] batch=field-waveform-1789113141014-21 D3 MODE_SWITCH_START state=MODE_SWITCHING attempts=1 streak=0 attempt=1
[2026-09-11T07:56:51.990Z] batch=field-waveform-1789113141014-21 D3 MODE_SWITCH_OK state=MODE_SWITCH_OK attempts=1 streak=0
[2026-09-11T07:56:52.006Z] batch=field-waveform-1789113141014-21 D6 MODE_SWITCH_START state=MODE_SWITCHING attempts=1 streak=0 attempt=1
[2026-09-11T07:56:52.011Z] batch=field-waveform-1789113141014-21 D6 MODE_SWITCH_OK state=MODE_SWITCH_OK attempts=1 streak=0
[2026-09-11T07:56:52.025Z] batch=field-waveform-1789113141014-21 D1 MODE_SWITCH_START state=MODE_SWITCHING attempts=1 streak=0 attempt=1
[2026-09-11T07:56:52.028Z] batch=field-waveform-1789113141014-21 D1 MODE_SWITCH_OK state=MODE_SWITCH_OK attempts=1 streak=0
[2026-09-11T07:56:52.039Z] batch=field-waveform-1789113141014-21 D2 MODE_SWITCH_START state=MODE_SWITCHING attempts=1 streak=0 attempt=1
[2026-09-11T07:56:52.040Z] batch=field-waveform-1789113141014-21 D2 MODE_SWITCH_OK state=MODE_SWITCH_OK attempts=1 streak=0
[2026-09-11T07:57:01.990Z] batch=field-waveform-1789113141014-21 D5 MODE_SWITCH_START state=MODE_SWITCHING attempts=1 streak=0 attempt=1
[2026-09-11T07:57:01.993Z] batch=field-waveform-1789113141014-21 D5 MODE_SWITCH_OK state=MODE_SWITCH_OK attempts=1 streak=0
[2026-09-11T07:57:02.001Z] batch=field-waveform-1789113141014-21 D4 MODE_SWITCH_START state=MODE_SWITCHING attempts=1 streak=0 attempt=1
[2026-09-11T07:57:02.005Z] batch=field-waveform-1789113141014-21 D4 MODE_SWITCH_OK state=MODE_SWITCH_OK attempts=1 streak=0
[2026-09-11T07:57:02.012Z] batch=field-waveform-1789113141014-21 D3 MODE_SWITCH_START state=MODE_SWITCHING attempts=1 streak=0 attempt=1
[2026-09-11T07:57:02.013Z] batch=field-waveform-1789113141014-21 D3 MODE_SWITCH_OK state=MODE_SWITCH_OK attempts=1 streak=0
[2026-09-11T07:57:02.328Z] batch=field-waveform-1789113141014-21 D6 MODE_SWITCH_START state=MODE_SWITCHING attempts=1 streak=0 attempt=1
[2026-09-11T07:57:02.339Z] batch=field-waveform-1789113141014-21 D6 MODE_SWITCH_OK state=MODE_SWITCH_OK attempts=1 streak=0
[2026-09-11T07:57:02.356Z] batch=field-waveform-1789113141014-21 D1 MODE_SWITCH_START state=MODE_SWITCHING attempts=1 streak=0 attempt=1
[2026-09-11T07:57:02.360Z] batch=field-waveform-1789113141014-21 D1 MODE_SWITCH_OK state=MODE_SWITCH_OK attempts=1 streak=0
[2026-09-11T07:57:02.374Z] batch=field-waveform-1789113141014-21 D2 MODE_SWITCH_START state=MODE_SWITCHING attempts=1 streak=0 attempt=1
[2026-09-11T07:57:02.375Z] batch=field-waveform-1789113141014-21 D2 MODE_SWITCH_OK state=MODE_SWITCH_OK attempts=1 streak=0
[2026-09-11T07:57:12.281Z] batch=field-waveform-1789113141014-21 D5 MODE_SWITCH_START state=MODE_SWITCHING attempts=1 streak=0 attempt=1
[2026-09-11T07:57:12.283Z] batch=field-waveform-1789113141014-21 D5 MODE_SWITCH_OK state=MODE_SWITCH_OK attempts=1 streak=0
[2026-09-11T07:57:12.290Z] batch=field-waveform-1789113141014-21 D4 MODE_SWITCH_START state=MODE_SWITCHING attempts=1 streak=0 attempt=1
[2026-09-11T07:57:12.306Z] batch=field-waveform-1789113141014-21 D4 MODE_SWITCH_OK state=MODE_SWITCH_OK attempts=1 streak=0
[2026-09-11T07:57:12.314Z] batch=field-waveform-1789113141014-21 D3 MODE_SWITCH_START state=MODE_SWITCHING attempts=1 streak=0 attempt=1
[2026-09-11T07:57:12.317Z] batch=field-waveform-1789113141014-21 D3 MODE_SWITCH_OK state=MODE_SWITCH_OK attempts=1 streak=0
[2026-09-11T07:57:12.645Z] batch=field-waveform-1789113141014-21 D6 MODE_SWITCH_START state=MODE_SWITCHING attempts=1 streak=0 attempt=1
[2026-09-11T07:57:12.654Z] batch=field-waveform-1789113141014-21 D6 MODE_SWITCH_OK state=MODE_SWITCH_OK attempts=1 streak=0
[2026-09-11T07:57:12.663Z] batch=field-waveform-1789113141014-21 D1 MODE_SWITCH_START state=MODE_SWITCHING attempts=1 streak=0 attempt=1
[2026-09-11T07:57:12.672Z] batch=field-waveform-1789113141014-21 D1 MODE_SWITCH_OK state=MODE_SWITCH_OK attempts=1 streak=0
[2026-09-11T07:57:12.681Z] batch=field-waveform-1789113141014-21 D2 MODE_SWITCH_START state=MODE_SWITCHING attempts=1 streak=0 attempt=1
[2026-09-11T07:57:12.687Z] batch=field-waveform-1789113141014-21 D2 MODE_SWITCH_OK state=MODE_SWITCH_OK attempts=1 streak=0
[2026-09-11T07:57:22.425Z] batch=field-waveform-1789113141014-21 D5 MODE_SWITCH_START state=MODE_SWITCHING attempts=1 streak=0 attempt=1
[2026-09-11T07:57:22.434Z] batch=field-waveform-1789113141014-21 D5 MODE_SWITCH_OK state=MODE_SWITCH_OK attempts=1 streak=0
[2026-09-11T07:57:22.445Z] batch=field-waveform-1789113141014-21 D4 MODE_SWITCH_START state=MODE_SWITCHING attempts=1 streak=0 attempt=1
[2026-09-11T07:57:22.456Z] batch=field-waveform-1789113141014-21 D4 MODE_SWITCH_OK state=MODE_SWITCH_OK attempts=1 streak=0
[2026-09-11T07:57:22.471Z] batch=field-waveform-1789113141014-21 D3 MODE_SWITCH_START state=MODE_SWITCHING attempts=1 streak=0 attempt=1
[2026-09-11T07:57:22.473Z] batch=field-waveform-1789113141014-21 D3 MODE_SWITCH_OK state=MODE_SWITCH_OK attempts=1 streak=0
[2026-09-11T07:57:23.045Z] batch=field-waveform-1789113141014-21 D6 MODE_SWITCH_START state=MODE_SWITCHING attempts=1 streak=0 attempt=1
[2026-09-11T07:57:23.046Z] batch=field-waveform-1789113141014-21 D6 MODE_SWITCH_OK state=MODE_SWITCH_OK attempts=1 streak=0
[2026-09-11T07:57:23.054Z] batch=field-waveform-1789113141014-21 D1 MODE_SWITCH_START state=MODE_SWITCHING attempts=1 streak=0 attempt=1
[2026-09-11T07:57:23.061Z] batch=field-waveform-1789113141014-21 D1 MODE_SWITCH_OK state=MODE_SWITCH_OK attempts=1 streak=0
[2026-09-11T07:57:23.070Z] batch=field-waveform-1789113141014-21 D2 MODE_SWITCH_START state=MODE_SWITCHING attempts=1 streak=0 attempt=1
[2026-09-11T07:57:23.074Z] batch=field-waveform-1789113141014-21 D2 MODE_SWITCH_OK state=MODE_SWITCH_OK attempts=1 streak=0
[2026-09-11T07:57:24.565Z] batch=field-waveform-1789113444564-22 D1 MODE_SWITCH_START state=MODE_SWITCHING attempts=1 streak=0 attempt=1
[2026-09-11T07:57:24.577Z] batch=field-waveform-1789113444564-22 D2 MODE_SWITCH_START state=MODE_SWITCHING attempts=1 streak=0 attempt=1
[2026-09-11T07:57:24.578Z] batch=field-waveform-1789113444564-22 D3 MODE_SWITCH_START state=MODE_SWITCHING attempts=1 streak=0 attempt=1
[2026-09-11T07:57:24.585Z] batch=field-waveform-1789113444564-22 D4 MODE_SWITCH_START state=MODE_SWITCHING attempts=1 streak=0 attempt=1
[2026-09-11T07:57:24.595Z] batch=field-waveform-1789113444564-22 D5 MODE_SWITCH_START state=MODE_SWITCHING attempts=1 streak=0 attempt=1
[2026-09-11T07:57:24.596Z] batch=field-waveform-1789113444564-22 D6 MODE_SWITCH_START state=MODE_SWITCHING attempts=1 streak=0 attempt=1
[2026-09-11T07:57:24.598Z] batch=field-waveform-1789113444564-22 D1 MODE_SWITCH_OK state=MODE_SWITCH_OK attempts=1 streak=0
[2026-09-11T07:57:24.599Z] batch=field-waveform-1789113444564-22 D2 MODE_SWITCH_OK state=MODE_SWITCH_OK attempts=1 streak=0
[2026-09-11T07:57:24.601Z] batch=field-waveform-1789113444564-22 D3 MODE_SWITCH_OK state=MODE_SWITCH_OK attempts=1 streak=0
[2026-09-11T07:57:24.602Z] batch=field-waveform-1789113444564-22 D4 MODE_SWITCH_OK state=MODE_SWITCH_OK attempts=1 streak=0
[2026-09-11T07:57:24.603Z] batch=field-waveform-1789113444564-22 D5 MODE_SWITCH_OK state=MODE_SWITCH_OK attempts=1 streak=0
[2026-09-11T07:57:24.604Z] batch=field-waveform-1789113444564-22 D6 MODE_SWITCH_OK state=MODE_SWITCH_OK attempts=1 streak=0
[2026-09-11T07:57:32.436Z] batch=field-waveform-1789113444564-22 D5 MODE_SWITCH_START state=MODE_SWITCHING attempts=1 streak=0 attempt=1
[2026-09-11T07:57:32.448Z] batch=field-waveform-1789113444564-22 D5 MODE_SWITCH_OK state=MODE_SWITCH_OK attempts=1 streak=0
[2026-09-11T07:57:32.456Z] batch=field-waveform-1789113444564-22 D4 MODE_SWITCH_START state=MODE_SWITCHING attempts=1 streak=0 attempt=1
[2026-09-11T07:57:32.468Z] batch=field-waveform-1789113444564-22 D4 MODE_SWITCH_OK state=MODE_SWITCH_OK attempts=1 streak=0
[2026-09-11T07:57:32.474Z] batch=field-waveform-1789113444564-22 D3 MODE_SWITCH_START state=MODE_SWITCHING attempts=1 streak=0 attempt=1
[2026-09-11T07:57:32.477Z] batch=field-waveform-1789113444564-22 D3 MODE_SWITCH_OK state=MODE_SWITCH_OK attempts=1 streak=0
[2026-09-11T07:57:33.054Z] batch=field-waveform-1789113444564-22 D6 MODE_SWITCH_START state=MODE_SWITCHING attempts=1 streak=0 attempt=1
[2026-09-11T07:57:33.067Z] batch=field-waveform-1789113444564-22 D6 MODE_SWITCH_OK state=MODE_SWITCH_OK attempts=1 streak=0
[2026-09-11T07:57:33.068Z] batch=field-waveform-1789113444564-22 D1 MODE_SWITCH_START state=MODE_SWITCHING attempts=1 streak=0 attempt=1
[2026-09-11T07:57:33.069Z] batch=field-waveform-1789113444564-22 D1 MODE_SWITCH_OK state=MODE_SWITCH_OK attempts=1 streak=0
[2026-09-11T07:57:33.074Z] batch=field-waveform-1789113444564-22 D2 MODE_SWITCH_START state=MODE_SWITCHING attempts=1 streak=0 attempt=1
[2026-09-11T07:57:33.077Z] batch=field-waveform-1789113444564-22 D2 MODE_SWITCH_OK state=MODE_SWITCH_OK attempts=1 streak=0
[2026-09-11T07:57:42.451Z] batch=field-waveform-1789113444564-22 D5 MODE_SWITCH_START state=MODE_SWITCHING attempts=1 streak=0 attempt=1
[2026-09-11T07:57:42.454Z] batch=field-waveform-1789113444564-22 D5 MODE_SWITCH_OK state=MODE_SWITCH_OK attempts=1 streak=0
[2026-09-11T07:57:42.473Z] batch=field-waveform-1789113444564-22 D4 MODE_SWITCH_START state=MODE_SWITCHING attempts=1 streak=0 attempt=1
[2026-09-11T07:57:42.475Z] batch=field-waveform-1789113444564-22 D4 MODE_SWITCH_OK state=MODE_SWITCH_OK attempts=1 streak=0
[2026-09-11T07:57:42.477Z] batch=field-waveform-1789113444564-22 D3 MODE_SWITCH_START state=MODE_SWITCHING attempts=1 streak=0 attempt=1
[2026-09-11T07:57:42.479Z] batch=field-waveform-1789113444564-22 D3 MODE_SWITCH_OK state=MODE_SWITCH_OK attempts=1 streak=0
[2026-09-11T07:57:43.068Z] batch=field-waveform-1789113444564-22 D6 MODE_SWITCH_START state=MODE_SWITCHING attempts=1 streak=0 attempt=1
[2026-09-11T07:57:43.072Z] batch=field-waveform-1789113444564-22 D6 MODE_SWITCH_OK state=MODE_SWITCH_OK attempts=1 streak=0
[2026-09-11T07:57:43.073Z] batch=field-waveform-1789113444564-22 D1 MODE_SWITCH_START state=MODE_SWITCHING attempts=1 streak=0 attempt=1
[2026-09-11T07:57:43.075Z] batch=field-waveform-1789113444564-22 D1 MODE_SWITCH_OK state=MODE_SWITCH_OK attempts=1 streak=0
[2026-09-11T07:57:43.077Z] batch=field-waveform-1789113444564-22 D2 MODE_SWITCH_START state=MODE_SWITCHING attempts=1 streak=0 attempt=1
[2026-09-11T07:57:43.079Z] batch=field-waveform-1789113444564-22 D2 MODE_SWITCH_OK state=MODE_SWITCH_OK attempts=1 streak=0
[2026-09-11T07:57:52.467Z] batch=field-waveform-1789113444564-22 D5 MODE_SWITCH_START state=MODE_SWITCHING attempts=1 streak=0 attempt=1
[2026-09-11T07:57:52.478Z] batch=field-waveform-1789113444564-22 D5 MODE_SWITCH_OK state=MODE_SWITCH_OK attempts=1 streak=0
[2026-09-11T07:57:52.479Z] batch=field-waveform-1789113444564-22 D4 MODE_SWITCH_START state=MODE_SWITCHING attempts=1 streak=0 attempt=1
[2026-09-11T07:57:52.481Z] batch=field-waveform-1789113444564-22 D4 MODE_SWITCH_OK state=MODE_SWITCH_OK attempts=1 streak=0
[2026-09-11T07:57:52.482Z] batch=field-waveform-1789113444564-22 D3 MODE_SWITCH_START state=MODE_SWITCHING attempts=1 streak=0 attempt=1
[2026-09-11T07:57:52.483Z] batch=field-waveform-1789113444564-22 D3 MODE_SWITCH_OK state=MODE_SWITCH_OK attempts=1 streak=0
[2026-09-11T07:57:53.086Z] batch=field-waveform-1789113444564-22 D6 MODE_SWITCH_START state=MODE_SWITCHING attempts=1 streak=0 attempt=1
[2026-09-11T07:57:53.091Z] batch=field-waveform-1789113444564-22 D6 MODE_SWITCH_OK state=MODE_SWITCH_OK attempts=1 streak=0
[2026-09-11T07:57:53.092Z] batch=field-waveform-1789113444564-22 D1 MODE_SWITCH_START state=MODE_SWITCHING attempts=1 streak=0 attempt=1
[2026-09-11T07:57:53.093Z] batch=field-waveform-1789113444564-22 D1 MODE_SWITCH_OK state=MODE_SWITCH_OK attempts=1 streak=0
[2026-09-11T07:57:53.093Z] batch=field-waveform-1789113444564-22 D2 MODE_SWITCH_START state=MODE_SWITCHING attempts=1 streak=0 attempt=1
[2026-09-11T07:57:53.094Z] batch=field-waveform-1789113444564-22 D2 MODE_SWITCH_OK state=MODE_SWITCH_OK attempts=1 streak=0
[2026-09-11T07:58:02.488Z] batch=field-waveform-1789113444564-22 D5 MODE_SWITCH_START state=MODE_SWITCHING attempts=1 streak=0 attempt=1
[2026-09-11T07:58:02.493Z] batch=field-waveform-1789113444564-22 D5 MODE_SWITCH_OK state=MODE_SWITCH_OK attempts=1 streak=0
[2026-09-11T07:58:02.501Z] batch=field-waveform-1789113444564-22 D4 MODE_SWITCH_START state=MODE_SWITCHING attempts=1 streak=0 attempt=1
[2026-09-11T07:58:02.504Z] batch=field-waveform-1789113444564-22 D4 MODE_SWITCH_OK state=MODE_SWITCH_OK attempts=1 streak=0
[2026-09-11T07:58:02.505Z] batch=field-waveform-1789113444564-22 D3 MODE_SWITCH_START state=MODE_SWITCHING attempts=1 streak=0 attempt=1
[2026-09-11T07:58:02.506Z] batch=field-waveform-1789113444564-22 D3 MODE_SWITCH_OK state=MODE_SWITCH_OK attempts=1 streak=0
[2026-09-11T07:58:03.103Z] batch=field-waveform-1789113444564-22 D6 MODE_SWITCH_START state=MODE_SWITCHING attempts=1 streak=0 attempt=1
[2026-09-11T07:58:03.106Z] batch=field-waveform-1789113444564-22 D6 MODE_SWITCH_OK state=MODE_SWITCH_OK attempts=1 streak=0
[2026-09-11T07:58:03.108Z] batch=field-waveform-1789113444564-22 D1 MODE_SWITCH_START state=MODE_SWITCHING attempts=1 streak=0 attempt=1
[2026-09-11T07:58:03.110Z] batch=field-waveform-1789113444564-22 D1 MODE_SWITCH_OK state=MODE_SWITCH_OK attempts=1 streak=0
[2026-09-11T07:58:03.122Z] batch=field-waveform-1789113444564-22 D2 MODE_SWITCH_START state=MODE_SWITCHING attempts=1 streak=0 attempt=1
[2026-09-11T07:58:03.125Z] batch=field-waveform-1789113444564-22 D2 MODE_SWITCH_OK state=MODE_SWITCH_OK attempts=1 streak=0
[2026-09-11T07:58:07.543Z] batch=field-waveform-1789113444564-22 D5 FIRST_FRAME state=FIRST_FRAME_RECEIVED attempts=1 streak=1
[2026-09-11T07:58:07.543Z] batch=field-waveform-1789113444564-22 D5 FIRST_VALID_SAMPLE state=FIRST_FRAME_RECEIVED attempts=1 streak=1
[2026-09-11T07:58:07.576Z] batch=field-waveform-1789113444564-22 D4 FIRST_FRAME state=FIRST_FRAME_RECEIVED attempts=1 streak=1
[2026-09-11T07:58:07.576Z] batch=field-waveform-1789113444564-22 D4 FIRST_VALID_SAMPLE state=FIRST_FRAME_RECEIVED attempts=1 streak=1
[2026-09-11T07:58:07.589Z] batch=field-waveform-1789113444564-22 D3 FIRST_FRAME state=FIRST_FRAME_RECEIVED attempts=1 streak=1
[2026-09-11T07:58:07.589Z] batch=field-waveform-1789113444564-22 D3 FIRST_VALID_SAMPLE state=FIRST_FRAME_RECEIVED attempts=1 streak=1
[2026-09-11T07:58:07.816Z] batch=field-waveform-1789113444564-22 D5 CHANNEL_SYNC_OK state=TEST_READY attempts=1 streak=5
[2026-09-11T07:58:07.817Z] batch=field-waveform-1789113444564-22 D5 TEST_READY state=TEST_READY attempts=1 streak=5
[2026-09-11T07:58:07.839Z] batch=field-waveform-1789113444564-22 D4 CHANNEL_SYNC_OK state=TEST_READY attempts=1 streak=5
[2026-09-11T07:58:07.840Z] batch=field-waveform-1789113444564-22 D4 TEST_READY state=TEST_READY attempts=1 streak=5
[2026-09-11T07:58:07.844Z] batch=field-waveform-1789113444564-22 D3 CHANNEL_SYNC_OK state=TEST_READY attempts=1 streak=5
[2026-09-11T07:58:07.845Z] batch=field-waveform-1789113444564-22 D3 TEST_READY state=TEST_READY attempts=1 streak=5
[2026-09-11T07:58:08.152Z] batch=field-waveform-1789113444564-22 D6 FIRST_FRAME state=FIRST_FRAME_RECEIVED attempts=1 streak=1
[2026-09-11T07:58:08.152Z] batch=field-waveform-1789113444564-22 D6 FIRST_VALID_SAMPLE state=FIRST_FRAME_RECEIVED attempts=1 streak=1
[2026-09-11T07:58:08.175Z] batch=field-waveform-1789113444564-22 D2 FIRST_FRAME state=FIRST_FRAME_RECEIVED attempts=1 streak=1
[2026-09-11T07:58:08.175Z] batch=field-waveform-1789113444564-22 D2 FIRST_VALID_SAMPLE state=FIRST_FRAME_RECEIVED attempts=1 streak=1
[2026-09-11T07:58:08.186Z] batch=field-waveform-1789113444564-22 D1 FIRST_FRAME state=FIRST_FRAME_RECEIVED attempts=1 streak=1
[2026-09-11T07:58:08.186Z] batch=field-waveform-1789113444564-22 D1 FIRST_VALID_SAMPLE state=FIRST_FRAME_RECEIVED attempts=1 streak=1
[2026-09-11T07:58:08.409Z] batch=field-waveform-1789113444564-22 D6 CHANNEL_SYNC_OK state=TEST_READY attempts=1 streak=5
[2026-09-11T07:58:08.409Z] batch=field-waveform-1789113444564-22 D6 TEST_READY state=TEST_READY attempts=1 streak=5
[2026-09-11T07:58:08.428Z] batch=field-waveform-1789113444564-22 D2 CHANNEL_SYNC_OK state=TEST_READY attempts=1 streak=5
[2026-09-11T07:58:08.428Z] batch=field-waveform-1789113444564-22 D2 TEST_READY state=TEST_READY attempts=1 streak=5
[2026-09-11T07:58:08.444Z] batch=field-waveform-1789113444564-22 D1 CHANNEL_SYNC_OK state=TEST_READY attempts=1 streak=5
[2026-09-11T07:58:08.444Z] batch=field-waveform-1789113444564-22 D1 TEST_READY state=TEST_READY attempts=1 streak=5
[2026-09-11T07:59:02.737Z] batch=field-waveform-1789113444564-22 D1 MODE_SWITCH_START state=MODE_SWITCHING attempts=1 streak=0 attempt=1
[2026-09-11T07:59:02.748Z] batch=field-waveform-1789113444564-22 D1 MODE_SWITCH_OK state=MODE_SWITCH_OK attempts=1 streak=0
[2026-09-11T07:59:02.978Z] batch=field-waveform-1789113444564-22 D6 MODE_SWITCH_START state=MODE_SWITCHING attempts=1 streak=0 attempt=1
[2026-09-11T07:59:02.980Z] batch=field-waveform-1789113444564-22 D6 MODE_SWITCH_OK state=MODE_SWITCH_OK attempts=1 streak=0
[2026-09-11T07:59:02.988Z] batch=field-waveform-1789113444564-22 D2 MODE_SWITCH_START state=MODE_SWITCHING attempts=1 streak=0 attempt=1
[2026-09-11T07:59:02.992Z] batch=field-waveform-1789113444564-22 D2 MODE_SWITCH_OK state=MODE_SWITCH_OK attempts=1 streak=0
[2026-09-11T07:59:12.772Z] batch=field-waveform-1789113444564-22 D3 MODE_SWITCH_START state=MODE_SWITCHING attempts=1 streak=0 attempt=1
[2026-09-11T07:59:12.777Z] batch=field-waveform-1789113444564-22 D3 MODE_SWITCH_OK state=MODE_SWITCH_OK attempts=1 streak=0
[2026-09-11T07:59:12.787Z] batch=field-waveform-1789113444564-22 D5 MODE_SWITCH_START state=MODE_SWITCHING attempts=1 streak=0 attempt=1
[2026-09-11T07:59:12.788Z] batch=field-waveform-1789113444564-22 D5 MODE_SWITCH_OK state=MODE_SWITCH_OK attempts=1 streak=0
[2026-09-11T07:59:12.795Z] batch=field-waveform-1789113444564-22 D4 MODE_SWITCH_START state=MODE_SWITCHING attempts=1 streak=0 attempt=1
[2026-09-11T07:59:12.802Z] batch=field-waveform-1789113444564-22 D4 MODE_SWITCH_OK state=MODE_SWITCH_OK attempts=1 streak=0
[2026-09-11T07:59:12.809Z] batch=field-waveform-1789113444564-22 D1 MODE_SWITCH_START state=MODE_SWITCHING attempts=1 streak=0 attempt=1
[2026-09-11T07:59:12.810Z] batch=field-waveform-1789113444564-22 D1 MODE_SWITCH_OK state=MODE_SWITCH_OK attempts=1 streak=0
[2026-09-11T07:59:13.038Z] batch=field-waveform-1789113444564-22 D6 MODE_SWITCH_START state=MODE_SWITCHING attempts=1 streak=0 attempt=1
[2026-09-11T07:59:13.050Z] batch=field-waveform-1789113444564-22 D6 MODE_SWITCH_OK state=MODE_SWITCH_OK attempts=1 streak=0
[2026-09-11T07:59:13.065Z] batch=field-waveform-1789113444564-22 D2 MODE_SWITCH_START state=MODE_SWITCHING attempts=1 streak=0 attempt=1
[2026-09-11T07:59:13.071Z] batch=field-waveform-1789113444564-22 D2 MODE_SWITCH_OK state=MODE_SWITCH_OK attempts=1 streak=0
[2026-09-11T07:59:18.023Z] batch=field-waveform-1789113444564-22 D4 FIRST_FRAME state=FIRST_FRAME_RECEIVED attempts=1 streak=1
[2026-09-11T07:59:18.023Z] batch=field-waveform-1789113444564-22 D4 FIRST_VALID_SAMPLE state=FIRST_FRAME_RECEIVED attempts=1 streak=1
[2026-09-11T07:59:18.034Z] batch=field-waveform-1789113444564-22 D5 FIRST_FRAME state=FIRST_FRAME_RECEIVED attempts=1 streak=1
[2026-09-11T07:59:18.034Z] batch=field-waveform-1789113444564-22 D5 FIRST_VALID_SAMPLE state=FIRST_FRAME_RECEIVED attempts=1 streak=1
[2026-09-11T07:59:18.047Z] batch=field-waveform-1789113444564-22 D1 FIRST_FRAME state=FIRST_FRAME_RECEIVED attempts=1 streak=1
[2026-09-11T07:59:18.047Z] batch=field-waveform-1789113444564-22 D1 FIRST_VALID_SAMPLE state=FIRST_FRAME_RECEIVED attempts=1 streak=1
[2026-09-11T07:59:18.153Z] batch=field-waveform-1789113444564-22 D3 FIRST_FRAME state=FIRST_FRAME_RECEIVED attempts=1 streak=1
[2026-09-11T07:59:18.154Z] batch=field-waveform-1789113444564-22 D3 FIRST_VALID_SAMPLE state=FIRST_FRAME_RECEIVED attempts=1 streak=1
[2026-09-11T07:59:18.157Z] batch=field-waveform-1789113444564-22 D3 CHANNEL_SYNC_OK state=TEST_READY attempts=1 streak=5
[2026-09-11T07:59:18.157Z] batch=field-waveform-1789113444564-22 D3 TEST_READY state=TEST_READY attempts=1 streak=5
[2026-09-11T07:59:18.158Z] batch=field-waveform-1789113444564-22 D4 CHANNEL_SYNC_OK state=TEST_READY attempts=1 streak=5
[2026-09-11T07:59:18.159Z] batch=field-waveform-1789113444564-22 D4 TEST_READY state=TEST_READY attempts=1 streak=5
[2026-09-11T07:59:18.303Z] batch=field-waveform-1789113444564-22 D5 CHANNEL_SYNC_OK state=TEST_READY attempts=1 streak=5
[2026-09-11T07:59:18.303Z] batch=field-waveform-1789113444564-22 D5 TEST_READY state=TEST_READY attempts=1 streak=5
[2026-09-11T07:59:18.304Z] batch=field-waveform-1789113444564-22 D1 CHANNEL_SYNC_OK state=TEST_READY attempts=1 streak=5
[2026-09-11T07:59:18.305Z] batch=field-waveform-1789113444564-22 D1 TEST_READY state=TEST_READY attempts=1 streak=5
[2026-09-11T07:59:18.306Z] batch=field-waveform-1789113444564-22 D6 FIRST_FRAME state=FIRST_FRAME_RECEIVED attempts=1 streak=1
[2026-09-11T07:59:18.306Z] batch=field-waveform-1789113444564-22 D6 FIRST_VALID_SAMPLE state=FIRST_FRAME_RECEIVED attempts=1 streak=1
[2026-09-11T07:59:18.309Z] batch=field-waveform-1789113444564-22 D2 FIRST_FRAME state=FIRST_FRAME_RECEIVED attempts=1 streak=1
[2026-09-11T07:59:18.310Z] batch=field-waveform-1789113444564-22 D2 FIRST_VALID_SAMPLE state=FIRST_FRAME_RECEIVED attempts=1 streak=1
[2026-09-11T07:59:18.425Z] batch=field-waveform-1789113444564-22 D6 CHANNEL_SYNC_OK state=TEST_READY attempts=1 streak=5
[2026-09-11T07:59:18.425Z] batch=field-waveform-1789113444564-22 D6 TEST_READY state=TEST_READY attempts=1 streak=5
[2026-09-11T07:59:18.440Z] batch=field-waveform-1789113444564-22 D2 CHANNEL_SYNC_OK state=TEST_READY attempts=1 streak=5
[2026-09-11T07:59:18.440Z] batch=field-waveform-1789113444564-22 D2 TEST_READY state=TEST_READY attempts=1 streak=5
