[2026-09-18T03:09:14.821Z] batch=field-waveform-1789700935936-29 D3 MODE_SWITCH_START state=MODE_SWITCHING attempts=1 streak=0 attempt=1
[2026-09-18T03:09:14.822Z] batch=field-waveform-1789700935936-29 D3 MODE_SWITCH_OK state=MODE_SWITCH_OK attempts=1 streak=0
[2026-09-18T03:09:14.824Z] batch=field-waveform-1789700935936-29 D6 MODE_SWITCH_START state=MODE_SWITCHING attempts=1 streak=0 attempt=1
[2026-09-18T03:09:14.825Z] batch=field-waveform-1789700935936-29 D6 MODE_SWITCH_OK state=MODE_SWITCH_OK attempts=1 streak=0
[2026-09-18T03:09:14.835Z] batch=field-waveform-1789700935936-29 D5 MODE_SWITCH_START state=MODE_SWITCHING attempts=1 streak=0 attempt=1
[2026-09-18T03:09:14.836Z] batch=field-waveform-1789700935936-29 D5 MODE_SWITCH_OK state=MODE_SWITCH_OK attempts=1 streak=0
[2026-09-18T03:09:14.837Z] batch=field-waveform-1789700935936-29 D2 MODE_SWITCH_START state=MODE_SWITCHING attempts=1 streak=0 attempt=1
[2026-09-18T03:09:14.838Z] batch=field-waveform-1789700935936-29 D2 MODE_SWITCH_OK state=MODE_SWITCH_OK attempts=1 streak=0
[2026-09-18T03:09:14.850Z] batch=field-waveform-1789700935936-29 D4 MODE_SWITCH_START state=MODE_SWITCHING attempts=1 streak=0 attempt=1
[2026-09-18T03:09:14.851Z] batch=field-waveform-1789700935936-29 D4 MODE_SWITCH_OK state=MODE_SWITCH_OK attempts=1 streak=0
[2026-09-18T03:09:15.226Z] batch=field-waveform-1789700935936-29 D1 MODE_SWITCH_START state=MODE_SWITCHING attempts=1 streak=0 attempt=1
[2026-09-18T03:09:15.228Z] batch=field-waveform-1789700935936-29 D1 MODE_SWITCH_OK state=MODE_SWITCH_OK attempts=1 streak=0
[2026-09-18T03:09:24.830Z] batch=field-waveform-1789700935936-29 D3 MODE_SWITCH_START state=MODE_SWITCHING attempts=1 streak=0 attempt=1
[2026-09-18T03:09:24.832Z] batch=field-waveform-1789700935936-29 D3 MODE_SWITCH_OK state=MODE_SWITCH_OK attempts=1 streak=0
[2026-09-18T03:09:24.833Z] batch=field-waveform-1789700935936-29 D6 MODE_SWITCH_START state=MODE_SWITCHING attempts=1 streak=0 attempt=1
[2026-09-18T03:09:24.834Z] batch=field-waveform-1789700935936-29 D6 MODE_SWITCH_OK state=MODE_SWITCH_OK attempts=1 streak=0
[2026-09-18T03:09:24.847Z] batch=field-waveform-1789700935936-29 D5 MODE_SWITCH_START state=MODE_SWITCHING attempts=1 streak=0 attempt=1
[2026-09-18T03:09:24.848Z] batch=field-waveform-1789700935936-29 D5 MODE_SWITCH_OK state=MODE_SWITCH_OK attempts=1 streak=0
[2026-09-18T03:09:24.849Z] batch=field-waveform-1789700935936-29 D2 MODE_SWITCH_START state=MODE_SWITCHING attempts=1 streak=0 attempt=1
[2026-09-18T03:09:24.850Z] batch=field-waveform-1789700935936-29 D2 MODE_SWITCH_OK state=MODE_SWITCH_OK attempts=1 streak=0
[2026-09-18T03:09:24.852Z] batch=field-waveform-1789700935936-29 D4 MODE_SWITCH_START state=MODE_SWITCHING attempts=1 streak=0 attempt=1
[2026-09-18T03:09:24.853Z] batch=field-waveform-1789700935936-29 D4 MODE_SWITCH_OK state=MODE_SWITCH_OK attempts=1 streak=0
[2026-09-18T03:09:25.231Z] batch=field-waveform-1789700935936-29 D1 MODE_SWITCH_START state=MODE_SWITCHING attempts=1 streak=0 attempt=1
[2026-09-18T03:09:25.234Z] batch=field-waveform-1789700935936-29 D1 MODE_SWITCH_OK state=MODE_SWITCH_OK attempts=1 streak=0
[2026-09-18T03:09:34.838Z] batch=field-waveform-1789700935936-29 D3 MODE_SWITCH_START state=MODE_SWITCHING attempts=1 streak=0 attempt=1
[2026-09-18T03:09:34.838Z] batch=field-waveform-1789700935936-29 D3 MODE_SWITCH_OK state=MODE_SWITCH_OK attempts=1 streak=0
[2026-09-18T03:09:34.839Z] batch=field-waveform-1789700935936-29 D6 MODE_SWITCH_START state=MODE_SWITCHING attempts=1 streak=0 attempt=1
[2026-09-18T03:09:34.840Z] batch=field-waveform-1789700935936-29 D6 MODE_SWITCH_OK state=MODE_SWITCH_OK attempts=1 streak=0
[2026-09-18T03:09:34.855Z] batch=field-waveform-1789700935936-29 D5 MODE_SWITCH_START state=MODE_SWITCHING attempts=1 streak=0 attempt=1
[2026-09-18T03:09:34.856Z] batch=field-waveform-1789700935936-29 D5 MODE_SWITCH_OK state=MODE_SWITCH_OK attempts=1 streak=0
[2026-09-18T03:09:34.857Z] batch=field-waveform-1789700935936-29 D2 MODE_SWITCH_START state=MODE_SWITCHING attempts=1 streak=0 attempt=1
[2026-09-18T03:09:34.857Z] batch=field-waveform-1789700935936-29 D2 MODE_SWITCH_OK state=MODE_SWITCH_OK attempts=1 streak=0
[2026-09-18T03:09:34.858Z] batch=field-waveform-1789700935936-29 D4 MODE_SWITCH_START state=MODE_SWITCHING attempts=1 streak=0 attempt=1
[2026-09-18T03:09:34.859Z] batch=field-waveform-1789700935936-29 D4 MODE_SWITCH_OK state=MODE_SWITCH_OK attempts=1 streak=0
[2026-09-18T03:09:35.239Z] batch=field-waveform-1789700935936-29 D1 MODE_SWITCH_START state=MODE_SWITCHING attempts=1 streak=0 attempt=1
[2026-09-18T03:09:35.241Z] batch=field-waveform-1789700935936-29 D1 MODE_SWITCH_OK state=MODE_SWITCH_OK attempts=1 streak=0
[2026-09-18T03:09:39.921Z] batch=field-waveform-1789700935936-29 D3 FIRST_FRAME state=FIRST_FRAME_RECEIVED attempts=1 streak=1
[2026-09-18T03:09:39.922Z] batch=field-waveform-1789700935936-29 D3 FIRST_VALID_SAMPLE state=FIRST_FRAME_RECEIVED attempts=1 streak=1
[2026-09-18T03:09:39.928Z] batch=field-waveform-1789700935936-29 D6 FIRST_FRAME state=FIRST_FRAME_RECEIVED attempts=1 streak=1
[2026-09-18T03:09:39.928Z] batch=field-waveform-1789700935936-29 D6 FIRST_VALID_SAMPLE state=FIRST_FRAME_RECEIVED attempts=1 streak=1
[2026-09-18T03:09:39.933Z] batch=field-waveform-1789700935936-29 D2 FIRST_FRAME state=FIRST_FRAME_RECEIVED attempts=1 streak=1
[2026-09-18T03:09:39.933Z] batch=field-waveform-1789700935936-29 D2 FIRST_VALID_SAMPLE state=FIRST_FRAME_RECEIVED attempts=1 streak=1
[2026-09-18T03:09:39.945Z] batch=field-waveform-1789700935936-29 D5 FIRST_FRAME state=FIRST_FRAME_RECEIVED attempts=1 streak=1
[2026-09-18T03:09:39.945Z] batch=field-waveform-1789700935936-29 D5 FIRST_VALID_SAMPLE state=FIRST_FRAME_RECEIVED attempts=1 streak=1
[2026-09-18T03:09:39.951Z] batch=field-waveform-1789700935936-29 D4 FIRST_FRAME state=FIRST_FRAME_RECEIVED attempts=1 streak=1
[2026-09-18T03:09:39.951Z] batch=field-waveform-1789700935936-29 D4 FIRST_VALID_SAMPLE state=FIRST_FRAME_RECEIVED attempts=1 streak=1
[2026-09-18T03:09:40.188Z] batch=field-waveform-1789700935936-29 D3 CHANNEL_SYNC_OK state=TEST_READY attempts=1 streak=5
[2026-09-18T03:09:40.188Z] batch=field-waveform-1789700935936-29 D3 TEST_READY state=TEST_READY attempts=1 streak=5
[2026-09-18T03:09:40.189Z] batch=field-waveform-1789700935936-29 D6 CHANNEL_SYNC_OK state=TEST_READY attempts=1 streak=5
[2026-09-18T03:09:40.189Z] batch=field-waveform-1789700935936-29 D6 TEST_READY state=TEST_READY attempts=1 streak=5
[2026-09-18T03:09:40.190Z] batch=field-waveform-1789700935936-29 D2 CHANNEL_SYNC_OK state=TEST_READY attempts=1 streak=5
[2026-09-18T03:09:40.190Z] batch=field-waveform-1789700935936-29 D2 TEST_READY state=TEST_READY attempts=1 streak=5
[2026-09-18T03:09:40.211Z] batch=field-waveform-1789700935936-29 D5 CHANNEL_SYNC_OK state=TEST_READY attempts=1 streak=5
[2026-09-18T03:09:40.211Z] batch=field-waveform-1789700935936-29 D5 TEST_READY state=TEST_READY attempts=1 streak=5
[2026-09-18T03:09:40.212Z] batch=field-waveform-1789700935936-29 D4 CHANNEL_SYNC_OK state=TEST_READY attempts=1 streak=5
[2026-09-18T03:09:40.212Z] batch=field-waveform-1789700935936-29 D4 TEST_READY state=TEST_READY attempts=1 streak=5
[2026-09-18T03:09:40.310Z] batch=field-waveform-1789700935936-29 D1 FIRST_FRAME state=FIRST_FRAME_RECEIVED attempts=1 streak=1
[2026-09-18T03:09:40.310Z] batch=field-waveform-1789700935936-29 D1 FIRST_VALID_SAMPLE state=FIRST_FRAME_RECEIVED attempts=1 streak=1
[2026-09-18T03:09:40.594Z] batch=field-waveform-1789700935936-29 D1 CHANNEL_SYNC_OK state=TEST_READY attempts=1 streak=5
[2026-09-18T03:09:40.595Z] batch=field-waveform-1789700935936-29 D1 TEST_READY state=TEST_READY attempts=1 streak=5
[2026-09-18T03:10:33.825Z] batch=field-waveform-1789700935936-29 D3 MODE_SWITCH_START state=MODE_SWITCHING attempts=1 streak=0 attempt=1
[2026-09-18T03:10:33.827Z] batch=field-waveform-1789700935936-29 D3 MODE_SWITCH_OK state=MODE_SWITCH_OK attempts=1 streak=0
[2026-09-18T03:10:33.837Z] batch=field-waveform-1789700935936-29 D6 MODE_SWITCH_START state=MODE_SWITCHING attempts=1 streak=0 attempt=1
[2026-09-18T03:10:33.839Z] batch=field-waveform-1789700935936-29 D6 MODE_SWITCH_OK state=MODE_SWITCH_OK attempts=1 streak=0
[2026-09-18T03:10:33.843Z] batch=field-waveform-1789700935936-29 D2 MODE_SWITCH_START state=MODE_SWITCHING attempts=1 streak=0 attempt=1
[2026-09-18T03:10:33.844Z] batch=field-waveform-1789700935936-29 D2 MODE_SWITCH_OK state=MODE_SWITCH_OK attempts=1 streak=0
[2026-09-18T03:10:33.848Z] batch=field-waveform-1789700935936-29 D1 MODE_SWITCH_START state=MODE_SWITCHING attempts=1 streak=0 attempt=1
[2026-09-18T03:10:33.849Z] batch=field-waveform-1789700935936-29 D1 MODE_SWITCH_OK state=MODE_SWITCH_OK attempts=1 streak=0
[2026-09-18T03:10:33.853Z] batch=field-waveform-1789700935936-29 D5 MODE_SWITCH_START state=MODE_SWITCHING attempts=1 streak=0 attempt=1
[2026-09-18T03:10:33.853Z] batch=field-waveform-1789700935936-29 D5 MODE_SWITCH_OK state=MODE_SWITCH_OK attempts=1 streak=0
[2026-09-18T03:10:33.857Z] batch=field-waveform-1789700935936-29 D4 MODE_SWITCH_START state=MODE_SWITCHING attempts=1 streak=0 attempt=1
[2026-09-18T03:10:33.858Z] batch=field-waveform-1789700935936-29 D4 MODE_SWITCH_OK state=MODE_SWITCH_OK attempts=1 streak=0
[2026-09-18T03:10:43.983Z] batch=field-waveform-1789700935936-29 D3 MODE_SWITCH_START state=MODE_SWITCHING attempts=1 streak=0 attempt=1
[2026-09-18T03:10:43.985Z] batch=field-waveform-1789700935936-29 D3 MODE_SWITCH_OK state=MODE_SWITCH_OK attempts=1 streak=0
[2026-09-18T03:10:43.989Z] batch=field-waveform-1789700935936-29 D6 MODE_SWITCH_START state=MODE_SWITCHING attempts=1 streak=0 attempt=1
[2026-09-18T03:10:43.990Z] batch=field-waveform-1789700935936-29 D6 MODE_SWITCH_OK state=MODE_SWITCH_OK attempts=1 streak=0
[2026-09-18T03:10:43.993Z] batch=field-waveform-1789700935936-29 D2 MODE_SWITCH_START state=MODE_SWITCHING attempts=1 streak=0 attempt=1
[2026-09-18T03:10:43.994Z] batch=field-waveform-1789700935936-29 D2 MODE_SWITCH_OK state=MODE_SWITCH_OK attempts=1 streak=0
[2026-09-18T03:10:43.997Z] batch=field-waveform-1789700935936-29 D1 MODE_SWITCH_START state=MODE_SWITCHING attempts=1 streak=0 attempt=1
[2026-09-18T03:10:43.998Z] batch=field-waveform-1789700935936-29 D1 MODE_SWITCH_OK state=MODE_SWITCH_OK attempts=1 streak=0
[2026-09-18T03:10:44.001Z] batch=field-waveform-1789700935936-29 D5 MODE_SWITCH_START state=MODE_SWITCHING attempts=1 streak=0 attempt=1
[2026-09-18T03:10:44.002Z] batch=field-waveform-1789700935936-29 D5 MODE_SWITCH_OK state=MODE_SWITCH_OK attempts=1 streak=0
[2026-09-18T03:10:44.005Z] batch=field-waveform-1789700935936-29 D4 MODE_SWITCH_START state=MODE_SWITCHING attempts=1 streak=0 attempt=1
[2026-09-18T03:10:44.006Z] batch=field-waveform-1789700935936-29 D4 MODE_SWITCH_OK state=MODE_SWITCH_OK attempts=1 streak=0
[2026-09-18T03:10:49.160Z] batch=field-waveform-1789700935936-29 D3 FIRST_FRAME state=FIRST_FRAME_RECEIVED attempts=1 streak=1
[2026-09-18T03:10:49.161Z] batch=field-waveform-1789700935936-29 D3 FIRST_VALID_SAMPLE state=FIRST_FRAME_RECEIVED attempts=1 streak=1
[2026-09-18T03:10:49.169Z] batch=field-waveform-1789700935936-29 D6 FIRST_FRAME state=FIRST_FRAME_RECEIVED attempts=1 streak=1
[2026-09-18T03:10:49.170Z] batch=field-waveform-1789700935936-29 D6 FIRST_VALID_SAMPLE state=FIRST_FRAME_RECEIVED attempts=1 streak=1
[2026-09-18T03:10:49.287Z] batch=field-waveform-1789700935936-29 D2 FIRST_FRAME state=FIRST_FRAME_RECEIVED attempts=1 streak=1
[2026-09-18T03:10:49.287Z] batch=field-waveform-1789700935936-29 D2 FIRST_VALID_SAMPLE state=FIRST_FRAME_RECEIVED attempts=1 streak=1
[2026-09-18T03:10:49.289Z] batch=field-waveform-1789700935936-29 D5 FIRST_FRAME state=FIRST_FRAME_RECEIVED attempts=1 streak=1
[2026-09-18T03:10:49.290Z] batch=field-waveform-1789700935936-29 D5 FIRST_VALID_SAMPLE state=FIRST_FRAME_RECEIVED attempts=1 streak=1
[2026-09-18T03:10:49.292Z] batch=field-waveform-1789700935936-29 D5 CHANNEL_SYNC_OK state=TEST_READY attempts=1 streak=5
[2026-09-18T03:10:49.292Z] batch=field-waveform-1789700935936-29 D5 TEST_READY state=TEST_READY attempts=1 streak=5
[2026-09-18T03:10:49.293Z] batch=field-waveform-1789700935936-29 D1 FIRST_FRAME state=FIRST_FRAME_RECEIVED attempts=1 streak=1
[2026-09-18T03:10:49.294Z] batch=field-waveform-1789700935936-29 D1 FIRST_VALID_SAMPLE state=FIRST_FRAME_RECEIVED attempts=1 streak=1
[2026-09-18T03:10:49.296Z] batch=field-waveform-1789700935936-29 D4 FIRST_FRAME state=FIRST_FRAME_RECEIVED attempts=1 streak=1
[2026-09-18T03:10:49.296Z] batch=field-waveform-1789700935936-29 D4 FIRST_VALID_SAMPLE state=FIRST_FRAME_RECEIVED attempts=1 streak=1
[2026-09-18T03:10:49.297Z] batch=field-waveform-1789700935936-29 D4 CHANNEL_SYNC_OK state=TEST_READY attempts=1 streak=5
[2026-09-18T03:10:49.297Z] batch=field-waveform-1789700935936-29 D4 TEST_READY state=TEST_READY attempts=1 streak=5
[2026-09-18T03:10:49.299Z] batch=field-waveform-1789700935936-29 D3 CHANNEL_SYNC_OK state=TEST_READY attempts=1 streak=5
[2026-09-18T03:10:49.299Z] batch=field-waveform-1789700935936-29 D3 TEST_READY state=TEST_READY attempts=1 streak=5
[2026-09-18T03:10:49.562Z] batch=field-waveform-1789700935936-29 D6 CHANNEL_SYNC_OK state=TEST_READY attempts=1 streak=5
[2026-09-18T03:10:49.562Z] batch=field-waveform-1789700935936-29 D6 TEST_READY state=TEST_READY attempts=1 streak=5
[2026-09-18T03:10:49.566Z] batch=field-waveform-1789700935936-29 D2 CHANNEL_SYNC_OK state=TEST_READY attempts=1 streak=5
[2026-09-18T03:10:49.567Z] batch=field-waveform-1789700935936-29 D2 TEST_READY state=TEST_READY attempts=1 streak=5
[2026-09-18T03:10:49.569Z] batch=field-waveform-1789700935936-29 D1 CHANNEL_SYNC_OK state=TEST_READY attempts=1 streak=5
[2026-09-18T03:10:49.571Z] batch=field-waveform-1789700935936-29 D1 TEST_READY state=TEST_READY attempts=1 streak=5
