[2026-09-10T09:06:56.295Z] batch=field-waveform-1789030887089-6 D4 MODE_SWITCH_START state=MODE_SWITCHING attempts=1 streak=0 attempt=1
[2026-09-10T09:06:56.312Z] batch=field-waveform-1789030887089-6 D4 MODE_SWITCH_OK state=MODE_SWITCH_OK attempts=1 streak=0
[2026-09-10T09:06:56.370Z] batch=field-waveform-1789030887089-6 D3 MODE_SWITCH_START state=MODE_SWITCHING attempts=1 streak=0 attempt=1
[2026-09-10T09:06:56.379Z] batch=field-waveform-1789030887089-6 D3 MODE_SWITCH_OK state=MODE_SWITCH_OK attempts=1 streak=0
[2026-09-10T09:06:56.700Z] batch=field-waveform-1789030887089-6 D1 MODE_SWITCH_START state=MODE_SWITCHING attempts=1 streak=0 attempt=1
[2026-09-10T09:06:56.703Z] batch=field-waveform-1789030887089-6 D1 MODE_SWITCH_OK state=MODE_SWITCH_OK attempts=1 streak=0
[2026-09-10T09:06:56.712Z] batch=field-waveform-1789030887089-6 D6 MODE_SWITCH_START state=MODE_SWITCHING attempts=1 streak=0 attempt=1
[2026-09-10T09:06:56.713Z] batch=field-waveform-1789030887089-6 D6 MODE_SWITCH_OK state=MODE_SWITCH_OK attempts=1 streak=0
[2026-09-10T09:06:57.804Z] batch=field-waveform-1789030887089-6 D2 MODE_SWITCH_START state=MODE_SWITCHING attempts=1 streak=0 attempt=1
[2026-09-10T09:06:57.813Z] batch=field-waveform-1789030887089-6 D2 MODE_SWITCH_OK state=MODE_SWITCH_OK attempts=1 streak=0
[2026-09-10T09:06:57.823Z] batch=field-waveform-1789030887089-6 D5 MODE_SWITCH_START state=MODE_SWITCHING attempts=1 streak=0 attempt=1
[2026-09-10T09:06:57.826Z] batch=field-waveform-1789030887089-6 D5 MODE_SWITCH_OK state=MODE_SWITCH_OK attempts=1 streak=0
[2026-09-10T09:07:06.329Z] batch=field-waveform-1789030887089-6 D4 MODE_SWITCH_START state=MODE_SWITCHING attempts=1 streak=0 attempt=1
[2026-09-10T09:07:06.331Z] batch=field-waveform-1789030887089-6 D4 MODE_SWITCH_OK state=MODE_SWITCH_OK attempts=1 streak=0
[2026-09-10T09:07:06.787Z] batch=field-waveform-1789030887089-6 D3 MODE_SWITCH_START state=MODE_SWITCHING attempts=1 streak=0 attempt=1
[2026-09-10T09:07:06.799Z] batch=field-waveform-1789030887089-6 D3 MODE_SWITCH_OK state=MODE_SWITCH_OK attempts=1 streak=0
[2026-09-10T09:07:06.809Z] batch=field-waveform-1789030887089-6 D1 MODE_SWITCH_START state=MODE_SWITCHING attempts=1 streak=0 attempt=1
[2026-09-10T09:07:06.811Z] batch=field-waveform-1789030887089-6 D1 MODE_SWITCH_OK state=MODE_SWITCH_OK attempts=1 streak=0
[2026-09-10T09:07:06.828Z] batch=field-waveform-1789030887089-6 D6 MODE_SWITCH_START state=MODE_SWITCHING attempts=1 streak=0 attempt=1
[2026-09-10T09:07:06.839Z] batch=field-waveform-1789030887089-6 D6 MODE_SWITCH_OK state=MODE_SWITCH_OK attempts=1 streak=0
[2026-09-10T09:07:07.999Z] batch=field-waveform-1789030887089-6 D2 MODE_SWITCH_START state=MODE_SWITCHING attempts=1 streak=0 attempt=1
[2026-09-10T09:07:08.010Z] batch=field-waveform-1789030887089-6 D2 MODE_SWITCH_OK state=MODE_SWITCH_OK attempts=1 streak=0
[2026-09-10T09:07:08.020Z] batch=field-waveform-1789030887089-6 D5 MODE_SWITCH_START state=MODE_SWITCHING attempts=1 streak=0 attempt=1
[2026-09-10T09:07:08.030Z] batch=field-waveform-1789030887089-6 D5 MODE_SWITCH_OK state=MODE_SWITCH_OK attempts=1 streak=0
[2026-09-10T09:07:14.024Z] batch=field-waveform-1789031234023-7 D1 MODE_SWITCH_START state=MODE_SWITCHING attempts=1 streak=0 attempt=1
[2026-09-10T09:07:14.035Z] batch=field-waveform-1789031234023-7 D2 MODE_SWITCH_START state=MODE_SWITCHING attempts=1 streak=0 attempt=1
[2026-09-10T09:07:14.037Z] batch=field-waveform-1789031234023-7 D3 MODE_SWITCH_START state=MODE_SWITCHING attempts=1 streak=0 attempt=1
[2026-09-10T09:07:14.047Z] batch=field-waveform-1789031234023-7 D4 MODE_SWITCH_START state=MODE_SWITCHING attempts=1 streak=0 attempt=1
[2026-09-10T09:07:14.057Z] batch=field-waveform-1789031234023-7 D5 MODE_SWITCH_START state=MODE_SWITCHING attempts=1 streak=0 attempt=1
[2026-09-10T09:07:14.067Z] batch=field-waveform-1789031234023-7 D6 MODE_SWITCH_START state=MODE_SWITCHING attempts=1 streak=0 attempt=1
[2026-09-10T09:07:14.087Z] batch=field-waveform-1789031234023-7 D1 MODE_SWITCH_OK state=MODE_SWITCH_OK attempts=1 streak=0
[2026-09-10T09:07:14.089Z] batch=field-waveform-1789031234023-7 D2 MODE_SWITCH_OK state=MODE_SWITCH_OK attempts=1 streak=0
[2026-09-10T09:07:14.090Z] batch=field-waveform-1789031234023-7 D3 MODE_SWITCH_OK state=MODE_SWITCH_OK attempts=1 streak=0
[2026-09-10T09:07:14.091Z] batch=field-waveform-1789031234023-7 D4 MODE_SWITCH_OK state=MODE_SWITCH_OK attempts=1 streak=0
[2026-09-10T09:07:14.091Z] batch=field-waveform-1789031234023-7 D5 MODE_SWITCH_OK state=MODE_SWITCH_OK attempts=1 streak=0
[2026-09-10T09:07:14.093Z] batch=field-waveform-1789031234023-7 D6 MODE_SWITCH_OK state=MODE_SWITCH_OK attempts=1 streak=0
[2026-09-10T09:07:16.343Z] batch=field-waveform-1789031234023-7 D4 MODE_SWITCH_START state=MODE_SWITCHING attempts=1 streak=0 attempt=1
[2026-09-10T09:07:16.357Z] batch=field-waveform-1789031234023-7 D4 MODE_SWITCH_OK state=MODE_SWITCH_OK attempts=1 streak=0
[2026-09-10T09:07:16.805Z] batch=field-waveform-1789031234023-7 D3 MODE_SWITCH_START state=MODE_SWITCHING attempts=1 streak=0 attempt=1
[2026-09-10T09:07:16.810Z] batch=field-waveform-1789031234023-7 D3 MODE_SWITCH_OK state=MODE_SWITCH_OK attempts=1 streak=0
[2026-09-10T09:07:16.813Z] batch=field-waveform-1789031234023-7 D1 MODE_SWITCH_START state=MODE_SWITCHING attempts=1 streak=0 attempt=1
[2026-09-10T09:07:16.829Z] batch=field-waveform-1789031234023-7 D1 MODE_SWITCH_OK state=MODE_SWITCH_OK attempts=1 streak=0
[2026-09-10T09:07:16.840Z] batch=field-waveform-1789031234023-7 D6 MODE_SWITCH_START state=MODE_SWITCHING attempts=1 streak=0 attempt=1
[2026-09-10T09:07:16.842Z] batch=field-waveform-1789031234023-7 D6 MODE_SWITCH_OK state=MODE_SWITCH_OK attempts=1 streak=0
[2026-09-10T09:07:18.022Z] batch=field-waveform-1789031234023-7 D2 MODE_SWITCH_START state=MODE_SWITCHING attempts=1 streak=0 attempt=1
[2026-09-10T09:07:18.025Z] batch=field-waveform-1789031234023-7 D2 MODE_SWITCH_OK state=MODE_SWITCH_OK attempts=1 streak=0
[2026-09-10T09:07:18.032Z] batch=field-waveform-1789031234023-7 D5 MODE_SWITCH_START state=MODE_SWITCHING attempts=1 streak=0 attempt=1
[2026-09-10T09:07:18.045Z] batch=field-waveform-1789031234023-7 D5 MODE_SWITCH_OK state=MODE_SWITCH_OK attempts=1 streak=0
[2026-09-10T09:07:26.365Z] batch=field-waveform-1789031234023-7 D4 MODE_SWITCH_START state=MODE_SWITCHING attempts=1 streak=0 attempt=1
[2026-09-10T09:07:26.378Z] batch=field-waveform-1789031234023-7 D4 MODE_SWITCH_OK state=MODE_SWITCH_OK attempts=1 streak=0
[2026-09-10T09:07:26.811Z] batch=field-waveform-1789031234023-7 D3 MODE_SWITCH_START state=MODE_SWITCHING attempts=1 streak=0 attempt=1
[2026-09-10T09:07:26.814Z] batch=field-waveform-1789031234023-7 D3 MODE_SWITCH_OK state=MODE_SWITCH_OK attempts=1 streak=0
[2026-09-10T09:07:26.830Z] batch=field-waveform-1789031234023-7 D1 MODE_SWITCH_START state=MODE_SWITCHING attempts=1 streak=0 attempt=1
[2026-09-10T09:07:26.832Z] batch=field-waveform-1789031234023-7 D1 MODE_SWITCH_OK state=MODE_SWITCH_OK attempts=1 streak=0
[2026-09-10T09:07:26.843Z] batch=field-waveform-1789031234023-7 D6 MODE_SWITCH_START state=MODE_SWITCHING attempts=1 streak=0 attempt=1
[2026-09-10T09:07:26.845Z] batch=field-waveform-1789031234023-7 D6 MODE_SWITCH_OK state=MODE_SWITCH_OK attempts=1 streak=0
[2026-09-10T09:07:28.029Z] batch=field-waveform-1789031234023-7 D2 MODE_SWITCH_START state=MODE_SWITCHING attempts=1 streak=0 attempt=1
[2026-09-10T09:07:28.035Z] batch=field-waveform-1789031234023-7 D2 MODE_SWITCH_OK state=MODE_SWITCH_OK attempts=1 streak=0
[2026-09-10T09:07:28.047Z] batch=field-waveform-1789031234023-7 D5 MODE_SWITCH_START state=MODE_SWITCHING attempts=1 streak=0 attempt=1
[2026-09-10T09:07:28.049Z] batch=field-waveform-1789031234023-7 D5 MODE_SWITCH_OK state=MODE_SWITCH_OK attempts=1 streak=0
[2026-09-10T09:07:36.387Z] batch=field-waveform-1789031234023-7 D4 MODE_SWITCH_START state=MODE_SWITCHING attempts=1 streak=0 attempt=1
[2026-09-10T09:07:36.409Z] batch=field-waveform-1789031234023-7 D4 MODE_SWITCH_OK state=MODE_SWITCH_OK attempts=1 streak=0
[2026-09-10T09:07:36.817Z] batch=field-waveform-1789031234023-7 D3 MODE_SWITCH_START state=MODE_SWITCHING attempts=1 streak=0 attempt=1
[2026-09-10T09:07:36.820Z] batch=field-waveform-1789031234023-7 D3 MODE_SWITCH_OK state=MODE_SWITCH_OK attempts=1 streak=0
[2026-09-10T09:07:36.847Z] batch=field-waveform-1789031234023-7 D1 MODE_SWITCH_START state=MODE_SWITCHING attempts=1 streak=0 attempt=1
[2026-09-10T09:07:36.849Z] batch=field-waveform-1789031234023-7 D1 MODE_SWITCH_OK state=MODE_SWITCH_OK attempts=1 streak=0
[2026-09-10T09:07:36.850Z] batch=field-waveform-1789031234023-7 D6 MODE_SWITCH_START state=MODE_SWITCHING attempts=1 streak=0 attempt=1
[2026-09-10T09:07:36.852Z] batch=field-waveform-1789031234023-7 D6 MODE_SWITCH_OK state=MODE_SWITCH_OK attempts=1 streak=0
[2026-09-10T09:07:38.037Z] batch=field-waveform-1789031234023-7 D2 MODE_SWITCH_START state=MODE_SWITCHING attempts=1 streak=0 attempt=1
[2026-09-10T09:07:38.040Z] batch=field-waveform-1789031234023-7 D2 MODE_SWITCH_OK state=MODE_SWITCH_OK attempts=1 streak=0
[2026-09-10T09:07:38.049Z] batch=field-waveform-1789031234023-7 D5 MODE_SWITCH_START state=MODE_SWITCHING attempts=1 streak=0 attempt=1
[2026-09-10T09:07:38.064Z] batch=field-waveform-1789031234023-7 D5 MODE_SWITCH_OK state=MODE_SWITCH_OK attempts=1 streak=0
[2026-09-10T09:07:46.417Z] batch=field-waveform-1789031234023-7 D4 MODE_SWITCH_START state=MODE_SWITCHING attempts=1 streak=0 attempt=1
[2026-09-10T09:07:46.424Z] batch=field-waveform-1789031234023-7 D4 MODE_SWITCH_OK state=MODE_SWITCH_OK attempts=1 streak=0
[2026-09-10T09:07:46.825Z] batch=field-waveform-1789031234023-7 D3 MODE_SWITCH_START state=MODE_SWITCHING attempts=1 streak=0 attempt=1
[2026-09-10T09:07:46.829Z] batch=field-waveform-1789031234023-7 D3 MODE_SWITCH_OK state=MODE_SWITCH_OK attempts=1 streak=0
[2026-09-10T09:07:46.853Z] batch=field-waveform-1789031234023-7 D1 MODE_SWITCH_START state=MODE_SWITCHING attempts=1 streak=0 attempt=1
[2026-09-10T09:07:46.858Z] batch=field-waveform-1789031234023-7 D1 MODE_SWITCH_OK state=MODE_SWITCH_OK attempts=1 streak=0
[2026-09-10T09:07:46.860Z] batch=field-waveform-1789031234023-7 D6 MODE_SWITCH_START state=MODE_SWITCHING attempts=1 streak=0 attempt=1
[2026-09-10T09:07:46.861Z] batch=field-waveform-1789031234023-7 D6 MODE_SWITCH_OK state=MODE_SWITCH_OK attempts=1 streak=0
[2026-09-10T09:07:48.044Z] batch=field-waveform-1789031234023-7 D2 MODE_SWITCH_START state=MODE_SWITCHING attempts=1 streak=0 attempt=1
[2026-09-10T09:07:48.048Z] batch=field-waveform-1789031234023-7 D2 MODE_SWITCH_OK state=MODE_SWITCH_OK attempts=1 streak=0
[2026-09-10T09:07:48.066Z] batch=field-waveform-1789031234023-7 D5 MODE_SWITCH_START state=MODE_SWITCHING attempts=1 streak=0 attempt=1
[2026-09-10T09:07:48.075Z] batch=field-waveform-1789031234023-7 D5 MODE_SWITCH_OK state=MODE_SWITCH_OK attempts=1 streak=0
[2026-09-10T09:07:56.437Z] batch=field-waveform-1789031234023-7 D4 MODE_SWITCH_START state=MODE_SWITCHING attempts=1 streak=0 attempt=1
[2026-09-10T09:07:56.444Z] batch=field-waveform-1789031234023-7 D4 MODE_SWITCH_OK state=MODE_SWITCH_OK attempts=1 streak=0
[2026-09-10T09:07:56.836Z] batch=field-waveform-1789031234023-7 D3 MODE_SWITCH_START state=MODE_SWITCHING attempts=1 streak=0 attempt=1
[2026-09-10T09:07:56.839Z] batch=field-waveform-1789031234023-7 D3 MODE_SWITCH_OK state=MODE_SWITCH_OK attempts=1 streak=0
[2026-09-10T09:07:56.868Z] batch=field-waveform-1789031234023-7 D1 MODE_SWITCH_START state=MODE_SWITCHING attempts=1 streak=0 attempt=1
[2026-09-10T09:07:56.872Z] batch=field-waveform-1789031234023-7 D1 MODE_SWITCH_OK state=MODE_SWITCH_OK attempts=1 streak=0
[2026-09-10T09:07:56.873Z] batch=field-waveform-1789031234023-7 D6 MODE_SWITCH_START state=MODE_SWITCHING attempts=1 streak=0 attempt=1
[2026-09-10T09:07:56.874Z] batch=field-waveform-1789031234023-7 D6 MODE_SWITCH_OK state=MODE_SWITCH_OK attempts=1 streak=0
[2026-09-10T09:07:58.060Z] batch=field-waveform-1789031234023-7 D2 MODE_SWITCH_START state=MODE_SWITCHING attempts=1 streak=0 attempt=1
[2026-09-10T09:07:58.067Z] batch=field-waveform-1789031234023-7 D2 MODE_SWITCH_OK state=MODE_SWITCH_OK attempts=1 streak=0
[2026-09-10T09:07:58.095Z] batch=field-waveform-1789031234023-7 D5 MODE_SWITCH_START state=MODE_SWITCHING attempts=1 streak=0 attempt=1
[2026-09-10T09:07:58.100Z] batch=field-waveform-1789031234023-7 D5 MODE_SWITCH_OK state=MODE_SWITCH_OK attempts=1 streak=0
[2026-09-10T09:08:06.458Z] batch=field-waveform-1789031234023-7 D4 MODE_SWITCH_START state=MODE_SWITCHING attempts=1 streak=0 attempt=1
[2026-09-10T09:08:06.464Z] batch=field-waveform-1789031234023-7 D4 MODE_SWITCH_OK state=MODE_SWITCH_OK attempts=1 streak=0
[2026-09-10T09:08:06.843Z] batch=field-waveform-1789031234023-7 D3 MODE_SWITCH_START state=MODE_SWITCHING attempts=1 streak=0 attempt=1
[2026-09-10T09:08:06.853Z] batch=field-waveform-1789031234023-7 D3 MODE_SWITCH_OK state=MODE_SWITCH_OK attempts=1 streak=0
[2026-09-10T09:08:06.888Z] batch=field-waveform-1789031234023-7 D1 MODE_SWITCH_START state=MODE_SWITCHING attempts=1 streak=0 attempt=1
[2026-09-10T09:08:06.898Z] batch=field-waveform-1789031234023-7 D1 MODE_SWITCH_OK state=MODE_SWITCH_OK attempts=1 streak=0
[2026-09-10T09:08:06.902Z] batch=field-waveform-1789031234023-7 D6 MODE_SWITCH_START state=MODE_SWITCHING attempts=1 streak=0 attempt=1
[2026-09-10T09:08:06.904Z] batch=field-waveform-1789031234023-7 D6 MODE_SWITCH_OK state=MODE_SWITCH_OK attempts=1 streak=0
[2026-09-10T09:08:07.044Z] batch=field-waveform-1789031234023-7 D5 FIRST_FRAME state=FIRST_FRAME_RECEIVED attempts=1 streak=1
[2026-09-10T09:08:07.044Z] batch=field-waveform-1789031234023-7 D5 FIRST_VALID_SAMPLE state=FIRST_FRAME_RECEIVED attempts=1 streak=1
[2026-09-10T09:08:07.295Z] batch=field-waveform-1789031234023-7 D5 CHANNEL_SYNC_OK state=TEST_READY attempts=1 streak=5
[2026-09-10T09:08:07.295Z] batch=field-waveform-1789031234023-7 D5 TEST_READY state=TEST_READY attempts=1 streak=5
[2026-09-10T09:08:08.069Z] batch=field-waveform-1789031234023-7 D2 MODE_SWITCH_START state=MODE_SWITCHING attempts=1 streak=0 attempt=1
[2026-09-10T09:08:08.074Z] batch=field-waveform-1789031234023-7 D2 MODE_SWITCH_OK state=MODE_SWITCH_OK attempts=1 streak=0
[2026-09-10T09:08:11.545Z] batch=field-waveform-1789031234023-7 D4 FIRST_FRAME state=FIRST_FRAME_RECEIVED attempts=1 streak=1
[2026-09-10T09:08:11.546Z] batch=field-waveform-1789031234023-7 D4 FIRST_VALID_SAMPLE state=FIRST_FRAME_RECEIVED attempts=1 streak=1
[2026-09-10T09:08:11.779Z] batch=field-waveform-1789031234023-7 D4 CHANNEL_SYNC_OK state=TEST_READY attempts=1 streak=5
[2026-09-10T09:08:11.780Z] batch=field-waveform-1789031234023-7 D4 TEST_READY state=TEST_READY attempts=1 streak=5
[2026-09-10T09:08:11.943Z] batch=field-waveform-1789031234023-7 D3 FIRST_FRAME state=FIRST_FRAME_RECEIVED attempts=1 streak=1
[2026-09-10T09:08:11.943Z] batch=field-waveform-1789031234023-7 D3 FIRST_VALID_SAMPLE state=FIRST_FRAME_RECEIVED attempts=1 streak=1
[2026-09-10T09:08:11.952Z] batch=field-waveform-1789031234023-7 D6 FIRST_FRAME state=FIRST_FRAME_RECEIVED attempts=1 streak=1
[2026-09-10T09:08:11.952Z] batch=field-waveform-1789031234023-7 D6 FIRST_VALID_SAMPLE state=FIRST_FRAME_RECEIVED attempts=1 streak=1
[2026-09-10T09:08:11.979Z] batch=field-waveform-1789031234023-7 D1 FIRST_FRAME state=FIRST_FRAME_RECEIVED attempts=1 streak=1
[2026-09-10T09:08:11.980Z] batch=field-waveform-1789031234023-7 D1 FIRST_VALID_SAMPLE state=FIRST_FRAME_RECEIVED attempts=1 streak=1
[2026-09-10T09:08:12.189Z] batch=field-waveform-1789031234023-7 D3 CHANNEL_SYNC_OK state=TEST_READY attempts=1 streak=5
[2026-09-10T09:08:12.189Z] batch=field-waveform-1789031234023-7 D3 TEST_READY state=TEST_READY attempts=1 streak=5
[2026-09-10T09:08:12.199Z] batch=field-waveform-1789031234023-7 D6 CHANNEL_SYNC_OK state=TEST_READY attempts=1 streak=5
[2026-09-10T09:08:12.199Z] batch=field-waveform-1789031234023-7 D6 TEST_READY state=TEST_READY attempts=1 streak=5
[2026-09-10T09:08:12.225Z] batch=field-waveform-1789031234023-7 D1 CHANNEL_SYNC_OK state=TEST_READY attempts=1 streak=5
[2026-09-10T09:08:12.226Z] batch=field-waveform-1789031234023-7 D1 TEST_READY state=TEST_READY attempts=1 streak=5
[2026-09-10T09:08:13.133Z] batch=field-waveform-1789031234023-7 D2 FIRST_FRAME state=FIRST_FRAME_RECEIVED attempts=1 streak=1
[2026-09-10T09:08:13.133Z] batch=field-waveform-1789031234023-7 D2 FIRST_VALID_SAMPLE state=FIRST_FRAME_RECEIVED attempts=1 streak=1
[2026-09-10T09:08:13.392Z] batch=field-waveform-1789031234023-7 D2 CHANNEL_SYNC_OK state=TEST_READY attempts=1 streak=5
[2026-09-10T09:08:13.393Z] batch=field-waveform-1789031234023-7 D2 TEST_READY state=TEST_READY attempts=1 streak=5
[2026-09-10T09:08:57.851Z] batch=field-waveform-1789031234023-7 D1 MODE_SWITCH_START state=MODE_SWITCHING attempts=1 streak=0 attempt=1
[2026-09-10T09:08:57.856Z] batch=field-waveform-1789031234023-7 D1 MODE_SWITCH_OK state=MODE_SWITCH_OK attempts=1 streak=0
[2026-09-10T09:08:57.863Z] batch=field-waveform-1789031234023-7 D3 MODE_SWITCH_START state=MODE_SWITCHING attempts=1 streak=0 attempt=1
[2026-09-10T09:08:57.865Z] batch=field-waveform-1789031234023-7 D3 MODE_SWITCH_OK state=MODE_SWITCH_OK attempts=1 streak=0
[2026-09-10T09:08:57.979Z] batch=field-waveform-1789031234023-7 D5 MODE_SWITCH_START state=MODE_SWITCHING attempts=1 streak=0 attempt=1
[2026-09-10T09:08:57.991Z] batch=field-waveform-1789031234023-7 D5 MODE_SWITCH_OK state=MODE_SWITCH_OK attempts=1 streak=0
[2026-09-10T09:08:57.998Z] batch=field-waveform-1789031234023-7 D4 MODE_SWITCH_START state=MODE_SWITCHING attempts=1 streak=0 attempt=1
[2026-09-10T09:08:58.015Z] batch=field-waveform-1789031234023-7 D4 MODE_SWITCH_OK state=MODE_SWITCH_OK attempts=1 streak=0
[2026-09-10T09:08:58.024Z] batch=field-waveform-1789031234023-7 D6 MODE_SWITCH_START state=MODE_SWITCHING attempts=1 streak=0 attempt=1
[2026-09-10T09:08:58.038Z] batch=field-waveform-1789031234023-7 D6 MODE_SWITCH_OK state=MODE_SWITCH_OK attempts=1 streak=0
[2026-09-10T09:08:58.046Z] batch=field-waveform-1789031234023-7 D2 MODE_SWITCH_START state=MODE_SWITCHING attempts=1 streak=0 attempt=1
[2026-09-10T09:08:58.047Z] batch=field-waveform-1789031234023-7 D2 MODE_SWITCH_OK state=MODE_SWITCH_OK attempts=1 streak=0
[2026-09-10T09:09:07.926Z] batch=field-waveform-1789031234023-7 D1 MODE_SWITCH_START state=MODE_SWITCHING attempts=1 streak=0 attempt=1
[2026-09-10T09:09:07.937Z] batch=field-waveform-1789031234023-7 D1 MODE_SWITCH_OK state=MODE_SWITCH_OK attempts=1 streak=0
[2026-09-10T09:09:07.945Z] batch=field-waveform-1789031234023-7 D3 MODE_SWITCH_START state=MODE_SWITCHING attempts=1 streak=0 attempt=1
[2026-09-10T09:09:07.948Z] batch=field-waveform-1789031234023-7 D3 MODE_SWITCH_OK state=MODE_SWITCH_OK attempts=1 streak=0
[2026-09-10T09:09:08.048Z] batch=field-waveform-1789031234023-7 D5 MODE_SWITCH_START state=MODE_SWITCHING attempts=1 streak=0 attempt=1
[2026-09-10T09:09:08.051Z] batch=field-waveform-1789031234023-7 D5 MODE_SWITCH_OK state=MODE_SWITCH_OK attempts=1 streak=0
[2026-09-10T09:09:08.058Z] batch=field-waveform-1789031234023-7 D4 MODE_SWITCH_START state=MODE_SWITCHING attempts=1 streak=0 attempt=1
[2026-09-10T09:09:08.071Z] batch=field-waveform-1789031234023-7 D4 MODE_SWITCH_OK state=MODE_SWITCH_OK attempts=1 streak=0
[2026-09-10T09:09:08.079Z] batch=field-waveform-1789031234023-7 D6 MODE_SWITCH_START state=MODE_SWITCHING attempts=1 streak=0 attempt=1
[2026-09-10T09:09:08.082Z] batch=field-waveform-1789031234023-7 D6 MODE_SWITCH_OK state=MODE_SWITCH_OK attempts=1 streak=0
[2026-09-10T09:09:08.095Z] batch=field-waveform-1789031234023-7 D2 MODE_SWITCH_START state=MODE_SWITCHING attempts=1 streak=0 attempt=1
[2026-09-10T09:09:08.098Z] batch=field-waveform-1789031234023-7 D2 MODE_SWITCH_OK state=MODE_SWITCH_OK attempts=1 streak=0
[2026-09-10T09:09:13.067Z] batch=field-waveform-1789031234023-7 D3 FIRST_FRAME state=FIRST_FRAME_RECEIVED attempts=1 streak=1
[2026-09-10T09:09:13.067Z] batch=field-waveform-1789031234023-7 D3 FIRST_VALID_SAMPLE state=FIRST_FRAME_RECEIVED attempts=1 streak=1
[2026-09-10T09:09:13.084Z] batch=field-waveform-1789031234023-7 D1 FIRST_FRAME state=FIRST_FRAME_RECEIVED attempts=1 streak=1
[2026-09-10T09:09:13.084Z] batch=field-waveform-1789031234023-7 D1 FIRST_VALID_SAMPLE state=FIRST_FRAME_RECEIVED attempts=1 streak=1
[2026-09-10T09:09:13.192Z] batch=field-waveform-1789031234023-7 D5 FIRST_FRAME state=FIRST_FRAME_RECEIVED attempts=1 streak=1
[2026-09-10T09:09:13.192Z] batch=field-waveform-1789031234023-7 D5 FIRST_VALID_SAMPLE state=FIRST_FRAME_RECEIVED attempts=1 streak=1
[2026-09-10T09:09:13.194Z] batch=field-waveform-1789031234023-7 D4 FIRST_FRAME state=FIRST_FRAME_RECEIVED attempts=1 streak=1
[2026-09-10T09:09:13.194Z] batch=field-waveform-1789031234023-7 D4 FIRST_VALID_SAMPLE state=FIRST_FRAME_RECEIVED attempts=1 streak=1
[2026-09-10T09:09:13.205Z] batch=field-waveform-1789031234023-7 D6 FIRST_FRAME state=FIRST_FRAME_RECEIVED attempts=1 streak=1
[2026-09-10T09:09:13.205Z] batch=field-waveform-1789031234023-7 D6 FIRST_VALID_SAMPLE state=FIRST_FRAME_RECEIVED attempts=1 streak=1
[2026-09-10T09:09:13.211Z] batch=field-waveform-1789031234023-7 D2 FIRST_FRAME state=FIRST_FRAME_RECEIVED attempts=1 streak=1
[2026-09-10T09:09:13.211Z] batch=field-waveform-1789031234023-7 D2 FIRST_VALID_SAMPLE state=FIRST_FRAME_RECEIVED attempts=1 streak=1
[2026-09-10T09:09:13.361Z] batch=field-waveform-1789031234023-7 D1 CHANNEL_SYNC_OK state=TEST_READY attempts=1 streak=5
[2026-09-10T09:09:13.362Z] batch=field-waveform-1789031234023-7 D1 TEST_READY state=TEST_READY attempts=1 streak=5
[2026-09-10T09:09:13.365Z] batch=field-waveform-1789031234023-7 D3 CHANNEL_SYNC_OK state=TEST_READY attempts=1 streak=5
[2026-09-10T09:09:13.366Z] batch=field-waveform-1789031234023-7 D3 TEST_READY state=TEST_READY attempts=1 streak=5
[2026-09-10T09:09:13.370Z] batch=field-waveform-1789031234023-7 D5 CHANNEL_SYNC_OK state=TEST_READY attempts=1 streak=5
[2026-09-10T09:09:13.370Z] batch=field-waveform-1789031234023-7 D5 TEST_READY state=TEST_READY attempts=1 streak=5
[2026-09-10T09:09:13.499Z] batch=field-waveform-1789031234023-7 D6 CHANNEL_SYNC_OK state=TEST_READY attempts=1 streak=5
[2026-09-10T09:09:13.499Z] batch=field-waveform-1789031234023-7 D6 TEST_READY state=TEST_READY attempts=1 streak=5
[2026-09-10T09:09:13.587Z] batch=field-waveform-1789031234023-7 D4 CHANNEL_SYNC_OK state=TEST_READY attempts=1 streak=5
[2026-09-10T09:09:13.588Z] batch=field-waveform-1789031234023-7 D4 TEST_READY state=TEST_READY attempts=1 streak=5
[2026-09-10T09:09:13.590Z] batch=field-waveform-1789031234023-7 D2 CHANNEL_SYNC_OK state=TEST_READY attempts=1 streak=5
[2026-09-10T09:09:13.590Z] batch=field-waveform-1789031234023-7 D2 TEST_READY state=TEST_READY attempts=1 streak=5
