[2026-09-10T08:12:08.306Z] batch=field-waveform-1789027925435-3 D5 MODE_SWITCH_START state=MODE_SWITCHING attempts=1 streak=0 attempt=1
[2026-09-10T08:12:08.313Z] batch=field-waveform-1789027925435-3 D5 MODE_SWITCH_OK state=MODE_SWITCH_OK attempts=1 streak=0
[2026-09-10T08:12:08.330Z] batch=field-waveform-1789027925435-3 D2 MODE_SWITCH_START state=MODE_SWITCHING attempts=1 streak=0 attempt=1
[2026-09-10T08:12:08.344Z] batch=field-waveform-1789027925435-3 D2 MODE_SWITCH_OK state=MODE_SWITCH_OK attempts=1 streak=0
[2026-09-10T08:12:08.346Z] batch=field-waveform-1789027925435-3 D3 MODE_SWITCH_START state=MODE_SWITCHING attempts=1 streak=0 attempt=1
[2026-09-10T08:12:08.350Z] batch=field-waveform-1789027925435-3 D3 MODE_SWITCH_OK state=MODE_SWITCH_OK attempts=1 streak=0
[2026-09-10T08:12:08.352Z] batch=field-waveform-1789027925435-3 D4 MODE_SWITCH_START state=MODE_SWITCHING attempts=1 streak=0 attempt=1
[2026-09-10T08:12:08.354Z] batch=field-waveform-1789027925435-3 D4 MODE_SWITCH_OK state=MODE_SWITCH_OK attempts=1 streak=0
[2026-09-10T08:12:08.615Z] batch=field-waveform-1789027925435-3 D1 MODE_SWITCH_START state=MODE_SWITCHING attempts=1 streak=0 attempt=1
[2026-09-10T08:12:08.625Z] batch=field-waveform-1789027925435-3 D1 MODE_SWITCH_OK state=MODE_SWITCH_OK attempts=1 streak=0
[2026-09-10T08:12:08.629Z] batch=field-waveform-1789027925435-3 D6 MODE_SWITCH_START state=MODE_SWITCHING attempts=1 streak=0 attempt=1
[2026-09-10T08:12:08.636Z] batch=field-waveform-1789027925435-3 D6 MODE_SWITCH_OK state=MODE_SWITCH_OK attempts=1 streak=0
[2026-09-10T08:12:18.323Z] batch=field-waveform-1789027925435-3 D5 MODE_SWITCH_START state=MODE_SWITCHING attempts=1 streak=0 attempt=1
[2026-09-10T08:12:18.332Z] batch=field-waveform-1789027925435-3 D5 MODE_SWITCH_OK state=MODE_SWITCH_OK attempts=1 streak=0
[2026-09-10T08:12:18.350Z] batch=field-waveform-1789027925435-3 D2 MODE_SWITCH_START state=MODE_SWITCHING attempts=1 streak=0 attempt=1
[2026-09-10T08:12:18.357Z] batch=field-waveform-1789027925435-3 D2 MODE_SWITCH_OK state=MODE_SWITCH_OK attempts=1 streak=0
[2026-09-10T08:12:18.367Z] batch=field-waveform-1789027925435-3 D3 MODE_SWITCH_START state=MODE_SWITCHING attempts=1 streak=0 attempt=1
[2026-09-10T08:12:18.371Z] batch=field-waveform-1789027925435-3 D3 MODE_SWITCH_OK state=MODE_SWITCH_OK attempts=1 streak=0
[2026-09-10T08:12:18.377Z] batch=field-waveform-1789027925435-3 D4 MODE_SWITCH_START state=MODE_SWITCHING attempts=1 streak=0 attempt=1
[2026-09-10T08:12:18.380Z] batch=field-waveform-1789027925435-3 D4 MODE_SWITCH_OK state=MODE_SWITCH_OK attempts=1 streak=0
[2026-09-10T08:12:18.628Z] batch=field-waveform-1789027925435-3 D1 MODE_SWITCH_START state=MODE_SWITCHING attempts=1 streak=0 attempt=1
[2026-09-10T08:12:18.631Z] batch=field-waveform-1789027925435-3 D1 MODE_SWITCH_OK state=MODE_SWITCH_OK attempts=1 streak=0
[2026-09-10T08:12:18.636Z] batch=field-waveform-1789027925435-3 D6 MODE_SWITCH_START state=MODE_SWITCHING attempts=1 streak=0 attempt=1
[2026-09-10T08:12:18.640Z] batch=field-waveform-1789027925435-3 D6 MODE_SWITCH_OK state=MODE_SWITCH_OK attempts=1 streak=0
[2026-09-10T08:12:28.338Z] batch=field-waveform-1789027925435-3 D5 MODE_SWITCH_START state=MODE_SWITCHING attempts=1 streak=0 attempt=1
[2026-09-10T08:12:28.342Z] batch=field-waveform-1789027925435-3 D5 MODE_SWITCH_OK state=MODE_SWITCH_OK attempts=1 streak=0
[2026-09-10T08:12:28.364Z] batch=field-waveform-1789027925435-3 D2 MODE_SWITCH_START state=MODE_SWITCHING attempts=1 streak=0 attempt=1
[2026-09-10T08:12:28.375Z] batch=field-waveform-1789027925435-3 D2 MODE_SWITCH_OK state=MODE_SWITCH_OK attempts=1 streak=0
[2026-09-10T08:12:28.376Z] batch=field-waveform-1789027925435-3 D3 MODE_SWITCH_START state=MODE_SWITCHING attempts=1 streak=0 attempt=1
[2026-09-10T08:12:28.381Z] batch=field-waveform-1789027925435-3 D3 MODE_SWITCH_OK state=MODE_SWITCH_OK attempts=1 streak=0
[2026-09-10T08:12:28.382Z] batch=field-waveform-1789027925435-3 D4 MODE_SWITCH_START state=MODE_SWITCHING attempts=1 streak=0 attempt=1
[2026-09-10T08:12:28.383Z] batch=field-waveform-1789027925435-3 D4 MODE_SWITCH_OK state=MODE_SWITCH_OK attempts=1 streak=0
[2026-09-10T08:12:28.633Z] batch=field-waveform-1789027925435-3 D1 MODE_SWITCH_START state=MODE_SWITCHING attempts=1 streak=0 attempt=1
[2026-09-10T08:12:28.642Z] batch=field-waveform-1789027925435-3 D1 MODE_SWITCH_OK state=MODE_SWITCH_OK attempts=1 streak=0
[2026-09-10T08:12:28.646Z] batch=field-waveform-1789027925435-3 D6 MODE_SWITCH_START state=MODE_SWITCHING attempts=1 streak=0 attempt=1
[2026-09-10T08:12:28.652Z] batch=field-waveform-1789027925435-3 D6 MODE_SWITCH_OK state=MODE_SWITCH_OK attempts=1 streak=0
[2026-09-10T08:12:33.388Z] batch=field-waveform-1789027925435-3 D5 FIRST_FRAME state=FIRST_FRAME_RECEIVED attempts=1 streak=1
[2026-09-10T08:12:33.389Z] batch=field-waveform-1789027925435-3 D5 FIRST_VALID_SAMPLE state=FIRST_FRAME_RECEIVED attempts=1 streak=1
[2026-09-10T08:12:33.414Z] batch=field-waveform-1789027925435-3 D3 FIRST_FRAME state=FIRST_FRAME_RECEIVED attempts=1 streak=1
[2026-09-10T08:12:33.414Z] batch=field-waveform-1789027925435-3 D3 FIRST_VALID_SAMPLE state=FIRST_FRAME_RECEIVED attempts=1 streak=1
[2026-09-10T08:12:33.452Z] batch=field-waveform-1789027925435-3 D2 FIRST_FRAME state=FIRST_FRAME_RECEIVED attempts=1 streak=1
[2026-09-10T08:12:33.453Z] batch=field-waveform-1789027925435-3 D2 FIRST_VALID_SAMPLE state=FIRST_FRAME_RECEIVED attempts=1 streak=1
[2026-09-10T08:12:33.456Z] batch=field-waveform-1789027925435-3 D4 FIRST_FRAME state=FIRST_FRAME_RECEIVED attempts=1 streak=1
[2026-09-10T08:12:33.456Z] batch=field-waveform-1789027925435-3 D4 FIRST_VALID_SAMPLE state=FIRST_FRAME_RECEIVED attempts=1 streak=1
[2026-09-10T08:12:33.635Z] batch=field-waveform-1789027925435-3 D5 CHANNEL_SYNC_OK state=TEST_READY attempts=1 streak=5
[2026-09-10T08:12:33.635Z] batch=field-waveform-1789027925435-3 D5 TEST_READY state=TEST_READY attempts=1 streak=5
[2026-09-10T08:12:33.683Z] batch=field-waveform-1789027925435-3 D3 CHANNEL_SYNC_OK state=TEST_READY attempts=1 streak=5
[2026-09-10T08:12:33.683Z] batch=field-waveform-1789027925435-3 D3 TEST_READY state=TEST_READY attempts=1 streak=5
[2026-09-10T08:12:33.697Z] batch=field-waveform-1789027925435-3 D1 FIRST_FRAME state=FIRST_FRAME_RECEIVED attempts=1 streak=1
[2026-09-10T08:12:33.697Z] batch=field-waveform-1789027925435-3 D1 FIRST_VALID_SAMPLE state=FIRST_FRAME_RECEIVED attempts=1 streak=1
[2026-09-10T08:12:33.706Z] batch=field-waveform-1789027925435-3 D6 FIRST_FRAME state=FIRST_FRAME_RECEIVED attempts=1 streak=1
[2026-09-10T08:12:33.706Z] batch=field-waveform-1789027925435-3 D6 FIRST_VALID_SAMPLE state=FIRST_FRAME_RECEIVED attempts=1 streak=1
[2026-09-10T08:12:33.718Z] batch=field-waveform-1789027925435-3 D4 CHANNEL_SYNC_OK state=TEST_READY attempts=1 streak=5
[2026-09-10T08:12:33.718Z] batch=field-waveform-1789027925435-3 D4 TEST_READY state=TEST_READY attempts=1 streak=5
[2026-09-10T08:12:33.741Z] batch=field-waveform-1789027925435-3 D2 CHANNEL_SYNC_OK state=TEST_READY attempts=1 streak=5
[2026-09-10T08:12:33.741Z] batch=field-waveform-1789027925435-3 D2 TEST_READY state=TEST_READY attempts=1 streak=5
[2026-09-10T08:12:33.941Z] batch=field-waveform-1789027925435-3 D1 CHANNEL_SYNC_OK state=TEST_READY attempts=1 streak=5
[2026-09-10T08:12:33.941Z] batch=field-waveform-1789027925435-3 D1 TEST_READY state=TEST_READY attempts=1 streak=5
[2026-09-10T08:12:33.957Z] batch=field-waveform-1789027925435-3 D6 CHANNEL_SYNC_OK state=TEST_READY attempts=1 streak=5
[2026-09-10T08:12:33.957Z] batch=field-waveform-1789027925435-3 D6 TEST_READY state=TEST_READY attempts=1 streak=5
[2026-09-10T08:13:43.502Z] batch=field-waveform-1789027925435-3 D3 MODE_SWITCH_START state=MODE_SWITCHING attempts=1 streak=0 attempt=1
[2026-09-10T08:13:43.511Z] batch=field-waveform-1789027925435-3 D3 MODE_SWITCH_OK state=MODE_SWITCH_OK attempts=1 streak=0
[2026-09-10T08:13:43.519Z] batch=field-waveform-1789027925435-3 D5 MODE_SWITCH_START state=MODE_SWITCHING attempts=1 streak=0 attempt=1
[2026-09-10T08:13:43.522Z] batch=field-waveform-1789027925435-3 D5 MODE_SWITCH_OK state=MODE_SWITCH_OK attempts=1 streak=0
[2026-09-10T08:13:43.527Z] batch=field-waveform-1789027925435-3 D1 MODE_SWITCH_START state=MODE_SWITCHING attempts=1 streak=0 attempt=1
[2026-09-10T08:13:43.535Z] batch=field-waveform-1789027925435-3 D1 MODE_SWITCH_OK state=MODE_SWITCH_OK attempts=1 streak=0
[2026-09-10T08:13:43.540Z] batch=field-waveform-1789027925435-3 D2 MODE_SWITCH_START state=MODE_SWITCHING attempts=1 streak=0 attempt=1
[2026-09-10T08:13:43.541Z] batch=field-waveform-1789027925435-3 D2 MODE_SWITCH_OK state=MODE_SWITCH_OK attempts=1 streak=0
[2026-09-10T08:13:43.547Z] batch=field-waveform-1789027925435-3 D6 MODE_SWITCH_START state=MODE_SWITCHING attempts=1 streak=0 attempt=1
[2026-09-10T08:13:43.553Z] batch=field-waveform-1789027925435-3 D6 MODE_SWITCH_OK state=MODE_SWITCH_OK attempts=1 streak=0
[2026-09-10T08:13:43.563Z] batch=field-waveform-1789027925435-3 D4 MODE_SWITCH_START state=MODE_SWITCHING attempts=1 streak=0 attempt=1
[2026-09-10T08:13:43.571Z] batch=field-waveform-1789027925435-3 D4 MODE_SWITCH_OK state=MODE_SWITCH_OK attempts=1 streak=0
[2026-09-10T08:13:53.724Z] batch=field-waveform-1789027925435-3 D3 MODE_SWITCH_START state=MODE_SWITCHING attempts=1 streak=0 attempt=1
[2026-09-10T08:13:53.730Z] batch=field-waveform-1789027925435-3 D3 MODE_SWITCH_OK state=MODE_SWITCH_OK attempts=1 streak=0
[2026-09-10T08:13:53.736Z] batch=field-waveform-1789027925435-3 D5 MODE_SWITCH_START state=MODE_SWITCHING attempts=1 streak=0 attempt=1
[2026-09-10T08:13:53.739Z] batch=field-waveform-1789027925435-3 D5 MODE_SWITCH_OK state=MODE_SWITCH_OK attempts=1 streak=0
[2026-09-10T08:13:53.750Z] batch=field-waveform-1789027925435-3 D1 MODE_SWITCH_START state=MODE_SWITCHING attempts=1 streak=0 attempt=1
[2026-09-10T08:13:53.753Z] batch=field-waveform-1789027925435-3 D1 MODE_SWITCH_OK state=MODE_SWITCH_OK attempts=1 streak=0
[2026-09-10T08:13:53.760Z] batch=field-waveform-1789027925435-3 D2 MODE_SWITCH_START state=MODE_SWITCHING attempts=1 streak=0 attempt=1
[2026-09-10T08:13:53.762Z] batch=field-waveform-1789027925435-3 D2 MODE_SWITCH_OK state=MODE_SWITCH_OK attempts=1 streak=0
[2026-09-10T08:13:53.768Z] batch=field-waveform-1789027925435-3 D6 MODE_SWITCH_START state=MODE_SWITCHING attempts=1 streak=0 attempt=1
[2026-09-10T08:13:53.771Z] batch=field-waveform-1789027925435-3 D6 MODE_SWITCH_OK state=MODE_SWITCH_OK attempts=1 streak=0
[2026-09-10T08:13:53.777Z] batch=field-waveform-1789027925435-3 D4 MODE_SWITCH_START state=MODE_SWITCHING attempts=1 streak=0 attempt=1
[2026-09-10T08:13:53.778Z] batch=field-waveform-1789027925435-3 D4 MODE_SWITCH_OK state=MODE_SWITCH_OK attempts=1 streak=0
[2026-09-10T08:13:58.904Z] batch=field-waveform-1789027925435-3 D5 FIRST_FRAME state=FIRST_FRAME_RECEIVED attempts=1 streak=1
[2026-09-10T08:13:58.905Z] batch=field-waveform-1789027925435-3 D5 FIRST_VALID_SAMPLE state=FIRST_FRAME_RECEIVED attempts=1 streak=1
[2026-09-10T08:13:58.909Z] batch=field-waveform-1789027925435-3 D3 FIRST_FRAME state=FIRST_FRAME_RECEIVED attempts=1 streak=1
[2026-09-10T08:13:58.909Z] batch=field-waveform-1789027925435-3 D3 FIRST_VALID_SAMPLE state=FIRST_FRAME_RECEIVED attempts=1 streak=1
[2026-09-10T08:13:58.915Z] batch=field-waveform-1789027925435-3 D4 FIRST_FRAME state=FIRST_FRAME_RECEIVED attempts=1 streak=1
[2026-09-10T08:13:58.916Z] batch=field-waveform-1789027925435-3 D4 FIRST_VALID_SAMPLE state=FIRST_FRAME_RECEIVED attempts=1 streak=1
[2026-09-10T08:13:58.922Z] batch=field-waveform-1789027925435-3 D6 FIRST_FRAME state=FIRST_FRAME_RECEIVED attempts=1 streak=1
[2026-09-10T08:13:58.922Z] batch=field-waveform-1789027925435-3 D6 FIRST_VALID_SAMPLE state=FIRST_FRAME_RECEIVED attempts=1 streak=1
[2026-09-10T08:13:58.934Z] batch=field-waveform-1789027925435-3 D1 FIRST_FRAME state=FIRST_FRAME_RECEIVED attempts=1 streak=1
[2026-09-10T08:13:58.935Z] batch=field-waveform-1789027925435-3 D1 FIRST_VALID_SAMPLE state=FIRST_FRAME_RECEIVED attempts=1 streak=1
[2026-09-10T08:13:58.941Z] batch=field-waveform-1789027925435-3 D2 FIRST_FRAME state=FIRST_FRAME_RECEIVED attempts=1 streak=1
[2026-09-10T08:13:58.941Z] batch=field-waveform-1789027925435-3 D2 FIRST_VALID_SAMPLE state=FIRST_FRAME_RECEIVED attempts=1 streak=1
[2026-09-10T08:13:59.188Z] batch=field-waveform-1789027925435-3 D5 CHANNEL_SYNC_OK state=TEST_READY attempts=1 streak=5
[2026-09-10T08:13:59.188Z] batch=field-waveform-1789027925435-3 D5 TEST_READY state=TEST_READY attempts=1 streak=5
[2026-09-10T08:13:59.202Z] batch=field-waveform-1789027925435-3 D3 CHANNEL_SYNC_OK state=TEST_READY attempts=1 streak=5
[2026-09-10T08:13:59.202Z] batch=field-waveform-1789027925435-3 D3 TEST_READY state=TEST_READY attempts=1 streak=5
[2026-09-10T08:13:59.205Z] batch=field-waveform-1789027925435-3 D4 CHANNEL_SYNC_OK state=TEST_READY attempts=1 streak=5
[2026-09-10T08:13:59.205Z] batch=field-waveform-1789027925435-3 D4 TEST_READY state=TEST_READY attempts=1 streak=5
[2026-09-10T08:13:59.209Z] batch=field-waveform-1789027925435-3 D6 CHANNEL_SYNC_OK state=TEST_READY attempts=1 streak=5
[2026-09-10T08:13:59.209Z] batch=field-waveform-1789027925435-3 D6 TEST_READY state=TEST_READY attempts=1 streak=5
[2026-09-10T08:13:59.213Z] batch=field-waveform-1789027925435-3 D1 CHANNEL_SYNC_OK state=TEST_READY attempts=1 streak=5
[2026-09-10T08:13:59.214Z] batch=field-waveform-1789027925435-3 D1 TEST_READY state=TEST_READY attempts=1 streak=5
[2026-09-10T08:13:59.217Z] batch=field-waveform-1789027925435-3 D2 CHANNEL_SYNC_OK state=TEST_READY attempts=1 streak=5
[2026-09-10T08:13:59.217Z] batch=field-waveform-1789027925435-3 D2 TEST_READY state=TEST_READY attempts=1 streak=5
