[2026-09-09T08:25:35.525Z] batch=field-waveform-1788942180558-2 D1 MODE_SWITCH_START state=MODE_SWITCHING attempts=1 streak=0 attempt=1
[2026-09-09T08:25:35.536Z] batch=field-waveform-1788942180558-2 D1 MODE_SWITCH_OK state=MODE_SWITCH_OK attempts=1 streak=0
[2026-09-09T08:25:35.544Z] batch=field-waveform-1788942180558-2 D6 MODE_SWITCH_START state=MODE_SWITCHING attempts=1 streak=0 attempt=1
[2026-09-09T08:25:35.548Z] batch=field-waveform-1788942180558-2 D6 MODE_SWITCH_OK state=MODE_SWITCH_OK attempts=1 streak=0
[2026-09-09T08:25:35.565Z] batch=field-waveform-1788942180558-2 D2 MODE_SWITCH_START state=MODE_SWITCHING attempts=1 streak=0 attempt=1
[2026-09-09T08:25:35.570Z] batch=field-waveform-1788942180558-2 D2 MODE_SWITCH_OK state=MODE_SWITCH_OK attempts=1 streak=0
[2026-09-09T08:25:35.579Z] batch=field-waveform-1788942180558-2 D4 MODE_SWITCH_START state=MODE_SWITCHING attempts=1 streak=0 attempt=1
[2026-09-09T08:25:35.590Z] batch=field-waveform-1788942180558-2 D4 MODE_SWITCH_OK state=MODE_SWITCH_OK attempts=1 streak=0
[2026-09-09T08:25:35.597Z] batch=field-waveform-1788942180558-2 D3 MODE_SWITCH_START state=MODE_SWITCHING attempts=1 streak=0 attempt=1
[2026-09-09T08:25:35.601Z] batch=field-waveform-1788942180558-2 D3 MODE_SWITCH_OK state=MODE_SWITCH_OK attempts=1 streak=0
[2026-09-09T08:25:35.609Z] batch=field-waveform-1788942180558-2 D5 MODE_SWITCH_START state=MODE_SWITCHING attempts=1 streak=0 attempt=1
[2026-09-09T08:25:35.614Z] batch=field-waveform-1788942180558-2 D5 MODE_SWITCH_OK state=MODE_SWITCH_OK attempts=1 streak=0
[2026-09-09T08:25:45.628Z] batch=field-waveform-1788942180558-2 D1 MODE_SWITCH_START state=MODE_SWITCHING attempts=1 streak=0 attempt=1
[2026-09-09T08:25:45.641Z] batch=field-waveform-1788942180558-2 D1 MODE_SWITCH_OK state=MODE_SWITCH_OK attempts=1 streak=0
[2026-09-09T08:25:45.650Z] batch=field-waveform-1788942180558-2 D6 MODE_SWITCH_START state=MODE_SWITCHING attempts=1 streak=0 attempt=1
[2026-09-09T08:25:45.653Z] batch=field-waveform-1788942180558-2 D6 MODE_SWITCH_OK state=MODE_SWITCH_OK attempts=1 streak=0
[2026-09-09T08:25:45.671Z] batch=field-waveform-1788942180558-2 D2 MODE_SWITCH_START state=MODE_SWITCHING attempts=1 streak=0 attempt=1
[2026-09-09T08:25:45.681Z] batch=field-waveform-1788942180558-2 D2 MODE_SWITCH_OK state=MODE_SWITCH_OK attempts=1 streak=0
[2026-09-09T08:25:45.688Z] batch=field-waveform-1788942180558-2 D4 MODE_SWITCH_START state=MODE_SWITCHING attempts=1 streak=0 attempt=1
[2026-09-09T08:25:45.690Z] batch=field-waveform-1788942180558-2 D4 MODE_SWITCH_OK state=MODE_SWITCH_OK attempts=1 streak=0
[2026-09-09T08:25:45.698Z] batch=field-waveform-1788942180558-2 D3 MODE_SWITCH_START state=MODE_SWITCHING attempts=1 streak=0 attempt=1
[2026-09-09T08:25:45.703Z] batch=field-waveform-1788942180558-2 D3 MODE_SWITCH_OK state=MODE_SWITCH_OK attempts=1 streak=0
[2026-09-09T08:25:45.714Z] batch=field-waveform-1788942180558-2 D5 MODE_SWITCH_START state=MODE_SWITCHING attempts=1 streak=0 attempt=1
[2026-09-09T08:25:45.716Z] batch=field-waveform-1788942180558-2 D5 MODE_SWITCH_OK state=MODE_SWITCH_OK attempts=1 streak=0
[2026-09-09T08:25:55.656Z] batch=field-waveform-1788942180558-2 D1 MODE_SWITCH_START state=MODE_SWITCHING attempts=1 streak=0 attempt=1
[2026-09-09T08:25:55.668Z] batch=field-waveform-1788942180558-2 D1 MODE_SWITCH_OK state=MODE_SWITCH_OK attempts=1 streak=0
[2026-09-09T08:25:55.678Z] batch=field-waveform-1788942180558-2 D6 MODE_SWITCH_START state=MODE_SWITCHING attempts=1 streak=0 attempt=1
[2026-09-09T08:25:55.681Z] batch=field-waveform-1788942180558-2 D6 MODE_SWITCH_OK state=MODE_SWITCH_OK attempts=1 streak=0
[2026-09-09T08:25:55.688Z] batch=field-waveform-1788942180558-2 D2 MODE_SWITCH_START state=MODE_SWITCHING attempts=1 streak=0 attempt=1
[2026-09-09T08:25:55.692Z] batch=field-waveform-1788942180558-2 D2 MODE_SWITCH_OK state=MODE_SWITCH_OK attempts=1 streak=0
[2026-09-09T08:25:55.699Z] batch=field-waveform-1788942180558-2 D4 MODE_SWITCH_START state=MODE_SWITCHING attempts=1 streak=0 attempt=1
[2026-09-09T08:25:55.701Z] batch=field-waveform-1788942180558-2 D4 MODE_SWITCH_OK state=MODE_SWITCH_OK attempts=1 streak=0
[2026-09-09T08:25:56.183Z] batch=field-waveform-1788942180558-2 D3 MODE_SWITCH_START state=MODE_SWITCHING attempts=1 streak=0 attempt=1
[2026-09-09T08:25:56.197Z] batch=field-waveform-1788942180558-2 D3 MODE_SWITCH_OK state=MODE_SWITCH_OK attempts=1 streak=0
[2026-09-09T08:25:56.205Z] batch=field-waveform-1788942180558-2 D5 MODE_SWITCH_START state=MODE_SWITCHING attempts=1 streak=0 attempt=1
[2026-09-09T08:25:56.211Z] batch=field-waveform-1788942180558-2 D5 MODE_SWITCH_OK state=MODE_SWITCH_OK attempts=1 streak=0
[2026-09-09T08:25:59.620Z] batch=field-waveform-1788942359618-3 D1 MODE_SWITCH_START state=MODE_SWITCHING attempts=1 streak=0 attempt=1
[2026-09-09T08:25:59.635Z] batch=field-waveform-1788942359618-3 D2 MODE_SWITCH_START state=MODE_SWITCHING attempts=1 streak=0 attempt=1
[2026-09-09T08:25:59.636Z] batch=field-waveform-1788942359618-3 D3 MODE_SWITCH_START state=MODE_SWITCHING attempts=1 streak=0 attempt=1
[2026-09-09T08:25:59.646Z] batch=field-waveform-1788942359618-3 D4 MODE_SWITCH_START state=MODE_SWITCHING attempts=1 streak=0 attempt=1
[2026-09-09T08:25:59.647Z] batch=field-waveform-1788942359618-3 D5 MODE_SWITCH_START state=MODE_SWITCHING attempts=1 streak=0 attempt=1
[2026-09-09T08:25:59.649Z] batch=field-waveform-1788942359618-3 D6 MODE_SWITCH_START state=MODE_SWITCHING attempts=1 streak=0 attempt=1
[2026-09-09T08:25:59.660Z] batch=field-waveform-1788942359618-3 D1 MODE_SWITCH_OK state=MODE_SWITCH_OK attempts=1 streak=0
[2026-09-09T08:25:59.667Z] batch=field-waveform-1788942359618-3 D2 MODE_SWITCH_OK state=MODE_SWITCH_OK attempts=1 streak=0
[2026-09-09T08:25:59.668Z] batch=field-waveform-1788942359618-3 D3 MODE_SWITCH_OK state=MODE_SWITCH_OK attempts=1 streak=0
[2026-09-09T08:25:59.668Z] batch=field-waveform-1788942359618-3 D4 MODE_SWITCH_OK state=MODE_SWITCH_OK attempts=1 streak=0
[2026-09-09T08:25:59.669Z] batch=field-waveform-1788942359618-3 D5 MODE_SWITCH_OK state=MODE_SWITCH_OK attempts=1 streak=0
[2026-09-09T08:25:59.669Z] batch=field-waveform-1788942359618-3 D6 MODE_SWITCH_OK state=MODE_SWITCH_OK attempts=1 streak=0
[2026-09-09T08:26:05.684Z] batch=field-waveform-1788942359618-3 D1 MODE_SWITCH_START state=MODE_SWITCHING attempts=1 streak=0 attempt=1
[2026-09-09T08:26:05.698Z] batch=field-waveform-1788942359618-3 D1 MODE_SWITCH_OK state=MODE_SWITCH_OK attempts=1 streak=0
[2026-09-09T08:26:05.700Z] batch=field-waveform-1788942359618-3 D6 MODE_SWITCH_START state=MODE_SWITCHING attempts=1 streak=0 attempt=1
[2026-09-09T08:26:05.702Z] batch=field-waveform-1788942359618-3 D6 MODE_SWITCH_OK state=MODE_SWITCH_OK attempts=1 streak=0
[2026-09-09T08:26:05.703Z] batch=field-waveform-1788942359618-3 D2 MODE_SWITCH_START state=MODE_SWITCHING attempts=1 streak=0 attempt=1
[2026-09-09T08:26:05.705Z] batch=field-waveform-1788942359618-3 D2 MODE_SWITCH_OK state=MODE_SWITCH_OK attempts=1 streak=0
[2026-09-09T08:26:05.706Z] batch=field-waveform-1788942359618-3 D4 MODE_SWITCH_START state=MODE_SWITCHING attempts=1 streak=0 attempt=1
[2026-09-09T08:26:05.707Z] batch=field-waveform-1788942359618-3 D4 MODE_SWITCH_OK state=MODE_SWITCH_OK attempts=1 streak=0
[2026-09-09T08:26:06.209Z] batch=field-waveform-1788942359618-3 D3 MODE_SWITCH_START state=MODE_SWITCHING attempts=1 streak=0 attempt=1
[2026-09-09T08:26:06.225Z] batch=field-waveform-1788942359618-3 D3 MODE_SWITCH_OK state=MODE_SWITCH_OK attempts=1 streak=0
[2026-09-09T08:26:06.236Z] batch=field-waveform-1788942359618-3 D5 MODE_SWITCH_START state=MODE_SWITCHING attempts=1 streak=0 attempt=1
[2026-09-09T08:26:06.242Z] batch=field-waveform-1788942359618-3 D5 MODE_SWITCH_OK state=MODE_SWITCH_OK attempts=1 streak=0
[2026-09-09T08:26:07.809Z] batch=field-waveform-1788942367809-4 D1 MODE_SWITCH_START state=MODE_SWITCHING attempts=1 streak=0 attempt=1
[2026-09-09T08:26:07.829Z] batch=field-waveform-1788942367809-4 D2 MODE_SWITCH_START state=MODE_SWITCHING attempts=1 streak=0 attempt=1
[2026-09-09T08:26:07.831Z] batch=field-waveform-1788942367809-4 D3 MODE_SWITCH_START state=MODE_SWITCHING attempts=1 streak=0 attempt=1
[2026-09-09T08:26:07.833Z] batch=field-waveform-1788942367809-4 D4 MODE_SWITCH_START state=MODE_SWITCHING attempts=1 streak=0 attempt=1
[2026-09-09T08:26:07.835Z] batch=field-waveform-1788942367809-4 D5 MODE_SWITCH_START state=MODE_SWITCHING attempts=1 streak=0 attempt=1
[2026-09-09T08:26:07.836Z] batch=field-waveform-1788942367809-4 D6 MODE_SWITCH_START state=MODE_SWITCHING attempts=1 streak=0 attempt=1
[2026-09-09T08:26:07.840Z] batch=field-waveform-1788942367809-4 D1 MODE_SWITCH_OK state=MODE_SWITCH_OK attempts=1 streak=0
[2026-09-09T08:26:07.841Z] batch=field-waveform-1788942367809-4 D2 MODE_SWITCH_OK state=MODE_SWITCH_OK attempts=1 streak=0
[2026-09-09T08:26:07.850Z] batch=field-waveform-1788942367809-4 D3 MODE_SWITCH_OK state=MODE_SWITCH_OK attempts=1 streak=0
[2026-09-09T08:26:07.859Z] batch=field-waveform-1788942367809-4 D4 MODE_SWITCH_OK state=MODE_SWITCH_OK attempts=1 streak=0
[2026-09-09T08:26:07.863Z] batch=field-waveform-1788942367809-4 D5 MODE_SWITCH_OK state=MODE_SWITCH_OK attempts=1 streak=0
[2026-09-09T08:26:07.864Z] batch=field-waveform-1788942367809-4 D6 MODE_SWITCH_OK state=MODE_SWITCH_OK attempts=1 streak=0
[2026-09-09T08:26:15.706Z] batch=field-waveform-1788942367809-4 D1 MODE_SWITCH_START state=MODE_SWITCHING attempts=1 streak=0 attempt=1
[2026-09-09T08:26:15.714Z] batch=field-waveform-1788942367809-4 D1 MODE_SWITCH_OK state=MODE_SWITCH_OK attempts=1 streak=0
[2026-09-09T08:26:15.734Z] batch=field-waveform-1788942367809-4 D6 MODE_SWITCH_START state=MODE_SWITCHING attempts=1 streak=0 attempt=1
[2026-09-09T08:26:15.741Z] batch=field-waveform-1788942367809-4 D6 MODE_SWITCH_OK state=MODE_SWITCH_OK attempts=1 streak=0
[2026-09-09T08:26:15.744Z] batch=field-waveform-1788942367809-4 D2 MODE_SWITCH_START state=MODE_SWITCHING attempts=1 streak=0 attempt=1
[2026-09-09T08:26:15.748Z] batch=field-waveform-1788942367809-4 D2 MODE_SWITCH_OK state=MODE_SWITCH_OK attempts=1 streak=0
[2026-09-09T08:26:15.750Z] batch=field-waveform-1788942367809-4 D4 MODE_SWITCH_START state=MODE_SWITCHING attempts=1 streak=0 attempt=1
[2026-09-09T08:26:15.754Z] batch=field-waveform-1788942367809-4 D4 MODE_SWITCH_OK state=MODE_SWITCH_OK attempts=1 streak=0
[2026-09-09T08:26:16.231Z] batch=field-waveform-1788942367809-4 D3 MODE_SWITCH_START state=MODE_SWITCHING attempts=1 streak=0 attempt=1
[2026-09-09T08:26:16.244Z] batch=field-waveform-1788942367809-4 D3 MODE_SWITCH_OK state=MODE_SWITCH_OK attempts=1 streak=0
[2026-09-09T08:26:16.245Z] batch=field-waveform-1788942367809-4 D5 MODE_SWITCH_START state=MODE_SWITCHING attempts=1 streak=0 attempt=1
[2026-09-09T08:26:16.248Z] batch=field-waveform-1788942367809-4 D5 MODE_SWITCH_OK state=MODE_SWITCH_OK attempts=1 streak=0
[2026-09-09T08:26:25.730Z] batch=field-waveform-1788942367809-4 D1 MODE_SWITCH_START state=MODE_SWITCHING attempts=1 streak=0 attempt=1
[2026-09-09T08:26:25.737Z] batch=field-waveform-1788942367809-4 D1 MODE_SWITCH_OK state=MODE_SWITCH_OK attempts=1 streak=0
[2026-09-09T08:26:25.742Z] batch=field-waveform-1788942367809-4 D6 MODE_SWITCH_START state=MODE_SWITCHING attempts=1 streak=0 attempt=1
[2026-09-09T08:26:25.745Z] batch=field-waveform-1788942367809-4 D6 MODE_SWITCH_OK state=MODE_SWITCH_OK attempts=1 streak=0
[2026-09-09T08:26:25.748Z] batch=field-waveform-1788942367809-4 D2 MODE_SWITCH_START state=MODE_SWITCHING attempts=1 streak=0 attempt=1
[2026-09-09T08:26:25.753Z] batch=field-waveform-1788942367809-4 D2 MODE_SWITCH_OK state=MODE_SWITCH_OK attempts=1 streak=0
[2026-09-09T08:26:25.756Z] batch=field-waveform-1788942367809-4 D4 MODE_SWITCH_START state=MODE_SWITCHING attempts=1 streak=0 attempt=1
[2026-09-09T08:26:25.766Z] batch=field-waveform-1788942367809-4 D4 MODE_SWITCH_OK state=MODE_SWITCH_OK attempts=1 streak=0
[2026-09-09T08:26:26.255Z] batch=field-waveform-1788942367809-4 D3 MODE_SWITCH_START state=MODE_SWITCHING attempts=1 streak=0 attempt=1
[2026-09-09T08:26:26.267Z] batch=field-waveform-1788942367809-4 D3 MODE_SWITCH_OK state=MODE_SWITCH_OK attempts=1 streak=0
[2026-09-09T08:26:26.268Z] batch=field-waveform-1788942367809-4 D5 MODE_SWITCH_START state=MODE_SWITCHING attempts=1 streak=0 attempt=1
[2026-09-09T08:26:26.270Z] batch=field-waveform-1788942367809-4 D5 MODE_SWITCH_OK state=MODE_SWITCH_OK attempts=1 streak=0
[2026-09-09T08:26:30.800Z] batch=field-waveform-1788942367809-4 D1 FIRST_FRAME state=FIRST_FRAME_RECEIVED attempts=1 streak=1
[2026-09-09T08:26:30.801Z] batch=field-waveform-1788942367809-4 D1 FIRST_VALID_SAMPLE state=FIRST_FRAME_RECEIVED attempts=1 streak=1
[2026-09-09T08:26:30.826Z] batch=field-waveform-1788942367809-4 D6 FIRST_FRAME state=FIRST_FRAME_RECEIVED attempts=1 streak=1
[2026-09-09T08:26:30.827Z] batch=field-waveform-1788942367809-4 D6 FIRST_VALID_SAMPLE state=FIRST_FRAME_RECEIVED attempts=1 streak=1
[2026-09-09T08:26:30.833Z] batch=field-waveform-1788942367809-4 D2 FIRST_FRAME state=FIRST_FRAME_RECEIVED attempts=1 streak=1
[2026-09-09T08:26:30.834Z] batch=field-waveform-1788942367809-4 D2 FIRST_VALID_SAMPLE state=FIRST_FRAME_RECEIVED attempts=1 streak=1
[2026-09-09T08:26:30.871Z] batch=field-waveform-1788942367809-4 D4 FIRST_FRAME state=FIRST_FRAME_RECEIVED attempts=1 streak=1
[2026-09-09T08:26:30.871Z] batch=field-waveform-1788942367809-4 D4 FIRST_VALID_SAMPLE state=FIRST_FRAME_RECEIVED attempts=1 streak=1
[2026-09-09T08:26:31.057Z] batch=field-waveform-1788942367809-4 D1 CHANNEL_SYNC_OK state=TEST_READY attempts=1 streak=5
[2026-09-09T08:26:31.057Z] batch=field-waveform-1788942367809-4 D1 TEST_READY state=TEST_READY attempts=1 streak=5
[2026-09-09T08:26:31.092Z] batch=field-waveform-1788942367809-4 D2 CHANNEL_SYNC_OK state=TEST_READY attempts=1 streak=5
[2026-09-09T08:26:31.092Z] batch=field-waveform-1788942367809-4 D2 TEST_READY state=TEST_READY attempts=1 streak=5
[2026-09-09T08:26:31.105Z] batch=field-waveform-1788942367809-4 D6 CHANNEL_SYNC_OK state=TEST_READY attempts=1 streak=5
[2026-09-09T08:26:31.105Z] batch=field-waveform-1788942367809-4 D6 TEST_READY state=TEST_READY attempts=1 streak=5
[2026-09-09T08:26:31.151Z] batch=field-waveform-1788942367809-4 D4 CHANNEL_SYNC_OK state=TEST_READY attempts=1 streak=5
[2026-09-09T08:26:31.151Z] batch=field-waveform-1788942367809-4 D4 TEST_READY state=TEST_READY attempts=1 streak=5
[2026-09-09T08:26:31.323Z] batch=field-waveform-1788942367809-4 D3 FIRST_FRAME state=FIRST_FRAME_RECEIVED attempts=1 streak=1
[2026-09-09T08:26:31.323Z] batch=field-waveform-1788942367809-4 D3 FIRST_VALID_SAMPLE state=FIRST_FRAME_RECEIVED attempts=1 streak=1
[2026-09-09T08:26:31.360Z] batch=field-waveform-1788942367809-4 D5 FIRST_FRAME state=FIRST_FRAME_RECEIVED attempts=1 streak=1
[2026-09-09T08:26:31.360Z] batch=field-waveform-1788942367809-4 D5 FIRST_VALID_SAMPLE state=FIRST_FRAME_RECEIVED attempts=1 streak=1
[2026-09-09T08:26:31.571Z] batch=field-waveform-1788942367809-4 D3 CHANNEL_SYNC_OK state=TEST_READY attempts=1 streak=5
[2026-09-09T08:26:31.571Z] batch=field-waveform-1788942367809-4 D3 TEST_READY state=TEST_READY attempts=1 streak=5
[2026-09-09T08:26:31.598Z] batch=field-waveform-1788942367809-4 D5 CHANNEL_SYNC_OK state=TEST_READY attempts=1 streak=5
[2026-09-09T08:26:31.599Z] batch=field-waveform-1788942367809-4 D5 TEST_READY state=TEST_READY attempts=1 streak=5
[2026-09-09T08:27:42.831Z] batch=field-waveform-1788942367809-4 D6 MODE_SWITCH_START state=MODE_SWITCHING attempts=1 streak=0 attempt=1
[2026-09-09T08:27:42.845Z] batch=field-waveform-1788942367809-4 D6 MODE_SWITCH_OK state=MODE_SWITCH_OK attempts=1 streak=0
[2026-09-09T08:27:42.861Z] batch=field-waveform-1788942367809-4 D3 MODE_SWITCH_START state=MODE_SWITCHING attempts=1 streak=0 attempt=1
[2026-09-09T08:27:42.870Z] batch=field-waveform-1788942367809-4 D3 MODE_SWITCH_OK state=MODE_SWITCH_OK attempts=1 streak=0
[2026-09-09T08:27:42.877Z] batch=field-waveform-1788942367809-4 D2 MODE_SWITCH_START state=MODE_SWITCHING attempts=1 streak=0 attempt=1
[2026-09-09T08:27:42.884Z] batch=field-waveform-1788942367809-4 D2 MODE_SWITCH_OK state=MODE_SWITCH_OK attempts=1 streak=0
[2026-09-09T08:27:42.890Z] batch=field-waveform-1788942367809-4 D1 MODE_SWITCH_START state=MODE_SWITCHING attempts=1 streak=0 attempt=1
[2026-09-09T08:27:42.892Z] batch=field-waveform-1788942367809-4 D1 MODE_SWITCH_OK state=MODE_SWITCH_OK attempts=1 streak=0
[2026-09-09T08:27:42.900Z] batch=field-waveform-1788942367809-4 D4 MODE_SWITCH_START state=MODE_SWITCHING attempts=1 streak=0 attempt=1
[2026-09-09T08:27:42.904Z] batch=field-waveform-1788942367809-4 D4 MODE_SWITCH_OK state=MODE_SWITCH_OK attempts=1 streak=0
[2026-09-09T08:27:42.910Z] batch=field-waveform-1788942367809-4 D5 MODE_SWITCH_START state=MODE_SWITCHING attempts=1 streak=0 attempt=1
[2026-09-09T08:27:42.917Z] batch=field-waveform-1788942367809-4 D5 MODE_SWITCH_OK state=MODE_SWITCH_OK attempts=1 streak=0
[2026-09-09T08:27:52.947Z] batch=field-waveform-1788942367809-4 D6 MODE_SWITCH_START state=MODE_SWITCHING attempts=1 streak=0 attempt=1
[2026-09-09T08:27:52.950Z] batch=field-waveform-1788942367809-4 D6 MODE_SWITCH_OK state=MODE_SWITCH_OK attempts=1 streak=0
[2026-09-09T08:27:52.963Z] batch=field-waveform-1788942367809-4 D3 MODE_SWITCH_START state=MODE_SWITCHING attempts=1 streak=0 attempt=1
[2026-09-09T08:27:52.973Z] batch=field-waveform-1788942367809-4 D3 MODE_SWITCH_OK state=MODE_SWITCH_OK attempts=1 streak=0
[2026-09-09T08:27:52.979Z] batch=field-waveform-1788942367809-4 D2 MODE_SWITCH_START state=MODE_SWITCHING attempts=1 streak=0 attempt=1
[2026-09-09T08:27:52.990Z] batch=field-waveform-1788942367809-4 D2 MODE_SWITCH_OK state=MODE_SWITCH_OK attempts=1 streak=0
[2026-09-09T08:27:52.996Z] batch=field-waveform-1788942367809-4 D1 MODE_SWITCH_START state=MODE_SWITCHING attempts=1 streak=0 attempt=1
[2026-09-09T08:27:52.999Z] batch=field-waveform-1788942367809-4 D1 MODE_SWITCH_OK state=MODE_SWITCH_OK attempts=1 streak=0
[2026-09-09T08:27:53.006Z] batch=field-waveform-1788942367809-4 D4 MODE_SWITCH_START state=MODE_SWITCHING attempts=1 streak=0 attempt=1
[2026-09-09T08:27:53.010Z] batch=field-waveform-1788942367809-4 D4 MODE_SWITCH_OK state=MODE_SWITCH_OK attempts=1 streak=0
[2026-09-09T08:27:53.017Z] batch=field-waveform-1788942367809-4 D5 MODE_SWITCH_START state=MODE_SWITCHING attempts=1 streak=0 attempt=1
[2026-09-09T08:27:53.025Z] batch=field-waveform-1788942367809-4 D5 MODE_SWITCH_OK state=MODE_SWITCH_OK attempts=1 streak=0
[2026-09-09T08:27:58.160Z] batch=field-waveform-1788942367809-4 D6 FIRST_FRAME state=FIRST_FRAME_RECEIVED attempts=1 streak=1
[2026-09-09T08:27:58.160Z] batch=field-waveform-1788942367809-4 D6 FIRST_VALID_SAMPLE state=FIRST_FRAME_RECEIVED attempts=1 streak=1
[2026-09-09T08:27:58.276Z] batch=field-waveform-1788942367809-4 D3 FIRST_FRAME state=FIRST_FRAME_RECEIVED attempts=1 streak=1
[2026-09-09T08:27:58.276Z] batch=field-waveform-1788942367809-4 D3 FIRST_VALID_SAMPLE state=FIRST_FRAME_RECEIVED attempts=1 streak=1
[2026-09-09T08:27:58.295Z] batch=field-waveform-1788942367809-4 D3 CHANNEL_SYNC_OK state=TEST_READY attempts=1 streak=5
[2026-09-09T08:27:58.296Z] batch=field-waveform-1788942367809-4 D3 TEST_READY state=TEST_READY attempts=1 streak=5
[2026-09-09T08:27:58.303Z] batch=field-waveform-1788942367809-4 D1 FIRST_FRAME state=FIRST_FRAME_RECEIVED attempts=1 streak=1
[2026-09-09T08:27:58.303Z] batch=field-waveform-1788942367809-4 D1 FIRST_VALID_SAMPLE state=FIRST_FRAME_RECEIVED attempts=1 streak=1
[2026-09-09T08:27:58.318Z] batch=field-waveform-1788942367809-4 D1 CHANNEL_SYNC_OK state=TEST_READY attempts=1 streak=5
[2026-09-09T08:27:58.318Z] batch=field-waveform-1788942367809-4 D1 TEST_READY state=TEST_READY attempts=1 streak=5
[2026-09-09T08:27:58.330Z] batch=field-waveform-1788942367809-4 D2 FIRST_FRAME state=FIRST_FRAME_RECEIVED attempts=1 streak=1
[2026-09-09T08:27:58.330Z] batch=field-waveform-1788942367809-4 D2 FIRST_VALID_SAMPLE state=FIRST_FRAME_RECEIVED attempts=1 streak=1
[2026-09-09T08:27:58.335Z] batch=field-waveform-1788942367809-4 D2 CHANNEL_SYNC_OK state=TEST_READY attempts=1 streak=5
[2026-09-09T08:27:58.336Z] batch=field-waveform-1788942367809-4 D2 TEST_READY state=TEST_READY attempts=1 streak=5
[2026-09-09T08:27:58.337Z] batch=field-waveform-1788942367809-4 D4 FIRST_FRAME state=FIRST_FRAME_RECEIVED attempts=1 streak=1
[2026-09-09T08:27:58.337Z] batch=field-waveform-1788942367809-4 D4 FIRST_VALID_SAMPLE state=FIRST_FRAME_RECEIVED attempts=1 streak=1
[2026-09-09T08:27:58.344Z] batch=field-waveform-1788942367809-4 D4 CHANNEL_SYNC_OK state=TEST_READY attempts=1 streak=5
[2026-09-09T08:27:58.344Z] batch=field-waveform-1788942367809-4 D4 TEST_READY state=TEST_READY attempts=1 streak=5
[2026-09-09T08:27:58.346Z] batch=field-waveform-1788942367809-4 D5 FIRST_FRAME state=FIRST_FRAME_RECEIVED attempts=1 streak=1
[2026-09-09T08:27:58.346Z] batch=field-waveform-1788942367809-4 D5 FIRST_VALID_SAMPLE state=FIRST_FRAME_RECEIVED attempts=1 streak=1
[2026-09-09T08:27:58.355Z] batch=field-waveform-1788942367809-4 D5 CHANNEL_SYNC_OK state=TEST_READY attempts=1 streak=5
[2026-09-09T08:27:58.355Z] batch=field-waveform-1788942367809-4 D5 TEST_READY state=TEST_READY attempts=1 streak=5
[2026-09-09T08:27:58.631Z] batch=field-waveform-1788942367809-4 D6 CHANNEL_SYNC_OK state=TEST_READY attempts=1 streak=5
[2026-09-09T08:27:58.631Z] batch=field-waveform-1788942367809-4 D6 TEST_READY state=TEST_READY attempts=1 streak=5
