[2026-09-10T08:57:29.789Z] batch=field-waveform-1789030488197-4 D3 MODE_SWITCH_START state=MODE_SWITCHING attempts=1 streak=0 attempt=1
[2026-09-10T08:57:29.802Z] batch=field-waveform-1789030488197-4 D3 MODE_SWITCH_OK state=MODE_SWITCH_OK attempts=1 streak=0
[2026-09-10T08:57:30.361Z] batch=field-waveform-1789030488197-4 D2 MODE_SWITCH_START state=MODE_SWITCHING attempts=1 streak=0 attempt=1
[2026-09-10T08:57:30.370Z] batch=field-waveform-1789030488197-4 D2 MODE_SWITCH_OK state=MODE_SWITCH_OK attempts=1 streak=0
[2026-09-10T08:57:30.386Z] batch=field-waveform-1789030488197-4 D6 MODE_SWITCH_START state=MODE_SWITCHING attempts=1 streak=0 attempt=1
[2026-09-10T08:57:30.394Z] batch=field-waveform-1789030488197-4 D6 MODE_SWITCH_OK state=MODE_SWITCH_OK attempts=1 streak=0
[2026-09-10T08:57:30.401Z] batch=field-waveform-1789030488197-4 D1 MODE_SWITCH_START state=MODE_SWITCHING attempts=1 streak=0 attempt=1
[2026-09-10T08:57:30.404Z] batch=field-waveform-1789030488197-4 D1 MODE_SWITCH_OK state=MODE_SWITCH_OK attempts=1 streak=0
[2026-09-10T08:57:30.412Z] batch=field-waveform-1789030488197-4 D4 MODE_SWITCH_START state=MODE_SWITCHING attempts=1 streak=0 attempt=1
[2026-09-10T08:57:30.415Z] batch=field-waveform-1789030488197-4 D4 MODE_SWITCH_OK state=MODE_SWITCH_OK attempts=1 streak=0
[2026-09-10T08:57:30.928Z] batch=field-waveform-1789030488197-4 D5 MODE_SWITCH_START state=MODE_SWITCHING attempts=1 streak=0 attempt=1
[2026-09-10T08:57:30.938Z] batch=field-waveform-1789030488197-4 D5 MODE_SWITCH_OK state=MODE_SWITCH_OK attempts=1 streak=0
[2026-09-10T08:57:40.102Z] batch=field-waveform-1789030488197-4 D3 MODE_SWITCH_START state=MODE_SWITCHING attempts=1 streak=0 attempt=1
[2026-09-10T08:57:40.106Z] batch=field-waveform-1789030488197-4 D3 MODE_SWITCH_OK state=MODE_SWITCH_OK attempts=1 streak=0
[2026-09-10T08:57:40.471Z] batch=field-waveform-1789030488197-4 D2 MODE_SWITCH_START state=MODE_SWITCHING attempts=1 streak=0 attempt=1
[2026-09-10T08:57:40.480Z] batch=field-waveform-1789030488197-4 D2 MODE_SWITCH_OK state=MODE_SWITCH_OK attempts=1 streak=0
[2026-09-10T08:57:40.490Z] batch=field-waveform-1789030488197-4 D6 MODE_SWITCH_START state=MODE_SWITCHING attempts=1 streak=0 attempt=1
[2026-09-10T08:57:40.492Z] batch=field-waveform-1789030488197-4 D6 MODE_SWITCH_OK state=MODE_SWITCH_OK attempts=1 streak=0
[2026-09-10T08:57:40.501Z] batch=field-waveform-1789030488197-4 D1 MODE_SWITCH_START state=MODE_SWITCHING attempts=1 streak=0 attempt=1
[2026-09-10T08:57:40.504Z] batch=field-waveform-1789030488197-4 D1 MODE_SWITCH_OK state=MODE_SWITCH_OK attempts=1 streak=0
[2026-09-10T08:57:40.511Z] batch=field-waveform-1789030488197-4 D4 MODE_SWITCH_START state=MODE_SWITCHING attempts=1 streak=0 attempt=1
[2026-09-10T08:57:40.513Z] batch=field-waveform-1789030488197-4 D4 MODE_SWITCH_OK state=MODE_SWITCH_OK attempts=1 streak=0
[2026-09-10T08:57:40.990Z] batch=field-waveform-1789030488197-4 D5 MODE_SWITCH_START state=MODE_SWITCHING attempts=1 streak=0 attempt=1
[2026-09-10T08:57:41.000Z] batch=field-waveform-1789030488197-4 D5 MODE_SWITCH_OK state=MODE_SWITCH_OK attempts=1 streak=0
[2026-09-10T08:57:50.170Z] batch=field-waveform-1789030488197-4 D3 MODE_SWITCH_START state=MODE_SWITCHING attempts=1 streak=0 attempt=1
[2026-09-10T08:57:50.175Z] batch=field-waveform-1789030488197-4 D3 MODE_SWITCH_OK state=MODE_SWITCH_OK attempts=1 streak=0
[2026-09-10T08:57:50.796Z] batch=field-waveform-1789030488197-4 D2 MODE_SWITCH_START state=MODE_SWITCHING attempts=1 streak=0 attempt=1
[2026-09-10T08:57:50.804Z] batch=field-waveform-1789030488197-4 D2 MODE_SWITCH_OK state=MODE_SWITCH_OK attempts=1 streak=0
[2026-09-10T08:57:50.812Z] batch=field-waveform-1789030488197-4 D6 MODE_SWITCH_START state=MODE_SWITCHING attempts=1 streak=0 attempt=1
[2026-09-10T08:57:50.817Z] batch=field-waveform-1789030488197-4 D6 MODE_SWITCH_OK state=MODE_SWITCH_OK attempts=1 streak=0
[2026-09-10T08:57:50.825Z] batch=field-waveform-1789030488197-4 D1 MODE_SWITCH_START state=MODE_SWITCHING attempts=1 streak=0 attempt=1
[2026-09-10T08:57:50.828Z] batch=field-waveform-1789030488197-4 D1 MODE_SWITCH_OK state=MODE_SWITCH_OK attempts=1 streak=0
[2026-09-10T08:57:50.835Z] batch=field-waveform-1789030488197-4 D4 MODE_SWITCH_START state=MODE_SWITCHING attempts=1 streak=0 attempt=1
[2026-09-10T08:57:50.838Z] batch=field-waveform-1789030488197-4 D4 MODE_SWITCH_OK state=MODE_SWITCH_OK attempts=1 streak=0
[2026-09-10T08:57:51.375Z] batch=field-waveform-1789030488197-4 D5 MODE_SWITCH_START state=MODE_SWITCHING attempts=1 streak=0 attempt=1
[2026-09-10T08:57:51.377Z] batch=field-waveform-1789030488197-4 D5 MODE_SWITCH_OK state=MODE_SWITCH_OK attempts=1 streak=0
[2026-09-10T08:57:53.430Z] batch=field-waveform-1789030673429-5 D1 MODE_SWITCH_START state=MODE_SWITCHING attempts=1 streak=0 attempt=1
[2026-09-10T08:57:53.441Z] batch=field-waveform-1789030673429-5 D2 MODE_SWITCH_START state=MODE_SWITCHING attempts=1 streak=0 attempt=1
[2026-09-10T08:57:53.443Z] batch=field-waveform-1789030673429-5 D3 MODE_SWITCH_START state=MODE_SWITCHING attempts=1 streak=0 attempt=1
[2026-09-10T08:57:53.452Z] batch=field-waveform-1789030673429-5 D4 MODE_SWITCH_START state=MODE_SWITCHING attempts=1 streak=0 attempt=1
[2026-09-10T08:57:53.462Z] batch=field-waveform-1789030673429-5 D5 MODE_SWITCH_START state=MODE_SWITCHING attempts=1 streak=0 attempt=1
[2026-09-10T08:57:53.467Z] batch=field-waveform-1789030673429-5 D6 MODE_SWITCH_START state=MODE_SWITCHING attempts=1 streak=0 attempt=1
[2026-09-10T08:57:53.470Z] batch=field-waveform-1789030673429-5 D1 MODE_SWITCH_OK state=MODE_SWITCH_OK attempts=1 streak=0
[2026-09-10T08:57:53.471Z] batch=field-waveform-1789030673429-5 D2 MODE_SWITCH_OK state=MODE_SWITCH_OK attempts=1 streak=0
[2026-09-10T08:57:53.472Z] batch=field-waveform-1789030673429-5 D3 MODE_SWITCH_OK state=MODE_SWITCH_OK attempts=1 streak=0
[2026-09-10T08:57:53.474Z] batch=field-waveform-1789030673429-5 D4 MODE_SWITCH_OK state=MODE_SWITCH_OK attempts=1 streak=0
[2026-09-10T08:57:53.476Z] batch=field-waveform-1789030673429-5 D5 MODE_SWITCH_OK state=MODE_SWITCH_OK attempts=1 streak=0
[2026-09-10T08:57:53.477Z] batch=field-waveform-1789030673429-5 D6 MODE_SWITCH_OK state=MODE_SWITCH_OK attempts=1 streak=0
[2026-09-10T08:58:00.182Z] batch=field-waveform-1789030673429-5 D3 MODE_SWITCH_START state=MODE_SWITCHING attempts=1 streak=0 attempt=1
[2026-09-10T08:58:00.185Z] batch=field-waveform-1789030673429-5 D3 MODE_SWITCH_OK state=MODE_SWITCH_OK attempts=1 streak=0
[2026-09-10T08:58:00.818Z] batch=field-waveform-1789030673429-5 D2 MODE_SWITCH_START state=MODE_SWITCHING attempts=1 streak=0 attempt=1
[2026-09-10T08:58:00.822Z] batch=field-waveform-1789030673429-5 D2 MODE_SWITCH_OK state=MODE_SWITCH_OK attempts=1 streak=0
[2026-09-10T08:58:00.824Z] batch=field-waveform-1789030673429-5 D6 MODE_SWITCH_START state=MODE_SWITCHING attempts=1 streak=0 attempt=1
[2026-09-10T08:58:00.825Z] batch=field-waveform-1789030673429-5 D6 MODE_SWITCH_OK state=MODE_SWITCH_OK attempts=1 streak=0
[2026-09-10T08:58:00.828Z] batch=field-waveform-1789030673429-5 D1 MODE_SWITCH_START state=MODE_SWITCHING attempts=1 streak=0 attempt=1
[2026-09-10T08:58:00.831Z] batch=field-waveform-1789030673429-5 D1 MODE_SWITCH_OK state=MODE_SWITCH_OK attempts=1 streak=0
[2026-09-10T08:58:00.839Z] batch=field-waveform-1789030673429-5 D4 MODE_SWITCH_START state=MODE_SWITCHING attempts=1 streak=0 attempt=1
[2026-09-10T08:58:00.840Z] batch=field-waveform-1789030673429-5 D4 MODE_SWITCH_OK state=MODE_SWITCH_OK attempts=1 streak=0
[2026-09-10T08:58:01.385Z] batch=field-waveform-1789030673429-5 D5 MODE_SWITCH_START state=MODE_SWITCHING attempts=1 streak=0 attempt=1
[2026-09-10T08:58:01.386Z] batch=field-waveform-1789030673429-5 D5 MODE_SWITCH_OK state=MODE_SWITCH_OK attempts=1 streak=0
[2026-09-10T08:58:10.187Z] batch=field-waveform-1789030673429-5 D3 MODE_SWITCH_START state=MODE_SWITCHING attempts=1 streak=0 attempt=1
[2026-09-10T08:58:10.196Z] batch=field-waveform-1789030673429-5 D3 MODE_SWITCH_OK state=MODE_SWITCH_OK attempts=1 streak=0
[2026-09-10T08:58:10.828Z] batch=field-waveform-1789030673429-5 D2 MODE_SWITCH_START state=MODE_SWITCHING attempts=1 streak=0 attempt=1
[2026-09-10T08:58:10.839Z] batch=field-waveform-1789030673429-5 D2 MODE_SWITCH_OK state=MODE_SWITCH_OK attempts=1 streak=0
[2026-09-10T08:58:10.841Z] batch=field-waveform-1789030673429-5 D6 MODE_SWITCH_START state=MODE_SWITCHING attempts=1 streak=0 attempt=1
[2026-09-10T08:58:10.849Z] batch=field-waveform-1789030673429-5 D6 MODE_SWITCH_OK state=MODE_SWITCH_OK attempts=1 streak=0
[2026-09-10T08:58:10.852Z] batch=field-waveform-1789030673429-5 D1 MODE_SWITCH_START state=MODE_SWITCHING attempts=1 streak=0 attempt=1
[2026-09-10T08:58:10.859Z] batch=field-waveform-1789030673429-5 D1 MODE_SWITCH_OK state=MODE_SWITCH_OK attempts=1 streak=0
[2026-09-10T08:58:10.860Z] batch=field-waveform-1789030673429-5 D4 MODE_SWITCH_START state=MODE_SWITCHING attempts=1 streak=0 attempt=1
[2026-09-10T08:58:10.862Z] batch=field-waveform-1789030673429-5 D4 MODE_SWITCH_OK state=MODE_SWITCH_OK attempts=1 streak=0
[2026-09-10T08:58:11.397Z] batch=field-waveform-1789030673429-5 D5 MODE_SWITCH_START state=MODE_SWITCHING attempts=1 streak=0 attempt=1
[2026-09-10T08:58:11.402Z] batch=field-waveform-1789030673429-5 D5 MODE_SWITCH_OK state=MODE_SWITCH_OK attempts=1 streak=0
[2026-09-10T08:58:20.196Z] batch=field-waveform-1789030673429-5 D3 MODE_SWITCH_START state=MODE_SWITCHING attempts=1 streak=0 attempt=1
[2026-09-10T08:58:20.201Z] batch=field-waveform-1789030673429-5 D3 MODE_SWITCH_OK state=MODE_SWITCH_OK attempts=1 streak=0
[2026-09-10T08:58:20.847Z] batch=field-waveform-1789030673429-5 D2 MODE_SWITCH_START state=MODE_SWITCHING attempts=1 streak=0 attempt=1
[2026-09-10T08:58:20.852Z] batch=field-waveform-1789030673429-5 D2 MODE_SWITCH_OK state=MODE_SWITCH_OK attempts=1 streak=0
[2026-09-10T08:58:20.854Z] batch=field-waveform-1789030673429-5 D6 MODE_SWITCH_START state=MODE_SWITCHING attempts=1 streak=0 attempt=1
[2026-09-10T08:58:20.857Z] batch=field-waveform-1789030673429-5 D6 MODE_SWITCH_OK state=MODE_SWITCH_OK attempts=1 streak=0
[2026-09-10T08:58:20.859Z] batch=field-waveform-1789030673429-5 D1 MODE_SWITCH_START state=MODE_SWITCHING attempts=1 streak=0 attempt=1
[2026-09-10T08:58:20.888Z] batch=field-waveform-1789030673429-5 D1 MODE_SWITCH_OK state=MODE_SWITCH_OK attempts=1 streak=0
[2026-09-10T08:58:20.890Z] batch=field-waveform-1789030673429-5 D4 MODE_SWITCH_START state=MODE_SWITCHING attempts=1 streak=0 attempt=1
[2026-09-10T08:58:20.892Z] batch=field-waveform-1789030673429-5 D4 MODE_SWITCH_OK state=MODE_SWITCH_OK attempts=1 streak=0
[2026-09-10T08:58:21.403Z] batch=field-waveform-1789030673429-5 D5 MODE_SWITCH_START state=MODE_SWITCHING attempts=1 streak=0 attempt=1
[2026-09-10T08:58:21.406Z] batch=field-waveform-1789030673429-5 D5 MODE_SWITCH_OK state=MODE_SWITCH_OK attempts=1 streak=0
[2026-09-10T08:58:25.267Z] batch=field-waveform-1789030673429-5 D3 FIRST_FRAME state=FIRST_FRAME_RECEIVED attempts=1 streak=1
[2026-09-10T08:58:25.268Z] batch=field-waveform-1789030673429-5 D3 FIRST_VALID_SAMPLE state=FIRST_FRAME_RECEIVED attempts=1 streak=1
[2026-09-10T08:58:25.509Z] batch=field-waveform-1789030673429-5 D3 CHANNEL_SYNC_OK state=TEST_READY attempts=1 streak=5
[2026-09-10T08:58:25.510Z] batch=field-waveform-1789030673429-5 D3 TEST_READY state=TEST_READY attempts=1 streak=5
[2026-09-10T08:58:25.905Z] batch=field-waveform-1789030673429-5 D2 FIRST_FRAME state=FIRST_FRAME_RECEIVED attempts=1 streak=1
[2026-09-10T08:58:25.906Z] batch=field-waveform-1789030673429-5 D2 FIRST_VALID_SAMPLE state=FIRST_FRAME_RECEIVED attempts=1 streak=1
[2026-09-10T08:58:25.956Z] batch=field-waveform-1789030673429-5 D6 FIRST_FRAME state=FIRST_FRAME_RECEIVED attempts=1 streak=1
[2026-09-10T08:58:25.956Z] batch=field-waveform-1789030673429-5 D6 FIRST_VALID_SAMPLE state=FIRST_FRAME_RECEIVED attempts=1 streak=1
[2026-09-10T08:58:25.960Z] batch=field-waveform-1789030673429-5 D4 FIRST_FRAME state=FIRST_FRAME_RECEIVED attempts=1 streak=1
[2026-09-10T08:58:25.960Z] batch=field-waveform-1789030673429-5 D4 FIRST_VALID_SAMPLE state=FIRST_FRAME_RECEIVED attempts=1 streak=1
[2026-09-10T08:58:25.985Z] batch=field-waveform-1789030673429-5 D1 FIRST_FRAME state=FIRST_FRAME_RECEIVED attempts=1 streak=1
[2026-09-10T08:58:25.985Z] batch=field-waveform-1789030673429-5 D1 FIRST_VALID_SAMPLE state=FIRST_FRAME_RECEIVED attempts=1 streak=1
[2026-09-10T08:58:26.160Z] batch=field-waveform-1789030673429-5 D2 CHANNEL_SYNC_OK state=TEST_READY attempts=1 streak=5
[2026-09-10T08:58:26.161Z] batch=field-waveform-1789030673429-5 D2 TEST_READY state=TEST_READY attempts=1 streak=5
[2026-09-10T08:58:26.228Z] batch=field-waveform-1789030673429-5 D6 CHANNEL_SYNC_OK state=TEST_READY attempts=1 streak=5
[2026-09-10T08:58:26.229Z] batch=field-waveform-1789030673429-5 D6 TEST_READY state=TEST_READY attempts=1 streak=5
[2026-09-10T08:58:26.230Z] batch=field-waveform-1789030673429-5 D1 CHANNEL_SYNC_OK state=TEST_READY attempts=1 streak=5
[2026-09-10T08:58:26.230Z] batch=field-waveform-1789030673429-5 D1 TEST_READY state=TEST_READY attempts=1 streak=5
[2026-09-10T08:58:26.235Z] batch=field-waveform-1789030673429-5 D4 CHANNEL_SYNC_OK state=TEST_READY attempts=1 streak=5
[2026-09-10T08:58:26.236Z] batch=field-waveform-1789030673429-5 D4 TEST_READY state=TEST_READY attempts=1 streak=5
[2026-09-10T08:58:26.487Z] batch=field-waveform-1789030673429-5 D5 FIRST_FRAME state=FIRST_FRAME_RECEIVED attempts=1 streak=1
[2026-09-10T08:58:26.487Z] batch=field-waveform-1789030673429-5 D5 FIRST_VALID_SAMPLE state=FIRST_FRAME_RECEIVED attempts=1 streak=1
[2026-09-10T08:58:26.738Z] batch=field-waveform-1789030673429-5 D5 CHANNEL_SYNC_OK state=TEST_READY attempts=1 streak=5
[2026-09-10T08:58:26.739Z] batch=field-waveform-1789030673429-5 D5 TEST_READY state=TEST_READY attempts=1 streak=5
[2026-09-10T08:59:36.319Z] batch=field-waveform-1789030673429-5 D5 MODE_SWITCH_START state=MODE_SWITCHING attempts=1 streak=0 attempt=1
[2026-09-10T08:59:36.329Z] batch=field-waveform-1789030673429-5 D5 MODE_SWITCH_OK state=MODE_SWITCH_OK attempts=1 streak=0
[2026-09-10T08:59:36.711Z] batch=field-waveform-1789030673429-5 D4 MODE_SWITCH_START state=MODE_SWITCHING attempts=1 streak=0 attempt=1
[2026-09-10T08:59:36.713Z] batch=field-waveform-1789030673429-5 D4 MODE_SWITCH_OK state=MODE_SWITCH_OK attempts=1 streak=0
[2026-09-10T08:59:36.720Z] batch=field-waveform-1789030673429-5 D2 MODE_SWITCH_START state=MODE_SWITCHING attempts=1 streak=0 attempt=1
[2026-09-10T08:59:36.724Z] batch=field-waveform-1789030673429-5 D2 MODE_SWITCH_OK state=MODE_SWITCH_OK attempts=1 streak=0
[2026-09-10T08:59:36.729Z] batch=field-waveform-1789030673429-5 D6 MODE_SWITCH_START state=MODE_SWITCHING attempts=1 streak=0 attempt=1
[2026-09-10T08:59:36.730Z] batch=field-waveform-1789030673429-5 D6 MODE_SWITCH_OK state=MODE_SWITCH_OK attempts=1 streak=0
[2026-09-10T08:59:36.735Z] batch=field-waveform-1789030673429-5 D3 MODE_SWITCH_START state=MODE_SWITCHING attempts=1 streak=0 attempt=1
[2026-09-10T08:59:36.738Z] batch=field-waveform-1789030673429-5 D3 MODE_SWITCH_OK state=MODE_SWITCH_OK attempts=1 streak=0
[2026-09-10T08:59:36.745Z] batch=field-waveform-1789030673429-5 D1 MODE_SWITCH_START state=MODE_SWITCHING attempts=1 streak=0 attempt=1
[2026-09-10T08:59:36.747Z] batch=field-waveform-1789030673429-5 D1 MODE_SWITCH_OK state=MODE_SWITCH_OK attempts=1 streak=0
[2026-09-10T08:59:46.492Z] batch=field-waveform-1789030673429-5 D5 MODE_SWITCH_START state=MODE_SWITCHING attempts=1 streak=0 attempt=1
[2026-09-10T08:59:46.500Z] batch=field-waveform-1789030673429-5 D5 MODE_SWITCH_OK state=MODE_SWITCH_OK attempts=1 streak=0
[2026-09-10T08:59:46.721Z] batch=field-waveform-1789030673429-5 D4 MODE_SWITCH_START state=MODE_SWITCHING attempts=1 streak=0 attempt=1
[2026-09-10T08:59:46.731Z] batch=field-waveform-1789030673429-5 D4 MODE_SWITCH_OK state=MODE_SWITCH_OK attempts=1 streak=0
[2026-09-10T08:59:46.740Z] batch=field-waveform-1789030673429-5 D2 MODE_SWITCH_START state=MODE_SWITCHING attempts=1 streak=0 attempt=1
[2026-09-10T08:59:46.745Z] batch=field-waveform-1789030673429-5 D2 MODE_SWITCH_OK state=MODE_SWITCH_OK attempts=1 streak=0
[2026-09-10T08:59:46.750Z] batch=field-waveform-1789030673429-5 D6 MODE_SWITCH_START state=MODE_SWITCHING attempts=1 streak=0 attempt=1
[2026-09-10T08:59:46.752Z] batch=field-waveform-1789030673429-5 D6 MODE_SWITCH_OK state=MODE_SWITCH_OK attempts=1 streak=0
[2026-09-10T08:59:46.758Z] batch=field-waveform-1789030673429-5 D3 MODE_SWITCH_START state=MODE_SWITCHING attempts=1 streak=0 attempt=1
[2026-09-10T08:59:46.761Z] batch=field-waveform-1789030673429-5 D3 MODE_SWITCH_OK state=MODE_SWITCH_OK attempts=1 streak=0
[2026-09-10T08:59:46.766Z] batch=field-waveform-1789030673429-5 D1 MODE_SWITCH_START state=MODE_SWITCHING attempts=1 streak=0 attempt=1
[2026-09-10T08:59:46.767Z] batch=field-waveform-1789030673429-5 D1 MODE_SWITCH_OK state=MODE_SWITCH_OK attempts=1 streak=0
[2026-09-10T08:59:51.674Z] batch=field-waveform-1789030673429-5 D5 FIRST_FRAME state=FIRST_FRAME_RECEIVED attempts=1 streak=1
[2026-09-10T08:59:51.675Z] batch=field-waveform-1789030673429-5 D5 FIRST_VALID_SAMPLE state=FIRST_FRAME_RECEIVED attempts=1 streak=1
[2026-09-10T08:59:51.812Z] batch=field-waveform-1789030673429-5 D5 CHANNEL_SYNC_OK state=TEST_READY attempts=1 streak=5
[2026-09-10T08:59:51.813Z] batch=field-waveform-1789030673429-5 D5 TEST_READY state=TEST_READY attempts=1 streak=5
[2026-09-10T08:59:52.046Z] batch=field-waveform-1789030673429-5 D2 FIRST_FRAME state=FIRST_FRAME_RECEIVED attempts=1 streak=1
[2026-09-10T08:59:52.047Z] batch=field-waveform-1789030673429-5 D2 FIRST_VALID_SAMPLE state=FIRST_FRAME_RECEIVED attempts=1 streak=1
[2026-09-10T08:59:52.051Z] batch=field-waveform-1789030673429-5 D2 CHANNEL_SYNC_OK state=TEST_READY attempts=1 streak=5
[2026-09-10T08:59:52.051Z] batch=field-waveform-1789030673429-5 D2 TEST_READY state=TEST_READY attempts=1 streak=5
[2026-09-10T08:59:52.053Z] batch=field-waveform-1789030673429-5 D1 FIRST_FRAME state=FIRST_FRAME_RECEIVED attempts=1 streak=1
[2026-09-10T08:59:52.053Z] batch=field-waveform-1789030673429-5 D1 FIRST_VALID_SAMPLE state=FIRST_FRAME_RECEIVED attempts=1 streak=1
[2026-09-10T08:59:52.067Z] batch=field-waveform-1789030673429-5 D4 FIRST_FRAME state=FIRST_FRAME_RECEIVED attempts=1 streak=1
[2026-09-10T08:59:52.067Z] batch=field-waveform-1789030673429-5 D4 FIRST_VALID_SAMPLE state=FIRST_FRAME_RECEIVED attempts=1 streak=1
[2026-09-10T08:59:52.075Z] batch=field-waveform-1789030673429-5 D4 CHANNEL_SYNC_OK state=TEST_READY attempts=1 streak=5
[2026-09-10T08:59:52.075Z] batch=field-waveform-1789030673429-5 D4 TEST_READY state=TEST_READY attempts=1 streak=5
[2026-09-10T08:59:52.079Z] batch=field-waveform-1789030673429-5 D3 FIRST_FRAME state=FIRST_FRAME_RECEIVED attempts=1 streak=1
[2026-09-10T08:59:52.079Z] batch=field-waveform-1789030673429-5 D3 FIRST_VALID_SAMPLE state=FIRST_FRAME_RECEIVED attempts=1 streak=1
[2026-09-10T08:59:52.082Z] batch=field-waveform-1789030673429-5 D3 CHANNEL_SYNC_OK state=TEST_READY attempts=1 streak=5
[2026-09-10T08:59:52.083Z] batch=field-waveform-1789030673429-5 D3 TEST_READY state=TEST_READY attempts=1 streak=5
[2026-09-10T08:59:52.084Z] batch=field-waveform-1789030673429-5 D6 FIRST_FRAME state=FIRST_FRAME_RECEIVED attempts=1 streak=1
[2026-09-10T08:59:52.084Z] batch=field-waveform-1789030673429-5 D6 FIRST_VALID_SAMPLE state=FIRST_FRAME_RECEIVED attempts=1 streak=1
[2026-09-10T08:59:52.089Z] batch=field-waveform-1789030673429-5 D6 CHANNEL_SYNC_OK state=TEST_READY attempts=1 streak=5
[2026-09-10T08:59:52.089Z] batch=field-waveform-1789030673429-5 D6 TEST_READY state=TEST_READY attempts=1 streak=5
[2026-09-10T08:59:52.189Z] batch=field-waveform-1789030673429-5 D1 CHANNEL_SYNC_OK state=TEST_READY attempts=1 streak=5
[2026-09-10T08:59:52.189Z] batch=field-waveform-1789030673429-5 D1 TEST_READY state=TEST_READY attempts=1 streak=5
