[2026-09-20T01:34:40.254Z] batch=field-waveform-1789867921069-7 D2 MODE_SWITCH_START state=MODE_SWITCHING attempts=1 streak=0 attempt=1
[2026-09-20T01:34:40.256Z] batch=field-waveform-1789867921069-7 D2 MODE_SWITCH_OK state=MODE_SWITCH_OK attempts=1 streak=0
[2026-09-20T01:34:40.264Z] batch=field-waveform-1789867921069-7 D3 MODE_SWITCH_START state=MODE_SWITCHING attempts=1 streak=0 attempt=1
[2026-09-20T01:34:40.265Z] batch=field-waveform-1789867921069-7 D3 MODE_SWITCH_OK state=MODE_SWITCH_OK attempts=1 streak=0
[2026-09-20T01:34:40.527Z] batch=field-waveform-1789867921069-7 D1 MODE_SWITCH_START state=MODE_SWITCHING attempts=1 streak=0 attempt=1
[2026-09-20T01:34:40.529Z] batch=field-waveform-1789867921069-7 D1 MODE_SWITCH_OK state=MODE_SWITCH_OK attempts=1 streak=0
[2026-09-20T01:34:40.536Z] batch=field-waveform-1789867921069-7 D4 MODE_SWITCH_START state=MODE_SWITCHING attempts=1 streak=0 attempt=1
[2026-09-20T01:34:40.536Z] batch=field-waveform-1789867921069-7 D4 MODE_SWITCH_OK state=MODE_SWITCH_OK attempts=1 streak=0
[2026-09-20T01:34:40.853Z] batch=field-waveform-1789867921069-7 D5 MODE_SWITCH_START state=MODE_SWITCHING attempts=1 streak=0 attempt=1
[2026-09-20T01:34:40.853Z] batch=field-waveform-1789867921069-7 D5 MODE_SWITCH_OK state=MODE_SWITCH_OK attempts=1 streak=0
[2026-09-20T01:34:40.858Z] batch=field-waveform-1789867921069-7 D6 MODE_SWITCH_START state=MODE_SWITCHING attempts=1 streak=0 attempt=1
[2026-09-20T01:34:40.859Z] batch=field-waveform-1789867921069-7 D6 MODE_SWITCH_OK state=MODE_SWITCH_OK attempts=1 streak=0
[2026-09-20T01:34:50.476Z] batch=field-waveform-1789867921069-7 D2 MODE_SWITCH_START state=MODE_SWITCHING attempts=1 streak=0 attempt=1
[2026-09-20T01:34:50.479Z] batch=field-waveform-1789867921069-7 D2 MODE_SWITCH_OK state=MODE_SWITCH_OK attempts=1 streak=0
[2026-09-20T01:34:50.492Z] batch=field-waveform-1789867921069-7 D3 MODE_SWITCH_START state=MODE_SWITCHING attempts=1 streak=0 attempt=1
[2026-09-20T01:34:50.497Z] batch=field-waveform-1789867921069-7 D3 MODE_SWITCH_OK state=MODE_SWITCH_OK attempts=1 streak=0
[2026-09-20T01:34:50.663Z] batch=field-waveform-1789867921069-7 D1 MODE_SWITCH_START state=MODE_SWITCHING attempts=1 streak=0 attempt=1
[2026-09-20T01:34:50.666Z] batch=field-waveform-1789867921069-7 D1 MODE_SWITCH_OK state=MODE_SWITCH_OK attempts=1 streak=0
[2026-09-20T01:34:50.684Z] batch=field-waveform-1789867921069-7 D4 MODE_SWITCH_START state=MODE_SWITCHING attempts=1 streak=0 attempt=1
[2026-09-20T01:34:50.691Z] batch=field-waveform-1789867921069-7 D4 MODE_SWITCH_OK state=MODE_SWITCH_OK attempts=1 streak=0
[2026-09-20T01:34:51.059Z] batch=field-waveform-1789867921069-7 D5 MODE_SWITCH_START state=MODE_SWITCHING attempts=1 streak=0 attempt=1
[2026-09-20T01:34:51.060Z] batch=field-waveform-1789867921069-7 D5 MODE_SWITCH_OK state=MODE_SWITCH_OK attempts=1 streak=0
[2026-09-20T01:34:51.065Z] batch=field-waveform-1789867921069-7 D6 MODE_SWITCH_START state=MODE_SWITCHING attempts=1 streak=0 attempt=1
[2026-09-20T01:34:51.066Z] batch=field-waveform-1789867921069-7 D6 MODE_SWITCH_OK state=MODE_SWITCH_OK attempts=1 streak=0
[2026-09-20T01:35:00.553Z] batch=field-waveform-1789867921069-7 D2 MODE_SWITCH_START state=MODE_SWITCHING attempts=1 streak=0 attempt=1
[2026-09-20T01:35:00.554Z] batch=field-waveform-1789867921069-7 D2 MODE_SWITCH_OK state=MODE_SWITCH_OK attempts=1 streak=0
[2026-09-20T01:35:00.559Z] batch=field-waveform-1789867921069-7 D3 MODE_SWITCH_START state=MODE_SWITCHING attempts=1 streak=0 attempt=1
[2026-09-20T01:35:00.559Z] batch=field-waveform-1789867921069-7 D3 MODE_SWITCH_OK state=MODE_SWITCH_OK attempts=1 streak=0
[2026-09-20T01:35:00.809Z] batch=field-waveform-1789867921069-7 D1 MODE_SWITCH_START state=MODE_SWITCHING attempts=1 streak=0 attempt=1
[2026-09-20T01:35:00.810Z] batch=field-waveform-1789867921069-7 D1 MODE_SWITCH_OK state=MODE_SWITCH_OK attempts=1 streak=0
[2026-09-20T01:35:00.817Z] batch=field-waveform-1789867921069-7 D4 MODE_SWITCH_START state=MODE_SWITCHING attempts=1 streak=0 attempt=1
[2026-09-20T01:35:00.818Z] batch=field-waveform-1789867921069-7 D4 MODE_SWITCH_OK state=MODE_SWITCH_OK attempts=1 streak=0
[2026-09-20T01:35:01.124Z] batch=field-waveform-1789867921069-7 D5 MODE_SWITCH_START state=MODE_SWITCHING attempts=1 streak=0 attempt=1
[2026-09-20T01:35:01.125Z] batch=field-waveform-1789867921069-7 D5 MODE_SWITCH_OK state=MODE_SWITCH_OK attempts=1 streak=0
[2026-09-20T01:35:01.130Z] batch=field-waveform-1789867921069-7 D6 MODE_SWITCH_START state=MODE_SWITCHING attempts=1 streak=0 attempt=1
[2026-09-20T01:35:01.130Z] batch=field-waveform-1789867921069-7 D6 MODE_SWITCH_OK state=MODE_SWITCH_OK attempts=1 streak=0
[2026-09-20T01:35:07.511Z] batch=field-waveform-1789868107510-8 D1 MODE_SWITCH_START state=MODE_SWITCHING attempts=1 streak=0 attempt=1
[2026-09-20T01:35:07.513Z] batch=field-waveform-1789868107510-8 D2 MODE_SWITCH_START state=MODE_SWITCHING attempts=1 streak=0 attempt=1
[2026-09-20T01:35:07.513Z] batch=field-waveform-1789868107510-8 D3 MODE_SWITCH_START state=MODE_SWITCHING attempts=1 streak=0 attempt=1
[2026-09-20T01:35:07.514Z] batch=field-waveform-1789868107510-8 D4 MODE_SWITCH_START state=MODE_SWITCHING attempts=1 streak=0 attempt=1
[2026-09-20T01:35:07.515Z] batch=field-waveform-1789868107510-8 D5 MODE_SWITCH_START state=MODE_SWITCHING attempts=1 streak=0 attempt=1
[2026-09-20T01:35:07.515Z] batch=field-waveform-1789868107510-8 D6 MODE_SWITCH_START state=MODE_SWITCHING attempts=1 streak=0 attempt=1
[2026-09-20T01:35:07.519Z] batch=field-waveform-1789868107510-8 D1 MODE_SWITCH_OK state=MODE_SWITCH_OK attempts=1 streak=0
[2026-09-20T01:35:07.520Z] batch=field-waveform-1789868107510-8 D2 MODE_SWITCH_OK state=MODE_SWITCH_OK attempts=1 streak=0
[2026-09-20T01:35:07.520Z] batch=field-waveform-1789868107510-8 D3 MODE_SWITCH_OK state=MODE_SWITCH_OK attempts=1 streak=0
[2026-09-20T01:35:07.520Z] batch=field-waveform-1789868107510-8 D4 MODE_SWITCH_OK state=MODE_SWITCH_OK attempts=1 streak=0
[2026-09-20T01:35:07.520Z] batch=field-waveform-1789868107510-8 D5 MODE_SWITCH_OK state=MODE_SWITCH_OK attempts=1 streak=0
[2026-09-20T01:35:07.521Z] batch=field-waveform-1789868107510-8 D6 MODE_SWITCH_OK state=MODE_SWITCH_OK attempts=1 streak=0
[2026-09-20T01:35:10.558Z] batch=field-waveform-1789868107510-8 D2 MODE_SWITCH_START state=MODE_SWITCHING attempts=1 streak=0 attempt=1
[2026-09-20T01:35:10.562Z] batch=field-waveform-1789868107510-8 D2 MODE_SWITCH_OK state=MODE_SWITCH_OK attempts=1 streak=0
[2026-09-20T01:35:10.570Z] batch=field-waveform-1789868107510-8 D3 MODE_SWITCH_START state=MODE_SWITCHING attempts=1 streak=0 attempt=1
[2026-09-20T01:35:10.572Z] batch=field-waveform-1789868107510-8 D3 MODE_SWITCH_OK state=MODE_SWITCH_OK attempts=1 streak=0
[2026-09-20T01:35:10.819Z] batch=field-waveform-1789868107510-8 D1 MODE_SWITCH_START state=MODE_SWITCHING attempts=1 streak=0 attempt=1
[2026-09-20T01:35:10.821Z] batch=field-waveform-1789868107510-8 D1 MODE_SWITCH_OK state=MODE_SWITCH_OK attempts=1 streak=0
[2026-09-20T01:35:10.821Z] batch=field-waveform-1789868107510-8 D4 MODE_SWITCH_START state=MODE_SWITCHING attempts=1 streak=0 attempt=1
[2026-09-20T01:35:10.822Z] batch=field-waveform-1789868107510-8 D4 MODE_SWITCH_OK state=MODE_SWITCH_OK attempts=1 streak=0
[2026-09-20T01:35:11.128Z] batch=field-waveform-1789868107510-8 D5 MODE_SWITCH_START state=MODE_SWITCHING attempts=1 streak=0 attempt=1
[2026-09-20T01:35:11.131Z] batch=field-waveform-1789868107510-8 D5 MODE_SWITCH_OK state=MODE_SWITCH_OK attempts=1 streak=0
[2026-09-20T01:35:11.133Z] batch=field-waveform-1789868107510-8 D6 MODE_SWITCH_START state=MODE_SWITCHING attempts=1 streak=0 attempt=1
[2026-09-20T01:35:11.134Z] batch=field-waveform-1789868107510-8 D6 MODE_SWITCH_OK state=MODE_SWITCH_OK attempts=1 streak=0
[2026-09-20T01:35:20.573Z] batch=field-waveform-1789868107510-8 D2 MODE_SWITCH_START state=MODE_SWITCHING attempts=1 streak=0 attempt=1
[2026-09-20T01:35:20.574Z] batch=field-waveform-1789868107510-8 D2 MODE_SWITCH_OK state=MODE_SWITCH_OK attempts=1 streak=0
[2026-09-20T01:35:20.577Z] batch=field-waveform-1789868107510-8 D3 MODE_SWITCH_START state=MODE_SWITCHING attempts=1 streak=0 attempt=1
[2026-09-20T01:35:20.578Z] batch=field-waveform-1789868107510-8 D3 MODE_SWITCH_OK state=MODE_SWITCH_OK attempts=1 streak=0
[2026-09-20T01:35:20.836Z] batch=field-waveform-1789868107510-8 D1 MODE_SWITCH_START state=MODE_SWITCHING attempts=1 streak=0 attempt=1
[2026-09-20T01:35:20.838Z] batch=field-waveform-1789868107510-8 D1 MODE_SWITCH_OK state=MODE_SWITCH_OK attempts=1 streak=0
[2026-09-20T01:35:20.839Z] batch=field-waveform-1789868107510-8 D4 MODE_SWITCH_START state=MODE_SWITCHING attempts=1 streak=0 attempt=1
[2026-09-20T01:35:20.841Z] batch=field-waveform-1789868107510-8 D4 MODE_SWITCH_OK state=MODE_SWITCH_OK attempts=1 streak=0
[2026-09-20T01:35:21.144Z] batch=field-waveform-1789868107510-8 D5 MODE_SWITCH_START state=MODE_SWITCHING attempts=1 streak=0 attempt=1
[2026-09-20T01:35:21.146Z] batch=field-waveform-1789868107510-8 D5 MODE_SWITCH_OK state=MODE_SWITCH_OK attempts=1 streak=0
[2026-09-20T01:35:21.146Z] batch=field-waveform-1789868107510-8 D6 MODE_SWITCH_START state=MODE_SWITCHING attempts=1 streak=0 attempt=1
[2026-09-20T01:35:21.147Z] batch=field-waveform-1789868107510-8 D6 MODE_SWITCH_OK state=MODE_SWITCH_OK attempts=1 streak=0
[2026-09-20T01:35:30.579Z] batch=field-waveform-1789868107510-8 D2 MODE_SWITCH_START state=MODE_SWITCHING attempts=1 streak=0 attempt=1
[2026-09-20T01:35:30.580Z] batch=field-waveform-1789868107510-8 D2 MODE_SWITCH_OK state=MODE_SWITCH_OK attempts=1 streak=0
[2026-09-20T01:35:30.582Z] batch=field-waveform-1789868107510-8 D3 MODE_SWITCH_START state=MODE_SWITCHING attempts=1 streak=0 attempt=1
[2026-09-20T01:35:30.584Z] batch=field-waveform-1789868107510-8 D3 MODE_SWITCH_OK state=MODE_SWITCH_OK attempts=1 streak=0
[2026-09-20T01:35:30.840Z] batch=field-waveform-1789868107510-8 D1 MODE_SWITCH_START state=MODE_SWITCHING attempts=1 streak=0 attempt=1
[2026-09-20T01:35:30.842Z] batch=field-waveform-1789868107510-8 D1 MODE_SWITCH_OK state=MODE_SWITCH_OK attempts=1 streak=0
[2026-09-20T01:35:30.844Z] batch=field-waveform-1789868107510-8 D4 MODE_SWITCH_START state=MODE_SWITCHING attempts=1 streak=0 attempt=1
[2026-09-20T01:35:30.846Z] batch=field-waveform-1789868107510-8 D4 MODE_SWITCH_OK state=MODE_SWITCH_OK attempts=1 streak=0
[2026-09-20T01:35:31.147Z] batch=field-waveform-1789868107510-8 D5 MODE_SWITCH_START state=MODE_SWITCHING attempts=1 streak=0 attempt=1
[2026-09-20T01:35:31.150Z] batch=field-waveform-1789868107510-8 D5 MODE_SWITCH_OK state=MODE_SWITCH_OK attempts=1 streak=0
[2026-09-20T01:35:31.152Z] batch=field-waveform-1789868107510-8 D6 MODE_SWITCH_START state=MODE_SWITCHING attempts=1 streak=0 attempt=1
[2026-09-20T01:35:31.154Z] batch=field-waveform-1789868107510-8 D6 MODE_SWITCH_OK state=MODE_SWITCH_OK attempts=1 streak=0
[2026-09-20T01:35:35.640Z] batch=field-waveform-1789868107510-8 D2 FIRST_FRAME state=FIRST_FRAME_RECEIVED attempts=1 streak=1
[2026-09-20T01:35:35.641Z] batch=field-waveform-1789868107510-8 D2 FIRST_VALID_SAMPLE state=FIRST_FRAME_RECEIVED attempts=1 streak=1
[2026-09-20T01:35:35.666Z] batch=field-waveform-1789868107510-8 D3 FIRST_FRAME state=FIRST_FRAME_RECEIVED attempts=1 streak=1
[2026-09-20T01:35:35.667Z] batch=field-waveform-1789868107510-8 D3 FIRST_VALID_SAMPLE state=FIRST_FRAME_RECEIVED attempts=1 streak=1
[2026-09-20T01:35:35.888Z] batch=field-waveform-1789868107510-8 D1 FIRST_FRAME state=FIRST_FRAME_RECEIVED attempts=1 streak=1
[2026-09-20T01:35:35.889Z] batch=field-waveform-1789868107510-8 D1 FIRST_VALID_SAMPLE state=FIRST_FRAME_RECEIVED attempts=1 streak=1
[2026-09-20T01:35:35.909Z] batch=field-waveform-1789868107510-8 D2 CHANNEL_SYNC_OK state=TEST_READY attempts=1 streak=5
[2026-09-20T01:35:35.909Z] batch=field-waveform-1789868107510-8 D2 TEST_READY state=TEST_READY attempts=1 streak=5
[2026-09-20T01:35:35.921Z] batch=field-waveform-1789868107510-8 D4 FIRST_FRAME state=FIRST_FRAME_RECEIVED attempts=1 streak=1
[2026-09-20T01:35:35.922Z] batch=field-waveform-1789868107510-8 D4 FIRST_VALID_SAMPLE state=FIRST_FRAME_RECEIVED attempts=1 streak=1
[2026-09-20T01:35:35.922Z] batch=field-waveform-1789868107510-8 D3 CHANNEL_SYNC_OK state=TEST_READY attempts=1 streak=5
[2026-09-20T01:35:35.923Z] batch=field-waveform-1789868107510-8 D3 TEST_READY state=TEST_READY attempts=1 streak=5
[2026-09-20T01:35:36.139Z] batch=field-waveform-1789868107510-8 D1 CHANNEL_SYNC_OK state=TEST_READY attempts=1 streak=5
[2026-09-20T01:35:36.139Z] batch=field-waveform-1789868107510-8 D1 TEST_READY state=TEST_READY attempts=1 streak=5
[2026-09-20T01:35:36.165Z] batch=field-waveform-1789868107510-8 D4 CHANNEL_SYNC_OK state=TEST_READY attempts=1 streak=5
[2026-09-20T01:35:36.165Z] batch=field-waveform-1789868107510-8 D4 TEST_READY state=TEST_READY attempts=1 streak=5
[2026-09-20T01:35:36.222Z] batch=field-waveform-1789868107510-8 D5 FIRST_FRAME state=FIRST_FRAME_RECEIVED attempts=1 streak=1
[2026-09-20T01:35:36.222Z] batch=field-waveform-1789868107510-8 D5 FIRST_VALID_SAMPLE state=FIRST_FRAME_RECEIVED attempts=1 streak=1
[2026-09-20T01:35:36.226Z] batch=field-waveform-1789868107510-8 D6 FIRST_FRAME state=FIRST_FRAME_RECEIVED attempts=1 streak=1
[2026-09-20T01:35:36.226Z] batch=field-waveform-1789868107510-8 D6 FIRST_VALID_SAMPLE state=FIRST_FRAME_RECEIVED attempts=1 streak=1
[2026-09-20T01:35:36.471Z] batch=field-waveform-1789868107510-8 D5 CHANNEL_SYNC_OK state=TEST_READY attempts=1 streak=5
[2026-09-20T01:35:36.472Z] batch=field-waveform-1789868107510-8 D5 TEST_READY state=TEST_READY attempts=1 streak=5
[2026-09-20T01:35:36.474Z] batch=field-waveform-1789868107510-8 D6 CHANNEL_SYNC_OK state=TEST_READY attempts=1 streak=5
[2026-09-20T01:35:36.475Z] batch=field-waveform-1789868107510-8 D6 TEST_READY state=TEST_READY attempts=1 streak=5
[2026-09-20T01:36:45.353Z] batch=field-waveform-1789868107510-8 D6 MODE_SWITCH_START state=MODE_SWITCHING attempts=1 streak=0 attempt=1
[2026-09-20T01:36:45.354Z] batch=field-waveform-1789868107510-8 D6 MODE_SWITCH_OK state=MODE_SWITCH_OK attempts=1 streak=0
[2026-09-20T01:36:45.357Z] batch=field-waveform-1789868107510-8 D1 MODE_SWITCH_START state=MODE_SWITCHING attempts=1 streak=0 attempt=1
[2026-09-20T01:36:45.358Z] batch=field-waveform-1789868107510-8 D1 MODE_SWITCH_OK state=MODE_SWITCH_OK attempts=1 streak=0
[2026-09-20T01:36:45.360Z] batch=field-waveform-1789868107510-8 D3 MODE_SWITCH_START state=MODE_SWITCHING attempts=1 streak=0 attempt=1
[2026-09-20T01:36:45.361Z] batch=field-waveform-1789868107510-8 D3 MODE_SWITCH_OK state=MODE_SWITCH_OK attempts=1 streak=0
[2026-09-20T01:36:45.364Z] batch=field-waveform-1789868107510-8 D4 MODE_SWITCH_START state=MODE_SWITCHING attempts=1 streak=0 attempt=1
[2026-09-20T01:36:45.366Z] batch=field-waveform-1789868107510-8 D4 MODE_SWITCH_OK state=MODE_SWITCH_OK attempts=1 streak=0
[2026-09-20T01:36:45.371Z] batch=field-waveform-1789868107510-8 D2 MODE_SWITCH_START state=MODE_SWITCHING attempts=1 streak=0 attempt=1
[2026-09-20T01:36:45.371Z] batch=field-waveform-1789868107510-8 D2 MODE_SWITCH_OK state=MODE_SWITCH_OK attempts=1 streak=0
[2026-09-20T01:36:45.467Z] batch=field-waveform-1789868107510-8 D5 MODE_SWITCH_START state=MODE_SWITCHING attempts=1 streak=0 attempt=1
[2026-09-20T01:36:45.468Z] batch=field-waveform-1789868107510-8 D5 MODE_SWITCH_OK state=MODE_SWITCH_OK attempts=1 streak=0
[2026-09-20T01:36:55.372Z] batch=field-waveform-1789868107510-8 D6 MODE_SWITCH_START state=MODE_SWITCHING attempts=1 streak=0 attempt=1
[2026-09-20T01:36:55.374Z] batch=field-waveform-1789868107510-8 D6 MODE_SWITCH_OK state=MODE_SWITCH_OK attempts=1 streak=0
[2026-09-20T01:36:55.379Z] batch=field-waveform-1789868107510-8 D1 MODE_SWITCH_START state=MODE_SWITCHING attempts=1 streak=0 attempt=1
[2026-09-20T01:36:55.380Z] batch=field-waveform-1789868107510-8 D1 MODE_SWITCH_OK state=MODE_SWITCH_OK attempts=1 streak=0
[2026-09-20T01:36:55.384Z] batch=field-waveform-1789868107510-8 D3 MODE_SWITCH_START state=MODE_SWITCHING attempts=1 streak=0 attempt=1
[2026-09-20T01:36:55.384Z] batch=field-waveform-1789868107510-8 D3 MODE_SWITCH_OK state=MODE_SWITCH_OK attempts=1 streak=0
[2026-09-20T01:36:55.388Z] batch=field-waveform-1789868107510-8 D4 MODE_SWITCH_START state=MODE_SWITCHING attempts=1 streak=0 attempt=1
[2026-09-20T01:36:55.389Z] batch=field-waveform-1789868107510-8 D4 MODE_SWITCH_OK state=MODE_SWITCH_OK attempts=1 streak=0
[2026-09-20T01:36:55.398Z] batch=field-waveform-1789868107510-8 D2 MODE_SWITCH_START state=MODE_SWITCHING attempts=1 streak=0 attempt=1
[2026-09-20T01:36:55.403Z] batch=field-waveform-1789868107510-8 D2 MODE_SWITCH_OK state=MODE_SWITCH_OK attempts=1 streak=0
[2026-09-20T01:36:55.600Z] batch=field-waveform-1789868107510-8 D5 MODE_SWITCH_START state=MODE_SWITCHING attempts=1 streak=0 attempt=1
[2026-09-20T01:36:55.602Z] batch=field-waveform-1789868107510-8 D5 MODE_SWITCH_OK state=MODE_SWITCH_OK attempts=1 streak=0
[2026-09-20T01:37:00.459Z] batch=field-waveform-1789868107510-8 D1 FIRST_FRAME state=FIRST_FRAME_RECEIVED attempts=1 streak=1
[2026-09-20T01:37:00.460Z] batch=field-waveform-1789868107510-8 D1 FIRST_VALID_SAMPLE state=FIRST_FRAME_RECEIVED attempts=1 streak=1
[2026-09-20T01:37:00.461Z] batch=field-waveform-1789868107510-8 D3 FIRST_FRAME state=FIRST_FRAME_RECEIVED attempts=1 streak=1
[2026-09-20T01:37:00.461Z] batch=field-waveform-1789868107510-8 D3 FIRST_VALID_SAMPLE state=FIRST_FRAME_RECEIVED attempts=1 streak=1
[2026-09-20T01:37:00.466Z] batch=field-waveform-1789868107510-8 D6 FIRST_FRAME state=FIRST_FRAME_RECEIVED attempts=1 streak=1
[2026-09-20T01:37:00.466Z] batch=field-waveform-1789868107510-8 D6 FIRST_VALID_SAMPLE state=FIRST_FRAME_RECEIVED attempts=1 streak=1
[2026-09-20T01:37:00.698Z] batch=field-waveform-1789868107510-8 D4 FIRST_FRAME state=FIRST_FRAME_RECEIVED attempts=1 streak=1
[2026-09-20T01:37:00.698Z] batch=field-waveform-1789868107510-8 D4 FIRST_VALID_SAMPLE state=FIRST_FRAME_RECEIVED attempts=1 streak=1
[2026-09-20T01:37:00.714Z] batch=field-waveform-1789868107510-8 D2 FIRST_FRAME state=FIRST_FRAME_RECEIVED attempts=1 streak=1
[2026-09-20T01:37:00.714Z] batch=field-waveform-1789868107510-8 D2 FIRST_VALID_SAMPLE state=FIRST_FRAME_RECEIVED attempts=1 streak=1
[2026-09-20T01:37:00.716Z] batch=field-waveform-1789868107510-8 D3 CHANNEL_SYNC_OK state=TEST_READY attempts=1 streak=5
[2026-09-20T01:37:00.716Z] batch=field-waveform-1789868107510-8 D3 TEST_READY state=TEST_READY attempts=1 streak=5
[2026-09-20T01:37:00.717Z] batch=field-waveform-1789868107510-8 D1 CHANNEL_SYNC_OK state=TEST_READY attempts=1 streak=5
[2026-09-20T01:37:00.717Z] batch=field-waveform-1789868107510-8 D1 TEST_READY state=TEST_READY attempts=1 streak=5
[2026-09-20T01:37:00.719Z] batch=field-waveform-1789868107510-8 D6 CHANNEL_SYNC_OK state=TEST_READY attempts=1 streak=5
[2026-09-20T01:37:00.719Z] batch=field-waveform-1789868107510-8 D6 TEST_READY state=TEST_READY attempts=1 streak=5
[2026-09-20T01:37:00.720Z] batch=field-waveform-1789868107510-8 D5 FIRST_FRAME state=FIRST_FRAME_RECEIVED attempts=1 streak=1
[2026-09-20T01:37:00.720Z] batch=field-waveform-1789868107510-8 D5 FIRST_VALID_SAMPLE state=FIRST_FRAME_RECEIVED attempts=1 streak=1
[2026-09-20T01:37:00.832Z] batch=field-waveform-1789868107510-8 D4 CHANNEL_SYNC_OK state=TEST_READY attempts=1 streak=5
[2026-09-20T01:37:00.832Z] batch=field-waveform-1789868107510-8 D4 TEST_READY state=TEST_READY attempts=1 streak=5
[2026-09-20T01:37:00.834Z] batch=field-waveform-1789868107510-8 D2 CHANNEL_SYNC_OK state=TEST_READY attempts=1 streak=5
[2026-09-20T01:37:00.834Z] batch=field-waveform-1789868107510-8 D2 TEST_READY state=TEST_READY attempts=1 streak=5
[2026-09-20T01:37:01.050Z] batch=field-waveform-1789868107510-8 D5 CHANNEL_SYNC_OK state=TEST_READY attempts=1 streak=5
[2026-09-20T01:37:01.051Z] batch=field-waveform-1789868107510-8 D5 TEST_READY state=TEST_READY attempts=1 streak=5
[2026-09-20T01:37:45.633Z] batch=field-waveform-1789868107510-8 D2 MODE_SWITCH_START state=MODE_SWITCHING attempts=1 streak=0 attempt=1
[2026-09-20T01:37:45.634Z] batch=field-waveform-1789868107510-8 D2 MODE_SWITCH_OK state=MODE_SWITCH_OK attempts=1 streak=0
[2026-09-20T01:37:45.640Z] batch=field-waveform-1789868107510-8 D1 MODE_SWITCH_START state=MODE_SWITCHING attempts=1 streak=0 attempt=1
[2026-09-20T01:37:45.641Z] batch=field-waveform-1789868107510-8 D1 MODE_SWITCH_OK state=MODE_SWITCH_OK attempts=1 streak=0
[2026-09-20T01:37:45.649Z] batch=field-waveform-1789868107510-8 D3 MODE_SWITCH_START state=MODE_SWITCHING attempts=1 streak=0 attempt=1
[2026-09-20T01:37:45.650Z] batch=field-waveform-1789868107510-8 D3 MODE_SWITCH_OK state=MODE_SWITCH_OK attempts=1 streak=0
[2026-09-20T01:37:45.655Z] batch=field-waveform-1789868107510-8 D5 MODE_SWITCH_START state=MODE_SWITCHING attempts=1 streak=0 attempt=1
[2026-09-20T01:37:45.657Z] batch=field-waveform-1789868107510-8 D5 MODE_SWITCH_OK state=MODE_SWITCH_OK attempts=1 streak=0
[2026-09-20T01:37:45.664Z] batch=field-waveform-1789868107510-8 D4 MODE_SWITCH_START state=MODE_SWITCHING attempts=1 streak=0 attempt=1
[2026-09-20T01:37:45.680Z] batch=field-waveform-1789868107510-8 D4 MODE_SWITCH_OK state=MODE_SWITCH_OK attempts=1 streak=0
[2026-09-20T01:37:45.688Z] batch=field-waveform-1789868107510-8 D6 MODE_SWITCH_START state=MODE_SWITCHING attempts=1 streak=0 attempt=1
[2026-09-20T01:37:45.702Z] batch=field-waveform-1789868107510-8 D6 MODE_SWITCH_OK state=MODE_SWITCH_OK attempts=1 streak=0
