[2026-09-10T07:09:42.170Z] batch=field-waveform-1789024020970-20 D4 MODE_SWITCH_START state=MODE_SWITCHING attempts=1 streak=0 attempt=1
[2026-09-10T07:09:42.184Z] batch=field-waveform-1789024020970-20 D4 MODE_SWITCH_OK state=MODE_SWITCH_OK attempts=1 streak=0
[2026-09-10T07:09:42.192Z] batch=field-waveform-1789024020970-20 D6 MODE_SWITCH_START state=MODE_SWITCHING attempts=1 streak=0 attempt=1
[2026-09-10T07:09:42.199Z] batch=field-waveform-1789024020970-20 D6 MODE_SWITCH_OK state=MODE_SWITCH_OK attempts=1 streak=0
[2026-09-10T07:09:42.207Z] batch=field-waveform-1789024020970-20 D1 MODE_SWITCH_START state=MODE_SWITCHING attempts=1 streak=0 attempt=1
[2026-09-10T07:09:42.208Z] batch=field-waveform-1789024020970-20 D1 MODE_SWITCH_OK state=MODE_SWITCH_OK attempts=1 streak=0
[2026-09-10T07:09:42.220Z] batch=field-waveform-1789024020970-20 D2 MODE_SWITCH_START state=MODE_SWITCHING attempts=1 streak=0 attempt=1
[2026-09-10T07:09:42.224Z] batch=field-waveform-1789024020970-20 D2 MODE_SWITCH_OK state=MODE_SWITCH_OK attempts=1 streak=0
[2026-09-10T07:09:42.239Z] batch=field-waveform-1789024020970-20 D3 MODE_SWITCH_START state=MODE_SWITCHING attempts=1 streak=0 attempt=1
[2026-09-10T07:09:42.244Z] batch=field-waveform-1789024020970-20 D3 MODE_SWITCH_OK state=MODE_SWITCH_OK attempts=1 streak=0
[2026-09-10T07:09:42.254Z] batch=field-waveform-1789024020970-20 D5 MODE_SWITCH_START state=MODE_SWITCHING attempts=1 streak=0 attempt=1
[2026-09-10T07:09:42.266Z] batch=field-waveform-1789024020970-20 D5 MODE_SWITCH_OK state=MODE_SWITCH_OK attempts=1 streak=0
[2026-09-10T07:09:52.383Z] batch=field-waveform-1789024020970-20 D4 MODE_SWITCH_START state=MODE_SWITCHING attempts=1 streak=0 attempt=1
[2026-09-10T07:09:52.394Z] batch=field-waveform-1789024020970-20 D4 MODE_SWITCH_OK state=MODE_SWITCH_OK attempts=1 streak=0
[2026-09-10T07:09:52.402Z] batch=field-waveform-1789024020970-20 D6 MODE_SWITCH_START state=MODE_SWITCHING attempts=1 streak=0 attempt=1
[2026-09-10T07:09:52.404Z] batch=field-waveform-1789024020970-20 D6 MODE_SWITCH_OK state=MODE_SWITCH_OK attempts=1 streak=0
[2026-09-10T07:09:52.412Z] batch=field-waveform-1789024020970-20 D1 MODE_SWITCH_START state=MODE_SWITCHING attempts=1 streak=0 attempt=1
[2026-09-10T07:09:52.414Z] batch=field-waveform-1789024020970-20 D1 MODE_SWITCH_OK state=MODE_SWITCH_OK attempts=1 streak=0
[2026-09-10T07:09:52.423Z] batch=field-waveform-1789024020970-20 D2 MODE_SWITCH_START state=MODE_SWITCHING attempts=1 streak=0 attempt=1
[2026-09-10T07:09:52.425Z] batch=field-waveform-1789024020970-20 D2 MODE_SWITCH_OK state=MODE_SWITCH_OK attempts=1 streak=0
[2026-09-10T07:09:52.434Z] batch=field-waveform-1789024020970-20 D3 MODE_SWITCH_START state=MODE_SWITCHING attempts=1 streak=0 attempt=1
[2026-09-10T07:09:52.436Z] batch=field-waveform-1789024020970-20 D3 MODE_SWITCH_OK state=MODE_SWITCH_OK attempts=1 streak=0
[2026-09-10T07:09:52.445Z] batch=field-waveform-1789024020970-20 D5 MODE_SWITCH_START state=MODE_SWITCHING attempts=1 streak=0 attempt=1
[2026-09-10T07:09:52.446Z] batch=field-waveform-1789024020970-20 D5 MODE_SWITCH_OK state=MODE_SWITCH_OK attempts=1 streak=0
[2026-09-10T07:10:02.578Z] batch=field-waveform-1789024020970-20 D4 MODE_SWITCH_START state=MODE_SWITCHING attempts=1 streak=0 attempt=1
[2026-09-10T07:10:02.589Z] batch=field-waveform-1789024020970-20 D4 MODE_SWITCH_OK state=MODE_SWITCH_OK attempts=1 streak=0
[2026-09-10T07:10:02.597Z] batch=field-waveform-1789024020970-20 D6 MODE_SWITCH_START state=MODE_SWITCHING attempts=1 streak=0 attempt=1
[2026-09-10T07:10:02.599Z] batch=field-waveform-1789024020970-20 D6 MODE_SWITCH_OK state=MODE_SWITCH_OK attempts=1 streak=0
[2026-09-10T07:10:02.608Z] batch=field-waveform-1789024020970-20 D1 MODE_SWITCH_START state=MODE_SWITCHING attempts=1 streak=0 attempt=1
[2026-09-10T07:10:02.610Z] batch=field-waveform-1789024020970-20 D1 MODE_SWITCH_OK state=MODE_SWITCH_OK attempts=1 streak=0
[2026-09-10T07:10:02.619Z] batch=field-waveform-1789024020970-20 D2 MODE_SWITCH_START state=MODE_SWITCHING attempts=1 streak=0 attempt=1
[2026-09-10T07:10:02.620Z] batch=field-waveform-1789024020970-20 D2 MODE_SWITCH_OK state=MODE_SWITCH_OK attempts=1 streak=0
[2026-09-10T07:10:02.629Z] batch=field-waveform-1789024020970-20 D3 MODE_SWITCH_START state=MODE_SWITCHING attempts=1 streak=0 attempt=1
[2026-09-10T07:10:02.632Z] batch=field-waveform-1789024020970-20 D3 MODE_SWITCH_OK state=MODE_SWITCH_OK attempts=1 streak=0
[2026-09-10T07:10:02.639Z] batch=field-waveform-1789024020970-20 D5 MODE_SWITCH_START state=MODE_SWITCHING attempts=1 streak=0 attempt=1
[2026-09-10T07:10:02.643Z] batch=field-waveform-1789024020970-20 D5 MODE_SWITCH_OK state=MODE_SWITCH_OK attempts=1 streak=0
[2026-09-10T07:10:12.691Z] batch=field-waveform-1789024020970-20 D4 MODE_SWITCH_START state=MODE_SWITCHING attempts=1 streak=0 attempt=1
[2026-09-10T07:10:12.701Z] batch=field-waveform-1789024020970-20 D4 MODE_SWITCH_OK state=MODE_SWITCH_OK attempts=1 streak=0
[2026-09-10T07:10:12.710Z] batch=field-waveform-1789024020970-20 D6 MODE_SWITCH_START state=MODE_SWITCHING attempts=1 streak=0 attempt=1
[2026-09-10T07:10:12.720Z] batch=field-waveform-1789024020970-20 D6 MODE_SWITCH_OK state=MODE_SWITCH_OK attempts=1 streak=0
[2026-09-10T07:10:12.733Z] batch=field-waveform-1789024020970-20 D1 MODE_SWITCH_START state=MODE_SWITCHING attempts=1 streak=0 attempt=1
[2026-09-10T07:10:12.735Z] batch=field-waveform-1789024020970-20 D1 MODE_SWITCH_OK state=MODE_SWITCH_OK attempts=1 streak=0
[2026-09-10T07:10:12.743Z] batch=field-waveform-1789024020970-20 D2 MODE_SWITCH_START state=MODE_SWITCHING attempts=1 streak=0 attempt=1
[2026-09-10T07:10:12.745Z] batch=field-waveform-1789024020970-20 D2 MODE_SWITCH_OK state=MODE_SWITCH_OK attempts=1 streak=0
[2026-09-10T07:10:12.754Z] batch=field-waveform-1789024020970-20 D3 MODE_SWITCH_START state=MODE_SWITCHING attempts=1 streak=0 attempt=1
[2026-09-10T07:10:12.755Z] batch=field-waveform-1789024020970-20 D3 MODE_SWITCH_OK state=MODE_SWITCH_OK attempts=1 streak=0
[2026-09-10T07:10:12.765Z] batch=field-waveform-1789024020970-20 D5 MODE_SWITCH_START state=MODE_SWITCHING attempts=1 streak=0 attempt=1
[2026-09-10T07:10:12.768Z] batch=field-waveform-1789024020970-20 D5 MODE_SWITCH_OK state=MODE_SWITCH_OK attempts=1 streak=0
[2026-09-10T07:10:23.022Z] batch=field-waveform-1789024020970-20 D4 MODE_SWITCH_START state=MODE_SWITCHING attempts=1 streak=0 attempt=1
[2026-09-10T07:10:23.025Z] batch=field-waveform-1789024020970-20 D4 MODE_SWITCH_OK state=MODE_SWITCH_OK attempts=1 streak=0
[2026-09-10T07:10:23.032Z] batch=field-waveform-1789024020970-20 D6 MODE_SWITCH_START state=MODE_SWITCHING attempts=1 streak=0 attempt=1
[2026-09-10T07:10:23.041Z] batch=field-waveform-1789024020970-20 D6 MODE_SWITCH_OK state=MODE_SWITCH_OK attempts=1 streak=0
[2026-09-10T07:10:23.058Z] batch=field-waveform-1789024020970-20 D1 MODE_SWITCH_START state=MODE_SWITCHING attempts=1 streak=0 attempt=1
[2026-09-10T07:10:23.059Z] batch=field-waveform-1789024020970-20 D1 MODE_SWITCH_OK state=MODE_SWITCH_OK attempts=1 streak=0
[2026-09-10T07:10:23.067Z] batch=field-waveform-1789024020970-20 D2 MODE_SWITCH_START state=MODE_SWITCHING attempts=1 streak=0 attempt=1
[2026-09-10T07:10:23.069Z] batch=field-waveform-1789024020970-20 D2 MODE_SWITCH_OK state=MODE_SWITCH_OK attempts=1 streak=0
[2026-09-10T07:10:23.079Z] batch=field-waveform-1789024020970-20 D3 MODE_SWITCH_START state=MODE_SWITCHING attempts=1 streak=0 attempt=1
[2026-09-10T07:10:23.093Z] batch=field-waveform-1789024020970-20 D3 MODE_SWITCH_OK state=MODE_SWITCH_OK attempts=1 streak=0
[2026-09-10T07:10:23.101Z] batch=field-waveform-1789024020970-20 D5 MODE_SWITCH_START state=MODE_SWITCHING attempts=1 streak=0 attempt=1
[2026-09-10T07:10:23.102Z] batch=field-waveform-1789024020970-20 D5 MODE_SWITCH_OK state=MODE_SWITCH_OK attempts=1 streak=0
[2026-09-10T07:10:33.432Z] batch=field-waveform-1789024020970-20 D4 MODE_SWITCH_START state=MODE_SWITCHING attempts=1 streak=0 attempt=1
[2026-09-10T07:10:33.436Z] batch=field-waveform-1789024020970-20 D4 MODE_SWITCH_OK state=MODE_SWITCH_OK attempts=1 streak=0
[2026-09-10T07:10:33.445Z] batch=field-waveform-1789024020970-20 D6 MODE_SWITCH_START state=MODE_SWITCHING attempts=1 streak=0 attempt=1
[2026-09-10T07:10:33.453Z] batch=field-waveform-1789024020970-20 D6 MODE_SWITCH_OK state=MODE_SWITCH_OK attempts=1 streak=0
[2026-09-10T07:10:33.462Z] batch=field-waveform-1789024020970-20 D1 MODE_SWITCH_START state=MODE_SWITCHING attempts=1 streak=0 attempt=1
[2026-09-10T07:10:33.466Z] batch=field-waveform-1789024020970-20 D1 MODE_SWITCH_OK state=MODE_SWITCH_OK attempts=1 streak=0
[2026-09-10T07:10:33.474Z] batch=field-waveform-1789024020970-20 D2 MODE_SWITCH_START state=MODE_SWITCHING attempts=1 streak=0 attempt=1
[2026-09-10T07:10:33.476Z] batch=field-waveform-1789024020970-20 D2 MODE_SWITCH_OK state=MODE_SWITCH_OK attempts=1 streak=0
[2026-09-10T07:10:33.485Z] batch=field-waveform-1789024020970-20 D3 MODE_SWITCH_START state=MODE_SWITCHING attempts=1 streak=0 attempt=1
[2026-09-10T07:10:33.493Z] batch=field-waveform-1789024020970-20 D3 MODE_SWITCH_OK state=MODE_SWITCH_OK attempts=1 streak=0
[2026-09-10T07:10:33.502Z] batch=field-waveform-1789024020970-20 D5 MODE_SWITCH_START state=MODE_SWITCHING attempts=1 streak=0 attempt=1
[2026-09-10T07:10:33.515Z] batch=field-waveform-1789024020970-20 D5 MODE_SWITCH_OK state=MODE_SWITCH_OK attempts=1 streak=0
[2026-09-10T07:10:43.515Z] batch=field-waveform-1789024020970-20 D4 MODE_SWITCH_START state=MODE_SWITCHING attempts=1 streak=0 attempt=1
[2026-09-10T07:10:43.525Z] batch=field-waveform-1789024020970-20 D4 MODE_SWITCH_OK state=MODE_SWITCH_OK attempts=1 streak=0
[2026-09-10T07:10:43.541Z] batch=field-waveform-1789024020970-20 D6 MODE_SWITCH_START state=MODE_SWITCHING attempts=1 streak=0 attempt=1
[2026-09-10T07:10:43.545Z] batch=field-waveform-1789024020970-20 D6 MODE_SWITCH_OK state=MODE_SWITCH_OK attempts=1 streak=0
[2026-09-10T07:10:43.554Z] batch=field-waveform-1789024020970-20 D1 MODE_SWITCH_START state=MODE_SWITCHING attempts=1 streak=0 attempt=1
[2026-09-10T07:10:43.566Z] batch=field-waveform-1789024020970-20 D1 MODE_SWITCH_OK state=MODE_SWITCH_OK attempts=1 streak=0
[2026-09-10T07:10:43.575Z] batch=field-waveform-1789024020970-20 D2 MODE_SWITCH_START state=MODE_SWITCHING attempts=1 streak=0 attempt=1
[2026-09-10T07:10:43.579Z] batch=field-waveform-1789024020970-20 D2 MODE_SWITCH_OK state=MODE_SWITCH_OK attempts=1 streak=0
[2026-09-10T07:10:43.588Z] batch=field-waveform-1789024020970-20 D3 MODE_SWITCH_START state=MODE_SWITCHING attempts=1 streak=0 attempt=1
[2026-09-10T07:10:43.591Z] batch=field-waveform-1789024020970-20 D3 MODE_SWITCH_OK state=MODE_SWITCH_OK attempts=1 streak=0
[2026-09-10T07:10:43.907Z] batch=field-waveform-1789024020970-20 D5 MODE_SWITCH_START state=MODE_SWITCHING attempts=1 streak=0 attempt=1
[2026-09-10T07:10:43.909Z] batch=field-waveform-1789024020970-20 D5 MODE_SWITCH_OK state=MODE_SWITCH_OK attempts=1 streak=0
[2026-09-10T07:10:53.667Z] batch=field-waveform-1789024020970-20 D4 MODE_SWITCH_START state=MODE_SWITCHING attempts=1 streak=0 attempt=1
[2026-09-10T07:10:53.676Z] batch=field-waveform-1789024020970-20 D4 MODE_SWITCH_OK state=MODE_SWITCH_OK attempts=1 streak=0
[2026-09-10T07:10:53.686Z] batch=field-waveform-1789024020970-20 D6 MODE_SWITCH_START state=MODE_SWITCHING attempts=1 streak=0 attempt=1
[2026-09-10T07:10:53.688Z] batch=field-waveform-1789024020970-20 D6 MODE_SWITCH_OK state=MODE_SWITCH_OK attempts=1 streak=0
[2026-09-10T07:10:53.698Z] batch=field-waveform-1789024020970-20 D1 MODE_SWITCH_START state=MODE_SWITCHING attempts=1 streak=0 attempt=1
[2026-09-10T07:10:53.701Z] batch=field-waveform-1789024020970-20 D1 MODE_SWITCH_OK state=MODE_SWITCH_OK attempts=1 streak=0
[2026-09-10T07:10:53.709Z] batch=field-waveform-1789024020970-20 D2 MODE_SWITCH_START state=MODE_SWITCHING attempts=1 streak=0 attempt=1
[2026-09-10T07:10:53.721Z] batch=field-waveform-1789024020970-20 D2 MODE_SWITCH_OK state=MODE_SWITCH_OK attempts=1 streak=0
[2026-09-10T07:10:53.729Z] batch=field-waveform-1789024020970-20 D3 MODE_SWITCH_START state=MODE_SWITCHING attempts=1 streak=0 attempt=1
[2026-09-10T07:10:53.734Z] batch=field-waveform-1789024020970-20 D3 MODE_SWITCH_OK state=MODE_SWITCH_OK attempts=1 streak=0
[2026-09-10T07:10:54.048Z] batch=field-waveform-1789024020970-20 D5 MODE_SWITCH_START state=MODE_SWITCHING attempts=1 streak=0 attempt=1
[2026-09-10T07:10:54.058Z] batch=field-waveform-1789024020970-20 D5 MODE_SWITCH_OK state=MODE_SWITCH_OK attempts=1 streak=0
[2026-09-10T07:10:59.073Z] batch=field-waveform-1789024259072-21 D1 MODE_SWITCH_START state=MODE_SWITCHING attempts=1 streak=0 attempt=1
[2026-09-10T07:10:59.085Z] batch=field-waveform-1789024259072-21 D2 MODE_SWITCH_START state=MODE_SWITCHING attempts=1 streak=0 attempt=1
[2026-09-10T07:10:59.086Z] batch=field-waveform-1789024259072-21 D3 MODE_SWITCH_START state=MODE_SWITCHING attempts=1 streak=0 attempt=1
[2026-09-10T07:10:59.094Z] batch=field-waveform-1789024259072-21 D4 MODE_SWITCH_START state=MODE_SWITCHING attempts=1 streak=0 attempt=1
[2026-09-10T07:10:59.095Z] batch=field-waveform-1789024259072-21 D5 MODE_SWITCH_START state=MODE_SWITCHING attempts=1 streak=0 attempt=1
[2026-09-10T07:10:59.104Z] batch=field-waveform-1789024259072-21 D6 MODE_SWITCH_START state=MODE_SWITCHING attempts=1 streak=0 attempt=1
[2026-09-10T07:10:59.115Z] batch=field-waveform-1789024259072-21 D1 MODE_SWITCH_OK state=MODE_SWITCH_OK attempts=1 streak=0
[2026-09-10T07:10:59.117Z] batch=field-waveform-1789024259072-21 D2 MODE_SWITCH_OK state=MODE_SWITCH_OK attempts=1 streak=0
[2026-09-10T07:10:59.118Z] batch=field-waveform-1789024259072-21 D3 MODE_SWITCH_OK state=MODE_SWITCH_OK attempts=1 streak=0
[2026-09-10T07:10:59.119Z] batch=field-waveform-1789024259072-21 D4 MODE_SWITCH_OK state=MODE_SWITCH_OK attempts=1 streak=0
[2026-09-10T07:10:59.119Z] batch=field-waveform-1789024259072-21 D5 MODE_SWITCH_OK state=MODE_SWITCH_OK attempts=1 streak=0
[2026-09-10T07:10:59.120Z] batch=field-waveform-1789024259072-21 D6 MODE_SWITCH_OK state=MODE_SWITCH_OK attempts=1 streak=0
[2026-09-10T07:11:03.693Z] batch=field-waveform-1789024259072-21 D4 MODE_SWITCH_START state=MODE_SWITCHING attempts=1 streak=0 attempt=1
[2026-09-10T07:11:03.697Z] batch=field-waveform-1789024259072-21 D4 MODE_SWITCH_OK state=MODE_SWITCH_OK attempts=1 streak=0
[2026-09-10T07:11:03.699Z] batch=field-waveform-1789024259072-21 D6 MODE_SWITCH_START state=MODE_SWITCHING attempts=1 streak=0 attempt=1
[2026-09-10T07:11:03.717Z] batch=field-waveform-1789024259072-21 D6 MODE_SWITCH_OK state=MODE_SWITCH_OK attempts=1 streak=0
[2026-09-10T07:11:03.732Z] batch=field-waveform-1789024259072-21 D1 MODE_SWITCH_START state=MODE_SWITCHING attempts=1 streak=0 attempt=1
[2026-09-10T07:11:03.734Z] batch=field-waveform-1789024259072-21 D1 MODE_SWITCH_OK state=MODE_SWITCH_OK attempts=1 streak=0
[2026-09-10T07:11:03.742Z] batch=field-waveform-1789024259072-21 D2 MODE_SWITCH_START state=MODE_SWITCHING attempts=1 streak=0 attempt=1
[2026-09-10T07:11:03.743Z] batch=field-waveform-1789024259072-21 D2 MODE_SWITCH_OK state=MODE_SWITCH_OK attempts=1 streak=0
[2026-09-10T07:11:03.745Z] batch=field-waveform-1789024259072-21 D3 MODE_SWITCH_START state=MODE_SWITCHING attempts=1 streak=0 attempt=1
[2026-09-10T07:11:03.746Z] batch=field-waveform-1789024259072-21 D3 MODE_SWITCH_OK state=MODE_SWITCH_OK attempts=1 streak=0
[2026-09-10T07:11:04.064Z] batch=field-waveform-1789024259072-21 D5 MODE_SWITCH_START state=MODE_SWITCHING attempts=1 streak=0 attempt=1
[2026-09-10T07:11:04.067Z] batch=field-waveform-1789024259072-21 D5 MODE_SWITCH_OK state=MODE_SWITCH_OK attempts=1 streak=0
[2026-09-10T07:11:13.698Z] batch=field-waveform-1789024259072-21 D4 MODE_SWITCH_START state=MODE_SWITCHING attempts=1 streak=0 attempt=1
[2026-09-10T07:11:13.702Z] batch=field-waveform-1789024259072-21 D4 MODE_SWITCH_OK state=MODE_SWITCH_OK attempts=1 streak=0
[2026-09-10T07:11:13.721Z] batch=field-waveform-1789024259072-21 D6 MODE_SWITCH_START state=MODE_SWITCHING attempts=1 streak=0 attempt=1
[2026-09-10T07:11:13.724Z] batch=field-waveform-1789024259072-21 D6 MODE_SWITCH_OK state=MODE_SWITCH_OK attempts=1 streak=0
[2026-09-10T07:11:13.736Z] batch=field-waveform-1789024259072-21 D1 MODE_SWITCH_START state=MODE_SWITCHING attempts=1 streak=0 attempt=1
[2026-09-10T07:11:13.737Z] batch=field-waveform-1789024259072-21 D1 MODE_SWITCH_OK state=MODE_SWITCH_OK attempts=1 streak=0
[2026-09-10T07:11:13.743Z] batch=field-waveform-1789024259072-21 D2 MODE_SWITCH_START state=MODE_SWITCHING attempts=1 streak=0 attempt=1
[2026-09-10T07:11:13.749Z] batch=field-waveform-1789024259072-21 D2 MODE_SWITCH_OK state=MODE_SWITCH_OK attempts=1 streak=0
[2026-09-10T07:11:13.750Z] batch=field-waveform-1789024259072-21 D3 MODE_SWITCH_START state=MODE_SWITCHING attempts=1 streak=0 attempt=1
[2026-09-10T07:11:13.751Z] batch=field-waveform-1789024259072-21 D3 MODE_SWITCH_OK state=MODE_SWITCH_OK attempts=1 streak=0
[2026-09-10T07:11:14.083Z] batch=field-waveform-1789024259072-21 D5 MODE_SWITCH_START state=MODE_SWITCHING attempts=1 streak=0 attempt=1
[2026-09-10T07:11:14.086Z] batch=field-waveform-1789024259072-21 D5 MODE_SWITCH_OK state=MODE_SWITCH_OK attempts=1 streak=0
[2026-09-10T07:11:23.717Z] batch=field-waveform-1789024259072-21 D4 MODE_SWITCH_START state=MODE_SWITCHING attempts=1 streak=0 attempt=1
[2026-09-10T07:11:23.721Z] batch=field-waveform-1789024259072-21 D4 MODE_SWITCH_OK state=MODE_SWITCH_OK attempts=1 streak=0
[2026-09-10T07:11:23.726Z] batch=field-waveform-1789024259072-21 D6 MODE_SWITCH_START state=MODE_SWITCHING attempts=1 streak=0 attempt=1
[2026-09-10T07:11:23.728Z] batch=field-waveform-1789024259072-21 D6 MODE_SWITCH_OK state=MODE_SWITCH_OK attempts=1 streak=0
[2026-09-10T07:11:23.742Z] batch=field-waveform-1789024259072-21 D1 MODE_SWITCH_START state=MODE_SWITCHING attempts=1 streak=0 attempt=1
[2026-09-10T07:11:23.744Z] batch=field-waveform-1789024259072-21 D1 MODE_SWITCH_OK state=MODE_SWITCH_OK attempts=1 streak=0
[2026-09-10T07:11:23.750Z] batch=field-waveform-1789024259072-21 D2 MODE_SWITCH_START state=MODE_SWITCHING attempts=1 streak=0 attempt=1
[2026-09-10T07:11:23.755Z] batch=field-waveform-1789024259072-21 D2 MODE_SWITCH_OK state=MODE_SWITCH_OK attempts=1 streak=0
[2026-09-10T07:11:23.756Z] batch=field-waveform-1789024259072-21 D3 MODE_SWITCH_START state=MODE_SWITCHING attempts=1 streak=0 attempt=1
[2026-09-10T07:11:23.757Z] batch=field-waveform-1789024259072-21 D3 MODE_SWITCH_OK state=MODE_SWITCH_OK attempts=1 streak=0
[2026-09-10T07:11:24.089Z] batch=field-waveform-1789024259072-21 D5 MODE_SWITCH_START state=MODE_SWITCHING attempts=1 streak=0 attempt=1
[2026-09-10T07:11:24.091Z] batch=field-waveform-1789024259072-21 D5 MODE_SWITCH_OK state=MODE_SWITCH_OK attempts=1 streak=0
[2026-09-10T07:11:28.766Z] batch=field-waveform-1789024259072-21 D4 FIRST_FRAME state=FIRST_FRAME_RECEIVED attempts=1 streak=1
[2026-09-10T07:11:28.767Z] batch=field-waveform-1789024259072-21 D4 FIRST_VALID_SAMPLE state=FIRST_FRAME_RECEIVED attempts=1 streak=1
[2026-09-10T07:11:28.827Z] batch=field-waveform-1789024259072-21 D1 FIRST_FRAME state=FIRST_FRAME_RECEIVED attempts=1 streak=1
[2026-09-10T07:11:28.827Z] batch=field-waveform-1789024259072-21 D1 FIRST_VALID_SAMPLE state=FIRST_FRAME_RECEIVED attempts=1 streak=1
[2026-09-10T07:11:28.829Z] batch=field-waveform-1789024259072-21 D2 FIRST_FRAME state=FIRST_FRAME_RECEIVED attempts=1 streak=1
[2026-09-10T07:11:28.829Z] batch=field-waveform-1789024259072-21 D2 FIRST_VALID_SAMPLE state=FIRST_FRAME_RECEIVED attempts=1 streak=1
[2026-09-10T07:11:28.837Z] batch=field-waveform-1789024259072-21 D6 FIRST_FRAME state=FIRST_FRAME_RECEIVED attempts=1 streak=1
[2026-09-10T07:11:28.837Z] batch=field-waveform-1789024259072-21 D6 FIRST_VALID_SAMPLE state=FIRST_FRAME_RECEIVED attempts=1 streak=1
[2026-09-10T07:11:28.867Z] batch=field-waveform-1789024259072-21 D3 FIRST_FRAME state=FIRST_FRAME_RECEIVED attempts=1 streak=1
[2026-09-10T07:11:28.867Z] batch=field-waveform-1789024259072-21 D3 FIRST_VALID_SAMPLE state=FIRST_FRAME_RECEIVED attempts=1 streak=1
[2026-09-10T07:11:29.018Z] batch=field-waveform-1789024259072-21 D4 CHANNEL_SYNC_OK state=TEST_READY attempts=1 streak=5
[2026-09-10T07:11:29.018Z] batch=field-waveform-1789024259072-21 D4 TEST_READY state=TEST_READY attempts=1 streak=5
[2026-09-10T07:11:29.073Z] batch=field-waveform-1789024259072-21 D2 CHANNEL_SYNC_OK state=TEST_READY attempts=1 streak=5
[2026-09-10T07:11:29.073Z] batch=field-waveform-1789024259072-21 D2 TEST_READY state=TEST_READY attempts=1 streak=5
[2026-09-10T07:11:29.078Z] batch=field-waveform-1789024259072-21 D1 CHANNEL_SYNC_OK state=TEST_READY attempts=1 streak=5
[2026-09-10T07:11:29.078Z] batch=field-waveform-1789024259072-21 D1 TEST_READY state=TEST_READY attempts=1 streak=5
[2026-09-10T07:11:29.080Z] batch=field-waveform-1789024259072-21 D6 CHANNEL_SYNC_OK state=TEST_READY attempts=1 streak=5
[2026-09-10T07:11:29.080Z] batch=field-waveform-1789024259072-21 D6 TEST_READY state=TEST_READY attempts=1 streak=5
[2026-09-10T07:11:29.108Z] batch=field-waveform-1789024259072-21 D3 CHANNEL_SYNC_OK state=TEST_READY attempts=1 streak=5
[2026-09-10T07:11:29.109Z] batch=field-waveform-1789024259072-21 D3 TEST_READY state=TEST_READY attempts=1 streak=5
[2026-09-10T07:11:29.142Z] batch=field-waveform-1789024259072-21 D5 FIRST_FRAME state=FIRST_FRAME_RECEIVED attempts=1 streak=1
[2026-09-10T07:11:29.143Z] batch=field-waveform-1789024259072-21 D5 FIRST_VALID_SAMPLE state=FIRST_FRAME_RECEIVED attempts=1 streak=1
[2026-09-10T07:11:29.376Z] batch=field-waveform-1789024259072-21 D5 CHANNEL_SYNC_OK state=TEST_READY attempts=1 streak=5
[2026-09-10T07:11:29.376Z] batch=field-waveform-1789024259072-21 D5 TEST_READY state=TEST_READY attempts=1 streak=5
[2026-09-10T07:11:40.179Z] batch=field-waveform-1789024259072-21 D2 MODE_SWITCH_START state=MODE_SWITCHING attempts=1 streak=0 attempt=1
[2026-09-10T07:11:40.189Z] batch=field-waveform-1789024259072-21 D2 MODE_SWITCH_OK state=MODE_SWITCH_OK attempts=1 streak=0
[2026-09-10T07:11:40.191Z] batch=field-waveform-1789024259072-21 D1 MODE_SWITCH_START state=MODE_SWITCHING attempts=1 streak=0 attempt=1
[2026-09-10T07:11:40.192Z] batch=field-waveform-1789024259072-21 D1 MODE_SWITCH_OK state=MODE_SWITCH_OK attempts=1 streak=0
[2026-09-10T07:11:40.193Z] batch=field-waveform-1789024259072-21 D5 MODE_SWITCH_START state=MODE_SWITCHING attempts=1 streak=0 attempt=1
[2026-09-10T07:11:40.203Z] batch=field-waveform-1789024259072-21 D5 MODE_SWITCH_OK state=MODE_SWITCH_OK attempts=1 streak=0
[2026-09-10T07:11:40.205Z] batch=field-waveform-1789024259072-21 D6 MODE_SWITCH_START state=MODE_SWITCHING attempts=1 streak=0 attempt=1
[2026-09-10T07:11:40.207Z] batch=field-waveform-1789024259072-21 D6 MODE_SWITCH_OK state=MODE_SWITCH_OK attempts=1 streak=0
[2026-09-10T07:11:40.207Z] batch=field-waveform-1789024259072-21 D4 MODE_SWITCH_START state=MODE_SWITCHING attempts=1 streak=0 attempt=1
[2026-09-10T07:11:40.209Z] batch=field-waveform-1789024259072-21 D4 MODE_SWITCH_OK state=MODE_SWITCH_OK attempts=1 streak=0
[2026-09-10T07:11:40.221Z] batch=field-waveform-1789024259072-21 D2 FIRST_FRAME state=FIRST_FRAME_RECEIVED attempts=1 streak=1
[2026-09-10T07:11:40.222Z] batch=field-waveform-1789024259072-21 D2 FIRST_VALID_SAMPLE state=FIRST_FRAME_RECEIVED attempts=1 streak=1
[2026-09-10T07:11:40.234Z] batch=field-waveform-1789024259072-21 D5 FIRST_FRAME state=FIRST_FRAME_RECEIVED attempts=1 streak=1
[2026-09-10T07:11:40.235Z] batch=field-waveform-1789024259072-21 D5 FIRST_VALID_SAMPLE state=FIRST_FRAME_RECEIVED attempts=1 streak=1
[2026-09-10T07:11:40.236Z] batch=field-waveform-1789024259072-21 D1 FIRST_FRAME state=FIRST_FRAME_RECEIVED attempts=1 streak=1
[2026-09-10T07:11:40.236Z] batch=field-waveform-1789024259072-21 D1 FIRST_VALID_SAMPLE state=FIRST_FRAME_RECEIVED attempts=1 streak=1
[2026-09-10T07:11:40.237Z] batch=field-waveform-1789024259072-21 D6 FIRST_FRAME state=FIRST_FRAME_RECEIVED attempts=1 streak=1
[2026-09-10T07:11:40.238Z] batch=field-waveform-1789024259072-21 D6 FIRST_VALID_SAMPLE state=FIRST_FRAME_RECEIVED attempts=1 streak=1
[2026-09-10T07:11:40.239Z] batch=field-waveform-1789024259072-21 D4 FIRST_FRAME state=FIRST_FRAME_RECEIVED attempts=1 streak=1
[2026-09-10T07:11:40.239Z] batch=field-waveform-1789024259072-21 D4 FIRST_VALID_SAMPLE state=FIRST_FRAME_RECEIVED attempts=1 streak=1
[2026-09-10T07:11:45.435Z] batch=field-waveform-1789024259072-21 D2 CHANNEL_SYNC_OK state=TEST_READY attempts=1 streak=5
[2026-09-10T07:11:45.435Z] batch=field-waveform-1789024259072-21 D2 TEST_READY state=TEST_READY attempts=1 streak=5
[2026-09-10T07:11:45.437Z] batch=field-waveform-1789024259072-21 D1 CHANNEL_SYNC_OK state=TEST_READY attempts=1 streak=5
[2026-09-10T07:11:45.437Z] batch=field-waveform-1789024259072-21 D1 TEST_READY state=TEST_READY attempts=1 streak=5
[2026-09-10T07:11:45.441Z] batch=field-waveform-1789024259072-21 D5 CHANNEL_SYNC_OK state=TEST_READY attempts=1 streak=5
[2026-09-10T07:11:45.442Z] batch=field-waveform-1789024259072-21 D5 TEST_READY state=TEST_READY attempts=1 streak=5
[2026-09-10T07:11:45.454Z] batch=field-waveform-1789024259072-21 D6 CHANNEL_SYNC_OK state=TEST_READY attempts=1 streak=5
[2026-09-10T07:11:45.455Z] batch=field-waveform-1789024259072-21 D6 TEST_READY state=TEST_READY attempts=1 streak=5
[2026-09-10T07:11:45.458Z] batch=field-waveform-1789024259072-21 D4 CHANNEL_SYNC_OK state=TEST_READY attempts=1 streak=5
[2026-09-10T07:11:45.458Z] batch=field-waveform-1789024259072-21 D4 TEST_READY state=TEST_READY attempts=1 streak=5
[2026-09-10T07:12:40.163Z] batch=field-waveform-1789024259072-21 D1 MODE_SWITCH_START state=MODE_SWITCHING attempts=1 streak=0 attempt=1
[2026-09-10T07:12:40.174Z] batch=field-waveform-1789024259072-21 D1 MODE_SWITCH_OK state=MODE_SWITCH_OK attempts=1 streak=0
[2026-09-10T07:12:40.181Z] batch=field-waveform-1789024259072-21 D5 MODE_SWITCH_START state=MODE_SWITCHING attempts=1 streak=0 attempt=1
[2026-09-10T07:12:40.184Z] batch=field-waveform-1789024259072-21 D5 MODE_SWITCH_OK state=MODE_SWITCH_OK attempts=1 streak=0
[2026-09-10T07:12:40.190Z] batch=field-waveform-1789024259072-21 D2 MODE_SWITCH_START state=MODE_SWITCHING attempts=1 streak=0 attempt=1
[2026-09-10T07:12:40.196Z] batch=field-waveform-1789024259072-21 D2 MODE_SWITCH_OK state=MODE_SWITCH_OK attempts=1 streak=0
[2026-09-10T07:12:40.202Z] batch=field-waveform-1789024259072-21 D6 MODE_SWITCH_START state=MODE_SWITCHING attempts=1 streak=0 attempt=1
[2026-09-10T07:12:40.203Z] batch=field-waveform-1789024259072-21 D6 MODE_SWITCH_OK state=MODE_SWITCH_OK attempts=1 streak=0
[2026-09-10T07:12:40.209Z] batch=field-waveform-1789024259072-21 D4 MODE_SWITCH_START state=MODE_SWITCHING attempts=1 streak=0 attempt=1
[2026-09-10T07:12:40.212Z] batch=field-waveform-1789024259072-21 D4 MODE_SWITCH_OK state=MODE_SWITCH_OK attempts=1 streak=0
[2026-09-10T07:12:40.218Z] batch=field-waveform-1789024259072-21 D3 MODE_SWITCH_START state=MODE_SWITCHING attempts=1 streak=0 attempt=1
[2026-09-10T07:12:40.230Z] batch=field-waveform-1789024259072-21 D3 MODE_SWITCH_OK state=MODE_SWITCH_OK attempts=1 streak=0
[2026-09-10T07:12:50.221Z] batch=field-waveform-1789024259072-21 D1 MODE_SWITCH_START state=MODE_SWITCHING attempts=1 streak=0 attempt=1
[2026-09-10T07:12:50.232Z] batch=field-waveform-1789024259072-21 D1 MODE_SWITCH_OK state=MODE_SWITCH_OK attempts=1 streak=0
[2026-09-10T07:12:50.239Z] batch=field-waveform-1789024259072-21 D5 MODE_SWITCH_START state=MODE_SWITCHING attempts=1 streak=0 attempt=1
[2026-09-10T07:12:50.240Z] batch=field-waveform-1789024259072-21 D5 MODE_SWITCH_OK state=MODE_SWITCH_OK attempts=1 streak=0
[2026-09-10T07:12:50.247Z] batch=field-waveform-1789024259072-21 D2 MODE_SWITCH_START state=MODE_SWITCHING attempts=1 streak=0 attempt=1
[2026-09-10T07:12:50.251Z] batch=field-waveform-1789024259072-21 D2 MODE_SWITCH_OK state=MODE_SWITCH_OK attempts=1 streak=0
[2026-09-10T07:12:50.257Z] batch=field-waveform-1789024259072-21 D6 MODE_SWITCH_START state=MODE_SWITCHING attempts=1 streak=0 attempt=1
[2026-09-10T07:12:50.258Z] batch=field-waveform-1789024259072-21 D6 MODE_SWITCH_OK state=MODE_SWITCH_OK attempts=1 streak=0
[2026-09-10T07:12:50.266Z] batch=field-waveform-1789024259072-21 D4 MODE_SWITCH_START state=MODE_SWITCHING attempts=1 streak=0 attempt=1
[2026-09-10T07:12:50.270Z] batch=field-waveform-1789024259072-21 D4 MODE_SWITCH_OK state=MODE_SWITCH_OK attempts=1 streak=0
[2026-09-10T07:12:50.276Z] batch=field-waveform-1789024259072-21 D3 MODE_SWITCH_START state=MODE_SWITCHING attempts=1 streak=0 attempt=1
[2026-09-10T07:12:50.279Z] batch=field-waveform-1789024259072-21 D3 MODE_SWITCH_OK state=MODE_SWITCH_OK attempts=1 streak=0
[2026-09-10T07:12:55.280Z] batch=field-waveform-1789024259072-21 D1 FIRST_FRAME state=FIRST_FRAME_RECEIVED attempts=1 streak=1
[2026-09-10T07:12:55.281Z] batch=field-waveform-1789024259072-21 D1 FIRST_VALID_SAMPLE state=FIRST_FRAME_RECEIVED attempts=1 streak=1
[2026-09-10T07:12:55.288Z] batch=field-waveform-1789024259072-21 D5 FIRST_FRAME state=FIRST_FRAME_RECEIVED attempts=1 streak=1
[2026-09-10T07:12:55.288Z] batch=field-waveform-1789024259072-21 D5 FIRST_VALID_SAMPLE state=FIRST_FRAME_RECEIVED attempts=1 streak=1
[2026-09-10T07:12:55.474Z] batch=field-waveform-1789024259072-21 D6 FIRST_FRAME state=FIRST_FRAME_RECEIVED attempts=1 streak=1
[2026-09-10T07:12:55.474Z] batch=field-waveform-1789024259072-21 D6 FIRST_VALID_SAMPLE state=FIRST_FRAME_RECEIVED attempts=1 streak=1
[2026-09-10T07:12:55.620Z] batch=field-waveform-1789024259072-21 D4 FIRST_FRAME state=FIRST_FRAME_RECEIVED attempts=1 streak=1
[2026-09-10T07:12:55.620Z] batch=field-waveform-1789024259072-21 D4 FIRST_VALID_SAMPLE state=FIRST_FRAME_RECEIVED attempts=1 streak=1
[2026-09-10T07:12:55.624Z] batch=field-waveform-1789024259072-21 D4 CHANNEL_SYNC_OK state=TEST_READY attempts=1 streak=5
[2026-09-10T07:12:55.624Z] batch=field-waveform-1789024259072-21 D4 TEST_READY state=TEST_READY attempts=1 streak=5
[2026-09-10T07:12:55.625Z] batch=field-waveform-1789024259072-21 D3 FIRST_FRAME state=FIRST_FRAME_RECEIVED attempts=1 streak=1
[2026-09-10T07:12:55.625Z] batch=field-waveform-1789024259072-21 D3 FIRST_VALID_SAMPLE state=FIRST_FRAME_RECEIVED attempts=1 streak=1
[2026-09-10T07:12:55.628Z] batch=field-waveform-1789024259072-21 D3 CHANNEL_SYNC_OK state=TEST_READY attempts=1 streak=5
[2026-09-10T07:12:55.628Z] batch=field-waveform-1789024259072-21 D3 TEST_READY state=TEST_READY attempts=1 streak=5
[2026-09-10T07:12:55.630Z] batch=field-waveform-1789024259072-21 D1 CHANNEL_SYNC_OK state=TEST_READY attempts=1 streak=5
[2026-09-10T07:12:55.630Z] batch=field-waveform-1789024259072-21 D1 TEST_READY state=TEST_READY attempts=1 streak=5
[2026-09-10T07:12:55.636Z] batch=field-waveform-1789024259072-21 D5 CHANNEL_SYNC_OK state=TEST_READY attempts=1 streak=5
[2026-09-10T07:12:55.637Z] batch=field-waveform-1789024259072-21 D5 TEST_READY state=TEST_READY attempts=1 streak=5
[2026-09-10T07:12:55.656Z] batch=field-waveform-1789024259072-21 D6 CHANNEL_SYNC_OK state=TEST_READY attempts=1 streak=5
[2026-09-10T07:12:55.656Z] batch=field-waveform-1789024259072-21 D6 TEST_READY state=TEST_READY attempts=1 streak=5
[2026-09-10T07:12:55.658Z] batch=field-waveform-1789024259072-21 D2 FIRST_FRAME state=FIRST_FRAME_RECEIVED attempts=1 streak=1
[2026-09-10T07:12:55.658Z] batch=field-waveform-1789024259072-21 D2 FIRST_VALID_SAMPLE state=FIRST_FRAME_RECEIVED attempts=1 streak=1
[2026-09-10T07:12:55.660Z] batch=field-waveform-1789024259072-21 D2 CHANNEL_SYNC_OK state=TEST_READY attempts=1 streak=5
[2026-09-10T07:12:55.660Z] batch=field-waveform-1789024259072-21 D2 TEST_READY state=TEST_READY attempts=1 streak=5
