[2026-09-10T01:19:46.402Z] batch=field-waveform-1789003186402-16 D1 MODE_SWITCH_START state=MODE_SWITCHING attempts=1 streak=0 attempt=1
[2026-09-10T01:19:46.404Z] batch=field-waveform-1789003186402-16 D2 MODE_SWITCH_START state=MODE_SWITCHING attempts=1 streak=0 attempt=1
[2026-09-10T01:19:46.409Z] batch=field-waveform-1789003186402-16 D3 MODE_SWITCH_START state=MODE_SWITCHING attempts=1 streak=0 attempt=1
[2026-09-10T01:19:46.410Z] batch=field-waveform-1789003186402-16 D4 MODE_SWITCH_START state=MODE_SWITCHING attempts=1 streak=0 attempt=1
[2026-09-10T01:19:46.410Z] batch=field-waveform-1789003186402-16 D5 MODE_SWITCH_START state=MODE_SWITCHING attempts=1 streak=0 attempt=1
[2026-09-10T01:19:46.412Z] batch=field-waveform-1789003186402-16 D6 MODE_SWITCH_START state=MODE_SWITCHING attempts=1 streak=0 attempt=1
[2026-09-10T01:19:46.422Z] batch=field-waveform-1789003186402-16 D1 MODE_SWITCH_OK state=MODE_SWITCH_OK attempts=1 streak=0
[2026-09-10T01:19:46.423Z] batch=field-waveform-1789003186402-16 D2 MODE_SWITCH_OK state=MODE_SWITCH_OK attempts=1 streak=0
[2026-09-10T01:19:46.423Z] batch=field-waveform-1789003186402-16 D3 MODE_SWITCH_OK state=MODE_SWITCH_OK attempts=1 streak=0
[2026-09-10T01:19:46.424Z] batch=field-waveform-1789003186402-16 D4 MODE_SWITCH_OK state=MODE_SWITCH_OK attempts=1 streak=0
[2026-09-10T01:19:46.424Z] batch=field-waveform-1789003186402-16 D5 MODE_SWITCH_OK state=MODE_SWITCH_OK attempts=1 streak=0
[2026-09-10T01:19:46.425Z] batch=field-waveform-1789003186402-16 D6 MODE_SWITCH_OK state=MODE_SWITCH_OK attempts=1 streak=0
[2026-09-10T01:19:46.504Z] batch=field-waveform-1789003186402-16 D3 MODE_SWITCH_START state=MODE_SWITCHING attempts=1 streak=0 attempt=1
[2026-09-10T01:19:46.526Z] batch=field-waveform-1789003186402-16 D3 MODE_SWITCH_OK state=MODE_SWITCH_OK attempts=1 streak=0
[2026-09-10T01:19:46.538Z] batch=field-waveform-1789003186402-16 D5 MODE_SWITCH_START state=MODE_SWITCHING attempts=1 streak=0 attempt=1
[2026-09-10T01:19:46.544Z] batch=field-waveform-1789003186402-16 D5 MODE_SWITCH_OK state=MODE_SWITCH_OK attempts=1 streak=0
[2026-09-10T01:19:46.545Z] batch=field-waveform-1789003186402-16 D6 MODE_SWITCH_START state=MODE_SWITCHING attempts=1 streak=0 attempt=1
[2026-09-10T01:19:46.547Z] batch=field-waveform-1789003186402-16 D6 MODE_SWITCH_OK state=MODE_SWITCH_OK attempts=1 streak=0
[2026-09-10T01:19:46.549Z] batch=field-waveform-1789003186402-16 D2 MODE_SWITCH_START state=MODE_SWITCHING attempts=1 streak=0 attempt=1
[2026-09-10T01:19:46.561Z] batch=field-waveform-1789003186402-16 D2 MODE_SWITCH_OK state=MODE_SWITCH_OK attempts=1 streak=0
[2026-09-10T01:19:46.571Z] batch=field-waveform-1789003186402-16 D4 MODE_SWITCH_START state=MODE_SWITCHING attempts=1 streak=0 attempt=1
[2026-09-10T01:19:46.573Z] batch=field-waveform-1789003186402-16 D4 MODE_SWITCH_OK state=MODE_SWITCH_OK attempts=1 streak=0
[2026-09-10T01:19:46.574Z] batch=field-waveform-1789003186402-16 D1 MODE_SWITCH_START state=MODE_SWITCHING attempts=1 streak=0 attempt=1
[2026-09-10T01:19:46.581Z] batch=field-waveform-1789003186402-16 D1 MODE_SWITCH_OK state=MODE_SWITCH_OK attempts=1 streak=0
[2026-09-10T01:19:56.533Z] batch=field-waveform-1789003186402-16 D3 MODE_SWITCH_START state=MODE_SWITCHING attempts=1 streak=0 attempt=1
[2026-09-10T01:19:56.540Z] batch=field-waveform-1789003186402-16 D3 MODE_SWITCH_OK state=MODE_SWITCH_OK attempts=1 streak=0
[2026-09-10T01:19:56.546Z] batch=field-waveform-1789003186402-16 D5 MODE_SWITCH_START state=MODE_SWITCHING attempts=1 streak=0 attempt=1
[2026-09-10T01:19:56.559Z] batch=field-waveform-1789003186402-16 D5 MODE_SWITCH_OK state=MODE_SWITCH_OK attempts=1 streak=0
[2026-09-10T01:19:56.562Z] batch=field-waveform-1789003186402-16 D6 MODE_SWITCH_START state=MODE_SWITCHING attempts=1 streak=0 attempt=1
[2026-09-10T01:19:56.565Z] batch=field-waveform-1789003186402-16 D6 MODE_SWITCH_OK state=MODE_SWITCH_OK attempts=1 streak=0
[2026-09-10T01:19:56.566Z] batch=field-waveform-1789003186402-16 D2 MODE_SWITCH_START state=MODE_SWITCHING attempts=1 streak=0 attempt=1
[2026-09-10T01:19:56.567Z] batch=field-waveform-1789003186402-16 D2 MODE_SWITCH_OK state=MODE_SWITCH_OK attempts=1 streak=0
[2026-09-10T01:19:56.579Z] batch=field-waveform-1789003186402-16 D4 MODE_SWITCH_START state=MODE_SWITCHING attempts=1 streak=0 attempt=1
[2026-09-10T01:19:56.591Z] batch=field-waveform-1789003186402-16 D4 MODE_SWITCH_OK state=MODE_SWITCH_OK attempts=1 streak=0
[2026-09-10T01:19:56.598Z] batch=field-waveform-1789003186402-16 D1 MODE_SWITCH_START state=MODE_SWITCHING attempts=1 streak=0 attempt=1
[2026-09-10T01:19:56.599Z] batch=field-waveform-1789003186402-16 D1 MODE_SWITCH_OK state=MODE_SWITCH_OK attempts=1 streak=0
[2026-09-10T01:20:06.558Z] batch=field-waveform-1789003186402-16 D3 MODE_SWITCH_START state=MODE_SWITCHING attempts=1 streak=0 attempt=1
[2026-09-10T01:20:06.586Z] batch=field-waveform-1789003186402-16 D3 MODE_SWITCH_OK state=MODE_SWITCH_OK attempts=1 streak=0
[2026-09-10T01:20:06.600Z] batch=field-waveform-1789003186402-16 D5 MODE_SWITCH_START state=MODE_SWITCHING attempts=1 streak=0 attempt=1
[2026-09-10T01:20:06.611Z] batch=field-waveform-1789003186402-16 D5 MODE_SWITCH_OK state=MODE_SWITCH_OK attempts=1 streak=0
[2026-09-10T01:20:06.615Z] batch=field-waveform-1789003186402-16 D6 MODE_SWITCH_START state=MODE_SWITCHING attempts=1 streak=0 attempt=1
[2026-09-10T01:20:06.619Z] batch=field-waveform-1789003186402-16 D6 MODE_SWITCH_OK state=MODE_SWITCH_OK attempts=1 streak=0
[2026-09-10T01:20:06.621Z] batch=field-waveform-1789003186402-16 D2 MODE_SWITCH_START state=MODE_SWITCHING attempts=1 streak=0 attempt=1
[2026-09-10T01:20:06.622Z] batch=field-waveform-1789003186402-16 D2 MODE_SWITCH_OK state=MODE_SWITCH_OK attempts=1 streak=0
[2026-09-10T01:20:06.623Z] batch=field-waveform-1789003186402-16 D4 MODE_SWITCH_START state=MODE_SWITCHING attempts=1 streak=0 attempt=1
[2026-09-10T01:20:06.624Z] batch=field-waveform-1789003186402-16 D4 MODE_SWITCH_OK state=MODE_SWITCH_OK attempts=1 streak=0
[2026-09-10T01:20:06.625Z] batch=field-waveform-1789003186402-16 D1 MODE_SWITCH_START state=MODE_SWITCHING attempts=1 streak=0 attempt=1
[2026-09-10T01:20:06.627Z] batch=field-waveform-1789003186402-16 D1 MODE_SWITCH_OK state=MODE_SWITCH_OK attempts=1 streak=0
[2026-09-10T01:20:16.602Z] batch=field-waveform-1789003186402-16 D3 MODE_SWITCH_START state=MODE_SWITCHING attempts=1 streak=0 attempt=1
[2026-09-10T01:20:16.616Z] batch=field-waveform-1789003186402-16 D3 MODE_SWITCH_OK state=MODE_SWITCH_OK attempts=1 streak=0
[2026-09-10T01:20:16.619Z] batch=field-waveform-1789003186402-16 D5 MODE_SWITCH_START state=MODE_SWITCHING attempts=1 streak=0 attempt=1
[2026-09-10T01:20:16.620Z] batch=field-waveform-1789003186402-16 D5 MODE_SWITCH_OK state=MODE_SWITCH_OK attempts=1 streak=0
[2026-09-10T01:20:16.622Z] batch=field-waveform-1789003186402-16 D6 MODE_SWITCH_START state=MODE_SWITCHING attempts=1 streak=0 attempt=1
[2026-09-10T01:20:16.623Z] batch=field-waveform-1789003186402-16 D6 MODE_SWITCH_OK state=MODE_SWITCH_OK attempts=1 streak=0
[2026-09-10T01:20:16.623Z] batch=field-waveform-1789003186402-16 D2 MODE_SWITCH_START state=MODE_SWITCHING attempts=1 streak=0 attempt=1
[2026-09-10T01:20:16.627Z] batch=field-waveform-1789003186402-16 D2 MODE_SWITCH_OK state=MODE_SWITCH_OK attempts=1 streak=0
[2026-09-10T01:20:16.628Z] batch=field-waveform-1789003186402-16 D4 MODE_SWITCH_START state=MODE_SWITCHING attempts=1 streak=0 attempt=1
[2026-09-10T01:20:16.630Z] batch=field-waveform-1789003186402-16 D4 MODE_SWITCH_OK state=MODE_SWITCH_OK attempts=1 streak=0
[2026-09-10T01:20:16.631Z] batch=field-waveform-1789003186402-16 D1 MODE_SWITCH_START state=MODE_SWITCHING attempts=1 streak=0 attempt=1
[2026-09-10T01:20:16.632Z] batch=field-waveform-1789003186402-16 D1 MODE_SWITCH_OK state=MODE_SWITCH_OK attempts=1 streak=0
[2026-09-10T01:20:21.657Z] batch=field-waveform-1789003186402-16 D6 FIRST_FRAME state=FIRST_FRAME_RECEIVED attempts=1 streak=1
[2026-09-10T01:20:21.658Z] batch=field-waveform-1789003186402-16 D6 FIRST_VALID_SAMPLE state=FIRST_FRAME_RECEIVED attempts=1 streak=1
[2026-09-10T01:20:21.697Z] batch=field-waveform-1789003186402-16 D1 FIRST_FRAME state=FIRST_FRAME_RECEIVED attempts=1 streak=1
[2026-09-10T01:20:21.697Z] batch=field-waveform-1789003186402-16 D1 FIRST_VALID_SAMPLE state=FIRST_FRAME_RECEIVED attempts=1 streak=1
[2026-09-10T01:20:21.706Z] batch=field-waveform-1789003186402-16 D4 FIRST_FRAME state=FIRST_FRAME_RECEIVED attempts=1 streak=1
[2026-09-10T01:20:21.706Z] batch=field-waveform-1789003186402-16 D4 FIRST_VALID_SAMPLE state=FIRST_FRAME_RECEIVED attempts=1 streak=1
[2026-09-10T01:20:21.708Z] batch=field-waveform-1789003186402-16 D3 FIRST_FRAME state=FIRST_FRAME_RECEIVED attempts=1 streak=1
[2026-09-10T01:20:21.708Z] batch=field-waveform-1789003186402-16 D3 FIRST_VALID_SAMPLE state=FIRST_FRAME_RECEIVED attempts=1 streak=1
[2026-09-10T01:20:21.717Z] batch=field-waveform-1789003186402-16 D5 FIRST_FRAME state=FIRST_FRAME_RECEIVED attempts=1 streak=1
[2026-09-10T01:20:21.717Z] batch=field-waveform-1789003186402-16 D5 FIRST_VALID_SAMPLE state=FIRST_FRAME_RECEIVED attempts=1 streak=1
[2026-09-10T01:20:21.723Z] batch=field-waveform-1789003186402-16 D2 FIRST_FRAME state=FIRST_FRAME_RECEIVED attempts=1 streak=1
[2026-09-10T01:20:21.724Z] batch=field-waveform-1789003186402-16 D2 FIRST_VALID_SAMPLE state=FIRST_FRAME_RECEIVED attempts=1 streak=1
[2026-09-10T01:20:21.910Z] batch=field-waveform-1789003186402-16 D6 CHANNEL_SYNC_OK state=TEST_READY attempts=1 streak=5
[2026-09-10T01:20:21.910Z] batch=field-waveform-1789003186402-16 D6 TEST_READY state=TEST_READY attempts=1 streak=5
[2026-09-10T01:20:21.915Z] batch=field-waveform-1789003186402-16 D4 CHANNEL_SYNC_OK state=TEST_READY attempts=1 streak=5
[2026-09-10T01:20:21.915Z] batch=field-waveform-1789003186402-16 D4 TEST_READY state=TEST_READY attempts=1 streak=5
[2026-09-10T01:20:21.921Z] batch=field-waveform-1789003186402-16 D1 CHANNEL_SYNC_OK state=TEST_READY attempts=1 streak=5
[2026-09-10T01:20:21.922Z] batch=field-waveform-1789003186402-16 D1 TEST_READY state=TEST_READY attempts=1 streak=5
[2026-09-10T01:20:21.941Z] batch=field-waveform-1789003186402-16 D3 CHANNEL_SYNC_OK state=TEST_READY attempts=1 streak=5
[2026-09-10T01:20:21.942Z] batch=field-waveform-1789003186402-16 D3 TEST_READY state=TEST_READY attempts=1 streak=5
[2026-09-10T01:20:21.973Z] batch=field-waveform-1789003186402-16 D5 CHANNEL_SYNC_OK state=TEST_READY attempts=1 streak=5
[2026-09-10T01:20:21.974Z] batch=field-waveform-1789003186402-16 D5 TEST_READY state=TEST_READY attempts=1 streak=5
[2026-09-10T01:20:21.977Z] batch=field-waveform-1789003186402-16 D2 CHANNEL_SYNC_OK state=TEST_READY attempts=1 streak=5
[2026-09-10T01:20:21.977Z] batch=field-waveform-1789003186402-16 D2 TEST_READY state=TEST_READY attempts=1 streak=5
[2026-09-10T01:20:34.892Z] batch=field-waveform-1789003186402-16 D3 MODE_SWITCH_START state=MODE_SWITCHING attempts=1 streak=0 attempt=1
[2026-09-10T01:20:34.897Z] batch=field-waveform-1789003186402-16 D3 MODE_SWITCH_OK state=MODE_SWITCH_OK attempts=1 streak=0
[2026-09-10T01:20:34.898Z] batch=field-waveform-1789003186402-16 D5 MODE_SWITCH_START state=MODE_SWITCHING attempts=1 streak=0 attempt=1
[2026-09-10T01:20:34.901Z] batch=field-waveform-1789003186402-16 D5 MODE_SWITCH_OK state=MODE_SWITCH_OK attempts=1 streak=0
[2026-09-10T01:20:34.992Z] batch=field-waveform-1789003186402-16 D4 MODE_SWITCH_START state=MODE_SWITCHING attempts=1 streak=0 attempt=1
[2026-09-10T01:20:35.014Z] batch=field-waveform-1789003186402-16 D4 MODE_SWITCH_OK state=MODE_SWITCH_OK attempts=1 streak=0
[2026-09-10T01:20:35.016Z] batch=field-waveform-1789003186402-16 D1 MODE_SWITCH_START state=MODE_SWITCHING attempts=1 streak=0 attempt=1
[2026-09-10T01:20:35.017Z] batch=field-waveform-1789003186402-16 D1 MODE_SWITCH_OK state=MODE_SWITCH_OK attempts=1 streak=0
[2026-09-10T01:20:39.945Z] batch=field-waveform-1789003186402-16 D3 FIRST_FRAME state=FIRST_FRAME_RECEIVED attempts=1 streak=1
[2026-09-10T01:20:39.946Z] batch=field-waveform-1789003186402-16 D3 FIRST_VALID_SAMPLE state=FIRST_FRAME_RECEIVED attempts=1 streak=1
[2026-09-10T01:20:39.972Z] batch=field-waveform-1789003186402-16 D5 FIRST_FRAME state=FIRST_FRAME_RECEIVED attempts=1 streak=1
[2026-09-10T01:20:39.973Z] batch=field-waveform-1789003186402-16 D5 FIRST_VALID_SAMPLE state=FIRST_FRAME_RECEIVED attempts=1 streak=1
[2026-09-10T01:20:40.044Z] batch=field-waveform-1789003186402-16 D4 FIRST_FRAME state=FIRST_FRAME_RECEIVED attempts=1 streak=1
[2026-09-10T01:20:40.044Z] batch=field-waveform-1789003186402-16 D4 FIRST_VALID_SAMPLE state=FIRST_FRAME_RECEIVED attempts=1 streak=1
[2026-09-10T01:20:40.123Z] batch=field-waveform-1789003186402-16 D1 FIRST_FRAME state=FIRST_FRAME_RECEIVED attempts=1 streak=1
[2026-09-10T01:20:40.123Z] batch=field-waveform-1789003186402-16 D1 FIRST_VALID_SAMPLE state=FIRST_FRAME_RECEIVED attempts=1 streak=1
[2026-09-10T01:20:40.194Z] batch=field-waveform-1789003186402-16 D3 CHANNEL_SYNC_OK state=TEST_READY attempts=1 streak=5
[2026-09-10T01:20:40.194Z] batch=field-waveform-1789003186402-16 D3 TEST_READY state=TEST_READY attempts=1 streak=5
[2026-09-10T01:20:40.222Z] batch=field-waveform-1789003186402-16 D5 CHANNEL_SYNC_OK state=TEST_READY attempts=1 streak=5
[2026-09-10T01:20:40.223Z] batch=field-waveform-1789003186402-16 D5 TEST_READY state=TEST_READY attempts=1 streak=5
[2026-09-10T01:20:40.290Z] batch=field-waveform-1789003186402-16 D4 CHANNEL_SYNC_OK state=TEST_READY attempts=1 streak=5
[2026-09-10T01:20:40.291Z] batch=field-waveform-1789003186402-16 D4 TEST_READY state=TEST_READY attempts=1 streak=5
[2026-09-10T01:20:40.370Z] batch=field-waveform-1789003186402-16 D1 CHANNEL_SYNC_OK state=TEST_READY attempts=1 streak=5
[2026-09-10T01:20:40.370Z] batch=field-waveform-1789003186402-16 D1 TEST_READY state=TEST_READY attempts=1 streak=5
[2026-09-10T01:21:24.870Z] batch=field-waveform-1789003186402-16 D3 MODE_SWITCH_START state=MODE_SWITCHING attempts=1 streak=0 attempt=1
[2026-09-10T01:21:24.876Z] batch=field-waveform-1789003186402-16 D3 MODE_SWITCH_OK state=MODE_SWITCH_OK attempts=1 streak=0
[2026-09-10T01:21:24.885Z] batch=field-waveform-1789003186402-16 D2 MODE_SWITCH_START state=MODE_SWITCHING attempts=1 streak=0 attempt=1
[2026-09-10T01:21:24.886Z] batch=field-waveform-1789003186402-16 D2 MODE_SWITCH_OK state=MODE_SWITCH_OK attempts=1 streak=0
[2026-09-10T01:21:24.895Z] batch=field-waveform-1789003186402-16 D6 MODE_SWITCH_START state=MODE_SWITCHING attempts=1 streak=0 attempt=1
[2026-09-10T01:21:24.905Z] batch=field-waveform-1789003186402-16 D6 MODE_SWITCH_OK state=MODE_SWITCH_OK attempts=1 streak=0
[2026-09-10T01:21:24.915Z] batch=field-waveform-1789003186402-16 D5 MODE_SWITCH_START state=MODE_SWITCHING attempts=1 streak=0 attempt=1
[2026-09-10T01:21:24.925Z] batch=field-waveform-1789003186402-16 D5 MODE_SWITCH_OK state=MODE_SWITCH_OK attempts=1 streak=0
[2026-09-10T01:21:25.110Z] batch=field-waveform-1789003186402-16 D1 MODE_SWITCH_START state=MODE_SWITCHING attempts=1 streak=0 attempt=1
[2026-09-10T01:21:25.112Z] batch=field-waveform-1789003186402-16 D1 MODE_SWITCH_OK state=MODE_SWITCH_OK attempts=1 streak=0
[2026-09-10T01:21:25.121Z] batch=field-waveform-1789003186402-16 D4 MODE_SWITCH_START state=MODE_SWITCHING attempts=1 streak=0 attempt=1
[2026-09-10T01:21:25.123Z] batch=field-waveform-1789003186402-16 D4 MODE_SWITCH_OK state=MODE_SWITCH_OK attempts=1 streak=0
[2026-09-10T01:21:34.900Z] batch=field-waveform-1789003186402-16 D3 MODE_SWITCH_START state=MODE_SWITCHING attempts=1 streak=0 attempt=1
[2026-09-10T01:21:34.902Z] batch=field-waveform-1789003186402-16 D3 MODE_SWITCH_OK state=MODE_SWITCH_OK attempts=1 streak=0
[2026-09-10T01:21:34.910Z] batch=field-waveform-1789003186402-16 D2 MODE_SWITCH_START state=MODE_SWITCHING attempts=1 streak=0 attempt=1
[2026-09-10T01:21:34.911Z] batch=field-waveform-1789003186402-16 D2 MODE_SWITCH_OK state=MODE_SWITCH_OK attempts=1 streak=0
[2026-09-10T01:21:34.920Z] batch=field-waveform-1789003186402-16 D6 MODE_SWITCH_START state=MODE_SWITCHING attempts=1 streak=0 attempt=1
[2026-09-10T01:21:34.932Z] batch=field-waveform-1789003186402-16 D6 MODE_SWITCH_OK state=MODE_SWITCH_OK attempts=1 streak=0
[2026-09-10T01:21:34.949Z] batch=field-waveform-1789003186402-16 D5 MODE_SWITCH_START state=MODE_SWITCHING attempts=1 streak=0 attempt=1
[2026-09-10T01:21:34.950Z] batch=field-waveform-1789003186402-16 D5 MODE_SWITCH_OK state=MODE_SWITCH_OK attempts=1 streak=0
[2026-09-10T01:21:35.126Z] batch=field-waveform-1789003186402-16 D1 MODE_SWITCH_START state=MODE_SWITCHING attempts=1 streak=0 attempt=1
[2026-09-10T01:21:35.137Z] batch=field-waveform-1789003186402-16 D1 MODE_SWITCH_OK state=MODE_SWITCH_OK attempts=1 streak=0
[2026-09-10T01:21:35.145Z] batch=field-waveform-1789003186402-16 D4 MODE_SWITCH_START state=MODE_SWITCHING attempts=1 streak=0 attempt=1
[2026-09-10T01:21:35.146Z] batch=field-waveform-1789003186402-16 D4 MODE_SWITCH_OK state=MODE_SWITCH_OK attempts=1 streak=0
[2026-09-10T01:21:40.055Z] batch=field-waveform-1789003186402-16 D6 FIRST_FRAME state=FIRST_FRAME_RECEIVED attempts=1 streak=1
[2026-09-10T01:21:40.055Z] batch=field-waveform-1789003186402-16 D6 FIRST_VALID_SAMPLE state=FIRST_FRAME_RECEIVED attempts=1 streak=1
[2026-09-10T01:21:40.070Z] batch=field-waveform-1789003186402-16 D2 FIRST_FRAME state=FIRST_FRAME_RECEIVED attempts=1 streak=1
[2026-09-10T01:21:40.070Z] batch=field-waveform-1789003186402-16 D2 FIRST_VALID_SAMPLE state=FIRST_FRAME_RECEIVED attempts=1 streak=1
[2026-09-10T01:21:40.072Z] batch=field-waveform-1789003186402-16 D5 FIRST_FRAME state=FIRST_FRAME_RECEIVED attempts=1 streak=1
[2026-09-10T01:21:40.072Z] batch=field-waveform-1789003186402-16 D5 FIRST_VALID_SAMPLE state=FIRST_FRAME_RECEIVED attempts=1 streak=1
[2026-09-10T01:21:40.073Z] batch=field-waveform-1789003186402-16 D3 FIRST_FRAME state=FIRST_FRAME_RECEIVED attempts=1 streak=1
[2026-09-10T01:21:40.073Z] batch=field-waveform-1789003186402-16 D3 FIRST_VALID_SAMPLE state=FIRST_FRAME_RECEIVED attempts=1 streak=1
[2026-09-10T01:21:40.278Z] batch=field-waveform-1789003186402-16 D2 CHANNEL_SYNC_OK state=TEST_READY attempts=1 streak=5
[2026-09-10T01:21:40.279Z] batch=field-waveform-1789003186402-16 D2 TEST_READY state=TEST_READY attempts=1 streak=5
[2026-09-10T01:21:40.282Z] batch=field-waveform-1789003186402-16 D3 CHANNEL_SYNC_OK state=TEST_READY attempts=1 streak=5
[2026-09-10T01:21:40.282Z] batch=field-waveform-1789003186402-16 D3 TEST_READY state=TEST_READY attempts=1 streak=5
[2026-09-10T01:21:40.295Z] batch=field-waveform-1789003186402-16 D4 FIRST_FRAME state=FIRST_FRAME_RECEIVED attempts=1 streak=1
[2026-09-10T01:21:40.296Z] batch=field-waveform-1789003186402-16 D4 FIRST_VALID_SAMPLE state=FIRST_FRAME_RECEIVED attempts=1 streak=1
[2026-09-10T01:21:40.313Z] batch=field-waveform-1789003186402-16 D1 FIRST_FRAME state=FIRST_FRAME_RECEIVED attempts=1 streak=1
[2026-09-10T01:21:40.314Z] batch=field-waveform-1789003186402-16 D1 FIRST_VALID_SAMPLE state=FIRST_FRAME_RECEIVED attempts=1 streak=1
[2026-09-10T01:21:40.405Z] batch=field-waveform-1789003186402-16 D5 CHANNEL_SYNC_OK state=TEST_READY attempts=1 streak=5
[2026-09-10T01:21:40.406Z] batch=field-waveform-1789003186402-16 D5 TEST_READY state=TEST_READY attempts=1 streak=5
[2026-09-10T01:21:40.407Z] batch=field-waveform-1789003186402-16 D6 CHANNEL_SYNC_OK state=TEST_READY attempts=1 streak=5
[2026-09-10T01:21:40.407Z] batch=field-waveform-1789003186402-16 D6 TEST_READY state=TEST_READY attempts=1 streak=5
[2026-09-10T01:21:40.562Z] batch=field-waveform-1789003186402-16 D1 CHANNEL_SYNC_OK state=TEST_READY attempts=1 streak=5
[2026-09-10T01:21:40.562Z] batch=field-waveform-1789003186402-16 D1 TEST_READY state=TEST_READY attempts=1 streak=5
[2026-09-10T01:21:40.663Z] batch=field-waveform-1789003186402-16 D4 CHANNEL_SYNC_OK state=TEST_READY attempts=1 streak=5
[2026-09-10T01:21:40.663Z] batch=field-waveform-1789003186402-16 D4 TEST_READY state=TEST_READY attempts=1 streak=5
