[2026-09-14T10:42:26.027Z] batch=field-waveform-1789382546026-12 D1 MODE_SWITCH_START state=MODE_SWITCHING attempts=1 streak=0 attempt=1
[2026-09-14T10:42:26.034Z] batch=field-waveform-1789382546026-12 D2 MODE_SWITCH_START state=MODE_SWITCHING attempts=1 streak=0 attempt=1
[2026-09-14T10:42:26.035Z] batch=field-waveform-1789382546026-12 D3 MODE_SWITCH_START state=MODE_SWITCHING attempts=1 streak=0 attempt=1
[2026-09-14T10:42:26.036Z] batch=field-waveform-1789382546026-12 D4 MODE_SWITCH_START state=MODE_SWITCHING attempts=1 streak=0 attempt=1
[2026-09-14T10:42:26.037Z] batch=field-waveform-1789382546026-12 D5 MODE_SWITCH_START state=MODE_SWITCHING attempts=1 streak=0 attempt=1
[2026-09-14T10:42:26.038Z] batch=field-waveform-1789382546026-12 D6 MODE_SWITCH_START state=MODE_SWITCHING attempts=1 streak=0 attempt=1
[2026-09-14T10:42:26.041Z] batch=field-waveform-1789382546026-12 D1 MODE_SWITCH_OK state=MODE_SWITCH_OK attempts=1 streak=0
[2026-09-14T10:42:26.043Z] batch=field-waveform-1789382546026-12 D2 MODE_SWITCH_OK state=MODE_SWITCH_OK attempts=1 streak=0
[2026-09-14T10:42:26.043Z] batch=field-waveform-1789382546026-12 D3 MODE_SWITCH_OK state=MODE_SWITCH_OK attempts=1 streak=0
[2026-09-14T10:42:26.044Z] batch=field-waveform-1789382546026-12 D4 MODE_SWITCH_OK state=MODE_SWITCH_OK attempts=1 streak=0
[2026-09-14T10:42:26.044Z] batch=field-waveform-1789382546026-12 D5 MODE_SWITCH_OK state=MODE_SWITCH_OK attempts=1 streak=0
[2026-09-14T10:42:26.044Z] batch=field-waveform-1789382546026-12 D6 MODE_SWITCH_OK state=MODE_SWITCH_OK attempts=1 streak=0
[2026-09-14T10:42:26.307Z] batch=field-waveform-1789382546026-12 D2 MODE_SWITCH_START state=MODE_SWITCHING attempts=1 streak=0 attempt=1
[2026-09-14T10:42:26.309Z] batch=field-waveform-1789382546026-12 D2 MODE_SWITCH_OK state=MODE_SWITCH_OK attempts=1 streak=0
[2026-09-14T10:42:26.310Z] batch=field-waveform-1789382546026-12 D5 MODE_SWITCH_START state=MODE_SWITCHING attempts=1 streak=0 attempt=1
[2026-09-14T10:42:26.311Z] batch=field-waveform-1789382546026-12 D5 MODE_SWITCH_OK state=MODE_SWITCH_OK attempts=1 streak=0
[2026-09-14T10:42:26.313Z] batch=field-waveform-1789382546026-12 D1 MODE_SWITCH_START state=MODE_SWITCHING attempts=1 streak=0 attempt=1
[2026-09-14T10:42:26.314Z] batch=field-waveform-1789382546026-12 D1 MODE_SWITCH_OK state=MODE_SWITCH_OK attempts=1 streak=0
[2026-09-14T10:42:26.316Z] batch=field-waveform-1789382546026-12 D4 MODE_SWITCH_START state=MODE_SWITCHING attempts=1 streak=0 attempt=1
[2026-09-14T10:42:26.318Z] batch=field-waveform-1789382546026-12 D4 MODE_SWITCH_OK state=MODE_SWITCH_OK attempts=1 streak=0
[2026-09-14T10:42:26.320Z] batch=field-waveform-1789382546026-12 D3 MODE_SWITCH_START state=MODE_SWITCHING attempts=1 streak=0 attempt=1
[2026-09-14T10:42:26.321Z] batch=field-waveform-1789382546026-12 D3 MODE_SWITCH_OK state=MODE_SWITCH_OK attempts=1 streak=0
[2026-09-14T10:42:26.737Z] batch=field-waveform-1789382546026-12 D6 MODE_SWITCH_START state=MODE_SWITCHING attempts=1 streak=0 attempt=1
[2026-09-14T10:42:26.739Z] batch=field-waveform-1789382546026-12 D6 MODE_SWITCH_OK state=MODE_SWITCH_OK attempts=1 streak=0
[2026-09-14T10:42:36.310Z] batch=field-waveform-1789382546026-12 D2 MODE_SWITCH_START state=MODE_SWITCHING attempts=1 streak=0 attempt=1
[2026-09-14T10:42:36.311Z] batch=field-waveform-1789382546026-12 D2 MODE_SWITCH_OK state=MODE_SWITCH_OK attempts=1 streak=0
[2026-09-14T10:42:36.312Z] batch=field-waveform-1789382546026-12 D5 MODE_SWITCH_START state=MODE_SWITCHING attempts=1 streak=0 attempt=1
[2026-09-14T10:42:36.313Z] batch=field-waveform-1789382546026-12 D5 MODE_SWITCH_OK state=MODE_SWITCH_OK attempts=1 streak=0
[2026-09-14T10:42:36.315Z] batch=field-waveform-1789382546026-12 D1 MODE_SWITCH_START state=MODE_SWITCHING attempts=1 streak=0 attempt=1
[2026-09-14T10:42:36.317Z] batch=field-waveform-1789382546026-12 D1 MODE_SWITCH_OK state=MODE_SWITCH_OK attempts=1 streak=0
[2026-09-14T10:42:36.319Z] batch=field-waveform-1789382546026-12 D4 MODE_SWITCH_START state=MODE_SWITCHING attempts=1 streak=0 attempt=1
[2026-09-14T10:42:36.320Z] batch=field-waveform-1789382546026-12 D4 MODE_SWITCH_OK state=MODE_SWITCH_OK attempts=1 streak=0
[2026-09-14T10:42:36.321Z] batch=field-waveform-1789382546026-12 D3 MODE_SWITCH_START state=MODE_SWITCHING attempts=1 streak=0 attempt=1
[2026-09-14T10:42:36.324Z] batch=field-waveform-1789382546026-12 D3 MODE_SWITCH_OK state=MODE_SWITCH_OK attempts=1 streak=0
[2026-09-14T10:42:36.739Z] batch=field-waveform-1789382546026-12 D6 MODE_SWITCH_START state=MODE_SWITCHING attempts=1 streak=0 attempt=1
[2026-09-14T10:42:36.742Z] batch=field-waveform-1789382546026-12 D6 MODE_SWITCH_OK state=MODE_SWITCH_OK attempts=1 streak=0
[2026-09-14T10:42:46.323Z] batch=field-waveform-1789382546026-12 D2 MODE_SWITCH_START state=MODE_SWITCHING attempts=1 streak=0 attempt=1
[2026-09-14T10:42:46.326Z] batch=field-waveform-1789382546026-12 D2 MODE_SWITCH_OK state=MODE_SWITCH_OK attempts=1 streak=0
[2026-09-14T10:42:46.326Z] batch=field-waveform-1789382546026-12 D5 MODE_SWITCH_START state=MODE_SWITCHING attempts=1 streak=0 attempt=1
[2026-09-14T10:42:46.327Z] batch=field-waveform-1789382546026-12 D5 MODE_SWITCH_OK state=MODE_SWITCH_OK attempts=1 streak=0
[2026-09-14T10:42:46.327Z] batch=field-waveform-1789382546026-12 D1 MODE_SWITCH_START state=MODE_SWITCHING attempts=1 streak=0 attempt=1
[2026-09-14T10:42:46.333Z] batch=field-waveform-1789382546026-12 D1 MODE_SWITCH_OK state=MODE_SWITCH_OK attempts=1 streak=0
[2026-09-14T10:42:46.333Z] batch=field-waveform-1789382546026-12 D4 MODE_SWITCH_START state=MODE_SWITCHING attempts=1 streak=0 attempt=1
[2026-09-14T10:42:46.334Z] batch=field-waveform-1789382546026-12 D4 MODE_SWITCH_OK state=MODE_SWITCH_OK attempts=1 streak=0
[2026-09-14T10:42:46.335Z] batch=field-waveform-1789382546026-12 D3 MODE_SWITCH_START state=MODE_SWITCHING attempts=1 streak=0 attempt=1
[2026-09-14T10:42:46.336Z] batch=field-waveform-1789382546026-12 D3 MODE_SWITCH_OK state=MODE_SWITCH_OK attempts=1 streak=0
[2026-09-14T10:42:46.758Z] batch=field-waveform-1789382546026-12 D6 MODE_SWITCH_START state=MODE_SWITCHING attempts=1 streak=0 attempt=1
[2026-09-14T10:42:46.760Z] batch=field-waveform-1789382546026-12 D6 MODE_SWITCH_OK state=MODE_SWITCH_OK attempts=1 streak=0
[2026-09-14T10:42:56.338Z] batch=field-waveform-1789382546026-12 D2 MODE_SWITCH_START state=MODE_SWITCHING attempts=1 streak=0 attempt=1
[2026-09-14T10:42:56.339Z] batch=field-waveform-1789382546026-12 D2 MODE_SWITCH_OK state=MODE_SWITCH_OK attempts=1 streak=0
[2026-09-14T10:42:56.339Z] batch=field-waveform-1789382546026-12 D5 MODE_SWITCH_START state=MODE_SWITCHING attempts=1 streak=0 attempt=1
[2026-09-14T10:42:56.340Z] batch=field-waveform-1789382546026-12 D5 MODE_SWITCH_OK state=MODE_SWITCH_OK attempts=1 streak=0
[2026-09-14T10:42:56.341Z] batch=field-waveform-1789382546026-12 D1 MODE_SWITCH_START state=MODE_SWITCHING attempts=1 streak=0 attempt=1
[2026-09-14T10:42:56.342Z] batch=field-waveform-1789382546026-12 D1 MODE_SWITCH_OK state=MODE_SWITCH_OK attempts=1 streak=0
[2026-09-14T10:42:56.343Z] batch=field-waveform-1789382546026-12 D4 MODE_SWITCH_START state=MODE_SWITCHING attempts=1 streak=0 attempt=1
[2026-09-14T10:42:56.344Z] batch=field-waveform-1789382546026-12 D4 MODE_SWITCH_OK state=MODE_SWITCH_OK attempts=1 streak=0
[2026-09-14T10:42:56.344Z] batch=field-waveform-1789382546026-12 D3 MODE_SWITCH_START state=MODE_SWITCHING attempts=1 streak=0 attempt=1
[2026-09-14T10:42:56.345Z] batch=field-waveform-1789382546026-12 D3 MODE_SWITCH_OK state=MODE_SWITCH_OK attempts=1 streak=0
[2026-09-14T10:42:56.773Z] batch=field-waveform-1789382546026-12 D6 MODE_SWITCH_START state=MODE_SWITCHING attempts=1 streak=0 attempt=1
[2026-09-14T10:42:56.774Z] batch=field-waveform-1789382546026-12 D6 MODE_SWITCH_OK state=MODE_SWITCH_OK attempts=1 streak=0
[2026-09-14T10:43:06.386Z] batch=field-waveform-1789382546026-12 D2 MODE_SWITCH_START state=MODE_SWITCHING attempts=1 streak=0 attempt=1
[2026-09-14T10:43:06.391Z] batch=field-waveform-1789382546026-12 D2 MODE_SWITCH_OK state=MODE_SWITCH_OK attempts=1 streak=0
[2026-09-14T10:43:06.399Z] batch=field-waveform-1789382546026-12 D5 MODE_SWITCH_START state=MODE_SWITCHING attempts=1 streak=0 attempt=1
[2026-09-14T10:43:06.402Z] batch=field-waveform-1789382546026-12 D5 MODE_SWITCH_OK state=MODE_SWITCH_OK attempts=1 streak=0
[2026-09-14T10:43:06.407Z] batch=field-waveform-1789382546026-12 D1 MODE_SWITCH_START state=MODE_SWITCHING attempts=1 streak=0 attempt=1
[2026-09-14T10:43:06.409Z] batch=field-waveform-1789382546026-12 D1 MODE_SWITCH_OK state=MODE_SWITCH_OK attempts=1 streak=0
[2026-09-14T10:43:06.415Z] batch=field-waveform-1789382546026-12 D4 MODE_SWITCH_START state=MODE_SWITCHING attempts=1 streak=0 attempt=1
[2026-09-14T10:43:06.420Z] batch=field-waveform-1789382546026-12 D4 MODE_SWITCH_OK state=MODE_SWITCH_OK attempts=1 streak=0
[2026-09-14T10:43:06.426Z] batch=field-waveform-1789382546026-12 D3 MODE_SWITCH_START state=MODE_SWITCHING attempts=1 streak=0 attempt=1
[2026-09-14T10:43:06.431Z] batch=field-waveform-1789382546026-12 D3 MODE_SWITCH_OK state=MODE_SWITCH_OK attempts=1 streak=0
[2026-09-14T10:43:06.783Z] batch=field-waveform-1789382546026-12 D6 MODE_SWITCH_START state=MODE_SWITCHING attempts=1 streak=0 attempt=1
[2026-09-14T10:43:06.789Z] batch=field-waveform-1789382546026-12 D6 MODE_SWITCH_OK state=MODE_SWITCH_OK attempts=1 streak=0
[2026-09-14T10:43:15.491Z] batch=field-waveform-1789382546026-12 D5 FIRST_FRAME state=FIRST_FRAME_RECEIVED attempts=1 streak=1
[2026-09-14T10:43:15.492Z] batch=field-waveform-1789382546026-12 D5 FIRST_VALID_SAMPLE state=FIRST_FRAME_RECEIVED attempts=1 streak=1
[2026-09-14T10:43:15.493Z] batch=field-waveform-1789382546026-12 D1 FIRST_FRAME state=FIRST_FRAME_RECEIVED attempts=1 streak=1
[2026-09-14T10:43:15.494Z] batch=field-waveform-1789382546026-12 D1 FIRST_VALID_SAMPLE state=FIRST_FRAME_RECEIVED attempts=1 streak=1
[2026-09-14T10:43:15.498Z] batch=field-waveform-1789382546026-12 D4 FIRST_FRAME state=FIRST_FRAME_RECEIVED attempts=1 streak=1
[2026-09-14T10:43:15.498Z] batch=field-waveform-1789382546026-12 D4 FIRST_VALID_SAMPLE state=FIRST_FRAME_RECEIVED attempts=1 streak=1
[2026-09-14T10:43:15.507Z] batch=field-waveform-1789382546026-12 D2 FIRST_FRAME state=FIRST_FRAME_RECEIVED attempts=1 streak=1
[2026-09-14T10:43:15.508Z] batch=field-waveform-1789382546026-12 D2 FIRST_VALID_SAMPLE state=FIRST_FRAME_RECEIVED attempts=1 streak=1
[2026-09-14T10:43:15.509Z] batch=field-waveform-1789382546026-12 D3 FIRST_FRAME state=FIRST_FRAME_RECEIVED attempts=1 streak=1
[2026-09-14T10:43:15.510Z] batch=field-waveform-1789382546026-12 D3 FIRST_VALID_SAMPLE state=FIRST_FRAME_RECEIVED attempts=1 streak=1
[2026-09-14T10:43:15.512Z] batch=field-waveform-1789382546026-12 D6 FIRST_FRAME state=FIRST_FRAME_RECEIVED attempts=1 streak=1
[2026-09-14T10:43:15.512Z] batch=field-waveform-1789382546026-12 D6 FIRST_VALID_SAMPLE state=FIRST_FRAME_RECEIVED attempts=1 streak=1
[2026-09-14T10:43:15.730Z] batch=field-waveform-1789382546026-12 D5 CHANNEL_SYNC_OK state=TEST_READY attempts=1 streak=5
[2026-09-14T10:43:15.730Z] batch=field-waveform-1789382546026-12 D5 TEST_READY state=TEST_READY attempts=1 streak=5
[2026-09-14T10:43:15.731Z] batch=field-waveform-1789382546026-12 D1 CHANNEL_SYNC_OK state=TEST_READY attempts=1 streak=5
[2026-09-14T10:43:15.731Z] batch=field-waveform-1789382546026-12 D1 TEST_READY state=TEST_READY attempts=1 streak=5
[2026-09-14T10:43:15.772Z] batch=field-waveform-1789382546026-12 D4 CHANNEL_SYNC_OK state=TEST_READY attempts=1 streak=5
[2026-09-14T10:43:15.772Z] batch=field-waveform-1789382546026-12 D4 TEST_READY state=TEST_READY attempts=1 streak=5
[2026-09-14T10:43:15.775Z] batch=field-waveform-1789382546026-12 D2 CHANNEL_SYNC_OK state=TEST_READY attempts=1 streak=5
[2026-09-14T10:43:15.775Z] batch=field-waveform-1789382546026-12 D2 TEST_READY state=TEST_READY attempts=1 streak=5
[2026-09-14T10:43:15.776Z] batch=field-waveform-1789382546026-12 D3 CHANNEL_SYNC_OK state=TEST_READY attempts=1 streak=5
[2026-09-14T10:43:15.777Z] batch=field-waveform-1789382546026-12 D3 TEST_READY state=TEST_READY attempts=1 streak=5
[2026-09-14T10:43:15.779Z] batch=field-waveform-1789382546026-12 D6 CHANNEL_SYNC_OK state=TEST_READY attempts=1 streak=5
[2026-09-14T10:43:15.779Z] batch=field-waveform-1789382546026-12 D6 TEST_READY state=TEST_READY attempts=1 streak=5
[2026-09-14T10:44:04.873Z] batch=field-waveform-1789382546026-12 D2 MODE_SWITCH_START state=MODE_SWITCHING attempts=1 streak=0 attempt=1
[2026-09-14T10:44:04.874Z] batch=field-waveform-1789382546026-12 D2 MODE_SWITCH_OK state=MODE_SWITCH_OK attempts=1 streak=0
[2026-09-14T10:44:04.877Z] batch=field-waveform-1789382546026-12 D3 MODE_SWITCH_START state=MODE_SWITCHING attempts=1 streak=0 attempt=1
[2026-09-14T10:44:04.878Z] batch=field-waveform-1789382546026-12 D3 MODE_SWITCH_OK state=MODE_SWITCH_OK attempts=1 streak=0
[2026-09-14T10:44:04.881Z] batch=field-waveform-1789382546026-12 D5 MODE_SWITCH_START state=MODE_SWITCHING attempts=1 streak=0 attempt=1
[2026-09-14T10:44:04.882Z] batch=field-waveform-1789382546026-12 D5 MODE_SWITCH_OK state=MODE_SWITCH_OK attempts=1 streak=0
[2026-09-14T10:44:04.885Z] batch=field-waveform-1789382546026-12 D6 MODE_SWITCH_START state=MODE_SWITCHING attempts=1 streak=0 attempt=1
[2026-09-14T10:44:04.887Z] batch=field-waveform-1789382546026-12 D6 MODE_SWITCH_OK state=MODE_SWITCH_OK attempts=1 streak=0
[2026-09-14T10:44:04.891Z] batch=field-waveform-1789382546026-12 D1 MODE_SWITCH_START state=MODE_SWITCHING attempts=1 streak=0 attempt=1
[2026-09-14T10:44:04.892Z] batch=field-waveform-1789382546026-12 D1 MODE_SWITCH_OK state=MODE_SWITCH_OK attempts=1 streak=0
[2026-09-14T10:44:04.895Z] batch=field-waveform-1789382546026-12 D4 MODE_SWITCH_START state=MODE_SWITCHING attempts=1 streak=0 attempt=1
[2026-09-14T10:44:04.931Z] batch=field-waveform-1789382546026-12 D4 MODE_SWITCH_OK state=MODE_SWITCH_OK attempts=1 streak=0
[2026-09-14T10:44:14.915Z] batch=field-waveform-1789382546026-12 D2 MODE_SWITCH_START state=MODE_SWITCHING attempts=1 streak=0 attempt=1
[2026-09-14T10:44:14.917Z] batch=field-waveform-1789382546026-12 D2 MODE_SWITCH_OK state=MODE_SWITCH_OK attempts=1 streak=0
[2026-09-14T10:44:14.919Z] batch=field-waveform-1789382546026-12 D3 MODE_SWITCH_START state=MODE_SWITCHING attempts=1 streak=0 attempt=1
[2026-09-14T10:44:14.921Z] batch=field-waveform-1789382546026-12 D3 MODE_SWITCH_OK state=MODE_SWITCH_OK attempts=1 streak=0
[2026-09-14T10:44:14.923Z] batch=field-waveform-1789382546026-12 D5 MODE_SWITCH_START state=MODE_SWITCHING attempts=1 streak=0 attempt=1
[2026-09-14T10:44:14.924Z] batch=field-waveform-1789382546026-12 D5 MODE_SWITCH_OK state=MODE_SWITCH_OK attempts=1 streak=0
[2026-09-14T10:44:14.934Z] batch=field-waveform-1789382546026-12 D6 MODE_SWITCH_START state=MODE_SWITCHING attempts=1 streak=0 attempt=1
[2026-09-14T10:44:14.935Z] batch=field-waveform-1789382546026-12 D6 MODE_SWITCH_OK state=MODE_SWITCH_OK attempts=1 streak=0
[2026-09-14T10:44:14.939Z] batch=field-waveform-1789382546026-12 D1 MODE_SWITCH_START state=MODE_SWITCHING attempts=1 streak=0 attempt=1
[2026-09-14T10:44:14.940Z] batch=field-waveform-1789382546026-12 D1 MODE_SWITCH_OK state=MODE_SWITCH_OK attempts=1 streak=0
[2026-09-14T10:44:15.131Z] batch=field-waveform-1789382546026-12 D4 MODE_SWITCH_START state=MODE_SWITCHING attempts=1 streak=0 attempt=1
[2026-09-14T10:44:15.132Z] batch=field-waveform-1789382546026-12 D4 MODE_SWITCH_OK state=MODE_SWITCH_OK attempts=1 streak=0
[2026-09-14T10:44:20.063Z] batch=field-waveform-1789382546026-12 D2 FIRST_FRAME state=FIRST_FRAME_RECEIVED attempts=1 streak=1
[2026-09-14T10:44:20.064Z] batch=field-waveform-1789382546026-12 D2 FIRST_VALID_SAMPLE state=FIRST_FRAME_RECEIVED attempts=1 streak=1
[2026-09-14T10:44:20.066Z] batch=field-waveform-1789382546026-12 D1 FIRST_FRAME state=FIRST_FRAME_RECEIVED attempts=1 streak=1
[2026-09-14T10:44:20.066Z] batch=field-waveform-1789382546026-12 D1 FIRST_VALID_SAMPLE state=FIRST_FRAME_RECEIVED attempts=1 streak=1
[2026-09-14T10:44:20.067Z] batch=field-waveform-1789382546026-12 D3 FIRST_FRAME state=FIRST_FRAME_RECEIVED attempts=1 streak=1
[2026-09-14T10:44:20.067Z] batch=field-waveform-1789382546026-12 D3 FIRST_VALID_SAMPLE state=FIRST_FRAME_RECEIVED attempts=1 streak=1
[2026-09-14T10:44:20.068Z] batch=field-waveform-1789382546026-12 D5 FIRST_FRAME state=FIRST_FRAME_RECEIVED attempts=1 streak=1
[2026-09-14T10:44:20.068Z] batch=field-waveform-1789382546026-12 D5 FIRST_VALID_SAMPLE state=FIRST_FRAME_RECEIVED attempts=1 streak=1
[2026-09-14T10:44:20.301Z] batch=field-waveform-1789382546026-12 D4 FIRST_FRAME state=FIRST_FRAME_RECEIVED attempts=1 streak=1
[2026-09-14T10:44:20.302Z] batch=field-waveform-1789382546026-12 D4 FIRST_VALID_SAMPLE state=FIRST_FRAME_RECEIVED attempts=1 streak=1
[2026-09-14T10:44:20.303Z] batch=field-waveform-1789382546026-12 D3 CHANNEL_SYNC_OK state=TEST_READY attempts=1 streak=5
[2026-09-14T10:44:20.303Z] batch=field-waveform-1789382546026-12 D3 TEST_READY state=TEST_READY attempts=1 streak=5
[2026-09-14T10:44:20.304Z] batch=field-waveform-1789382546026-12 D5 CHANNEL_SYNC_OK state=TEST_READY attempts=1 streak=5
[2026-09-14T10:44:20.304Z] batch=field-waveform-1789382546026-12 D5 TEST_READY state=TEST_READY attempts=1 streak=5
[2026-09-14T10:44:20.305Z] batch=field-waveform-1789382546026-12 D2 CHANNEL_SYNC_OK state=TEST_READY attempts=1 streak=5
[2026-09-14T10:44:20.305Z] batch=field-waveform-1789382546026-12 D2 TEST_READY state=TEST_READY attempts=1 streak=5
[2026-09-14T10:44:20.306Z] batch=field-waveform-1789382546026-12 D1 CHANNEL_SYNC_OK state=TEST_READY attempts=1 streak=5
[2026-09-14T10:44:20.306Z] batch=field-waveform-1789382546026-12 D1 TEST_READY state=TEST_READY attempts=1 streak=5
[2026-09-14T10:44:20.552Z] batch=field-waveform-1789382546026-12 D4 CHANNEL_SYNC_OK state=TEST_READY attempts=1 streak=5
[2026-09-14T10:44:20.552Z] batch=field-waveform-1789382546026-12 D4 TEST_READY state=TEST_READY attempts=1 streak=5
[2026-09-14T10:44:25.133Z] batch=field-waveform-1789382546026-12 D6 MODE_SWITCH_START state=MODE_SWITCHING attempts=1 streak=0 attempt=1
[2026-09-14T10:44:25.136Z] batch=field-waveform-1789382546026-12 D6 MODE_SWITCH_OK state=MODE_SWITCH_OK attempts=1 streak=0
[2026-09-14T10:44:35.197Z] batch=field-waveform-1789382546026-12 D6 MODE_SWITCH_START state=MODE_SWITCHING attempts=1 streak=0 attempt=1
[2026-09-14T10:44:35.198Z] batch=field-waveform-1789382546026-12 D6 MODE_SWITCH_OK state=MODE_SWITCH_OK attempts=1 streak=0
[2026-09-14T10:44:45.411Z] batch=field-waveform-1789382546026-12 D6 MODE_SWITCH_START state=MODE_SWITCHING attempts=1 streak=0 attempt=1
[2026-09-14T10:44:45.413Z] batch=field-waveform-1789382546026-12 D6 MODE_SWITCH_OK state=MODE_SWITCH_OK attempts=1 streak=0
[2026-09-14T10:44:55.555Z] batch=field-waveform-1789382546026-12 D6 MODE_SWITCH_START state=MODE_SWITCHING attempts=1 streak=0 attempt=1
[2026-09-14T10:44:55.558Z] batch=field-waveform-1789382546026-12 D6 MODE_SWITCH_OK state=MODE_SWITCH_OK attempts=1 streak=0
[2026-09-14T10:45:05.370Z] batch=field-waveform-1789382546026-12 D2 MODE_SWITCH_START state=MODE_SWITCHING attempts=1 streak=0 attempt=1
[2026-09-14T10:45:05.371Z] batch=field-waveform-1789382546026-12 D2 MODE_SWITCH_OK state=MODE_SWITCH_OK attempts=1 streak=0
[2026-09-14T10:45:05.377Z] batch=field-waveform-1789382546026-12 D1 MODE_SWITCH_START state=MODE_SWITCHING attempts=1 streak=0 attempt=1
[2026-09-14T10:45:05.377Z] batch=field-waveform-1789382546026-12 D1 MODE_SWITCH_OK state=MODE_SWITCH_OK attempts=1 streak=0
[2026-09-14T10:45:05.387Z] batch=field-waveform-1789382546026-12 D5 MODE_SWITCH_START state=MODE_SWITCHING attempts=1 streak=0 attempt=1
[2026-09-14T10:45:05.388Z] batch=field-waveform-1789382546026-12 D5 MODE_SWITCH_OK state=MODE_SWITCH_OK attempts=1 streak=0
[2026-09-14T10:45:05.393Z] batch=field-waveform-1789382546026-12 D3 MODE_SWITCH_START state=MODE_SWITCHING attempts=1 streak=0 attempt=1
[2026-09-14T10:45:05.394Z] batch=field-waveform-1789382546026-12 D3 MODE_SWITCH_OK state=MODE_SWITCH_OK attempts=1 streak=0
[2026-09-14T10:45:05.400Z] batch=field-waveform-1789382546026-12 D4 MODE_SWITCH_START state=MODE_SWITCHING attempts=1 streak=0 attempt=1
[2026-09-14T10:45:05.401Z] batch=field-waveform-1789382546026-12 D4 MODE_SWITCH_OK state=MODE_SWITCH_OK attempts=1 streak=0
[2026-09-14T10:45:05.716Z] batch=field-waveform-1789382546026-12 D6 MODE_SWITCH_START state=MODE_SWITCHING attempts=1 streak=0 attempt=1
[2026-09-14T10:45:05.717Z] batch=field-waveform-1789382546026-12 D6 MODE_SWITCH_OK state=MODE_SWITCH_OK attempts=1 streak=0
[2026-09-14T10:45:10.652Z] batch=field-waveform-1789382710648-13 D1 MODE_SWITCH_START state=MODE_SWITCHING attempts=1 streak=0 attempt=1
[2026-09-14T10:45:10.655Z] batch=field-waveform-1789382710648-13 D2 MODE_SWITCH_START state=MODE_SWITCHING attempts=1 streak=0 attempt=1
[2026-09-14T10:45:10.656Z] batch=field-waveform-1789382710648-13 D3 MODE_SWITCH_START state=MODE_SWITCHING attempts=1 streak=0 attempt=1
[2026-09-14T10:45:10.658Z] batch=field-waveform-1789382710648-13 D4 MODE_SWITCH_START state=MODE_SWITCHING attempts=1 streak=0 attempt=1
[2026-09-14T10:45:10.659Z] batch=field-waveform-1789382710648-13 D5 MODE_SWITCH_START state=MODE_SWITCHING attempts=1 streak=0 attempt=1
[2026-09-14T10:45:10.660Z] batch=field-waveform-1789382710648-13 D6 MODE_SWITCH_START state=MODE_SWITCHING attempts=1 streak=0 attempt=1
[2026-09-14T10:45:10.663Z] batch=field-waveform-1789382710648-13 D1 MODE_SWITCH_OK state=MODE_SWITCH_OK attempts=1 streak=0
[2026-09-14T10:45:10.664Z] batch=field-waveform-1789382710648-13 D2 MODE_SWITCH_OK state=MODE_SWITCH_OK attempts=1 streak=0
[2026-09-14T10:45:10.665Z] batch=field-waveform-1789382710648-13 D3 MODE_SWITCH_OK state=MODE_SWITCH_OK attempts=1 streak=0
[2026-09-14T10:45:10.665Z] batch=field-waveform-1789382710648-13 D4 MODE_SWITCH_OK state=MODE_SWITCH_OK attempts=1 streak=0
[2026-09-14T10:45:10.666Z] batch=field-waveform-1789382710648-13 D5 MODE_SWITCH_OK state=MODE_SWITCH_OK attempts=1 streak=0
[2026-09-14T10:45:10.669Z] batch=field-waveform-1789382710648-13 D6 MODE_SWITCH_OK state=MODE_SWITCH_OK attempts=1 streak=0
[2026-09-14T10:45:15.378Z] batch=field-waveform-1789382710648-13 D2 MODE_SWITCH_START state=MODE_SWITCHING attempts=1 streak=0 attempt=1
[2026-09-14T10:45:15.379Z] batch=field-waveform-1789382710648-13 D2 MODE_SWITCH_OK state=MODE_SWITCH_OK attempts=1 streak=0
[2026-09-14T10:45:15.381Z] batch=field-waveform-1789382710648-13 D1 MODE_SWITCH_START state=MODE_SWITCHING attempts=1 streak=0 attempt=1
[2026-09-14T10:45:15.383Z] batch=field-waveform-1789382710648-13 D1 MODE_SWITCH_OK state=MODE_SWITCH_OK attempts=1 streak=0
[2026-09-14T10:45:15.394Z] batch=field-waveform-1789382710648-13 D5 MODE_SWITCH_START state=MODE_SWITCHING attempts=1 streak=0 attempt=1
[2026-09-14T10:45:15.395Z] batch=field-waveform-1789382710648-13 D5 MODE_SWITCH_OK state=MODE_SWITCH_OK attempts=1 streak=0
[2026-09-14T10:45:15.397Z] batch=field-waveform-1789382710648-13 D3 MODE_SWITCH_START state=MODE_SWITCHING attempts=1 streak=0 attempt=1
[2026-09-14T10:45:15.398Z] batch=field-waveform-1789382710648-13 D3 MODE_SWITCH_OK state=MODE_SWITCH_OK attempts=1 streak=0
[2026-09-14T10:45:15.409Z] batch=field-waveform-1789382710648-13 D4 MODE_SWITCH_START state=MODE_SWITCHING attempts=1 streak=0 attempt=1
[2026-09-14T10:45:15.410Z] batch=field-waveform-1789382710648-13 D4 MODE_SWITCH_OK state=MODE_SWITCH_OK attempts=1 streak=0
[2026-09-14T10:45:15.718Z] batch=field-waveform-1789382710648-13 D6 MODE_SWITCH_START state=MODE_SWITCHING attempts=1 streak=0 attempt=1
[2026-09-14T10:45:15.720Z] batch=field-waveform-1789382710648-13 D6 MODE_SWITCH_OK state=MODE_SWITCH_OK attempts=1 streak=0
[2026-09-14T10:45:25.396Z] batch=field-waveform-1789382710648-13 D2 MODE_SWITCH_START state=MODE_SWITCHING attempts=1 streak=0 attempt=1
[2026-09-14T10:45:25.399Z] batch=field-waveform-1789382710648-13 D2 MODE_SWITCH_OK state=MODE_SWITCH_OK attempts=1 streak=0
[2026-09-14T10:45:25.400Z] batch=field-waveform-1789382710648-13 D1 MODE_SWITCH_START state=MODE_SWITCHING attempts=1 streak=0 attempt=1
[2026-09-14T10:45:25.402Z] batch=field-waveform-1789382710648-13 D1 MODE_SWITCH_OK state=MODE_SWITCH_OK attempts=1 streak=0
[2026-09-14T10:45:25.403Z] batch=field-waveform-1789382710648-13 D5 MODE_SWITCH_START state=MODE_SWITCHING attempts=1 streak=0 attempt=1
[2026-09-14T10:45:25.405Z] batch=field-waveform-1789382710648-13 D5 MODE_SWITCH_OK state=MODE_SWITCH_OK attempts=1 streak=0
[2026-09-14T10:45:25.407Z] batch=field-waveform-1789382710648-13 D3 MODE_SWITCH_START state=MODE_SWITCHING attempts=1 streak=0 attempt=1
[2026-09-14T10:45:25.409Z] batch=field-waveform-1789382710648-13 D3 MODE_SWITCH_OK state=MODE_SWITCH_OK attempts=1 streak=0
[2026-09-14T10:45:25.414Z] batch=field-waveform-1789382710648-13 D4 MODE_SWITCH_START state=MODE_SWITCHING attempts=1 streak=0 attempt=1
[2026-09-14T10:45:25.415Z] batch=field-waveform-1789382710648-13 D4 MODE_SWITCH_OK state=MODE_SWITCH_OK attempts=1 streak=0
[2026-09-14T10:45:25.733Z] batch=field-waveform-1789382710648-13 D6 MODE_SWITCH_START state=MODE_SWITCHING attempts=1 streak=0 attempt=1
[2026-09-14T10:45:25.734Z] batch=field-waveform-1789382710648-13 D6 MODE_SWITCH_OK state=MODE_SWITCH_OK attempts=1 streak=0
[2026-09-14T10:45:35.401Z] batch=field-waveform-1789382710648-13 D2 MODE_SWITCH_START state=MODE_SWITCHING attempts=1 streak=0 attempt=1
[2026-09-14T10:45:35.404Z] batch=field-waveform-1789382710648-13 D2 MODE_SWITCH_OK state=MODE_SWITCH_OK attempts=1 streak=0
[2026-09-14T10:45:35.405Z] batch=field-waveform-1789382710648-13 D1 MODE_SWITCH_START state=MODE_SWITCHING attempts=1 streak=0 attempt=1
[2026-09-14T10:45:35.405Z] batch=field-waveform-1789382710648-13 D1 MODE_SWITCH_OK state=MODE_SWITCH_OK attempts=1 streak=0
[2026-09-14T10:45:35.407Z] batch=field-waveform-1789382710648-13 D5 MODE_SWITCH_START state=MODE_SWITCHING attempts=1 streak=0 attempt=1
[2026-09-14T10:45:35.407Z] batch=field-waveform-1789382710648-13 D5 MODE_SWITCH_OK state=MODE_SWITCH_OK attempts=1 streak=0
[2026-09-14T10:45:35.414Z] batch=field-waveform-1789382710648-13 D3 MODE_SWITCH_START state=MODE_SWITCHING attempts=1 streak=0 attempt=1
[2026-09-14T10:45:35.415Z] batch=field-waveform-1789382710648-13 D3 MODE_SWITCH_OK state=MODE_SWITCH_OK attempts=1 streak=0
[2026-09-14T10:45:35.416Z] batch=field-waveform-1789382710648-13 D4 MODE_SWITCH_START state=MODE_SWITCHING attempts=1 streak=0 attempt=1
[2026-09-14T10:45:35.417Z] batch=field-waveform-1789382710648-13 D4 MODE_SWITCH_OK state=MODE_SWITCH_OK attempts=1 streak=0
[2026-09-14T10:45:35.738Z] batch=field-waveform-1789382710648-13 D6 MODE_SWITCH_START state=MODE_SWITCHING attempts=1 streak=0 attempt=1
[2026-09-14T10:45:35.739Z] batch=field-waveform-1789382710648-13 D6 MODE_SWITCH_OK state=MODE_SWITCH_OK attempts=1 streak=0
[2026-09-14T10:45:40.455Z] batch=field-waveform-1789382710648-13 D5 FIRST_FRAME state=FIRST_FRAME_RECEIVED attempts=1 streak=1
[2026-09-14T10:45:40.457Z] batch=field-waveform-1789382710648-13 D5 FIRST_VALID_SAMPLE state=FIRST_FRAME_RECEIVED attempts=1 streak=1
[2026-09-14T10:45:40.461Z] batch=field-waveform-1789382710648-13 D1 FIRST_FRAME state=FIRST_FRAME_RECEIVED attempts=1 streak=1
[2026-09-14T10:45:40.461Z] batch=field-waveform-1789382710648-13 D1 FIRST_VALID_SAMPLE state=FIRST_FRAME_RECEIVED attempts=1 streak=1
[2026-09-14T10:45:40.467Z] batch=field-waveform-1789382710648-13 D4 FIRST_FRAME state=FIRST_FRAME_RECEIVED attempts=1 streak=1
[2026-09-14T10:45:40.468Z] batch=field-waveform-1789382710648-13 D4 FIRST_VALID_SAMPLE state=FIRST_FRAME_RECEIVED attempts=1 streak=1
[2026-09-14T10:45:40.469Z] batch=field-waveform-1789382710648-13 D2 FIRST_FRAME state=FIRST_FRAME_RECEIVED attempts=1 streak=1
[2026-09-14T10:45:40.470Z] batch=field-waveform-1789382710648-13 D2 FIRST_VALID_SAMPLE state=FIRST_FRAME_RECEIVED attempts=1 streak=1
[2026-09-14T10:45:40.476Z] batch=field-waveform-1789382710648-13 D3 FIRST_FRAME state=FIRST_FRAME_RECEIVED attempts=1 streak=1
[2026-09-14T10:45:40.477Z] batch=field-waveform-1789382710648-13 D3 FIRST_VALID_SAMPLE state=FIRST_FRAME_RECEIVED attempts=1 streak=1
[2026-09-14T10:45:40.709Z] batch=field-waveform-1789382710648-13 D5 CHANNEL_SYNC_OK state=TEST_READY attempts=1 streak=5
[2026-09-14T10:45:40.709Z] batch=field-waveform-1789382710648-13 D5 TEST_READY state=TEST_READY attempts=1 streak=5
[2026-09-14T10:45:40.714Z] batch=field-waveform-1789382710648-13 D1 CHANNEL_SYNC_OK state=TEST_READY attempts=1 streak=5
[2026-09-14T10:45:40.715Z] batch=field-waveform-1789382710648-13 D1 TEST_READY state=TEST_READY attempts=1 streak=5
[2026-09-14T10:45:40.716Z] batch=field-waveform-1789382710648-13 D4 CHANNEL_SYNC_OK state=TEST_READY attempts=1 streak=5
[2026-09-14T10:45:40.717Z] batch=field-waveform-1789382710648-13 D4 TEST_READY state=TEST_READY attempts=1 streak=5
[2026-09-14T10:45:40.718Z] batch=field-waveform-1789382710648-13 D2 CHANNEL_SYNC_OK state=TEST_READY attempts=1 streak=5
[2026-09-14T10:45:40.718Z] batch=field-waveform-1789382710648-13 D2 TEST_READY state=TEST_READY attempts=1 streak=5
[2026-09-14T10:45:40.724Z] batch=field-waveform-1789382710648-13 D3 CHANNEL_SYNC_OK state=TEST_READY attempts=1 streak=5
[2026-09-14T10:45:40.724Z] batch=field-waveform-1789382710648-13 D3 TEST_READY state=TEST_READY attempts=1 streak=5
[2026-09-14T10:45:40.807Z] batch=field-waveform-1789382710648-13 D6 FIRST_FRAME state=FIRST_FRAME_RECEIVED attempts=1 streak=1
[2026-09-14T10:45:40.808Z] batch=field-waveform-1789382710648-13 D6 FIRST_VALID_SAMPLE state=FIRST_FRAME_RECEIVED attempts=1 streak=1
[2026-09-14T10:45:41.048Z] batch=field-waveform-1789382710648-13 D6 CHANNEL_SYNC_OK state=TEST_READY attempts=1 streak=5
[2026-09-14T10:45:41.048Z] batch=field-waveform-1789382710648-13 D6 TEST_READY state=TEST_READY attempts=1 streak=5
[2026-09-14T10:45:51.903Z] batch=field-waveform-1789382710648-13 D5 MODE_SWITCH_START state=MODE_SWITCHING attempts=1 streak=0 attempt=1
[2026-09-14T10:45:51.906Z] batch=field-waveform-1789382710648-13 D5 MODE_SWITCH_OK state=MODE_SWITCH_OK attempts=1 streak=0
[2026-09-14T10:45:51.908Z] batch=field-waveform-1789382710648-13 D1 MODE_SWITCH_START state=MODE_SWITCHING attempts=1 streak=0 attempt=1
[2026-09-14T10:45:51.910Z] batch=field-waveform-1789382710648-13 D1 MODE_SWITCH_OK state=MODE_SWITCH_OK attempts=1 streak=0
[2026-09-14T10:45:51.912Z] batch=field-waveform-1789382710648-13 D4 MODE_SWITCH_START state=MODE_SWITCHING attempts=1 streak=0 attempt=1
[2026-09-14T10:45:51.912Z] batch=field-waveform-1789382710648-13 D4 MODE_SWITCH_OK state=MODE_SWITCH_OK attempts=1 streak=0
[2026-09-14T10:45:51.915Z] batch=field-waveform-1789382710648-13 D2 MODE_SWITCH_START state=MODE_SWITCHING attempts=1 streak=0 attempt=1
[2026-09-14T10:45:51.916Z] batch=field-waveform-1789382710648-13 D2 MODE_SWITCH_OK state=MODE_SWITCH_OK attempts=1 streak=0
[2026-09-14T10:45:52.009Z] batch=field-waveform-1789382710648-13 D6 MODE_SWITCH_START state=MODE_SWITCHING attempts=1 streak=0 attempt=1
[2026-09-14T10:45:52.010Z] batch=field-waveform-1789382710648-13 D6 MODE_SWITCH_OK state=MODE_SWITCH_OK attempts=1 streak=0
[2026-09-14T10:45:57.004Z] batch=field-waveform-1789382710648-13 D5 FIRST_FRAME state=FIRST_FRAME_RECEIVED attempts=1 streak=1
[2026-09-14T10:45:57.008Z] batch=field-waveform-1789382710648-13 D5 FIRST_VALID_SAMPLE state=FIRST_FRAME_RECEIVED attempts=1 streak=1
[2026-09-14T10:45:57.011Z] batch=field-waveform-1789382710648-13 D1 FIRST_FRAME state=FIRST_FRAME_RECEIVED attempts=1 streak=1
[2026-09-14T10:45:57.012Z] batch=field-waveform-1789382710648-13 D1 FIRST_VALID_SAMPLE state=FIRST_FRAME_RECEIVED attempts=1 streak=1
[2026-09-14T10:45:57.012Z] batch=field-waveform-1789382710648-13 D2 FIRST_FRAME state=FIRST_FRAME_RECEIVED attempts=1 streak=1
[2026-09-14T10:45:57.013Z] batch=field-waveform-1789382710648-13 D2 FIRST_VALID_SAMPLE state=FIRST_FRAME_RECEIVED attempts=1 streak=1
[2026-09-14T10:45:57.080Z] batch=field-waveform-1789382710648-13 D6 FIRST_FRAME state=FIRST_FRAME_RECEIVED attempts=1 streak=1
[2026-09-14T10:45:57.081Z] batch=field-waveform-1789382710648-13 D6 FIRST_VALID_SAMPLE state=FIRST_FRAME_RECEIVED attempts=1 streak=1
[2026-09-14T10:45:57.088Z] batch=field-waveform-1789382710648-13 D4 FIRST_FRAME state=FIRST_FRAME_RECEIVED attempts=1 streak=1
[2026-09-14T10:45:57.089Z] batch=field-waveform-1789382710648-13 D4 FIRST_VALID_SAMPLE state=FIRST_FRAME_RECEIVED attempts=1 streak=1
[2026-09-14T10:45:57.208Z] batch=field-waveform-1789382710648-13 D5 CHANNEL_SYNC_OK state=TEST_READY attempts=1 streak=5
[2026-09-14T10:45:57.208Z] batch=field-waveform-1789382710648-13 D5 TEST_READY state=TEST_READY attempts=1 streak=5
[2026-09-14T10:45:57.218Z] batch=field-waveform-1789382710648-13 D2 CHANNEL_SYNC_OK state=TEST_READY attempts=1 streak=5
[2026-09-14T10:45:57.218Z] batch=field-waveform-1789382710648-13 D2 TEST_READY state=TEST_READY attempts=1 streak=5
[2026-09-14T10:45:57.221Z] batch=field-waveform-1789382710648-13 D1 CHANNEL_SYNC_OK state=TEST_READY attempts=1 streak=5
[2026-09-14T10:45:57.221Z] batch=field-waveform-1789382710648-13 D1 TEST_READY state=TEST_READY attempts=1 streak=5
[2026-09-14T10:45:57.340Z] batch=field-waveform-1789382710648-13 D6 CHANNEL_SYNC_OK state=TEST_READY attempts=1 streak=5
[2026-09-14T10:45:57.341Z] batch=field-waveform-1789382710648-13 D6 TEST_READY state=TEST_READY attempts=1 streak=5
[2026-09-14T10:45:57.414Z] batch=field-waveform-1789382710648-13 D4 CHANNEL_SYNC_OK state=TEST_READY attempts=1 streak=5
[2026-09-14T10:45:57.415Z] batch=field-waveform-1789382710648-13 D4 TEST_READY state=TEST_READY attempts=1 streak=5
[2026-09-14T10:46:50.140Z] batch=field-waveform-1789382710648-13 D5 MODE_SWITCH_START state=MODE_SWITCHING attempts=1 streak=0 attempt=1
[2026-09-14T10:46:50.152Z] batch=field-waveform-1789382710648-13 D5 MODE_SWITCH_OK state=MODE_SWITCH_OK attempts=1 streak=0
[2026-09-14T10:46:50.159Z] batch=field-waveform-1789382710648-13 D3 MODE_SWITCH_START state=MODE_SWITCHING attempts=1 streak=0 attempt=1
[2026-09-14T10:46:50.163Z] batch=field-waveform-1789382710648-13 D3 MODE_SWITCH_OK state=MODE_SWITCH_OK attempts=1 streak=0
[2026-09-14T10:46:50.167Z] batch=field-waveform-1789382710648-13 D4 MODE_SWITCH_START state=MODE_SWITCHING attempts=1 streak=0 attempt=1
[2026-09-14T10:46:50.170Z] batch=field-waveform-1789382710648-13 D4 MODE_SWITCH_OK state=MODE_SWITCH_OK attempts=1 streak=0
[2026-09-14T10:46:50.179Z] batch=field-waveform-1789382710648-13 D1 MODE_SWITCH_START state=MODE_SWITCHING attempts=1 streak=0 attempt=1
[2026-09-14T10:46:50.182Z] batch=field-waveform-1789382710648-13 D1 MODE_SWITCH_OK state=MODE_SWITCH_OK attempts=1 streak=0
[2026-09-14T10:46:50.194Z] batch=field-waveform-1789382710648-13 D2 MODE_SWITCH_START state=MODE_SWITCHING attempts=1 streak=0 attempt=1
[2026-09-14T10:46:50.196Z] batch=field-waveform-1789382710648-13 D2 MODE_SWITCH_OK state=MODE_SWITCH_OK attempts=1 streak=0
[2026-09-14T10:46:50.201Z] batch=field-waveform-1789382710648-13 D6 MODE_SWITCH_START state=MODE_SWITCHING attempts=1 streak=0 attempt=1
[2026-09-14T10:46:50.202Z] batch=field-waveform-1789382710648-13 D6 MODE_SWITCH_OK state=MODE_SWITCH_OK attempts=1 streak=0
[2026-09-14T10:47:00.272Z] batch=field-waveform-1789382710648-13 D5 MODE_SWITCH_START state=MODE_SWITCHING attempts=1 streak=0 attempt=1
[2026-09-14T10:47:00.275Z] batch=field-waveform-1789382710648-13 D5 MODE_SWITCH_OK state=MODE_SWITCH_OK attempts=1 streak=0
[2026-09-14T10:47:00.278Z] batch=field-waveform-1789382710648-13 D3 MODE_SWITCH_START state=MODE_SWITCHING attempts=1 streak=0 attempt=1
[2026-09-14T10:47:00.285Z] batch=field-waveform-1789382710648-13 D3 MODE_SWITCH_OK state=MODE_SWITCH_OK attempts=1 streak=0
[2026-09-14T10:47:00.291Z] batch=field-waveform-1789382710648-13 D4 MODE_SWITCH_START state=MODE_SWITCHING attempts=1 streak=0 attempt=1
[2026-09-14T10:47:00.292Z] batch=field-waveform-1789382710648-13 D4 MODE_SWITCH_OK state=MODE_SWITCH_OK attempts=1 streak=0
[2026-09-14T10:47:00.295Z] batch=field-waveform-1789382710648-13 D1 MODE_SWITCH_START state=MODE_SWITCHING attempts=1 streak=0 attempt=1
[2026-09-14T10:47:00.299Z] batch=field-waveform-1789382710648-13 D1 MODE_SWITCH_OK state=MODE_SWITCH_OK attempts=1 streak=0
[2026-09-14T10:47:00.306Z] batch=field-waveform-1789382710648-13 D2 MODE_SWITCH_START state=MODE_SWITCHING attempts=1 streak=0 attempt=1
[2026-09-14T10:47:00.310Z] batch=field-waveform-1789382710648-13 D2 MODE_SWITCH_OK state=MODE_SWITCH_OK attempts=1 streak=0
[2026-09-14T10:47:00.316Z] batch=field-waveform-1789382710648-13 D6 MODE_SWITCH_START state=MODE_SWITCHING attempts=1 streak=0 attempt=1
[2026-09-14T10:47:00.320Z] batch=field-waveform-1789382710648-13 D6 MODE_SWITCH_OK state=MODE_SWITCH_OK attempts=1 streak=0
[2026-09-14T10:47:05.473Z] batch=field-waveform-1789382710648-13 D5 FIRST_FRAME state=FIRST_FRAME_RECEIVED attempts=1 streak=1
[2026-09-14T10:47:05.474Z] batch=field-waveform-1789382710648-13 D5 FIRST_VALID_SAMPLE state=FIRST_FRAME_RECEIVED attempts=1 streak=1
[2026-09-14T10:47:05.476Z] batch=field-waveform-1789382710648-13 D2 FIRST_FRAME state=FIRST_FRAME_RECEIVED attempts=1 streak=1
[2026-09-14T10:47:05.476Z] batch=field-waveform-1789382710648-13 D2 FIRST_VALID_SAMPLE state=FIRST_FRAME_RECEIVED attempts=1 streak=1
[2026-09-14T10:47:05.478Z] batch=field-waveform-1789382710648-13 D4 FIRST_FRAME state=FIRST_FRAME_RECEIVED attempts=1 streak=1
[2026-09-14T10:47:05.479Z] batch=field-waveform-1789382710648-13 D4 FIRST_VALID_SAMPLE state=FIRST_FRAME_RECEIVED attempts=1 streak=1
[2026-09-14T10:47:05.480Z] batch=field-waveform-1789382710648-13 D1 FIRST_FRAME state=FIRST_FRAME_RECEIVED attempts=1 streak=1
[2026-09-14T10:47:05.480Z] batch=field-waveform-1789382710648-13 D1 FIRST_VALID_SAMPLE state=FIRST_FRAME_RECEIVED attempts=1 streak=1
[2026-09-14T10:47:05.481Z] batch=field-waveform-1789382710648-13 D3 FIRST_FRAME state=FIRST_FRAME_RECEIVED attempts=1 streak=1
[2026-09-14T10:47:05.481Z] batch=field-waveform-1789382710648-13 D3 FIRST_VALID_SAMPLE state=FIRST_FRAME_RECEIVED attempts=1 streak=1
[2026-09-14T10:47:05.785Z] batch=field-waveform-1789382710648-13 D2 CHANNEL_SYNC_OK state=TEST_READY attempts=1 streak=5
[2026-09-14T10:47:05.786Z] batch=field-waveform-1789382710648-13 D2 TEST_READY state=TEST_READY attempts=1 streak=5
[2026-09-14T10:47:05.790Z] batch=field-waveform-1789382710648-13 D4 CHANNEL_SYNC_OK state=TEST_READY attempts=1 streak=5
[2026-09-14T10:47:05.791Z] batch=field-waveform-1789382710648-13 D4 TEST_READY state=TEST_READY attempts=1 streak=5
[2026-09-14T10:47:05.792Z] batch=field-waveform-1789382710648-13 D3 CHANNEL_SYNC_OK state=TEST_READY attempts=1 streak=5
[2026-09-14T10:47:05.793Z] batch=field-waveform-1789382710648-13 D3 TEST_READY state=TEST_READY attempts=1 streak=5
[2026-09-14T10:47:05.795Z] batch=field-waveform-1789382710648-13 D1 CHANNEL_SYNC_OK state=TEST_READY attempts=1 streak=5
[2026-09-14T10:47:05.796Z] batch=field-waveform-1789382710648-13 D1 TEST_READY state=TEST_READY attempts=1 streak=5
[2026-09-14T10:47:05.797Z] batch=field-waveform-1789382710648-13 D5 CHANNEL_SYNC_OK state=TEST_READY attempts=1 streak=5
[2026-09-14T10:47:05.797Z] batch=field-waveform-1789382710648-13 D5 TEST_READY state=TEST_READY attempts=1 streak=5
[2026-09-14T10:47:10.478Z] batch=field-waveform-1789382710648-13 D6 MODE_SWITCH_START state=MODE_SWITCHING attempts=1 streak=0 attempt=1
[2026-09-14T10:47:10.480Z] batch=field-waveform-1789382710648-13 D6 MODE_SWITCH_OK state=MODE_SWITCH_OK attempts=1 streak=0
[2026-09-14T10:47:20.629Z] batch=field-waveform-1789382710648-13 D6 MODE_SWITCH_START state=MODE_SWITCHING attempts=1 streak=0 attempt=1
[2026-09-14T10:47:20.633Z] batch=field-waveform-1789382710648-13 D6 MODE_SWITCH_OK state=MODE_SWITCH_OK attempts=1 streak=0
