[2026-09-14T02:52:16.697Z] batch=field-waveform-1789354336650-1 D1 POWER_ON state=COMMUNICATION_READY attempts=0 streak=0
[2026-09-14T02:52:16.698Z] batch=field-waveform-1789354336650-1 D1 RS485_RESPONSE state=COMMUNICATION_READY attempts=0 streak=0
[2026-09-14T02:52:16.701Z] batch=field-waveform-1789354336650-1 D2 POWER_ON state=COMMUNICATION_READY attempts=0 streak=0
[2026-09-14T02:52:16.701Z] batch=field-waveform-1789354336650-1 D2 RS485_RESPONSE state=COMMUNICATION_READY attempts=0 streak=0
[2026-09-14T02:52:16.703Z] batch=field-waveform-1789354336650-1 D4 POWER_ON state=COMMUNICATION_READY attempts=0 streak=0
[2026-09-14T02:52:16.703Z] batch=field-waveform-1789354336650-1 D4 RS485_RESPONSE state=COMMUNICATION_READY attempts=0 streak=0
[2026-09-14T02:52:16.705Z] batch=field-waveform-1789354336650-1 D5 POWER_ON state=COMMUNICATION_READY attempts=0 streak=0
[2026-09-14T02:52:16.705Z] batch=field-waveform-1789354336650-1 D5 RS485_RESPONSE state=COMMUNICATION_READY attempts=0 streak=0
[2026-09-14T02:52:16.707Z] batch=field-waveform-1789354336650-1 D6 POWER_ON state=COMMUNICATION_READY attempts=0 streak=0
[2026-09-14T02:52:16.707Z] batch=field-waveform-1789354336650-1 D6 RS485_RESPONSE state=COMMUNICATION_READY attempts=0 streak=0
[2026-09-14T02:52:17.472Z] batch=field-waveform-1789354336650-1 D1 MODE_SWITCH_START state=MODE_SWITCHING attempts=1 streak=0 attempt=1
[2026-09-14T02:52:17.479Z] batch=field-waveform-1789354336650-1 D2 MODE_SWITCH_START state=MODE_SWITCHING attempts=1 streak=0 attempt=1
[2026-09-14T02:52:17.517Z] batch=field-waveform-1789354336650-1 D4 MODE_SWITCH_START state=MODE_SWITCHING attempts=1 streak=0 attempt=1
[2026-09-14T02:52:17.539Z] batch=field-waveform-1789354336650-1 D5 MODE_SWITCH_START state=MODE_SWITCHING attempts=1 streak=0 attempt=1
[2026-09-14T02:52:17.546Z] batch=field-waveform-1789354336650-1 D6 MODE_SWITCH_START state=MODE_SWITCHING attempts=1 streak=0 attempt=1
[2026-09-14T02:52:17.572Z] batch=field-waveform-1789354336650-1 D1 MODE_SWITCH_OK state=MODE_SWITCH_OK attempts=1 streak=0
[2026-09-14T02:52:17.581Z] batch=field-waveform-1789354336650-1 D2 MODE_SWITCH_OK state=MODE_SWITCH_OK attempts=1 streak=0
[2026-09-14T02:52:17.583Z] batch=field-waveform-1789354336650-1 D4 MODE_SWITCH_OK state=MODE_SWITCH_OK attempts=1 streak=0
[2026-09-14T02:52:17.595Z] batch=field-waveform-1789354336650-1 D5 MODE_SWITCH_OK state=MODE_SWITCH_OK attempts=1 streak=0
[2026-09-14T02:52:17.607Z] batch=field-waveform-1789354336650-1 D6 MODE_SWITCH_OK state=MODE_SWITCH_OK attempts=1 streak=0
[2026-09-14T02:52:17.718Z] batch=field-waveform-1789354336650-1 D3 POWER_ON state=COMMUNICATION_READY attempts=0 streak=0
[2026-09-14T02:52:17.718Z] batch=field-waveform-1789354336650-1 D3 RS485_RESPONSE state=COMMUNICATION_READY attempts=0 streak=0
[2026-09-14T02:52:17.719Z] batch=field-waveform-1789354336650-1 D3 MODE_SWITCH_START state=MODE_SWITCHING attempts=1 streak=0 attempt=1
[2026-09-14T02:52:17.721Z] batch=field-waveform-1789354336650-1 D3 MODE_SWITCH_OK state=MODE_SWITCH_OK attempts=1 streak=0
[2026-09-14T02:52:27.573Z] batch=field-waveform-1789354336650-1 D1 MODE_SWITCH_START state=MODE_SWITCHING attempts=1 streak=0 attempt=1
[2026-09-14T02:52:27.576Z] batch=field-waveform-1789354336650-1 D1 MODE_SWITCH_OK state=MODE_SWITCH_OK attempts=1 streak=0
[2026-09-14T02:52:27.587Z] batch=field-waveform-1789354336650-1 D2 MODE_SWITCH_START state=MODE_SWITCHING attempts=1 streak=0 attempt=1
[2026-09-14T02:52:27.589Z] batch=field-waveform-1789354336650-1 D2 MODE_SWITCH_OK state=MODE_SWITCH_OK attempts=1 streak=0
[2026-09-14T02:52:27.592Z] batch=field-waveform-1789354336650-1 D4 MODE_SWITCH_START state=MODE_SWITCHING attempts=1 streak=0 attempt=1
[2026-09-14T02:52:27.594Z] batch=field-waveform-1789354336650-1 D4 MODE_SWITCH_OK state=MODE_SWITCH_OK attempts=1 streak=0
[2026-09-14T02:52:27.597Z] batch=field-waveform-1789354336650-1 D5 MODE_SWITCH_START state=MODE_SWITCHING attempts=1 streak=0 attempt=1
[2026-09-14T02:52:27.599Z] batch=field-waveform-1789354336650-1 D5 MODE_SWITCH_OK state=MODE_SWITCH_OK attempts=1 streak=0
[2026-09-14T02:52:27.619Z] batch=field-waveform-1789354336650-1 D6 MODE_SWITCH_START state=MODE_SWITCHING attempts=1 streak=0 attempt=1
[2026-09-14T02:52:27.622Z] batch=field-waveform-1789354336650-1 D6 MODE_SWITCH_OK state=MODE_SWITCH_OK attempts=1 streak=0
[2026-09-14T02:52:27.726Z] batch=field-waveform-1789354336650-1 D3 MODE_SWITCH_START state=MODE_SWITCHING attempts=1 streak=0 attempt=1
[2026-09-14T02:52:27.751Z] batch=field-waveform-1789354336650-1 D3 MODE_SWITCH_OK state=MODE_SWITCH_OK attempts=1 streak=0
[2026-09-14T02:52:37.584Z] batch=field-waveform-1789354336650-1 D1 MODE_SWITCH_START state=MODE_SWITCHING attempts=1 streak=0 attempt=1
[2026-09-14T02:52:37.587Z] batch=field-waveform-1789354336650-1 D1 MODE_SWITCH_OK state=MODE_SWITCH_OK attempts=1 streak=0
[2026-09-14T02:52:37.602Z] batch=field-waveform-1789354336650-1 D2 MODE_SWITCH_START state=MODE_SWITCHING attempts=1 streak=0 attempt=1
[2026-09-14T02:52:37.604Z] batch=field-waveform-1789354336650-1 D2 MODE_SWITCH_OK state=MODE_SWITCH_OK attempts=1 streak=0
[2026-09-14T02:52:37.605Z] batch=field-waveform-1789354336650-1 D4 MODE_SWITCH_START state=MODE_SWITCHING attempts=1 streak=0 attempt=1
[2026-09-14T02:52:37.609Z] batch=field-waveform-1789354336650-1 D4 MODE_SWITCH_OK state=MODE_SWITCH_OK attempts=1 streak=0
[2026-09-14T02:52:37.611Z] batch=field-waveform-1789354336650-1 D5 MODE_SWITCH_START state=MODE_SWITCHING attempts=1 streak=0 attempt=1
[2026-09-14T02:52:37.613Z] batch=field-waveform-1789354336650-1 D5 MODE_SWITCH_OK state=MODE_SWITCH_OK attempts=1 streak=0
[2026-09-14T02:52:37.634Z] batch=field-waveform-1789354336650-1 D6 MODE_SWITCH_START state=MODE_SWITCHING attempts=1 streak=0 attempt=1
[2026-09-14T02:52:37.636Z] batch=field-waveform-1789354336650-1 D6 MODE_SWITCH_OK state=MODE_SWITCH_OK attempts=1 streak=0
[2026-09-14T02:52:37.759Z] batch=field-waveform-1789354336650-1 D3 MODE_SWITCH_START state=MODE_SWITCHING attempts=1 streak=0 attempt=1
[2026-09-14T02:52:37.762Z] batch=field-waveform-1789354336650-1 D3 MODE_SWITCH_OK state=MODE_SWITCH_OK attempts=1 streak=0
[2026-09-14T02:52:47.599Z] batch=field-waveform-1789354336650-1 D1 MODE_SWITCH_START state=MODE_SWITCHING attempts=1 streak=0 attempt=1
[2026-09-14T02:52:47.602Z] batch=field-waveform-1789354336650-1 D1 MODE_SWITCH_OK state=MODE_SWITCH_OK attempts=1 streak=0
[2026-09-14T02:52:47.604Z] batch=field-waveform-1789354336650-1 D2 MODE_SWITCH_START state=MODE_SWITCHING attempts=1 streak=0 attempt=1
[2026-09-14T02:52:47.607Z] batch=field-waveform-1789354336650-1 D2 MODE_SWITCH_OK state=MODE_SWITCH_OK attempts=1 streak=0
[2026-09-14T02:52:47.609Z] batch=field-waveform-1789354336650-1 D4 MODE_SWITCH_START state=MODE_SWITCHING attempts=1 streak=0 attempt=1
[2026-09-14T02:52:47.610Z] batch=field-waveform-1789354336650-1 D4 MODE_SWITCH_OK state=MODE_SWITCH_OK attempts=1 streak=0
[2026-09-14T02:52:47.615Z] batch=field-waveform-1789354336650-1 D5 MODE_SWITCH_START state=MODE_SWITCHING attempts=1 streak=0 attempt=1
[2026-09-14T02:52:47.617Z] batch=field-waveform-1789354336650-1 D5 MODE_SWITCH_OK state=MODE_SWITCH_OK attempts=1 streak=0
[2026-09-14T02:52:47.645Z] batch=field-waveform-1789354336650-1 D6 MODE_SWITCH_START state=MODE_SWITCHING attempts=1 streak=0 attempt=1
[2026-09-14T02:52:47.648Z] batch=field-waveform-1789354336650-1 D6 MODE_SWITCH_OK state=MODE_SWITCH_OK attempts=1 streak=0
[2026-09-14T02:52:47.769Z] batch=field-waveform-1789354336650-1 D3 MODE_SWITCH_START state=MODE_SWITCHING attempts=1 streak=0 attempt=1
[2026-09-14T02:52:47.771Z] batch=field-waveform-1789354336650-1 D3 MODE_SWITCH_OK state=MODE_SWITCH_OK attempts=1 streak=0
[2026-09-14T02:52:57.617Z] batch=field-waveform-1789354336650-1 D1 MODE_SWITCH_START state=MODE_SWITCHING attempts=1 streak=0 attempt=1
[2026-09-14T02:52:57.620Z] batch=field-waveform-1789354336650-1 D1 MODE_SWITCH_OK state=MODE_SWITCH_OK attempts=1 streak=0
[2026-09-14T02:52:57.624Z] batch=field-waveform-1789354336650-1 D2 MODE_SWITCH_START state=MODE_SWITCHING attempts=1 streak=0 attempt=1
[2026-09-14T02:52:57.625Z] batch=field-waveform-1789354336650-1 D2 MODE_SWITCH_OK state=MODE_SWITCH_OK attempts=1 streak=0
[2026-09-14T02:52:57.629Z] batch=field-waveform-1789354336650-1 D4 MODE_SWITCH_START state=MODE_SWITCHING attempts=1 streak=0 attempt=1
[2026-09-14T02:52:57.635Z] batch=field-waveform-1789354336650-1 D4 MODE_SWITCH_OK state=MODE_SWITCH_OK attempts=1 streak=0
[2026-09-14T02:52:57.641Z] batch=field-waveform-1789354336650-1 D5 MODE_SWITCH_START state=MODE_SWITCHING attempts=1 streak=0 attempt=1
[2026-09-14T02:52:57.646Z] batch=field-waveform-1789354336650-1 D5 MODE_SWITCH_OK state=MODE_SWITCH_OK attempts=1 streak=0
[2026-09-14T02:52:57.649Z] batch=field-waveform-1789354336650-1 D6 MODE_SWITCH_START state=MODE_SWITCHING attempts=1 streak=0 attempt=1
[2026-09-14T02:52:57.650Z] batch=field-waveform-1789354336650-1 D6 MODE_SWITCH_OK state=MODE_SWITCH_OK attempts=1 streak=0
[2026-09-14T02:52:57.774Z] batch=field-waveform-1789354336650-1 D3 MODE_SWITCH_START state=MODE_SWITCHING attempts=1 streak=0 attempt=1
[2026-09-14T02:52:57.778Z] batch=field-waveform-1789354336650-1 D3 MODE_SWITCH_OK state=MODE_SWITCH_OK attempts=1 streak=0
[2026-09-14T02:53:07.623Z] batch=field-waveform-1789354336650-1 D1 MODE_SWITCH_START state=MODE_SWITCHING attempts=1 streak=0 attempt=1
[2026-09-14T02:53:07.624Z] batch=field-waveform-1789354336650-1 D1 MODE_SWITCH_OK state=MODE_SWITCH_OK attempts=1 streak=0
[2026-09-14T02:53:07.638Z] batch=field-waveform-1789354336650-1 D2 MODE_SWITCH_START state=MODE_SWITCHING attempts=1 streak=0 attempt=1
[2026-09-14T02:53:07.639Z] batch=field-waveform-1789354336650-1 D2 MODE_SWITCH_OK state=MODE_SWITCH_OK attempts=1 streak=0
[2026-09-14T02:53:07.640Z] batch=field-waveform-1789354336650-1 D4 MODE_SWITCH_START state=MODE_SWITCHING attempts=1 streak=0 attempt=1
[2026-09-14T02:53:07.641Z] batch=field-waveform-1789354336650-1 D4 MODE_SWITCH_OK state=MODE_SWITCH_OK attempts=1 streak=0
[2026-09-14T02:53:07.653Z] batch=field-waveform-1789354336650-1 D5 MODE_SWITCH_START state=MODE_SWITCHING attempts=1 streak=0 attempt=1
[2026-09-14T02:53:07.654Z] batch=field-waveform-1789354336650-1 D5 MODE_SWITCH_OK state=MODE_SWITCH_OK attempts=1 streak=0
[2026-09-14T02:53:07.655Z] batch=field-waveform-1789354336650-1 D6 MODE_SWITCH_START state=MODE_SWITCHING attempts=1 streak=0 attempt=1
[2026-09-14T02:53:07.656Z] batch=field-waveform-1789354336650-1 D6 MODE_SWITCH_OK state=MODE_SWITCH_OK attempts=1 streak=0
[2026-09-14T02:53:07.785Z] batch=field-waveform-1789354336650-1 D3 MODE_SWITCH_START state=MODE_SWITCHING attempts=1 streak=0 attempt=1
[2026-09-14T02:53:07.786Z] batch=field-waveform-1789354336650-1 D3 MODE_SWITCH_OK state=MODE_SWITCH_OK attempts=1 streak=0
[2026-09-14T02:53:17.638Z] batch=field-waveform-1789354336650-1 D1 MODE_SWITCH_START state=MODE_SWITCHING attempts=1 streak=0 attempt=1
[2026-09-14T02:53:17.640Z] batch=field-waveform-1789354336650-1 D1 MODE_SWITCH_OK state=MODE_SWITCH_OK attempts=1 streak=0
[2026-09-14T02:53:17.643Z] batch=field-waveform-1789354336650-1 D2 MODE_SWITCH_START state=MODE_SWITCHING attempts=1 streak=0 attempt=1
[2026-09-14T02:53:17.645Z] batch=field-waveform-1789354336650-1 D2 MODE_SWITCH_OK state=MODE_SWITCH_OK attempts=1 streak=0
[2026-09-14T02:53:17.646Z] batch=field-waveform-1789354336650-1 D4 MODE_SWITCH_START state=MODE_SWITCHING attempts=1 streak=0 attempt=1
[2026-09-14T02:53:17.648Z] batch=field-waveform-1789354336650-1 D4 MODE_SWITCH_OK state=MODE_SWITCH_OK attempts=1 streak=0
[2026-09-14T02:53:17.676Z] batch=field-waveform-1789354336650-1 D5 MODE_SWITCH_START state=MODE_SWITCHING attempts=1 streak=0 attempt=1
[2026-09-14T02:53:17.677Z] batch=field-waveform-1789354336650-1 D5 MODE_SWITCH_OK state=MODE_SWITCH_OK attempts=1 streak=0
[2026-09-14T02:53:17.678Z] batch=field-waveform-1789354336650-1 D6 MODE_SWITCH_START state=MODE_SWITCHING attempts=1 streak=0 attempt=1
[2026-09-14T02:53:17.679Z] batch=field-waveform-1789354336650-1 D6 MODE_SWITCH_OK state=MODE_SWITCH_OK attempts=1 streak=0
[2026-09-14T02:53:17.793Z] batch=field-waveform-1789354336650-1 D3 MODE_SWITCH_START state=MODE_SWITCHING attempts=1 streak=0 attempt=1
[2026-09-14T02:53:17.796Z] batch=field-waveform-1789354336650-1 D3 MODE_SWITCH_OK state=MODE_SWITCH_OK attempts=1 streak=0
[2026-09-14T02:53:23.082Z] batch=field-waveform-1789354336650-1 D6 FIRST_FRAME state=FIRST_FRAME_RECEIVED attempts=1 streak=1
[2026-09-14T02:53:23.082Z] batch=field-waveform-1789354336650-1 D6 FIRST_VALID_SAMPLE state=FIRST_FRAME_RECEIVED attempts=1 streak=1
[2026-09-14T02:53:23.084Z] batch=field-waveform-1789354336650-1 D1 FIRST_FRAME state=FIRST_FRAME_RECEIVED attempts=1 streak=1
[2026-09-14T02:53:23.084Z] batch=field-waveform-1789354336650-1 D1 FIRST_VALID_SAMPLE state=FIRST_FRAME_RECEIVED attempts=1 streak=1
[2026-09-14T02:53:23.096Z] batch=field-waveform-1789354336650-1 D5 FIRST_FRAME state=FIRST_FRAME_RECEIVED attempts=1 streak=1
[2026-09-14T02:53:23.096Z] batch=field-waveform-1789354336650-1 D5 FIRST_VALID_SAMPLE state=FIRST_FRAME_RECEIVED attempts=1 streak=1
[2026-09-14T02:53:23.098Z] batch=field-waveform-1789354336650-1 D2 FIRST_FRAME state=FIRST_FRAME_RECEIVED attempts=1 streak=1
[2026-09-14T02:53:23.098Z] batch=field-waveform-1789354336650-1 D2 FIRST_VALID_SAMPLE state=FIRST_FRAME_RECEIVED attempts=1 streak=1
[2026-09-14T02:53:23.102Z] batch=field-waveform-1789354336650-1 D3 FIRST_FRAME state=FIRST_FRAME_RECEIVED attempts=1 streak=1
[2026-09-14T02:53:23.103Z] batch=field-waveform-1789354336650-1 D3 FIRST_VALID_SAMPLE state=FIRST_FRAME_RECEIVED attempts=1 streak=1
[2026-09-14T02:53:23.108Z] batch=field-waveform-1789354336650-1 D4 FIRST_FRAME state=FIRST_FRAME_RECEIVED attempts=1 streak=1
[2026-09-14T02:53:23.108Z] batch=field-waveform-1789354336650-1 D4 FIRST_VALID_SAMPLE state=FIRST_FRAME_RECEIVED attempts=1 streak=1
[2026-09-14T02:53:23.326Z] batch=field-waveform-1789354336650-1 D6 CHANNEL_SYNC_OK state=TEST_READY attempts=1 streak=5
[2026-09-14T02:53:23.326Z] batch=field-waveform-1789354336650-1 D6 TEST_READY state=TEST_READY attempts=1 streak=5
[2026-09-14T02:53:23.330Z] batch=field-waveform-1789354336650-1 D1 CHANNEL_SYNC_OK state=TEST_READY attempts=1 streak=5
[2026-09-14T02:53:23.331Z] batch=field-waveform-1789354336650-1 D1 TEST_READY state=TEST_READY attempts=1 streak=5
[2026-09-14T02:53:23.349Z] batch=field-waveform-1789354336650-1 D2 CHANNEL_SYNC_OK state=TEST_READY attempts=1 streak=5
[2026-09-14T02:53:23.350Z] batch=field-waveform-1789354336650-1 D2 TEST_READY state=TEST_READY attempts=1 streak=5
[2026-09-14T02:53:23.352Z] batch=field-waveform-1789354336650-1 D5 CHANNEL_SYNC_OK state=TEST_READY attempts=1 streak=5
[2026-09-14T02:53:23.352Z] batch=field-waveform-1789354336650-1 D5 TEST_READY state=TEST_READY attempts=1 streak=5
[2026-09-14T02:53:23.359Z] batch=field-waveform-1789354336650-1 D3 CHANNEL_SYNC_OK state=TEST_READY attempts=1 streak=5
[2026-09-14T02:53:23.359Z] batch=field-waveform-1789354336650-1 D3 TEST_READY state=TEST_READY attempts=1 streak=5
[2026-09-14T02:53:23.362Z] batch=field-waveform-1789354336650-1 D4 CHANNEL_SYNC_OK state=TEST_READY attempts=1 streak=5
[2026-09-14T02:53:23.363Z] batch=field-waveform-1789354336650-1 D4 TEST_READY state=TEST_READY attempts=1 streak=5
[2026-09-14T02:54:27.713Z] batch=field-waveform-1789354336650-1 D5 MODE_SWITCH_START state=MODE_SWITCHING attempts=1 streak=0 attempt=1
[2026-09-14T02:54:27.717Z] batch=field-waveform-1789354336650-1 D5 MODE_SWITCH_OK state=MODE_SWITCH_OK attempts=1 streak=0
[2026-09-14T02:54:27.720Z] batch=field-waveform-1789354336650-1 D2 MODE_SWITCH_START state=MODE_SWITCHING attempts=1 streak=0 attempt=1
[2026-09-14T02:54:27.722Z] batch=field-waveform-1789354336650-1 D2 MODE_SWITCH_OK state=MODE_SWITCH_OK attempts=1 streak=0
[2026-09-14T02:54:27.725Z] batch=field-waveform-1789354336650-1 D4 MODE_SWITCH_START state=MODE_SWITCHING attempts=1 streak=0 attempt=1
[2026-09-14T02:54:27.727Z] batch=field-waveform-1789354336650-1 D4 MODE_SWITCH_OK state=MODE_SWITCH_OK attempts=1 streak=0
[2026-09-14T02:54:27.730Z] batch=field-waveform-1789354336650-1 D6 MODE_SWITCH_START state=MODE_SWITCHING attempts=1 streak=0 attempt=1
[2026-09-14T02:54:27.731Z] batch=field-waveform-1789354336650-1 D6 MODE_SWITCH_OK state=MODE_SWITCH_OK attempts=1 streak=0
[2026-09-14T02:54:27.734Z] batch=field-waveform-1789354336650-1 D3 MODE_SWITCH_START state=MODE_SWITCHING attempts=1 streak=0 attempt=1
[2026-09-14T02:54:27.736Z] batch=field-waveform-1789354336650-1 D3 MODE_SWITCH_OK state=MODE_SWITCH_OK attempts=1 streak=0
[2026-09-14T02:54:27.740Z] batch=field-waveform-1789354336650-1 D1 MODE_SWITCH_START state=MODE_SWITCHING attempts=1 streak=0 attempt=1
[2026-09-14T02:54:27.741Z] batch=field-waveform-1789354336650-1 D1 MODE_SWITCH_OK state=MODE_SWITCH_OK attempts=1 streak=0
[2026-09-14T02:54:28.358Z] batch=field-waveform-1789354336650-1 D2 FIRST_FRAME state=FIRST_FRAME_RECEIVED attempts=1 streak=1
[2026-09-14T02:54:28.358Z] batch=field-waveform-1789354336650-1 D2 FIRST_VALID_SAMPLE state=FIRST_FRAME_RECEIVED attempts=1 streak=1
[2026-09-14T02:54:37.827Z] batch=field-waveform-1789354336650-1 D5 MODE_SWITCH_START state=MODE_SWITCHING attempts=1 streak=0 attempt=1
[2026-09-14T02:54:37.832Z] batch=field-waveform-1789354336650-1 D5 MODE_SWITCH_OK state=MODE_SWITCH_OK attempts=1 streak=0
[2026-09-14T02:54:37.837Z] batch=field-waveform-1789354336650-1 D4 MODE_SWITCH_START state=MODE_SWITCHING attempts=1 streak=0 attempt=1
[2026-09-14T02:54:37.840Z] batch=field-waveform-1789354336650-1 D4 MODE_SWITCH_OK state=MODE_SWITCH_OK attempts=1 streak=0
[2026-09-14T02:54:37.845Z] batch=field-waveform-1789354336650-1 D6 MODE_SWITCH_START state=MODE_SWITCHING attempts=1 streak=0 attempt=1
[2026-09-14T02:54:37.847Z] batch=field-waveform-1789354336650-1 D6 MODE_SWITCH_OK state=MODE_SWITCH_OK attempts=1 streak=0
[2026-09-14T02:54:37.852Z] batch=field-waveform-1789354336650-1 D3 MODE_SWITCH_START state=MODE_SWITCHING attempts=1 streak=0 attempt=1
[2026-09-14T02:54:37.853Z] batch=field-waveform-1789354336650-1 D3 MODE_SWITCH_OK state=MODE_SWITCH_OK attempts=1 streak=0
[2026-09-14T02:54:37.857Z] batch=field-waveform-1789354336650-1 D1 MODE_SWITCH_START state=MODE_SWITCHING attempts=1 streak=0 attempt=1
[2026-09-14T02:54:37.860Z] batch=field-waveform-1789354336650-1 D1 MODE_SWITCH_OK state=MODE_SWITCH_OK attempts=1 streak=0
[2026-09-14T02:54:38.476Z] batch=field-waveform-1789354336650-1 D2 MODE_SWITCH_START state=MODE_SWITCHING attempts=1 streak=0 attempt=1
[2026-09-14T02:54:38.479Z] batch=field-waveform-1789354336650-1 D2 MODE_SWITCH_OK state=MODE_SWITCH_OK attempts=1 streak=0
[2026-09-14T02:54:43.001Z] batch=field-waveform-1789354336650-1 D5 FIRST_FRAME state=FIRST_FRAME_RECEIVED attempts=1 streak=1
[2026-09-14T02:54:43.001Z] batch=field-waveform-1789354336650-1 D5 FIRST_VALID_SAMPLE state=FIRST_FRAME_RECEIVED attempts=1 streak=1
[2026-09-14T02:54:43.005Z] batch=field-waveform-1789354336650-1 D6 FIRST_FRAME state=FIRST_FRAME_RECEIVED attempts=1 streak=1
[2026-09-14T02:54:43.005Z] batch=field-waveform-1789354336650-1 D6 FIRST_VALID_SAMPLE state=FIRST_FRAME_RECEIVED attempts=1 streak=1
[2026-09-14T02:54:43.009Z] batch=field-waveform-1789354336650-1 D4 FIRST_FRAME state=FIRST_FRAME_RECEIVED attempts=1 streak=1
[2026-09-14T02:54:43.009Z] batch=field-waveform-1789354336650-1 D4 FIRST_VALID_SAMPLE state=FIRST_FRAME_RECEIVED attempts=1 streak=1
[2026-09-14T02:54:43.011Z] batch=field-waveform-1789354336650-1 D3 FIRST_FRAME state=FIRST_FRAME_RECEIVED attempts=1 streak=1
[2026-09-14T02:54:43.011Z] batch=field-waveform-1789354336650-1 D3 FIRST_VALID_SAMPLE state=FIRST_FRAME_RECEIVED attempts=1 streak=1
[2026-09-14T02:54:43.094Z] batch=field-waveform-1789354336650-1 D1 FIRST_FRAME state=FIRST_FRAME_RECEIVED attempts=1 streak=1
[2026-09-14T02:54:43.095Z] batch=field-waveform-1789354336650-1 D1 FIRST_VALID_SAMPLE state=FIRST_FRAME_RECEIVED attempts=1 streak=1
[2026-09-14T02:54:43.178Z] batch=field-waveform-1789354336650-1 D5 CHANNEL_SYNC_OK state=TEST_READY attempts=1 streak=5
[2026-09-14T02:54:43.178Z] batch=field-waveform-1789354336650-1 D5 TEST_READY state=TEST_READY attempts=1 streak=5
[2026-09-14T02:54:43.344Z] batch=field-waveform-1789354336650-1 D6 CHANNEL_SYNC_OK state=TEST_READY attempts=1 streak=5
[2026-09-14T02:54:43.344Z] batch=field-waveform-1789354336650-1 D6 TEST_READY state=TEST_READY attempts=1 streak=5
[2026-09-14T02:54:43.350Z] batch=field-waveform-1789354336650-1 D4 CHANNEL_SYNC_OK state=TEST_READY attempts=1 streak=5
[2026-09-14T02:54:43.350Z] batch=field-waveform-1789354336650-1 D4 TEST_READY state=TEST_READY attempts=1 streak=5
[2026-09-14T02:54:43.353Z] batch=field-waveform-1789354336650-1 D3 CHANNEL_SYNC_OK state=TEST_READY attempts=1 streak=5
[2026-09-14T02:54:43.353Z] batch=field-waveform-1789354336650-1 D3 TEST_READY state=TEST_READY attempts=1 streak=5
[2026-09-14T02:54:43.356Z] batch=field-waveform-1789354336650-1 D1 CHANNEL_SYNC_OK state=TEST_READY attempts=1 streak=5
[2026-09-14T02:54:43.356Z] batch=field-waveform-1789354336650-1 D1 TEST_READY state=TEST_READY attempts=1 streak=5
[2026-09-14T02:54:43.617Z] batch=field-waveform-1789354336650-1 D2 FIRST_FRAME state=FIRST_FRAME_RECEIVED attempts=1 streak=1
[2026-09-14T02:54:43.618Z] batch=field-waveform-1789354336650-1 D2 FIRST_VALID_SAMPLE state=FIRST_FRAME_RECEIVED attempts=1 streak=1
[2026-09-14T02:54:43.862Z] batch=field-waveform-1789354336650-1 D2 CHANNEL_SYNC_OK state=TEST_READY attempts=1 streak=5
[2026-09-14T02:54:43.862Z] batch=field-waveform-1789354336650-1 D2 TEST_READY state=TEST_READY attempts=1 streak=5
[2026-09-14T02:55:09.579Z] batch=field-waveform-1789354336650-1 D4 MODE_SWITCH_START state=MODE_SWITCHING attempts=1 streak=0 attempt=1
[2026-09-14T02:55:09.582Z] batch=field-waveform-1789354336650-1 D4 MODE_SWITCH_OK state=MODE_SWITCH_OK attempts=1 streak=0
[2026-09-14T02:55:09.588Z] batch=field-waveform-1789354336650-1 D2 MODE_SWITCH_START state=MODE_SWITCHING attempts=1 streak=0 attempt=1
[2026-09-14T02:55:09.590Z] batch=field-waveform-1789354336650-1 D2 MODE_SWITCH_OK state=MODE_SWITCH_OK attempts=1 streak=0
[2026-09-14T02:55:09.594Z] batch=field-waveform-1789354336650-1 D3 MODE_SWITCH_START state=MODE_SWITCHING attempts=1 streak=0 attempt=1
[2026-09-14T02:55:09.596Z] batch=field-waveform-1789354336650-1 D3 MODE_SWITCH_OK state=MODE_SWITCH_OK attempts=1 streak=0
[2026-09-14T02:55:09.601Z] batch=field-waveform-1789354336650-1 D5 MODE_SWITCH_START state=MODE_SWITCHING attempts=1 streak=0 attempt=1
[2026-09-14T02:55:09.603Z] batch=field-waveform-1789354336650-1 D5 MODE_SWITCH_OK state=MODE_SWITCH_OK attempts=1 streak=0
[2026-09-14T02:55:09.610Z] batch=field-waveform-1789354336650-1 D1 MODE_SWITCH_START state=MODE_SWITCHING attempts=1 streak=0 attempt=1
[2026-09-14T02:55:09.612Z] batch=field-waveform-1789354336650-1 D1 MODE_SWITCH_OK state=MODE_SWITCH_OK attempts=1 streak=0
[2026-09-14T02:55:09.618Z] batch=field-waveform-1789354336650-1 D6 MODE_SWITCH_START state=MODE_SWITCHING attempts=1 streak=0 attempt=1
[2026-09-14T02:55:09.620Z] batch=field-waveform-1789354336650-1 D6 MODE_SWITCH_OK state=MODE_SWITCH_OK attempts=1 streak=0
