[2026-09-14T10:11:13.475Z] batch=field-waveform-1789380511292-3 D4 MODE_SWITCH_START state=MODE_SWITCHING attempts=1 streak=0 attempt=1
[2026-09-14T10:11:13.476Z] batch=field-waveform-1789380511292-3 D4 MODE_SWITCH_OK state=MODE_SWITCH_OK attempts=1 streak=0
[2026-09-14T10:11:13.481Z] batch=field-waveform-1789380511292-3 D3 MODE_SWITCH_START state=MODE_SWITCHING attempts=1 streak=0 attempt=1
[2026-09-14T10:11:13.482Z] batch=field-waveform-1789380511292-3 D3 MODE_SWITCH_OK state=MODE_SWITCH_OK attempts=1 streak=0
[2026-09-14T10:11:13.489Z] batch=field-waveform-1789380511292-3 D2 MODE_SWITCH_START state=MODE_SWITCHING attempts=1 streak=0 attempt=1
[2026-09-14T10:11:13.489Z] batch=field-waveform-1789380511292-3 D2 MODE_SWITCH_OK state=MODE_SWITCH_OK attempts=1 streak=0
[2026-09-14T10:11:13.494Z] batch=field-waveform-1789380511292-3 D6 MODE_SWITCH_START state=MODE_SWITCHING attempts=1 streak=0 attempt=1
[2026-09-14T10:11:13.495Z] batch=field-waveform-1789380511292-3 D6 MODE_SWITCH_OK state=MODE_SWITCH_OK attempts=1 streak=0
[2026-09-14T10:11:13.501Z] batch=field-waveform-1789380511292-3 D5 MODE_SWITCH_START state=MODE_SWITCHING attempts=1 streak=0 attempt=1
[2026-09-14T10:11:13.502Z] batch=field-waveform-1789380511292-3 D5 MODE_SWITCH_OK state=MODE_SWITCH_OK attempts=1 streak=0
[2026-09-14T10:11:13.506Z] batch=field-waveform-1789380511292-3 D1 MODE_SWITCH_START state=MODE_SWITCHING attempts=1 streak=0 attempt=1
[2026-09-14T10:11:13.507Z] batch=field-waveform-1789380511292-3 D1 MODE_SWITCH_OK state=MODE_SWITCH_OK attempts=1 streak=0
[2026-09-14T10:11:23.656Z] batch=field-waveform-1789380511292-3 D4 MODE_SWITCH_START state=MODE_SWITCHING attempts=1 streak=0 attempt=1
[2026-09-14T10:11:23.657Z] batch=field-waveform-1789380511292-3 D4 MODE_SWITCH_OK state=MODE_SWITCH_OK attempts=1 streak=0
[2026-09-14T10:11:23.662Z] batch=field-waveform-1789380511292-3 D3 MODE_SWITCH_START state=MODE_SWITCHING attempts=1 streak=0 attempt=1
[2026-09-14T10:11:23.663Z] batch=field-waveform-1789380511292-3 D3 MODE_SWITCH_OK state=MODE_SWITCH_OK attempts=1 streak=0
[2026-09-14T10:11:23.668Z] batch=field-waveform-1789380511292-3 D2 MODE_SWITCH_START state=MODE_SWITCHING attempts=1 streak=0 attempt=1
[2026-09-14T10:11:23.669Z] batch=field-waveform-1789380511292-3 D2 MODE_SWITCH_OK state=MODE_SWITCH_OK attempts=1 streak=0
[2026-09-14T10:11:23.679Z] batch=field-waveform-1789380511292-3 D6 MODE_SWITCH_START state=MODE_SWITCHING attempts=1 streak=0 attempt=1
[2026-09-14T10:11:23.679Z] batch=field-waveform-1789380511292-3 D6 MODE_SWITCH_OK state=MODE_SWITCH_OK attempts=1 streak=0
[2026-09-14T10:11:23.685Z] batch=field-waveform-1789380511292-3 D5 MODE_SWITCH_START state=MODE_SWITCHING attempts=1 streak=0 attempt=1
[2026-09-14T10:11:23.686Z] batch=field-waveform-1789380511292-3 D5 MODE_SWITCH_OK state=MODE_SWITCH_OK attempts=1 streak=0
[2026-09-14T10:11:23.692Z] batch=field-waveform-1789380511292-3 D1 MODE_SWITCH_START state=MODE_SWITCHING attempts=1 streak=0 attempt=1
[2026-09-14T10:11:23.692Z] batch=field-waveform-1789380511292-3 D1 MODE_SWITCH_OK state=MODE_SWITCH_OK attempts=1 streak=0
[2026-09-14T10:11:33.832Z] batch=field-waveform-1789380511292-3 D4 MODE_SWITCH_START state=MODE_SWITCHING attempts=1 streak=0 attempt=1
[2026-09-14T10:11:33.834Z] batch=field-waveform-1789380511292-3 D4 MODE_SWITCH_OK state=MODE_SWITCH_OK attempts=1 streak=0
[2026-09-14T10:11:33.839Z] batch=field-waveform-1789380511292-3 D3 MODE_SWITCH_START state=MODE_SWITCHING attempts=1 streak=0 attempt=1
[2026-09-14T10:11:33.840Z] batch=field-waveform-1789380511292-3 D3 MODE_SWITCH_OK state=MODE_SWITCH_OK attempts=1 streak=0
[2026-09-14T10:11:33.845Z] batch=field-waveform-1789380511292-3 D2 MODE_SWITCH_START state=MODE_SWITCHING attempts=1 streak=0 attempt=1
[2026-09-14T10:11:33.846Z] batch=field-waveform-1789380511292-3 D2 MODE_SWITCH_OK state=MODE_SWITCH_OK attempts=1 streak=0
[2026-09-14T10:11:33.853Z] batch=field-waveform-1789380511292-3 D6 MODE_SWITCH_START state=MODE_SWITCHING attempts=1 streak=0 attempt=1
[2026-09-14T10:11:33.854Z] batch=field-waveform-1789380511292-3 D6 MODE_SWITCH_OK state=MODE_SWITCH_OK attempts=1 streak=0
[2026-09-14T10:11:33.858Z] batch=field-waveform-1789380511292-3 D5 MODE_SWITCH_START state=MODE_SWITCHING attempts=1 streak=0 attempt=1
[2026-09-14T10:11:33.859Z] batch=field-waveform-1789380511292-3 D5 MODE_SWITCH_OK state=MODE_SWITCH_OK attempts=1 streak=0
[2026-09-14T10:11:33.865Z] batch=field-waveform-1789380511292-3 D1 MODE_SWITCH_START state=MODE_SWITCHING attempts=1 streak=0 attempt=1
[2026-09-14T10:11:33.866Z] batch=field-waveform-1789380511292-3 D1 MODE_SWITCH_OK state=MODE_SWITCH_OK attempts=1 streak=0
[2026-09-14T10:11:43.877Z] batch=field-waveform-1789380511292-3 D4 MODE_SWITCH_START state=MODE_SWITCHING attempts=1 streak=0 attempt=1
[2026-09-14T10:11:43.878Z] batch=field-waveform-1789380511292-3 D4 MODE_SWITCH_OK state=MODE_SWITCH_OK attempts=1 streak=0
[2026-09-14T10:11:43.883Z] batch=field-waveform-1789380511292-3 D3 MODE_SWITCH_START state=MODE_SWITCHING attempts=1 streak=0 attempt=1
[2026-09-14T10:11:43.884Z] batch=field-waveform-1789380511292-3 D3 MODE_SWITCH_OK state=MODE_SWITCH_OK attempts=1 streak=0
[2026-09-14T10:11:43.890Z] batch=field-waveform-1789380511292-3 D2 MODE_SWITCH_START state=MODE_SWITCHING attempts=1 streak=0 attempt=1
[2026-09-14T10:11:43.891Z] batch=field-waveform-1789380511292-3 D2 MODE_SWITCH_OK state=MODE_SWITCH_OK attempts=1 streak=0
[2026-09-14T10:11:43.896Z] batch=field-waveform-1789380511292-3 D6 MODE_SWITCH_START state=MODE_SWITCHING attempts=1 streak=0 attempt=1
[2026-09-14T10:11:43.897Z] batch=field-waveform-1789380511292-3 D6 MODE_SWITCH_OK state=MODE_SWITCH_OK attempts=1 streak=0
[2026-09-14T10:11:43.903Z] batch=field-waveform-1789380511292-3 D5 MODE_SWITCH_START state=MODE_SWITCHING attempts=1 streak=0 attempt=1
[2026-09-14T10:11:43.904Z] batch=field-waveform-1789380511292-3 D5 MODE_SWITCH_OK state=MODE_SWITCH_OK attempts=1 streak=0
[2026-09-14T10:11:43.909Z] batch=field-waveform-1789380511292-3 D1 MODE_SWITCH_START state=MODE_SWITCHING attempts=1 streak=0 attempt=1
[2026-09-14T10:11:43.910Z] batch=field-waveform-1789380511292-3 D1 MODE_SWITCH_OK state=MODE_SWITCH_OK attempts=1 streak=0
[2026-09-14T10:11:53.987Z] batch=field-waveform-1789380511292-3 D4 MODE_SWITCH_START state=MODE_SWITCHING attempts=1 streak=0 attempt=1
[2026-09-14T10:11:53.990Z] batch=field-waveform-1789380511292-3 D4 MODE_SWITCH_OK state=MODE_SWITCH_OK attempts=1 streak=0
[2026-09-14T10:11:54.002Z] batch=field-waveform-1789380511292-3 D3 MODE_SWITCH_START state=MODE_SWITCHING attempts=1 streak=0 attempt=1
[2026-09-14T10:11:54.003Z] batch=field-waveform-1789380511292-3 D3 MODE_SWITCH_OK state=MODE_SWITCH_OK attempts=1 streak=0
[2026-09-14T10:11:54.008Z] batch=field-waveform-1789380511292-3 D2 MODE_SWITCH_START state=MODE_SWITCHING attempts=1 streak=0 attempt=1
[2026-09-14T10:11:54.010Z] batch=field-waveform-1789380511292-3 D2 MODE_SWITCH_OK state=MODE_SWITCH_OK attempts=1 streak=0
[2026-09-14T10:11:54.016Z] batch=field-waveform-1789380511292-3 D6 MODE_SWITCH_START state=MODE_SWITCHING attempts=1 streak=0 attempt=1
[2026-09-14T10:11:54.017Z] batch=field-waveform-1789380511292-3 D6 MODE_SWITCH_OK state=MODE_SWITCH_OK attempts=1 streak=0
[2026-09-14T10:11:54.022Z] batch=field-waveform-1789380511292-3 D5 MODE_SWITCH_START state=MODE_SWITCHING attempts=1 streak=0 attempt=1
[2026-09-14T10:11:54.023Z] batch=field-waveform-1789380511292-3 D5 MODE_SWITCH_OK state=MODE_SWITCH_OK attempts=1 streak=0
[2026-09-14T10:11:54.030Z] batch=field-waveform-1789380511292-3 D1 MODE_SWITCH_START state=MODE_SWITCHING attempts=1 streak=0 attempt=1
[2026-09-14T10:11:54.032Z] batch=field-waveform-1789380511292-3 D1 MODE_SWITCH_OK state=MODE_SWITCH_OK attempts=1 streak=0
[2026-09-14T10:12:01.119Z] batch=field-waveform-1789380721117-4 D1 MODE_SWITCH_START state=MODE_SWITCHING attempts=1 streak=0 attempt=1
[2026-09-14T10:12:01.120Z] batch=field-waveform-1789380721117-4 D2 MODE_SWITCH_START state=MODE_SWITCHING attempts=1 streak=0 attempt=1
[2026-09-14T10:12:01.121Z] batch=field-waveform-1789380721117-4 D3 MODE_SWITCH_START state=MODE_SWITCHING attempts=1 streak=0 attempt=1
[2026-09-14T10:12:01.122Z] batch=field-waveform-1789380721117-4 D4 MODE_SWITCH_START state=MODE_SWITCHING attempts=1 streak=0 attempt=1
[2026-09-14T10:12:01.123Z] batch=field-waveform-1789380721117-4 D5 MODE_SWITCH_START state=MODE_SWITCHING attempts=1 streak=0 attempt=1
[2026-09-14T10:12:01.124Z] batch=field-waveform-1789380721117-4 D6 MODE_SWITCH_START state=MODE_SWITCHING attempts=1 streak=0 attempt=1
[2026-09-14T10:12:01.127Z] batch=field-waveform-1789380721117-4 D1 MODE_SWITCH_OK state=MODE_SWITCH_OK attempts=1 streak=0
[2026-09-14T10:12:01.128Z] batch=field-waveform-1789380721117-4 D2 MODE_SWITCH_OK state=MODE_SWITCH_OK attempts=1 streak=0
[2026-09-14T10:12:01.128Z] batch=field-waveform-1789380721117-4 D3 MODE_SWITCH_OK state=MODE_SWITCH_OK attempts=1 streak=0
[2026-09-14T10:12:01.128Z] batch=field-waveform-1789380721117-4 D4 MODE_SWITCH_OK state=MODE_SWITCH_OK attempts=1 streak=0
[2026-09-14T10:12:01.129Z] batch=field-waveform-1789380721117-4 D5 MODE_SWITCH_OK state=MODE_SWITCH_OK attempts=1 streak=0
[2026-09-14T10:12:01.129Z] batch=field-waveform-1789380721117-4 D6 MODE_SWITCH_OK state=MODE_SWITCH_OK attempts=1 streak=0
[2026-09-14T10:12:04.006Z] batch=field-waveform-1789380721117-4 D4 MODE_SWITCH_START state=MODE_SWITCHING attempts=1 streak=0 attempt=1
[2026-09-14T10:12:04.007Z] batch=field-waveform-1789380721117-4 D4 MODE_SWITCH_OK state=MODE_SWITCH_OK attempts=1 streak=0
[2026-09-14T10:12:04.009Z] batch=field-waveform-1789380721117-4 D3 MODE_SWITCH_START state=MODE_SWITCHING attempts=1 streak=0 attempt=1
[2026-09-14T10:12:04.010Z] batch=field-waveform-1789380721117-4 D3 MODE_SWITCH_OK state=MODE_SWITCH_OK attempts=1 streak=0
[2026-09-14T10:12:04.013Z] batch=field-waveform-1789380721117-4 D2 MODE_SWITCH_START state=MODE_SWITCHING attempts=1 streak=0 attempt=1
[2026-09-14T10:12:04.014Z] batch=field-waveform-1789380721117-4 D2 MODE_SWITCH_OK state=MODE_SWITCH_OK attempts=1 streak=0
[2026-09-14T10:12:04.018Z] batch=field-waveform-1789380721117-4 D6 MODE_SWITCH_START state=MODE_SWITCHING attempts=1 streak=0 attempt=1
[2026-09-14T10:12:04.020Z] batch=field-waveform-1789380721117-4 D6 MODE_SWITCH_OK state=MODE_SWITCH_OK attempts=1 streak=0
[2026-09-14T10:12:04.036Z] batch=field-waveform-1789380721117-4 D5 MODE_SWITCH_START state=MODE_SWITCHING attempts=1 streak=0 attempt=1
[2026-09-14T10:12:04.038Z] batch=field-waveform-1789380721117-4 D5 MODE_SWITCH_OK state=MODE_SWITCH_OK attempts=1 streak=0
[2026-09-14T10:12:04.039Z] batch=field-waveform-1789380721117-4 D1 MODE_SWITCH_START state=MODE_SWITCHING attempts=1 streak=0 attempt=1
[2026-09-14T10:12:04.041Z] batch=field-waveform-1789380721117-4 D1 MODE_SWITCH_OK state=MODE_SWITCH_OK attempts=1 streak=0
[2026-09-14T10:12:14.017Z] batch=field-waveform-1789380721117-4 D4 MODE_SWITCH_START state=MODE_SWITCHING attempts=1 streak=0 attempt=1
[2026-09-14T10:12:14.019Z] batch=field-waveform-1789380721117-4 D4 MODE_SWITCH_OK state=MODE_SWITCH_OK attempts=1 streak=0
[2026-09-14T10:12:14.020Z] batch=field-waveform-1789380721117-4 D3 MODE_SWITCH_START state=MODE_SWITCHING attempts=1 streak=0 attempt=1
[2026-09-14T10:12:14.021Z] batch=field-waveform-1789380721117-4 D3 MODE_SWITCH_OK state=MODE_SWITCH_OK attempts=1 streak=0
[2026-09-14T10:12:14.022Z] batch=field-waveform-1789380721117-4 D2 MODE_SWITCH_START state=MODE_SWITCHING attempts=1 streak=0 attempt=1
[2026-09-14T10:12:14.025Z] batch=field-waveform-1789380721117-4 D2 MODE_SWITCH_OK state=MODE_SWITCH_OK attempts=1 streak=0
[2026-09-14T10:12:14.028Z] batch=field-waveform-1789380721117-4 D6 MODE_SWITCH_START state=MODE_SWITCHING attempts=1 streak=0 attempt=1
[2026-09-14T10:12:14.030Z] batch=field-waveform-1789380721117-4 D6 MODE_SWITCH_OK state=MODE_SWITCH_OK attempts=1 streak=0
[2026-09-14T10:12:14.044Z] batch=field-waveform-1789380721117-4 D5 MODE_SWITCH_START state=MODE_SWITCHING attempts=1 streak=0 attempt=1
[2026-09-14T10:12:14.045Z] batch=field-waveform-1789380721117-4 D5 MODE_SWITCH_OK state=MODE_SWITCH_OK attempts=1 streak=0
[2026-09-14T10:12:14.046Z] batch=field-waveform-1789380721117-4 D1 MODE_SWITCH_START state=MODE_SWITCHING attempts=1 streak=0 attempt=1
[2026-09-14T10:12:14.051Z] batch=field-waveform-1789380721117-4 D1 MODE_SWITCH_OK state=MODE_SWITCH_OK attempts=1 streak=0
[2026-09-14T10:12:24.034Z] batch=field-waveform-1789380721117-4 D4 MODE_SWITCH_START state=MODE_SWITCHING attempts=1 streak=0 attempt=1
[2026-09-14T10:12:24.036Z] batch=field-waveform-1789380721117-4 D4 MODE_SWITCH_OK state=MODE_SWITCH_OK attempts=1 streak=0
[2026-09-14T10:12:24.036Z] batch=field-waveform-1789380721117-4 D3 MODE_SWITCH_START state=MODE_SWITCHING attempts=1 streak=0 attempt=1
[2026-09-14T10:12:24.038Z] batch=field-waveform-1789380721117-4 D3 MODE_SWITCH_OK state=MODE_SWITCH_OK attempts=1 streak=0
[2026-09-14T10:12:24.039Z] batch=field-waveform-1789380721117-4 D2 MODE_SWITCH_START state=MODE_SWITCHING attempts=1 streak=0 attempt=1
[2026-09-14T10:12:24.040Z] batch=field-waveform-1789380721117-4 D2 MODE_SWITCH_OK state=MODE_SWITCH_OK attempts=1 streak=0
[2026-09-14T10:12:24.042Z] batch=field-waveform-1789380721117-4 D6 MODE_SWITCH_START state=MODE_SWITCHING attempts=1 streak=0 attempt=1
[2026-09-14T10:12:24.043Z] batch=field-waveform-1789380721117-4 D6 MODE_SWITCH_OK state=MODE_SWITCH_OK attempts=1 streak=0
[2026-09-14T10:12:24.045Z] batch=field-waveform-1789380721117-4 D5 MODE_SWITCH_START state=MODE_SWITCHING attempts=1 streak=0 attempt=1
[2026-09-14T10:12:24.048Z] batch=field-waveform-1789380721117-4 D5 MODE_SWITCH_OK state=MODE_SWITCH_OK attempts=1 streak=0
[2026-09-14T10:12:24.052Z] batch=field-waveform-1789380721117-4 D1 MODE_SWITCH_START state=MODE_SWITCHING attempts=1 streak=0 attempt=1
[2026-09-14T10:12:24.053Z] batch=field-waveform-1789380721117-4 D1 MODE_SWITCH_OK state=MODE_SWITCH_OK attempts=1 streak=0
[2026-09-14T10:12:29.092Z] batch=field-waveform-1789380721117-4 D6 FIRST_FRAME state=FIRST_FRAME_RECEIVED attempts=1 streak=1
[2026-09-14T10:12:29.093Z] batch=field-waveform-1789380721117-4 D6 FIRST_VALID_SAMPLE state=FIRST_FRAME_RECEIVED attempts=1 streak=1
[2026-09-14T10:12:29.094Z] batch=field-waveform-1789380721117-4 D2 FIRST_FRAME state=FIRST_FRAME_RECEIVED attempts=1 streak=1
[2026-09-14T10:12:29.095Z] batch=field-waveform-1789380721117-4 D2 FIRST_VALID_SAMPLE state=FIRST_FRAME_RECEIVED attempts=1 streak=1
[2026-09-14T10:12:29.096Z] batch=field-waveform-1789380721117-4 D5 FIRST_FRAME state=FIRST_FRAME_RECEIVED attempts=1 streak=1
[2026-09-14T10:12:29.097Z] batch=field-waveform-1789380721117-4 D5 FIRST_VALID_SAMPLE state=FIRST_FRAME_RECEIVED attempts=1 streak=1
[2026-09-14T10:12:29.099Z] batch=field-waveform-1789380721117-4 D1 FIRST_FRAME state=FIRST_FRAME_RECEIVED attempts=1 streak=1
[2026-09-14T10:12:29.099Z] batch=field-waveform-1789380721117-4 D1 FIRST_VALID_SAMPLE state=FIRST_FRAME_RECEIVED attempts=1 streak=1
[2026-09-14T10:12:29.106Z] batch=field-waveform-1789380721117-4 D4 FIRST_FRAME state=FIRST_FRAME_RECEIVED attempts=1 streak=1
[2026-09-14T10:12:29.106Z] batch=field-waveform-1789380721117-4 D4 FIRST_VALID_SAMPLE state=FIRST_FRAME_RECEIVED attempts=1 streak=1
[2026-09-14T10:12:29.126Z] batch=field-waveform-1789380721117-4 D3 FIRST_FRAME state=FIRST_FRAME_RECEIVED attempts=1 streak=1
[2026-09-14T10:12:29.127Z] batch=field-waveform-1789380721117-4 D3 FIRST_VALID_SAMPLE state=FIRST_FRAME_RECEIVED attempts=1 streak=1
[2026-09-14T10:12:29.332Z] batch=field-waveform-1789380721117-4 D5 CHANNEL_SYNC_OK state=TEST_READY attempts=1 streak=5
[2026-09-14T10:12:29.332Z] batch=field-waveform-1789380721117-4 D5 TEST_READY state=TEST_READY attempts=1 streak=5
[2026-09-14T10:12:29.333Z] batch=field-waveform-1789380721117-4 D2 CHANNEL_SYNC_OK state=TEST_READY attempts=1 streak=5
[2026-09-14T10:12:29.333Z] batch=field-waveform-1789380721117-4 D2 TEST_READY state=TEST_READY attempts=1 streak=5
[2026-09-14T10:12:29.338Z] batch=field-waveform-1789380721117-4 D6 CHANNEL_SYNC_OK state=TEST_READY attempts=1 streak=5
[2026-09-14T10:12:29.338Z] batch=field-waveform-1789380721117-4 D6 TEST_READY state=TEST_READY attempts=1 streak=5
[2026-09-14T10:12:29.349Z] batch=field-waveform-1789380721117-4 D1 CHANNEL_SYNC_OK state=TEST_READY attempts=1 streak=5
[2026-09-14T10:12:29.350Z] batch=field-waveform-1789380721117-4 D1 TEST_READY state=TEST_READY attempts=1 streak=5
[2026-09-14T10:12:29.354Z] batch=field-waveform-1789380721117-4 D4 CHANNEL_SYNC_OK state=TEST_READY attempts=1 streak=5
[2026-09-14T10:12:29.354Z] batch=field-waveform-1789380721117-4 D4 TEST_READY state=TEST_READY attempts=1 streak=5
[2026-09-14T10:12:29.386Z] batch=field-waveform-1789380721117-4 D3 CHANNEL_SYNC_OK state=TEST_READY attempts=1 streak=5
[2026-09-14T10:12:29.387Z] batch=field-waveform-1789380721117-4 D3 TEST_READY state=TEST_READY attempts=1 streak=5
[2026-09-14T10:12:40.252Z] batch=field-waveform-1789380721117-4 D3 MODE_SWITCH_START state=MODE_SWITCHING attempts=1 streak=0 attempt=1
[2026-09-14T10:12:40.255Z] batch=field-waveform-1789380721117-4 D3 MODE_SWITCH_OK state=MODE_SWITCH_OK attempts=1 streak=0
[2026-09-14T10:12:40.288Z] batch=field-waveform-1789380721117-4 D6 MODE_SWITCH_START state=MODE_SWITCHING attempts=1 streak=0 attempt=1
[2026-09-14T10:12:40.289Z] batch=field-waveform-1789380721117-4 D6 MODE_SWITCH_OK state=MODE_SWITCH_OK attempts=1 streak=0
[2026-09-14T10:12:40.291Z] batch=field-waveform-1789380721117-4 D2 MODE_SWITCH_START state=MODE_SWITCHING attempts=1 streak=0 attempt=1
[2026-09-14T10:12:40.293Z] batch=field-waveform-1789380721117-4 D2 MODE_SWITCH_OK state=MODE_SWITCH_OK attempts=1 streak=0
[2026-09-14T10:12:40.294Z] batch=field-waveform-1789380721117-4 D5 MODE_SWITCH_START state=MODE_SWITCHING attempts=1 streak=0 attempt=1
[2026-09-14T10:12:40.296Z] batch=field-waveform-1789380721117-4 D5 MODE_SWITCH_OK state=MODE_SWITCH_OK attempts=1 streak=0
[2026-09-14T10:12:40.297Z] batch=field-waveform-1789380721117-4 D1 MODE_SWITCH_START state=MODE_SWITCHING attempts=1 streak=0 attempt=1
[2026-09-14T10:12:40.299Z] batch=field-waveform-1789380721117-4 D1 MODE_SWITCH_OK state=MODE_SWITCH_OK attempts=1 streak=0
[2026-09-14T10:12:45.399Z] batch=field-waveform-1789380721117-4 D6 FIRST_FRAME state=FIRST_FRAME_RECEIVED attempts=1 streak=1
[2026-09-14T10:12:45.400Z] batch=field-waveform-1789380721117-4 D6 FIRST_VALID_SAMPLE state=FIRST_FRAME_RECEIVED attempts=1 streak=1
[2026-09-14T10:12:45.401Z] batch=field-waveform-1789380721117-4 D2 FIRST_FRAME state=FIRST_FRAME_RECEIVED attempts=1 streak=1
[2026-09-14T10:12:45.401Z] batch=field-waveform-1789380721117-4 D2 FIRST_VALID_SAMPLE state=FIRST_FRAME_RECEIVED attempts=1 streak=1
[2026-09-14T10:12:45.403Z] batch=field-waveform-1789380721117-4 D5 FIRST_FRAME state=FIRST_FRAME_RECEIVED attempts=1 streak=1
[2026-09-14T10:12:45.404Z] batch=field-waveform-1789380721117-4 D5 FIRST_VALID_SAMPLE state=FIRST_FRAME_RECEIVED attempts=1 streak=1
[2026-09-14T10:12:45.429Z] batch=field-waveform-1789380721117-4 D1 FIRST_FRAME state=FIRST_FRAME_RECEIVED attempts=1 streak=1
[2026-09-14T10:12:45.429Z] batch=field-waveform-1789380721117-4 D1 FIRST_VALID_SAMPLE state=FIRST_FRAME_RECEIVED attempts=1 streak=1
[2026-09-14T10:12:45.444Z] batch=field-waveform-1789380721117-4 D3 FIRST_FRAME state=FIRST_FRAME_RECEIVED attempts=1 streak=1
[2026-09-14T10:12:45.445Z] batch=field-waveform-1789380721117-4 D3 FIRST_VALID_SAMPLE state=FIRST_FRAME_RECEIVED attempts=1 streak=1
[2026-09-14T10:12:45.685Z] batch=field-waveform-1789380721117-4 D6 CHANNEL_SYNC_OK state=TEST_READY attempts=1 streak=5
[2026-09-14T10:12:45.685Z] batch=field-waveform-1789380721117-4 D6 TEST_READY state=TEST_READY attempts=1 streak=5
[2026-09-14T10:12:45.688Z] batch=field-waveform-1789380721117-4 D5 CHANNEL_SYNC_OK state=TEST_READY attempts=1 streak=5
[2026-09-14T10:12:45.688Z] batch=field-waveform-1789380721117-4 D5 TEST_READY state=TEST_READY attempts=1 streak=5
[2026-09-14T10:12:45.690Z] batch=field-waveform-1789380721117-4 D2 CHANNEL_SYNC_OK state=TEST_READY attempts=1 streak=5
[2026-09-14T10:12:45.690Z] batch=field-waveform-1789380721117-4 D2 TEST_READY state=TEST_READY attempts=1 streak=5
[2026-09-14T10:12:45.692Z] batch=field-waveform-1789380721117-4 D1 CHANNEL_SYNC_OK state=TEST_READY attempts=1 streak=5
[2026-09-14T10:12:45.692Z] batch=field-waveform-1789380721117-4 D1 TEST_READY state=TEST_READY attempts=1 streak=5
[2026-09-14T10:12:45.693Z] batch=field-waveform-1789380721117-4 D3 CHANNEL_SYNC_OK state=TEST_READY attempts=1 streak=5
[2026-09-14T10:12:45.694Z] batch=field-waveform-1789380721117-4 D3 TEST_READY state=TEST_READY attempts=1 streak=5
[2026-09-14T10:13:39.425Z] batch=field-waveform-1789380721117-4 D3 MODE_SWITCH_START state=MODE_SWITCHING attempts=1 streak=0 attempt=1
[2026-09-14T10:13:39.427Z] batch=field-waveform-1789380721117-4 D3 MODE_SWITCH_OK state=MODE_SWITCH_OK attempts=1 streak=0
[2026-09-14T10:13:39.509Z] batch=field-waveform-1789380721117-4 D4 MODE_SWITCH_START state=MODE_SWITCHING attempts=1 streak=0 attempt=1
[2026-09-14T10:13:39.511Z] batch=field-waveform-1789380721117-4 D4 MODE_SWITCH_OK state=MODE_SWITCH_OK attempts=1 streak=0
[2026-09-14T10:13:39.515Z] batch=field-waveform-1789380721117-4 D1 MODE_SWITCH_START state=MODE_SWITCHING attempts=1 streak=0 attempt=1
[2026-09-14T10:13:39.516Z] batch=field-waveform-1789380721117-4 D1 MODE_SWITCH_OK state=MODE_SWITCH_OK attempts=1 streak=0
[2026-09-14T10:13:39.521Z] batch=field-waveform-1789380721117-4 D6 MODE_SWITCH_START state=MODE_SWITCHING attempts=1 streak=0 attempt=1
[2026-09-14T10:13:39.522Z] batch=field-waveform-1789380721117-4 D6 MODE_SWITCH_OK state=MODE_SWITCH_OK attempts=1 streak=0
[2026-09-14T10:13:39.525Z] batch=field-waveform-1789380721117-4 D2 MODE_SWITCH_START state=MODE_SWITCHING attempts=1 streak=0 attempt=1
[2026-09-14T10:13:39.525Z] batch=field-waveform-1789380721117-4 D2 MODE_SWITCH_OK state=MODE_SWITCH_OK attempts=1 streak=0
[2026-09-14T10:13:39.529Z] batch=field-waveform-1789380721117-4 D5 MODE_SWITCH_START state=MODE_SWITCHING attempts=1 streak=0 attempt=1
[2026-09-14T10:13:39.529Z] batch=field-waveform-1789380721117-4 D5 MODE_SWITCH_OK state=MODE_SWITCH_OK attempts=1 streak=0
[2026-09-14T10:13:49.491Z] batch=field-waveform-1789380721117-4 D3 MODE_SWITCH_START state=MODE_SWITCHING attempts=1 streak=0 attempt=1
[2026-09-14T10:13:49.493Z] batch=field-waveform-1789380721117-4 D3 MODE_SWITCH_OK state=MODE_SWITCH_OK attempts=1 streak=0
[2026-09-14T10:13:49.612Z] batch=field-waveform-1789380721117-4 D4 MODE_SWITCH_START state=MODE_SWITCHING attempts=1 streak=0 attempt=1
[2026-09-14T10:13:49.613Z] batch=field-waveform-1789380721117-4 D4 MODE_SWITCH_OK state=MODE_SWITCH_OK attempts=1 streak=0
[2026-09-14T10:13:49.616Z] batch=field-waveform-1789380721117-4 D1 MODE_SWITCH_START state=MODE_SWITCHING attempts=1 streak=0 attempt=1
[2026-09-14T10:13:49.617Z] batch=field-waveform-1789380721117-4 D1 MODE_SWITCH_OK state=MODE_SWITCH_OK attempts=1 streak=0
[2026-09-14T10:13:49.619Z] batch=field-waveform-1789380721117-4 D6 MODE_SWITCH_START state=MODE_SWITCHING attempts=1 streak=0 attempt=1
[2026-09-14T10:13:49.620Z] batch=field-waveform-1789380721117-4 D6 MODE_SWITCH_OK state=MODE_SWITCH_OK attempts=1 streak=0
[2026-09-14T10:13:49.623Z] batch=field-waveform-1789380721117-4 D2 MODE_SWITCH_START state=MODE_SWITCHING attempts=1 streak=0 attempt=1
[2026-09-14T10:13:49.623Z] batch=field-waveform-1789380721117-4 D2 MODE_SWITCH_OK state=MODE_SWITCH_OK attempts=1 streak=0
[2026-09-14T10:13:49.629Z] batch=field-waveform-1789380721117-4 D5 MODE_SWITCH_START state=MODE_SWITCHING attempts=1 streak=0 attempt=1
[2026-09-14T10:13:49.630Z] batch=field-waveform-1789380721117-4 D5 MODE_SWITCH_OK state=MODE_SWITCH_OK attempts=1 streak=0
[2026-09-14T10:13:54.587Z] batch=field-waveform-1789380721117-4 D3 FIRST_FRAME state=FIRST_FRAME_RECEIVED attempts=1 streak=1
[2026-09-14T10:13:54.587Z] batch=field-waveform-1789380721117-4 D3 FIRST_VALID_SAMPLE state=FIRST_FRAME_RECEIVED attempts=1 streak=1
[2026-09-14T10:13:54.740Z] batch=field-waveform-1789380721117-4 D6 FIRST_FRAME state=FIRST_FRAME_RECEIVED attempts=1 streak=1
[2026-09-14T10:13:54.740Z] batch=field-waveform-1789380721117-4 D6 FIRST_VALID_SAMPLE state=FIRST_FRAME_RECEIVED attempts=1 streak=1
[2026-09-14T10:13:54.743Z] batch=field-waveform-1789380721117-4 D2 FIRST_FRAME state=FIRST_FRAME_RECEIVED attempts=1 streak=1
[2026-09-14T10:13:54.743Z] batch=field-waveform-1789380721117-4 D2 FIRST_VALID_SAMPLE state=FIRST_FRAME_RECEIVED attempts=1 streak=1
[2026-09-14T10:13:54.744Z] batch=field-waveform-1789380721117-4 D4 FIRST_FRAME state=FIRST_FRAME_RECEIVED attempts=1 streak=1
[2026-09-14T10:13:54.744Z] batch=field-waveform-1789380721117-4 D4 FIRST_VALID_SAMPLE state=FIRST_FRAME_RECEIVED attempts=1 streak=1
[2026-09-14T10:13:54.746Z] batch=field-waveform-1789380721117-4 D5 FIRST_FRAME state=FIRST_FRAME_RECEIVED attempts=1 streak=1
[2026-09-14T10:13:54.747Z] batch=field-waveform-1789380721117-4 D5 FIRST_VALID_SAMPLE state=FIRST_FRAME_RECEIVED attempts=1 streak=1
[2026-09-14T10:13:54.872Z] batch=field-waveform-1789380721117-4 D3 CHANNEL_SYNC_OK state=TEST_READY attempts=1 streak=5
[2026-09-14T10:13:54.872Z] batch=field-waveform-1789380721117-4 D3 TEST_READY state=TEST_READY attempts=1 streak=5
[2026-09-14T10:13:54.888Z] batch=field-waveform-1789380721117-4 D5 CHANNEL_SYNC_OK state=TEST_READY attempts=1 streak=5
[2026-09-14T10:13:54.888Z] batch=field-waveform-1789380721117-4 D5 TEST_READY state=TEST_READY attempts=1 streak=5
[2026-09-14T10:13:54.993Z] batch=field-waveform-1789380721117-4 D6 CHANNEL_SYNC_OK state=TEST_READY attempts=1 streak=5
[2026-09-14T10:13:54.993Z] batch=field-waveform-1789380721117-4 D6 TEST_READY state=TEST_READY attempts=1 streak=5
[2026-09-14T10:13:54.995Z] batch=field-waveform-1789380721117-4 D2 CHANNEL_SYNC_OK state=TEST_READY attempts=1 streak=5
[2026-09-14T10:13:54.996Z] batch=field-waveform-1789380721117-4 D2 TEST_READY state=TEST_READY attempts=1 streak=5
[2026-09-14T10:13:54.999Z] batch=field-waveform-1789380721117-4 D4 CHANNEL_SYNC_OK state=TEST_READY attempts=1 streak=5
[2026-09-14T10:13:54.999Z] batch=field-waveform-1789380721117-4 D4 TEST_READY state=TEST_READY attempts=1 streak=5
[2026-09-14T10:13:59.720Z] batch=field-waveform-1789380721117-4 D1 MODE_SWITCH_START state=MODE_SWITCHING attempts=1 streak=0 attempt=1
[2026-09-14T10:13:59.724Z] batch=field-waveform-1789380721117-4 D1 MODE_SWITCH_OK state=MODE_SWITCH_OK attempts=1 streak=0
[2026-09-14T10:14:04.878Z] batch=field-waveform-1789380721117-4 D1 FIRST_FRAME state=FIRST_FRAME_RECEIVED attempts=1 streak=1
[2026-09-14T10:14:04.878Z] batch=field-waveform-1789380721117-4 D1 FIRST_VALID_SAMPLE state=FIRST_FRAME_RECEIVED attempts=1 streak=1
[2026-09-14T10:14:05.033Z] batch=field-waveform-1789380721117-4 D1 CHANNEL_SYNC_OK state=TEST_READY attempts=1 streak=5
[2026-09-14T10:14:05.034Z] batch=field-waveform-1789380721117-4 D1 TEST_READY state=TEST_READY attempts=1 streak=5
[2026-09-14T10:14:30.373Z] batch=field-waveform-1789380721117-4 D1 MODE_SWITCH_START state=MODE_SWITCHING attempts=1 streak=0 attempt=1
[2026-09-14T10:14:30.374Z] batch=field-waveform-1789380721117-4 D1 MODE_SWITCH_OK state=MODE_SWITCH_OK attempts=1 streak=0
