[2026-09-20T01:48:23.557Z] batch=field-waveform-1789868903556-12 D1 MODE_SWITCH_START state=MODE_SWITCHING attempts=1 streak=0 attempt=1
[2026-09-20T01:48:23.558Z] batch=field-waveform-1789868903556-12 D2 MODE_SWITCH_START state=MODE_SWITCHING attempts=1 streak=0 attempt=1
[2026-09-20T01:48:23.559Z] batch=field-waveform-1789868903556-12 D3 MODE_SWITCH_START state=MODE_SWITCHING attempts=1 streak=0 attempt=1
[2026-09-20T01:48:23.560Z] batch=field-waveform-1789868903556-12 D4 MODE_SWITCH_START state=MODE_SWITCHING attempts=1 streak=0 attempt=1
[2026-09-20T01:48:23.560Z] batch=field-waveform-1789868903556-12 D5 MODE_SWITCH_START state=MODE_SWITCHING attempts=1 streak=0 attempt=1
[2026-09-20T01:48:23.561Z] batch=field-waveform-1789868903556-12 D6 MODE_SWITCH_START state=MODE_SWITCHING attempts=1 streak=0 attempt=1
[2026-09-20T01:48:23.563Z] batch=field-waveform-1789868903556-12 D1 MODE_SWITCH_OK state=MODE_SWITCH_OK attempts=1 streak=0
[2026-09-20T01:48:23.564Z] batch=field-waveform-1789868903556-12 D2 MODE_SWITCH_OK state=MODE_SWITCH_OK attempts=1 streak=0
[2026-09-20T01:48:23.564Z] batch=field-waveform-1789868903556-12 D3 MODE_SWITCH_OK state=MODE_SWITCH_OK attempts=1 streak=0
[2026-09-20T01:48:23.565Z] batch=field-waveform-1789868903556-12 D4 MODE_SWITCH_OK state=MODE_SWITCH_OK attempts=1 streak=0
[2026-09-20T01:48:23.565Z] batch=field-waveform-1789868903556-12 D5 MODE_SWITCH_OK state=MODE_SWITCH_OK attempts=1 streak=0
[2026-09-20T01:48:23.565Z] batch=field-waveform-1789868903556-12 D6 MODE_SWITCH_OK state=MODE_SWITCH_OK attempts=1 streak=0
[2026-09-20T01:48:31.541Z] batch=field-waveform-1789868903556-12 D1 MODE_SWITCH_START state=MODE_SWITCHING attempts=1 streak=0 attempt=1
[2026-09-20T01:48:31.542Z] batch=field-waveform-1789868903556-12 D1 MODE_SWITCH_OK state=MODE_SWITCH_OK attempts=1 streak=0
[2026-09-20T01:48:31.799Z] batch=field-waveform-1789868903556-12 D2 MODE_SWITCH_START state=MODE_SWITCHING attempts=1 streak=0 attempt=1
[2026-09-20T01:48:31.800Z] batch=field-waveform-1789868903556-12 D2 MODE_SWITCH_OK state=MODE_SWITCH_OK attempts=1 streak=0
[2026-09-20T01:48:32.659Z] batch=field-waveform-1789868903556-12 D6 MODE_SWITCH_START state=MODE_SWITCHING attempts=1 streak=0 attempt=1
[2026-09-20T01:48:32.660Z] batch=field-waveform-1789868903556-12 D6 MODE_SWITCH_OK state=MODE_SWITCH_OK attempts=1 streak=0
[2026-09-20T01:48:32.661Z] batch=field-waveform-1789868903556-12 D3 MODE_SWITCH_START state=MODE_SWITCHING attempts=1 streak=0 attempt=1
[2026-09-20T01:48:32.664Z] batch=field-waveform-1789868903556-12 D3 MODE_SWITCH_OK state=MODE_SWITCH_OK attempts=1 streak=0
[2026-09-20T01:48:32.667Z] batch=field-waveform-1789868903556-12 D5 MODE_SWITCH_START state=MODE_SWITCHING attempts=1 streak=0 attempt=1
[2026-09-20T01:48:32.668Z] batch=field-waveform-1789868903556-12 D5 MODE_SWITCH_OK state=MODE_SWITCH_OK attempts=1 streak=0
[2026-09-20T01:48:32.670Z] batch=field-waveform-1789868903556-12 D4 MODE_SWITCH_START state=MODE_SWITCHING attempts=1 streak=0 attempt=1
[2026-09-20T01:48:32.671Z] batch=field-waveform-1789868903556-12 D4 MODE_SWITCH_OK state=MODE_SWITCH_OK attempts=1 streak=0
[2026-09-20T01:48:41.545Z] batch=field-waveform-1789868903556-12 D1 MODE_SWITCH_START state=MODE_SWITCHING attempts=1 streak=0 attempt=1
[2026-09-20T01:48:41.547Z] batch=field-waveform-1789868903556-12 D1 MODE_SWITCH_OK state=MODE_SWITCH_OK attempts=1 streak=0
[2026-09-20T01:48:41.803Z] batch=field-waveform-1789868903556-12 D2 MODE_SWITCH_START state=MODE_SWITCHING attempts=1 streak=0 attempt=1
[2026-09-20T01:48:41.806Z] batch=field-waveform-1789868903556-12 D2 MODE_SWITCH_OK state=MODE_SWITCH_OK attempts=1 streak=0
[2026-09-20T01:48:42.661Z] batch=field-waveform-1789868903556-12 D6 MODE_SWITCH_START state=MODE_SWITCHING attempts=1 streak=0 attempt=1
[2026-09-20T01:48:42.662Z] batch=field-waveform-1789868903556-12 D6 MODE_SWITCH_OK state=MODE_SWITCH_OK attempts=1 streak=0
[2026-09-20T01:48:42.665Z] batch=field-waveform-1789868903556-12 D3 MODE_SWITCH_START state=MODE_SWITCHING attempts=1 streak=0 attempt=1
[2026-09-20T01:48:42.666Z] batch=field-waveform-1789868903556-12 D3 MODE_SWITCH_OK state=MODE_SWITCH_OK attempts=1 streak=0
[2026-09-20T01:48:42.677Z] batch=field-waveform-1789868903556-12 D5 MODE_SWITCH_START state=MODE_SWITCHING attempts=1 streak=0 attempt=1
[2026-09-20T01:48:42.678Z] batch=field-waveform-1789868903556-12 D5 MODE_SWITCH_OK state=MODE_SWITCH_OK attempts=1 streak=0
[2026-09-20T01:48:42.679Z] batch=field-waveform-1789868903556-12 D4 MODE_SWITCH_START state=MODE_SWITCHING attempts=1 streak=0 attempt=1
[2026-09-20T01:48:42.681Z] batch=field-waveform-1789868903556-12 D4 MODE_SWITCH_OK state=MODE_SWITCH_OK attempts=1 streak=0
[2026-09-20T01:48:51.553Z] batch=field-waveform-1789868903556-12 D1 MODE_SWITCH_START state=MODE_SWITCHING attempts=1 streak=0 attempt=1
[2026-09-20T01:48:51.555Z] batch=field-waveform-1789868903556-12 D1 MODE_SWITCH_OK state=MODE_SWITCH_OK attempts=1 streak=0
[2026-09-20T01:48:51.829Z] batch=field-waveform-1789868903556-12 D2 MODE_SWITCH_START state=MODE_SWITCHING attempts=1 streak=0 attempt=1
[2026-09-20T01:48:51.830Z] batch=field-waveform-1789868903556-12 D2 MODE_SWITCH_OK state=MODE_SWITCH_OK attempts=1 streak=0
[2026-09-20T01:48:52.669Z] batch=field-waveform-1789868903556-12 D6 MODE_SWITCH_START state=MODE_SWITCHING attempts=1 streak=0 attempt=1
[2026-09-20T01:48:52.670Z] batch=field-waveform-1789868903556-12 D6 MODE_SWITCH_OK state=MODE_SWITCH_OK attempts=1 streak=0
[2026-09-20T01:48:52.672Z] batch=field-waveform-1789868903556-12 D3 MODE_SWITCH_START state=MODE_SWITCHING attempts=1 streak=0 attempt=1
[2026-09-20T01:48:52.673Z] batch=field-waveform-1789868903556-12 D3 MODE_SWITCH_OK state=MODE_SWITCH_OK attempts=1 streak=0
[2026-09-20T01:48:52.678Z] batch=field-waveform-1789868903556-12 D5 MODE_SWITCH_START state=MODE_SWITCHING attempts=1 streak=0 attempt=1
[2026-09-20T01:48:52.679Z] batch=field-waveform-1789868903556-12 D5 MODE_SWITCH_OK state=MODE_SWITCH_OK attempts=1 streak=0
[2026-09-20T01:48:52.682Z] batch=field-waveform-1789868903556-12 D4 MODE_SWITCH_START state=MODE_SWITCHING attempts=1 streak=0 attempt=1
[2026-09-20T01:48:52.683Z] batch=field-waveform-1789868903556-12 D4 MODE_SWITCH_OK state=MODE_SWITCH_OK attempts=1 streak=0
[2026-09-20T01:49:01.558Z] batch=field-waveform-1789868903556-12 D1 MODE_SWITCH_START state=MODE_SWITCHING attempts=1 streak=0 attempt=1
[2026-09-20T01:49:01.559Z] batch=field-waveform-1789868903556-12 D1 MODE_SWITCH_OK state=MODE_SWITCH_OK attempts=1 streak=0
[2026-09-20T01:49:01.839Z] batch=field-waveform-1789868903556-12 D2 MODE_SWITCH_START state=MODE_SWITCHING attempts=1 streak=0 attempt=1
[2026-09-20T01:49:01.842Z] batch=field-waveform-1789868903556-12 D2 MODE_SWITCH_OK state=MODE_SWITCH_OK attempts=1 streak=0
[2026-09-20T01:49:02.677Z] batch=field-waveform-1789868903556-12 D6 MODE_SWITCH_START state=MODE_SWITCHING attempts=1 streak=0 attempt=1
[2026-09-20T01:49:02.679Z] batch=field-waveform-1789868903556-12 D6 MODE_SWITCH_OK state=MODE_SWITCH_OK attempts=1 streak=0
[2026-09-20T01:49:02.680Z] batch=field-waveform-1789868903556-12 D3 MODE_SWITCH_START state=MODE_SWITCHING attempts=1 streak=0 attempt=1
[2026-09-20T01:49:02.682Z] batch=field-waveform-1789868903556-12 D3 MODE_SWITCH_OK state=MODE_SWITCH_OK attempts=1 streak=0
[2026-09-20T01:49:02.686Z] batch=field-waveform-1789868903556-12 D5 MODE_SWITCH_START state=MODE_SWITCHING attempts=1 streak=0 attempt=1
[2026-09-20T01:49:02.688Z] batch=field-waveform-1789868903556-12 D5 MODE_SWITCH_OK state=MODE_SWITCH_OK attempts=1 streak=0
[2026-09-20T01:49:02.689Z] batch=field-waveform-1789868903556-12 D4 MODE_SWITCH_START state=MODE_SWITCHING attempts=1 streak=0 attempt=1
[2026-09-20T01:49:02.691Z] batch=field-waveform-1789868903556-12 D4 MODE_SWITCH_OK state=MODE_SWITCH_OK attempts=1 streak=0
[2026-09-20T01:49:06.634Z] batch=field-waveform-1789868903556-12 D1 FIRST_FRAME state=FIRST_FRAME_RECEIVED attempts=1 streak=1
[2026-09-20T01:49:06.635Z] batch=field-waveform-1789868903556-12 D1 FIRST_VALID_SAMPLE state=FIRST_FRAME_RECEIVED attempts=1 streak=1
[2026-09-20T01:49:06.883Z] batch=field-waveform-1789868903556-12 D1 CHANNEL_SYNC_OK state=TEST_READY attempts=1 streak=5
[2026-09-20T01:49:06.883Z] batch=field-waveform-1789868903556-12 D1 TEST_READY state=TEST_READY attempts=1 streak=5
[2026-09-20T01:49:06.889Z] batch=field-waveform-1789868903556-12 D2 FIRST_FRAME state=FIRST_FRAME_RECEIVED attempts=1 streak=1
[2026-09-20T01:49:06.889Z] batch=field-waveform-1789868903556-12 D2 FIRST_VALID_SAMPLE state=FIRST_FRAME_RECEIVED attempts=1 streak=1
[2026-09-20T01:49:07.136Z] batch=field-waveform-1789868903556-12 D2 CHANNEL_SYNC_OK state=TEST_READY attempts=1 streak=5
[2026-09-20T01:49:07.137Z] batch=field-waveform-1789868903556-12 D2 TEST_READY state=TEST_READY attempts=1 streak=5
[2026-09-20T01:49:07.737Z] batch=field-waveform-1789868903556-12 D6 FIRST_FRAME state=FIRST_FRAME_RECEIVED attempts=1 streak=1
[2026-09-20T01:49:07.738Z] batch=field-waveform-1789868903556-12 D6 FIRST_VALID_SAMPLE state=FIRST_FRAME_RECEIVED attempts=1 streak=1
[2026-09-20T01:49:07.743Z] batch=field-waveform-1789868903556-12 D3 FIRST_FRAME state=FIRST_FRAME_RECEIVED attempts=1 streak=1
[2026-09-20T01:49:07.744Z] batch=field-waveform-1789868903556-12 D3 FIRST_VALID_SAMPLE state=FIRST_FRAME_RECEIVED attempts=1 streak=1
[2026-09-20T01:49:07.775Z] batch=field-waveform-1789868903556-12 D5 FIRST_FRAME state=FIRST_FRAME_RECEIVED attempts=1 streak=1
[2026-09-20T01:49:07.775Z] batch=field-waveform-1789868903556-12 D5 FIRST_VALID_SAMPLE state=FIRST_FRAME_RECEIVED attempts=1 streak=1
[2026-09-20T01:49:07.800Z] batch=field-waveform-1789868903556-12 D4 FIRST_FRAME state=FIRST_FRAME_RECEIVED attempts=1 streak=1
[2026-09-20T01:49:07.800Z] batch=field-waveform-1789868903556-12 D4 FIRST_VALID_SAMPLE state=FIRST_FRAME_RECEIVED attempts=1 streak=1
[2026-09-20T01:49:07.992Z] batch=field-waveform-1789868903556-12 D6 CHANNEL_SYNC_OK state=TEST_READY attempts=1 streak=5
[2026-09-20T01:49:07.993Z] batch=field-waveform-1789868903556-12 D6 TEST_READY state=TEST_READY attempts=1 streak=5
[2026-09-20T01:49:08.019Z] batch=field-waveform-1789868903556-12 D3 CHANNEL_SYNC_OK state=TEST_READY attempts=1 streak=5
[2026-09-20T01:49:08.020Z] batch=field-waveform-1789868903556-12 D3 TEST_READY state=TEST_READY attempts=1 streak=5
[2026-09-20T01:49:08.040Z] batch=field-waveform-1789868903556-12 D5 CHANNEL_SYNC_OK state=TEST_READY attempts=1 streak=5
[2026-09-20T01:49:08.040Z] batch=field-waveform-1789868903556-12 D5 TEST_READY state=TEST_READY attempts=1 streak=5
[2026-09-20T01:49:08.041Z] batch=field-waveform-1789868903556-12 D4 CHANNEL_SYNC_OK state=TEST_READY attempts=1 streak=5
[2026-09-20T01:49:08.041Z] batch=field-waveform-1789868903556-12 D4 TEST_READY state=TEST_READY attempts=1 streak=5
[2026-09-20T01:50:01.745Z] batch=field-waveform-1789868903556-12 D2 MODE_SWITCH_START state=MODE_SWITCHING attempts=1 streak=0 attempt=1
[2026-09-20T01:50:01.747Z] batch=field-waveform-1789868903556-12 D2 MODE_SWITCH_OK state=MODE_SWITCH_OK attempts=1 streak=0
[2026-09-20T01:50:01.750Z] batch=field-waveform-1789868903556-12 D5 MODE_SWITCH_START state=MODE_SWITCHING attempts=1 streak=0 attempt=1
[2026-09-20T01:50:01.752Z] batch=field-waveform-1789868903556-12 D5 MODE_SWITCH_OK state=MODE_SWITCH_OK attempts=1 streak=0
[2026-09-20T01:50:01.756Z] batch=field-waveform-1789868903556-12 D4 MODE_SWITCH_START state=MODE_SWITCHING attempts=1 streak=0 attempt=1
[2026-09-20T01:50:01.757Z] batch=field-waveform-1789868903556-12 D4 MODE_SWITCH_OK state=MODE_SWITCH_OK attempts=1 streak=0
[2026-09-20T01:50:01.761Z] batch=field-waveform-1789868903556-12 D6 MODE_SWITCH_START state=MODE_SWITCHING attempts=1 streak=0 attempt=1
[2026-09-20T01:50:01.762Z] batch=field-waveform-1789868903556-12 D6 MODE_SWITCH_OK state=MODE_SWITCH_OK attempts=1 streak=0
[2026-09-20T01:50:01.765Z] batch=field-waveform-1789868903556-12 D3 MODE_SWITCH_START state=MODE_SWITCHING attempts=1 streak=0 attempt=1
[2026-09-20T01:50:01.766Z] batch=field-waveform-1789868903556-12 D3 MODE_SWITCH_OK state=MODE_SWITCH_OK attempts=1 streak=0
[2026-09-20T01:50:11.567Z] batch=field-waveform-1789868903556-12 D1 MODE_SWITCH_START state=MODE_SWITCHING attempts=1 streak=0 attempt=1
[2026-09-20T01:50:11.568Z] batch=field-waveform-1789868903556-12 D1 MODE_SWITCH_OK state=MODE_SWITCH_OK attempts=1 streak=0
[2026-09-20T01:50:11.776Z] batch=field-waveform-1789868903556-12 D2 MODE_SWITCH_START state=MODE_SWITCHING attempts=1 streak=0 attempt=1
[2026-09-20T01:50:11.777Z] batch=field-waveform-1789868903556-12 D2 MODE_SWITCH_OK state=MODE_SWITCH_OK attempts=1 streak=0
[2026-09-20T01:50:11.780Z] batch=field-waveform-1789868903556-12 D5 MODE_SWITCH_START state=MODE_SWITCHING attempts=1 streak=0 attempt=1
[2026-09-20T01:50:11.781Z] batch=field-waveform-1789868903556-12 D5 MODE_SWITCH_OK state=MODE_SWITCH_OK attempts=1 streak=0
[2026-09-20T01:50:11.785Z] batch=field-waveform-1789868903556-12 D4 MODE_SWITCH_START state=MODE_SWITCHING attempts=1 streak=0 attempt=1
[2026-09-20T01:50:11.786Z] batch=field-waveform-1789868903556-12 D4 MODE_SWITCH_OK state=MODE_SWITCH_OK attempts=1 streak=0
[2026-09-20T01:50:11.790Z] batch=field-waveform-1789868903556-12 D6 MODE_SWITCH_START state=MODE_SWITCHING attempts=1 streak=0 attempt=1
[2026-09-20T01:50:11.791Z] batch=field-waveform-1789868903556-12 D6 MODE_SWITCH_OK state=MODE_SWITCH_OK attempts=1 streak=0
[2026-09-20T01:50:11.793Z] batch=field-waveform-1789868903556-12 D3 MODE_SWITCH_START state=MODE_SWITCHING attempts=1 streak=0 attempt=1
[2026-09-20T01:50:11.794Z] batch=field-waveform-1789868903556-12 D3 MODE_SWITCH_OK state=MODE_SWITCH_OK attempts=1 streak=0
[2026-09-20T01:50:16.800Z] batch=field-waveform-1789868903556-12 D1 FIRST_FRAME state=FIRST_FRAME_RECEIVED attempts=1 streak=1
[2026-09-20T01:50:16.800Z] batch=field-waveform-1789868903556-12 D1 FIRST_VALID_SAMPLE state=FIRST_FRAME_RECEIVED attempts=1 streak=1
[2026-09-20T01:50:16.947Z] batch=field-waveform-1789868903556-12 D2 FIRST_FRAME state=FIRST_FRAME_RECEIVED attempts=1 streak=1
[2026-09-20T01:50:16.947Z] batch=field-waveform-1789868903556-12 D2 FIRST_VALID_SAMPLE state=FIRST_FRAME_RECEIVED attempts=1 streak=1
[2026-09-20T01:50:16.950Z] batch=field-waveform-1789868903556-12 D5 FIRST_FRAME state=FIRST_FRAME_RECEIVED attempts=1 streak=1
[2026-09-20T01:50:16.951Z] batch=field-waveform-1789868903556-12 D5 FIRST_VALID_SAMPLE state=FIRST_FRAME_RECEIVED attempts=1 streak=1
[2026-09-20T01:50:16.954Z] batch=field-waveform-1789868903556-12 D3 FIRST_FRAME state=FIRST_FRAME_RECEIVED attempts=1 streak=1
[2026-09-20T01:50:16.954Z] batch=field-waveform-1789868903556-12 D3 FIRST_VALID_SAMPLE state=FIRST_FRAME_RECEIVED attempts=1 streak=1
[2026-09-20T01:50:16.956Z] batch=field-waveform-1789868903556-12 D4 FIRST_FRAME state=FIRST_FRAME_RECEIVED attempts=1 streak=1
[2026-09-20T01:50:16.956Z] batch=field-waveform-1789868903556-12 D4 FIRST_VALID_SAMPLE state=FIRST_FRAME_RECEIVED attempts=1 streak=1
[2026-09-20T01:50:16.959Z] batch=field-waveform-1789868903556-12 D1 CHANNEL_SYNC_OK state=TEST_READY attempts=1 streak=5
[2026-09-20T01:50:16.959Z] batch=field-waveform-1789868903556-12 D1 TEST_READY state=TEST_READY attempts=1 streak=5
[2026-09-20T01:50:16.961Z] batch=field-waveform-1789868903556-12 D6 FIRST_FRAME state=FIRST_FRAME_RECEIVED attempts=1 streak=1
[2026-09-20T01:50:16.961Z] batch=field-waveform-1789868903556-12 D6 FIRST_VALID_SAMPLE state=FIRST_FRAME_RECEIVED attempts=1 streak=1
[2026-09-20T01:50:17.296Z] batch=field-waveform-1789868903556-12 D2 CHANNEL_SYNC_OK state=TEST_READY attempts=1 streak=5
[2026-09-20T01:50:17.296Z] batch=field-waveform-1789868903556-12 D2 TEST_READY state=TEST_READY attempts=1 streak=5
[2026-09-20T01:50:17.298Z] batch=field-waveform-1789868903556-12 D3 CHANNEL_SYNC_OK state=TEST_READY attempts=1 streak=5
[2026-09-20T01:50:17.298Z] batch=field-waveform-1789868903556-12 D3 TEST_READY state=TEST_READY attempts=1 streak=5
[2026-09-20T01:50:17.299Z] batch=field-waveform-1789868903556-12 D5 CHANNEL_SYNC_OK state=TEST_READY attempts=1 streak=5
[2026-09-20T01:50:17.300Z] batch=field-waveform-1789868903556-12 D5 TEST_READY state=TEST_READY attempts=1 streak=5
[2026-09-20T01:50:17.300Z] batch=field-waveform-1789868903556-12 D4 CHANNEL_SYNC_OK state=TEST_READY attempts=1 streak=5
[2026-09-20T01:50:17.301Z] batch=field-waveform-1789868903556-12 D4 TEST_READY state=TEST_READY attempts=1 streak=5
[2026-09-20T01:50:17.302Z] batch=field-waveform-1789868903556-12 D6 CHANNEL_SYNC_OK state=TEST_READY attempts=1 streak=5
[2026-09-20T01:50:17.302Z] batch=field-waveform-1789868903556-12 D6 TEST_READY state=TEST_READY attempts=1 streak=5
[2026-09-20T01:51:01.659Z] batch=field-waveform-1789868903556-12 D5 MODE_SWITCH_START state=MODE_SWITCHING attempts=1 streak=0 attempt=1
[2026-09-20T01:51:01.660Z] batch=field-waveform-1789868903556-12 D5 MODE_SWITCH_OK state=MODE_SWITCH_OK attempts=1 streak=0
[2026-09-20T01:51:01.665Z] batch=field-waveform-1789868903556-12 D3 MODE_SWITCH_START state=MODE_SWITCHING attempts=1 streak=0 attempt=1
[2026-09-20T01:51:01.666Z] batch=field-waveform-1789868903556-12 D3 MODE_SWITCH_OK state=MODE_SWITCH_OK attempts=1 streak=0
[2026-09-20T01:51:01.671Z] batch=field-waveform-1789868903556-12 D6 MODE_SWITCH_START state=MODE_SWITCHING attempts=1 streak=0 attempt=1
[2026-09-20T01:51:01.672Z] batch=field-waveform-1789868903556-12 D6 MODE_SWITCH_OK state=MODE_SWITCH_OK attempts=1 streak=0
[2026-09-20T01:51:01.677Z] batch=field-waveform-1789868903556-12 D2 MODE_SWITCH_START state=MODE_SWITCHING attempts=1 streak=0 attempt=1
[2026-09-20T01:51:01.677Z] batch=field-waveform-1789868903556-12 D2 MODE_SWITCH_OK state=MODE_SWITCH_OK attempts=1 streak=0
[2026-09-20T01:51:01.683Z] batch=field-waveform-1789868903556-12 D4 MODE_SWITCH_START state=MODE_SWITCHING attempts=1 streak=0 attempt=1
[2026-09-20T01:51:01.684Z] batch=field-waveform-1789868903556-12 D4 MODE_SWITCH_OK state=MODE_SWITCH_OK attempts=1 streak=0
[2026-09-20T01:51:01.945Z] batch=field-waveform-1789868903556-12 D1 MODE_SWITCH_START state=MODE_SWITCHING attempts=1 streak=0 attempt=1
[2026-09-20T01:51:01.947Z] batch=field-waveform-1789868903556-12 D1 MODE_SWITCH_OK state=MODE_SWITCH_OK attempts=1 streak=0
[2026-09-20T01:51:11.819Z] batch=field-waveform-1789868903556-12 D5 MODE_SWITCH_START state=MODE_SWITCHING attempts=1 streak=0 attempt=1
[2026-09-20T01:51:11.820Z] batch=field-waveform-1789868903556-12 D5 MODE_SWITCH_OK state=MODE_SWITCH_OK attempts=1 streak=0
[2026-09-20T01:51:11.829Z] batch=field-waveform-1789868903556-12 D3 MODE_SWITCH_START state=MODE_SWITCHING attempts=1 streak=0 attempt=1
[2026-09-20T01:51:11.830Z] batch=field-waveform-1789868903556-12 D3 MODE_SWITCH_OK state=MODE_SWITCH_OK attempts=1 streak=0
[2026-09-20T01:51:11.836Z] batch=field-waveform-1789868903556-12 D6 MODE_SWITCH_START state=MODE_SWITCHING attempts=1 streak=0 attempt=1
[2026-09-20T01:51:11.837Z] batch=field-waveform-1789868903556-12 D6 MODE_SWITCH_OK state=MODE_SWITCH_OK attempts=1 streak=0
[2026-09-20T01:51:11.842Z] batch=field-waveform-1789868903556-12 D2 MODE_SWITCH_START state=MODE_SWITCHING attempts=1 streak=0 attempt=1
[2026-09-20T01:51:11.843Z] batch=field-waveform-1789868903556-12 D2 MODE_SWITCH_OK state=MODE_SWITCH_OK attempts=1 streak=0
[2026-09-20T01:51:11.849Z] batch=field-waveform-1789868903556-12 D4 MODE_SWITCH_START state=MODE_SWITCHING attempts=1 streak=0 attempt=1
[2026-09-20T01:51:11.850Z] batch=field-waveform-1789868903556-12 D4 MODE_SWITCH_OK state=MODE_SWITCH_OK attempts=1 streak=0
[2026-09-20T01:51:11.997Z] batch=field-waveform-1789868903556-12 D1 MODE_SWITCH_START state=MODE_SWITCHING attempts=1 streak=0 attempt=1
[2026-09-20T01:51:11.999Z] batch=field-waveform-1789868903556-12 D1 MODE_SWITCH_OK state=MODE_SWITCH_OK attempts=1 streak=0
[2026-09-20T01:51:21.851Z] batch=field-waveform-1789868903556-12 D5 MODE_SWITCH_START state=MODE_SWITCHING attempts=1 streak=0 attempt=1
[2026-09-20T01:51:21.852Z] batch=field-waveform-1789868903556-12 D5 MODE_SWITCH_OK state=MODE_SWITCH_OK attempts=1 streak=0
[2026-09-20T01:51:21.858Z] batch=field-waveform-1789868903556-12 D3 MODE_SWITCH_START state=MODE_SWITCHING attempts=1 streak=0 attempt=1
[2026-09-20T01:51:21.859Z] batch=field-waveform-1789868903556-12 D3 MODE_SWITCH_OK state=MODE_SWITCH_OK attempts=1 streak=0
[2026-09-20T01:51:21.865Z] batch=field-waveform-1789868903556-12 D6 MODE_SWITCH_START state=MODE_SWITCHING attempts=1 streak=0 attempt=1
[2026-09-20T01:51:21.866Z] batch=field-waveform-1789868903556-12 D6 MODE_SWITCH_OK state=MODE_SWITCH_OK attempts=1 streak=0
[2026-09-20T01:51:22.199Z] batch=field-waveform-1789868903556-12 D2 MODE_SWITCH_START state=MODE_SWITCHING attempts=1 streak=0 attempt=1
[2026-09-20T01:51:22.201Z] batch=field-waveform-1789868903556-12 D2 MODE_SWITCH_OK state=MODE_SWITCH_OK attempts=1 streak=0
[2026-09-20T01:51:22.206Z] batch=field-waveform-1789868903556-12 D4 MODE_SWITCH_START state=MODE_SWITCHING attempts=1 streak=0 attempt=1
[2026-09-20T01:51:22.207Z] batch=field-waveform-1789868903556-12 D4 MODE_SWITCH_OK state=MODE_SWITCH_OK attempts=1 streak=0
[2026-09-20T01:51:22.212Z] batch=field-waveform-1789868903556-12 D1 MODE_SWITCH_START state=MODE_SWITCHING attempts=1 streak=0 attempt=1
[2026-09-20T01:51:22.213Z] batch=field-waveform-1789868903556-12 D1 MODE_SWITCH_OK state=MODE_SWITCH_OK attempts=1 streak=0
[2026-09-20T01:51:31.926Z] batch=field-waveform-1789868903556-12 D5 MODE_SWITCH_START state=MODE_SWITCHING attempts=1 streak=0 attempt=1
[2026-09-20T01:51:31.927Z] batch=field-waveform-1789868903556-12 D5 MODE_SWITCH_OK state=MODE_SWITCH_OK attempts=1 streak=0
[2026-09-20T01:51:31.932Z] batch=field-waveform-1789868903556-12 D3 MODE_SWITCH_START state=MODE_SWITCHING attempts=1 streak=0 attempt=1
[2026-09-20T01:51:31.934Z] batch=field-waveform-1789868903556-12 D3 MODE_SWITCH_OK state=MODE_SWITCH_OK attempts=1 streak=0
[2026-09-20T01:51:31.939Z] batch=field-waveform-1789868903556-12 D6 MODE_SWITCH_START state=MODE_SWITCHING attempts=1 streak=0 attempt=1
[2026-09-20T01:51:31.941Z] batch=field-waveform-1789868903556-12 D6 MODE_SWITCH_OK state=MODE_SWITCH_OK attempts=1 streak=0
[2026-09-20T01:51:32.378Z] batch=field-waveform-1789868903556-12 D2 MODE_SWITCH_START state=MODE_SWITCHING attempts=1 streak=0 attempt=1
[2026-09-20T01:51:32.379Z] batch=field-waveform-1789868903556-12 D2 MODE_SWITCH_OK state=MODE_SWITCH_OK attempts=1 streak=0
[2026-09-20T01:51:32.384Z] batch=field-waveform-1789868903556-12 D4 MODE_SWITCH_START state=MODE_SWITCHING attempts=1 streak=0 attempt=1
[2026-09-20T01:51:32.385Z] batch=field-waveform-1789868903556-12 D4 MODE_SWITCH_OK state=MODE_SWITCH_OK attempts=1 streak=0
[2026-09-20T01:51:32.389Z] batch=field-waveform-1789868903556-12 D1 MODE_SWITCH_START state=MODE_SWITCHING attempts=1 streak=0 attempt=1
[2026-09-20T01:51:32.390Z] batch=field-waveform-1789868903556-12 D1 MODE_SWITCH_OK state=MODE_SWITCH_OK attempts=1 streak=0
