[2026-09-10T06:29:35.707Z] batch=field-waveform-1789021617522-11 D3 MODE_SWITCH_START state=MODE_SWITCHING attempts=1 streak=0 attempt=1
[2026-09-10T06:29:35.708Z] batch=field-waveform-1789021617522-11 D3 MODE_SWITCH_OK state=MODE_SWITCH_OK attempts=1 streak=0
[2026-09-10T06:29:35.716Z] batch=field-waveform-1789021617522-11 D4 MODE_SWITCH_START state=MODE_SWITCHING attempts=1 streak=0 attempt=1
[2026-09-10T06:29:35.725Z] batch=field-waveform-1789021617522-11 D4 MODE_SWITCH_OK state=MODE_SWITCH_OK attempts=1 streak=0
[2026-09-10T06:29:36.242Z] batch=field-waveform-1789021617522-11 D5 MODE_SWITCH_START state=MODE_SWITCHING attempts=1 streak=0 attempt=1
[2026-09-10T06:29:36.252Z] batch=field-waveform-1789021617522-11 D5 MODE_SWITCH_OK state=MODE_SWITCH_OK attempts=1 streak=0
[2026-09-10T06:29:36.259Z] batch=field-waveform-1789021617522-11 D2 MODE_SWITCH_START state=MODE_SWITCHING attempts=1 streak=0 attempt=1
[2026-09-10T06:29:36.262Z] batch=field-waveform-1789021617522-11 D2 MODE_SWITCH_OK state=MODE_SWITCH_OK attempts=1 streak=0
[2026-09-10T06:29:36.269Z] batch=field-waveform-1789021617522-11 D1 MODE_SWITCH_START state=MODE_SWITCHING attempts=1 streak=0 attempt=1
[2026-09-10T06:29:36.271Z] batch=field-waveform-1789021617522-11 D1 MODE_SWITCH_OK state=MODE_SWITCH_OK attempts=1 streak=0
[2026-09-10T06:29:36.602Z] batch=field-waveform-1789021617522-11 D6 MODE_SWITCH_START state=MODE_SWITCHING attempts=1 streak=0 attempt=1
[2026-09-10T06:29:36.612Z] batch=field-waveform-1789021617522-11 D6 MODE_SWITCH_OK state=MODE_SWITCH_OK attempts=1 streak=0
[2026-09-10T06:29:44.841Z] batch=field-waveform-1789021784841-12 D1 MODE_SWITCH_START state=MODE_SWITCHING attempts=1 streak=0 attempt=1
[2026-09-10T06:29:44.843Z] batch=field-waveform-1789021784841-12 D2 MODE_SWITCH_START state=MODE_SWITCHING attempts=1 streak=0 attempt=1
[2026-09-10T06:29:44.851Z] batch=field-waveform-1789021784841-12 D3 MODE_SWITCH_START state=MODE_SWITCHING attempts=1 streak=0 attempt=1
[2026-09-10T06:29:44.853Z] batch=field-waveform-1789021784841-12 D4 MODE_SWITCH_START state=MODE_SWITCHING attempts=1 streak=0 attempt=1
[2026-09-10T06:29:44.860Z] batch=field-waveform-1789021784841-12 D5 MODE_SWITCH_START state=MODE_SWITCHING attempts=1 streak=0 attempt=1
[2026-09-10T06:29:44.863Z] batch=field-waveform-1789021784841-12 D6 MODE_SWITCH_START state=MODE_SWITCHING attempts=1 streak=0 attempt=1
[2026-09-10T06:29:44.872Z] batch=field-waveform-1789021784841-12 D1 MODE_SWITCH_OK state=MODE_SWITCH_OK attempts=1 streak=0
[2026-09-10T06:29:44.873Z] batch=field-waveform-1789021784841-12 D2 MODE_SWITCH_OK state=MODE_SWITCH_OK attempts=1 streak=0
[2026-09-10T06:29:44.874Z] batch=field-waveform-1789021784841-12 D3 MODE_SWITCH_OK state=MODE_SWITCH_OK attempts=1 streak=0
[2026-09-10T06:29:44.875Z] batch=field-waveform-1789021784841-12 D4 MODE_SWITCH_OK state=MODE_SWITCH_OK attempts=1 streak=0
[2026-09-10T06:29:44.876Z] batch=field-waveform-1789021784841-12 D5 MODE_SWITCH_OK state=MODE_SWITCH_OK attempts=1 streak=0
[2026-09-10T06:29:44.876Z] batch=field-waveform-1789021784841-12 D6 MODE_SWITCH_OK state=MODE_SWITCH_OK attempts=1 streak=0
[2026-09-10T06:29:45.710Z] batch=field-waveform-1789021784841-12 D3 MODE_SWITCH_START state=MODE_SWITCHING attempts=1 streak=0 attempt=1
[2026-09-10T06:29:45.736Z] batch=field-waveform-1789021784841-12 D3 MODE_SWITCH_OK state=MODE_SWITCH_OK attempts=1 streak=0
[2026-09-10T06:29:45.738Z] batch=field-waveform-1789021784841-12 D4 MODE_SWITCH_START state=MODE_SWITCHING attempts=1 streak=0 attempt=1
[2026-09-10T06:29:45.742Z] batch=field-waveform-1789021784841-12 D4 MODE_SWITCH_OK state=MODE_SWITCH_OK attempts=1 streak=0
[2026-09-10T06:29:46.266Z] batch=field-waveform-1789021784841-12 D5 MODE_SWITCH_START state=MODE_SWITCHING attempts=1 streak=0 attempt=1
[2026-09-10T06:29:46.270Z] batch=field-waveform-1789021784841-12 D5 MODE_SWITCH_OK state=MODE_SWITCH_OK attempts=1 streak=0
[2026-09-10T06:29:46.272Z] batch=field-waveform-1789021784841-12 D2 MODE_SWITCH_START state=MODE_SWITCHING attempts=1 streak=0 attempt=1
[2026-09-10T06:29:46.274Z] batch=field-waveform-1789021784841-12 D2 MODE_SWITCH_OK state=MODE_SWITCH_OK attempts=1 streak=0
[2026-09-10T06:29:46.277Z] batch=field-waveform-1789021784841-12 D1 MODE_SWITCH_START state=MODE_SWITCHING attempts=1 streak=0 attempt=1
[2026-09-10T06:29:46.291Z] batch=field-waveform-1789021784841-12 D1 MODE_SWITCH_OK state=MODE_SWITCH_OK attempts=1 streak=0
[2026-09-10T06:29:46.622Z] batch=field-waveform-1789021784841-12 D6 MODE_SWITCH_START state=MODE_SWITCHING attempts=1 streak=0 attempt=1
[2026-09-10T06:29:46.626Z] batch=field-waveform-1789021784841-12 D6 MODE_SWITCH_OK state=MODE_SWITCH_OK attempts=1 streak=0
[2026-09-10T06:29:55.741Z] batch=field-waveform-1789021784841-12 D3 MODE_SWITCH_START state=MODE_SWITCHING attempts=1 streak=0 attempt=1
[2026-09-10T06:29:55.749Z] batch=field-waveform-1789021784841-12 D3 MODE_SWITCH_OK state=MODE_SWITCH_OK attempts=1 streak=0
[2026-09-10T06:29:55.751Z] batch=field-waveform-1789021784841-12 D4 MODE_SWITCH_START state=MODE_SWITCHING attempts=1 streak=0 attempt=1
[2026-09-10T06:29:55.763Z] batch=field-waveform-1789021784841-12 D4 MODE_SWITCH_OK state=MODE_SWITCH_OK attempts=1 streak=0
[2026-09-10T06:29:56.281Z] batch=field-waveform-1789021784841-12 D5 MODE_SWITCH_START state=MODE_SWITCHING attempts=1 streak=0 attempt=1
[2026-09-10T06:29:56.285Z] batch=field-waveform-1789021784841-12 D5 MODE_SWITCH_OK state=MODE_SWITCH_OK attempts=1 streak=0
[2026-09-10T06:29:56.288Z] batch=field-waveform-1789021784841-12 D2 MODE_SWITCH_START state=MODE_SWITCHING attempts=1 streak=0 attempt=1
[2026-09-10T06:29:56.305Z] batch=field-waveform-1789021784841-12 D2 MODE_SWITCH_OK state=MODE_SWITCH_OK attempts=1 streak=0
[2026-09-10T06:29:56.308Z] batch=field-waveform-1789021784841-12 D1 MODE_SWITCH_START state=MODE_SWITCHING attempts=1 streak=0 attempt=1
[2026-09-10T06:29:56.314Z] batch=field-waveform-1789021784841-12 D1 MODE_SWITCH_OK state=MODE_SWITCH_OK attempts=1 streak=0
[2026-09-10T06:29:56.637Z] batch=field-waveform-1789021784841-12 D6 MODE_SWITCH_START state=MODE_SWITCHING attempts=1 streak=0 attempt=1
[2026-09-10T06:29:56.646Z] batch=field-waveform-1789021784841-12 D6 MODE_SWITCH_OK state=MODE_SWITCH_OK attempts=1 streak=0
[2026-09-10T06:30:05.764Z] batch=field-waveform-1789021784841-12 D3 MODE_SWITCH_START state=MODE_SWITCHING attempts=1 streak=0 attempt=1
[2026-09-10T06:30:05.766Z] batch=field-waveform-1789021784841-12 D3 MODE_SWITCH_OK state=MODE_SWITCH_OK attempts=1 streak=0
[2026-09-10T06:30:05.768Z] batch=field-waveform-1789021784841-12 D4 MODE_SWITCH_START state=MODE_SWITCHING attempts=1 streak=0 attempt=1
[2026-09-10T06:30:05.772Z] batch=field-waveform-1789021784841-12 D4 MODE_SWITCH_OK state=MODE_SWITCH_OK attempts=1 streak=0
[2026-09-10T06:30:06.290Z] batch=field-waveform-1789021784841-12 D5 MODE_SWITCH_START state=MODE_SWITCHING attempts=1 streak=0 attempt=1
[2026-09-10T06:30:06.304Z] batch=field-waveform-1789021784841-12 D5 MODE_SWITCH_OK state=MODE_SWITCH_OK attempts=1 streak=0
[2026-09-10T06:30:06.315Z] batch=field-waveform-1789021784841-12 D2 MODE_SWITCH_START state=MODE_SWITCHING attempts=1 streak=0 attempt=1
[2026-09-10T06:30:06.317Z] batch=field-waveform-1789021784841-12 D2 MODE_SWITCH_OK state=MODE_SWITCH_OK attempts=1 streak=0
[2026-09-10T06:30:06.320Z] batch=field-waveform-1789021784841-12 D1 MODE_SWITCH_START state=MODE_SWITCHING attempts=1 streak=0 attempt=1
[2026-09-10T06:30:06.322Z] batch=field-waveform-1789021784841-12 D1 MODE_SWITCH_OK state=MODE_SWITCH_OK attempts=1 streak=0
[2026-09-10T06:30:06.660Z] batch=field-waveform-1789021784841-12 D6 MODE_SWITCH_START state=MODE_SWITCHING attempts=1 streak=0 attempt=1
[2026-09-10T06:30:06.672Z] batch=field-waveform-1789021784841-12 D6 MODE_SWITCH_OK state=MODE_SWITCH_OK attempts=1 streak=0
[2026-09-10T06:30:10.807Z] batch=field-waveform-1789021784841-12 D3 FIRST_FRAME state=FIRST_FRAME_RECEIVED attempts=1 streak=1
[2026-09-10T06:30:10.808Z] batch=field-waveform-1789021784841-12 D3 FIRST_VALID_SAMPLE state=FIRST_FRAME_RECEIVED attempts=1 streak=1
[2026-09-10T06:30:10.838Z] batch=field-waveform-1789021784841-12 D4 FIRST_FRAME state=FIRST_FRAME_RECEIVED attempts=1 streak=1
[2026-09-10T06:30:10.839Z] batch=field-waveform-1789021784841-12 D4 FIRST_VALID_SAMPLE state=FIRST_FRAME_RECEIVED attempts=1 streak=1
[2026-09-10T06:30:11.063Z] batch=field-waveform-1789021784841-12 D4 CHANNEL_SYNC_OK state=TEST_READY attempts=1 streak=5
[2026-09-10T06:30:11.063Z] batch=field-waveform-1789021784841-12 D4 TEST_READY state=TEST_READY attempts=1 streak=5
[2026-09-10T06:30:11.069Z] batch=field-waveform-1789021784841-12 D3 CHANNEL_SYNC_OK state=TEST_READY attempts=1 streak=5
[2026-09-10T06:30:11.069Z] batch=field-waveform-1789021784841-12 D3 TEST_READY state=TEST_READY attempts=1 streak=5
[2026-09-10T06:30:11.340Z] batch=field-waveform-1789021784841-12 D5 FIRST_FRAME state=FIRST_FRAME_RECEIVED attempts=1 streak=1
[2026-09-10T06:30:11.341Z] batch=field-waveform-1789021784841-12 D5 FIRST_VALID_SAMPLE state=FIRST_FRAME_RECEIVED attempts=1 streak=1
[2026-09-10T06:30:11.378Z] batch=field-waveform-1789021784841-12 D2 FIRST_FRAME state=FIRST_FRAME_RECEIVED attempts=1 streak=1
[2026-09-10T06:30:11.378Z] batch=field-waveform-1789021784841-12 D2 FIRST_VALID_SAMPLE state=FIRST_FRAME_RECEIVED attempts=1 streak=1
[2026-09-10T06:30:11.397Z] batch=field-waveform-1789021784841-12 D1 FIRST_FRAME state=FIRST_FRAME_RECEIVED attempts=1 streak=1
[2026-09-10T06:30:11.398Z] batch=field-waveform-1789021784841-12 D1 FIRST_VALID_SAMPLE state=FIRST_FRAME_RECEIVED attempts=1 streak=1
[2026-09-10T06:30:11.589Z] batch=field-waveform-1789021784841-12 D5 CHANNEL_SYNC_OK state=TEST_READY attempts=1 streak=5
[2026-09-10T06:30:11.589Z] batch=field-waveform-1789021784841-12 D5 TEST_READY state=TEST_READY attempts=1 streak=5
[2026-09-10T06:30:11.630Z] batch=field-waveform-1789021784841-12 D2 CHANNEL_SYNC_OK state=TEST_READY attempts=1 streak=5
[2026-09-10T06:30:11.630Z] batch=field-waveform-1789021784841-12 D2 TEST_READY state=TEST_READY attempts=1 streak=5
[2026-09-10T06:30:11.646Z] batch=field-waveform-1789021784841-12 D1 CHANNEL_SYNC_OK state=TEST_READY attempts=1 streak=5
[2026-09-10T06:30:11.646Z] batch=field-waveform-1789021784841-12 D1 TEST_READY state=TEST_READY attempts=1 streak=5
[2026-09-10T06:30:11.743Z] batch=field-waveform-1789021784841-12 D6 FIRST_FRAME state=FIRST_FRAME_RECEIVED attempts=1 streak=1
[2026-09-10T06:30:11.743Z] batch=field-waveform-1789021784841-12 D6 FIRST_VALID_SAMPLE state=FIRST_FRAME_RECEIVED attempts=1 streak=1
[2026-09-10T06:30:11.992Z] batch=field-waveform-1789021784841-12 D6 CHANNEL_SYNC_OK state=TEST_READY attempts=1 streak=5
[2026-09-10T06:30:11.992Z] batch=field-waveform-1789021784841-12 D6 TEST_READY state=TEST_READY attempts=1 streak=5
[2026-09-10T06:31:22.843Z] batch=field-waveform-1789021784841-12 D6 MODE_SWITCH_START state=MODE_SWITCHING attempts=1 streak=0 attempt=1
[2026-09-10T06:31:22.844Z] batch=field-waveform-1789021784841-12 D6 MODE_SWITCH_OK state=MODE_SWITCH_OK attempts=1 streak=0
[2026-09-10T06:31:22.850Z] batch=field-waveform-1789021784841-12 D2 MODE_SWITCH_START state=MODE_SWITCHING attempts=1 streak=0 attempt=1
[2026-09-10T06:31:22.853Z] batch=field-waveform-1789021784841-12 D2 MODE_SWITCH_OK state=MODE_SWITCH_OK attempts=1 streak=0
[2026-09-10T06:31:22.858Z] batch=field-waveform-1789021784841-12 D3 MODE_SWITCH_START state=MODE_SWITCHING attempts=1 streak=0 attempt=1
[2026-09-10T06:31:22.859Z] batch=field-waveform-1789021784841-12 D3 MODE_SWITCH_OK state=MODE_SWITCH_OK attempts=1 streak=0
[2026-09-10T06:31:22.865Z] batch=field-waveform-1789021784841-12 D4 MODE_SWITCH_START state=MODE_SWITCHING attempts=1 streak=0 attempt=1
[2026-09-10T06:31:22.870Z] batch=field-waveform-1789021784841-12 D4 MODE_SWITCH_OK state=MODE_SWITCH_OK attempts=1 streak=0
[2026-09-10T06:31:22.876Z] batch=field-waveform-1789021784841-12 D1 MODE_SWITCH_START state=MODE_SWITCHING attempts=1 streak=0 attempt=1
[2026-09-10T06:31:22.879Z] batch=field-waveform-1789021784841-12 D1 MODE_SWITCH_OK state=MODE_SWITCH_OK attempts=1 streak=0
[2026-09-10T06:31:32.932Z] batch=field-waveform-1789021784841-12 D6 MODE_SWITCH_START state=MODE_SWITCHING attempts=1 streak=0 attempt=1
[2026-09-10T06:31:32.943Z] batch=field-waveform-1789021784841-12 D6 MODE_SWITCH_OK state=MODE_SWITCH_OK attempts=1 streak=0
[2026-09-10T06:31:32.956Z] batch=field-waveform-1789021784841-12 D2 MODE_SWITCH_START state=MODE_SWITCHING attempts=1 streak=0 attempt=1
[2026-09-10T06:31:32.963Z] batch=field-waveform-1789021784841-12 D2 MODE_SWITCH_OK state=MODE_SWITCH_OK attempts=1 streak=0
[2026-09-10T06:31:32.968Z] batch=field-waveform-1789021784841-12 D3 MODE_SWITCH_START state=MODE_SWITCHING attempts=1 streak=0 attempt=1
[2026-09-10T06:31:32.970Z] batch=field-waveform-1789021784841-12 D3 MODE_SWITCH_OK state=MODE_SWITCH_OK attempts=1 streak=0
[2026-09-10T06:31:32.976Z] batch=field-waveform-1789021784841-12 D4 MODE_SWITCH_START state=MODE_SWITCHING attempts=1 streak=0 attempt=1
[2026-09-10T06:31:32.979Z] batch=field-waveform-1789021784841-12 D4 MODE_SWITCH_OK state=MODE_SWITCH_OK attempts=1 streak=0
[2026-09-10T06:31:32.985Z] batch=field-waveform-1789021784841-12 D5 MODE_SWITCH_START state=MODE_SWITCHING attempts=1 streak=0 attempt=1
[2026-09-10T06:31:32.987Z] batch=field-waveform-1789021784841-12 D5 MODE_SWITCH_OK state=MODE_SWITCH_OK attempts=1 streak=0
[2026-09-10T06:31:32.993Z] batch=field-waveform-1789021784841-12 D1 MODE_SWITCH_START state=MODE_SWITCHING attempts=1 streak=0 attempt=1
[2026-09-10T06:31:32.996Z] batch=field-waveform-1789021784841-12 D1 MODE_SWITCH_OK state=MODE_SWITCH_OK attempts=1 streak=0
[2026-09-10T06:31:38.068Z] batch=field-waveform-1789021784841-12 D6 FIRST_FRAME state=FIRST_FRAME_RECEIVED attempts=1 streak=1
[2026-09-10T06:31:38.068Z] batch=field-waveform-1789021784841-12 D6 FIRST_VALID_SAMPLE state=FIRST_FRAME_RECEIVED attempts=1 streak=1
[2026-09-10T06:31:38.070Z] batch=field-waveform-1789021784841-12 D4 FIRST_FRAME state=FIRST_FRAME_RECEIVED attempts=1 streak=1
[2026-09-10T06:31:38.070Z] batch=field-waveform-1789021784841-12 D4 FIRST_VALID_SAMPLE state=FIRST_FRAME_RECEIVED attempts=1 streak=1
[2026-09-10T06:31:38.071Z] batch=field-waveform-1789021784841-12 D3 FIRST_FRAME state=FIRST_FRAME_RECEIVED attempts=1 streak=1
[2026-09-10T06:31:38.071Z] batch=field-waveform-1789021784841-12 D3 FIRST_VALID_SAMPLE state=FIRST_FRAME_RECEIVED attempts=1 streak=1
[2026-09-10T06:31:38.072Z] batch=field-waveform-1789021784841-12 D5 FIRST_FRAME state=FIRST_FRAME_RECEIVED attempts=1 streak=1
[2026-09-10T06:31:38.072Z] batch=field-waveform-1789021784841-12 D5 FIRST_VALID_SAMPLE state=FIRST_FRAME_RECEIVED attempts=1 streak=1
[2026-09-10T06:31:38.074Z] batch=field-waveform-1789021784841-12 D2 FIRST_FRAME state=FIRST_FRAME_RECEIVED attempts=1 streak=1
[2026-09-10T06:31:38.074Z] batch=field-waveform-1789021784841-12 D2 FIRST_VALID_SAMPLE state=FIRST_FRAME_RECEIVED attempts=1 streak=1
[2026-09-10T06:31:38.079Z] batch=field-waveform-1789021784841-12 D1 FIRST_FRAME state=FIRST_FRAME_RECEIVED attempts=1 streak=1
[2026-09-10T06:31:38.079Z] batch=field-waveform-1789021784841-12 D1 FIRST_VALID_SAMPLE state=FIRST_FRAME_RECEIVED attempts=1 streak=1
[2026-09-10T06:31:38.323Z] batch=field-waveform-1789021784841-12 D4 CHANNEL_SYNC_OK state=TEST_READY attempts=1 streak=5
[2026-09-10T06:31:38.323Z] batch=field-waveform-1789021784841-12 D4 TEST_READY state=TEST_READY attempts=1 streak=5
[2026-09-10T06:31:38.346Z] batch=field-waveform-1789021784841-12 D2 CHANNEL_SYNC_OK state=TEST_READY attempts=1 streak=5
[2026-09-10T06:31:38.346Z] batch=field-waveform-1789021784841-12 D2 TEST_READY state=TEST_READY attempts=1 streak=5
[2026-09-10T06:31:38.350Z] batch=field-waveform-1789021784841-12 D5 CHANNEL_SYNC_OK state=TEST_READY attempts=1 streak=5
[2026-09-10T06:31:38.350Z] batch=field-waveform-1789021784841-12 D5 TEST_READY state=TEST_READY attempts=1 streak=5
[2026-09-10T06:31:38.353Z] batch=field-waveform-1789021784841-12 D3 CHANNEL_SYNC_OK state=TEST_READY attempts=1 streak=5
[2026-09-10T06:31:38.353Z] batch=field-waveform-1789021784841-12 D3 TEST_READY state=TEST_READY attempts=1 streak=5
[2026-09-10T06:31:38.359Z] batch=field-waveform-1789021784841-12 D1 CHANNEL_SYNC_OK state=TEST_READY attempts=1 streak=5
[2026-09-10T06:31:38.359Z] batch=field-waveform-1789021784841-12 D1 TEST_READY state=TEST_READY attempts=1 streak=5
[2026-09-10T06:31:38.364Z] batch=field-waveform-1789021784841-12 D6 CHANNEL_SYNC_OK state=TEST_READY attempts=1 streak=5
[2026-09-10T06:31:38.365Z] batch=field-waveform-1789021784841-12 D6 TEST_READY state=TEST_READY attempts=1 streak=5
