[2026-09-20T01:28:37.647Z] batch=field-waveform-1789867558306-5 D4 MODE_SWITCH_START state=MODE_SWITCHING attempts=1 streak=0 attempt=1
[2026-09-20T01:28:37.648Z] batch=field-waveform-1789867558306-5 D4 MODE_SWITCH_OK state=MODE_SWITCH_OK attempts=1 streak=0
[2026-09-20T01:28:37.930Z] batch=field-waveform-1789867558306-5 D6 MODE_SWITCH_START state=MODE_SWITCHING attempts=1 streak=0 attempt=1
[2026-09-20T01:28:37.931Z] batch=field-waveform-1789867558306-5 D6 MODE_SWITCH_OK state=MODE_SWITCH_OK attempts=1 streak=0
[2026-09-20T01:28:37.939Z] batch=field-waveform-1789867558306-5 D2 MODE_SWITCH_START state=MODE_SWITCHING attempts=1 streak=0 attempt=1
[2026-09-20T01:28:37.940Z] batch=field-waveform-1789867558306-5 D2 MODE_SWITCH_OK state=MODE_SWITCH_OK attempts=1 streak=0
[2026-09-20T01:28:37.946Z] batch=field-waveform-1789867558306-5 D3 MODE_SWITCH_START state=MODE_SWITCHING attempts=1 streak=0 attempt=1
[2026-09-20T01:28:37.946Z] batch=field-waveform-1789867558306-5 D3 MODE_SWITCH_OK state=MODE_SWITCH_OK attempts=1 streak=0
[2026-09-20T01:28:37.952Z] batch=field-waveform-1789867558306-5 D5 MODE_SWITCH_START state=MODE_SWITCHING attempts=1 streak=0 attempt=1
[2026-09-20T01:28:37.954Z] batch=field-waveform-1789867558306-5 D5 MODE_SWITCH_OK state=MODE_SWITCH_OK attempts=1 streak=0
[2026-09-20T01:28:37.960Z] batch=field-waveform-1789867558306-5 D1 MODE_SWITCH_START state=MODE_SWITCHING attempts=1 streak=0 attempt=1
[2026-09-20T01:28:37.961Z] batch=field-waveform-1789867558306-5 D1 MODE_SWITCH_OK state=MODE_SWITCH_OK attempts=1 streak=0
[2026-09-20T01:28:48.077Z] batch=field-waveform-1789867558306-5 D4 MODE_SWITCH_START state=MODE_SWITCHING attempts=1 streak=0 attempt=1
[2026-09-20T01:28:48.078Z] batch=field-waveform-1789867558306-5 D4 MODE_SWITCH_OK state=MODE_SWITCH_OK attempts=1 streak=0
[2026-09-20T01:28:48.082Z] batch=field-waveform-1789867558306-5 D6 MODE_SWITCH_START state=MODE_SWITCHING attempts=1 streak=0 attempt=1
[2026-09-20T01:28:48.083Z] batch=field-waveform-1789867558306-5 D6 MODE_SWITCH_OK state=MODE_SWITCH_OK attempts=1 streak=0
[2026-09-20T01:28:48.088Z] batch=field-waveform-1789867558306-5 D2 MODE_SWITCH_START state=MODE_SWITCHING attempts=1 streak=0 attempt=1
[2026-09-20T01:28:48.089Z] batch=field-waveform-1789867558306-5 D2 MODE_SWITCH_OK state=MODE_SWITCH_OK attempts=1 streak=0
[2026-09-20T01:28:48.097Z] batch=field-waveform-1789867558306-5 D3 MODE_SWITCH_START state=MODE_SWITCHING attempts=1 streak=0 attempt=1
[2026-09-20T01:28:48.098Z] batch=field-waveform-1789867558306-5 D3 MODE_SWITCH_OK state=MODE_SWITCH_OK attempts=1 streak=0
[2026-09-20T01:28:48.103Z] batch=field-waveform-1789867558306-5 D5 MODE_SWITCH_START state=MODE_SWITCHING attempts=1 streak=0 attempt=1
[2026-09-20T01:28:48.104Z] batch=field-waveform-1789867558306-5 D5 MODE_SWITCH_OK state=MODE_SWITCH_OK attempts=1 streak=0
[2026-09-20T01:28:48.109Z] batch=field-waveform-1789867558306-5 D1 MODE_SWITCH_START state=MODE_SWITCHING attempts=1 streak=0 attempt=1
[2026-09-20T01:28:48.110Z] batch=field-waveform-1789867558306-5 D1 MODE_SWITCH_OK state=MODE_SWITCH_OK attempts=1 streak=0
[2026-09-20T01:28:58.356Z] batch=field-waveform-1789867558306-5 D4 MODE_SWITCH_START state=MODE_SWITCHING attempts=1 streak=0 attempt=1
[2026-09-20T01:28:58.357Z] batch=field-waveform-1789867558306-5 D4 MODE_SWITCH_OK state=MODE_SWITCH_OK attempts=1 streak=0
[2026-09-20T01:28:58.363Z] batch=field-waveform-1789867558306-5 D6 MODE_SWITCH_START state=MODE_SWITCHING attempts=1 streak=0 attempt=1
[2026-09-20T01:28:58.364Z] batch=field-waveform-1789867558306-5 D6 MODE_SWITCH_OK state=MODE_SWITCH_OK attempts=1 streak=0
[2026-09-20T01:28:58.371Z] batch=field-waveform-1789867558306-5 D2 MODE_SWITCH_START state=MODE_SWITCHING attempts=1 streak=0 attempt=1
[2026-09-20T01:28:58.372Z] batch=field-waveform-1789867558306-5 D2 MODE_SWITCH_OK state=MODE_SWITCH_OK attempts=1 streak=0
[2026-09-20T01:28:58.378Z] batch=field-waveform-1789867558306-5 D3 MODE_SWITCH_START state=MODE_SWITCHING attempts=1 streak=0 attempt=1
[2026-09-20T01:28:58.379Z] batch=field-waveform-1789867558306-5 D3 MODE_SWITCH_OK state=MODE_SWITCH_OK attempts=1 streak=0
[2026-09-20T01:28:58.386Z] batch=field-waveform-1789867558306-5 D5 MODE_SWITCH_START state=MODE_SWITCHING attempts=1 streak=0 attempt=1
[2026-09-20T01:28:58.387Z] batch=field-waveform-1789867558306-5 D5 MODE_SWITCH_OK state=MODE_SWITCH_OK attempts=1 streak=0
[2026-09-20T01:28:58.393Z] batch=field-waveform-1789867558306-5 D1 MODE_SWITCH_START state=MODE_SWITCHING attempts=1 streak=0 attempt=1
[2026-09-20T01:28:58.394Z] batch=field-waveform-1789867558306-5 D1 MODE_SWITCH_OK state=MODE_SWITCH_OK attempts=1 streak=0
[2026-09-20T01:29:08.593Z] batch=field-waveform-1789867558306-5 D4 MODE_SWITCH_START state=MODE_SWITCHING attempts=1 streak=0 attempt=1
[2026-09-20T01:29:08.596Z] batch=field-waveform-1789867558306-5 D4 MODE_SWITCH_OK state=MODE_SWITCH_OK attempts=1 streak=0
[2026-09-20T01:29:08.603Z] batch=field-waveform-1789867558306-5 D6 MODE_SWITCH_START state=MODE_SWITCHING attempts=1 streak=0 attempt=1
[2026-09-20T01:29:08.604Z] batch=field-waveform-1789867558306-5 D6 MODE_SWITCH_OK state=MODE_SWITCH_OK attempts=1 streak=0
[2026-09-20T01:29:08.612Z] batch=field-waveform-1789867558306-5 D2 MODE_SWITCH_START state=MODE_SWITCHING attempts=1 streak=0 attempt=1
[2026-09-20T01:29:08.613Z] batch=field-waveform-1789867558306-5 D2 MODE_SWITCH_OK state=MODE_SWITCH_OK attempts=1 streak=0
[2026-09-20T01:29:08.618Z] batch=field-waveform-1789867558306-5 D3 MODE_SWITCH_START state=MODE_SWITCHING attempts=1 streak=0 attempt=1
[2026-09-20T01:29:08.619Z] batch=field-waveform-1789867558306-5 D3 MODE_SWITCH_OK state=MODE_SWITCH_OK attempts=1 streak=0
[2026-09-20T01:29:08.627Z] batch=field-waveform-1789867558306-5 D5 MODE_SWITCH_START state=MODE_SWITCHING attempts=1 streak=0 attempt=1
[2026-09-20T01:29:08.628Z] batch=field-waveform-1789867558306-5 D5 MODE_SWITCH_OK state=MODE_SWITCH_OK attempts=1 streak=0
[2026-09-20T01:29:08.633Z] batch=field-waveform-1789867558306-5 D1 MODE_SWITCH_START state=MODE_SWITCHING attempts=1 streak=0 attempt=1
[2026-09-20T01:29:08.634Z] batch=field-waveform-1789867558306-5 D1 MODE_SWITCH_OK state=MODE_SWITCH_OK attempts=1 streak=0
[2026-09-20T01:29:18.616Z] batch=field-waveform-1789867558306-5 D4 MODE_SWITCH_START state=MODE_SWITCHING attempts=1 streak=0 attempt=1
[2026-09-20T01:29:18.617Z] batch=field-waveform-1789867558306-5 D4 MODE_SWITCH_OK state=MODE_SWITCH_OK attempts=1 streak=0
[2026-09-20T01:29:18.623Z] batch=field-waveform-1789867558306-5 D6 MODE_SWITCH_START state=MODE_SWITCHING attempts=1 streak=0 attempt=1
[2026-09-20T01:29:18.625Z] batch=field-waveform-1789867558306-5 D6 MODE_SWITCH_OK state=MODE_SWITCH_OK attempts=1 streak=0
[2026-09-20T01:29:18.947Z] batch=field-waveform-1789867558306-5 D2 MODE_SWITCH_START state=MODE_SWITCHING attempts=1 streak=0 attempt=1
[2026-09-20T01:29:18.950Z] batch=field-waveform-1789867558306-5 D2 MODE_SWITCH_OK state=MODE_SWITCH_OK attempts=1 streak=0
[2026-09-20T01:29:18.956Z] batch=field-waveform-1789867558306-5 D3 MODE_SWITCH_START state=MODE_SWITCHING attempts=1 streak=0 attempt=1
[2026-09-20T01:29:18.956Z] batch=field-waveform-1789867558306-5 D3 MODE_SWITCH_OK state=MODE_SWITCH_OK attempts=1 streak=0
[2026-09-20T01:29:18.963Z] batch=field-waveform-1789867558306-5 D5 MODE_SWITCH_START state=MODE_SWITCHING attempts=1 streak=0 attempt=1
[2026-09-20T01:29:18.964Z] batch=field-waveform-1789867558306-5 D5 MODE_SWITCH_OK state=MODE_SWITCH_OK attempts=1 streak=0
[2026-09-20T01:29:18.970Z] batch=field-waveform-1789867558306-5 D1 MODE_SWITCH_START state=MODE_SWITCHING attempts=1 streak=0 attempt=1
[2026-09-20T01:29:18.971Z] batch=field-waveform-1789867558306-5 D1 MODE_SWITCH_OK state=MODE_SWITCH_OK attempts=1 streak=0
[2026-09-20T01:29:18.997Z] batch=field-waveform-1789867758995-6 D1 MODE_SWITCH_START state=MODE_SWITCHING attempts=1 streak=0 attempt=1
[2026-09-20T01:29:18.999Z] batch=field-waveform-1789867758995-6 D2 MODE_SWITCH_START state=MODE_SWITCHING attempts=1 streak=0 attempt=1
[2026-09-20T01:29:18.999Z] batch=field-waveform-1789867758995-6 D3 MODE_SWITCH_START state=MODE_SWITCHING attempts=1 streak=0 attempt=1
[2026-09-20T01:29:19.000Z] batch=field-waveform-1789867758995-6 D4 MODE_SWITCH_START state=MODE_SWITCHING attempts=1 streak=0 attempt=1
[2026-09-20T01:29:19.001Z] batch=field-waveform-1789867758995-6 D5 MODE_SWITCH_START state=MODE_SWITCHING attempts=1 streak=0 attempt=1
[2026-09-20T01:29:19.001Z] batch=field-waveform-1789867758995-6 D6 MODE_SWITCH_START state=MODE_SWITCHING attempts=1 streak=0 attempt=1
[2026-09-20T01:29:19.004Z] batch=field-waveform-1789867758995-6 D1 MODE_SWITCH_OK state=MODE_SWITCH_OK attempts=1 streak=0
[2026-09-20T01:29:19.006Z] batch=field-waveform-1789867758995-6 D2 MODE_SWITCH_OK state=MODE_SWITCH_OK attempts=1 streak=0
[2026-09-20T01:29:19.006Z] batch=field-waveform-1789867758995-6 D3 MODE_SWITCH_OK state=MODE_SWITCH_OK attempts=1 streak=0
[2026-09-20T01:29:19.006Z] batch=field-waveform-1789867758995-6 D4 MODE_SWITCH_OK state=MODE_SWITCH_OK attempts=1 streak=0
[2026-09-20T01:29:19.007Z] batch=field-waveform-1789867758995-6 D5 MODE_SWITCH_OK state=MODE_SWITCH_OK attempts=1 streak=0
[2026-09-20T01:29:19.007Z] batch=field-waveform-1789867758995-6 D6 MODE_SWITCH_OK state=MODE_SWITCH_OK attempts=1 streak=0
[2026-09-20T01:29:28.618Z] batch=field-waveform-1789867758995-6 D4 MODE_SWITCH_START state=MODE_SWITCHING attempts=1 streak=0 attempt=1
[2026-09-20T01:29:28.619Z] batch=field-waveform-1789867758995-6 D4 MODE_SWITCH_OK state=MODE_SWITCH_OK attempts=1 streak=0
[2026-09-20T01:29:28.634Z] batch=field-waveform-1789867758995-6 D6 MODE_SWITCH_START state=MODE_SWITCHING attempts=1 streak=0 attempt=1
[2026-09-20T01:29:28.635Z] batch=field-waveform-1789867758995-6 D6 MODE_SWITCH_OK state=MODE_SWITCH_OK attempts=1 streak=0
[2026-09-20T01:29:28.956Z] batch=field-waveform-1789867758995-6 D2 MODE_SWITCH_START state=MODE_SWITCHING attempts=1 streak=0 attempt=1
[2026-09-20T01:29:28.958Z] batch=field-waveform-1789867758995-6 D2 MODE_SWITCH_OK state=MODE_SWITCH_OK attempts=1 streak=0
[2026-09-20T01:29:28.960Z] batch=field-waveform-1789867758995-6 D3 MODE_SWITCH_START state=MODE_SWITCHING attempts=1 streak=0 attempt=1
[2026-09-20T01:29:28.962Z] batch=field-waveform-1789867758995-6 D3 MODE_SWITCH_OK state=MODE_SWITCH_OK attempts=1 streak=0
[2026-09-20T01:29:28.964Z] batch=field-waveform-1789867758995-6 D5 MODE_SWITCH_START state=MODE_SWITCHING attempts=1 streak=0 attempt=1
[2026-09-20T01:29:28.966Z] batch=field-waveform-1789867758995-6 D5 MODE_SWITCH_OK state=MODE_SWITCH_OK attempts=1 streak=0
[2026-09-20T01:29:28.986Z] batch=field-waveform-1789867758995-6 D1 MODE_SWITCH_START state=MODE_SWITCHING attempts=1 streak=0 attempt=1
[2026-09-20T01:29:28.988Z] batch=field-waveform-1789867758995-6 D1 MODE_SWITCH_OK state=MODE_SWITCH_OK attempts=1 streak=0
[2026-09-20T01:29:38.626Z] batch=field-waveform-1789867758995-6 D4 MODE_SWITCH_START state=MODE_SWITCHING attempts=1 streak=0 attempt=1
[2026-09-20T01:29:38.627Z] batch=field-waveform-1789867758995-6 D4 MODE_SWITCH_OK state=MODE_SWITCH_OK attempts=1 streak=0
[2026-09-20T01:29:38.641Z] batch=field-waveform-1789867758995-6 D6 MODE_SWITCH_START state=MODE_SWITCHING attempts=1 streak=0 attempt=1
[2026-09-20T01:29:38.642Z] batch=field-waveform-1789867758995-6 D6 MODE_SWITCH_OK state=MODE_SWITCH_OK attempts=1 streak=0
[2026-09-20T01:29:38.964Z] batch=field-waveform-1789867758995-6 D2 MODE_SWITCH_START state=MODE_SWITCHING attempts=1 streak=0 attempt=1
[2026-09-20T01:29:38.965Z] batch=field-waveform-1789867758995-6 D2 MODE_SWITCH_OK state=MODE_SWITCH_OK attempts=1 streak=0
[2026-09-20T01:29:38.967Z] batch=field-waveform-1789867758995-6 D3 MODE_SWITCH_START state=MODE_SWITCHING attempts=1 streak=0 attempt=1
[2026-09-20T01:29:38.968Z] batch=field-waveform-1789867758995-6 D3 MODE_SWITCH_OK state=MODE_SWITCH_OK attempts=1 streak=0
[2026-09-20T01:29:38.969Z] batch=field-waveform-1789867758995-6 D5 MODE_SWITCH_START state=MODE_SWITCHING attempts=1 streak=0 attempt=1
[2026-09-20T01:29:38.969Z] batch=field-waveform-1789867758995-6 D5 MODE_SWITCH_OK state=MODE_SWITCH_OK attempts=1 streak=0
[2026-09-20T01:29:38.994Z] batch=field-waveform-1789867758995-6 D1 MODE_SWITCH_START state=MODE_SWITCHING attempts=1 streak=0 attempt=1
[2026-09-20T01:29:38.995Z] batch=field-waveform-1789867758995-6 D1 MODE_SWITCH_OK state=MODE_SWITCH_OK attempts=1 streak=0
[2026-09-20T01:29:48.641Z] batch=field-waveform-1789867758995-6 D4 MODE_SWITCH_START state=MODE_SWITCHING attempts=1 streak=0 attempt=1
[2026-09-20T01:29:48.643Z] batch=field-waveform-1789867758995-6 D4 MODE_SWITCH_OK state=MODE_SWITCH_OK attempts=1 streak=0
[2026-09-20T01:29:48.659Z] batch=field-waveform-1789867758995-6 D6 MODE_SWITCH_START state=MODE_SWITCHING attempts=1 streak=0 attempt=1
[2026-09-20T01:29:48.669Z] batch=field-waveform-1789867758995-6 D6 MODE_SWITCH_OK state=MODE_SWITCH_OK attempts=1 streak=0
[2026-09-20T01:29:48.979Z] batch=field-waveform-1789867758995-6 D2 MODE_SWITCH_START state=MODE_SWITCHING attempts=1 streak=0 attempt=1
[2026-09-20T01:29:48.982Z] batch=field-waveform-1789867758995-6 D2 MODE_SWITCH_OK state=MODE_SWITCH_OK attempts=1 streak=0
[2026-09-20T01:29:48.984Z] batch=field-waveform-1789867758995-6 D3 MODE_SWITCH_START state=MODE_SWITCHING attempts=1 streak=0 attempt=1
[2026-09-20T01:29:48.985Z] batch=field-waveform-1789867758995-6 D3 MODE_SWITCH_OK state=MODE_SWITCH_OK attempts=1 streak=0
[2026-09-20T01:29:48.990Z] batch=field-waveform-1789867758995-6 D5 MODE_SWITCH_START state=MODE_SWITCHING attempts=1 streak=0 attempt=1
[2026-09-20T01:29:48.991Z] batch=field-waveform-1789867758995-6 D5 MODE_SWITCH_OK state=MODE_SWITCH_OK attempts=1 streak=0
[2026-09-20T01:29:48.997Z] batch=field-waveform-1789867758995-6 D1 MODE_SWITCH_START state=MODE_SWITCHING attempts=1 streak=0 attempt=1
[2026-09-20T01:29:48.999Z] batch=field-waveform-1789867758995-6 D1 MODE_SWITCH_OK state=MODE_SWITCH_OK attempts=1 streak=0
[2026-09-20T01:29:58.645Z] batch=field-waveform-1789867758995-6 D4 MODE_SWITCH_START state=MODE_SWITCHING attempts=1 streak=0 attempt=1
[2026-09-20T01:29:58.647Z] batch=field-waveform-1789867758995-6 D4 MODE_SWITCH_OK state=MODE_SWITCH_OK attempts=1 streak=0
[2026-09-20T01:29:58.676Z] batch=field-waveform-1789867758995-6 D6 MODE_SWITCH_START state=MODE_SWITCHING attempts=1 streak=0 attempt=1
[2026-09-20T01:29:58.680Z] batch=field-waveform-1789867758995-6 D6 MODE_SWITCH_OK state=MODE_SWITCH_OK attempts=1 streak=0
[2026-09-20T01:29:58.983Z] batch=field-waveform-1789867758995-6 D2 MODE_SWITCH_START state=MODE_SWITCHING attempts=1 streak=0 attempt=1
[2026-09-20T01:29:58.985Z] batch=field-waveform-1789867758995-6 D2 MODE_SWITCH_OK state=MODE_SWITCH_OK attempts=1 streak=0
[2026-09-20T01:29:58.988Z] batch=field-waveform-1789867758995-6 D3 MODE_SWITCH_START state=MODE_SWITCHING attempts=1 streak=0 attempt=1
[2026-09-20T01:29:58.990Z] batch=field-waveform-1789867758995-6 D3 MODE_SWITCH_OK state=MODE_SWITCH_OK attempts=1 streak=0
[2026-09-20T01:29:59.007Z] batch=field-waveform-1789867758995-6 D5 MODE_SWITCH_START state=MODE_SWITCHING attempts=1 streak=0 attempt=1
[2026-09-20T01:29:59.008Z] batch=field-waveform-1789867758995-6 D5 MODE_SWITCH_OK state=MODE_SWITCH_OK attempts=1 streak=0
[2026-09-20T01:29:59.009Z] batch=field-waveform-1789867758995-6 D1 MODE_SWITCH_START state=MODE_SWITCHING attempts=1 streak=0 attempt=1
[2026-09-20T01:29:59.010Z] batch=field-waveform-1789867758995-6 D1 MODE_SWITCH_OK state=MODE_SWITCH_OK attempts=1 streak=0
[2026-09-20T01:30:03.695Z] batch=field-waveform-1789867758995-6 D4 FIRST_FRAME state=FIRST_FRAME_RECEIVED attempts=1 streak=1
[2026-09-20T01:30:03.696Z] batch=field-waveform-1789867758995-6 D4 FIRST_VALID_SAMPLE state=FIRST_FRAME_RECEIVED attempts=1 streak=1
[2026-09-20T01:30:03.752Z] batch=field-waveform-1789867758995-6 D6 FIRST_FRAME state=FIRST_FRAME_RECEIVED attempts=1 streak=1
[2026-09-20T01:30:03.752Z] batch=field-waveform-1789867758995-6 D6 FIRST_VALID_SAMPLE state=FIRST_FRAME_RECEIVED attempts=1 streak=1
[2026-09-20T01:30:03.947Z] batch=field-waveform-1789867758995-6 D4 CHANNEL_SYNC_OK state=TEST_READY attempts=1 streak=5
[2026-09-20T01:30:03.947Z] batch=field-waveform-1789867758995-6 D4 TEST_READY state=TEST_READY attempts=1 streak=5
[2026-09-20T01:30:03.987Z] batch=field-waveform-1789867758995-6 D6 CHANNEL_SYNC_OK state=TEST_READY attempts=1 streak=5
[2026-09-20T01:30:03.988Z] batch=field-waveform-1789867758995-6 D6 TEST_READY state=TEST_READY attempts=1 streak=5
[2026-09-20T01:30:04.037Z] batch=field-waveform-1789867758995-6 D2 FIRST_FRAME state=FIRST_FRAME_RECEIVED attempts=1 streak=1
[2026-09-20T01:30:04.038Z] batch=field-waveform-1789867758995-6 D2 FIRST_VALID_SAMPLE state=FIRST_FRAME_RECEIVED attempts=1 streak=1
[2026-09-20T01:30:04.046Z] batch=field-waveform-1789867758995-6 D3 FIRST_FRAME state=FIRST_FRAME_RECEIVED attempts=1 streak=1
[2026-09-20T01:30:04.046Z] batch=field-waveform-1789867758995-6 D3 FIRST_VALID_SAMPLE state=FIRST_FRAME_RECEIVED attempts=1 streak=1
[2026-09-20T01:30:04.051Z] batch=field-waveform-1789867758995-6 D1 FIRST_FRAME state=FIRST_FRAME_RECEIVED attempts=1 streak=1
[2026-09-20T01:30:04.051Z] batch=field-waveform-1789867758995-6 D1 FIRST_VALID_SAMPLE state=FIRST_FRAME_RECEIVED attempts=1 streak=1
[2026-09-20T01:30:04.067Z] batch=field-waveform-1789867758995-6 D5 FIRST_FRAME state=FIRST_FRAME_RECEIVED attempts=1 streak=1
[2026-09-20T01:30:04.067Z] batch=field-waveform-1789867758995-6 D5 FIRST_VALID_SAMPLE state=FIRST_FRAME_RECEIVED attempts=1 streak=1
[2026-09-20T01:30:04.284Z] batch=field-waveform-1789867758995-6 D2 CHANNEL_SYNC_OK state=TEST_READY attempts=1 streak=5
[2026-09-20T01:30:04.285Z] batch=field-waveform-1789867758995-6 D2 TEST_READY state=TEST_READY attempts=1 streak=5
[2026-09-20T01:30:04.300Z] batch=field-waveform-1789867758995-6 D3 CHANNEL_SYNC_OK state=TEST_READY attempts=1 streak=5
[2026-09-20T01:30:04.300Z] batch=field-waveform-1789867758995-6 D3 TEST_READY state=TEST_READY attempts=1 streak=5
[2026-09-20T01:30:04.303Z] batch=field-waveform-1789867758995-6 D1 CHANNEL_SYNC_OK state=TEST_READY attempts=1 streak=5
[2026-09-20T01:30:04.304Z] batch=field-waveform-1789867758995-6 D1 TEST_READY state=TEST_READY attempts=1 streak=5
[2026-09-20T01:30:04.316Z] batch=field-waveform-1789867758995-6 D5 CHANNEL_SYNC_OK state=TEST_READY attempts=1 streak=5
[2026-09-20T01:30:04.316Z] batch=field-waveform-1789867758995-6 D5 TEST_READY state=TEST_READY attempts=1 streak=5
[2026-09-20T01:30:57.341Z] batch=field-waveform-1789867758995-6 D3 MODE_SWITCH_START state=MODE_SWITCHING attempts=1 streak=0 attempt=1
[2026-09-20T01:30:57.343Z] batch=field-waveform-1789867758995-6 D3 MODE_SWITCH_OK state=MODE_SWITCH_OK attempts=1 streak=0
[2026-09-20T01:30:57.346Z] batch=field-waveform-1789867758995-6 D1 MODE_SWITCH_START state=MODE_SWITCHING attempts=1 streak=0 attempt=1
[2026-09-20T01:30:57.347Z] batch=field-waveform-1789867758995-6 D1 MODE_SWITCH_OK state=MODE_SWITCH_OK attempts=1 streak=0
[2026-09-20T01:30:57.350Z] batch=field-waveform-1789867758995-6 D4 MODE_SWITCH_START state=MODE_SWITCHING attempts=1 streak=0 attempt=1
[2026-09-20T01:30:57.351Z] batch=field-waveform-1789867758995-6 D4 MODE_SWITCH_OK state=MODE_SWITCH_OK attempts=1 streak=0
[2026-09-20T01:30:57.465Z] batch=field-waveform-1789867758995-6 D6 MODE_SWITCH_START state=MODE_SWITCHING attempts=1 streak=0 attempt=1
[2026-09-20T01:30:57.466Z] batch=field-waveform-1789867758995-6 D6 MODE_SWITCH_OK state=MODE_SWITCH_OK attempts=1 streak=0
[2026-09-20T01:30:57.471Z] batch=field-waveform-1789867758995-6 D2 MODE_SWITCH_START state=MODE_SWITCHING attempts=1 streak=0 attempt=1
[2026-09-20T01:30:57.472Z] batch=field-waveform-1789867758995-6 D2 MODE_SWITCH_OK state=MODE_SWITCH_OK attempts=1 streak=0
[2026-09-20T01:30:57.476Z] batch=field-waveform-1789867758995-6 D5 MODE_SWITCH_START state=MODE_SWITCHING attempts=1 streak=0 attempt=1
[2026-09-20T01:30:57.477Z] batch=field-waveform-1789867758995-6 D5 MODE_SWITCH_OK state=MODE_SWITCH_OK attempts=1 streak=0
[2026-09-20T01:31:07.387Z] batch=field-waveform-1789867758995-6 D3 MODE_SWITCH_START state=MODE_SWITCHING attempts=1 streak=0 attempt=1
[2026-09-20T01:31:07.388Z] batch=field-waveform-1789867758995-6 D3 MODE_SWITCH_OK state=MODE_SWITCH_OK attempts=1 streak=0
[2026-09-20T01:31:07.391Z] batch=field-waveform-1789867758995-6 D1 MODE_SWITCH_START state=MODE_SWITCHING attempts=1 streak=0 attempt=1
[2026-09-20T01:31:07.392Z] batch=field-waveform-1789867758995-6 D1 MODE_SWITCH_OK state=MODE_SWITCH_OK attempts=1 streak=0
[2026-09-20T01:31:07.397Z] batch=field-waveform-1789867758995-6 D4 MODE_SWITCH_START state=MODE_SWITCHING attempts=1 streak=0 attempt=1
[2026-09-20T01:31:07.397Z] batch=field-waveform-1789867758995-6 D4 MODE_SWITCH_OK state=MODE_SWITCH_OK attempts=1 streak=0
[2026-09-20T01:31:07.491Z] batch=field-waveform-1789867758995-6 D6 MODE_SWITCH_START state=MODE_SWITCHING attempts=1 streak=0 attempt=1
[2026-09-20T01:31:07.494Z] batch=field-waveform-1789867758995-6 D6 MODE_SWITCH_OK state=MODE_SWITCH_OK attempts=1 streak=0
[2026-09-20T01:31:07.497Z] batch=field-waveform-1789867758995-6 D2 MODE_SWITCH_START state=MODE_SWITCHING attempts=1 streak=0 attempt=1
[2026-09-20T01:31:07.498Z] batch=field-waveform-1789867758995-6 D2 MODE_SWITCH_OK state=MODE_SWITCH_OK attempts=1 streak=0
[2026-09-20T01:31:07.502Z] batch=field-waveform-1789867758995-6 D5 MODE_SWITCH_START state=MODE_SWITCHING attempts=1 streak=0 attempt=1
[2026-09-20T01:31:07.503Z] batch=field-waveform-1789867758995-6 D5 MODE_SWITCH_OK state=MODE_SWITCH_OK attempts=1 streak=0
[2026-09-20T01:31:12.492Z] batch=field-waveform-1789867758995-6 D1 FIRST_FRAME state=FIRST_FRAME_RECEIVED attempts=1 streak=1
[2026-09-20T01:31:12.493Z] batch=field-waveform-1789867758995-6 D1 FIRST_VALID_SAMPLE state=FIRST_FRAME_RECEIVED attempts=1 streak=1
[2026-09-20T01:31:12.498Z] batch=field-waveform-1789867758995-6 D3 FIRST_FRAME state=FIRST_FRAME_RECEIVED attempts=1 streak=1
[2026-09-20T01:31:12.498Z] batch=field-waveform-1789867758995-6 D3 FIRST_VALID_SAMPLE state=FIRST_FRAME_RECEIVED attempts=1 streak=1
[2026-09-20T01:31:12.500Z] batch=field-waveform-1789867758995-6 D4 FIRST_FRAME state=FIRST_FRAME_RECEIVED attempts=1 streak=1
[2026-09-20T01:31:12.500Z] batch=field-waveform-1789867758995-6 D4 FIRST_VALID_SAMPLE state=FIRST_FRAME_RECEIVED attempts=1 streak=1
[2026-09-20T01:31:12.695Z] batch=field-waveform-1789867758995-6 D6 FIRST_FRAME state=FIRST_FRAME_RECEIVED attempts=1 streak=1
[2026-09-20T01:31:12.695Z] batch=field-waveform-1789867758995-6 D6 FIRST_VALID_SAMPLE state=FIRST_FRAME_RECEIVED attempts=1 streak=1
[2026-09-20T01:31:12.699Z] batch=field-waveform-1789867758995-6 D1 CHANNEL_SYNC_OK state=TEST_READY attempts=1 streak=5
[2026-09-20T01:31:12.699Z] batch=field-waveform-1789867758995-6 D1 TEST_READY state=TEST_READY attempts=1 streak=5
[2026-09-20T01:31:12.700Z] batch=field-waveform-1789867758995-6 D2 FIRST_FRAME state=FIRST_FRAME_RECEIVED attempts=1 streak=1
[2026-09-20T01:31:12.700Z] batch=field-waveform-1789867758995-6 D2 FIRST_VALID_SAMPLE state=FIRST_FRAME_RECEIVED attempts=1 streak=1
[2026-09-20T01:31:12.701Z] batch=field-waveform-1789867758995-6 D5 FIRST_FRAME state=FIRST_FRAME_RECEIVED attempts=1 streak=1
[2026-09-20T01:31:12.702Z] batch=field-waveform-1789867758995-6 D5 FIRST_VALID_SAMPLE state=FIRST_FRAME_RECEIVED attempts=1 streak=1
[2026-09-20T01:31:12.753Z] batch=field-waveform-1789867758995-6 D4 CHANNEL_SYNC_OK state=TEST_READY attempts=1 streak=5
[2026-09-20T01:31:12.757Z] batch=field-waveform-1789867758995-6 D4 TEST_READY state=TEST_READY attempts=1 streak=5
[2026-09-20T01:31:12.765Z] batch=field-waveform-1789867758995-6 D3 CHANNEL_SYNC_OK state=TEST_READY attempts=1 streak=5
[2026-09-20T01:31:12.765Z] batch=field-waveform-1789867758995-6 D3 TEST_READY state=TEST_READY attempts=1 streak=5
[2026-09-20T01:31:12.936Z] batch=field-waveform-1789867758995-6 D2 CHANNEL_SYNC_OK state=TEST_READY attempts=1 streak=5
[2026-09-20T01:31:12.937Z] batch=field-waveform-1789867758995-6 D2 TEST_READY state=TEST_READY attempts=1 streak=5
[2026-09-20T01:31:12.938Z] batch=field-waveform-1789867758995-6 D5 CHANNEL_SYNC_OK state=TEST_READY attempts=1 streak=5
[2026-09-20T01:31:12.938Z] batch=field-waveform-1789867758995-6 D5 TEST_READY state=TEST_READY attempts=1 streak=5
[2026-09-20T01:31:12.940Z] batch=field-waveform-1789867758995-6 D6 CHANNEL_SYNC_OK state=TEST_READY attempts=1 streak=5
[2026-09-20T01:31:12.940Z] batch=field-waveform-1789867758995-6 D6 TEST_READY state=TEST_READY attempts=1 streak=5
