[2026-09-18T02:25:51.403Z] batch=field-waveform-1789698351401-17 D1 MODE_SWITCH_START state=MODE_SWITCHING attempts=1 streak=0 attempt=1
[2026-09-18T02:25:51.405Z] batch=field-waveform-1789698351401-17 D2 MODE_SWITCH_START state=MODE_SWITCHING attempts=1 streak=0 attempt=1
[2026-09-18T02:25:51.407Z] batch=field-waveform-1789698351401-17 D3 MODE_SWITCH_START state=MODE_SWITCHING attempts=1 streak=0 attempt=1
[2026-09-18T02:25:51.411Z] batch=field-waveform-1789698351401-17 D4 MODE_SWITCH_START state=MODE_SWITCHING attempts=1 streak=0 attempt=1
[2026-09-18T02:25:51.411Z] batch=field-waveform-1789698351401-17 D5 MODE_SWITCH_START state=MODE_SWITCHING attempts=1 streak=0 attempt=1
[2026-09-18T02:25:51.413Z] batch=field-waveform-1789698351401-17 D6 MODE_SWITCH_START state=MODE_SWITCHING attempts=1 streak=0 attempt=1
[2026-09-18T02:25:51.416Z] batch=field-waveform-1789698351401-17 D1 MODE_SWITCH_OK state=MODE_SWITCH_OK attempts=1 streak=0
[2026-09-18T02:25:51.416Z] batch=field-waveform-1789698351401-17 D2 MODE_SWITCH_OK state=MODE_SWITCH_OK attempts=1 streak=0
[2026-09-18T02:25:51.418Z] batch=field-waveform-1789698351401-17 D3 MODE_SWITCH_OK state=MODE_SWITCH_OK attempts=1 streak=0
[2026-09-18T02:25:51.419Z] batch=field-waveform-1789698351401-17 D4 MODE_SWITCH_OK state=MODE_SWITCH_OK attempts=1 streak=0
[2026-09-18T02:25:51.419Z] batch=field-waveform-1789698351401-17 D5 MODE_SWITCH_OK state=MODE_SWITCH_OK attempts=1 streak=0
[2026-09-18T02:25:51.420Z] batch=field-waveform-1789698351401-17 D6 MODE_SWITCH_OK state=MODE_SWITCH_OK attempts=1 streak=0
[2026-09-18T02:25:52.176Z] batch=field-waveform-1789698351401-17 D2 MODE_SWITCH_START state=MODE_SWITCHING attempts=1 streak=0 attempt=1
[2026-09-18T02:25:52.180Z] batch=field-waveform-1789698351401-17 D2 MODE_SWITCH_OK state=MODE_SWITCH_OK attempts=1 streak=0
[2026-09-18T02:25:52.183Z] batch=field-waveform-1789698351401-17 D5 MODE_SWITCH_START state=MODE_SWITCHING attempts=1 streak=0 attempt=1
[2026-09-18T02:25:52.183Z] batch=field-waveform-1789698351401-17 D5 MODE_SWITCH_OK state=MODE_SWITCH_OK attempts=1 streak=0
[2026-09-18T02:25:52.185Z] batch=field-waveform-1789698351401-17 D4 MODE_SWITCH_START state=MODE_SWITCHING attempts=1 streak=0 attempt=1
[2026-09-18T02:25:52.185Z] batch=field-waveform-1789698351401-17 D4 MODE_SWITCH_OK state=MODE_SWITCH_OK attempts=1 streak=0
[2026-09-18T02:25:52.186Z] batch=field-waveform-1789698351401-17 D3 MODE_SWITCH_START state=MODE_SWITCHING attempts=1 streak=0 attempt=1
[2026-09-18T02:25:52.187Z] batch=field-waveform-1789698351401-17 D3 MODE_SWITCH_OK state=MODE_SWITCH_OK attempts=1 streak=0
[2026-09-18T02:25:52.189Z] batch=field-waveform-1789698351401-17 D6 MODE_SWITCH_START state=MODE_SWITCHING attempts=1 streak=0 attempt=1
[2026-09-18T02:25:52.190Z] batch=field-waveform-1789698351401-17 D6 MODE_SWITCH_OK state=MODE_SWITCH_OK attempts=1 streak=0
[2026-09-18T02:25:52.191Z] batch=field-waveform-1789698351401-17 D1 MODE_SWITCH_START state=MODE_SWITCHING attempts=1 streak=0 attempt=1
[2026-09-18T02:25:52.192Z] batch=field-waveform-1789698351401-17 D1 MODE_SWITCH_OK state=MODE_SWITCH_OK attempts=1 streak=0
[2026-09-18T02:26:02.182Z] batch=field-waveform-1789698351401-17 D2 MODE_SWITCH_START state=MODE_SWITCHING attempts=1 streak=0 attempt=1
[2026-09-18T02:26:02.184Z] batch=field-waveform-1789698351401-17 D2 MODE_SWITCH_OK state=MODE_SWITCH_OK attempts=1 streak=0
[2026-09-18T02:26:02.187Z] batch=field-waveform-1789698351401-17 D5 MODE_SWITCH_START state=MODE_SWITCHING attempts=1 streak=0 attempt=1
[2026-09-18T02:26:02.189Z] batch=field-waveform-1789698351401-17 D5 MODE_SWITCH_OK state=MODE_SWITCH_OK attempts=1 streak=0
[2026-09-18T02:26:02.190Z] batch=field-waveform-1789698351401-17 D4 MODE_SWITCH_START state=MODE_SWITCHING attempts=1 streak=0 attempt=1
[2026-09-18T02:26:02.192Z] batch=field-waveform-1789698351401-17 D4 MODE_SWITCH_OK state=MODE_SWITCH_OK attempts=1 streak=0
[2026-09-18T02:26:02.194Z] batch=field-waveform-1789698351401-17 D3 MODE_SWITCH_START state=MODE_SWITCHING attempts=1 streak=0 attempt=1
[2026-09-18T02:26:02.195Z] batch=field-waveform-1789698351401-17 D3 MODE_SWITCH_OK state=MODE_SWITCH_OK attempts=1 streak=0
[2026-09-18T02:26:02.197Z] batch=field-waveform-1789698351401-17 D6 MODE_SWITCH_START state=MODE_SWITCHING attempts=1 streak=0 attempt=1
[2026-09-18T02:26:02.199Z] batch=field-waveform-1789698351401-17 D6 MODE_SWITCH_OK state=MODE_SWITCH_OK attempts=1 streak=0
[2026-09-18T02:26:02.203Z] batch=field-waveform-1789698351401-17 D1 MODE_SWITCH_START state=MODE_SWITCHING attempts=1 streak=0 attempt=1
[2026-09-18T02:26:02.205Z] batch=field-waveform-1789698351401-17 D1 MODE_SWITCH_OK state=MODE_SWITCH_OK attempts=1 streak=0
[2026-09-18T02:26:12.189Z] batch=field-waveform-1789698351401-17 D2 MODE_SWITCH_START state=MODE_SWITCHING attempts=1 streak=0 attempt=1
[2026-09-18T02:26:12.193Z] batch=field-waveform-1789698351401-17 D2 MODE_SWITCH_OK state=MODE_SWITCH_OK attempts=1 streak=0
[2026-09-18T02:26:12.195Z] batch=field-waveform-1789698351401-17 D5 MODE_SWITCH_START state=MODE_SWITCHING attempts=1 streak=0 attempt=1
[2026-09-18T02:26:12.197Z] batch=field-waveform-1789698351401-17 D5 MODE_SWITCH_OK state=MODE_SWITCH_OK attempts=1 streak=0
[2026-09-18T02:26:12.198Z] batch=field-waveform-1789698351401-17 D4 MODE_SWITCH_START state=MODE_SWITCHING attempts=1 streak=0 attempt=1
[2026-09-18T02:26:12.200Z] batch=field-waveform-1789698351401-17 D4 MODE_SWITCH_OK state=MODE_SWITCH_OK attempts=1 streak=0
[2026-09-18T02:26:12.201Z] batch=field-waveform-1789698351401-17 D3 MODE_SWITCH_START state=MODE_SWITCHING attempts=1 streak=0 attempt=1
[2026-09-18T02:26:12.202Z] batch=field-waveform-1789698351401-17 D3 MODE_SWITCH_OK state=MODE_SWITCH_OK attempts=1 streak=0
[2026-09-18T02:26:12.205Z] batch=field-waveform-1789698351401-17 D6 MODE_SWITCH_START state=MODE_SWITCHING attempts=1 streak=0 attempt=1
[2026-09-18T02:26:12.207Z] batch=field-waveform-1789698351401-17 D6 MODE_SWITCH_OK state=MODE_SWITCH_OK attempts=1 streak=0
[2026-09-18T02:26:12.212Z] batch=field-waveform-1789698351401-17 D1 MODE_SWITCH_START state=MODE_SWITCHING attempts=1 streak=0 attempt=1
[2026-09-18T02:26:12.213Z] batch=field-waveform-1789698351401-17 D1 MODE_SWITCH_OK state=MODE_SWITCH_OK attempts=1 streak=0
[2026-09-18T02:26:14.002Z] batch=field-waveform-1789698373999-18 D1 MODE_SWITCH_START state=MODE_SWITCHING attempts=1 streak=0 attempt=1
[2026-09-18T02:26:14.003Z] batch=field-waveform-1789698373999-18 D2 MODE_SWITCH_START state=MODE_SWITCHING attempts=1 streak=0 attempt=1
[2026-09-18T02:26:14.004Z] batch=field-waveform-1789698373999-18 D3 MODE_SWITCH_START state=MODE_SWITCHING attempts=1 streak=0 attempt=1
[2026-09-18T02:26:14.005Z] batch=field-waveform-1789698373999-18 D4 MODE_SWITCH_START state=MODE_SWITCHING attempts=1 streak=0 attempt=1
[2026-09-18T02:26:14.006Z] batch=field-waveform-1789698373999-18 D5 MODE_SWITCH_START state=MODE_SWITCHING attempts=1 streak=0 attempt=1
[2026-09-18T02:26:14.008Z] batch=field-waveform-1789698373999-18 D6 MODE_SWITCH_START state=MODE_SWITCHING attempts=1 streak=0 attempt=1
[2026-09-18T02:26:14.013Z] batch=field-waveform-1789698373999-18 D1 MODE_SWITCH_OK state=MODE_SWITCH_OK attempts=1 streak=0
[2026-09-18T02:26:14.015Z] batch=field-waveform-1789698373999-18 D2 MODE_SWITCH_OK state=MODE_SWITCH_OK attempts=1 streak=0
[2026-09-18T02:26:14.016Z] batch=field-waveform-1789698373999-18 D3 MODE_SWITCH_OK state=MODE_SWITCH_OK attempts=1 streak=0
[2026-09-18T02:26:14.017Z] batch=field-waveform-1789698373999-18 D4 MODE_SWITCH_OK state=MODE_SWITCH_OK attempts=1 streak=0
[2026-09-18T02:26:14.018Z] batch=field-waveform-1789698373999-18 D5 MODE_SWITCH_OK state=MODE_SWITCH_OK attempts=1 streak=0
[2026-09-18T02:26:14.019Z] batch=field-waveform-1789698373999-18 D6 MODE_SWITCH_OK state=MODE_SWITCH_OK attempts=1 streak=0
[2026-09-18T02:26:22.206Z] batch=field-waveform-1789698373999-18 D2 MODE_SWITCH_START state=MODE_SWITCHING attempts=1 streak=0 attempt=1
[2026-09-18T02:26:22.209Z] batch=field-waveform-1789698373999-18 D2 MODE_SWITCH_OK state=MODE_SWITCH_OK attempts=1 streak=0
[2026-09-18T02:26:22.210Z] batch=field-waveform-1789698373999-18 D5 MODE_SWITCH_START state=MODE_SWITCHING attempts=1 streak=0 attempt=1
[2026-09-18T02:26:22.212Z] batch=field-waveform-1789698373999-18 D5 MODE_SWITCH_OK state=MODE_SWITCH_OK attempts=1 streak=0
[2026-09-18T02:26:22.212Z] batch=field-waveform-1789698373999-18 D4 MODE_SWITCH_START state=MODE_SWITCHING attempts=1 streak=0 attempt=1
[2026-09-18T02:26:22.213Z] batch=field-waveform-1789698373999-18 D4 MODE_SWITCH_OK state=MODE_SWITCH_OK attempts=1 streak=0
[2026-09-18T02:26:22.213Z] batch=field-waveform-1789698373999-18 D3 MODE_SWITCH_START state=MODE_SWITCHING attempts=1 streak=0 attempt=1
[2026-09-18T02:26:22.214Z] batch=field-waveform-1789698373999-18 D3 MODE_SWITCH_OK state=MODE_SWITCH_OK attempts=1 streak=0
[2026-09-18T02:26:22.216Z] batch=field-waveform-1789698373999-18 D6 MODE_SWITCH_START state=MODE_SWITCHING attempts=1 streak=0 attempt=1
[2026-09-18T02:26:22.216Z] batch=field-waveform-1789698373999-18 D6 MODE_SWITCH_OK state=MODE_SWITCH_OK attempts=1 streak=0
[2026-09-18T02:26:22.217Z] batch=field-waveform-1789698373999-18 D1 MODE_SWITCH_START state=MODE_SWITCHING attempts=1 streak=0 attempt=1
[2026-09-18T02:26:22.217Z] batch=field-waveform-1789698373999-18 D1 MODE_SWITCH_OK state=MODE_SWITCH_OK attempts=1 streak=0
[2026-09-18T02:26:32.217Z] batch=field-waveform-1789698373999-18 D2 MODE_SWITCH_START state=MODE_SWITCHING attempts=1 streak=0 attempt=1
[2026-09-18T02:26:32.219Z] batch=field-waveform-1789698373999-18 D2 MODE_SWITCH_OK state=MODE_SWITCH_OK attempts=1 streak=0
[2026-09-18T02:26:32.220Z] batch=field-waveform-1789698373999-18 D5 MODE_SWITCH_START state=MODE_SWITCHING attempts=1 streak=0 attempt=1
[2026-09-18T02:26:32.222Z] batch=field-waveform-1789698373999-18 D5 MODE_SWITCH_OK state=MODE_SWITCH_OK attempts=1 streak=0
[2026-09-18T02:26:32.224Z] batch=field-waveform-1789698373999-18 D4 MODE_SWITCH_START state=MODE_SWITCHING attempts=1 streak=0 attempt=1
[2026-09-18T02:26:32.226Z] batch=field-waveform-1789698373999-18 D4 MODE_SWITCH_OK state=MODE_SWITCH_OK attempts=1 streak=0
[2026-09-18T02:26:32.227Z] batch=field-waveform-1789698373999-18 D3 MODE_SWITCH_START state=MODE_SWITCHING attempts=1 streak=0 attempt=1
[2026-09-18T02:26:32.228Z] batch=field-waveform-1789698373999-18 D3 MODE_SWITCH_OK state=MODE_SWITCH_OK attempts=1 streak=0
[2026-09-18T02:26:32.229Z] batch=field-waveform-1789698373999-18 D6 MODE_SWITCH_START state=MODE_SWITCHING attempts=1 streak=0 attempt=1
[2026-09-18T02:26:32.231Z] batch=field-waveform-1789698373999-18 D6 MODE_SWITCH_OK state=MODE_SWITCH_OK attempts=1 streak=0
[2026-09-18T02:26:32.233Z] batch=field-waveform-1789698373999-18 D1 MODE_SWITCH_START state=MODE_SWITCHING attempts=1 streak=0 attempt=1
[2026-09-18T02:26:32.234Z] batch=field-waveform-1789698373999-18 D1 MODE_SWITCH_OK state=MODE_SWITCH_OK attempts=1 streak=0
[2026-09-18T02:26:42.220Z] batch=field-waveform-1789698373999-18 D2 MODE_SWITCH_START state=MODE_SWITCHING attempts=1 streak=0 attempt=1
[2026-09-18T02:26:42.221Z] batch=field-waveform-1789698373999-18 D2 MODE_SWITCH_OK state=MODE_SWITCH_OK attempts=1 streak=0
[2026-09-18T02:26:42.236Z] batch=field-waveform-1789698373999-18 D5 MODE_SWITCH_START state=MODE_SWITCHING attempts=1 streak=0 attempt=1
[2026-09-18T02:26:42.237Z] batch=field-waveform-1789698373999-18 D5 MODE_SWITCH_OK state=MODE_SWITCH_OK attempts=1 streak=0
[2026-09-18T02:26:42.238Z] batch=field-waveform-1789698373999-18 D4 MODE_SWITCH_START state=MODE_SWITCHING attempts=1 streak=0 attempt=1
[2026-09-18T02:26:42.238Z] batch=field-waveform-1789698373999-18 D4 MODE_SWITCH_OK state=MODE_SWITCH_OK attempts=1 streak=0
[2026-09-18T02:26:42.239Z] batch=field-waveform-1789698373999-18 D3 MODE_SWITCH_START state=MODE_SWITCHING attempts=1 streak=0 attempt=1
[2026-09-18T02:26:42.240Z] batch=field-waveform-1789698373999-18 D3 MODE_SWITCH_OK state=MODE_SWITCH_OK attempts=1 streak=0
[2026-09-18T02:26:42.240Z] batch=field-waveform-1789698373999-18 D6 MODE_SWITCH_START state=MODE_SWITCHING attempts=1 streak=0 attempt=1
[2026-09-18T02:26:42.241Z] batch=field-waveform-1789698373999-18 D6 MODE_SWITCH_OK state=MODE_SWITCH_OK attempts=1 streak=0
[2026-09-18T02:26:42.241Z] batch=field-waveform-1789698373999-18 D1 MODE_SWITCH_START state=MODE_SWITCHING attempts=1 streak=0 attempt=1
[2026-09-18T02:26:42.242Z] batch=field-waveform-1789698373999-18 D1 MODE_SWITCH_OK state=MODE_SWITCH_OK attempts=1 streak=0
[2026-09-18T02:26:52.225Z] batch=field-waveform-1789698373999-18 D2 MODE_SWITCH_START state=MODE_SWITCHING attempts=1 streak=0 attempt=1
[2026-09-18T02:26:52.227Z] batch=field-waveform-1789698373999-18 D2 MODE_SWITCH_OK state=MODE_SWITCH_OK attempts=1 streak=0
[2026-09-18T02:26:52.250Z] batch=field-waveform-1789698373999-18 D5 MODE_SWITCH_START state=MODE_SWITCHING attempts=1 streak=0 attempt=1
[2026-09-18T02:26:52.250Z] batch=field-waveform-1789698373999-18 D5 MODE_SWITCH_OK state=MODE_SWITCH_OK attempts=1 streak=0
[2026-09-18T02:26:52.251Z] batch=field-waveform-1789698373999-18 D4 MODE_SWITCH_START state=MODE_SWITCHING attempts=1 streak=0 attempt=1
[2026-09-18T02:26:52.252Z] batch=field-waveform-1789698373999-18 D4 MODE_SWITCH_OK state=MODE_SWITCH_OK attempts=1 streak=0
[2026-09-18T02:26:52.253Z] batch=field-waveform-1789698373999-18 D3 MODE_SWITCH_START state=MODE_SWITCHING attempts=1 streak=0 attempt=1
[2026-09-18T02:26:52.254Z] batch=field-waveform-1789698373999-18 D3 MODE_SWITCH_OK state=MODE_SWITCH_OK attempts=1 streak=0
[2026-09-18T02:26:52.255Z] batch=field-waveform-1789698373999-18 D6 MODE_SWITCH_START state=MODE_SWITCHING attempts=1 streak=0 attempt=1
[2026-09-18T02:26:52.256Z] batch=field-waveform-1789698373999-18 D6 MODE_SWITCH_OK state=MODE_SWITCH_OK attempts=1 streak=0
[2026-09-18T02:26:52.257Z] batch=field-waveform-1789698373999-18 D1 MODE_SWITCH_START state=MODE_SWITCHING attempts=1 streak=0 attempt=1
[2026-09-18T02:26:52.258Z] batch=field-waveform-1789698373999-18 D1 MODE_SWITCH_OK state=MODE_SWITCH_OK attempts=1 streak=0
[2026-09-18T02:26:55.877Z] batch=field-waveform-1789698415876-19 D1 MODE_SWITCH_START state=MODE_SWITCHING attempts=1 streak=0 attempt=1
[2026-09-18T02:26:55.878Z] batch=field-waveform-1789698415876-19 D2 MODE_SWITCH_START state=MODE_SWITCHING attempts=1 streak=0 attempt=1
[2026-09-18T02:26:55.879Z] batch=field-waveform-1789698415876-19 D3 MODE_SWITCH_START state=MODE_SWITCHING attempts=1 streak=0 attempt=1
[2026-09-18T02:26:55.880Z] batch=field-waveform-1789698415876-19 D4 MODE_SWITCH_START state=MODE_SWITCHING attempts=1 streak=0 attempt=1
[2026-09-18T02:26:55.881Z] batch=field-waveform-1789698415876-19 D5 MODE_SWITCH_START state=MODE_SWITCHING attempts=1 streak=0 attempt=1
[2026-09-18T02:26:55.882Z] batch=field-waveform-1789698415876-19 D6 MODE_SWITCH_START state=MODE_SWITCHING attempts=1 streak=0 attempt=1
[2026-09-18T02:26:55.888Z] batch=field-waveform-1789698415876-19 D1 MODE_SWITCH_OK state=MODE_SWITCH_OK attempts=1 streak=0
[2026-09-18T02:26:55.889Z] batch=field-waveform-1789698415876-19 D2 MODE_SWITCH_OK state=MODE_SWITCH_OK attempts=1 streak=0
[2026-09-18T02:26:55.892Z] batch=field-waveform-1789698415876-19 D3 MODE_SWITCH_OK state=MODE_SWITCH_OK attempts=1 streak=0
[2026-09-18T02:26:55.893Z] batch=field-waveform-1789698415876-19 D4 MODE_SWITCH_OK state=MODE_SWITCH_OK attempts=1 streak=0
[2026-09-18T02:26:55.893Z] batch=field-waveform-1789698415876-19 D5 MODE_SWITCH_OK state=MODE_SWITCH_OK attempts=1 streak=0
[2026-09-18T02:26:55.894Z] batch=field-waveform-1789698415876-19 D6 MODE_SWITCH_OK state=MODE_SWITCH_OK attempts=1 streak=0
[2026-09-18T02:27:02.231Z] batch=field-waveform-1789698415876-19 D2 MODE_SWITCH_START state=MODE_SWITCHING attempts=1 streak=0 attempt=1
[2026-09-18T02:27:02.233Z] batch=field-waveform-1789698415876-19 D2 MODE_SWITCH_OK state=MODE_SWITCH_OK attempts=1 streak=0
[2026-09-18T02:27:02.265Z] batch=field-waveform-1789698415876-19 D5 MODE_SWITCH_START state=MODE_SWITCHING attempts=1 streak=0 attempt=1
[2026-09-18T02:27:02.269Z] batch=field-waveform-1789698415876-19 D5 MODE_SWITCH_OK state=MODE_SWITCH_OK attempts=1 streak=0
[2026-09-18T02:27:02.272Z] batch=field-waveform-1789698415876-19 D4 MODE_SWITCH_START state=MODE_SWITCHING attempts=1 streak=0 attempt=1
[2026-09-18T02:27:02.275Z] batch=field-waveform-1789698415876-19 D4 MODE_SWITCH_OK state=MODE_SWITCH_OK attempts=1 streak=0
[2026-09-18T02:27:02.281Z] batch=field-waveform-1789698415876-19 D3 MODE_SWITCH_START state=MODE_SWITCHING attempts=1 streak=0 attempt=1
[2026-09-18T02:27:02.284Z] batch=field-waveform-1789698415876-19 D3 MODE_SWITCH_OK state=MODE_SWITCH_OK attempts=1 streak=0
[2026-09-18T02:27:02.287Z] batch=field-waveform-1789698415876-19 D6 MODE_SWITCH_START state=MODE_SWITCHING attempts=1 streak=0 attempt=1
[2026-09-18T02:27:02.289Z] batch=field-waveform-1789698415876-19 D6 MODE_SWITCH_OK state=MODE_SWITCH_OK attempts=1 streak=0
[2026-09-18T02:27:02.291Z] batch=field-waveform-1789698415876-19 D1 MODE_SWITCH_START state=MODE_SWITCHING attempts=1 streak=0 attempt=1
[2026-09-18T02:27:02.292Z] batch=field-waveform-1789698415876-19 D1 MODE_SWITCH_OK state=MODE_SWITCH_OK attempts=1 streak=0
[2026-09-18T02:27:12.238Z] batch=field-waveform-1789698415876-19 D2 MODE_SWITCH_START state=MODE_SWITCHING attempts=1 streak=0 attempt=1
[2026-09-18T02:27:12.240Z] batch=field-waveform-1789698415876-19 D2 MODE_SWITCH_OK state=MODE_SWITCH_OK attempts=1 streak=0
[2026-09-18T02:27:12.286Z] batch=field-waveform-1789698415876-19 D5 MODE_SWITCH_START state=MODE_SWITCHING attempts=1 streak=0 attempt=1
[2026-09-18T02:27:12.288Z] batch=field-waveform-1789698415876-19 D5 MODE_SWITCH_OK state=MODE_SWITCH_OK attempts=1 streak=0
[2026-09-18T02:27:12.289Z] batch=field-waveform-1789698415876-19 D4 MODE_SWITCH_START state=MODE_SWITCHING attempts=1 streak=0 attempt=1
[2026-09-18T02:27:12.291Z] batch=field-waveform-1789698415876-19 D4 MODE_SWITCH_OK state=MODE_SWITCH_OK attempts=1 streak=0
[2026-09-18T02:27:12.293Z] batch=field-waveform-1789698415876-19 D3 MODE_SWITCH_START state=MODE_SWITCHING attempts=1 streak=0 attempt=1
[2026-09-18T02:27:12.295Z] batch=field-waveform-1789698415876-19 D3 MODE_SWITCH_OK state=MODE_SWITCH_OK attempts=1 streak=0
[2026-09-18T02:27:12.296Z] batch=field-waveform-1789698415876-19 D6 MODE_SWITCH_START state=MODE_SWITCHING attempts=1 streak=0 attempt=1
[2026-09-18T02:27:12.298Z] batch=field-waveform-1789698415876-19 D6 MODE_SWITCH_OK state=MODE_SWITCH_OK attempts=1 streak=0
[2026-09-18T02:27:12.300Z] batch=field-waveform-1789698415876-19 D1 MODE_SWITCH_START state=MODE_SWITCHING attempts=1 streak=0 attempt=1
[2026-09-18T02:27:12.303Z] batch=field-waveform-1789698415876-19 D1 MODE_SWITCH_OK state=MODE_SWITCH_OK attempts=1 streak=0
[2026-09-18T02:27:22.255Z] batch=field-waveform-1789698415876-19 D2 MODE_SWITCH_START state=MODE_SWITCHING attempts=1 streak=0 attempt=1
[2026-09-18T02:27:22.256Z] batch=field-waveform-1789698415876-19 D2 MODE_SWITCH_OK state=MODE_SWITCH_OK attempts=1 streak=0
[2026-09-18T02:27:22.290Z] batch=field-waveform-1789698415876-19 D5 MODE_SWITCH_START state=MODE_SWITCHING attempts=1 streak=0 attempt=1
[2026-09-18T02:27:22.295Z] batch=field-waveform-1789698415876-19 D5 MODE_SWITCH_OK state=MODE_SWITCH_OK attempts=1 streak=0
[2026-09-18T02:27:22.297Z] batch=field-waveform-1789698415876-19 D4 MODE_SWITCH_START state=MODE_SWITCHING attempts=1 streak=0 attempt=1
[2026-09-18T02:27:22.300Z] batch=field-waveform-1789698415876-19 D4 MODE_SWITCH_OK state=MODE_SWITCH_OK attempts=1 streak=0
[2026-09-18T02:27:22.302Z] batch=field-waveform-1789698415876-19 D3 MODE_SWITCH_START state=MODE_SWITCHING attempts=1 streak=0 attempt=1
[2026-09-18T02:27:22.304Z] batch=field-waveform-1789698415876-19 D3 MODE_SWITCH_OK state=MODE_SWITCH_OK attempts=1 streak=0
[2026-09-18T02:27:22.306Z] batch=field-waveform-1789698415876-19 D6 MODE_SWITCH_START state=MODE_SWITCHING attempts=1 streak=0 attempt=1
[2026-09-18T02:27:22.308Z] batch=field-waveform-1789698415876-19 D6 MODE_SWITCH_OK state=MODE_SWITCH_OK attempts=1 streak=0
[2026-09-18T02:27:22.312Z] batch=field-waveform-1789698415876-19 D1 MODE_SWITCH_START state=MODE_SWITCHING attempts=1 streak=0 attempt=1
[2026-09-18T02:27:22.317Z] batch=field-waveform-1789698415876-19 D1 MODE_SWITCH_OK state=MODE_SWITCH_OK attempts=1 streak=0
[2026-09-18T02:27:32.260Z] batch=field-waveform-1789698415876-19 D2 MODE_SWITCH_START state=MODE_SWITCHING attempts=1 streak=0 attempt=1
[2026-09-18T02:27:32.262Z] batch=field-waveform-1789698415876-19 D2 MODE_SWITCH_OK state=MODE_SWITCH_OK attempts=1 streak=0
[2026-09-18T02:27:32.307Z] batch=field-waveform-1789698415876-19 D5 MODE_SWITCH_START state=MODE_SWITCHING attempts=1 streak=0 attempt=1
[2026-09-18T02:27:32.314Z] batch=field-waveform-1789698415876-19 D5 MODE_SWITCH_OK state=MODE_SWITCH_OK attempts=1 streak=0
[2026-09-18T02:27:32.316Z] batch=field-waveform-1789698415876-19 D4 MODE_SWITCH_START state=MODE_SWITCHING attempts=1 streak=0 attempt=1
[2026-09-18T02:27:32.317Z] batch=field-waveform-1789698415876-19 D4 MODE_SWITCH_OK state=MODE_SWITCH_OK attempts=1 streak=0
[2026-09-18T02:27:32.319Z] batch=field-waveform-1789698415876-19 D3 MODE_SWITCH_START state=MODE_SWITCHING attempts=1 streak=0 attempt=1
[2026-09-18T02:27:32.319Z] batch=field-waveform-1789698415876-19 D3 MODE_SWITCH_OK state=MODE_SWITCH_OK attempts=1 streak=0
[2026-09-18T02:27:32.335Z] batch=field-waveform-1789698415876-19 D6 MODE_SWITCH_START state=MODE_SWITCHING attempts=1 streak=0 attempt=1
[2026-09-18T02:27:32.336Z] batch=field-waveform-1789698415876-19 D6 MODE_SWITCH_OK state=MODE_SWITCH_OK attempts=1 streak=0
[2026-09-18T02:27:32.336Z] batch=field-waveform-1789698415876-19 D1 MODE_SWITCH_START state=MODE_SWITCHING attempts=1 streak=0 attempt=1
[2026-09-18T02:27:32.337Z] batch=field-waveform-1789698415876-19 D1 MODE_SWITCH_OK state=MODE_SWITCH_OK attempts=1 streak=0
[2026-09-18T02:27:42.274Z] batch=field-waveform-1789698415876-19 D2 MODE_SWITCH_START state=MODE_SWITCHING attempts=1 streak=0 attempt=1
[2026-09-18T02:27:42.276Z] batch=field-waveform-1789698415876-19 D2 MODE_SWITCH_OK state=MODE_SWITCH_OK attempts=1 streak=0
[2026-09-18T02:27:42.318Z] batch=field-waveform-1789698415876-19 D5 MODE_SWITCH_START state=MODE_SWITCHING attempts=1 streak=0 attempt=1
[2026-09-18T02:27:42.320Z] batch=field-waveform-1789698415876-19 D5 MODE_SWITCH_OK state=MODE_SWITCH_OK attempts=1 streak=0
[2026-09-18T02:27:42.321Z] batch=field-waveform-1789698415876-19 D4 MODE_SWITCH_START state=MODE_SWITCHING attempts=1 streak=0 attempt=1
[2026-09-18T02:27:42.326Z] batch=field-waveform-1789698415876-19 D4 MODE_SWITCH_OK state=MODE_SWITCH_OK attempts=1 streak=0
[2026-09-18T02:27:42.343Z] batch=field-waveform-1789698415876-19 D3 MODE_SWITCH_START state=MODE_SWITCHING attempts=1 streak=0 attempt=1
[2026-09-18T02:27:42.344Z] batch=field-waveform-1789698415876-19 D3 MODE_SWITCH_OK state=MODE_SWITCH_OK attempts=1 streak=0
[2026-09-18T02:27:42.345Z] batch=field-waveform-1789698415876-19 D6 MODE_SWITCH_START state=MODE_SWITCHING attempts=1 streak=0 attempt=1
[2026-09-18T02:27:42.346Z] batch=field-waveform-1789698415876-19 D6 MODE_SWITCH_OK state=MODE_SWITCH_OK attempts=1 streak=0
[2026-09-18T02:27:42.346Z] batch=field-waveform-1789698415876-19 D1 MODE_SWITCH_START state=MODE_SWITCHING attempts=1 streak=0 attempt=1
[2026-09-18T02:27:42.347Z] batch=field-waveform-1789698415876-19 D1 MODE_SWITCH_OK state=MODE_SWITCH_OK attempts=1 streak=0
[2026-09-18T02:27:47.362Z] batch=field-waveform-1789698415876-19 D2 FIRST_FRAME state=FIRST_FRAME_RECEIVED attempts=1 streak=1
[2026-09-18T02:27:47.363Z] batch=field-waveform-1789698415876-19 D2 FIRST_VALID_SAMPLE state=FIRST_FRAME_RECEIVED attempts=1 streak=1
[2026-09-18T02:27:47.393Z] batch=field-waveform-1789698415876-19 D5 FIRST_FRAME state=FIRST_FRAME_RECEIVED attempts=1 streak=1
[2026-09-18T02:27:47.394Z] batch=field-waveform-1789698415876-19 D5 FIRST_VALID_SAMPLE state=FIRST_FRAME_RECEIVED attempts=1 streak=1
[2026-09-18T02:27:47.395Z] batch=field-waveform-1789698415876-19 D4 FIRST_FRAME state=FIRST_FRAME_RECEIVED attempts=1 streak=1
[2026-09-18T02:27:47.395Z] batch=field-waveform-1789698415876-19 D4 FIRST_VALID_SAMPLE state=FIRST_FRAME_RECEIVED attempts=1 streak=1
[2026-09-18T02:27:47.430Z] batch=field-waveform-1789698415876-19 D1 FIRST_FRAME state=FIRST_FRAME_RECEIVED attempts=1 streak=1
[2026-09-18T02:27:47.431Z] batch=field-waveform-1789698415876-19 D1 FIRST_VALID_SAMPLE state=FIRST_FRAME_RECEIVED attempts=1 streak=1
[2026-09-18T02:27:47.435Z] batch=field-waveform-1789698415876-19 D6 FIRST_FRAME state=FIRST_FRAME_RECEIVED attempts=1 streak=1
[2026-09-18T02:27:47.435Z] batch=field-waveform-1789698415876-19 D6 FIRST_VALID_SAMPLE state=FIRST_FRAME_RECEIVED attempts=1 streak=1
[2026-09-18T02:27:47.436Z] batch=field-waveform-1789698415876-19 D3 FIRST_FRAME state=FIRST_FRAME_RECEIVED attempts=1 streak=1
[2026-09-18T02:27:47.437Z] batch=field-waveform-1789698415876-19 D3 FIRST_VALID_SAMPLE state=FIRST_FRAME_RECEIVED attempts=1 streak=1
[2026-09-18T02:27:47.627Z] batch=field-waveform-1789698415876-19 D2 CHANNEL_SYNC_OK state=TEST_READY attempts=1 streak=5
[2026-09-18T02:27:47.627Z] batch=field-waveform-1789698415876-19 D2 TEST_READY state=TEST_READY attempts=1 streak=5
[2026-09-18T02:27:47.629Z] batch=field-waveform-1789698415876-19 D5 CHANNEL_SYNC_OK state=TEST_READY attempts=1 streak=5
[2026-09-18T02:27:47.629Z] batch=field-waveform-1789698415876-19 D5 TEST_READY state=TEST_READY attempts=1 streak=5
[2026-09-18T02:27:47.630Z] batch=field-waveform-1789698415876-19 D4 CHANNEL_SYNC_OK state=TEST_READY attempts=1 streak=5
[2026-09-18T02:27:47.630Z] batch=field-waveform-1789698415876-19 D4 TEST_READY state=TEST_READY attempts=1 streak=5
[2026-09-18T02:27:47.704Z] batch=field-waveform-1789698415876-19 D1 CHANNEL_SYNC_OK state=TEST_READY attempts=1 streak=5
[2026-09-18T02:27:47.705Z] batch=field-waveform-1789698415876-19 D1 TEST_READY state=TEST_READY attempts=1 streak=5
[2026-09-18T02:27:47.705Z] batch=field-waveform-1789698415876-19 D6 CHANNEL_SYNC_OK state=TEST_READY attempts=1 streak=5
[2026-09-18T02:27:47.706Z] batch=field-waveform-1789698415876-19 D6 TEST_READY state=TEST_READY attempts=1 streak=5
[2026-09-18T02:27:47.707Z] batch=field-waveform-1789698415876-19 D3 CHANNEL_SYNC_OK state=TEST_READY attempts=1 streak=5
[2026-09-18T02:27:47.707Z] batch=field-waveform-1789698415876-19 D3 TEST_READY state=TEST_READY attempts=1 streak=5
[2026-09-18T02:27:58.562Z] batch=field-waveform-1789698415876-19 D1 MODE_SWITCH_START state=MODE_SWITCHING attempts=1 streak=0 attempt=1
[2026-09-18T02:27:58.564Z] batch=field-waveform-1789698415876-19 D1 MODE_SWITCH_OK state=MODE_SWITCH_OK attempts=1 streak=0
[2026-09-18T02:27:58.565Z] batch=field-waveform-1789698415876-19 D3 MODE_SWITCH_START state=MODE_SWITCHING attempts=1 streak=0 attempt=1
[2026-09-18T02:27:58.566Z] batch=field-waveform-1789698415876-19 D3 MODE_SWITCH_OK state=MODE_SWITCH_OK attempts=1 streak=0
[2026-09-18T02:27:58.567Z] batch=field-waveform-1789698415876-19 D6 MODE_SWITCH_START state=MODE_SWITCHING attempts=1 streak=0 attempt=1
[2026-09-18T02:27:58.570Z] batch=field-waveform-1789698415876-19 D6 MODE_SWITCH_OK state=MODE_SWITCH_OK attempts=1 streak=0
[2026-09-18T02:27:58.573Z] batch=field-waveform-1789698415876-19 D5 MODE_SWITCH_START state=MODE_SWITCHING attempts=1 streak=0 attempt=1
[2026-09-18T02:27:58.574Z] batch=field-waveform-1789698415876-19 D5 MODE_SWITCH_OK state=MODE_SWITCH_OK attempts=1 streak=0
[2026-09-18T02:27:58.575Z] batch=field-waveform-1789698415876-19 D4 MODE_SWITCH_START state=MODE_SWITCHING attempts=1 streak=0 attempt=1
[2026-09-18T02:27:58.577Z] batch=field-waveform-1789698415876-19 D4 MODE_SWITCH_OK state=MODE_SWITCH_OK attempts=1 streak=0
[2026-09-18T02:27:58.717Z] batch=field-waveform-1789698415876-19 D2 MODE_SWITCH_START state=MODE_SWITCHING attempts=1 streak=0 attempt=1
[2026-09-18T02:27:58.722Z] batch=field-waveform-1789698415876-19 D2 MODE_SWITCH_OK state=MODE_SWITCH_OK attempts=1 streak=0
[2026-09-18T02:28:03.627Z] batch=field-waveform-1789698415876-19 D1 FIRST_FRAME state=FIRST_FRAME_RECEIVED attempts=1 streak=1
[2026-09-18T02:28:03.628Z] batch=field-waveform-1789698415876-19 D1 FIRST_VALID_SAMPLE state=FIRST_FRAME_RECEIVED attempts=1 streak=1
[2026-09-18T02:28:03.630Z] batch=field-waveform-1789698415876-19 D3 FIRST_FRAME state=FIRST_FRAME_RECEIVED attempts=1 streak=1
[2026-09-18T02:28:03.630Z] batch=field-waveform-1789698415876-19 D3 FIRST_VALID_SAMPLE state=FIRST_FRAME_RECEIVED attempts=1 streak=1
[2026-09-18T02:28:03.631Z] batch=field-waveform-1789698415876-19 D4 FIRST_FRAME state=FIRST_FRAME_RECEIVED attempts=1 streak=1
[2026-09-18T02:28:03.631Z] batch=field-waveform-1789698415876-19 D4 FIRST_VALID_SAMPLE state=FIRST_FRAME_RECEIVED attempts=1 streak=1
[2026-09-18T02:28:03.632Z] batch=field-waveform-1789698415876-19 D5 FIRST_FRAME state=FIRST_FRAME_RECEIVED attempts=1 streak=1
[2026-09-18T02:28:03.632Z] batch=field-waveform-1789698415876-19 D5 FIRST_VALID_SAMPLE state=FIRST_FRAME_RECEIVED attempts=1 streak=1
[2026-09-18T02:28:03.634Z] batch=field-waveform-1789698415876-19 D6 FIRST_FRAME state=FIRST_FRAME_RECEIVED attempts=1 streak=1
[2026-09-18T02:28:03.635Z] batch=field-waveform-1789698415876-19 D6 FIRST_VALID_SAMPLE state=FIRST_FRAME_RECEIVED attempts=1 streak=1
[2026-09-18T02:28:03.842Z] batch=field-waveform-1789698415876-19 D2 FIRST_FRAME state=FIRST_FRAME_RECEIVED attempts=1 streak=1
[2026-09-18T02:28:03.842Z] batch=field-waveform-1789698415876-19 D2 FIRST_VALID_SAMPLE state=FIRST_FRAME_RECEIVED attempts=1 streak=1
[2026-09-18T02:28:03.872Z] batch=field-waveform-1789698415876-19 D1 CHANNEL_SYNC_OK state=TEST_READY attempts=1 streak=5
[2026-09-18T02:28:03.873Z] batch=field-waveform-1789698415876-19 D1 TEST_READY state=TEST_READY attempts=1 streak=5
[2026-09-18T02:28:03.877Z] batch=field-waveform-1789698415876-19 D6 CHANNEL_SYNC_OK state=TEST_READY attempts=1 streak=5
[2026-09-18T02:28:03.878Z] batch=field-waveform-1789698415876-19 D6 TEST_READY state=TEST_READY attempts=1 streak=5
[2026-09-18T02:28:03.880Z] batch=field-waveform-1789698415876-19 D3 CHANNEL_SYNC_OK state=TEST_READY attempts=1 streak=5
[2026-09-18T02:28:03.880Z] batch=field-waveform-1789698415876-19 D3 TEST_READY state=TEST_READY attempts=1 streak=5
[2026-09-18T02:28:03.911Z] batch=field-waveform-1789698415876-19 D4 CHANNEL_SYNC_OK state=TEST_READY attempts=1 streak=5
[2026-09-18T02:28:03.911Z] batch=field-waveform-1789698415876-19 D4 TEST_READY state=TEST_READY attempts=1 streak=5
[2026-09-18T02:28:03.912Z] batch=field-waveform-1789698415876-19 D5 CHANNEL_SYNC_OK state=TEST_READY attempts=1 streak=5
[2026-09-18T02:28:03.913Z] batch=field-waveform-1789698415876-19 D5 TEST_READY state=TEST_READY attempts=1 streak=5
[2026-09-18T02:28:04.052Z] batch=field-waveform-1789698415876-19 D2 CHANNEL_SYNC_OK state=TEST_READY attempts=1 streak=5
[2026-09-18T02:28:04.052Z] batch=field-waveform-1789698415876-19 D2 TEST_READY state=TEST_READY attempts=1 streak=5
[2026-09-18T02:28:56.449Z] batch=field-waveform-1789698415876-19 D1 MODE_SWITCH_START state=MODE_SWITCHING attempts=1 streak=0 attempt=1
[2026-09-18T02:28:56.449Z] batch=field-waveform-1789698415876-19 D1 MODE_SWITCH_OK state=MODE_SWITCH_OK attempts=1 streak=0
[2026-09-18T02:28:56.452Z] batch=field-waveform-1789698415876-19 D3 MODE_SWITCH_START state=MODE_SWITCHING attempts=1 streak=0 attempt=1
[2026-09-18T02:28:56.453Z] batch=field-waveform-1789698415876-19 D3 MODE_SWITCH_OK state=MODE_SWITCH_OK attempts=1 streak=0
[2026-09-18T02:28:56.556Z] batch=field-waveform-1789698415876-19 D6 MODE_SWITCH_START state=MODE_SWITCHING attempts=1 streak=0 attempt=1
[2026-09-18T02:28:56.557Z] batch=field-waveform-1789698415876-19 D6 MODE_SWITCH_OK state=MODE_SWITCH_OK attempts=1 streak=0
[2026-09-18T02:28:56.562Z] batch=field-waveform-1789698415876-19 D4 MODE_SWITCH_START state=MODE_SWITCHING attempts=1 streak=0 attempt=1
[2026-09-18T02:28:56.564Z] batch=field-waveform-1789698415876-19 D4 MODE_SWITCH_OK state=MODE_SWITCH_OK attempts=1 streak=0
[2026-09-18T02:28:56.581Z] batch=field-waveform-1789698415876-19 D2 MODE_SWITCH_START state=MODE_SWITCHING attempts=1 streak=0 attempt=1
[2026-09-18T02:28:56.585Z] batch=field-waveform-1789698415876-19 D2 MODE_SWITCH_OK state=MODE_SWITCH_OK attempts=1 streak=0
[2026-09-18T02:28:56.594Z] batch=field-waveform-1789698415876-19 D5 MODE_SWITCH_START state=MODE_SWITCHING attempts=1 streak=0 attempt=1
[2026-09-18T02:28:56.596Z] batch=field-waveform-1789698415876-19 D5 MODE_SWITCH_OK state=MODE_SWITCH_OK attempts=1 streak=0
[2026-09-18T02:29:06.763Z] batch=field-waveform-1789698415876-19 D1 MODE_SWITCH_START state=MODE_SWITCHING attempts=1 streak=0 attempt=1
[2026-09-18T02:29:06.764Z] batch=field-waveform-1789698415876-19 D1 MODE_SWITCH_OK state=MODE_SWITCH_OK attempts=1 streak=0
[2026-09-18T02:29:06.768Z] batch=field-waveform-1789698415876-19 D3 MODE_SWITCH_START state=MODE_SWITCHING attempts=1 streak=0 attempt=1
[2026-09-18T02:29:06.770Z] batch=field-waveform-1789698415876-19 D3 MODE_SWITCH_OK state=MODE_SWITCH_OK attempts=1 streak=0
[2026-09-18T02:29:06.773Z] batch=field-waveform-1789698415876-19 D6 MODE_SWITCH_START state=MODE_SWITCHING attempts=1 streak=0 attempt=1
[2026-09-18T02:29:06.774Z] batch=field-waveform-1789698415876-19 D6 MODE_SWITCH_OK state=MODE_SWITCH_OK attempts=1 streak=0
[2026-09-18T02:29:06.780Z] batch=field-waveform-1789698415876-19 D4 MODE_SWITCH_START state=MODE_SWITCHING attempts=1 streak=0 attempt=1
[2026-09-18T02:29:06.780Z] batch=field-waveform-1789698415876-19 D4 MODE_SWITCH_OK state=MODE_SWITCH_OK attempts=1 streak=0
[2026-09-18T02:29:06.784Z] batch=field-waveform-1789698415876-19 D2 MODE_SWITCH_START state=MODE_SWITCHING attempts=1 streak=0 attempt=1
[2026-09-18T02:29:06.785Z] batch=field-waveform-1789698415876-19 D2 MODE_SWITCH_OK state=MODE_SWITCH_OK attempts=1 streak=0
[2026-09-18T02:29:06.789Z] batch=field-waveform-1789698415876-19 D5 MODE_SWITCH_START state=MODE_SWITCHING attempts=1 streak=0 attempt=1
[2026-09-18T02:29:06.790Z] batch=field-waveform-1789698415876-19 D5 MODE_SWITCH_OK state=MODE_SWITCH_OK attempts=1 streak=0
[2026-09-18T02:29:11.949Z] batch=field-waveform-1789698415876-19 D1 FIRST_FRAME state=FIRST_FRAME_RECEIVED attempts=1 streak=1
[2026-09-18T02:29:11.949Z] batch=field-waveform-1789698415876-19 D1 FIRST_VALID_SAMPLE state=FIRST_FRAME_RECEIVED attempts=1 streak=1
[2026-09-18T02:29:11.985Z] batch=field-waveform-1789698415876-19 D5 FIRST_FRAME state=FIRST_FRAME_RECEIVED attempts=1 streak=1
[2026-09-18T02:29:11.985Z] batch=field-waveform-1789698415876-19 D5 FIRST_VALID_SAMPLE state=FIRST_FRAME_RECEIVED attempts=1 streak=1
[2026-09-18T02:29:11.991Z] batch=field-waveform-1789698415876-19 D3 FIRST_FRAME state=FIRST_FRAME_RECEIVED attempts=1 streak=1
[2026-09-18T02:29:11.991Z] batch=field-waveform-1789698415876-19 D3 FIRST_VALID_SAMPLE state=FIRST_FRAME_RECEIVED attempts=1 streak=1
[2026-09-18T02:29:11.995Z] batch=field-waveform-1789698415876-19 D2 FIRST_FRAME state=FIRST_FRAME_RECEIVED attempts=1 streak=1
[2026-09-18T02:29:11.995Z] batch=field-waveform-1789698415876-19 D2 FIRST_VALID_SAMPLE state=FIRST_FRAME_RECEIVED attempts=1 streak=1
[2026-09-18T02:29:11.998Z] batch=field-waveform-1789698415876-19 D6 FIRST_FRAME state=FIRST_FRAME_RECEIVED attempts=1 streak=1
[2026-09-18T02:29:11.998Z] batch=field-waveform-1789698415876-19 D6 FIRST_VALID_SAMPLE state=FIRST_FRAME_RECEIVED attempts=1 streak=1
[2026-09-18T02:29:12.002Z] batch=field-waveform-1789698415876-19 D4 FIRST_FRAME state=FIRST_FRAME_RECEIVED attempts=1 streak=1
[2026-09-18T02:29:12.002Z] batch=field-waveform-1789698415876-19 D4 FIRST_VALID_SAMPLE state=FIRST_FRAME_RECEIVED attempts=1 streak=1
[2026-09-18T02:29:12.094Z] batch=field-waveform-1789698415876-19 D1 CHANNEL_SYNC_OK state=TEST_READY attempts=1 streak=5
[2026-09-18T02:29:12.094Z] batch=field-waveform-1789698415876-19 D1 TEST_READY state=TEST_READY attempts=1 streak=5
[2026-09-18T02:29:12.127Z] batch=field-waveform-1789698415876-19 D6 CHANNEL_SYNC_OK state=TEST_READY attempts=1 streak=5
[2026-09-18T02:29:12.128Z] batch=field-waveform-1789698415876-19 D6 TEST_READY state=TEST_READY attempts=1 streak=5
[2026-09-18T02:29:12.130Z] batch=field-waveform-1789698415876-19 D2 CHANNEL_SYNC_OK state=TEST_READY attempts=1 streak=5
[2026-09-18T02:29:12.130Z] batch=field-waveform-1789698415876-19 D2 TEST_READY state=TEST_READY attempts=1 streak=5
[2026-09-18T02:29:12.132Z] batch=field-waveform-1789698415876-19 D5 CHANNEL_SYNC_OK state=TEST_READY attempts=1 streak=5
[2026-09-18T02:29:12.133Z] batch=field-waveform-1789698415876-19 D5 TEST_READY state=TEST_READY attempts=1 streak=5
[2026-09-18T02:29:12.134Z] batch=field-waveform-1789698415876-19 D3 CHANNEL_SYNC_OK state=TEST_READY attempts=1 streak=5
[2026-09-18T02:29:12.135Z] batch=field-waveform-1789698415876-19 D3 TEST_READY state=TEST_READY attempts=1 streak=5
[2026-09-18T02:29:12.137Z] batch=field-waveform-1789698415876-19 D4 CHANNEL_SYNC_OK state=TEST_READY attempts=1 streak=5
[2026-09-18T02:29:12.137Z] batch=field-waveform-1789698415876-19 D4 TEST_READY state=TEST_READY attempts=1 streak=5
