[2026-09-14T11:34:36.048Z] batch=field-waveform-1789385539589-7 D3 MODE_SWITCH_START state=MODE_SWITCHING attempts=1 streak=0 attempt=1
[2026-09-14T11:34:36.049Z] batch=field-waveform-1789385539589-7 D3 MODE_SWITCH_OK state=MODE_SWITCH_OK attempts=1 streak=0
[2026-09-14T11:34:36.054Z] batch=field-waveform-1789385539589-7 D5 MODE_SWITCH_START state=MODE_SWITCHING attempts=1 streak=0 attempt=1
[2026-09-14T11:34:36.055Z] batch=field-waveform-1789385539589-7 D5 MODE_SWITCH_OK state=MODE_SWITCH_OK attempts=1 streak=0
[2026-09-14T11:34:36.061Z] batch=field-waveform-1789385539589-7 D2 MODE_SWITCH_START state=MODE_SWITCHING attempts=1 streak=0 attempt=1
[2026-09-14T11:34:36.062Z] batch=field-waveform-1789385539589-7 D2 MODE_SWITCH_OK state=MODE_SWITCH_OK attempts=1 streak=0
[2026-09-14T11:34:36.071Z] batch=field-waveform-1789385539589-7 D4 MODE_SWITCH_START state=MODE_SWITCHING attempts=1 streak=0 attempt=1
[2026-09-14T11:34:36.072Z] batch=field-waveform-1789385539589-7 D4 MODE_SWITCH_OK state=MODE_SWITCH_OK attempts=1 streak=0
[2026-09-14T11:34:36.078Z] batch=field-waveform-1789385539589-7 D1 MODE_SWITCH_START state=MODE_SWITCHING attempts=1 streak=0 attempt=1
[2026-09-14T11:34:36.079Z] batch=field-waveform-1789385539589-7 D1 MODE_SWITCH_OK state=MODE_SWITCH_OK attempts=1 streak=0
[2026-09-14T11:34:36.084Z] batch=field-waveform-1789385539589-7 D6 MODE_SWITCH_START state=MODE_SWITCHING attempts=1 streak=0 attempt=1
[2026-09-14T11:34:36.085Z] batch=field-waveform-1789385539589-7 D6 MODE_SWITCH_OK state=MODE_SWITCH_OK attempts=1 streak=0
[2026-09-14T11:34:46.134Z] batch=field-waveform-1789385539589-7 D3 MODE_SWITCH_START state=MODE_SWITCHING attempts=1 streak=0 attempt=1
[2026-09-14T11:34:46.136Z] batch=field-waveform-1789385539589-7 D3 MODE_SWITCH_OK state=MODE_SWITCH_OK attempts=1 streak=0
[2026-09-14T11:34:46.141Z] batch=field-waveform-1789385539589-7 D5 MODE_SWITCH_START state=MODE_SWITCHING attempts=1 streak=0 attempt=1
[2026-09-14T11:34:46.142Z] batch=field-waveform-1789385539589-7 D5 MODE_SWITCH_OK state=MODE_SWITCH_OK attempts=1 streak=0
[2026-09-14T11:34:46.148Z] batch=field-waveform-1789385539589-7 D2 MODE_SWITCH_START state=MODE_SWITCHING attempts=1 streak=0 attempt=1
[2026-09-14T11:34:46.150Z] batch=field-waveform-1789385539589-7 D2 MODE_SWITCH_OK state=MODE_SWITCH_OK attempts=1 streak=0
[2026-09-14T11:34:46.157Z] batch=field-waveform-1789385539589-7 D4 MODE_SWITCH_START state=MODE_SWITCHING attempts=1 streak=0 attempt=1
[2026-09-14T11:34:46.158Z] batch=field-waveform-1789385539589-7 D4 MODE_SWITCH_OK state=MODE_SWITCH_OK attempts=1 streak=0
[2026-09-14T11:34:46.164Z] batch=field-waveform-1789385539589-7 D1 MODE_SWITCH_START state=MODE_SWITCHING attempts=1 streak=0 attempt=1
[2026-09-14T11:34:46.166Z] batch=field-waveform-1789385539589-7 D1 MODE_SWITCH_OK state=MODE_SWITCH_OK attempts=1 streak=0
[2026-09-14T11:34:46.171Z] batch=field-waveform-1789385539589-7 D6 MODE_SWITCH_START state=MODE_SWITCHING attempts=1 streak=0 attempt=1
[2026-09-14T11:34:46.172Z] batch=field-waveform-1789385539589-7 D6 MODE_SWITCH_OK state=MODE_SWITCH_OK attempts=1 streak=0
[2026-09-14T11:34:56.367Z] batch=field-waveform-1789385539589-7 D3 MODE_SWITCH_START state=MODE_SWITCHING attempts=1 streak=0 attempt=1
[2026-09-14T11:34:56.369Z] batch=field-waveform-1789385539589-7 D3 MODE_SWITCH_OK state=MODE_SWITCH_OK attempts=1 streak=0
[2026-09-14T11:34:56.375Z] batch=field-waveform-1789385539589-7 D5 MODE_SWITCH_START state=MODE_SWITCHING attempts=1 streak=0 attempt=1
[2026-09-14T11:34:56.375Z] batch=field-waveform-1789385539589-7 D5 MODE_SWITCH_OK state=MODE_SWITCH_OK attempts=1 streak=0
[2026-09-14T11:34:56.381Z] batch=field-waveform-1789385539589-7 D2 MODE_SWITCH_START state=MODE_SWITCHING attempts=1 streak=0 attempt=1
[2026-09-14T11:34:56.382Z] batch=field-waveform-1789385539589-7 D2 MODE_SWITCH_OK state=MODE_SWITCH_OK attempts=1 streak=0
[2026-09-14T11:34:56.387Z] batch=field-waveform-1789385539589-7 D4 MODE_SWITCH_START state=MODE_SWITCHING attempts=1 streak=0 attempt=1
[2026-09-14T11:34:56.388Z] batch=field-waveform-1789385539589-7 D4 MODE_SWITCH_OK state=MODE_SWITCH_OK attempts=1 streak=0
[2026-09-14T11:34:56.394Z] batch=field-waveform-1789385539589-7 D1 MODE_SWITCH_START state=MODE_SWITCHING attempts=1 streak=0 attempt=1
[2026-09-14T11:34:56.394Z] batch=field-waveform-1789385539589-7 D1 MODE_SWITCH_OK state=MODE_SWITCH_OK attempts=1 streak=0
[2026-09-14T11:34:56.400Z] batch=field-waveform-1789385539589-7 D6 MODE_SWITCH_START state=MODE_SWITCHING attempts=1 streak=0 attempt=1
[2026-09-14T11:34:56.401Z] batch=field-waveform-1789385539589-7 D6 MODE_SWITCH_OK state=MODE_SWITCH_OK attempts=1 streak=0
[2026-09-14T11:35:06.657Z] batch=field-waveform-1789385539589-7 D3 MODE_SWITCH_START state=MODE_SWITCHING attempts=1 streak=0 attempt=1
[2026-09-14T11:35:06.659Z] batch=field-waveform-1789385539589-7 D3 MODE_SWITCH_OK state=MODE_SWITCH_OK attempts=1 streak=0
[2026-09-14T11:35:06.667Z] batch=field-waveform-1789385539589-7 D5 MODE_SWITCH_START state=MODE_SWITCHING attempts=1 streak=0 attempt=1
[2026-09-14T11:35:06.668Z] batch=field-waveform-1789385539589-7 D5 MODE_SWITCH_OK state=MODE_SWITCH_OK attempts=1 streak=0
[2026-09-14T11:35:06.679Z] batch=field-waveform-1789385539589-7 D2 MODE_SWITCH_START state=MODE_SWITCHING attempts=1 streak=0 attempt=1
[2026-09-14T11:35:06.682Z] batch=field-waveform-1789385539589-7 D2 MODE_SWITCH_OK state=MODE_SWITCH_OK attempts=1 streak=0
[2026-09-14T11:35:06.687Z] batch=field-waveform-1789385539589-7 D4 MODE_SWITCH_START state=MODE_SWITCHING attempts=1 streak=0 attempt=1
[2026-09-14T11:35:06.688Z] batch=field-waveform-1789385539589-7 D4 MODE_SWITCH_OK state=MODE_SWITCH_OK attempts=1 streak=0
[2026-09-14T11:35:06.694Z] batch=field-waveform-1789385539589-7 D1 MODE_SWITCH_START state=MODE_SWITCHING attempts=1 streak=0 attempt=1
[2026-09-14T11:35:06.695Z] batch=field-waveform-1789385539589-7 D1 MODE_SWITCH_OK state=MODE_SWITCH_OK attempts=1 streak=0
[2026-09-14T11:35:06.701Z] batch=field-waveform-1789385539589-7 D6 MODE_SWITCH_START state=MODE_SWITCHING attempts=1 streak=0 attempt=1
[2026-09-14T11:35:06.702Z] batch=field-waveform-1789385539589-7 D6 MODE_SWITCH_OK state=MODE_SWITCH_OK attempts=1 streak=0
[2026-09-14T11:35:15.661Z] batch=field-waveform-1789385715660-8 D1 MODE_SWITCH_START state=MODE_SWITCHING attempts=1 streak=0 attempt=1
[2026-09-14T11:35:15.663Z] batch=field-waveform-1789385715660-8 D2 MODE_SWITCH_START state=MODE_SWITCHING attempts=1 streak=0 attempt=1
[2026-09-14T11:35:15.664Z] batch=field-waveform-1789385715660-8 D3 MODE_SWITCH_START state=MODE_SWITCHING attempts=1 streak=0 attempt=1
[2026-09-14T11:35:15.665Z] batch=field-waveform-1789385715660-8 D4 MODE_SWITCH_START state=MODE_SWITCHING attempts=1 streak=0 attempt=1
[2026-09-14T11:35:15.665Z] batch=field-waveform-1789385715660-8 D5 MODE_SWITCH_START state=MODE_SWITCHING attempts=1 streak=0 attempt=1
[2026-09-14T11:35:15.666Z] batch=field-waveform-1789385715660-8 D6 MODE_SWITCH_START state=MODE_SWITCHING attempts=1 streak=0 attempt=1
[2026-09-14T11:35:15.669Z] batch=field-waveform-1789385715660-8 D1 MODE_SWITCH_OK state=MODE_SWITCH_OK attempts=1 streak=0
[2026-09-14T11:35:15.671Z] batch=field-waveform-1789385715660-8 D2 MODE_SWITCH_OK state=MODE_SWITCH_OK attempts=1 streak=0
[2026-09-14T11:35:15.672Z] batch=field-waveform-1789385715660-8 D3 MODE_SWITCH_OK state=MODE_SWITCH_OK attempts=1 streak=0
[2026-09-14T11:35:15.673Z] batch=field-waveform-1789385715660-8 D4 MODE_SWITCH_OK state=MODE_SWITCH_OK attempts=1 streak=0
[2026-09-14T11:35:15.673Z] batch=field-waveform-1789385715660-8 D5 MODE_SWITCH_OK state=MODE_SWITCH_OK attempts=1 streak=0
[2026-09-14T11:35:15.674Z] batch=field-waveform-1789385715660-8 D6 MODE_SWITCH_OK state=MODE_SWITCH_OK attempts=1 streak=0
[2026-09-14T11:35:16.674Z] batch=field-waveform-1789385715660-8 D3 MODE_SWITCH_START state=MODE_SWITCHING attempts=1 streak=0 attempt=1
[2026-09-14T11:35:16.676Z] batch=field-waveform-1789385715660-8 D3 MODE_SWITCH_OK state=MODE_SWITCH_OK attempts=1 streak=0
[2026-09-14T11:35:16.677Z] batch=field-waveform-1789385715660-8 D5 MODE_SWITCH_START state=MODE_SWITCHING attempts=1 streak=0 attempt=1
[2026-09-14T11:35:16.679Z] batch=field-waveform-1789385715660-8 D5 MODE_SWITCH_OK state=MODE_SWITCH_OK attempts=1 streak=0
[2026-09-14T11:35:16.682Z] batch=field-waveform-1789385715660-8 D2 MODE_SWITCH_START state=MODE_SWITCHING attempts=1 streak=0 attempt=1
[2026-09-14T11:35:16.684Z] batch=field-waveform-1789385715660-8 D2 MODE_SWITCH_OK state=MODE_SWITCH_OK attempts=1 streak=0
[2026-09-14T11:35:16.689Z] batch=field-waveform-1789385715660-8 D4 MODE_SWITCH_START state=MODE_SWITCHING attempts=1 streak=0 attempt=1
[2026-09-14T11:35:16.691Z] batch=field-waveform-1789385715660-8 D4 MODE_SWITCH_OK state=MODE_SWITCH_OK attempts=1 streak=0
[2026-09-14T11:35:16.695Z] batch=field-waveform-1789385715660-8 D1 MODE_SWITCH_START state=MODE_SWITCHING attempts=1 streak=0 attempt=1
[2026-09-14T11:35:16.697Z] batch=field-waveform-1789385715660-8 D1 MODE_SWITCH_OK state=MODE_SWITCH_OK attempts=1 streak=0
[2026-09-14T11:35:16.705Z] batch=field-waveform-1789385715660-8 D6 MODE_SWITCH_START state=MODE_SWITCHING attempts=1 streak=0 attempt=1
[2026-09-14T11:35:16.706Z] batch=field-waveform-1789385715660-8 D6 MODE_SWITCH_OK state=MODE_SWITCH_OK attempts=1 streak=0
[2026-09-14T11:35:26.683Z] batch=field-waveform-1789385715660-8 D3 MODE_SWITCH_START state=MODE_SWITCHING attempts=1 streak=0 attempt=1
[2026-09-14T11:35:26.685Z] batch=field-waveform-1789385715660-8 D3 MODE_SWITCH_OK state=MODE_SWITCH_OK attempts=1 streak=0
[2026-09-14T11:35:26.687Z] batch=field-waveform-1789385715660-8 D5 MODE_SWITCH_START state=MODE_SWITCHING attempts=1 streak=0 attempt=1
[2026-09-14T11:35:26.688Z] batch=field-waveform-1789385715660-8 D5 MODE_SWITCH_OK state=MODE_SWITCH_OK attempts=1 streak=0
[2026-09-14T11:35:26.693Z] batch=field-waveform-1789385715660-8 D2 MODE_SWITCH_START state=MODE_SWITCHING attempts=1 streak=0 attempt=1
[2026-09-14T11:35:26.697Z] batch=field-waveform-1789385715660-8 D2 MODE_SWITCH_OK state=MODE_SWITCH_OK attempts=1 streak=0
[2026-09-14T11:35:26.698Z] batch=field-waveform-1789385715660-8 D4 MODE_SWITCH_START state=MODE_SWITCHING attempts=1 streak=0 attempt=1
[2026-09-14T11:35:26.700Z] batch=field-waveform-1789385715660-8 D4 MODE_SWITCH_OK state=MODE_SWITCH_OK attempts=1 streak=0
[2026-09-14T11:35:26.717Z] batch=field-waveform-1789385715660-8 D1 MODE_SWITCH_START state=MODE_SWITCHING attempts=1 streak=0 attempt=1
[2026-09-14T11:35:26.718Z] batch=field-waveform-1789385715660-8 D1 MODE_SWITCH_OK state=MODE_SWITCH_OK attempts=1 streak=0
[2026-09-14T11:35:26.719Z] batch=field-waveform-1789385715660-8 D6 MODE_SWITCH_START state=MODE_SWITCHING attempts=1 streak=0 attempt=1
[2026-09-14T11:35:26.719Z] batch=field-waveform-1789385715660-8 D6 MODE_SWITCH_OK state=MODE_SWITCH_OK attempts=1 streak=0
[2026-09-14T11:35:28.133Z] batch=field-waveform-1789385728132-9 D1 MODE_SWITCH_START state=MODE_SWITCHING attempts=1 streak=0 attempt=1
[2026-09-14T11:35:28.134Z] batch=field-waveform-1789385728132-9 D2 MODE_SWITCH_START state=MODE_SWITCHING attempts=1 streak=0 attempt=1
[2026-09-14T11:35:28.135Z] batch=field-waveform-1789385728132-9 D3 MODE_SWITCH_START state=MODE_SWITCHING attempts=1 streak=0 attempt=1
[2026-09-14T11:35:28.137Z] batch=field-waveform-1789385728132-9 D4 MODE_SWITCH_START state=MODE_SWITCHING attempts=1 streak=0 attempt=1
[2026-09-14T11:35:28.138Z] batch=field-waveform-1789385728132-9 D5 MODE_SWITCH_START state=MODE_SWITCHING attempts=1 streak=0 attempt=1
[2026-09-14T11:35:28.139Z] batch=field-waveform-1789385728132-9 D6 MODE_SWITCH_START state=MODE_SWITCHING attempts=1 streak=0 attempt=1
[2026-09-14T11:35:28.142Z] batch=field-waveform-1789385728132-9 D1 MODE_SWITCH_OK state=MODE_SWITCH_OK attempts=1 streak=0
[2026-09-14T11:35:28.143Z] batch=field-waveform-1789385728132-9 D2 MODE_SWITCH_OK state=MODE_SWITCH_OK attempts=1 streak=0
[2026-09-14T11:35:28.144Z] batch=field-waveform-1789385728132-9 D3 MODE_SWITCH_OK state=MODE_SWITCH_OK attempts=1 streak=0
[2026-09-14T11:35:28.145Z] batch=field-waveform-1789385728132-9 D4 MODE_SWITCH_OK state=MODE_SWITCH_OK attempts=1 streak=0
[2026-09-14T11:35:28.148Z] batch=field-waveform-1789385728132-9 D5 MODE_SWITCH_OK state=MODE_SWITCH_OK attempts=1 streak=0
[2026-09-14T11:35:28.148Z] batch=field-waveform-1789385728132-9 D6 MODE_SWITCH_OK state=MODE_SWITCH_OK attempts=1 streak=0
[2026-09-14T11:35:36.700Z] batch=field-waveform-1789385728132-9 D3 MODE_SWITCH_START state=MODE_SWITCHING attempts=1 streak=0 attempt=1
[2026-09-14T11:35:36.703Z] batch=field-waveform-1789385728132-9 D3 MODE_SWITCH_OK state=MODE_SWITCH_OK attempts=1 streak=0
[2026-09-14T11:35:36.704Z] batch=field-waveform-1789385728132-9 D5 MODE_SWITCH_START state=MODE_SWITCHING attempts=1 streak=0 attempt=1
[2026-09-14T11:35:36.705Z] batch=field-waveform-1789385728132-9 D5 MODE_SWITCH_OK state=MODE_SWITCH_OK attempts=1 streak=0
[2026-09-14T11:35:36.706Z] batch=field-waveform-1789385728132-9 D2 MODE_SWITCH_START state=MODE_SWITCHING attempts=1 streak=0 attempt=1
[2026-09-14T11:35:36.707Z] batch=field-waveform-1789385728132-9 D2 MODE_SWITCH_OK state=MODE_SWITCH_OK attempts=1 streak=0
[2026-09-14T11:35:36.709Z] batch=field-waveform-1789385728132-9 D4 MODE_SWITCH_START state=MODE_SWITCHING attempts=1 streak=0 attempt=1
[2026-09-14T11:35:36.710Z] batch=field-waveform-1789385728132-9 D4 MODE_SWITCH_OK state=MODE_SWITCH_OK attempts=1 streak=0
[2026-09-14T11:35:36.718Z] batch=field-waveform-1789385728132-9 D1 MODE_SWITCH_START state=MODE_SWITCHING attempts=1 streak=0 attempt=1
[2026-09-14T11:35:36.719Z] batch=field-waveform-1789385728132-9 D1 MODE_SWITCH_OK state=MODE_SWITCH_OK attempts=1 streak=0
[2026-09-14T11:35:36.720Z] batch=field-waveform-1789385728132-9 D6 MODE_SWITCH_START state=MODE_SWITCHING attempts=1 streak=0 attempt=1
[2026-09-14T11:35:36.721Z] batch=field-waveform-1789385728132-9 D6 MODE_SWITCH_OK state=MODE_SWITCH_OK attempts=1 streak=0
[2026-09-14T11:35:46.704Z] batch=field-waveform-1789385728132-9 D3 MODE_SWITCH_START state=MODE_SWITCHING attempts=1 streak=0 attempt=1
[2026-09-14T11:35:46.710Z] batch=field-waveform-1789385728132-9 D3 MODE_SWITCH_OK state=MODE_SWITCH_OK attempts=1 streak=0
[2026-09-14T11:35:46.713Z] batch=field-waveform-1789385728132-9 D5 MODE_SWITCH_START state=MODE_SWITCHING attempts=1 streak=0 attempt=1
[2026-09-14T11:35:46.715Z] batch=field-waveform-1789385728132-9 D5 MODE_SWITCH_OK state=MODE_SWITCH_OK attempts=1 streak=0
[2026-09-14T11:35:46.716Z] batch=field-waveform-1789385728132-9 D2 MODE_SWITCH_START state=MODE_SWITCHING attempts=1 streak=0 attempt=1
[2026-09-14T11:35:46.716Z] batch=field-waveform-1789385728132-9 D2 MODE_SWITCH_OK state=MODE_SWITCH_OK attempts=1 streak=0
[2026-09-14T11:35:46.717Z] batch=field-waveform-1789385728132-9 D4 MODE_SWITCH_START state=MODE_SWITCHING attempts=1 streak=0 attempt=1
[2026-09-14T11:35:46.718Z] batch=field-waveform-1789385728132-9 D4 MODE_SWITCH_OK state=MODE_SWITCH_OK attempts=1 streak=0
[2026-09-14T11:35:46.720Z] batch=field-waveform-1789385728132-9 D1 MODE_SWITCH_START state=MODE_SWITCHING attempts=1 streak=0 attempt=1
[2026-09-14T11:35:46.721Z] batch=field-waveform-1789385728132-9 D1 MODE_SWITCH_OK state=MODE_SWITCH_OK attempts=1 streak=0
[2026-09-14T11:35:46.722Z] batch=field-waveform-1789385728132-9 D6 MODE_SWITCH_START state=MODE_SWITCHING attempts=1 streak=0 attempt=1
[2026-09-14T11:35:46.723Z] batch=field-waveform-1789385728132-9 D6 MODE_SWITCH_OK state=MODE_SWITCH_OK attempts=1 streak=0
[2026-09-14T11:35:56.713Z] batch=field-waveform-1789385728132-9 D3 MODE_SWITCH_START state=MODE_SWITCHING attempts=1 streak=0 attempt=1
[2026-09-14T11:35:56.714Z] batch=field-waveform-1789385728132-9 D3 MODE_SWITCH_OK state=MODE_SWITCH_OK attempts=1 streak=0
[2026-09-14T11:35:56.716Z] batch=field-waveform-1789385728132-9 D5 MODE_SWITCH_START state=MODE_SWITCHING attempts=1 streak=0 attempt=1
[2026-09-14T11:35:56.717Z] batch=field-waveform-1789385728132-9 D5 MODE_SWITCH_OK state=MODE_SWITCH_OK attempts=1 streak=0
[2026-09-14T11:35:56.718Z] batch=field-waveform-1789385728132-9 D2 MODE_SWITCH_START state=MODE_SWITCHING attempts=1 streak=0 attempt=1
[2026-09-14T11:35:56.719Z] batch=field-waveform-1789385728132-9 D2 MODE_SWITCH_OK state=MODE_SWITCH_OK attempts=1 streak=0
[2026-09-14T11:35:56.720Z] batch=field-waveform-1789385728132-9 D4 MODE_SWITCH_START state=MODE_SWITCHING attempts=1 streak=0 attempt=1
[2026-09-14T11:35:56.721Z] batch=field-waveform-1789385728132-9 D4 MODE_SWITCH_OK state=MODE_SWITCH_OK attempts=1 streak=0
[2026-09-14T11:35:56.722Z] batch=field-waveform-1789385728132-9 D1 MODE_SWITCH_START state=MODE_SWITCHING attempts=1 streak=0 attempt=1
[2026-09-14T11:35:56.723Z] batch=field-waveform-1789385728132-9 D1 MODE_SWITCH_OK state=MODE_SWITCH_OK attempts=1 streak=0
[2026-09-14T11:35:56.737Z] batch=field-waveform-1789385728132-9 D6 MODE_SWITCH_START state=MODE_SWITCHING attempts=1 streak=0 attempt=1
[2026-09-14T11:35:56.739Z] batch=field-waveform-1789385728132-9 D6 MODE_SWITCH_OK state=MODE_SWITCH_OK attempts=1 streak=0
[2026-09-14T11:36:06.714Z] batch=field-waveform-1789385728132-9 D3 MODE_SWITCH_START state=MODE_SWITCHING attempts=1 streak=0 attempt=1
[2026-09-14T11:36:06.716Z] batch=field-waveform-1789385728132-9 D3 MODE_SWITCH_OK state=MODE_SWITCH_OK attempts=1 streak=0
[2026-09-14T11:36:06.736Z] batch=field-waveform-1789385728132-9 D5 MODE_SWITCH_START state=MODE_SWITCHING attempts=1 streak=0 attempt=1
[2026-09-14T11:36:06.739Z] batch=field-waveform-1789385728132-9 D5 MODE_SWITCH_OK state=MODE_SWITCH_OK attempts=1 streak=0
[2026-09-14T11:36:06.741Z] batch=field-waveform-1789385728132-9 D2 MODE_SWITCH_START state=MODE_SWITCHING attempts=1 streak=0 attempt=1
[2026-09-14T11:36:06.742Z] batch=field-waveform-1789385728132-9 D2 MODE_SWITCH_OK state=MODE_SWITCH_OK attempts=1 streak=0
[2026-09-14T11:36:06.742Z] batch=field-waveform-1789385728132-9 D4 MODE_SWITCH_START state=MODE_SWITCHING attempts=1 streak=0 attempt=1
[2026-09-14T11:36:06.743Z] batch=field-waveform-1789385728132-9 D4 MODE_SWITCH_OK state=MODE_SWITCH_OK attempts=1 streak=0
[2026-09-14T11:36:06.744Z] batch=field-waveform-1789385728132-9 D1 MODE_SWITCH_START state=MODE_SWITCHING attempts=1 streak=0 attempt=1
[2026-09-14T11:36:06.762Z] batch=field-waveform-1789385728132-9 D1 MODE_SWITCH_OK state=MODE_SWITCH_OK attempts=1 streak=0
[2026-09-14T11:36:06.765Z] batch=field-waveform-1789385728132-9 D6 MODE_SWITCH_START state=MODE_SWITCHING attempts=1 streak=0 attempt=1
[2026-09-14T11:36:06.767Z] batch=field-waveform-1789385728132-9 D6 MODE_SWITCH_OK state=MODE_SWITCH_OK attempts=1 streak=0
[2026-09-14T11:36:14.980Z] batch=field-waveform-1789385728132-9 D1 FIRST_FRAME state=FIRST_FRAME_RECEIVED attempts=1 streak=1
[2026-09-14T11:36:14.981Z] batch=field-waveform-1789385728132-9 D1 FIRST_VALID_SAMPLE state=FIRST_FRAME_RECEIVED attempts=1 streak=1
[2026-09-14T11:36:14.984Z] batch=field-waveform-1789385728132-9 D6 FIRST_FRAME state=FIRST_FRAME_RECEIVED attempts=1 streak=1
[2026-09-14T11:36:14.984Z] batch=field-waveform-1789385728132-9 D6 FIRST_VALID_SAMPLE state=FIRST_FRAME_RECEIVED attempts=1 streak=1
[2026-09-14T11:36:14.986Z] batch=field-waveform-1789385728132-9 D3 FIRST_FRAME state=FIRST_FRAME_RECEIVED attempts=1 streak=1
[2026-09-14T11:36:14.986Z] batch=field-waveform-1789385728132-9 D3 FIRST_VALID_SAMPLE state=FIRST_FRAME_RECEIVED attempts=1 streak=1
[2026-09-14T11:36:15.069Z] batch=field-waveform-1789385728132-9 D5 FIRST_FRAME state=FIRST_FRAME_RECEIVED attempts=1 streak=1
[2026-09-14T11:36:15.069Z] batch=field-waveform-1789385728132-9 D5 FIRST_VALID_SAMPLE state=FIRST_FRAME_RECEIVED attempts=1 streak=1
[2026-09-14T11:36:15.070Z] batch=field-waveform-1789385728132-9 D2 FIRST_FRAME state=FIRST_FRAME_RECEIVED attempts=1 streak=1
[2026-09-14T11:36:15.070Z] batch=field-waveform-1789385728132-9 D2 FIRST_VALID_SAMPLE state=FIRST_FRAME_RECEIVED attempts=1 streak=1
[2026-09-14T11:36:15.071Z] batch=field-waveform-1789385728132-9 D4 FIRST_FRAME state=FIRST_FRAME_RECEIVED attempts=1 streak=1
[2026-09-14T11:36:15.071Z] batch=field-waveform-1789385728132-9 D4 FIRST_VALID_SAMPLE state=FIRST_FRAME_RECEIVED attempts=1 streak=1
[2026-09-14T11:36:15.242Z] batch=field-waveform-1789385728132-9 D1 CHANNEL_SYNC_OK state=TEST_READY attempts=1 streak=5
[2026-09-14T11:36:15.243Z] batch=field-waveform-1789385728132-9 D1 TEST_READY state=TEST_READY attempts=1 streak=5
[2026-09-14T11:36:15.243Z] batch=field-waveform-1789385728132-9 D3 CHANNEL_SYNC_OK state=TEST_READY attempts=1 streak=5
[2026-09-14T11:36:15.244Z] batch=field-waveform-1789385728132-9 D3 TEST_READY state=TEST_READY attempts=1 streak=5
[2026-09-14T11:36:15.244Z] batch=field-waveform-1789385728132-9 D6 CHANNEL_SYNC_OK state=TEST_READY attempts=1 streak=5
[2026-09-14T11:36:15.244Z] batch=field-waveform-1789385728132-9 D6 TEST_READY state=TEST_READY attempts=1 streak=5
[2026-09-14T11:36:15.264Z] batch=field-waveform-1789385728132-9 D5 CHANNEL_SYNC_OK state=TEST_READY attempts=1 streak=5
[2026-09-14T11:36:15.264Z] batch=field-waveform-1789385728132-9 D5 TEST_READY state=TEST_READY attempts=1 streak=5
[2026-09-14T11:36:15.269Z] batch=field-waveform-1789385728132-9 D2 CHANNEL_SYNC_OK state=TEST_READY attempts=1 streak=5
[2026-09-14T11:36:15.269Z] batch=field-waveform-1789385728132-9 D2 TEST_READY state=TEST_READY attempts=1 streak=5
[2026-09-14T11:36:15.310Z] batch=field-waveform-1789385728132-9 D4 CHANNEL_SYNC_OK state=TEST_READY attempts=1 streak=5
[2026-09-14T11:36:15.311Z] batch=field-waveform-1789385728132-9 D4 TEST_READY state=TEST_READY attempts=1 streak=5
[2026-09-14T11:37:05.554Z] batch=field-waveform-1789385728132-9 D2 MODE_SWITCH_START state=MODE_SWITCHING attempts=1 streak=0 attempt=1
[2026-09-14T11:37:05.556Z] batch=field-waveform-1789385728132-9 D2 MODE_SWITCH_OK state=MODE_SWITCH_OK attempts=1 streak=0
[2026-09-14T11:37:05.560Z] batch=field-waveform-1789385728132-9 D4 MODE_SWITCH_START state=MODE_SWITCHING attempts=1 streak=0 attempt=1
[2026-09-14T11:37:05.561Z] batch=field-waveform-1789385728132-9 D4 MODE_SWITCH_OK state=MODE_SWITCH_OK attempts=1 streak=0
[2026-09-14T11:37:05.564Z] batch=field-waveform-1789385728132-9 D1 MODE_SWITCH_START state=MODE_SWITCHING attempts=1 streak=0 attempt=1
[2026-09-14T11:37:05.567Z] batch=field-waveform-1789385728132-9 D1 MODE_SWITCH_OK state=MODE_SWITCH_OK attempts=1 streak=0
[2026-09-14T11:37:05.570Z] batch=field-waveform-1789385728132-9 D3 MODE_SWITCH_START state=MODE_SWITCHING attempts=1 streak=0 attempt=1
[2026-09-14T11:37:05.571Z] batch=field-waveform-1789385728132-9 D3 MODE_SWITCH_OK state=MODE_SWITCH_OK attempts=1 streak=0
[2026-09-14T11:37:05.702Z] batch=field-waveform-1789385728132-9 D5 MODE_SWITCH_START state=MODE_SWITCHING attempts=1 streak=0 attempt=1
[2026-09-14T11:37:05.704Z] batch=field-waveform-1789385728132-9 D5 MODE_SWITCH_OK state=MODE_SWITCH_OK attempts=1 streak=0
[2026-09-14T11:37:05.707Z] batch=field-waveform-1789385728132-9 D6 MODE_SWITCH_START state=MODE_SWITCHING attempts=1 streak=0 attempt=1
[2026-09-14T11:37:05.707Z] batch=field-waveform-1789385728132-9 D6 MODE_SWITCH_OK state=MODE_SWITCH_OK attempts=1 streak=0
[2026-09-14T11:37:15.560Z] batch=field-waveform-1789385728132-9 D2 MODE_SWITCH_START state=MODE_SWITCHING attempts=1 streak=0 attempt=1
[2026-09-14T11:37:15.561Z] batch=field-waveform-1789385728132-9 D2 MODE_SWITCH_OK state=MODE_SWITCH_OK attempts=1 streak=0
[2026-09-14T11:37:15.565Z] batch=field-waveform-1789385728132-9 D4 MODE_SWITCH_START state=MODE_SWITCHING attempts=1 streak=0 attempt=1
[2026-09-14T11:37:15.566Z] batch=field-waveform-1789385728132-9 D4 MODE_SWITCH_OK state=MODE_SWITCH_OK attempts=1 streak=0
[2026-09-14T11:37:15.731Z] batch=field-waveform-1789385728132-9 D1 MODE_SWITCH_START state=MODE_SWITCHING attempts=1 streak=0 attempt=1
[2026-09-14T11:37:15.732Z] batch=field-waveform-1789385728132-9 D1 MODE_SWITCH_OK state=MODE_SWITCH_OK attempts=1 streak=0
[2026-09-14T11:37:15.735Z] batch=field-waveform-1789385728132-9 D3 MODE_SWITCH_START state=MODE_SWITCHING attempts=1 streak=0 attempt=1
[2026-09-14T11:37:15.736Z] batch=field-waveform-1789385728132-9 D3 MODE_SWITCH_OK state=MODE_SWITCH_OK attempts=1 streak=0
[2026-09-14T11:37:15.744Z] batch=field-waveform-1789385728132-9 D5 MODE_SWITCH_START state=MODE_SWITCHING attempts=1 streak=0 attempt=1
[2026-09-14T11:37:15.745Z] batch=field-waveform-1789385728132-9 D5 MODE_SWITCH_OK state=MODE_SWITCH_OK attempts=1 streak=0
[2026-09-14T11:37:15.748Z] batch=field-waveform-1789385728132-9 D6 MODE_SWITCH_START state=MODE_SWITCHING attempts=1 streak=0 attempt=1
[2026-09-14T11:37:15.749Z] batch=field-waveform-1789385728132-9 D6 MODE_SWITCH_OK state=MODE_SWITCH_OK attempts=1 streak=0
[2026-09-14T11:37:20.762Z] batch=field-waveform-1789385728132-9 D4 FIRST_FRAME state=FIRST_FRAME_RECEIVED attempts=1 streak=1
[2026-09-14T11:37:20.762Z] batch=field-waveform-1789385728132-9 D4 FIRST_VALID_SAMPLE state=FIRST_FRAME_RECEIVED attempts=1 streak=1
[2026-09-14T11:37:20.766Z] batch=field-waveform-1789385728132-9 D2 FIRST_FRAME state=FIRST_FRAME_RECEIVED attempts=1 streak=1
[2026-09-14T11:37:20.767Z] batch=field-waveform-1789385728132-9 D2 FIRST_VALID_SAMPLE state=FIRST_FRAME_RECEIVED attempts=1 streak=1
[2026-09-14T11:37:20.869Z] batch=field-waveform-1789385728132-9 D2 CHANNEL_SYNC_OK state=TEST_READY attempts=1 streak=5
[2026-09-14T11:37:20.869Z] batch=field-waveform-1789385728132-9 D2 TEST_READY state=TEST_READY attempts=1 streak=5
[2026-09-14T11:37:20.870Z] batch=field-waveform-1789385728132-9 D1 FIRST_FRAME state=FIRST_FRAME_RECEIVED attempts=1 streak=1
[2026-09-14T11:37:20.870Z] batch=field-waveform-1789385728132-9 D1 FIRST_VALID_SAMPLE state=FIRST_FRAME_RECEIVED attempts=1 streak=1
[2026-09-14T11:37:20.871Z] batch=field-waveform-1789385728132-9 D4 CHANNEL_SYNC_OK state=TEST_READY attempts=1 streak=5
[2026-09-14T11:37:20.872Z] batch=field-waveform-1789385728132-9 D4 TEST_READY state=TEST_READY attempts=1 streak=5
[2026-09-14T11:37:20.872Z] batch=field-waveform-1789385728132-9 D6 FIRST_FRAME state=FIRST_FRAME_RECEIVED attempts=1 streak=1
[2026-09-14T11:37:20.873Z] batch=field-waveform-1789385728132-9 D6 FIRST_VALID_SAMPLE state=FIRST_FRAME_RECEIVED attempts=1 streak=1
[2026-09-14T11:37:20.873Z] batch=field-waveform-1789385728132-9 D3 FIRST_FRAME state=FIRST_FRAME_RECEIVED attempts=1 streak=1
[2026-09-14T11:37:20.874Z] batch=field-waveform-1789385728132-9 D3 FIRST_VALID_SAMPLE state=FIRST_FRAME_RECEIVED attempts=1 streak=1
[2026-09-14T11:37:20.874Z] batch=field-waveform-1789385728132-9 D5 FIRST_FRAME state=FIRST_FRAME_RECEIVED attempts=1 streak=1
[2026-09-14T11:37:20.875Z] batch=field-waveform-1789385728132-9 D5 FIRST_VALID_SAMPLE state=FIRST_FRAME_RECEIVED attempts=1 streak=1
[2026-09-14T11:37:21.091Z] batch=field-waveform-1789385728132-9 D1 CHANNEL_SYNC_OK state=TEST_READY attempts=1 streak=5
[2026-09-14T11:37:21.091Z] batch=field-waveform-1789385728132-9 D1 TEST_READY state=TEST_READY attempts=1 streak=5
[2026-09-14T11:37:21.102Z] batch=field-waveform-1789385728132-9 D6 CHANNEL_SYNC_OK state=TEST_READY attempts=1 streak=5
[2026-09-14T11:37:21.102Z] batch=field-waveform-1789385728132-9 D6 TEST_READY state=TEST_READY attempts=1 streak=5
[2026-09-14T11:37:21.103Z] batch=field-waveform-1789385728132-9 D3 CHANNEL_SYNC_OK state=TEST_READY attempts=1 streak=5
[2026-09-14T11:37:21.103Z] batch=field-waveform-1789385728132-9 D3 TEST_READY state=TEST_READY attempts=1 streak=5
[2026-09-14T11:37:21.104Z] batch=field-waveform-1789385728132-9 D5 CHANNEL_SYNC_OK state=TEST_READY attempts=1 streak=5
[2026-09-14T11:37:21.104Z] batch=field-waveform-1789385728132-9 D5 TEST_READY state=TEST_READY attempts=1 streak=5
[2026-09-14T11:38:06.152Z] batch=field-waveform-1789385728132-9 D3 MODE_SWITCH_START state=MODE_SWITCHING attempts=1 streak=0 attempt=1
[2026-09-14T11:38:06.153Z] batch=field-waveform-1789385728132-9 D3 MODE_SWITCH_OK state=MODE_SWITCH_OK attempts=1 streak=0
[2026-09-14T11:38:06.159Z] batch=field-waveform-1789385728132-9 D5 MODE_SWITCH_START state=MODE_SWITCHING attempts=1 streak=0 attempt=1
[2026-09-14T11:38:06.161Z] batch=field-waveform-1789385728132-9 D5 MODE_SWITCH_OK state=MODE_SWITCH_OK attempts=1 streak=0
[2026-09-14T11:38:06.171Z] batch=field-waveform-1789385728132-9 D2 MODE_SWITCH_START state=MODE_SWITCHING attempts=1 streak=0 attempt=1
[2026-09-14T11:38:06.171Z] batch=field-waveform-1789385728132-9 D2 MODE_SWITCH_OK state=MODE_SWITCH_OK attempts=1 streak=0
[2026-09-14T11:38:06.178Z] batch=field-waveform-1789385728132-9 D6 MODE_SWITCH_START state=MODE_SWITCHING attempts=1 streak=0 attempt=1
[2026-09-14T11:38:06.179Z] batch=field-waveform-1789385728132-9 D6 MODE_SWITCH_OK state=MODE_SWITCH_OK attempts=1 streak=0
[2026-09-14T11:38:06.185Z] batch=field-waveform-1789385728132-9 D4 MODE_SWITCH_START state=MODE_SWITCHING attempts=1 streak=0 attempt=1
[2026-09-14T11:38:06.185Z] batch=field-waveform-1789385728132-9 D4 MODE_SWITCH_OK state=MODE_SWITCH_OK attempts=1 streak=0
[2026-09-14T11:38:06.191Z] batch=field-waveform-1789385728132-9 D1 MODE_SWITCH_START state=MODE_SWITCHING attempts=1 streak=0 attempt=1
[2026-09-14T11:38:06.192Z] batch=field-waveform-1789385728132-9 D1 MODE_SWITCH_OK state=MODE_SWITCH_OK attempts=1 streak=0
[2026-09-14T11:38:16.214Z] batch=field-waveform-1789385728132-9 D3 MODE_SWITCH_START state=MODE_SWITCHING attempts=1 streak=0 attempt=1
[2026-09-14T11:38:16.216Z] batch=field-waveform-1789385728132-9 D3 MODE_SWITCH_OK state=MODE_SWITCH_OK attempts=1 streak=0
[2026-09-14T11:38:16.223Z] batch=field-waveform-1789385728132-9 D5 MODE_SWITCH_START state=MODE_SWITCHING attempts=1 streak=0 attempt=1
[2026-09-14T11:38:16.224Z] batch=field-waveform-1789385728132-9 D5 MODE_SWITCH_OK state=MODE_SWITCH_OK attempts=1 streak=0
[2026-09-14T11:38:16.229Z] batch=field-waveform-1789385728132-9 D2 MODE_SWITCH_START state=MODE_SWITCHING attempts=1 streak=0 attempt=1
[2026-09-14T11:38:16.230Z] batch=field-waveform-1789385728132-9 D2 MODE_SWITCH_OK state=MODE_SWITCH_OK attempts=1 streak=0
[2026-09-14T11:38:16.236Z] batch=field-waveform-1789385728132-9 D6 MODE_SWITCH_START state=MODE_SWITCHING attempts=1 streak=0 attempt=1
[2026-09-14T11:38:16.237Z] batch=field-waveform-1789385728132-9 D6 MODE_SWITCH_OK state=MODE_SWITCH_OK attempts=1 streak=0
[2026-09-14T11:38:16.243Z] batch=field-waveform-1789385728132-9 D4 MODE_SWITCH_START state=MODE_SWITCHING attempts=1 streak=0 attempt=1
[2026-09-14T11:38:16.244Z] batch=field-waveform-1789385728132-9 D4 MODE_SWITCH_OK state=MODE_SWITCH_OK attempts=1 streak=0
[2026-09-14T11:38:16.250Z] batch=field-waveform-1789385728132-9 D1 MODE_SWITCH_START state=MODE_SWITCHING attempts=1 streak=0 attempt=1
[2026-09-14T11:38:16.251Z] batch=field-waveform-1789385728132-9 D1 MODE_SWITCH_OK state=MODE_SWITCH_OK attempts=1 streak=0
[2026-09-14T11:38:26.395Z] batch=field-waveform-1789385728132-9 D3 MODE_SWITCH_START state=MODE_SWITCHING attempts=1 streak=0 attempt=1
[2026-09-14T11:38:26.396Z] batch=field-waveform-1789385728132-9 D3 MODE_SWITCH_OK state=MODE_SWITCH_OK attempts=1 streak=0
[2026-09-14T11:38:26.401Z] batch=field-waveform-1789385728132-9 D5 MODE_SWITCH_START state=MODE_SWITCHING attempts=1 streak=0 attempt=1
[2026-09-14T11:38:26.402Z] batch=field-waveform-1789385728132-9 D5 MODE_SWITCH_OK state=MODE_SWITCH_OK attempts=1 streak=0
[2026-09-14T11:38:26.408Z] batch=field-waveform-1789385728132-9 D2 MODE_SWITCH_START state=MODE_SWITCHING attempts=1 streak=0 attempt=1
[2026-09-14T11:38:26.409Z] batch=field-waveform-1789385728132-9 D2 MODE_SWITCH_OK state=MODE_SWITCH_OK attempts=1 streak=0
[2026-09-14T11:38:26.415Z] batch=field-waveform-1789385728132-9 D6 MODE_SWITCH_START state=MODE_SWITCHING attempts=1 streak=0 attempt=1
[2026-09-14T11:38:26.416Z] batch=field-waveform-1789385728132-9 D6 MODE_SWITCH_OK state=MODE_SWITCH_OK attempts=1 streak=0
[2026-09-14T11:38:26.421Z] batch=field-waveform-1789385728132-9 D4 MODE_SWITCH_START state=MODE_SWITCHING attempts=1 streak=0 attempt=1
[2026-09-14T11:38:26.422Z] batch=field-waveform-1789385728132-9 D4 MODE_SWITCH_OK state=MODE_SWITCH_OK attempts=1 streak=0
[2026-09-14T11:38:26.429Z] batch=field-waveform-1789385728132-9 D1 MODE_SWITCH_START state=MODE_SWITCHING attempts=1 streak=0 attempt=1
[2026-09-14T11:38:26.430Z] batch=field-waveform-1789385728132-9 D1 MODE_SWITCH_OK state=MODE_SWITCH_OK attempts=1 streak=0
[2026-09-14T11:38:36.434Z] batch=field-waveform-1789385728132-9 D3 MODE_SWITCH_START state=MODE_SWITCHING attempts=1 streak=0 attempt=1
[2026-09-14T11:38:36.435Z] batch=field-waveform-1789385728132-9 D3 MODE_SWITCH_OK state=MODE_SWITCH_OK attempts=1 streak=0
[2026-09-14T11:38:36.440Z] batch=field-waveform-1789385728132-9 D5 MODE_SWITCH_START state=MODE_SWITCHING attempts=1 streak=0 attempt=1
[2026-09-14T11:38:36.441Z] batch=field-waveform-1789385728132-9 D5 MODE_SWITCH_OK state=MODE_SWITCH_OK attempts=1 streak=0
[2026-09-14T11:38:36.446Z] batch=field-waveform-1789385728132-9 D2 MODE_SWITCH_START state=MODE_SWITCHING attempts=1 streak=0 attempt=1
[2026-09-14T11:38:36.447Z] batch=field-waveform-1789385728132-9 D2 MODE_SWITCH_OK state=MODE_SWITCH_OK attempts=1 streak=0
[2026-09-14T11:38:36.455Z] batch=field-waveform-1789385728132-9 D6 MODE_SWITCH_START state=MODE_SWITCHING attempts=1 streak=0 attempt=1
[2026-09-14T11:38:36.456Z] batch=field-waveform-1789385728132-9 D6 MODE_SWITCH_OK state=MODE_SWITCH_OK attempts=1 streak=0
[2026-09-14T11:38:36.461Z] batch=field-waveform-1789385728132-9 D4 MODE_SWITCH_START state=MODE_SWITCHING attempts=1 streak=0 attempt=1
[2026-09-14T11:38:36.462Z] batch=field-waveform-1789385728132-9 D4 MODE_SWITCH_OK state=MODE_SWITCH_OK attempts=1 streak=0
[2026-09-14T11:38:36.752Z] batch=field-waveform-1789385728132-9 D1 MODE_SWITCH_START state=MODE_SWITCHING attempts=1 streak=0 attempt=1
[2026-09-14T11:38:36.753Z] batch=field-waveform-1789385728132-9 D1 MODE_SWITCH_OK state=MODE_SWITCH_OK attempts=1 streak=0
[2026-09-14T11:38:46.727Z] batch=field-waveform-1789385728132-9 D3 MODE_SWITCH_START state=MODE_SWITCHING attempts=1 streak=0 attempt=1
[2026-09-14T11:38:46.728Z] batch=field-waveform-1789385728132-9 D3 MODE_SWITCH_OK state=MODE_SWITCH_OK attempts=1 streak=0
[2026-09-14T11:38:46.733Z] batch=field-waveform-1789385728132-9 D5 MODE_SWITCH_START state=MODE_SWITCHING attempts=1 streak=0 attempt=1
[2026-09-14T11:38:46.734Z] batch=field-waveform-1789385728132-9 D5 MODE_SWITCH_OK state=MODE_SWITCH_OK attempts=1 streak=0
[2026-09-14T11:38:46.739Z] batch=field-waveform-1789385728132-9 D2 MODE_SWITCH_START state=MODE_SWITCHING attempts=1 streak=0 attempt=1
[2026-09-14T11:38:46.740Z] batch=field-waveform-1789385728132-9 D2 MODE_SWITCH_OK state=MODE_SWITCH_OK attempts=1 streak=0
[2026-09-14T11:38:46.748Z] batch=field-waveform-1789385728132-9 D6 MODE_SWITCH_START state=MODE_SWITCHING attempts=1 streak=0 attempt=1
[2026-09-14T11:38:46.749Z] batch=field-waveform-1789385728132-9 D6 MODE_SWITCH_OK state=MODE_SWITCH_OK attempts=1 streak=0
[2026-09-14T11:38:46.754Z] batch=field-waveform-1789385728132-9 D4 MODE_SWITCH_START state=MODE_SWITCHING attempts=1 streak=0 attempt=1
[2026-09-14T11:38:46.756Z] batch=field-waveform-1789385728132-9 D4 MODE_SWITCH_OK state=MODE_SWITCH_OK attempts=1 streak=0
[2026-09-14T11:38:47.043Z] batch=field-waveform-1789385728132-9 D1 MODE_SWITCH_START state=MODE_SWITCHING attempts=1 streak=0 attempt=1
[2026-09-14T11:38:47.064Z] batch=field-waveform-1789385728132-9 D1 MODE_SWITCH_OK state=MODE_SWITCH_OK attempts=1 streak=0
[2026-09-14T11:38:56.848Z] batch=field-waveform-1789385728132-9 D3 MODE_SWITCH_START state=MODE_SWITCHING attempts=1 streak=0 attempt=1
[2026-09-14T11:38:56.849Z] batch=field-waveform-1789385728132-9 D3 MODE_SWITCH_OK state=MODE_SWITCH_OK attempts=1 streak=0
[2026-09-14T11:38:56.854Z] batch=field-waveform-1789385728132-9 D5 MODE_SWITCH_START state=MODE_SWITCHING attempts=1 streak=0 attempt=1
[2026-09-14T11:38:56.856Z] batch=field-waveform-1789385728132-9 D5 MODE_SWITCH_OK state=MODE_SWITCH_OK attempts=1 streak=0
[2026-09-14T11:38:56.862Z] batch=field-waveform-1789385728132-9 D2 MODE_SWITCH_START state=MODE_SWITCHING attempts=1 streak=0 attempt=1
[2026-09-14T11:38:56.864Z] batch=field-waveform-1789385728132-9 D2 MODE_SWITCH_OK state=MODE_SWITCH_OK attempts=1 streak=0
[2026-09-14T11:38:56.873Z] batch=field-waveform-1789385728132-9 D6 MODE_SWITCH_START state=MODE_SWITCHING attempts=1 streak=0 attempt=1
[2026-09-14T11:38:56.874Z] batch=field-waveform-1789385728132-9 D6 MODE_SWITCH_OK state=MODE_SWITCH_OK attempts=1 streak=0
[2026-09-14T11:38:56.881Z] batch=field-waveform-1789385728132-9 D4 MODE_SWITCH_START state=MODE_SWITCHING attempts=1 streak=0 attempt=1
[2026-09-14T11:38:56.882Z] batch=field-waveform-1789385728132-9 D4 MODE_SWITCH_OK state=MODE_SWITCH_OK attempts=1 streak=0
[2026-09-14T11:38:57.158Z] batch=field-waveform-1789385728132-9 D1 MODE_SWITCH_START state=MODE_SWITCHING attempts=1 streak=0 attempt=1
[2026-09-14T11:38:57.159Z] batch=field-waveform-1789385728132-9 D1 MODE_SWITCH_OK state=MODE_SWITCH_OK attempts=1 streak=0
[2026-09-14T11:39:06.908Z] batch=field-waveform-1789385728132-9 D3 MODE_SWITCH_START state=MODE_SWITCHING attempts=1 streak=0 attempt=1
[2026-09-14T11:39:06.909Z] batch=field-waveform-1789385728132-9 D3 MODE_SWITCH_OK state=MODE_SWITCH_OK attempts=1 streak=0
[2026-09-14T11:39:06.916Z] batch=field-waveform-1789385728132-9 D5 MODE_SWITCH_START state=MODE_SWITCHING attempts=1 streak=0 attempt=1
[2026-09-14T11:39:06.916Z] batch=field-waveform-1789385728132-9 D5 MODE_SWITCH_OK state=MODE_SWITCH_OK attempts=1 streak=0
[2026-09-14T11:39:06.924Z] batch=field-waveform-1789385728132-9 D2 MODE_SWITCH_START state=MODE_SWITCHING attempts=1 streak=0 attempt=1
[2026-09-14T11:39:06.925Z] batch=field-waveform-1789385728132-9 D2 MODE_SWITCH_OK state=MODE_SWITCH_OK attempts=1 streak=0
[2026-09-14T11:39:06.931Z] batch=field-waveform-1789385728132-9 D6 MODE_SWITCH_START state=MODE_SWITCHING attempts=1 streak=0 attempt=1
[2026-09-14T11:39:06.932Z] batch=field-waveform-1789385728132-9 D6 MODE_SWITCH_OK state=MODE_SWITCH_OK attempts=1 streak=0
[2026-09-14T11:39:06.939Z] batch=field-waveform-1789385728132-9 D4 MODE_SWITCH_START state=MODE_SWITCHING attempts=1 streak=0 attempt=1
[2026-09-14T11:39:06.940Z] batch=field-waveform-1789385728132-9 D4 MODE_SWITCH_OK state=MODE_SWITCH_OK attempts=1 streak=0
[2026-09-14T11:39:07.237Z] batch=field-waveform-1789385728132-9 D1 MODE_SWITCH_START state=MODE_SWITCHING attempts=1 streak=0 attempt=1
[2026-09-14T11:39:07.239Z] batch=field-waveform-1789385728132-9 D1 MODE_SWITCH_OK state=MODE_SWITCH_OK attempts=1 streak=0
[2026-09-14T11:39:16.975Z] batch=field-waveform-1789385728132-9 D3 MODE_SWITCH_START state=MODE_SWITCHING attempts=1 streak=0 attempt=1
[2026-09-14T11:39:16.977Z] batch=field-waveform-1789385728132-9 D3 MODE_SWITCH_OK state=MODE_SWITCH_OK attempts=1 streak=0
[2026-09-14T11:39:16.985Z] batch=field-waveform-1789385728132-9 D5 MODE_SWITCH_START state=MODE_SWITCHING attempts=1 streak=0 attempt=1
[2026-09-14T11:39:16.985Z] batch=field-waveform-1789385728132-9 D5 MODE_SWITCH_OK state=MODE_SWITCH_OK attempts=1 streak=0
[2026-09-14T11:39:16.991Z] batch=field-waveform-1789385728132-9 D2 MODE_SWITCH_START state=MODE_SWITCHING attempts=1 streak=0 attempt=1
[2026-09-14T11:39:16.992Z] batch=field-waveform-1789385728132-9 D2 MODE_SWITCH_OK state=MODE_SWITCH_OK attempts=1 streak=0
[2026-09-14T11:39:17.001Z] batch=field-waveform-1789385728132-9 D6 MODE_SWITCH_START state=MODE_SWITCHING attempts=1 streak=0 attempt=1
[2026-09-14T11:39:17.002Z] batch=field-waveform-1789385728132-9 D6 MODE_SWITCH_OK state=MODE_SWITCH_OK attempts=1 streak=0
[2026-09-14T11:39:17.007Z] batch=field-waveform-1789385728132-9 D4 MODE_SWITCH_START state=MODE_SWITCHING attempts=1 streak=0 attempt=1
[2026-09-14T11:39:17.008Z] batch=field-waveform-1789385728132-9 D4 MODE_SWITCH_OK state=MODE_SWITCH_OK attempts=1 streak=0
[2026-09-14T11:39:17.270Z] batch=field-waveform-1789385728132-9 D1 MODE_SWITCH_START state=MODE_SWITCHING attempts=1 streak=0 attempt=1
[2026-09-14T11:39:17.271Z] batch=field-waveform-1789385728132-9 D1 MODE_SWITCH_OK state=MODE_SWITCH_OK attempts=1 streak=0
