[2026-09-10T02:46:20.482Z] batch=field-waveform-1789008221108-2 D6 MODE_SWITCH_START state=MODE_SWITCHING attempts=1 streak=0 attempt=1
[2026-09-10T02:46:20.495Z] batch=field-waveform-1789008221108-2 D6 MODE_SWITCH_OK state=MODE_SWITCH_OK attempts=1 streak=0
[2026-09-10T02:46:20.777Z] batch=field-waveform-1789008221108-2 D3 MODE_SWITCH_START state=MODE_SWITCHING attempts=1 streak=0 attempt=1
[2026-09-10T02:46:20.790Z] batch=field-waveform-1789008221108-2 D3 MODE_SWITCH_OK state=MODE_SWITCH_OK attempts=1 streak=0
[2026-09-10T02:46:20.807Z] batch=field-waveform-1789008221108-2 D4 MODE_SWITCH_START state=MODE_SWITCHING attempts=1 streak=0 attempt=1
[2026-09-10T02:46:20.814Z] batch=field-waveform-1789008221108-2 D4 MODE_SWITCH_OK state=MODE_SWITCH_OK attempts=1 streak=0
[2026-09-10T02:46:20.823Z] batch=field-waveform-1789008221108-2 D5 MODE_SWITCH_START state=MODE_SWITCHING attempts=1 streak=0 attempt=1
[2026-09-10T02:46:20.835Z] batch=field-waveform-1789008221108-2 D5 MODE_SWITCH_OK state=MODE_SWITCH_OK attempts=1 streak=0
[2026-09-10T02:46:20.855Z] batch=field-waveform-1789008221108-2 D1 MODE_SWITCH_START state=MODE_SWITCHING attempts=1 streak=0 attempt=1
[2026-09-10T02:46:20.862Z] batch=field-waveform-1789008221108-2 D1 MODE_SWITCH_OK state=MODE_SWITCH_OK attempts=1 streak=0
[2026-09-10T02:46:20.870Z] batch=field-waveform-1789008221108-2 D2 MODE_SWITCH_START state=MODE_SWITCHING attempts=1 streak=0 attempt=1
[2026-09-10T02:46:20.875Z] batch=field-waveform-1789008221108-2 D2 MODE_SWITCH_OK state=MODE_SWITCH_OK attempts=1 streak=0
[2026-09-10T02:46:24.768Z] batch=field-waveform-1789008384767-3 D1 MODE_SWITCH_START state=MODE_SWITCHING attempts=1 streak=0 attempt=1
[2026-09-10T02:46:24.781Z] batch=field-waveform-1789008384767-3 D2 MODE_SWITCH_START state=MODE_SWITCHING attempts=1 streak=0 attempt=1
[2026-09-10T02:46:24.782Z] batch=field-waveform-1789008384767-3 D3 MODE_SWITCH_START state=MODE_SWITCHING attempts=1 streak=0 attempt=1
[2026-09-10T02:46:24.790Z] batch=field-waveform-1789008384767-3 D4 MODE_SWITCH_START state=MODE_SWITCHING attempts=1 streak=0 attempt=1
[2026-09-10T02:46:24.794Z] batch=field-waveform-1789008384767-3 D5 MODE_SWITCH_START state=MODE_SWITCHING attempts=1 streak=0 attempt=1
[2026-09-10T02:46:24.797Z] batch=field-waveform-1789008384767-3 D6 MODE_SWITCH_START state=MODE_SWITCHING attempts=1 streak=0 attempt=1
[2026-09-10T02:46:24.801Z] batch=field-waveform-1789008384767-3 D1 MODE_SWITCH_OK state=MODE_SWITCH_OK attempts=1 streak=0
[2026-09-10T02:46:24.802Z] batch=field-waveform-1789008384767-3 D2 MODE_SWITCH_OK state=MODE_SWITCH_OK attempts=1 streak=0
[2026-09-10T02:46:24.803Z] batch=field-waveform-1789008384767-3 D3 MODE_SWITCH_OK state=MODE_SWITCH_OK attempts=1 streak=0
[2026-09-10T02:46:24.803Z] batch=field-waveform-1789008384767-3 D4 MODE_SWITCH_OK state=MODE_SWITCH_OK attempts=1 streak=0
[2026-09-10T02:46:24.804Z] batch=field-waveform-1789008384767-3 D5 MODE_SWITCH_OK state=MODE_SWITCH_OK attempts=1 streak=0
[2026-09-10T02:46:24.810Z] batch=field-waveform-1789008384767-3 D6 MODE_SWITCH_OK state=MODE_SWITCH_OK attempts=1 streak=0
[2026-09-10T02:46:30.501Z] batch=field-waveform-1789008384767-3 D6 MODE_SWITCH_START state=MODE_SWITCHING attempts=1 streak=0 attempt=1
[2026-09-10T02:46:30.509Z] batch=field-waveform-1789008384767-3 D6 MODE_SWITCH_OK state=MODE_SWITCH_OK attempts=1 streak=0
[2026-09-10T02:46:30.795Z] batch=field-waveform-1789008384767-3 D3 MODE_SWITCH_START state=MODE_SWITCHING attempts=1 streak=0 attempt=1
[2026-09-10T02:46:30.807Z] batch=field-waveform-1789008384767-3 D3 MODE_SWITCH_OK state=MODE_SWITCH_OK attempts=1 streak=0
[2026-09-10T02:46:30.826Z] batch=field-waveform-1789008384767-3 D4 MODE_SWITCH_START state=MODE_SWITCHING attempts=1 streak=0 attempt=1
[2026-09-10T02:46:30.834Z] batch=field-waveform-1789008384767-3 D4 MODE_SWITCH_OK state=MODE_SWITCH_OK attempts=1 streak=0
[2026-09-10T02:46:30.838Z] batch=field-waveform-1789008384767-3 D5 MODE_SWITCH_START state=MODE_SWITCHING attempts=1 streak=0 attempt=1
[2026-09-10T02:46:30.843Z] batch=field-waveform-1789008384767-3 D5 MODE_SWITCH_OK state=MODE_SWITCH_OK attempts=1 streak=0
[2026-09-10T02:46:30.870Z] batch=field-waveform-1789008384767-3 D1 MODE_SWITCH_START state=MODE_SWITCHING attempts=1 streak=0 attempt=1
[2026-09-10T02:46:30.883Z] batch=field-waveform-1789008384767-3 D1 MODE_SWITCH_OK state=MODE_SWITCH_OK attempts=1 streak=0
[2026-09-10T02:46:30.887Z] batch=field-waveform-1789008384767-3 D2 MODE_SWITCH_START state=MODE_SWITCHING attempts=1 streak=0 attempt=1
[2026-09-10T02:46:30.890Z] batch=field-waveform-1789008384767-3 D2 MODE_SWITCH_OK state=MODE_SWITCH_OK attempts=1 streak=0
[2026-09-10T02:46:40.515Z] batch=field-waveform-1789008384767-3 D6 MODE_SWITCH_START state=MODE_SWITCHING attempts=1 streak=0 attempt=1
[2026-09-10T02:46:40.528Z] batch=field-waveform-1789008384767-3 D6 MODE_SWITCH_OK state=MODE_SWITCH_OK attempts=1 streak=0
[2026-09-10T02:46:40.809Z] batch=field-waveform-1789008384767-3 D3 MODE_SWITCH_START state=MODE_SWITCHING attempts=1 streak=0 attempt=1
[2026-09-10T02:46:40.813Z] batch=field-waveform-1789008384767-3 D3 MODE_SWITCH_OK state=MODE_SWITCH_OK attempts=1 streak=0
[2026-09-10T02:46:40.839Z] batch=field-waveform-1789008384767-3 D4 MODE_SWITCH_START state=MODE_SWITCHING attempts=1 streak=0 attempt=1
[2026-09-10T02:46:40.845Z] batch=field-waveform-1789008384767-3 D4 MODE_SWITCH_OK state=MODE_SWITCH_OK attempts=1 streak=0
[2026-09-10T02:46:40.846Z] batch=field-waveform-1789008384767-3 D5 MODE_SWITCH_START state=MODE_SWITCHING attempts=1 streak=0 attempt=1
[2026-09-10T02:46:40.850Z] batch=field-waveform-1789008384767-3 D5 MODE_SWITCH_OK state=MODE_SWITCH_OK attempts=1 streak=0
[2026-09-10T02:46:40.884Z] batch=field-waveform-1789008384767-3 D1 MODE_SWITCH_START state=MODE_SWITCHING attempts=1 streak=0 attempt=1
[2026-09-10T02:46:40.888Z] batch=field-waveform-1789008384767-3 D1 MODE_SWITCH_OK state=MODE_SWITCH_OK attempts=1 streak=0
[2026-09-10T02:46:40.891Z] batch=field-waveform-1789008384767-3 D2 MODE_SWITCH_START state=MODE_SWITCHING attempts=1 streak=0 attempt=1
[2026-09-10T02:46:40.893Z] batch=field-waveform-1789008384767-3 D2 MODE_SWITCH_OK state=MODE_SWITCH_OK attempts=1 streak=0
[2026-09-10T02:46:50.531Z] batch=field-waveform-1789008384767-3 D6 MODE_SWITCH_START state=MODE_SWITCHING attempts=1 streak=0 attempt=1
[2026-09-10T02:46:50.540Z] batch=field-waveform-1789008384767-3 D6 MODE_SWITCH_OK state=MODE_SWITCH_OK attempts=1 streak=0
[2026-09-10T02:46:50.814Z] batch=field-waveform-1789008384767-3 D3 MODE_SWITCH_START state=MODE_SWITCHING attempts=1 streak=0 attempt=1
[2026-09-10T02:46:50.818Z] batch=field-waveform-1789008384767-3 D3 MODE_SWITCH_OK state=MODE_SWITCH_OK attempts=1 streak=0
[2026-09-10T02:46:50.856Z] batch=field-waveform-1789008384767-3 D4 MODE_SWITCH_START state=MODE_SWITCHING attempts=1 streak=0 attempt=1
[2026-09-10T02:46:50.875Z] batch=field-waveform-1789008384767-3 D4 MODE_SWITCH_OK state=MODE_SWITCH_OK attempts=1 streak=0
[2026-09-10T02:46:50.879Z] batch=field-waveform-1789008384767-3 D5 MODE_SWITCH_START state=MODE_SWITCHING attempts=1 streak=0 attempt=1
[2026-09-10T02:46:50.882Z] batch=field-waveform-1789008384767-3 D5 MODE_SWITCH_OK state=MODE_SWITCH_OK attempts=1 streak=0
[2026-09-10T02:46:50.891Z] batch=field-waveform-1789008384767-3 D1 MODE_SWITCH_START state=MODE_SWITCHING attempts=1 streak=0 attempt=1
[2026-09-10T02:46:50.898Z] batch=field-waveform-1789008384767-3 D1 MODE_SWITCH_OK state=MODE_SWITCH_OK attempts=1 streak=0
[2026-09-10T02:46:50.900Z] batch=field-waveform-1789008384767-3 D2 MODE_SWITCH_START state=MODE_SWITCHING attempts=1 streak=0 attempt=1
[2026-09-10T02:46:50.903Z] batch=field-waveform-1789008384767-3 D2 MODE_SWITCH_OK state=MODE_SWITCH_OK attempts=1 streak=0
[2026-09-10T02:46:55.621Z] batch=field-waveform-1789008384767-3 D6 FIRST_FRAME state=FIRST_FRAME_RECEIVED attempts=1 streak=1
[2026-09-10T02:46:55.621Z] batch=field-waveform-1789008384767-3 D6 FIRST_VALID_SAMPLE state=FIRST_FRAME_RECEIVED attempts=1 streak=1
[2026-09-10T02:46:55.874Z] batch=field-waveform-1789008384767-3 D6 CHANNEL_SYNC_OK state=TEST_READY attempts=1 streak=5
[2026-09-10T02:46:55.875Z] batch=field-waveform-1789008384767-3 D6 TEST_READY state=TEST_READY attempts=1 streak=5
[2026-09-10T02:46:55.928Z] batch=field-waveform-1789008384767-3 D4 FIRST_FRAME state=FIRST_FRAME_RECEIVED attempts=1 streak=1
[2026-09-10T02:46:55.928Z] batch=field-waveform-1789008384767-3 D4 FIRST_VALID_SAMPLE state=FIRST_FRAME_RECEIVED attempts=1 streak=1
[2026-09-10T02:46:55.936Z] batch=field-waveform-1789008384767-3 D3 FIRST_FRAME state=FIRST_FRAME_RECEIVED attempts=1 streak=1
[2026-09-10T02:46:55.936Z] batch=field-waveform-1789008384767-3 D3 FIRST_VALID_SAMPLE state=FIRST_FRAME_RECEIVED attempts=1 streak=1
[2026-09-10T02:46:55.961Z] batch=field-waveform-1789008384767-3 D5 FIRST_FRAME state=FIRST_FRAME_RECEIVED attempts=1 streak=1
[2026-09-10T02:46:55.962Z] batch=field-waveform-1789008384767-3 D5 FIRST_VALID_SAMPLE state=FIRST_FRAME_RECEIVED attempts=1 streak=1
[2026-09-10T02:46:55.987Z] batch=field-waveform-1789008384767-3 D2 FIRST_FRAME state=FIRST_FRAME_RECEIVED attempts=1 streak=1
[2026-09-10T02:46:55.987Z] batch=field-waveform-1789008384767-3 D2 FIRST_VALID_SAMPLE state=FIRST_FRAME_RECEIVED attempts=1 streak=1
[2026-09-10T02:46:56.000Z] batch=field-waveform-1789008384767-3 D1 FIRST_FRAME state=FIRST_FRAME_RECEIVED attempts=1 streak=1
[2026-09-10T02:46:56.000Z] batch=field-waveform-1789008384767-3 D1 FIRST_VALID_SAMPLE state=FIRST_FRAME_RECEIVED attempts=1 streak=1
[2026-09-10T02:46:56.154Z] batch=field-waveform-1789008384767-3 D3 CHANNEL_SYNC_OK state=TEST_READY attempts=1 streak=5
[2026-09-10T02:46:56.155Z] batch=field-waveform-1789008384767-3 D3 TEST_READY state=TEST_READY attempts=1 streak=5
[2026-09-10T02:46:56.166Z] batch=field-waveform-1789008384767-3 D4 CHANNEL_SYNC_OK state=TEST_READY attempts=1 streak=5
[2026-09-10T02:46:56.167Z] batch=field-waveform-1789008384767-3 D4 TEST_READY state=TEST_READY attempts=1 streak=5
[2026-09-10T02:46:56.221Z] batch=field-waveform-1789008384767-3 D5 CHANNEL_SYNC_OK state=TEST_READY attempts=1 streak=5
[2026-09-10T02:46:56.222Z] batch=field-waveform-1789008384767-3 D5 TEST_READY state=TEST_READY attempts=1 streak=5
[2026-09-10T02:46:56.239Z] batch=field-waveform-1789008384767-3 D2 CHANNEL_SYNC_OK state=TEST_READY attempts=1 streak=5
[2026-09-10T02:46:56.239Z] batch=field-waveform-1789008384767-3 D2 TEST_READY state=TEST_READY attempts=1 streak=5
[2026-09-10T02:46:56.242Z] batch=field-waveform-1789008384767-3 D1 CHANNEL_SYNC_OK state=TEST_READY attempts=1 streak=5
[2026-09-10T02:46:56.243Z] batch=field-waveform-1789008384767-3 D1 TEST_READY state=TEST_READY attempts=1 streak=5
[2026-09-10T02:48:02.366Z] batch=field-waveform-1789008384767-3 D5 MODE_SWITCH_START state=MODE_SWITCHING attempts=1 streak=0 attempt=1
[2026-09-10T02:48:02.379Z] batch=field-waveform-1789008384767-3 D5 MODE_SWITCH_OK state=MODE_SWITCH_OK attempts=1 streak=0
[2026-09-10T02:48:02.391Z] batch=field-waveform-1789008384767-3 D4 MODE_SWITCH_START state=MODE_SWITCHING attempts=1 streak=0 attempt=1
[2026-09-10T02:48:02.398Z] batch=field-waveform-1789008384767-3 D4 MODE_SWITCH_OK state=MODE_SWITCH_OK attempts=1 streak=0
[2026-09-10T02:48:02.404Z] batch=field-waveform-1789008384767-3 D6 MODE_SWITCH_START state=MODE_SWITCHING attempts=1 streak=0 attempt=1
[2026-09-10T02:48:02.419Z] batch=field-waveform-1789008384767-3 D6 MODE_SWITCH_OK state=MODE_SWITCH_OK attempts=1 streak=0
[2026-09-10T02:48:02.431Z] batch=field-waveform-1789008384767-3 D3 MODE_SWITCH_START state=MODE_SWITCHING attempts=1 streak=0 attempt=1
[2026-09-10T02:48:02.440Z] batch=field-waveform-1789008384767-3 D3 MODE_SWITCH_OK state=MODE_SWITCH_OK attempts=1 streak=0
[2026-09-10T02:48:02.450Z] batch=field-waveform-1789008384767-3 D1 MODE_SWITCH_START state=MODE_SWITCHING attempts=1 streak=0 attempt=1
[2026-09-10T02:48:02.453Z] batch=field-waveform-1789008384767-3 D1 MODE_SWITCH_OK state=MODE_SWITCH_OK attempts=1 streak=0
[2026-09-10T02:48:02.458Z] batch=field-waveform-1789008384767-3 D2 MODE_SWITCH_START state=MODE_SWITCHING attempts=1 streak=0 attempt=1
[2026-09-10T02:48:02.464Z] batch=field-waveform-1789008384767-3 D2 MODE_SWITCH_OK state=MODE_SWITCH_OK attempts=1 streak=0
[2026-09-10T02:48:12.478Z] batch=field-waveform-1789008384767-3 D5 MODE_SWITCH_START state=MODE_SWITCHING attempts=1 streak=0 attempt=1
[2026-09-10T02:48:12.491Z] batch=field-waveform-1789008384767-3 D5 MODE_SWITCH_OK state=MODE_SWITCH_OK attempts=1 streak=0
[2026-09-10T02:48:12.506Z] batch=field-waveform-1789008384767-3 D4 MODE_SWITCH_START state=MODE_SWITCHING attempts=1 streak=0 attempt=1
[2026-09-10T02:48:12.517Z] batch=field-waveform-1789008384767-3 D4 MODE_SWITCH_OK state=MODE_SWITCH_OK attempts=1 streak=0
[2026-09-10T02:48:12.527Z] batch=field-waveform-1789008384767-3 D6 MODE_SWITCH_START state=MODE_SWITCHING attempts=1 streak=0 attempt=1
[2026-09-10T02:48:12.530Z] batch=field-waveform-1789008384767-3 D6 MODE_SWITCH_OK state=MODE_SWITCH_OK attempts=1 streak=0
[2026-09-10T02:48:12.538Z] batch=field-waveform-1789008384767-3 D3 MODE_SWITCH_START state=MODE_SWITCHING attempts=1 streak=0 attempt=1
[2026-09-10T02:48:12.541Z] batch=field-waveform-1789008384767-3 D3 MODE_SWITCH_OK state=MODE_SWITCH_OK attempts=1 streak=0
[2026-09-10T02:48:12.545Z] batch=field-waveform-1789008384767-3 D1 MODE_SWITCH_START state=MODE_SWITCHING attempts=1 streak=0 attempt=1
[2026-09-10T02:48:12.548Z] batch=field-waveform-1789008384767-3 D1 MODE_SWITCH_OK state=MODE_SWITCH_OK attempts=1 streak=0
[2026-09-10T02:48:12.555Z] batch=field-waveform-1789008384767-3 D2 MODE_SWITCH_START state=MODE_SWITCHING attempts=1 streak=0 attempt=1
[2026-09-10T02:48:12.559Z] batch=field-waveform-1789008384767-3 D2 MODE_SWITCH_OK state=MODE_SWITCH_OK attempts=1 streak=0
[2026-09-10T02:48:17.725Z] batch=field-waveform-1789008384767-3 D5 FIRST_FRAME state=FIRST_FRAME_RECEIVED attempts=1 streak=1
[2026-09-10T02:48:17.726Z] batch=field-waveform-1789008384767-3 D5 FIRST_VALID_SAMPLE state=FIRST_FRAME_RECEIVED attempts=1 streak=1
[2026-09-10T02:48:17.733Z] batch=field-waveform-1789008384767-3 D3 FIRST_FRAME state=FIRST_FRAME_RECEIVED attempts=1 streak=1
[2026-09-10T02:48:17.733Z] batch=field-waveform-1789008384767-3 D3 FIRST_VALID_SAMPLE state=FIRST_FRAME_RECEIVED attempts=1 streak=1
[2026-09-10T02:48:17.744Z] batch=field-waveform-1789008384767-3 D6 FIRST_FRAME state=FIRST_FRAME_RECEIVED attempts=1 streak=1
[2026-09-10T02:48:17.744Z] batch=field-waveform-1789008384767-3 D6 FIRST_VALID_SAMPLE state=FIRST_FRAME_RECEIVED attempts=1 streak=1
[2026-09-10T02:48:17.755Z] batch=field-waveform-1789008384767-3 D4 FIRST_FRAME state=FIRST_FRAME_RECEIVED attempts=1 streak=1
[2026-09-10T02:48:17.755Z] batch=field-waveform-1789008384767-3 D4 FIRST_VALID_SAMPLE state=FIRST_FRAME_RECEIVED attempts=1 streak=1
[2026-09-10T02:48:17.765Z] batch=field-waveform-1789008384767-3 D1 FIRST_FRAME state=FIRST_FRAME_RECEIVED attempts=1 streak=1
[2026-09-10T02:48:17.765Z] batch=field-waveform-1789008384767-3 D1 FIRST_VALID_SAMPLE state=FIRST_FRAME_RECEIVED attempts=1 streak=1
[2026-09-10T02:48:17.776Z] batch=field-waveform-1789008384767-3 D2 FIRST_FRAME state=FIRST_FRAME_RECEIVED attempts=1 streak=1
[2026-09-10T02:48:17.777Z] batch=field-waveform-1789008384767-3 D2 FIRST_VALID_SAMPLE state=FIRST_FRAME_RECEIVED attempts=1 streak=1
[2026-09-10T02:48:18.013Z] batch=field-waveform-1789008384767-3 D5 CHANNEL_SYNC_OK state=TEST_READY attempts=1 streak=5
[2026-09-10T02:48:18.013Z] batch=field-waveform-1789008384767-3 D5 TEST_READY state=TEST_READY attempts=1 streak=5
[2026-09-10T02:48:18.021Z] batch=field-waveform-1789008384767-3 D3 CHANNEL_SYNC_OK state=TEST_READY attempts=1 streak=5
[2026-09-10T02:48:18.022Z] batch=field-waveform-1789008384767-3 D3 TEST_READY state=TEST_READY attempts=1 streak=5
[2026-09-10T02:48:18.028Z] batch=field-waveform-1789008384767-3 D6 CHANNEL_SYNC_OK state=TEST_READY attempts=1 streak=5
[2026-09-10T02:48:18.028Z] batch=field-waveform-1789008384767-3 D6 TEST_READY state=TEST_READY attempts=1 streak=5
[2026-09-10T02:48:18.041Z] batch=field-waveform-1789008384767-3 D4 CHANNEL_SYNC_OK state=TEST_READY attempts=1 streak=5
[2026-09-10T02:48:18.042Z] batch=field-waveform-1789008384767-3 D4 TEST_READY state=TEST_READY attempts=1 streak=5
[2026-09-10T02:48:18.045Z] batch=field-waveform-1789008384767-3 D1 CHANNEL_SYNC_OK state=TEST_READY attempts=1 streak=5
[2026-09-10T02:48:18.046Z] batch=field-waveform-1789008384767-3 D1 TEST_READY state=TEST_READY attempts=1 streak=5
[2026-09-10T02:48:18.050Z] batch=field-waveform-1789008384767-3 D2 CHANNEL_SYNC_OK state=TEST_READY attempts=1 streak=5
[2026-09-10T02:48:18.050Z] batch=field-waveform-1789008384767-3 D2 TEST_READY state=TEST_READY attempts=1 streak=5
