[2026-09-10T08:54:43.372Z] batch=field-waveform-1789030301448-3 D3 MODE_SWITCH_START state=MODE_SWITCHING attempts=1 streak=0 attempt=1
[2026-09-10T08:54:43.378Z] batch=field-waveform-1789030301448-3 D3 MODE_SWITCH_OK state=MODE_SWITCH_OK attempts=1 streak=0
[2026-09-10T08:54:44.245Z] batch=field-waveform-1789030301448-3 D2 MODE_SWITCH_START state=MODE_SWITCHING attempts=1 streak=0 attempt=1
[2026-09-10T08:54:44.257Z] batch=field-waveform-1789030301448-3 D2 MODE_SWITCH_OK state=MODE_SWITCH_OK attempts=1 streak=0
[2026-09-10T08:54:44.263Z] batch=field-waveform-1789030301448-3 D1 MODE_SWITCH_START state=MODE_SWITCHING attempts=1 streak=0 attempt=1
[2026-09-10T08:54:44.268Z] batch=field-waveform-1789030301448-3 D1 MODE_SWITCH_OK state=MODE_SWITCH_OK attempts=1 streak=0
[2026-09-10T08:54:44.277Z] batch=field-waveform-1789030301448-3 D5 MODE_SWITCH_START state=MODE_SWITCHING attempts=1 streak=0 attempt=1
[2026-09-10T08:54:44.280Z] batch=field-waveform-1789030301448-3 D5 MODE_SWITCH_OK state=MODE_SWITCH_OK attempts=1 streak=0
[2026-09-10T08:54:44.292Z] batch=field-waveform-1789030301448-3 D4 MODE_SWITCH_START state=MODE_SWITCHING attempts=1 streak=0 attempt=1
[2026-09-10T08:54:44.295Z] batch=field-waveform-1789030301448-3 D4 MODE_SWITCH_OK state=MODE_SWITCH_OK attempts=1 streak=0
[2026-09-10T08:54:44.302Z] batch=field-waveform-1789030301448-3 D6 MODE_SWITCH_START state=MODE_SWITCHING attempts=1 streak=0 attempt=1
[2026-09-10T08:54:44.312Z] batch=field-waveform-1789030301448-3 D6 MODE_SWITCH_OK state=MODE_SWITCH_OK attempts=1 streak=0
[2026-09-10T08:54:48.198Z] batch=field-waveform-1789030488197-4 D1 MODE_SWITCH_START state=MODE_SWITCHING attempts=1 streak=0 attempt=1
[2026-09-10T08:54:48.204Z] batch=field-waveform-1789030488197-4 D2 MODE_SWITCH_START state=MODE_SWITCHING attempts=1 streak=0 attempt=1
[2026-09-10T08:54:48.212Z] batch=field-waveform-1789030488197-4 D3 MODE_SWITCH_START state=MODE_SWITCHING attempts=1 streak=0 attempt=1
[2026-09-10T08:54:48.226Z] batch=field-waveform-1789030488197-4 D4 MODE_SWITCH_START state=MODE_SWITCHING attempts=1 streak=0 attempt=1
[2026-09-10T08:54:48.227Z] batch=field-waveform-1789030488197-4 D5 MODE_SWITCH_START state=MODE_SWITCHING attempts=1 streak=0 attempt=1
[2026-09-10T08:54:48.236Z] batch=field-waveform-1789030488197-4 D6 MODE_SWITCH_START state=MODE_SWITCHING attempts=1 streak=0 attempt=1
[2026-09-10T08:54:48.248Z] batch=field-waveform-1789030488197-4 D1 MODE_SWITCH_OK state=MODE_SWITCH_OK attempts=1 streak=0
[2026-09-10T08:54:48.255Z] batch=field-waveform-1789030488197-4 D2 MODE_SWITCH_OK state=MODE_SWITCH_OK attempts=1 streak=0
[2026-09-10T08:54:48.256Z] batch=field-waveform-1789030488197-4 D3 MODE_SWITCH_OK state=MODE_SWITCH_OK attempts=1 streak=0
[2026-09-10T08:54:48.256Z] batch=field-waveform-1789030488197-4 D4 MODE_SWITCH_OK state=MODE_SWITCH_OK attempts=1 streak=0
[2026-09-10T08:54:48.259Z] batch=field-waveform-1789030488197-4 D5 MODE_SWITCH_OK state=MODE_SWITCH_OK attempts=1 streak=0
[2026-09-10T08:54:48.261Z] batch=field-waveform-1789030488197-4 D6 MODE_SWITCH_OK state=MODE_SWITCH_OK attempts=1 streak=0
[2026-09-10T08:54:53.382Z] batch=field-waveform-1789030488197-4 D3 MODE_SWITCH_START state=MODE_SWITCHING attempts=1 streak=0 attempt=1
[2026-09-10T08:54:53.388Z] batch=field-waveform-1789030488197-4 D3 MODE_SWITCH_OK state=MODE_SWITCH_OK attempts=1 streak=0
[2026-09-10T08:54:54.258Z] batch=field-waveform-1789030488197-4 D2 MODE_SWITCH_START state=MODE_SWITCHING attempts=1 streak=0 attempt=1
[2026-09-10T08:54:54.272Z] batch=field-waveform-1789030488197-4 D2 MODE_SWITCH_OK state=MODE_SWITCH_OK attempts=1 streak=0
[2026-09-10T08:54:54.275Z] batch=field-waveform-1789030488197-4 D1 MODE_SWITCH_START state=MODE_SWITCHING attempts=1 streak=0 attempt=1
[2026-09-10T08:54:54.277Z] batch=field-waveform-1789030488197-4 D1 MODE_SWITCH_OK state=MODE_SWITCH_OK attempts=1 streak=0
[2026-09-10T08:54:54.282Z] batch=field-waveform-1789030488197-4 D5 MODE_SWITCH_START state=MODE_SWITCHING attempts=1 streak=0 attempt=1
[2026-09-10T08:54:54.286Z] batch=field-waveform-1789030488197-4 D5 MODE_SWITCH_OK state=MODE_SWITCH_OK attempts=1 streak=0
[2026-09-10T08:54:54.296Z] batch=field-waveform-1789030488197-4 D4 MODE_SWITCH_START state=MODE_SWITCHING attempts=1 streak=0 attempt=1
[2026-09-10T08:54:54.304Z] batch=field-waveform-1789030488197-4 D4 MODE_SWITCH_OK state=MODE_SWITCH_OK attempts=1 streak=0
[2026-09-10T08:54:54.315Z] batch=field-waveform-1789030488197-4 D6 MODE_SWITCH_START state=MODE_SWITCHING attempts=1 streak=0 attempt=1
[2026-09-10T08:54:54.322Z] batch=field-waveform-1789030488197-4 D6 MODE_SWITCH_OK state=MODE_SWITCH_OK attempts=1 streak=0
[2026-09-10T08:55:03.391Z] batch=field-waveform-1789030488197-4 D3 MODE_SWITCH_START state=MODE_SWITCHING attempts=1 streak=0 attempt=1
[2026-09-10T08:55:03.415Z] batch=field-waveform-1789030488197-4 D3 MODE_SWITCH_OK state=MODE_SWITCH_OK attempts=1 streak=0
[2026-09-10T08:55:04.287Z] batch=field-waveform-1789030488197-4 D2 MODE_SWITCH_START state=MODE_SWITCHING attempts=1 streak=0 attempt=1
[2026-09-10T08:55:04.296Z] batch=field-waveform-1789030488197-4 D2 MODE_SWITCH_OK state=MODE_SWITCH_OK attempts=1 streak=0
[2026-09-10T08:55:04.301Z] batch=field-waveform-1789030488197-4 D1 MODE_SWITCH_START state=MODE_SWITCHING attempts=1 streak=0 attempt=1
[2026-09-10T08:55:04.315Z] batch=field-waveform-1789030488197-4 D1 MODE_SWITCH_OK state=MODE_SWITCH_OK attempts=1 streak=0
[2026-09-10T08:55:04.320Z] batch=field-waveform-1789030488197-4 D5 MODE_SWITCH_START state=MODE_SWITCHING attempts=1 streak=0 attempt=1
[2026-09-10T08:55:04.329Z] batch=field-waveform-1789030488197-4 D5 MODE_SWITCH_OK state=MODE_SWITCH_OK attempts=1 streak=0
[2026-09-10T08:55:04.331Z] batch=field-waveform-1789030488197-4 D4 MODE_SWITCH_START state=MODE_SWITCHING attempts=1 streak=0 attempt=1
[2026-09-10T08:55:04.334Z] batch=field-waveform-1789030488197-4 D4 MODE_SWITCH_OK state=MODE_SWITCH_OK attempts=1 streak=0
[2026-09-10T08:55:04.338Z] batch=field-waveform-1789030488197-4 D6 MODE_SWITCH_START state=MODE_SWITCHING attempts=1 streak=0 attempt=1
[2026-09-10T08:55:04.342Z] batch=field-waveform-1789030488197-4 D6 MODE_SWITCH_OK state=MODE_SWITCH_OK attempts=1 streak=0
[2026-09-10T08:55:13.423Z] batch=field-waveform-1789030488197-4 D3 MODE_SWITCH_START state=MODE_SWITCHING attempts=1 streak=0 attempt=1
[2026-09-10T08:55:13.453Z] batch=field-waveform-1789030488197-4 D3 MODE_SWITCH_OK state=MODE_SWITCH_OK attempts=1 streak=0
[2026-09-10T08:55:14.297Z] batch=field-waveform-1789030488197-4 D2 MODE_SWITCH_START state=MODE_SWITCHING attempts=1 streak=0 attempt=1
[2026-09-10T08:55:14.307Z] batch=field-waveform-1789030488197-4 D2 MODE_SWITCH_OK state=MODE_SWITCH_OK attempts=1 streak=0
[2026-09-10T08:55:14.317Z] batch=field-waveform-1789030488197-4 D1 MODE_SWITCH_START state=MODE_SWITCHING attempts=1 streak=0 attempt=1
[2026-09-10T08:55:14.318Z] batch=field-waveform-1789030488197-4 D1 MODE_SWITCH_OK state=MODE_SWITCH_OK attempts=1 streak=0
[2026-09-10T08:55:14.336Z] batch=field-waveform-1789030488197-4 D5 MODE_SWITCH_START state=MODE_SWITCHING attempts=1 streak=0 attempt=1
[2026-09-10T08:55:14.338Z] batch=field-waveform-1789030488197-4 D5 MODE_SWITCH_OK state=MODE_SWITCH_OK attempts=1 streak=0
[2026-09-10T08:55:14.339Z] batch=field-waveform-1789030488197-4 D4 MODE_SWITCH_START state=MODE_SWITCHING attempts=1 streak=0 attempt=1
[2026-09-10T08:55:14.342Z] batch=field-waveform-1789030488197-4 D4 MODE_SWITCH_OK state=MODE_SWITCH_OK attempts=1 streak=0
[2026-09-10T08:55:14.346Z] batch=field-waveform-1789030488197-4 D6 MODE_SWITCH_START state=MODE_SWITCHING attempts=1 streak=0 attempt=1
[2026-09-10T08:55:14.348Z] batch=field-waveform-1789030488197-4 D6 MODE_SWITCH_OK state=MODE_SWITCH_OK attempts=1 streak=0
[2026-09-10T08:55:18.524Z] batch=field-waveform-1789030488197-4 D3 FIRST_FRAME state=FIRST_FRAME_RECEIVED attempts=1 streak=1
[2026-09-10T08:55:18.525Z] batch=field-waveform-1789030488197-4 D3 FIRST_VALID_SAMPLE state=FIRST_FRAME_RECEIVED attempts=1 streak=1
[2026-09-10T08:55:18.784Z] batch=field-waveform-1789030488197-4 D3 CHANNEL_SYNC_OK state=TEST_READY attempts=1 streak=5
[2026-09-10T08:55:18.785Z] batch=field-waveform-1789030488197-4 D3 TEST_READY state=TEST_READY attempts=1 streak=5
[2026-09-10T08:55:19.336Z] batch=field-waveform-1789030488197-4 D2 FIRST_FRAME state=FIRST_FRAME_RECEIVED attempts=1 streak=1
[2026-09-10T08:55:19.337Z] batch=field-waveform-1789030488197-4 D2 FIRST_VALID_SAMPLE state=FIRST_FRAME_RECEIVED attempts=1 streak=1
[2026-09-10T08:55:19.372Z] batch=field-waveform-1789030488197-4 D1 FIRST_FRAME state=FIRST_FRAME_RECEIVED attempts=1 streak=1
[2026-09-10T08:55:19.373Z] batch=field-waveform-1789030488197-4 D1 FIRST_VALID_SAMPLE state=FIRST_FRAME_RECEIVED attempts=1 streak=1
[2026-09-10T08:55:19.402Z] batch=field-waveform-1789030488197-4 D4 FIRST_FRAME state=FIRST_FRAME_RECEIVED attempts=1 streak=1
[2026-09-10T08:55:19.402Z] batch=field-waveform-1789030488197-4 D4 FIRST_VALID_SAMPLE state=FIRST_FRAME_RECEIVED attempts=1 streak=1
[2026-09-10T08:55:19.405Z] batch=field-waveform-1789030488197-4 D5 FIRST_FRAME state=FIRST_FRAME_RECEIVED attempts=1 streak=1
[2026-09-10T08:55:19.405Z] batch=field-waveform-1789030488197-4 D5 FIRST_VALID_SAMPLE state=FIRST_FRAME_RECEIVED attempts=1 streak=1
[2026-09-10T08:55:19.420Z] batch=field-waveform-1789030488197-4 D6 FIRST_FRAME state=FIRST_FRAME_RECEIVED attempts=1 streak=1
[2026-09-10T08:55:19.420Z] batch=field-waveform-1789030488197-4 D6 FIRST_VALID_SAMPLE state=FIRST_FRAME_RECEIVED attempts=1 streak=1
[2026-09-10T08:55:19.581Z] batch=field-waveform-1789030488197-4 D2 CHANNEL_SYNC_OK state=TEST_READY attempts=1 streak=5
[2026-09-10T08:55:19.582Z] batch=field-waveform-1789030488197-4 D2 TEST_READY state=TEST_READY attempts=1 streak=5
[2026-09-10T08:55:19.614Z] batch=field-waveform-1789030488197-4 D1 CHANNEL_SYNC_OK state=TEST_READY attempts=1 streak=5
[2026-09-10T08:55:19.614Z] batch=field-waveform-1789030488197-4 D1 TEST_READY state=TEST_READY attempts=1 streak=5
[2026-09-10T08:55:19.640Z] batch=field-waveform-1789030488197-4 D5 CHANNEL_SYNC_OK state=TEST_READY attempts=1 streak=5
[2026-09-10T08:55:19.641Z] batch=field-waveform-1789030488197-4 D5 TEST_READY state=TEST_READY attempts=1 streak=5
[2026-09-10T08:55:19.643Z] batch=field-waveform-1789030488197-4 D4 CHANNEL_SYNC_OK state=TEST_READY attempts=1 streak=5
[2026-09-10T08:55:19.643Z] batch=field-waveform-1789030488197-4 D4 TEST_READY state=TEST_READY attempts=1 streak=5
[2026-09-10T08:55:19.666Z] batch=field-waveform-1789030488197-4 D6 CHANNEL_SYNC_OK state=TEST_READY attempts=1 streak=5
[2026-09-10T08:55:19.667Z] batch=field-waveform-1789030488197-4 D6 TEST_READY state=TEST_READY attempts=1 streak=5
[2026-09-10T08:55:30.514Z] batch=field-waveform-1789030488197-4 D4 MODE_SWITCH_START state=MODE_SWITCHING attempts=1 streak=0 attempt=1
[2026-09-10T08:55:30.526Z] batch=field-waveform-1789030488197-4 D4 MODE_SWITCH_OK state=MODE_SWITCH_OK attempts=1 streak=0
[2026-09-10T08:55:30.527Z] batch=field-waveform-1789030488197-4 D2 MODE_SWITCH_START state=MODE_SWITCHING attempts=1 streak=0 attempt=1
[2026-09-10T08:55:30.531Z] batch=field-waveform-1789030488197-4 D2 MODE_SWITCH_OK state=MODE_SWITCH_OK attempts=1 streak=0
[2026-09-10T08:55:30.533Z] batch=field-waveform-1789030488197-4 D5 MODE_SWITCH_START state=MODE_SWITCHING attempts=1 streak=0 attempt=1
[2026-09-10T08:55:30.535Z] batch=field-waveform-1789030488197-4 D5 MODE_SWITCH_OK state=MODE_SWITCH_OK attempts=1 streak=0
[2026-09-10T08:55:30.536Z] batch=field-waveform-1789030488197-4 D3 MODE_SWITCH_START state=MODE_SWITCHING attempts=1 streak=0 attempt=1
[2026-09-10T08:55:30.547Z] batch=field-waveform-1789030488197-4 D3 MODE_SWITCH_OK state=MODE_SWITCH_OK attempts=1 streak=0
[2026-09-10T08:55:30.548Z] batch=field-waveform-1789030488197-4 D1 MODE_SWITCH_START state=MODE_SWITCHING attempts=1 streak=0 attempt=1
[2026-09-10T08:55:30.559Z] batch=field-waveform-1789030488197-4 D1 MODE_SWITCH_OK state=MODE_SWITCH_OK attempts=1 streak=0
[2026-09-10T08:55:30.561Z] batch=field-waveform-1789030488197-4 D6 MODE_SWITCH_START state=MODE_SWITCHING attempts=1 streak=0 attempt=1
[2026-09-10T08:55:30.562Z] batch=field-waveform-1789030488197-4 D6 MODE_SWITCH_OK state=MODE_SWITCH_OK attempts=1 streak=0
[2026-09-10T08:55:30.565Z] batch=field-waveform-1789030488197-4 D2 FIRST_FRAME state=FIRST_FRAME_RECEIVED attempts=1 streak=1
[2026-09-10T08:55:30.565Z] batch=field-waveform-1789030488197-4 D2 FIRST_VALID_SAMPLE state=FIRST_FRAME_RECEIVED attempts=1 streak=1
[2026-09-10T08:55:30.567Z] batch=field-waveform-1789030488197-4 D5 FIRST_FRAME state=FIRST_FRAME_RECEIVED attempts=1 streak=1
[2026-09-10T08:55:30.568Z] batch=field-waveform-1789030488197-4 D5 FIRST_VALID_SAMPLE state=FIRST_FRAME_RECEIVED attempts=1 streak=1
[2026-09-10T08:55:30.570Z] batch=field-waveform-1789030488197-4 D4 FIRST_FRAME state=FIRST_FRAME_RECEIVED attempts=1 streak=1
[2026-09-10T08:55:30.570Z] batch=field-waveform-1789030488197-4 D4 FIRST_VALID_SAMPLE state=FIRST_FRAME_RECEIVED attempts=1 streak=1
[2026-09-10T08:55:30.574Z] batch=field-waveform-1789030488197-4 D3 FIRST_FRAME state=FIRST_FRAME_RECEIVED attempts=1 streak=1
[2026-09-10T08:55:30.574Z] batch=field-waveform-1789030488197-4 D3 FIRST_VALID_SAMPLE state=FIRST_FRAME_RECEIVED attempts=1 streak=1
[2026-09-10T08:55:30.576Z] batch=field-waveform-1789030488197-4 D1 FIRST_FRAME state=FIRST_FRAME_RECEIVED attempts=1 streak=1
[2026-09-10T08:55:30.577Z] batch=field-waveform-1789030488197-4 D1 FIRST_VALID_SAMPLE state=FIRST_FRAME_RECEIVED attempts=1 streak=1
[2026-09-10T08:55:30.578Z] batch=field-waveform-1789030488197-4 D6 FIRST_FRAME state=FIRST_FRAME_RECEIVED attempts=1 streak=1
[2026-09-10T08:55:30.578Z] batch=field-waveform-1789030488197-4 D6 FIRST_VALID_SAMPLE state=FIRST_FRAME_RECEIVED attempts=1 streak=1
[2026-09-10T08:55:35.767Z] batch=field-waveform-1789030488197-4 D5 CHANNEL_SYNC_OK state=TEST_READY attempts=1 streak=5
[2026-09-10T08:55:35.767Z] batch=field-waveform-1789030488197-4 D5 TEST_READY state=TEST_READY attempts=1 streak=5
[2026-09-10T08:55:35.772Z] batch=field-waveform-1789030488197-4 D4 CHANNEL_SYNC_OK state=TEST_READY attempts=1 streak=5
[2026-09-10T08:55:35.772Z] batch=field-waveform-1789030488197-4 D4 TEST_READY state=TEST_READY attempts=1 streak=5
[2026-09-10T08:55:35.779Z] batch=field-waveform-1789030488197-4 D2 CHANNEL_SYNC_OK state=TEST_READY attempts=1 streak=5
[2026-09-10T08:55:35.779Z] batch=field-waveform-1789030488197-4 D2 TEST_READY state=TEST_READY attempts=1 streak=5
[2026-09-10T08:55:35.784Z] batch=field-waveform-1789030488197-4 D3 CHANNEL_SYNC_OK state=TEST_READY attempts=1 streak=5
[2026-09-10T08:55:35.785Z] batch=field-waveform-1789030488197-4 D3 TEST_READY state=TEST_READY attempts=1 streak=5
[2026-09-10T08:55:35.794Z] batch=field-waveform-1789030488197-4 D6 CHANNEL_SYNC_OK state=TEST_READY attempts=1 streak=5
[2026-09-10T08:55:35.795Z] batch=field-waveform-1789030488197-4 D6 TEST_READY state=TEST_READY attempts=1 streak=5
[2026-09-10T08:55:35.801Z] batch=field-waveform-1789030488197-4 D1 CHANNEL_SYNC_OK state=TEST_READY attempts=1 streak=5
[2026-09-10T08:55:35.801Z] batch=field-waveform-1789030488197-4 D1 TEST_READY state=TEST_READY attempts=1 streak=5
[2026-09-10T08:56:29.385Z] batch=field-waveform-1789030488197-4 D3 MODE_SWITCH_START state=MODE_SWITCHING attempts=1 streak=0 attempt=1
[2026-09-10T08:56:29.396Z] batch=field-waveform-1789030488197-4 D3 MODE_SWITCH_OK state=MODE_SWITCH_OK attempts=1 streak=0
[2026-09-10T08:56:29.630Z] batch=field-waveform-1789030488197-4 D1 MODE_SWITCH_START state=MODE_SWITCHING attempts=1 streak=0 attempt=1
[2026-09-10T08:56:29.643Z] batch=field-waveform-1789030488197-4 D1 MODE_SWITCH_OK state=MODE_SWITCH_OK attempts=1 streak=0
[2026-09-10T08:56:29.658Z] batch=field-waveform-1789030488197-4 D5 MODE_SWITCH_START state=MODE_SWITCHING attempts=1 streak=0 attempt=1
[2026-09-10T08:56:29.665Z] batch=field-waveform-1789030488197-4 D5 MODE_SWITCH_OK state=MODE_SWITCH_OK attempts=1 streak=0
[2026-09-10T08:56:29.679Z] batch=field-waveform-1789030488197-4 D4 MODE_SWITCH_START state=MODE_SWITCHING attempts=1 streak=0 attempt=1
[2026-09-10T08:56:29.688Z] batch=field-waveform-1789030488197-4 D4 MODE_SWITCH_OK state=MODE_SWITCH_OK attempts=1 streak=0
[2026-09-10T08:56:29.696Z] batch=field-waveform-1789030488197-4 D2 MODE_SWITCH_START state=MODE_SWITCHING attempts=1 streak=0 attempt=1
[2026-09-10T08:56:29.705Z] batch=field-waveform-1789030488197-4 D2 MODE_SWITCH_OK state=MODE_SWITCH_OK attempts=1 streak=0
[2026-09-10T08:56:29.725Z] batch=field-waveform-1789030488197-4 D6 MODE_SWITCH_START state=MODE_SWITCHING attempts=1 streak=0 attempt=1
[2026-09-10T08:56:29.735Z] batch=field-waveform-1789030488197-4 D6 MODE_SWITCH_OK state=MODE_SWITCH_OK attempts=1 streak=0
[2026-09-10T08:56:38.810Z] batch=field-waveform-1789030488197-4 D5 FIRST_FRAME state=FIRST_FRAME_RECEIVED attempts=1 streak=1
[2026-09-10T08:56:38.811Z] batch=field-waveform-1789030488197-4 D5 FIRST_VALID_SAMPLE state=FIRST_FRAME_RECEIVED attempts=1 streak=1
[2026-09-10T08:56:39.519Z] batch=field-waveform-1789030488197-4 D3 MODE_SWITCH_START state=MODE_SWITCHING attempts=1 streak=0 attempt=1
[2026-09-10T08:56:39.525Z] batch=field-waveform-1789030488197-4 D3 MODE_SWITCH_OK state=MODE_SWITCH_OK attempts=1 streak=0
[2026-09-10T08:56:39.764Z] batch=field-waveform-1789030488197-4 D1 MODE_SWITCH_START state=MODE_SWITCHING attempts=1 streak=0 attempt=1
[2026-09-10T08:56:39.776Z] batch=field-waveform-1789030488197-4 D1 MODE_SWITCH_OK state=MODE_SWITCH_OK attempts=1 streak=0
[2026-09-10T08:56:39.786Z] batch=field-waveform-1789030488197-4 D4 MODE_SWITCH_START state=MODE_SWITCHING attempts=1 streak=0 attempt=1
[2026-09-10T08:56:39.795Z] batch=field-waveform-1789030488197-4 D4 MODE_SWITCH_OK state=MODE_SWITCH_OK attempts=1 streak=0
[2026-09-10T08:56:39.802Z] batch=field-waveform-1789030488197-4 D2 MODE_SWITCH_START state=MODE_SWITCHING attempts=1 streak=0 attempt=1
[2026-09-10T08:56:39.810Z] batch=field-waveform-1789030488197-4 D2 MODE_SWITCH_OK state=MODE_SWITCH_OK attempts=1 streak=0
[2026-09-10T08:56:39.822Z] batch=field-waveform-1789030488197-4 D6 MODE_SWITCH_START state=MODE_SWITCHING attempts=1 streak=0 attempt=1
[2026-09-10T08:56:39.830Z] batch=field-waveform-1789030488197-4 D6 MODE_SWITCH_OK state=MODE_SWITCH_OK attempts=1 streak=0
[2026-09-10T08:56:44.718Z] batch=field-waveform-1789030488197-4 D3 FIRST_FRAME state=FIRST_FRAME_RECEIVED attempts=1 streak=1
[2026-09-10T08:56:44.718Z] batch=field-waveform-1789030488197-4 D3 FIRST_VALID_SAMPLE state=FIRST_FRAME_RECEIVED attempts=1 streak=1
[2026-09-10T08:56:44.955Z] batch=field-waveform-1789030488197-4 D3 CHANNEL_SYNC_OK state=TEST_READY attempts=1 streak=5
[2026-09-10T08:56:44.955Z] batch=field-waveform-1789030488197-4 D3 TEST_READY state=TEST_READY attempts=1 streak=5
[2026-09-10T08:56:44.961Z] batch=field-waveform-1789030488197-4 D1 FIRST_FRAME state=FIRST_FRAME_RECEIVED attempts=1 streak=1
[2026-09-10T08:56:44.961Z] batch=field-waveform-1789030488197-4 D1 FIRST_VALID_SAMPLE state=FIRST_FRAME_RECEIVED attempts=1 streak=1
[2026-09-10T08:56:44.964Z] batch=field-waveform-1789030488197-4 D4 FIRST_FRAME state=FIRST_FRAME_RECEIVED attempts=1 streak=1
[2026-09-10T08:56:44.964Z] batch=field-waveform-1789030488197-4 D4 FIRST_VALID_SAMPLE state=FIRST_FRAME_RECEIVED attempts=1 streak=1
[2026-09-10T08:56:44.973Z] batch=field-waveform-1789030488197-4 D2 FIRST_FRAME state=FIRST_FRAME_RECEIVED attempts=1 streak=1
[2026-09-10T08:56:44.973Z] batch=field-waveform-1789030488197-4 D2 FIRST_VALID_SAMPLE state=FIRST_FRAME_RECEIVED attempts=1 streak=1
[2026-09-10T08:56:44.981Z] batch=field-waveform-1789030488197-4 D6 FIRST_FRAME state=FIRST_FRAME_RECEIVED attempts=1 streak=1
[2026-09-10T08:56:44.981Z] batch=field-waveform-1789030488197-4 D6 FIRST_VALID_SAMPLE state=FIRST_FRAME_RECEIVED attempts=1 streak=1
[2026-09-10T08:56:45.203Z] batch=field-waveform-1789030488197-4 D4 CHANNEL_SYNC_OK state=TEST_READY attempts=1 streak=5
[2026-09-10T08:56:45.203Z] batch=field-waveform-1789030488197-4 D4 TEST_READY state=TEST_READY attempts=1 streak=5
[2026-09-10T08:56:45.206Z] batch=field-waveform-1789030488197-4 D2 CHANNEL_SYNC_OK state=TEST_READY attempts=1 streak=5
[2026-09-10T08:56:45.206Z] batch=field-waveform-1789030488197-4 D2 TEST_READY state=TEST_READY attempts=1 streak=5
[2026-09-10T08:56:45.219Z] batch=field-waveform-1789030488197-4 D6 CHANNEL_SYNC_OK state=TEST_READY attempts=1 streak=5
[2026-09-10T08:56:45.219Z] batch=field-waveform-1789030488197-4 D6 TEST_READY state=TEST_READY attempts=1 streak=5
[2026-09-10T08:56:45.340Z] batch=field-waveform-1789030488197-4 D1 CHANNEL_SYNC_OK state=TEST_READY attempts=1 streak=5
[2026-09-10T08:56:45.341Z] batch=field-waveform-1789030488197-4 D1 TEST_READY state=TEST_READY attempts=1 streak=5
[2026-09-10T08:56:48.975Z] batch=field-waveform-1789030488197-4 D5 MODE_SWITCH_START state=MODE_SWITCHING attempts=1 streak=0 attempt=1
[2026-09-10T08:56:48.977Z] batch=field-waveform-1789030488197-4 D5 MODE_SWITCH_OK state=MODE_SWITCH_OK attempts=1 streak=0
[2026-09-10T08:56:54.056Z] batch=field-waveform-1789030488197-4 D5 FIRST_FRAME state=FIRST_FRAME_RECEIVED attempts=1 streak=1
[2026-09-10T08:56:54.056Z] batch=field-waveform-1789030488197-4 D5 FIRST_VALID_SAMPLE state=FIRST_FRAME_RECEIVED attempts=1 streak=1
[2026-09-10T08:56:54.312Z] batch=field-waveform-1789030488197-4 D5 CHANNEL_SYNC_OK state=TEST_READY attempts=1 streak=5
[2026-09-10T08:56:54.313Z] batch=field-waveform-1789030488197-4 D5 TEST_READY state=TEST_READY attempts=1 streak=5
[2026-09-10T08:57:20.774Z] batch=field-waveform-1789030488197-4 D5 MODE_SWITCH_START state=MODE_SWITCHING attempts=1 streak=0 attempt=1
[2026-09-10T08:57:20.782Z] batch=field-waveform-1789030488197-4 D5 MODE_SWITCH_OK state=MODE_SWITCH_OK attempts=1 streak=0
