[2026-09-17T08:06:00.904Z] batch=field-waveform-1789632356492-11 D4 MODE_SWITCH_START state=MODE_SWITCHING attempts=1 streak=0 attempt=1
[2026-09-17T08:06:00.906Z] batch=field-waveform-1789632356492-11 D4 MODE_SWITCH_OK state=MODE_SWITCH_OK attempts=1 streak=0
[2026-09-17T08:06:00.907Z] batch=field-waveform-1789632356492-11 D6 MODE_SWITCH_START state=MODE_SWITCHING attempts=1 streak=0 attempt=1
[2026-09-17T08:06:00.908Z] batch=field-waveform-1789632356492-11 D6 MODE_SWITCH_OK state=MODE_SWITCH_OK attempts=1 streak=0
[2026-09-17T08:06:00.920Z] batch=field-waveform-1789632356492-11 D1 MODE_SWITCH_START state=MODE_SWITCHING attempts=1 streak=0 attempt=1
[2026-09-17T08:06:00.922Z] batch=field-waveform-1789632356492-11 D1 MODE_SWITCH_OK state=MODE_SWITCH_OK attempts=1 streak=0
[2026-09-17T08:06:00.923Z] batch=field-waveform-1789632356492-11 D2 MODE_SWITCH_START state=MODE_SWITCHING attempts=1 streak=0 attempt=1
[2026-09-17T08:06:00.924Z] batch=field-waveform-1789632356492-11 D2 MODE_SWITCH_OK state=MODE_SWITCH_OK attempts=1 streak=0
[2026-09-17T08:06:00.925Z] batch=field-waveform-1789632356492-11 D5 MODE_SWITCH_START state=MODE_SWITCHING attempts=1 streak=0 attempt=1
[2026-09-17T08:06:00.926Z] batch=field-waveform-1789632356492-11 D5 MODE_SWITCH_OK state=MODE_SWITCH_OK attempts=1 streak=0
[2026-09-17T08:06:00.928Z] batch=field-waveform-1789632356492-11 D3 MODE_SWITCH_START state=MODE_SWITCHING attempts=1 streak=0 attempt=1
[2026-09-17T08:06:00.929Z] batch=field-waveform-1789632356492-11 D3 MODE_SWITCH_OK state=MODE_SWITCH_OK attempts=1 streak=0
[2026-09-17T08:06:10.921Z] batch=field-waveform-1789632356492-11 D4 MODE_SWITCH_START state=MODE_SWITCHING attempts=1 streak=0 attempt=1
[2026-09-17T08:06:10.926Z] batch=field-waveform-1789632356492-11 D4 MODE_SWITCH_OK state=MODE_SWITCH_OK attempts=1 streak=0
[2026-09-17T08:06:10.928Z] batch=field-waveform-1789632356492-11 D6 MODE_SWITCH_START state=MODE_SWITCHING attempts=1 streak=0 attempt=1
[2026-09-17T08:06:10.929Z] batch=field-waveform-1789632356492-11 D6 MODE_SWITCH_OK state=MODE_SWITCH_OK attempts=1 streak=0
[2026-09-17T08:06:10.933Z] batch=field-waveform-1789632356492-11 D1 MODE_SWITCH_START state=MODE_SWITCHING attempts=1 streak=0 attempt=1
[2026-09-17T08:06:10.934Z] batch=field-waveform-1789632356492-11 D1 MODE_SWITCH_OK state=MODE_SWITCH_OK attempts=1 streak=0
[2026-09-17T08:06:10.935Z] batch=field-waveform-1789632356492-11 D2 MODE_SWITCH_START state=MODE_SWITCHING attempts=1 streak=0 attempt=1
[2026-09-17T08:06:10.937Z] batch=field-waveform-1789632356492-11 D2 MODE_SWITCH_OK state=MODE_SWITCH_OK attempts=1 streak=0
[2026-09-17T08:06:10.938Z] batch=field-waveform-1789632356492-11 D5 MODE_SWITCH_START state=MODE_SWITCHING attempts=1 streak=0 attempt=1
[2026-09-17T08:06:10.939Z] batch=field-waveform-1789632356492-11 D5 MODE_SWITCH_OK state=MODE_SWITCH_OK attempts=1 streak=0
[2026-09-17T08:06:10.942Z] batch=field-waveform-1789632356492-11 D3 MODE_SWITCH_START state=MODE_SWITCHING attempts=1 streak=0 attempt=1
[2026-09-17T08:06:10.943Z] batch=field-waveform-1789632356492-11 D3 MODE_SWITCH_OK state=MODE_SWITCH_OK attempts=1 streak=0
[2026-09-17T08:06:20.932Z] batch=field-waveform-1789632356492-11 D4 MODE_SWITCH_START state=MODE_SWITCHING attempts=1 streak=0 attempt=1
[2026-09-17T08:06:20.934Z] batch=field-waveform-1789632356492-11 D4 MODE_SWITCH_OK state=MODE_SWITCH_OK attempts=1 streak=0
[2026-09-17T08:06:20.935Z] batch=field-waveform-1789632356492-11 D6 MODE_SWITCH_START state=MODE_SWITCHING attempts=1 streak=0 attempt=1
[2026-09-17T08:06:20.938Z] batch=field-waveform-1789632356492-11 D6 MODE_SWITCH_OK state=MODE_SWITCH_OK attempts=1 streak=0
[2026-09-17T08:06:20.942Z] batch=field-waveform-1789632356492-11 D1 MODE_SWITCH_START state=MODE_SWITCHING attempts=1 streak=0 attempt=1
[2026-09-17T08:06:20.948Z] batch=field-waveform-1789632356492-11 D1 MODE_SWITCH_OK state=MODE_SWITCH_OK attempts=1 streak=0
[2026-09-17T08:06:20.949Z] batch=field-waveform-1789632356492-11 D2 MODE_SWITCH_START state=MODE_SWITCHING attempts=1 streak=0 attempt=1
[2026-09-17T08:06:20.950Z] batch=field-waveform-1789632356492-11 D2 MODE_SWITCH_OK state=MODE_SWITCH_OK attempts=1 streak=0
[2026-09-17T08:06:20.973Z] batch=field-waveform-1789632356492-11 D5 MODE_SWITCH_START state=MODE_SWITCHING attempts=1 streak=0 attempt=1
[2026-09-17T08:06:20.973Z] batch=field-waveform-1789632356492-11 D5 MODE_SWITCH_OK state=MODE_SWITCH_OK attempts=1 streak=0
[2026-09-17T08:06:20.974Z] batch=field-waveform-1789632356492-11 D3 MODE_SWITCH_START state=MODE_SWITCHING attempts=1 streak=0 attempt=1
[2026-09-17T08:06:20.975Z] batch=field-waveform-1789632356492-11 D3 MODE_SWITCH_OK state=MODE_SWITCH_OK attempts=1 streak=0
[2026-09-17T08:06:25.986Z] batch=field-waveform-1789632356492-11 D6 FIRST_FRAME state=FIRST_FRAME_RECEIVED attempts=1 streak=1
[2026-09-17T08:06:25.986Z] batch=field-waveform-1789632356492-11 D6 FIRST_VALID_SAMPLE state=FIRST_FRAME_RECEIVED attempts=1 streak=1
[2026-09-17T08:06:25.996Z] batch=field-waveform-1789632356492-11 D2 FIRST_FRAME state=FIRST_FRAME_RECEIVED attempts=1 streak=1
[2026-09-17T08:06:25.997Z] batch=field-waveform-1789632356492-11 D2 FIRST_VALID_SAMPLE state=FIRST_FRAME_RECEIVED attempts=1 streak=1
[2026-09-17T08:06:26.010Z] batch=field-waveform-1789632356492-11 D4 FIRST_FRAME state=FIRST_FRAME_RECEIVED attempts=1 streak=1
[2026-09-17T08:06:26.011Z] batch=field-waveform-1789632356492-11 D4 FIRST_VALID_SAMPLE state=FIRST_FRAME_RECEIVED attempts=1 streak=1
[2026-09-17T08:06:26.021Z] batch=field-waveform-1789632356492-11 D1 FIRST_FRAME state=FIRST_FRAME_RECEIVED attempts=1 streak=1
[2026-09-17T08:06:26.021Z] batch=field-waveform-1789632356492-11 D1 FIRST_VALID_SAMPLE state=FIRST_FRAME_RECEIVED attempts=1 streak=1
[2026-09-17T08:06:26.035Z] batch=field-waveform-1789632356492-11 D3 FIRST_FRAME state=FIRST_FRAME_RECEIVED attempts=1 streak=1
[2026-09-17T08:06:26.035Z] batch=field-waveform-1789632356492-11 D3 FIRST_VALID_SAMPLE state=FIRST_FRAME_RECEIVED attempts=1 streak=1
[2026-09-17T08:06:26.070Z] batch=field-waveform-1789632356492-11 D5 FIRST_FRAME state=FIRST_FRAME_RECEIVED attempts=1 streak=1
[2026-09-17T08:06:26.071Z] batch=field-waveform-1789632356492-11 D5 FIRST_VALID_SAMPLE state=FIRST_FRAME_RECEIVED attempts=1 streak=1
[2026-09-17T08:06:26.222Z] batch=field-waveform-1789632356492-11 D6 CHANNEL_SYNC_OK state=TEST_READY attempts=1 streak=5
[2026-09-17T08:06:26.222Z] batch=field-waveform-1789632356492-11 D6 TEST_READY state=TEST_READY attempts=1 streak=5
[2026-09-17T08:06:26.246Z] batch=field-waveform-1789632356492-11 D2 CHANNEL_SYNC_OK state=TEST_READY attempts=1 streak=5
[2026-09-17T08:06:26.246Z] batch=field-waveform-1789632356492-11 D2 TEST_READY state=TEST_READY attempts=1 streak=5
[2026-09-17T08:06:26.263Z] batch=field-waveform-1789632356492-11 D4 CHANNEL_SYNC_OK state=TEST_READY attempts=1 streak=5
[2026-09-17T08:06:26.263Z] batch=field-waveform-1789632356492-11 D4 TEST_READY state=TEST_READY attempts=1 streak=5
[2026-09-17T08:06:26.275Z] batch=field-waveform-1789632356492-11 D1 CHANNEL_SYNC_OK state=TEST_READY attempts=1 streak=5
[2026-09-17T08:06:26.275Z] batch=field-waveform-1789632356492-11 D1 TEST_READY state=TEST_READY attempts=1 streak=5
[2026-09-17T08:06:26.286Z] batch=field-waveform-1789632356492-11 D3 CHANNEL_SYNC_OK state=TEST_READY attempts=1 streak=5
[2026-09-17T08:06:26.286Z] batch=field-waveform-1789632356492-11 D3 TEST_READY state=TEST_READY attempts=1 streak=5
[2026-09-17T08:06:26.318Z] batch=field-waveform-1789632356492-11 D5 CHANNEL_SYNC_OK state=TEST_READY attempts=1 streak=5
[2026-09-17T08:06:26.319Z] batch=field-waveform-1789632356492-11 D5 TEST_READY state=TEST_READY attempts=1 streak=5
[2026-09-17T08:07:33.704Z] batch=field-waveform-1789632356492-11 D1 MODE_SWITCH_START state=MODE_SWITCHING attempts=1 streak=0 attempt=1
[2026-09-17T08:07:33.714Z] batch=field-waveform-1789632356492-11 D1 MODE_SWITCH_OK state=MODE_SWITCH_OK attempts=1 streak=0
[2026-09-17T08:07:33.720Z] batch=field-waveform-1789632356492-11 D6 MODE_SWITCH_START state=MODE_SWITCHING attempts=1 streak=0 attempt=1
[2026-09-17T08:07:33.721Z] batch=field-waveform-1789632356492-11 D6 MODE_SWITCH_OK state=MODE_SWITCH_OK attempts=1 streak=0
[2026-09-17T08:07:33.723Z] batch=field-waveform-1789632356492-11 D3 MODE_SWITCH_START state=MODE_SWITCHING attempts=1 streak=0 attempt=1
[2026-09-17T08:07:33.725Z] batch=field-waveform-1789632356492-11 D3 MODE_SWITCH_OK state=MODE_SWITCH_OK attempts=1 streak=0
[2026-09-17T08:07:33.727Z] batch=field-waveform-1789632356492-11 D2 MODE_SWITCH_START state=MODE_SWITCHING attempts=1 streak=0 attempt=1
[2026-09-17T08:07:33.728Z] batch=field-waveform-1789632356492-11 D2 MODE_SWITCH_OK state=MODE_SWITCH_OK attempts=1 streak=0
[2026-09-17T08:07:33.730Z] batch=field-waveform-1789632356492-11 D5 MODE_SWITCH_START state=MODE_SWITCHING attempts=1 streak=0 attempt=1
[2026-09-17T08:07:33.731Z] batch=field-waveform-1789632356492-11 D5 MODE_SWITCH_OK state=MODE_SWITCH_OK attempts=1 streak=0
[2026-09-17T08:07:33.972Z] batch=field-waveform-1789632356492-11 D4 MODE_SWITCH_START state=MODE_SWITCHING attempts=1 streak=0 attempt=1
[2026-09-17T08:07:33.973Z] batch=field-waveform-1789632356492-11 D4 MODE_SWITCH_OK state=MODE_SWITCH_OK attempts=1 streak=0
[2026-09-17T08:07:43.834Z] batch=field-waveform-1789632356492-11 D1 MODE_SWITCH_START state=MODE_SWITCHING attempts=1 streak=0 attempt=1
[2026-09-17T08:07:43.835Z] batch=field-waveform-1789632356492-11 D1 MODE_SWITCH_OK state=MODE_SWITCH_OK attempts=1 streak=0
[2026-09-17T08:07:43.838Z] batch=field-waveform-1789632356492-11 D6 MODE_SWITCH_START state=MODE_SWITCHING attempts=1 streak=0 attempt=1
[2026-09-17T08:07:43.838Z] batch=field-waveform-1789632356492-11 D6 MODE_SWITCH_OK state=MODE_SWITCH_OK attempts=1 streak=0
[2026-09-17T08:07:43.843Z] batch=field-waveform-1789632356492-11 D3 MODE_SWITCH_START state=MODE_SWITCHING attempts=1 streak=0 attempt=1
[2026-09-17T08:07:43.844Z] batch=field-waveform-1789632356492-11 D3 MODE_SWITCH_OK state=MODE_SWITCH_OK attempts=1 streak=0
[2026-09-17T08:07:43.847Z] batch=field-waveform-1789632356492-11 D2 MODE_SWITCH_START state=MODE_SWITCHING attempts=1 streak=0 attempt=1
[2026-09-17T08:07:43.847Z] batch=field-waveform-1789632356492-11 D2 MODE_SWITCH_OK state=MODE_SWITCH_OK attempts=1 streak=0
[2026-09-17T08:07:43.850Z] batch=field-waveform-1789632356492-11 D5 MODE_SWITCH_START state=MODE_SWITCHING attempts=1 streak=0 attempt=1
[2026-09-17T08:07:43.851Z] batch=field-waveform-1789632356492-11 D5 MODE_SWITCH_OK state=MODE_SWITCH_OK attempts=1 streak=0
[2026-09-17T08:07:44.083Z] batch=field-waveform-1789632356492-11 D4 MODE_SWITCH_START state=MODE_SWITCHING attempts=1 streak=0 attempt=1
[2026-09-17T08:07:44.084Z] batch=field-waveform-1789632356492-11 D4 MODE_SWITCH_OK state=MODE_SWITCH_OK attempts=1 streak=0
[2026-09-17T08:07:53.895Z] batch=field-waveform-1789632356492-11 D1 MODE_SWITCH_START state=MODE_SWITCHING attempts=1 streak=0 attempt=1
[2026-09-17T08:07:53.899Z] batch=field-waveform-1789632356492-11 D1 MODE_SWITCH_OK state=MODE_SWITCH_OK attempts=1 streak=0
[2026-09-17T08:07:53.904Z] batch=field-waveform-1789632356492-11 D6 MODE_SWITCH_START state=MODE_SWITCHING attempts=1 streak=0 attempt=1
[2026-09-17T08:07:53.905Z] batch=field-waveform-1789632356492-11 D6 MODE_SWITCH_OK state=MODE_SWITCH_OK attempts=1 streak=0
[2026-09-17T08:07:53.908Z] batch=field-waveform-1789632356492-11 D3 MODE_SWITCH_START state=MODE_SWITCHING attempts=1 streak=0 attempt=1
[2026-09-17T08:07:53.909Z] batch=field-waveform-1789632356492-11 D3 MODE_SWITCH_OK state=MODE_SWITCH_OK attempts=1 streak=0
[2026-09-17T08:07:53.914Z] batch=field-waveform-1789632356492-11 D2 MODE_SWITCH_START state=MODE_SWITCHING attempts=1 streak=0 attempt=1
[2026-09-17T08:07:53.916Z] batch=field-waveform-1789632356492-11 D2 MODE_SWITCH_OK state=MODE_SWITCH_OK attempts=1 streak=0
[2026-09-17T08:07:53.919Z] batch=field-waveform-1789632356492-11 D5 MODE_SWITCH_START state=MODE_SWITCHING attempts=1 streak=0 attempt=1
[2026-09-17T08:07:53.920Z] batch=field-waveform-1789632356492-11 D5 MODE_SWITCH_OK state=MODE_SWITCH_OK attempts=1 streak=0
[2026-09-17T08:07:54.139Z] batch=field-waveform-1789632356492-11 D4 MODE_SWITCH_START state=MODE_SWITCHING attempts=1 streak=0 attempt=1
[2026-09-17T08:07:54.140Z] batch=field-waveform-1789632356492-11 D4 MODE_SWITCH_OK state=MODE_SWITCH_OK attempts=1 streak=0
[2026-09-17T08:07:56.733Z] batch=field-waveform-1789632476730-12 D1 MODE_SWITCH_START state=MODE_SWITCHING attempts=1 streak=0 attempt=1
[2026-09-17T08:07:56.735Z] batch=field-waveform-1789632476730-12 D2 MODE_SWITCH_START state=MODE_SWITCHING attempts=1 streak=0 attempt=1
[2026-09-17T08:07:56.736Z] batch=field-waveform-1789632476730-12 D3 MODE_SWITCH_START state=MODE_SWITCHING attempts=1 streak=0 attempt=1
[2026-09-17T08:07:56.737Z] batch=field-waveform-1789632476730-12 D4 MODE_SWITCH_START state=MODE_SWITCHING attempts=1 streak=0 attempt=1
[2026-09-17T08:07:56.738Z] batch=field-waveform-1789632476730-12 D5 MODE_SWITCH_START state=MODE_SWITCHING attempts=1 streak=0 attempt=1
[2026-09-17T08:07:56.738Z] batch=field-waveform-1789632476730-12 D6 MODE_SWITCH_START state=MODE_SWITCHING attempts=1 streak=0 attempt=1
[2026-09-17T08:07:56.742Z] batch=field-waveform-1789632476730-12 D1 MODE_SWITCH_OK state=MODE_SWITCH_OK attempts=1 streak=0
[2026-09-17T08:07:56.743Z] batch=field-waveform-1789632476730-12 D2 MODE_SWITCH_OK state=MODE_SWITCH_OK attempts=1 streak=0
[2026-09-17T08:07:56.745Z] batch=field-waveform-1789632476730-12 D3 MODE_SWITCH_OK state=MODE_SWITCH_OK attempts=1 streak=0
[2026-09-17T08:07:56.745Z] batch=field-waveform-1789632476730-12 D4 MODE_SWITCH_OK state=MODE_SWITCH_OK attempts=1 streak=0
[2026-09-17T08:07:56.746Z] batch=field-waveform-1789632476730-12 D5 MODE_SWITCH_OK state=MODE_SWITCH_OK attempts=1 streak=0
[2026-09-17T08:07:56.747Z] batch=field-waveform-1789632476730-12 D6 MODE_SWITCH_OK state=MODE_SWITCH_OK attempts=1 streak=0
[2026-09-17T08:08:03.914Z] batch=field-waveform-1789632476730-12 D1 MODE_SWITCH_START state=MODE_SWITCHING attempts=1 streak=0 attempt=1
[2026-09-17T08:08:03.922Z] batch=field-waveform-1789632476730-12 D1 MODE_SWITCH_OK state=MODE_SWITCH_OK attempts=1 streak=0
[2026-09-17T08:08:03.923Z] batch=field-waveform-1789632476730-12 D6 MODE_SWITCH_START state=MODE_SWITCHING attempts=1 streak=0 attempt=1
[2026-09-17T08:08:03.924Z] batch=field-waveform-1789632476730-12 D6 MODE_SWITCH_OK state=MODE_SWITCH_OK attempts=1 streak=0
[2026-09-17T08:08:03.925Z] batch=field-waveform-1789632476730-12 D3 MODE_SWITCH_START state=MODE_SWITCHING attempts=1 streak=0 attempt=1
[2026-09-17T08:08:03.926Z] batch=field-waveform-1789632476730-12 D3 MODE_SWITCH_OK state=MODE_SWITCH_OK attempts=1 streak=0
[2026-09-17T08:08:03.934Z] batch=field-waveform-1789632476730-12 D2 MODE_SWITCH_START state=MODE_SWITCHING attempts=1 streak=0 attempt=1
[2026-09-17T08:08:03.935Z] batch=field-waveform-1789632476730-12 D2 MODE_SWITCH_OK state=MODE_SWITCH_OK attempts=1 streak=0
[2026-09-17T08:08:03.936Z] batch=field-waveform-1789632476730-12 D5 MODE_SWITCH_START state=MODE_SWITCHING attempts=1 streak=0 attempt=1
[2026-09-17T08:08:03.936Z] batch=field-waveform-1789632476730-12 D5 MODE_SWITCH_OK state=MODE_SWITCH_OK attempts=1 streak=0
[2026-09-17T08:08:04.151Z] batch=field-waveform-1789632476730-12 D4 MODE_SWITCH_START state=MODE_SWITCHING attempts=1 streak=0 attempt=1
[2026-09-17T08:08:04.152Z] batch=field-waveform-1789632476730-12 D4 MODE_SWITCH_OK state=MODE_SWITCH_OK attempts=1 streak=0
[2026-09-17T08:08:13.926Z] batch=field-waveform-1789632476730-12 D1 MODE_SWITCH_START state=MODE_SWITCHING attempts=1 streak=0 attempt=1
[2026-09-17T08:08:13.927Z] batch=field-waveform-1789632476730-12 D1 MODE_SWITCH_OK state=MODE_SWITCH_OK attempts=1 streak=0
[2026-09-17T08:08:13.930Z] batch=field-waveform-1789632476730-12 D6 MODE_SWITCH_START state=MODE_SWITCHING attempts=1 streak=0 attempt=1
[2026-09-17T08:08:13.931Z] batch=field-waveform-1789632476730-12 D6 MODE_SWITCH_OK state=MODE_SWITCH_OK attempts=1 streak=0
[2026-09-17T08:08:13.934Z] batch=field-waveform-1789632476730-12 D3 MODE_SWITCH_START state=MODE_SWITCHING attempts=1 streak=0 attempt=1
[2026-09-17T08:08:13.935Z] batch=field-waveform-1789632476730-12 D3 MODE_SWITCH_OK state=MODE_SWITCH_OK attempts=1 streak=0
[2026-09-17T08:08:13.938Z] batch=field-waveform-1789632476730-12 D2 MODE_SWITCH_START state=MODE_SWITCHING attempts=1 streak=0 attempt=1
[2026-09-17T08:08:13.939Z] batch=field-waveform-1789632476730-12 D2 MODE_SWITCH_OK state=MODE_SWITCH_OK attempts=1 streak=0
[2026-09-17T08:08:13.940Z] batch=field-waveform-1789632476730-12 D5 MODE_SWITCH_START state=MODE_SWITCHING attempts=1 streak=0 attempt=1
[2026-09-17T08:08:13.942Z] batch=field-waveform-1789632476730-12 D5 MODE_SWITCH_OK state=MODE_SWITCH_OK attempts=1 streak=0
[2026-09-17T08:08:14.156Z] batch=field-waveform-1789632476730-12 D4 MODE_SWITCH_START state=MODE_SWITCHING attempts=1 streak=0 attempt=1
[2026-09-17T08:08:14.158Z] batch=field-waveform-1789632476730-12 D4 MODE_SWITCH_OK state=MODE_SWITCH_OK attempts=1 streak=0
[2026-09-17T08:08:23.940Z] batch=field-waveform-1789632476730-12 D1 MODE_SWITCH_START state=MODE_SWITCHING attempts=1 streak=0 attempt=1
[2026-09-17T08:08:23.942Z] batch=field-waveform-1789632476730-12 D1 MODE_SWITCH_OK state=MODE_SWITCH_OK attempts=1 streak=0
[2026-09-17T08:08:23.943Z] batch=field-waveform-1789632476730-12 D6 MODE_SWITCH_START state=MODE_SWITCHING attempts=1 streak=0 attempt=1
[2026-09-17T08:08:23.944Z] batch=field-waveform-1789632476730-12 D6 MODE_SWITCH_OK state=MODE_SWITCH_OK attempts=1 streak=0
[2026-09-17T08:08:23.945Z] batch=field-waveform-1789632476730-12 D3 MODE_SWITCH_START state=MODE_SWITCHING attempts=1 streak=0 attempt=1
[2026-09-17T08:08:23.946Z] batch=field-waveform-1789632476730-12 D3 MODE_SWITCH_OK state=MODE_SWITCH_OK attempts=1 streak=0
[2026-09-17T08:08:23.946Z] batch=field-waveform-1789632476730-12 D2 MODE_SWITCH_START state=MODE_SWITCHING attempts=1 streak=0 attempt=1
[2026-09-17T08:08:23.947Z] batch=field-waveform-1789632476730-12 D2 MODE_SWITCH_OK state=MODE_SWITCH_OK attempts=1 streak=0
[2026-09-17T08:08:23.951Z] batch=field-waveform-1789632476730-12 D5 MODE_SWITCH_START state=MODE_SWITCHING attempts=1 streak=0 attempt=1
[2026-09-17T08:08:23.959Z] batch=field-waveform-1789632476730-12 D5 MODE_SWITCH_OK state=MODE_SWITCH_OK attempts=1 streak=0
[2026-09-17T08:08:24.160Z] batch=field-waveform-1789632476730-12 D4 MODE_SWITCH_START state=MODE_SWITCHING attempts=1 streak=0 attempt=1
[2026-09-17T08:08:24.161Z] batch=field-waveform-1789632476730-12 D4 MODE_SWITCH_OK state=MODE_SWITCH_OK attempts=1 streak=0
[2026-09-17T08:08:33.950Z] batch=field-waveform-1789632476730-12 D1 MODE_SWITCH_START state=MODE_SWITCHING attempts=1 streak=0 attempt=1
[2026-09-17T08:08:33.951Z] batch=field-waveform-1789632476730-12 D1 MODE_SWITCH_OK state=MODE_SWITCH_OK attempts=1 streak=0
[2026-09-17T08:08:33.952Z] batch=field-waveform-1789632476730-12 D6 MODE_SWITCH_START state=MODE_SWITCHING attempts=1 streak=0 attempt=1
[2026-09-17T08:08:33.952Z] batch=field-waveform-1789632476730-12 D6 MODE_SWITCH_OK state=MODE_SWITCH_OK attempts=1 streak=0
[2026-09-17T08:08:33.953Z] batch=field-waveform-1789632476730-12 D3 MODE_SWITCH_START state=MODE_SWITCHING attempts=1 streak=0 attempt=1
[2026-09-17T08:08:33.954Z] batch=field-waveform-1789632476730-12 D3 MODE_SWITCH_OK state=MODE_SWITCH_OK attempts=1 streak=0
[2026-09-17T08:08:33.955Z] batch=field-waveform-1789632476730-12 D2 MODE_SWITCH_START state=MODE_SWITCHING attempts=1 streak=0 attempt=1
[2026-09-17T08:08:33.955Z] batch=field-waveform-1789632476730-12 D2 MODE_SWITCH_OK state=MODE_SWITCH_OK attempts=1 streak=0
[2026-09-17T08:08:33.972Z] batch=field-waveform-1789632476730-12 D5 MODE_SWITCH_START state=MODE_SWITCHING attempts=1 streak=0 attempt=1
[2026-09-17T08:08:33.973Z] batch=field-waveform-1789632476730-12 D5 MODE_SWITCH_OK state=MODE_SWITCH_OK attempts=1 streak=0
[2026-09-17T08:08:34.163Z] batch=field-waveform-1789632476730-12 D4 MODE_SWITCH_START state=MODE_SWITCHING attempts=1 streak=0 attempt=1
[2026-09-17T08:08:34.164Z] batch=field-waveform-1789632476730-12 D4 MODE_SWITCH_OK state=MODE_SWITCH_OK attempts=1 streak=0
[2026-09-17T08:08:43.959Z] batch=field-waveform-1789632476730-12 D1 MODE_SWITCH_START state=MODE_SWITCHING attempts=1 streak=0 attempt=1
[2026-09-17T08:08:43.960Z] batch=field-waveform-1789632476730-12 D1 MODE_SWITCH_OK state=MODE_SWITCH_OK attempts=1 streak=0
[2026-09-17T08:08:43.962Z] batch=field-waveform-1789632476730-12 D6 MODE_SWITCH_START state=MODE_SWITCHING attempts=1 streak=0 attempt=1
[2026-09-17T08:08:43.963Z] batch=field-waveform-1789632476730-12 D6 MODE_SWITCH_OK state=MODE_SWITCH_OK attempts=1 streak=0
[2026-09-17T08:08:43.964Z] batch=field-waveform-1789632476730-12 D3 MODE_SWITCH_START state=MODE_SWITCHING attempts=1 streak=0 attempt=1
[2026-09-17T08:08:43.965Z] batch=field-waveform-1789632476730-12 D3 MODE_SWITCH_OK state=MODE_SWITCH_OK attempts=1 streak=0
[2026-09-17T08:08:43.969Z] batch=field-waveform-1789632476730-12 D2 MODE_SWITCH_START state=MODE_SWITCHING attempts=1 streak=0 attempt=1
[2026-09-17T08:08:43.971Z] batch=field-waveform-1789632476730-12 D2 MODE_SWITCH_OK state=MODE_SWITCH_OK attempts=1 streak=0
[2026-09-17T08:08:43.973Z] batch=field-waveform-1789632476730-12 D5 MODE_SWITCH_START state=MODE_SWITCHING attempts=1 streak=0 attempt=1
[2026-09-17T08:08:43.976Z] batch=field-waveform-1789632476730-12 D5 MODE_SWITCH_OK state=MODE_SWITCH_OK attempts=1 streak=0
[2026-09-17T08:08:44.173Z] batch=field-waveform-1789632476730-12 D4 MODE_SWITCH_START state=MODE_SWITCHING attempts=1 streak=0 attempt=1
[2026-09-17T08:08:44.174Z] batch=field-waveform-1789632476730-12 D4 MODE_SWITCH_OK state=MODE_SWITCH_OK attempts=1 streak=0
[2026-09-17T08:08:50.660Z] batch=field-waveform-1789632476730-12 D6 FIRST_FRAME state=FIRST_FRAME_RECEIVED attempts=1 streak=1
[2026-09-17T08:08:50.661Z] batch=field-waveform-1789632476730-12 D6 FIRST_VALID_SAMPLE state=FIRST_FRAME_RECEIVED attempts=1 streak=1
[2026-09-17T08:08:50.674Z] batch=field-waveform-1789632476730-12 D1 FIRST_FRAME state=FIRST_FRAME_RECEIVED attempts=1 streak=1
[2026-09-17T08:08:50.675Z] batch=field-waveform-1789632476730-12 D1 FIRST_VALID_SAMPLE state=FIRST_FRAME_RECEIVED attempts=1 streak=1
[2026-09-17T08:08:50.685Z] batch=field-waveform-1789632476730-12 D2 FIRST_FRAME state=FIRST_FRAME_RECEIVED attempts=1 streak=1
[2026-09-17T08:08:50.685Z] batch=field-waveform-1789632476730-12 D2 FIRST_VALID_SAMPLE state=FIRST_FRAME_RECEIVED attempts=1 streak=1
[2026-09-17T08:08:50.691Z] batch=field-waveform-1789632476730-12 D5 FIRST_FRAME state=FIRST_FRAME_RECEIVED attempts=1 streak=1
[2026-09-17T08:08:50.691Z] batch=field-waveform-1789632476730-12 D5 FIRST_VALID_SAMPLE state=FIRST_FRAME_RECEIVED attempts=1 streak=1
[2026-09-17T08:08:50.699Z] batch=field-waveform-1789632476730-12 D4 FIRST_FRAME state=FIRST_FRAME_RECEIVED attempts=1 streak=1
[2026-09-17T08:08:50.699Z] batch=field-waveform-1789632476730-12 D4 FIRST_VALID_SAMPLE state=FIRST_FRAME_RECEIVED attempts=1 streak=1
[2026-09-17T08:08:50.703Z] batch=field-waveform-1789632476730-12 D3 FIRST_FRAME state=FIRST_FRAME_RECEIVED attempts=1 streak=1
[2026-09-17T08:08:50.703Z] batch=field-waveform-1789632476730-12 D3 FIRST_VALID_SAMPLE state=FIRST_FRAME_RECEIVED attempts=1 streak=1
[2026-09-17T08:08:50.910Z] batch=field-waveform-1789632476730-12 D6 CHANNEL_SYNC_OK state=TEST_READY attempts=1 streak=5
[2026-09-17T08:08:50.911Z] batch=field-waveform-1789632476730-12 D6 TEST_READY state=TEST_READY attempts=1 streak=5
[2026-09-17T08:08:50.920Z] batch=field-waveform-1789632476730-12 D1 CHANNEL_SYNC_OK state=TEST_READY attempts=1 streak=5
[2026-09-17T08:08:50.920Z] batch=field-waveform-1789632476730-12 D1 TEST_READY state=TEST_READY attempts=1 streak=5
[2026-09-17T08:08:50.932Z] batch=field-waveform-1789632476730-12 D2 CHANNEL_SYNC_OK state=TEST_READY attempts=1 streak=5
[2026-09-17T08:08:50.932Z] batch=field-waveform-1789632476730-12 D2 TEST_READY state=TEST_READY attempts=1 streak=5
[2026-09-17T08:08:50.965Z] batch=field-waveform-1789632476730-12 D5 CHANNEL_SYNC_OK state=TEST_READY attempts=1 streak=5
[2026-09-17T08:08:50.966Z] batch=field-waveform-1789632476730-12 D5 TEST_READY state=TEST_READY attempts=1 streak=5
[2026-09-17T08:08:50.966Z] batch=field-waveform-1789632476730-12 D4 CHANNEL_SYNC_OK state=TEST_READY attempts=1 streak=5
[2026-09-17T08:08:50.966Z] batch=field-waveform-1789632476730-12 D4 TEST_READY state=TEST_READY attempts=1 streak=5
[2026-09-17T08:08:50.967Z] batch=field-waveform-1789632476730-12 D3 CHANNEL_SYNC_OK state=TEST_READY attempts=1 streak=5
[2026-09-17T08:08:50.967Z] batch=field-waveform-1789632476730-12 D3 TEST_READY state=TEST_READY attempts=1 streak=5
[2026-09-17T08:09:53.971Z] batch=field-waveform-1789632476730-12 D6 MODE_SWITCH_START state=MODE_SWITCHING attempts=1 streak=0 attempt=1
[2026-09-17T08:09:53.974Z] batch=field-waveform-1789632476730-12 D6 MODE_SWITCH_OK state=MODE_SWITCH_OK attempts=1 streak=0
[2026-09-17T08:09:53.977Z] batch=field-waveform-1789632476730-12 D1 MODE_SWITCH_START state=MODE_SWITCHING attempts=1 streak=0 attempt=1
[2026-09-17T08:09:53.978Z] batch=field-waveform-1789632476730-12 D1 MODE_SWITCH_OK state=MODE_SWITCH_OK attempts=1 streak=0
[2026-09-17T08:09:53.981Z] batch=field-waveform-1789632476730-12 D2 MODE_SWITCH_START state=MODE_SWITCHING attempts=1 streak=0 attempt=1
[2026-09-17T08:09:53.982Z] batch=field-waveform-1789632476730-12 D2 MODE_SWITCH_OK state=MODE_SWITCH_OK attempts=1 streak=0
[2026-09-17T08:09:53.985Z] batch=field-waveform-1789632476730-12 D5 MODE_SWITCH_START state=MODE_SWITCHING attempts=1 streak=0 attempt=1
[2026-09-17T08:09:53.986Z] batch=field-waveform-1789632476730-12 D5 MODE_SWITCH_OK state=MODE_SWITCH_OK attempts=1 streak=0
[2026-09-17T08:09:53.989Z] batch=field-waveform-1789632476730-12 D3 MODE_SWITCH_START state=MODE_SWITCHING attempts=1 streak=0 attempt=1
[2026-09-17T08:09:53.989Z] batch=field-waveform-1789632476730-12 D3 MODE_SWITCH_OK state=MODE_SWITCH_OK attempts=1 streak=0
[2026-09-17T08:09:54.230Z] batch=field-waveform-1789632476730-12 D4 MODE_SWITCH_START state=MODE_SWITCHING attempts=1 streak=0 attempt=1
[2026-09-17T08:09:54.231Z] batch=field-waveform-1789632476730-12 D4 MODE_SWITCH_OK state=MODE_SWITCH_OK attempts=1 streak=0
[2026-09-17T08:10:03.993Z] batch=field-waveform-1789632476730-12 D6 MODE_SWITCH_START state=MODE_SWITCHING attempts=1 streak=0 attempt=1
[2026-09-17T08:10:03.994Z] batch=field-waveform-1789632476730-12 D6 MODE_SWITCH_OK state=MODE_SWITCH_OK attempts=1 streak=0
[2026-09-17T08:10:03.997Z] batch=field-waveform-1789632476730-12 D1 MODE_SWITCH_START state=MODE_SWITCHING attempts=1 streak=0 attempt=1
[2026-09-17T08:10:03.998Z] batch=field-waveform-1789632476730-12 D1 MODE_SWITCH_OK state=MODE_SWITCH_OK attempts=1 streak=0
[2026-09-17T08:10:04.001Z] batch=field-waveform-1789632476730-12 D2 MODE_SWITCH_START state=MODE_SWITCHING attempts=1 streak=0 attempt=1
[2026-09-17T08:10:04.001Z] batch=field-waveform-1789632476730-12 D2 MODE_SWITCH_OK state=MODE_SWITCH_OK attempts=1 streak=0
[2026-09-17T08:10:04.004Z] batch=field-waveform-1789632476730-12 D5 MODE_SWITCH_START state=MODE_SWITCHING attempts=1 streak=0 attempt=1
[2026-09-17T08:10:04.005Z] batch=field-waveform-1789632476730-12 D5 MODE_SWITCH_OK state=MODE_SWITCH_OK attempts=1 streak=0
[2026-09-17T08:10:04.217Z] batch=field-waveform-1789632476730-12 D3 MODE_SWITCH_START state=MODE_SWITCHING attempts=1 streak=0 attempt=1
[2026-09-17T08:10:04.220Z] batch=field-waveform-1789632476730-12 D3 MODE_SWITCH_OK state=MODE_SWITCH_OK attempts=1 streak=0
[2026-09-17T08:10:04.460Z] batch=field-waveform-1789632476730-12 D4 MODE_SWITCH_START state=MODE_SWITCHING attempts=1 streak=0 attempt=1
[2026-09-17T08:10:04.462Z] batch=field-waveform-1789632476730-12 D4 MODE_SWITCH_OK state=MODE_SWITCH_OK attempts=1 streak=0
[2026-09-17T08:10:09.186Z] batch=field-waveform-1789632476730-12 D6 FIRST_FRAME state=FIRST_FRAME_RECEIVED attempts=1 streak=1
[2026-09-17T08:10:09.187Z] batch=field-waveform-1789632476730-12 D6 FIRST_VALID_SAMPLE state=FIRST_FRAME_RECEIVED attempts=1 streak=1
[2026-09-17T08:10:09.188Z] batch=field-waveform-1789632476730-12 D2 FIRST_FRAME state=FIRST_FRAME_RECEIVED attempts=1 streak=1
[2026-09-17T08:10:09.188Z] batch=field-waveform-1789632476730-12 D2 FIRST_VALID_SAMPLE state=FIRST_FRAME_RECEIVED attempts=1 streak=1
[2026-09-17T08:10:09.190Z] batch=field-waveform-1789632476730-12 D1 FIRST_FRAME state=FIRST_FRAME_RECEIVED attempts=1 streak=1
[2026-09-17T08:10:09.190Z] batch=field-waveform-1789632476730-12 D1 FIRST_VALID_SAMPLE state=FIRST_FRAME_RECEIVED attempts=1 streak=1
[2026-09-17T08:10:09.191Z] batch=field-waveform-1789632476730-12 D5 FIRST_FRAME state=FIRST_FRAME_RECEIVED attempts=1 streak=1
[2026-09-17T08:10:09.192Z] batch=field-waveform-1789632476730-12 D5 FIRST_VALID_SAMPLE state=FIRST_FRAME_RECEIVED attempts=1 streak=1
[2026-09-17T08:10:09.290Z] batch=field-waveform-1789632476730-12 D6 CHANNEL_SYNC_OK state=TEST_READY attempts=1 streak=5
[2026-09-17T08:10:09.290Z] batch=field-waveform-1789632476730-12 D6 TEST_READY state=TEST_READY attempts=1 streak=5
[2026-09-17T08:10:09.291Z] batch=field-waveform-1789632476730-12 D3 FIRST_FRAME state=FIRST_FRAME_RECEIVED attempts=1 streak=1
[2026-09-17T08:10:09.292Z] batch=field-waveform-1789632476730-12 D3 FIRST_VALID_SAMPLE state=FIRST_FRAME_RECEIVED attempts=1 streak=1
[2026-09-17T08:10:09.418Z] batch=field-waveform-1789632476730-12 D2 CHANNEL_SYNC_OK state=TEST_READY attempts=1 streak=5
[2026-09-17T08:10:09.418Z] batch=field-waveform-1789632476730-12 D2 TEST_READY state=TEST_READY attempts=1 streak=5
[2026-09-17T08:10:09.420Z] batch=field-waveform-1789632476730-12 D1 CHANNEL_SYNC_OK state=TEST_READY attempts=1 streak=5
[2026-09-17T08:10:09.420Z] batch=field-waveform-1789632476730-12 D1 TEST_READY state=TEST_READY attempts=1 streak=5
[2026-09-17T08:10:09.421Z] batch=field-waveform-1789632476730-12 D5 CHANNEL_SYNC_OK state=TEST_READY attempts=1 streak=5
[2026-09-17T08:10:09.421Z] batch=field-waveform-1789632476730-12 D5 TEST_READY state=TEST_READY attempts=1 streak=5
[2026-09-17T08:10:09.571Z] batch=field-waveform-1789632476730-12 D3 CHANNEL_SYNC_OK state=TEST_READY attempts=1 streak=5
[2026-09-17T08:10:09.572Z] batch=field-waveform-1789632476730-12 D3 TEST_READY state=TEST_READY attempts=1 streak=5
[2026-09-17T08:10:09.584Z] batch=field-waveform-1789632476730-12 D4 FIRST_FRAME state=FIRST_FRAME_RECEIVED attempts=1 streak=1
[2026-09-17T08:10:09.585Z] batch=field-waveform-1789632476730-12 D4 FIRST_VALID_SAMPLE state=FIRST_FRAME_RECEIVED attempts=1 streak=1
[2026-09-17T08:10:09.968Z] batch=field-waveform-1789632476730-12 D4 CHANNEL_SYNC_OK state=TEST_READY attempts=1 streak=5
[2026-09-17T08:10:09.968Z] batch=field-waveform-1789632476730-12 D4 TEST_READY state=TEST_READY attempts=1 streak=5
[2026-09-17T08:10:36.304Z] batch=field-waveform-1789632476730-12 D2 MODE_SWITCH_START state=MODE_SWITCHING attempts=1 streak=0 attempt=1
[2026-09-17T08:10:36.305Z] batch=field-waveform-1789632476730-12 D2 MODE_SWITCH_OK state=MODE_SWITCH_OK attempts=1 streak=0
[2026-09-17T08:10:36.310Z] batch=field-waveform-1789632476730-12 D5 MODE_SWITCH_START state=MODE_SWITCHING attempts=1 streak=0 attempt=1
[2026-09-17T08:10:36.312Z] batch=field-waveform-1789632476730-12 D5 MODE_SWITCH_OK state=MODE_SWITCH_OK attempts=1 streak=0
[2026-09-17T08:10:36.321Z] batch=field-waveform-1789632476730-12 D1 MODE_SWITCH_START state=MODE_SWITCHING attempts=1 streak=0 attempt=1
[2026-09-17T08:10:36.325Z] batch=field-waveform-1789632476730-12 D1 MODE_SWITCH_OK state=MODE_SWITCH_OK attempts=1 streak=0
[2026-09-17T08:10:36.341Z] batch=field-waveform-1789632476730-12 D3 MODE_SWITCH_START state=MODE_SWITCHING attempts=1 streak=0 attempt=1
[2026-09-17T08:10:36.344Z] batch=field-waveform-1789632476730-12 D3 MODE_SWITCH_OK state=MODE_SWITCH_OK attempts=1 streak=0
[2026-09-17T08:10:36.352Z] batch=field-waveform-1789632476730-12 D4 MODE_SWITCH_START state=MODE_SWITCHING attempts=1 streak=0 attempt=1
[2026-09-17T08:10:36.353Z] batch=field-waveform-1789632476730-12 D4 MODE_SWITCH_OK state=MODE_SWITCH_OK attempts=1 streak=0
[2026-09-17T08:10:36.357Z] batch=field-waveform-1789632476730-12 D6 MODE_SWITCH_START state=MODE_SWITCHING attempts=1 streak=0 attempt=1
[2026-09-17T08:10:36.359Z] batch=field-waveform-1789632476730-12 D6 MODE_SWITCH_OK state=MODE_SWITCH_OK attempts=1 streak=0
