[2026-09-09T08:31:35.271Z] batch=field-waveform-1788942540361-6 D4 MODE_SWITCH_START state=MODE_SWITCHING attempts=1 streak=0 attempt=1
[2026-09-09T08:31:35.283Z] batch=field-waveform-1788942540361-6 D4 MODE_SWITCH_OK state=MODE_SWITCH_OK attempts=1 streak=0
[2026-09-09T08:31:35.292Z] batch=field-waveform-1788942540361-6 D1 MODE_SWITCH_START state=MODE_SWITCHING attempts=1 streak=0 attempt=1
[2026-09-09T08:31:35.294Z] batch=field-waveform-1788942540361-6 D1 MODE_SWITCH_OK state=MODE_SWITCH_OK attempts=1 streak=0
[2026-09-09T08:31:35.302Z] batch=field-waveform-1788942540361-6 D2 MODE_SWITCH_START state=MODE_SWITCHING attempts=1 streak=0 attempt=1
[2026-09-09T08:31:35.304Z] batch=field-waveform-1788942540361-6 D2 MODE_SWITCH_OK state=MODE_SWITCH_OK attempts=1 streak=0
[2026-09-09T08:31:35.312Z] batch=field-waveform-1788942540361-6 D5 MODE_SWITCH_START state=MODE_SWITCHING attempts=1 streak=0 attempt=1
[2026-09-09T08:31:35.319Z] batch=field-waveform-1788942540361-6 D5 MODE_SWITCH_OK state=MODE_SWITCH_OK attempts=1 streak=0
[2026-09-09T08:31:35.327Z] batch=field-waveform-1788942540361-6 D3 MODE_SWITCH_START state=MODE_SWITCHING attempts=1 streak=0 attempt=1
[2026-09-09T08:31:35.333Z] batch=field-waveform-1788942540361-6 D3 MODE_SWITCH_OK state=MODE_SWITCH_OK attempts=1 streak=0
[2026-09-09T08:31:35.348Z] batch=field-waveform-1788942540361-6 D6 MODE_SWITCH_START state=MODE_SWITCHING attempts=1 streak=0 attempt=1
[2026-09-09T08:31:35.351Z] batch=field-waveform-1788942540361-6 D6 MODE_SWITCH_OK state=MODE_SWITCH_OK attempts=1 streak=0
[2026-09-09T08:31:42.137Z] batch=field-waveform-1788942702136-7 D1 MODE_SWITCH_START state=MODE_SWITCHING attempts=1 streak=0 attempt=1
[2026-09-09T08:31:42.149Z] batch=field-waveform-1788942702136-7 D2 MODE_SWITCH_START state=MODE_SWITCHING attempts=1 streak=0 attempt=1
[2026-09-09T08:31:42.160Z] batch=field-waveform-1788942702136-7 D3 MODE_SWITCH_START state=MODE_SWITCHING attempts=1 streak=0 attempt=1
[2026-09-09T08:31:42.163Z] batch=field-waveform-1788942702136-7 D4 MODE_SWITCH_START state=MODE_SWITCHING attempts=1 streak=0 attempt=1
[2026-09-09T08:31:42.163Z] batch=field-waveform-1788942702136-7 D5 MODE_SWITCH_START state=MODE_SWITCHING attempts=1 streak=0 attempt=1
[2026-09-09T08:31:42.165Z] batch=field-waveform-1788942702136-7 D6 MODE_SWITCH_START state=MODE_SWITCHING attempts=1 streak=0 attempt=1
[2026-09-09T08:31:42.170Z] batch=field-waveform-1788942702136-7 D1 MODE_SWITCH_OK state=MODE_SWITCH_OK attempts=1 streak=0
[2026-09-09T08:31:42.171Z] batch=field-waveform-1788942702136-7 D2 MODE_SWITCH_OK state=MODE_SWITCH_OK attempts=1 streak=0
[2026-09-09T08:31:42.173Z] batch=field-waveform-1788942702136-7 D3 MODE_SWITCH_OK state=MODE_SWITCH_OK attempts=1 streak=0
[2026-09-09T08:31:42.180Z] batch=field-waveform-1788942702136-7 D4 MODE_SWITCH_OK state=MODE_SWITCH_OK attempts=1 streak=0
[2026-09-09T08:31:42.181Z] batch=field-waveform-1788942702136-7 D5 MODE_SWITCH_OK state=MODE_SWITCH_OK attempts=1 streak=0
[2026-09-09T08:31:42.186Z] batch=field-waveform-1788942702136-7 D6 MODE_SWITCH_OK state=MODE_SWITCH_OK attempts=1 streak=0
[2026-09-09T08:31:45.290Z] batch=field-waveform-1788942702136-7 D4 MODE_SWITCH_START state=MODE_SWITCHING attempts=1 streak=0 attempt=1
[2026-09-09T08:31:45.298Z] batch=field-waveform-1788942702136-7 D4 MODE_SWITCH_OK state=MODE_SWITCH_OK attempts=1 streak=0
[2026-09-09T08:31:45.304Z] batch=field-waveform-1788942702136-7 D1 MODE_SWITCH_START state=MODE_SWITCHING attempts=1 streak=0 attempt=1
[2026-09-09T08:31:45.315Z] batch=field-waveform-1788942702136-7 D1 MODE_SWITCH_OK state=MODE_SWITCH_OK attempts=1 streak=0
[2026-09-09T08:31:45.317Z] batch=field-waveform-1788942702136-7 D2 MODE_SWITCH_START state=MODE_SWITCHING attempts=1 streak=0 attempt=1
[2026-09-09T08:31:45.328Z] batch=field-waveform-1788942702136-7 D2 MODE_SWITCH_OK state=MODE_SWITCH_OK attempts=1 streak=0
[2026-09-09T08:31:45.329Z] batch=field-waveform-1788942702136-7 D5 MODE_SWITCH_START state=MODE_SWITCHING attempts=1 streak=0 attempt=1
[2026-09-09T08:31:45.331Z] batch=field-waveform-1788942702136-7 D5 MODE_SWITCH_OK state=MODE_SWITCH_OK attempts=1 streak=0
[2026-09-09T08:31:45.337Z] batch=field-waveform-1788942702136-7 D3 MODE_SWITCH_START state=MODE_SWITCHING attempts=1 streak=0 attempt=1
[2026-09-09T08:31:45.341Z] batch=field-waveform-1788942702136-7 D3 MODE_SWITCH_OK state=MODE_SWITCH_OK attempts=1 streak=0
[2026-09-09T08:31:45.353Z] batch=field-waveform-1788942702136-7 D6 MODE_SWITCH_START state=MODE_SWITCHING attempts=1 streak=0 attempt=1
[2026-09-09T08:31:45.357Z] batch=field-waveform-1788942702136-7 D6 MODE_SWITCH_OK state=MODE_SWITCH_OK attempts=1 streak=0
[2026-09-09T08:31:50.806Z] batch=field-waveform-1788942710806-8 D1 MODE_SWITCH_START state=MODE_SWITCHING attempts=1 streak=0 attempt=1
[2026-09-09T08:31:50.808Z] batch=field-waveform-1788942710806-8 D2 MODE_SWITCH_START state=MODE_SWITCHING attempts=1 streak=0 attempt=1
[2026-09-09T08:31:50.817Z] batch=field-waveform-1788942710806-8 D3 MODE_SWITCH_START state=MODE_SWITCHING attempts=1 streak=0 attempt=1
[2026-09-09T08:31:50.819Z] batch=field-waveform-1788942710806-8 D4 MODE_SWITCH_START state=MODE_SWITCHING attempts=1 streak=0 attempt=1
[2026-09-09T08:31:50.821Z] batch=field-waveform-1788942710806-8 D5 MODE_SWITCH_START state=MODE_SWITCHING attempts=1 streak=0 attempt=1
[2026-09-09T08:31:50.823Z] batch=field-waveform-1788942710806-8 D6 MODE_SWITCH_START state=MODE_SWITCHING attempts=1 streak=0 attempt=1
[2026-09-09T08:31:50.829Z] batch=field-waveform-1788942710806-8 D1 MODE_SWITCH_OK state=MODE_SWITCH_OK attempts=1 streak=0
[2026-09-09T08:31:50.829Z] batch=field-waveform-1788942710806-8 D2 MODE_SWITCH_OK state=MODE_SWITCH_OK attempts=1 streak=0
[2026-09-09T08:31:50.831Z] batch=field-waveform-1788942710806-8 D3 MODE_SWITCH_OK state=MODE_SWITCH_OK attempts=1 streak=0
[2026-09-09T08:31:50.832Z] batch=field-waveform-1788942710806-8 D4 MODE_SWITCH_OK state=MODE_SWITCH_OK attempts=1 streak=0
[2026-09-09T08:31:50.833Z] batch=field-waveform-1788942710806-8 D5 MODE_SWITCH_OK state=MODE_SWITCH_OK attempts=1 streak=0
[2026-09-09T08:31:50.833Z] batch=field-waveform-1788942710806-8 D6 MODE_SWITCH_OK state=MODE_SWITCH_OK attempts=1 streak=0
[2026-09-09T08:31:55.309Z] batch=field-waveform-1788942710806-8 D4 MODE_SWITCH_START state=MODE_SWITCHING attempts=1 streak=0 attempt=1
[2026-09-09T08:31:55.325Z] batch=field-waveform-1788942710806-8 D4 MODE_SWITCH_OK state=MODE_SWITCH_OK attempts=1 streak=0
[2026-09-09T08:31:55.336Z] batch=field-waveform-1788942710806-8 D1 MODE_SWITCH_START state=MODE_SWITCHING attempts=1 streak=0 attempt=1
[2026-09-09T08:31:55.338Z] batch=field-waveform-1788942710806-8 D1 MODE_SWITCH_OK state=MODE_SWITCH_OK attempts=1 streak=0
[2026-09-09T08:31:55.339Z] batch=field-waveform-1788942710806-8 D2 MODE_SWITCH_START state=MODE_SWITCHING attempts=1 streak=0 attempt=1
[2026-09-09T08:31:55.341Z] batch=field-waveform-1788942710806-8 D2 MODE_SWITCH_OK state=MODE_SWITCH_OK attempts=1 streak=0
[2026-09-09T08:31:55.342Z] batch=field-waveform-1788942710806-8 D5 MODE_SWITCH_START state=MODE_SWITCHING attempts=1 streak=0 attempt=1
[2026-09-09T08:31:55.351Z] batch=field-waveform-1788942710806-8 D5 MODE_SWITCH_OK state=MODE_SWITCH_OK attempts=1 streak=0
[2026-09-09T08:31:55.352Z] batch=field-waveform-1788942710806-8 D3 MODE_SWITCH_START state=MODE_SWITCHING attempts=1 streak=0 attempt=1
[2026-09-09T08:31:55.355Z] batch=field-waveform-1788942710806-8 D3 MODE_SWITCH_OK state=MODE_SWITCH_OK attempts=1 streak=0
[2026-09-09T08:31:55.360Z] batch=field-waveform-1788942710806-8 D6 MODE_SWITCH_START state=MODE_SWITCHING attempts=1 streak=0 attempt=1
[2026-09-09T08:31:55.365Z] batch=field-waveform-1788942710806-8 D6 MODE_SWITCH_OK state=MODE_SWITCH_OK attempts=1 streak=0
[2026-09-09T08:32:05.332Z] batch=field-waveform-1788942710806-8 D4 MODE_SWITCH_START state=MODE_SWITCHING attempts=1 streak=0 attempt=1
[2026-09-09T08:32:05.346Z] batch=field-waveform-1788942710806-8 D4 MODE_SWITCH_OK state=MODE_SWITCH_OK attempts=1 streak=0
[2026-09-09T08:32:05.348Z] batch=field-waveform-1788942710806-8 D1 MODE_SWITCH_START state=MODE_SWITCHING attempts=1 streak=0 attempt=1
[2026-09-09T08:32:05.354Z] batch=field-waveform-1788942710806-8 D1 MODE_SWITCH_OK state=MODE_SWITCH_OK attempts=1 streak=0
[2026-09-09T08:32:05.356Z] batch=field-waveform-1788942710806-8 D2 MODE_SWITCH_START state=MODE_SWITCHING attempts=1 streak=0 attempt=1
[2026-09-09T08:32:05.360Z] batch=field-waveform-1788942710806-8 D2 MODE_SWITCH_OK state=MODE_SWITCH_OK attempts=1 streak=0
[2026-09-09T08:32:05.361Z] batch=field-waveform-1788942710806-8 D5 MODE_SWITCH_START state=MODE_SWITCHING attempts=1 streak=0 attempt=1
[2026-09-09T08:32:05.363Z] batch=field-waveform-1788942710806-8 D5 MODE_SWITCH_OK state=MODE_SWITCH_OK attempts=1 streak=0
[2026-09-09T08:32:05.364Z] batch=field-waveform-1788942710806-8 D3 MODE_SWITCH_START state=MODE_SWITCHING attempts=1 streak=0 attempt=1
[2026-09-09T08:32:05.367Z] batch=field-waveform-1788942710806-8 D3 MODE_SWITCH_OK state=MODE_SWITCH_OK attempts=1 streak=0
[2026-09-09T08:32:05.377Z] batch=field-waveform-1788942710806-8 D6 MODE_SWITCH_START state=MODE_SWITCHING attempts=1 streak=0 attempt=1
[2026-09-09T08:32:05.381Z] batch=field-waveform-1788942710806-8 D6 MODE_SWITCH_OK state=MODE_SWITCH_OK attempts=1 streak=0
[2026-09-09T08:32:15.352Z] batch=field-waveform-1788942710806-8 D4 MODE_SWITCH_START state=MODE_SWITCHING attempts=1 streak=0 attempt=1
[2026-09-09T08:32:15.365Z] batch=field-waveform-1788942710806-8 D4 MODE_SWITCH_OK state=MODE_SWITCH_OK attempts=1 streak=0
[2026-09-09T08:32:15.367Z] batch=field-waveform-1788942710806-8 D1 MODE_SWITCH_START state=MODE_SWITCHING attempts=1 streak=0 attempt=1
[2026-09-09T08:32:15.370Z] batch=field-waveform-1788942710806-8 D1 MODE_SWITCH_OK state=MODE_SWITCH_OK attempts=1 streak=0
[2026-09-09T08:32:15.372Z] batch=field-waveform-1788942710806-8 D2 MODE_SWITCH_START state=MODE_SWITCHING attempts=1 streak=0 attempt=1
[2026-09-09T08:32:15.378Z] batch=field-waveform-1788942710806-8 D2 MODE_SWITCH_OK state=MODE_SWITCH_OK attempts=1 streak=0
[2026-09-09T08:32:15.380Z] batch=field-waveform-1788942710806-8 D5 MODE_SWITCH_START state=MODE_SWITCHING attempts=1 streak=0 attempt=1
[2026-09-09T08:32:15.383Z] batch=field-waveform-1788942710806-8 D5 MODE_SWITCH_OK state=MODE_SWITCH_OK attempts=1 streak=0
[2026-09-09T08:32:15.385Z] batch=field-waveform-1788942710806-8 D3 MODE_SWITCH_START state=MODE_SWITCHING attempts=1 streak=0 attempt=1
[2026-09-09T08:32:15.387Z] batch=field-waveform-1788942710806-8 D3 MODE_SWITCH_OK state=MODE_SWITCH_OK attempts=1 streak=0
[2026-09-09T08:32:15.388Z] batch=field-waveform-1788942710806-8 D6 MODE_SWITCH_START state=MODE_SWITCHING attempts=1 streak=0 attempt=1
[2026-09-09T08:32:15.390Z] batch=field-waveform-1788942710806-8 D6 MODE_SWITCH_OK state=MODE_SWITCH_OK attempts=1 streak=0
[2026-09-09T08:32:20.437Z] batch=field-waveform-1788942710806-8 D5 FIRST_FRAME state=FIRST_FRAME_RECEIVED attempts=1 streak=1
[2026-09-09T08:32:20.437Z] batch=field-waveform-1788942710806-8 D5 FIRST_VALID_SAMPLE state=FIRST_FRAME_RECEIVED attempts=1 streak=1
[2026-09-09T08:32:20.449Z] batch=field-waveform-1788942710806-8 D2 FIRST_FRAME state=FIRST_FRAME_RECEIVED attempts=1 streak=1
[2026-09-09T08:32:20.449Z] batch=field-waveform-1788942710806-8 D2 FIRST_VALID_SAMPLE state=FIRST_FRAME_RECEIVED attempts=1 streak=1
[2026-09-09T08:32:20.452Z] batch=field-waveform-1788942710806-8 D4 FIRST_FRAME state=FIRST_FRAME_RECEIVED attempts=1 streak=1
[2026-09-09T08:32:20.452Z] batch=field-waveform-1788942710806-8 D4 FIRST_VALID_SAMPLE state=FIRST_FRAME_RECEIVED attempts=1 streak=1
[2026-09-09T08:32:20.457Z] batch=field-waveform-1788942710806-8 D1 FIRST_FRAME state=FIRST_FRAME_RECEIVED attempts=1 streak=1
[2026-09-09T08:32:20.457Z] batch=field-waveform-1788942710806-8 D1 FIRST_VALID_SAMPLE state=FIRST_FRAME_RECEIVED attempts=1 streak=1
[2026-09-09T08:32:20.466Z] batch=field-waveform-1788942710806-8 D6 FIRST_FRAME state=FIRST_FRAME_RECEIVED attempts=1 streak=1
[2026-09-09T08:32:20.466Z] batch=field-waveform-1788942710806-8 D6 FIRST_VALID_SAMPLE state=FIRST_FRAME_RECEIVED attempts=1 streak=1
[2026-09-09T08:32:20.486Z] batch=field-waveform-1788942710806-8 D3 FIRST_FRAME state=FIRST_FRAME_RECEIVED attempts=1 streak=1
[2026-09-09T08:32:20.486Z] batch=field-waveform-1788942710806-8 D3 FIRST_VALID_SAMPLE state=FIRST_FRAME_RECEIVED attempts=1 streak=1
[2026-09-09T08:32:20.719Z] batch=field-waveform-1788942710806-8 D5 CHANNEL_SYNC_OK state=TEST_READY attempts=1 streak=5
[2026-09-09T08:32:20.719Z] batch=field-waveform-1788942710806-8 D5 TEST_READY state=TEST_READY attempts=1 streak=5
[2026-09-09T08:32:20.721Z] batch=field-waveform-1788942710806-8 D4 CHANNEL_SYNC_OK state=TEST_READY attempts=1 streak=5
[2026-09-09T08:32:20.722Z] batch=field-waveform-1788942710806-8 D4 TEST_READY state=TEST_READY attempts=1 streak=5
[2026-09-09T08:32:20.727Z] batch=field-waveform-1788942710806-8 D2 CHANNEL_SYNC_OK state=TEST_READY attempts=1 streak=5
[2026-09-09T08:32:20.727Z] batch=field-waveform-1788942710806-8 D2 TEST_READY state=TEST_READY attempts=1 streak=5
[2026-09-09T08:32:20.743Z] batch=field-waveform-1788942710806-8 D1 CHANNEL_SYNC_OK state=TEST_READY attempts=1 streak=5
[2026-09-09T08:32:20.743Z] batch=field-waveform-1788942710806-8 D1 TEST_READY state=TEST_READY attempts=1 streak=5
[2026-09-09T08:32:20.756Z] batch=field-waveform-1788942710806-8 D3 CHANNEL_SYNC_OK state=TEST_READY attempts=1 streak=5
[2026-09-09T08:32:20.757Z] batch=field-waveform-1788942710806-8 D3 TEST_READY state=TEST_READY attempts=1 streak=5
[2026-09-09T08:32:20.776Z] batch=field-waveform-1788942710806-8 D6 CHANNEL_SYNC_OK state=TEST_READY attempts=1 streak=5
[2026-09-09T08:32:20.777Z] batch=field-waveform-1788942710806-8 D6 TEST_READY state=TEST_READY attempts=1 streak=5
[2026-09-09T08:33:25.416Z] batch=field-waveform-1788942710806-8 D1 MODE_SWITCH_START state=MODE_SWITCHING attempts=1 streak=0 attempt=1
[2026-09-09T08:33:25.427Z] batch=field-waveform-1788942710806-8 D1 MODE_SWITCH_OK state=MODE_SWITCH_OK attempts=1 streak=0
[2026-09-09T08:33:25.654Z] batch=field-waveform-1788942710806-8 D3 MODE_SWITCH_START state=MODE_SWITCHING attempts=1 streak=0 attempt=1
[2026-09-09T08:33:25.658Z] batch=field-waveform-1788942710806-8 D3 MODE_SWITCH_OK state=MODE_SWITCH_OK attempts=1 streak=0
[2026-09-09T08:33:25.670Z] batch=field-waveform-1788942710806-8 D4 MODE_SWITCH_START state=MODE_SWITCHING attempts=1 streak=0 attempt=1
[2026-09-09T08:33:25.680Z] batch=field-waveform-1788942710806-8 D4 MODE_SWITCH_OK state=MODE_SWITCH_OK attempts=1 streak=0
[2026-09-09T08:33:25.687Z] batch=field-waveform-1788942710806-8 D2 MODE_SWITCH_START state=MODE_SWITCHING attempts=1 streak=0 attempt=1
[2026-09-09T08:33:25.689Z] batch=field-waveform-1788942710806-8 D2 MODE_SWITCH_OK state=MODE_SWITCH_OK attempts=1 streak=0
[2026-09-09T08:33:25.703Z] batch=field-waveform-1788942710806-8 D6 MODE_SWITCH_START state=MODE_SWITCHING attempts=1 streak=0 attempt=1
[2026-09-09T08:33:25.712Z] batch=field-waveform-1788942710806-8 D6 MODE_SWITCH_OK state=MODE_SWITCH_OK attempts=1 streak=0
[2026-09-09T08:33:25.719Z] batch=field-waveform-1788942710806-8 D5 MODE_SWITCH_START state=MODE_SWITCHING attempts=1 streak=0 attempt=1
[2026-09-09T08:33:25.724Z] batch=field-waveform-1788942710806-8 D5 MODE_SWITCH_OK state=MODE_SWITCH_OK attempts=1 streak=0
[2026-09-09T08:33:35.519Z] batch=field-waveform-1788942710806-8 D1 MODE_SWITCH_START state=MODE_SWITCHING attempts=1 streak=0 attempt=1
[2026-09-09T08:33:35.525Z] batch=field-waveform-1788942710806-8 D1 MODE_SWITCH_OK state=MODE_SWITCH_OK attempts=1 streak=0
[2026-09-09T08:33:35.734Z] batch=field-waveform-1788942710806-8 D3 MODE_SWITCH_START state=MODE_SWITCHING attempts=1 streak=0 attempt=1
[2026-09-09T08:33:35.745Z] batch=field-waveform-1788942710806-8 D3 MODE_SWITCH_OK state=MODE_SWITCH_OK attempts=1 streak=0
[2026-09-09T08:33:35.760Z] batch=field-waveform-1788942710806-8 D4 MODE_SWITCH_START state=MODE_SWITCHING attempts=1 streak=0 attempt=1
[2026-09-09T08:33:35.762Z] batch=field-waveform-1788942710806-8 D4 MODE_SWITCH_OK state=MODE_SWITCH_OK attempts=1 streak=0
[2026-09-09T08:33:35.769Z] batch=field-waveform-1788942710806-8 D2 MODE_SWITCH_START state=MODE_SWITCHING attempts=1 streak=0 attempt=1
[2026-09-09T08:33:35.786Z] batch=field-waveform-1788942710806-8 D2 MODE_SWITCH_OK state=MODE_SWITCH_OK attempts=1 streak=0
[2026-09-09T08:33:35.793Z] batch=field-waveform-1788942710806-8 D6 MODE_SWITCH_START state=MODE_SWITCHING attempts=1 streak=0 attempt=1
[2026-09-09T08:33:35.795Z] batch=field-waveform-1788942710806-8 D6 MODE_SWITCH_OK state=MODE_SWITCH_OK attempts=1 streak=0
[2026-09-09T08:33:35.802Z] batch=field-waveform-1788942710806-8 D5 MODE_SWITCH_START state=MODE_SWITCHING attempts=1 streak=0 attempt=1
[2026-09-09T08:33:35.807Z] batch=field-waveform-1788942710806-8 D5 MODE_SWITCH_OK state=MODE_SWITCH_OK attempts=1 streak=0
[2026-09-09T08:33:40.728Z] batch=field-waveform-1788942710806-8 D1 FIRST_FRAME state=FIRST_FRAME_RECEIVED attempts=1 streak=1
[2026-09-09T08:33:40.728Z] batch=field-waveform-1788942710806-8 D1 FIRST_VALID_SAMPLE state=FIRST_FRAME_RECEIVED attempts=1 streak=1
[2026-09-09T08:33:40.982Z] batch=field-waveform-1788942710806-8 D1 CHANNEL_SYNC_OK state=TEST_READY attempts=1 streak=5
[2026-09-09T08:33:40.982Z] batch=field-waveform-1788942710806-8 D1 TEST_READY state=TEST_READY attempts=1 streak=5
[2026-09-09T08:33:40.983Z] batch=field-waveform-1788942710806-8 D3 FIRST_FRAME state=FIRST_FRAME_RECEIVED attempts=1 streak=1
[2026-09-09T08:33:40.983Z] batch=field-waveform-1788942710806-8 D3 FIRST_VALID_SAMPLE state=FIRST_FRAME_RECEIVED attempts=1 streak=1
[2026-09-09T08:33:40.988Z] batch=field-waveform-1788942710806-8 D2 FIRST_FRAME state=FIRST_FRAME_RECEIVED attempts=1 streak=1
[2026-09-09T08:33:40.988Z] batch=field-waveform-1788942710806-8 D2 FIRST_VALID_SAMPLE state=FIRST_FRAME_RECEIVED attempts=1 streak=1
[2026-09-09T08:33:40.991Z] batch=field-waveform-1788942710806-8 D4 FIRST_FRAME state=FIRST_FRAME_RECEIVED attempts=1 streak=1
[2026-09-09T08:33:40.992Z] batch=field-waveform-1788942710806-8 D4 FIRST_VALID_SAMPLE state=FIRST_FRAME_RECEIVED attempts=1 streak=1
[2026-09-09T08:33:41.000Z] batch=field-waveform-1788942710806-8 D6 FIRST_FRAME state=FIRST_FRAME_RECEIVED attempts=1 streak=1
[2026-09-09T08:33:41.000Z] batch=field-waveform-1788942710806-8 D6 FIRST_VALID_SAMPLE state=FIRST_FRAME_RECEIVED attempts=1 streak=1
[2026-09-09T08:33:41.007Z] batch=field-waveform-1788942710806-8 D5 FIRST_FRAME state=FIRST_FRAME_RECEIVED attempts=1 streak=1
[2026-09-09T08:33:41.007Z] batch=field-waveform-1788942710806-8 D5 FIRST_VALID_SAMPLE state=FIRST_FRAME_RECEIVED attempts=1 streak=1
[2026-09-09T08:33:41.225Z] batch=field-waveform-1788942710806-8 D3 CHANNEL_SYNC_OK state=TEST_READY attempts=1 streak=5
[2026-09-09T08:33:41.225Z] batch=field-waveform-1788942710806-8 D3 TEST_READY state=TEST_READY attempts=1 streak=5
[2026-09-09T08:33:41.228Z] batch=field-waveform-1788942710806-8 D2 CHANNEL_SYNC_OK state=TEST_READY attempts=1 streak=5
[2026-09-09T08:33:41.229Z] batch=field-waveform-1788942710806-8 D2 TEST_READY state=TEST_READY attempts=1 streak=5
[2026-09-09T08:33:41.231Z] batch=field-waveform-1788942710806-8 D4 CHANNEL_SYNC_OK state=TEST_READY attempts=1 streak=5
[2026-09-09T08:33:41.231Z] batch=field-waveform-1788942710806-8 D4 TEST_READY state=TEST_READY attempts=1 streak=5
[2026-09-09T08:33:41.234Z] batch=field-waveform-1788942710806-8 D5 CHANNEL_SYNC_OK state=TEST_READY attempts=1 streak=5
[2026-09-09T08:33:41.235Z] batch=field-waveform-1788942710806-8 D5 TEST_READY state=TEST_READY attempts=1 streak=5
[2026-09-09T08:33:41.241Z] batch=field-waveform-1788942710806-8 D6 CHANNEL_SYNC_OK state=TEST_READY attempts=1 streak=5
[2026-09-09T08:33:41.241Z] batch=field-waveform-1788942710806-8 D6 TEST_READY state=TEST_READY attempts=1 streak=5
