[2026-09-11T05:48:54.478Z] batch=field-waveform-1789105569408-2 D1 MODE_SWITCH_START state=MODE_SWITCHING attempts=1 streak=0 attempt=1
[2026-09-11T05:48:54.488Z] batch=field-waveform-1789105569408-2 D1 MODE_SWITCH_OK state=MODE_SWITCH_OK attempts=1 streak=0
[2026-09-11T05:48:54.498Z] batch=field-waveform-1789105569408-2 D2 MODE_SWITCH_START state=MODE_SWITCHING attempts=1 streak=0 attempt=1
[2026-09-11T05:48:54.501Z] batch=field-waveform-1789105569408-2 D2 MODE_SWITCH_OK state=MODE_SWITCH_OK attempts=1 streak=0
[2026-09-11T05:48:54.509Z] batch=field-waveform-1789105569408-2 D3 MODE_SWITCH_START state=MODE_SWITCHING attempts=1 streak=0 attempt=1
[2026-09-11T05:48:54.512Z] batch=field-waveform-1789105569408-2 D3 MODE_SWITCH_OK state=MODE_SWITCH_OK attempts=1 streak=0
[2026-09-11T05:48:54.523Z] batch=field-waveform-1789105569408-2 D4 MODE_SWITCH_START state=MODE_SWITCHING attempts=1 streak=0 attempt=1
[2026-09-11T05:48:54.532Z] batch=field-waveform-1789105569408-2 D4 MODE_SWITCH_OK state=MODE_SWITCH_OK attempts=1 streak=0
[2026-09-11T05:48:54.850Z] batch=field-waveform-1789105569408-2 D6 MODE_SWITCH_START state=MODE_SWITCHING attempts=1 streak=0 attempt=1
[2026-09-11T05:48:54.861Z] batch=field-waveform-1789105569408-2 D6 MODE_SWITCH_OK state=MODE_SWITCH_OK attempts=1 streak=0
[2026-09-11T05:48:54.878Z] batch=field-waveform-1789105569408-2 D5 MODE_SWITCH_START state=MODE_SWITCHING attempts=1 streak=0 attempt=1
[2026-09-11T05:48:54.882Z] batch=field-waveform-1789105569408-2 D5 MODE_SWITCH_OK state=MODE_SWITCH_OK attempts=1 streak=0
[2026-09-11T05:49:04.579Z] batch=field-waveform-1789105569408-2 D1 MODE_SWITCH_START state=MODE_SWITCHING attempts=1 streak=0 attempt=1
[2026-09-11T05:49:04.591Z] batch=field-waveform-1789105569408-2 D1 MODE_SWITCH_OK state=MODE_SWITCH_OK attempts=1 streak=0
[2026-09-11T05:49:04.600Z] batch=field-waveform-1789105569408-2 D2 MODE_SWITCH_START state=MODE_SWITCHING attempts=1 streak=0 attempt=1
[2026-09-11T05:49:04.615Z] batch=field-waveform-1789105569408-2 D2 MODE_SWITCH_OK state=MODE_SWITCH_OK attempts=1 streak=0
[2026-09-11T05:49:04.627Z] batch=field-waveform-1789105569408-2 D3 MODE_SWITCH_START state=MODE_SWITCHING attempts=1 streak=0 attempt=1
[2026-09-11T05:49:04.630Z] batch=field-waveform-1789105569408-2 D3 MODE_SWITCH_OK state=MODE_SWITCH_OK attempts=1 streak=0
[2026-09-11T05:49:04.642Z] batch=field-waveform-1789105569408-2 D4 MODE_SWITCH_START state=MODE_SWITCHING attempts=1 streak=0 attempt=1
[2026-09-11T05:49:04.646Z] batch=field-waveform-1789105569408-2 D4 MODE_SWITCH_OK state=MODE_SWITCH_OK attempts=1 streak=0
[2026-09-11T05:49:04.951Z] batch=field-waveform-1789105569408-2 D6 MODE_SWITCH_START state=MODE_SWITCHING attempts=1 streak=0 attempt=1
[2026-09-11T05:49:04.962Z] batch=field-waveform-1789105569408-2 D6 MODE_SWITCH_OK state=MODE_SWITCH_OK attempts=1 streak=0
[2026-09-11T05:49:04.970Z] batch=field-waveform-1789105569408-2 D5 MODE_SWITCH_START state=MODE_SWITCHING attempts=1 streak=0 attempt=1
[2026-09-11T05:49:04.973Z] batch=field-waveform-1789105569408-2 D5 MODE_SWITCH_OK state=MODE_SWITCH_OK attempts=1 streak=0
[2026-09-11T05:49:14.680Z] batch=field-waveform-1789105569408-2 D1 MODE_SWITCH_START state=MODE_SWITCHING attempts=1 streak=0 attempt=1
[2026-09-11T05:49:14.689Z] batch=field-waveform-1789105569408-2 D1 MODE_SWITCH_OK state=MODE_SWITCH_OK attempts=1 streak=0
[2026-09-11T05:49:14.698Z] batch=field-waveform-1789105569408-2 D2 MODE_SWITCH_START state=MODE_SWITCHING attempts=1 streak=0 attempt=1
[2026-09-11T05:49:14.701Z] batch=field-waveform-1789105569408-2 D2 MODE_SWITCH_OK state=MODE_SWITCH_OK attempts=1 streak=0
[2026-09-11T05:49:14.709Z] batch=field-waveform-1789105569408-2 D3 MODE_SWITCH_START state=MODE_SWITCHING attempts=1 streak=0 attempt=1
[2026-09-11T05:49:14.712Z] batch=field-waveform-1789105569408-2 D3 MODE_SWITCH_OK state=MODE_SWITCH_OK attempts=1 streak=0
[2026-09-11T05:49:14.720Z] batch=field-waveform-1789105569408-2 D4 MODE_SWITCH_START state=MODE_SWITCHING attempts=1 streak=0 attempt=1
[2026-09-11T05:49:14.722Z] batch=field-waveform-1789105569408-2 D4 MODE_SWITCH_OK state=MODE_SWITCH_OK attempts=1 streak=0
[2026-09-11T05:49:15.020Z] batch=field-waveform-1789105569408-2 D6 MODE_SWITCH_START state=MODE_SWITCHING attempts=1 streak=0 attempt=1
[2026-09-11T05:49:15.031Z] batch=field-waveform-1789105569408-2 D6 MODE_SWITCH_OK state=MODE_SWITCH_OK attempts=1 streak=0
[2026-09-11T05:49:15.050Z] batch=field-waveform-1789105569408-2 D5 MODE_SWITCH_START state=MODE_SWITCHING attempts=1 streak=0 attempt=1
[2026-09-11T05:49:15.055Z] batch=field-waveform-1789105569408-2 D5 MODE_SWITCH_OK state=MODE_SWITCH_OK attempts=1 streak=0
[2026-09-11T05:49:25.068Z] batch=field-waveform-1789105569408-2 D1 MODE_SWITCH_START state=MODE_SWITCHING attempts=1 streak=0 attempt=1
[2026-09-11T05:49:25.071Z] batch=field-waveform-1789105569408-2 D1 MODE_SWITCH_OK state=MODE_SWITCH_OK attempts=1 streak=0
[2026-09-11T05:49:25.080Z] batch=field-waveform-1789105569408-2 D2 MODE_SWITCH_START state=MODE_SWITCHING attempts=1 streak=0 attempt=1
[2026-09-11T05:49:25.086Z] batch=field-waveform-1789105569408-2 D2 MODE_SWITCH_OK state=MODE_SWITCH_OK attempts=1 streak=0
[2026-09-11T05:49:25.100Z] batch=field-waveform-1789105569408-2 D3 MODE_SWITCH_START state=MODE_SWITCHING attempts=1 streak=0 attempt=1
[2026-09-11T05:49:25.112Z] batch=field-waveform-1789105569408-2 D3 MODE_SWITCH_OK state=MODE_SWITCH_OK attempts=1 streak=0
[2026-09-11T05:49:25.121Z] batch=field-waveform-1789105569408-2 D4 MODE_SWITCH_START state=MODE_SWITCHING attempts=1 streak=0 attempt=1
[2026-09-11T05:49:25.127Z] batch=field-waveform-1789105569408-2 D4 MODE_SWITCH_OK state=MODE_SWITCH_OK attempts=1 streak=0
[2026-09-11T05:49:25.135Z] batch=field-waveform-1789105569408-2 D6 MODE_SWITCH_START state=MODE_SWITCHING attempts=1 streak=0 attempt=1
[2026-09-11T05:49:25.139Z] batch=field-waveform-1789105569408-2 D6 MODE_SWITCH_OK state=MODE_SWITCH_OK attempts=1 streak=0
[2026-09-11T05:49:25.166Z] batch=field-waveform-1789105569408-2 D5 MODE_SWITCH_START state=MODE_SWITCHING attempts=1 streak=0 attempt=1
[2026-09-11T05:49:25.177Z] batch=field-waveform-1789105569408-2 D5 MODE_SWITCH_OK state=MODE_SWITCH_OK attempts=1 streak=0
[2026-09-11T05:49:35.186Z] batch=field-waveform-1789105569408-2 D1 MODE_SWITCH_START state=MODE_SWITCHING attempts=1 streak=0 attempt=1
[2026-09-11T05:49:35.198Z] batch=field-waveform-1789105569408-2 D1 MODE_SWITCH_OK state=MODE_SWITCH_OK attempts=1 streak=0
[2026-09-11T05:49:35.208Z] batch=field-waveform-1789105569408-2 D2 MODE_SWITCH_START state=MODE_SWITCHING attempts=1 streak=0 attempt=1
[2026-09-11T05:49:35.213Z] batch=field-waveform-1789105569408-2 D2 MODE_SWITCH_OK state=MODE_SWITCH_OK attempts=1 streak=0
[2026-09-11T05:49:35.222Z] batch=field-waveform-1789105569408-2 D3 MODE_SWITCH_START state=MODE_SWITCHING attempts=1 streak=0 attempt=1
[2026-09-11T05:49:35.225Z] batch=field-waveform-1789105569408-2 D3 MODE_SWITCH_OK state=MODE_SWITCH_OK attempts=1 streak=0
[2026-09-11T05:49:35.236Z] batch=field-waveform-1789105569408-2 D4 MODE_SWITCH_START state=MODE_SWITCHING attempts=1 streak=0 attempt=1
[2026-09-11T05:49:35.240Z] batch=field-waveform-1789105569408-2 D4 MODE_SWITCH_OK state=MODE_SWITCH_OK attempts=1 streak=0
[2026-09-11T05:49:35.252Z] batch=field-waveform-1789105569408-2 D6 MODE_SWITCH_START state=MODE_SWITCHING attempts=1 streak=0 attempt=1
[2026-09-11T05:49:35.255Z] batch=field-waveform-1789105569408-2 D6 MODE_SWITCH_OK state=MODE_SWITCH_OK attempts=1 streak=0
[2026-09-11T05:49:35.266Z] batch=field-waveform-1789105569408-2 D5 MODE_SWITCH_START state=MODE_SWITCHING attempts=1 streak=0 attempt=1
[2026-09-11T05:49:35.269Z] batch=field-waveform-1789105569408-2 D5 MODE_SWITCH_OK state=MODE_SWITCH_OK attempts=1 streak=0
[2026-09-11T05:49:45.269Z] batch=field-waveform-1789105569408-2 D1 MODE_SWITCH_START state=MODE_SWITCHING attempts=1 streak=0 attempt=1
[2026-09-11T05:49:45.280Z] batch=field-waveform-1789105569408-2 D1 MODE_SWITCH_OK state=MODE_SWITCH_OK attempts=1 streak=0
[2026-09-11T05:49:45.289Z] batch=field-waveform-1789105569408-2 D2 MODE_SWITCH_START state=MODE_SWITCHING attempts=1 streak=0 attempt=1
[2026-09-11T05:49:45.293Z] batch=field-waveform-1789105569408-2 D2 MODE_SWITCH_OK state=MODE_SWITCH_OK attempts=1 streak=0
[2026-09-11T05:49:45.309Z] batch=field-waveform-1789105569408-2 D3 MODE_SWITCH_START state=MODE_SWITCHING attempts=1 streak=0 attempt=1
[2026-09-11T05:49:45.312Z] batch=field-waveform-1789105569408-2 D3 MODE_SWITCH_OK state=MODE_SWITCH_OK attempts=1 streak=0
[2026-09-11T05:49:45.326Z] batch=field-waveform-1789105569408-2 D4 MODE_SWITCH_START state=MODE_SWITCHING attempts=1 streak=0 attempt=1
[2026-09-11T05:49:45.329Z] batch=field-waveform-1789105569408-2 D4 MODE_SWITCH_OK state=MODE_SWITCH_OK attempts=1 streak=0
[2026-09-11T05:49:45.622Z] batch=field-waveform-1789105569408-2 D6 MODE_SWITCH_START state=MODE_SWITCHING attempts=1 streak=0 attempt=1
[2026-09-11T05:49:45.631Z] batch=field-waveform-1789105569408-2 D6 MODE_SWITCH_OK state=MODE_SWITCH_OK attempts=1 streak=0
[2026-09-11T05:49:45.649Z] batch=field-waveform-1789105569408-2 D5 MODE_SWITCH_START state=MODE_SWITCHING attempts=1 streak=0 attempt=1
[2026-09-11T05:49:45.655Z] batch=field-waveform-1789105569408-2 D5 MODE_SWITCH_OK state=MODE_SWITCH_OK attempts=1 streak=0
[2026-09-11T05:49:55.407Z] batch=field-waveform-1789105569408-2 D1 MODE_SWITCH_START state=MODE_SWITCHING attempts=1 streak=0 attempt=1
[2026-09-11T05:49:55.411Z] batch=field-waveform-1789105569408-2 D1 MODE_SWITCH_OK state=MODE_SWITCH_OK attempts=1 streak=0
[2026-09-11T05:49:55.420Z] batch=field-waveform-1789105569408-2 D2 MODE_SWITCH_START state=MODE_SWITCHING attempts=1 streak=0 attempt=1
[2026-09-11T05:49:55.425Z] batch=field-waveform-1789105569408-2 D2 MODE_SWITCH_OK state=MODE_SWITCH_OK attempts=1 streak=0
[2026-09-11T05:49:55.435Z] batch=field-waveform-1789105569408-2 D3 MODE_SWITCH_START state=MODE_SWITCHING attempts=1 streak=0 attempt=1
[2026-09-11T05:49:55.437Z] batch=field-waveform-1789105569408-2 D3 MODE_SWITCH_OK state=MODE_SWITCH_OK attempts=1 streak=0
[2026-09-11T05:49:55.453Z] batch=field-waveform-1789105569408-2 D4 MODE_SWITCH_START state=MODE_SWITCHING attempts=1 streak=0 attempt=1
[2026-09-11T05:49:55.456Z] batch=field-waveform-1789105569408-2 D4 MODE_SWITCH_OK state=MODE_SWITCH_OK attempts=1 streak=0
[2026-09-11T05:49:55.990Z] batch=field-waveform-1789105569408-2 D6 MODE_SWITCH_START state=MODE_SWITCHING attempts=1 streak=0 attempt=1
[2026-09-11T05:49:56.000Z] batch=field-waveform-1789105569408-2 D6 MODE_SWITCH_OK state=MODE_SWITCH_OK attempts=1 streak=0
[2026-09-11T05:49:56.017Z] batch=field-waveform-1789105569408-2 D5 MODE_SWITCH_START state=MODE_SWITCHING attempts=1 streak=0 attempt=1
[2026-09-11T05:49:56.021Z] batch=field-waveform-1789105569408-2 D5 MODE_SWITCH_OK state=MODE_SWITCH_OK attempts=1 streak=0
[2026-09-11T05:50:05.522Z] batch=field-waveform-1789105569408-2 D1 MODE_SWITCH_START state=MODE_SWITCHING attempts=1 streak=0 attempt=1
[2026-09-11T05:50:05.525Z] batch=field-waveform-1789105569408-2 D1 MODE_SWITCH_OK state=MODE_SWITCH_OK attempts=1 streak=0
[2026-09-11T05:50:05.533Z] batch=field-waveform-1789105569408-2 D2 MODE_SWITCH_START state=MODE_SWITCHING attempts=1 streak=0 attempt=1
[2026-09-11T05:50:05.537Z] batch=field-waveform-1789105569408-2 D2 MODE_SWITCH_OK state=MODE_SWITCH_OK attempts=1 streak=0
[2026-09-11T05:50:05.553Z] batch=field-waveform-1789105569408-2 D3 MODE_SWITCH_START state=MODE_SWITCHING attempts=1 streak=0 attempt=1
[2026-09-11T05:50:05.562Z] batch=field-waveform-1789105569408-2 D3 MODE_SWITCH_OK state=MODE_SWITCH_OK attempts=1 streak=0
[2026-09-11T05:50:05.574Z] batch=field-waveform-1789105569408-2 D4 MODE_SWITCH_START state=MODE_SWITCHING attempts=1 streak=0 attempt=1
[2026-09-11T05:50:05.576Z] batch=field-waveform-1789105569408-2 D4 MODE_SWITCH_OK state=MODE_SWITCH_OK attempts=1 streak=0
[2026-09-11T05:50:06.435Z] batch=field-waveform-1789105569408-2 D6 MODE_SWITCH_START state=MODE_SWITCHING attempts=1 streak=0 attempt=1
[2026-09-11T05:50:06.447Z] batch=field-waveform-1789105569408-2 D6 MODE_SWITCH_OK state=MODE_SWITCH_OK attempts=1 streak=0
[2026-09-11T05:50:06.457Z] batch=field-waveform-1789105569408-2 D5 MODE_SWITCH_START state=MODE_SWITCHING attempts=1 streak=0 attempt=1
[2026-09-11T05:50:06.470Z] batch=field-waveform-1789105569408-2 D5 MODE_SWITCH_OK state=MODE_SWITCH_OK attempts=1 streak=0
[2026-09-11T05:50:15.644Z] batch=field-waveform-1789105569408-2 D1 MODE_SWITCH_START state=MODE_SWITCHING attempts=1 streak=0 attempt=1
[2026-09-11T05:50:15.657Z] batch=field-waveform-1789105569408-2 D1 MODE_SWITCH_OK state=MODE_SWITCH_OK attempts=1 streak=0
[2026-09-11T05:50:15.665Z] batch=field-waveform-1789105569408-2 D2 MODE_SWITCH_START state=MODE_SWITCHING attempts=1 streak=0 attempt=1
[2026-09-11T05:50:15.666Z] batch=field-waveform-1789105569408-2 D2 MODE_SWITCH_OK state=MODE_SWITCH_OK attempts=1 streak=0
[2026-09-11T05:50:15.675Z] batch=field-waveform-1789105569408-2 D3 MODE_SWITCH_START state=MODE_SWITCHING attempts=1 streak=0 attempt=1
[2026-09-11T05:50:15.676Z] batch=field-waveform-1789105569408-2 D3 MODE_SWITCH_OK state=MODE_SWITCH_OK attempts=1 streak=0
[2026-09-11T05:50:15.683Z] batch=field-waveform-1789105569408-2 D4 MODE_SWITCH_START state=MODE_SWITCHING attempts=1 streak=0 attempt=1
[2026-09-11T05:50:15.686Z] batch=field-waveform-1789105569408-2 D4 MODE_SWITCH_OK state=MODE_SWITCH_OK attempts=1 streak=0
[2026-09-11T05:50:16.648Z] batch=field-waveform-1789105569408-2 D6 MODE_SWITCH_START state=MODE_SWITCHING attempts=1 streak=0 attempt=1
[2026-09-11T05:50:16.658Z] batch=field-waveform-1789105569408-2 D6 MODE_SWITCH_OK state=MODE_SWITCH_OK attempts=1 streak=0
[2026-09-11T05:50:16.667Z] batch=field-waveform-1789105569408-2 D5 MODE_SWITCH_START state=MODE_SWITCHING attempts=1 streak=0 attempt=1
[2026-09-11T05:50:16.679Z] batch=field-waveform-1789105569408-2 D5 MODE_SWITCH_OK state=MODE_SWITCH_OK attempts=1 streak=0
[2026-09-11T05:50:25.991Z] batch=field-waveform-1789105569408-2 D1 MODE_SWITCH_START state=MODE_SWITCHING attempts=1 streak=0 attempt=1
[2026-09-11T05:50:26.009Z] batch=field-waveform-1789105569408-2 D1 MODE_SWITCH_OK state=MODE_SWITCH_OK attempts=1 streak=0
[2026-09-11T05:50:26.020Z] batch=field-waveform-1789105569408-2 D2 MODE_SWITCH_START state=MODE_SWITCHING attempts=1 streak=0 attempt=1
[2026-09-11T05:50:26.022Z] batch=field-waveform-1789105569408-2 D2 MODE_SWITCH_OK state=MODE_SWITCH_OK attempts=1 streak=0
[2026-09-11T05:50:26.030Z] batch=field-waveform-1789105569408-2 D3 MODE_SWITCH_START state=MODE_SWITCHING attempts=1 streak=0 attempt=1
[2026-09-11T05:50:26.034Z] batch=field-waveform-1789105569408-2 D3 MODE_SWITCH_OK state=MODE_SWITCH_OK attempts=1 streak=0
[2026-09-11T05:50:26.043Z] batch=field-waveform-1789105569408-2 D4 MODE_SWITCH_START state=MODE_SWITCHING attempts=1 streak=0 attempt=1
[2026-09-11T05:50:26.048Z] batch=field-waveform-1789105569408-2 D4 MODE_SWITCH_OK state=MODE_SWITCH_OK attempts=1 streak=0
[2026-09-11T05:50:26.870Z] batch=field-waveform-1789105569408-2 D6 MODE_SWITCH_START state=MODE_SWITCHING attempts=1 streak=0 attempt=1
[2026-09-11T05:50:26.882Z] batch=field-waveform-1789105569408-2 D6 MODE_SWITCH_OK state=MODE_SWITCH_OK attempts=1 streak=0
[2026-09-11T05:50:26.896Z] batch=field-waveform-1789105569408-2 D5 MODE_SWITCH_START state=MODE_SWITCHING attempts=1 streak=0 attempt=1
[2026-09-11T05:50:26.900Z] batch=field-waveform-1789105569408-2 D5 MODE_SWITCH_OK state=MODE_SWITCH_OK attempts=1 streak=0
[2026-09-11T05:50:36.301Z] batch=field-waveform-1789105569408-2 D1 MODE_SWITCH_START state=MODE_SWITCHING attempts=1 streak=0 attempt=1
[2026-09-11T05:50:36.313Z] batch=field-waveform-1789105569408-2 D1 MODE_SWITCH_OK state=MODE_SWITCH_OK attempts=1 streak=0
[2026-09-11T05:50:36.330Z] batch=field-waveform-1789105569408-2 D2 MODE_SWITCH_START state=MODE_SWITCHING attempts=1 streak=0 attempt=1
[2026-09-11T05:50:36.335Z] batch=field-waveform-1789105569408-2 D2 MODE_SWITCH_OK state=MODE_SWITCH_OK attempts=1 streak=0
[2026-09-11T05:50:36.346Z] batch=field-waveform-1789105569408-2 D3 MODE_SWITCH_START state=MODE_SWITCHING attempts=1 streak=0 attempt=1
[2026-09-11T05:50:36.350Z] batch=field-waveform-1789105569408-2 D3 MODE_SWITCH_OK state=MODE_SWITCH_OK attempts=1 streak=0
[2026-09-11T05:50:36.361Z] batch=field-waveform-1789105569408-2 D4 MODE_SWITCH_START state=MODE_SWITCHING attempts=1 streak=0 attempt=1
[2026-09-11T05:50:36.366Z] batch=field-waveform-1789105569408-2 D4 MODE_SWITCH_OK state=MODE_SWITCH_OK attempts=1 streak=0
[2026-09-11T05:50:36.975Z] batch=field-waveform-1789105569408-2 D6 MODE_SWITCH_START state=MODE_SWITCHING attempts=1 streak=0 attempt=1
[2026-09-11T05:50:36.990Z] batch=field-waveform-1789105569408-2 D6 MODE_SWITCH_OK state=MODE_SWITCH_OK attempts=1 streak=0
[2026-09-11T05:50:36.998Z] batch=field-waveform-1789105569408-2 D5 MODE_SWITCH_START state=MODE_SWITCHING attempts=1 streak=0 attempt=1
[2026-09-11T05:50:37.008Z] batch=field-waveform-1789105569408-2 D5 MODE_SWITCH_OK state=MODE_SWITCH_OK attempts=1 streak=0
[2026-09-11T05:50:38.209Z] batch=field-waveform-1789105838207-3 D1 MODE_SWITCH_START state=MODE_SWITCHING attempts=1 streak=0 attempt=1
[2026-09-11T05:50:38.218Z] batch=field-waveform-1789105838207-3 D2 MODE_SWITCH_START state=MODE_SWITCHING attempts=1 streak=0 attempt=1
[2026-09-11T05:50:38.220Z] batch=field-waveform-1789105838207-3 D3 MODE_SWITCH_START state=MODE_SWITCHING attempts=1 streak=0 attempt=1
[2026-09-11T05:50:38.225Z] batch=field-waveform-1789105838207-3 D4 MODE_SWITCH_START state=MODE_SWITCHING attempts=1 streak=0 attempt=1
[2026-09-11T05:50:38.227Z] batch=field-waveform-1789105838207-3 D5 MODE_SWITCH_START state=MODE_SWITCHING attempts=1 streak=0 attempt=1
[2026-09-11T05:50:38.228Z] batch=field-waveform-1789105838207-3 D6 MODE_SWITCH_START state=MODE_SWITCHING attempts=1 streak=0 attempt=1
[2026-09-11T05:50:38.239Z] batch=field-waveform-1789105838207-3 D1 MODE_SWITCH_OK state=MODE_SWITCH_OK attempts=1 streak=0
[2026-09-11T05:50:38.243Z] batch=field-waveform-1789105838207-3 D2 MODE_SWITCH_OK state=MODE_SWITCH_OK attempts=1 streak=0
[2026-09-11T05:50:38.244Z] batch=field-waveform-1789105838207-3 D3 MODE_SWITCH_OK state=MODE_SWITCH_OK attempts=1 streak=0
[2026-09-11T05:50:38.246Z] batch=field-waveform-1789105838207-3 D4 MODE_SWITCH_OK state=MODE_SWITCH_OK attempts=1 streak=0
[2026-09-11T05:50:38.247Z] batch=field-waveform-1789105838207-3 D5 MODE_SWITCH_OK state=MODE_SWITCH_OK attempts=1 streak=0
[2026-09-11T05:50:38.248Z] batch=field-waveform-1789105838207-3 D6 MODE_SWITCH_OK state=MODE_SWITCH_OK attempts=1 streak=0
[2026-09-11T05:50:46.317Z] batch=field-waveform-1789105838207-3 D1 MODE_SWITCH_START state=MODE_SWITCHING attempts=1 streak=0 attempt=1
[2026-09-11T05:50:46.337Z] batch=field-waveform-1789105838207-3 D1 MODE_SWITCH_OK state=MODE_SWITCH_OK attempts=1 streak=0
[2026-09-11T05:50:46.339Z] batch=field-waveform-1789105838207-3 D2 MODE_SWITCH_START state=MODE_SWITCHING attempts=1 streak=0 attempt=1
[2026-09-11T05:50:46.342Z] batch=field-waveform-1789105838207-3 D2 MODE_SWITCH_OK state=MODE_SWITCH_OK attempts=1 streak=0
[2026-09-11T05:50:46.352Z] batch=field-waveform-1789105838207-3 D3 MODE_SWITCH_START state=MODE_SWITCHING attempts=1 streak=0 attempt=1
[2026-09-11T05:50:46.355Z] batch=field-waveform-1789105838207-3 D3 MODE_SWITCH_OK state=MODE_SWITCH_OK attempts=1 streak=0
[2026-09-11T05:50:46.369Z] batch=field-waveform-1789105838207-3 D4 MODE_SWITCH_START state=MODE_SWITCHING attempts=1 streak=0 attempt=1
[2026-09-11T05:50:46.379Z] batch=field-waveform-1789105838207-3 D4 MODE_SWITCH_OK state=MODE_SWITCH_OK attempts=1 streak=0
[2026-09-11T05:50:46.998Z] batch=field-waveform-1789105838207-3 D6 MODE_SWITCH_START state=MODE_SWITCHING attempts=1 streak=0 attempt=1
[2026-09-11T05:50:47.003Z] batch=field-waveform-1789105838207-3 D6 MODE_SWITCH_OK state=MODE_SWITCH_OK attempts=1 streak=0
[2026-09-11T05:50:47.009Z] batch=field-waveform-1789105838207-3 D5 MODE_SWITCH_START state=MODE_SWITCHING attempts=1 streak=0 attempt=1
[2026-09-11T05:50:47.014Z] batch=field-waveform-1789105838207-3 D5 MODE_SWITCH_OK state=MODE_SWITCH_OK attempts=1 streak=0
[2026-09-11T05:50:56.355Z] batch=field-waveform-1789105838207-3 D1 MODE_SWITCH_START state=MODE_SWITCHING attempts=1 streak=0 attempt=1
[2026-09-11T05:50:56.360Z] batch=field-waveform-1789105838207-3 D1 MODE_SWITCH_OK state=MODE_SWITCH_OK attempts=1 streak=0
[2026-09-11T05:50:56.362Z] batch=field-waveform-1789105838207-3 D2 MODE_SWITCH_START state=MODE_SWITCHING attempts=1 streak=0 attempt=1
[2026-09-11T05:50:56.365Z] batch=field-waveform-1789105838207-3 D2 MODE_SWITCH_OK state=MODE_SWITCH_OK attempts=1 streak=0
[2026-09-11T05:50:56.366Z] batch=field-waveform-1789105838207-3 D3 MODE_SWITCH_START state=MODE_SWITCHING attempts=1 streak=0 attempt=1
[2026-09-11T05:50:56.370Z] batch=field-waveform-1789105838207-3 D3 MODE_SWITCH_OK state=MODE_SWITCH_OK attempts=1 streak=0
[2026-09-11T05:50:56.382Z] batch=field-waveform-1789105838207-3 D4 MODE_SWITCH_START state=MODE_SWITCHING attempts=1 streak=0 attempt=1
[2026-09-11T05:50:56.389Z] batch=field-waveform-1789105838207-3 D4 MODE_SWITCH_OK state=MODE_SWITCH_OK attempts=1 streak=0
[2026-09-11T05:50:57.014Z] batch=field-waveform-1789105838207-3 D6 MODE_SWITCH_START state=MODE_SWITCHING attempts=1 streak=0 attempt=1
[2026-09-11T05:50:57.027Z] batch=field-waveform-1789105838207-3 D6 MODE_SWITCH_OK state=MODE_SWITCH_OK attempts=1 streak=0
[2026-09-11T05:50:57.029Z] batch=field-waveform-1789105838207-3 D5 MODE_SWITCH_START state=MODE_SWITCHING attempts=1 streak=0 attempt=1
[2026-09-11T05:50:57.032Z] batch=field-waveform-1789105838207-3 D5 MODE_SWITCH_OK state=MODE_SWITCH_OK attempts=1 streak=0
[2026-09-11T05:51:00.479Z] batch=field-waveform-1789105860478-4 D1 MODE_SWITCH_START state=MODE_SWITCHING attempts=1 streak=0 attempt=1
[2026-09-11T05:51:00.482Z] batch=field-waveform-1789105860478-4 D2 MODE_SWITCH_START state=MODE_SWITCHING attempts=1 streak=0 attempt=1
[2026-09-11T05:51:00.509Z] batch=field-waveform-1789105860478-4 D3 MODE_SWITCH_START state=MODE_SWITCHING attempts=1 streak=0 attempt=1
[2026-09-11T05:51:00.511Z] batch=field-waveform-1789105860478-4 D4 MODE_SWITCH_START state=MODE_SWITCHING attempts=1 streak=0 attempt=1
[2026-09-11T05:51:00.512Z] batch=field-waveform-1789105860478-4 D5 MODE_SWITCH_START state=MODE_SWITCHING attempts=1 streak=0 attempt=1
[2026-09-11T05:51:00.514Z] batch=field-waveform-1789105860478-4 D6 MODE_SWITCH_START state=MODE_SWITCHING attempts=1 streak=0 attempt=1
[2026-09-11T05:51:00.517Z] batch=field-waveform-1789105860478-4 D1 MODE_SWITCH_OK state=MODE_SWITCH_OK attempts=1 streak=0
[2026-09-11T05:51:00.519Z] batch=field-waveform-1789105860478-4 D2 MODE_SWITCH_OK state=MODE_SWITCH_OK attempts=1 streak=0
[2026-09-11T05:51:00.521Z] batch=field-waveform-1789105860478-4 D3 MODE_SWITCH_OK state=MODE_SWITCH_OK attempts=1 streak=0
[2026-09-11T05:51:00.523Z] batch=field-waveform-1789105860478-4 D4 MODE_SWITCH_OK state=MODE_SWITCH_OK attempts=1 streak=0
[2026-09-11T05:51:00.525Z] batch=field-waveform-1789105860478-4 D5 MODE_SWITCH_OK state=MODE_SWITCH_OK attempts=1 streak=0
[2026-09-11T05:51:00.531Z] batch=field-waveform-1789105860478-4 D6 MODE_SWITCH_OK state=MODE_SWITCH_OK attempts=1 streak=0
[2026-09-11T05:51:06.372Z] batch=field-waveform-1789105860478-4 D1 MODE_SWITCH_START state=MODE_SWITCHING attempts=1 streak=0 attempt=1
[2026-09-11T05:51:06.400Z] batch=field-waveform-1789105860478-4 D1 MODE_SWITCH_OK state=MODE_SWITCH_OK attempts=1 streak=0
[2026-09-11T05:51:06.406Z] batch=field-waveform-1789105860478-4 D2 MODE_SWITCH_START state=MODE_SWITCHING attempts=1 streak=0 attempt=1
[2026-09-11T05:51:06.416Z] batch=field-waveform-1789105860478-4 D2 MODE_SWITCH_OK state=MODE_SWITCH_OK attempts=1 streak=0
[2026-09-11T05:51:06.418Z] batch=field-waveform-1789105860478-4 D3 MODE_SWITCH_START state=MODE_SWITCHING attempts=1 streak=0 attempt=1
[2026-09-11T05:51:06.421Z] batch=field-waveform-1789105860478-4 D3 MODE_SWITCH_OK state=MODE_SWITCH_OK attempts=1 streak=0
[2026-09-11T05:51:06.423Z] batch=field-waveform-1789105860478-4 D4 MODE_SWITCH_START state=MODE_SWITCHING attempts=1 streak=0 attempt=1
[2026-09-11T05:51:06.424Z] batch=field-waveform-1789105860478-4 D4 MODE_SWITCH_OK state=MODE_SWITCH_OK attempts=1 streak=0
[2026-09-11T05:51:07.034Z] batch=field-waveform-1789105860478-4 D6 MODE_SWITCH_START state=MODE_SWITCHING attempts=1 streak=0 attempt=1
[2026-09-11T05:51:07.040Z] batch=field-waveform-1789105860478-4 D6 MODE_SWITCH_OK state=MODE_SWITCH_OK attempts=1 streak=0
[2026-09-11T05:51:07.048Z] batch=field-waveform-1789105860478-4 D5 MODE_SWITCH_START state=MODE_SWITCHING attempts=1 streak=0 attempt=1
[2026-09-11T05:51:07.052Z] batch=field-waveform-1789105860478-4 D5 MODE_SWITCH_OK state=MODE_SWITCH_OK attempts=1 streak=0
[2026-09-11T05:51:16.415Z] batch=field-waveform-1789105860478-4 D1 MODE_SWITCH_START state=MODE_SWITCHING attempts=1 streak=0 attempt=1
[2026-09-11T05:51:16.440Z] batch=field-waveform-1789105860478-4 D1 MODE_SWITCH_OK state=MODE_SWITCH_OK attempts=1 streak=0
[2026-09-11T05:51:16.443Z] batch=field-waveform-1789105860478-4 D2 MODE_SWITCH_START state=MODE_SWITCHING attempts=1 streak=0 attempt=1
[2026-09-11T05:51:16.447Z] batch=field-waveform-1789105860478-4 D2 MODE_SWITCH_OK state=MODE_SWITCH_OK attempts=1 streak=0
[2026-09-11T05:51:16.453Z] batch=field-waveform-1789105860478-4 D3 MODE_SWITCH_START state=MODE_SWITCHING attempts=1 streak=0 attempt=1
[2026-09-11T05:51:16.456Z] batch=field-waveform-1789105860478-4 D3 MODE_SWITCH_OK state=MODE_SWITCH_OK attempts=1 streak=0
[2026-09-11T05:51:16.458Z] batch=field-waveform-1789105860478-4 D4 MODE_SWITCH_START state=MODE_SWITCHING attempts=1 streak=0 attempt=1
[2026-09-11T05:51:16.460Z] batch=field-waveform-1789105860478-4 D4 MODE_SWITCH_OK state=MODE_SWITCH_OK attempts=1 streak=0
[2026-09-11T05:51:17.047Z] batch=field-waveform-1789105860478-4 D6 MODE_SWITCH_START state=MODE_SWITCHING attempts=1 streak=0 attempt=1
[2026-09-11T05:51:17.058Z] batch=field-waveform-1789105860478-4 D6 MODE_SWITCH_OK state=MODE_SWITCH_OK attempts=1 streak=0
[2026-09-11T05:51:17.059Z] batch=field-waveform-1789105860478-4 D5 MODE_SWITCH_START state=MODE_SWITCHING attempts=1 streak=0 attempt=1
[2026-09-11T05:51:17.060Z] batch=field-waveform-1789105860478-4 D5 MODE_SWITCH_OK state=MODE_SWITCH_OK attempts=1 streak=0
[2026-09-11T05:51:26.453Z] batch=field-waveform-1789105860478-4 D1 MODE_SWITCH_START state=MODE_SWITCHING attempts=1 streak=0 attempt=1
[2026-09-11T05:51:26.479Z] batch=field-waveform-1789105860478-4 D1 MODE_SWITCH_OK state=MODE_SWITCH_OK attempts=1 streak=0
[2026-09-11T05:51:26.489Z] batch=field-waveform-1789105860478-4 D2 MODE_SWITCH_START state=MODE_SWITCHING attempts=1 streak=0 attempt=1
[2026-09-11T05:51:26.495Z] batch=field-waveform-1789105860478-4 D2 MODE_SWITCH_OK state=MODE_SWITCH_OK attempts=1 streak=0
[2026-09-11T05:51:26.497Z] batch=field-waveform-1789105860478-4 D3 MODE_SWITCH_START state=MODE_SWITCHING attempts=1 streak=0 attempt=1
[2026-09-11T05:51:26.503Z] batch=field-waveform-1789105860478-4 D3 MODE_SWITCH_OK state=MODE_SWITCH_OK attempts=1 streak=0
[2026-09-11T05:51:26.505Z] batch=field-waveform-1789105860478-4 D4 MODE_SWITCH_START state=MODE_SWITCHING attempts=1 streak=0 attempt=1
[2026-09-11T05:51:26.511Z] batch=field-waveform-1789105860478-4 D4 MODE_SWITCH_OK state=MODE_SWITCH_OK attempts=1 streak=0
[2026-09-11T05:51:27.062Z] batch=field-waveform-1789105860478-4 D6 MODE_SWITCH_START state=MODE_SWITCHING attempts=1 streak=0 attempt=1
[2026-09-11T05:51:27.067Z] batch=field-waveform-1789105860478-4 D6 MODE_SWITCH_OK state=MODE_SWITCH_OK attempts=1 streak=0
[2026-09-11T05:51:27.068Z] batch=field-waveform-1789105860478-4 D5 MODE_SWITCH_START state=MODE_SWITCHING attempts=1 streak=0 attempt=1
[2026-09-11T05:51:27.071Z] batch=field-waveform-1789105860478-4 D5 MODE_SWITCH_OK state=MODE_SWITCH_OK attempts=1 streak=0
[2026-09-11T05:51:36.487Z] batch=field-waveform-1789105860478-4 D1 MODE_SWITCH_START state=MODE_SWITCHING attempts=1 streak=0 attempt=1
[2026-09-11T05:51:36.492Z] batch=field-waveform-1789105860478-4 D1 MODE_SWITCH_OK state=MODE_SWITCH_OK attempts=1 streak=0
[2026-09-11T05:51:36.497Z] batch=field-waveform-1789105860478-4 D2 MODE_SWITCH_START state=MODE_SWITCHING attempts=1 streak=0 attempt=1
[2026-09-11T05:51:36.502Z] batch=field-waveform-1789105860478-4 D2 MODE_SWITCH_OK state=MODE_SWITCH_OK attempts=1 streak=0
[2026-09-11T05:51:36.507Z] batch=field-waveform-1789105860478-4 D3 MODE_SWITCH_START state=MODE_SWITCHING attempts=1 streak=0 attempt=1
[2026-09-11T05:51:36.511Z] batch=field-waveform-1789105860478-4 D3 MODE_SWITCH_OK state=MODE_SWITCH_OK attempts=1 streak=0
[2026-09-11T05:51:36.512Z] batch=field-waveform-1789105860478-4 D4 MODE_SWITCH_START state=MODE_SWITCHING attempts=1 streak=0 attempt=1
[2026-09-11T05:51:36.515Z] batch=field-waveform-1789105860478-4 D4 MODE_SWITCH_OK state=MODE_SWITCH_OK attempts=1 streak=0
[2026-09-11T05:51:37.073Z] batch=field-waveform-1789105860478-4 D6 MODE_SWITCH_START state=MODE_SWITCHING attempts=1 streak=0 attempt=1
[2026-09-11T05:51:37.079Z] batch=field-waveform-1789105860478-4 D6 MODE_SWITCH_OK state=MODE_SWITCH_OK attempts=1 streak=0
[2026-09-11T05:51:37.093Z] batch=field-waveform-1789105860478-4 D5 MODE_SWITCH_START state=MODE_SWITCHING attempts=1 streak=0 attempt=1
[2026-09-11T05:51:37.096Z] batch=field-waveform-1789105860478-4 D5 MODE_SWITCH_OK state=MODE_SWITCH_OK attempts=1 streak=0
[2026-09-11T05:51:41.543Z] batch=field-waveform-1789105860478-4 D2 FIRST_FRAME state=FIRST_FRAME_RECEIVED attempts=1 streak=1
[2026-09-11T05:51:41.543Z] batch=field-waveform-1789105860478-4 D2 FIRST_VALID_SAMPLE state=FIRST_FRAME_RECEIVED attempts=1 streak=1
[2026-09-11T05:51:41.578Z] batch=field-waveform-1789105860478-4 D3 FIRST_FRAME state=FIRST_FRAME_RECEIVED attempts=1 streak=1
[2026-09-11T05:51:41.579Z] batch=field-waveform-1789105860478-4 D3 FIRST_VALID_SAMPLE state=FIRST_FRAME_RECEIVED attempts=1 streak=1
[2026-09-11T05:51:41.589Z] batch=field-waveform-1789105860478-4 D1 FIRST_FRAME state=FIRST_FRAME_RECEIVED attempts=1 streak=1
[2026-09-11T05:51:41.589Z] batch=field-waveform-1789105860478-4 D1 FIRST_VALID_SAMPLE state=FIRST_FRAME_RECEIVED attempts=1 streak=1
[2026-09-11T05:51:41.601Z] batch=field-waveform-1789105860478-4 D4 FIRST_FRAME state=FIRST_FRAME_RECEIVED attempts=1 streak=1
[2026-09-11T05:51:41.602Z] batch=field-waveform-1789105860478-4 D4 FIRST_VALID_SAMPLE state=FIRST_FRAME_RECEIVED attempts=1 streak=1
[2026-09-11T05:51:41.791Z] batch=field-waveform-1789105860478-4 D2 CHANNEL_SYNC_OK state=TEST_READY attempts=1 streak=5
[2026-09-11T05:51:41.791Z] batch=field-waveform-1789105860478-4 D2 TEST_READY state=TEST_READY attempts=1 streak=5
[2026-09-11T05:51:41.849Z] batch=field-waveform-1789105860478-4 D3 CHANNEL_SYNC_OK state=TEST_READY attempts=1 streak=5
[2026-09-11T05:51:41.850Z] batch=field-waveform-1789105860478-4 D3 TEST_READY state=TEST_READY attempts=1 streak=5
[2026-09-11T05:51:41.852Z] batch=field-waveform-1789105860478-4 D1 CHANNEL_SYNC_OK state=TEST_READY attempts=1 streak=5
[2026-09-11T05:51:41.852Z] batch=field-waveform-1789105860478-4 D1 TEST_READY state=TEST_READY attempts=1 streak=5
[2026-09-11T05:51:41.855Z] batch=field-waveform-1789105860478-4 D4 CHANNEL_SYNC_OK state=TEST_READY attempts=1 streak=5
[2026-09-11T05:51:41.856Z] batch=field-waveform-1789105860478-4 D4 TEST_READY state=TEST_READY attempts=1 streak=5
[2026-09-11T05:51:42.131Z] batch=field-waveform-1789105860478-4 D5 FIRST_FRAME state=FIRST_FRAME_RECEIVED attempts=1 streak=1
[2026-09-11T05:51:42.131Z] batch=field-waveform-1789105860478-4 D5 FIRST_VALID_SAMPLE state=FIRST_FRAME_RECEIVED attempts=1 streak=1
[2026-09-11T05:51:42.153Z] batch=field-waveform-1789105860478-4 D6 FIRST_FRAME state=FIRST_FRAME_RECEIVED attempts=1 streak=1
[2026-09-11T05:51:42.154Z] batch=field-waveform-1789105860478-4 D6 FIRST_VALID_SAMPLE state=FIRST_FRAME_RECEIVED attempts=1 streak=1
[2026-09-11T05:51:42.398Z] batch=field-waveform-1789105860478-4 D6 CHANNEL_SYNC_OK state=TEST_READY attempts=1 streak=5
[2026-09-11T05:51:42.398Z] batch=field-waveform-1789105860478-4 D6 TEST_READY state=TEST_READY attempts=1 streak=5
[2026-09-11T05:51:42.406Z] batch=field-waveform-1789105860478-4 D5 CHANNEL_SYNC_OK state=TEST_READY attempts=1 streak=5
[2026-09-11T05:51:42.406Z] batch=field-waveform-1789105860478-4 D5 TEST_READY state=TEST_READY attempts=1 streak=5
[2026-09-11T05:52:35.365Z] batch=field-waveform-1789105860478-4 D4 MODE_SWITCH_START state=MODE_SWITCHING attempts=1 streak=0 attempt=1
[2026-09-11T05:52:35.370Z] batch=field-waveform-1789105860478-4 D4 MODE_SWITCH_OK state=MODE_SWITCH_OK attempts=1 streak=0
[2026-09-11T05:52:35.377Z] batch=field-waveform-1789105860478-4 D3 MODE_SWITCH_START state=MODE_SWITCHING attempts=1 streak=0 attempt=1
[2026-09-11T05:52:35.381Z] batch=field-waveform-1789105860478-4 D3 MODE_SWITCH_OK state=MODE_SWITCH_OK attempts=1 streak=0
[2026-09-11T05:52:35.389Z] batch=field-waveform-1789105860478-4 D1 MODE_SWITCH_START state=MODE_SWITCHING attempts=1 streak=0 attempt=1
[2026-09-11T05:52:35.394Z] batch=field-waveform-1789105860478-4 D1 MODE_SWITCH_OK state=MODE_SWITCH_OK attempts=1 streak=0
[2026-09-11T05:52:35.401Z] batch=field-waveform-1789105860478-4 D2 MODE_SWITCH_START state=MODE_SWITCHING attempts=1 streak=0 attempt=1
[2026-09-11T05:52:35.409Z] batch=field-waveform-1789105860478-4 D2 MODE_SWITCH_OK state=MODE_SWITCH_OK attempts=1 streak=0
[2026-09-11T05:52:35.422Z] batch=field-waveform-1789105860478-4 D5 MODE_SWITCH_START state=MODE_SWITCHING attempts=1 streak=0 attempt=1
[2026-09-11T05:52:35.425Z] batch=field-waveform-1789105860478-4 D5 MODE_SWITCH_OK state=MODE_SWITCH_OK attempts=1 streak=0
[2026-09-11T05:52:35.739Z] batch=field-waveform-1789105860478-4 D6 MODE_SWITCH_START state=MODE_SWITCHING attempts=1 streak=0 attempt=1
[2026-09-11T05:52:35.743Z] batch=field-waveform-1789105860478-4 D6 MODE_SWITCH_OK state=MODE_SWITCH_OK attempts=1 streak=0
[2026-09-11T05:52:45.453Z] batch=field-waveform-1789105860478-4 D4 MODE_SWITCH_START state=MODE_SWITCHING attempts=1 streak=0 attempt=1
[2026-09-11T05:52:45.457Z] batch=field-waveform-1789105860478-4 D4 MODE_SWITCH_OK state=MODE_SWITCH_OK attempts=1 streak=0
[2026-09-11T05:52:45.465Z] batch=field-waveform-1789105860478-4 D3 MODE_SWITCH_START state=MODE_SWITCHING attempts=1 streak=0 attempt=1
[2026-09-11T05:52:45.469Z] batch=field-waveform-1789105860478-4 D3 MODE_SWITCH_OK state=MODE_SWITCH_OK attempts=1 streak=0
[2026-09-11T05:52:45.476Z] batch=field-waveform-1789105860478-4 D1 MODE_SWITCH_START state=MODE_SWITCHING attempts=1 streak=0 attempt=1
[2026-09-11T05:52:45.483Z] batch=field-waveform-1789105860478-4 D1 MODE_SWITCH_OK state=MODE_SWITCH_OK attempts=1 streak=0
[2026-09-11T05:52:45.490Z] batch=field-waveform-1789105860478-4 D2 MODE_SWITCH_START state=MODE_SWITCHING attempts=1 streak=0 attempt=1
[2026-09-11T05:52:45.494Z] batch=field-waveform-1789105860478-4 D2 MODE_SWITCH_OK state=MODE_SWITCH_OK attempts=1 streak=0
[2026-09-11T05:52:45.505Z] batch=field-waveform-1789105860478-4 D5 MODE_SWITCH_START state=MODE_SWITCHING attempts=1 streak=0 attempt=1
[2026-09-11T05:52:45.507Z] batch=field-waveform-1789105860478-4 D5 MODE_SWITCH_OK state=MODE_SWITCH_OK attempts=1 streak=0
[2026-09-11T05:52:45.970Z] batch=field-waveform-1789105860478-4 D6 MODE_SWITCH_START state=MODE_SWITCHING attempts=1 streak=0 attempt=1
[2026-09-11T05:52:45.985Z] batch=field-waveform-1789105860478-4 D6 MODE_SWITCH_OK state=MODE_SWITCH_OK attempts=1 streak=0
[2026-09-11T05:52:50.625Z] batch=field-waveform-1789105860478-4 D3 FIRST_FRAME state=FIRST_FRAME_RECEIVED attempts=1 streak=1
[2026-09-11T05:52:50.625Z] batch=field-waveform-1789105860478-4 D3 FIRST_VALID_SAMPLE state=FIRST_FRAME_RECEIVED attempts=1 streak=1
[2026-09-11T05:52:50.633Z] batch=field-waveform-1789105860478-4 D2 FIRST_FRAME state=FIRST_FRAME_RECEIVED attempts=1 streak=1
[2026-09-11T05:52:50.633Z] batch=field-waveform-1789105860478-4 D2 FIRST_VALID_SAMPLE state=FIRST_FRAME_RECEIVED attempts=1 streak=1
[2026-09-11T05:52:50.643Z] batch=field-waveform-1789105860478-4 D4 FIRST_FRAME state=FIRST_FRAME_RECEIVED attempts=1 streak=1
[2026-09-11T05:52:50.643Z] batch=field-waveform-1789105860478-4 D4 FIRST_VALID_SAMPLE state=FIRST_FRAME_RECEIVED attempts=1 streak=1
[2026-09-11T05:52:50.741Z] batch=field-waveform-1789105860478-4 D1 FIRST_FRAME state=FIRST_FRAME_RECEIVED attempts=1 streak=1
[2026-09-11T05:52:50.741Z] batch=field-waveform-1789105860478-4 D1 FIRST_VALID_SAMPLE state=FIRST_FRAME_RECEIVED attempts=1 streak=1
[2026-09-11T05:52:50.748Z] batch=field-waveform-1789105860478-4 D5 FIRST_FRAME state=FIRST_FRAME_RECEIVED attempts=1 streak=1
[2026-09-11T05:52:50.748Z] batch=field-waveform-1789105860478-4 D5 FIRST_VALID_SAMPLE state=FIRST_FRAME_RECEIVED attempts=1 streak=1
[2026-09-11T05:52:51.127Z] batch=field-waveform-1789105860478-4 D2 CHANNEL_SYNC_OK state=TEST_READY attempts=1 streak=5
[2026-09-11T05:52:51.127Z] batch=field-waveform-1789105860478-4 D2 TEST_READY state=TEST_READY attempts=1 streak=5
[2026-09-11T05:52:51.141Z] batch=field-waveform-1789105860478-4 D4 CHANNEL_SYNC_OK state=TEST_READY attempts=1 streak=5
[2026-09-11T05:52:51.141Z] batch=field-waveform-1789105860478-4 D4 TEST_READY state=TEST_READY attempts=1 streak=5
[2026-09-11T05:52:51.145Z] batch=field-waveform-1789105860478-4 D1 CHANNEL_SYNC_OK state=TEST_READY attempts=1 streak=5
[2026-09-11T05:52:51.145Z] batch=field-waveform-1789105860478-4 D1 TEST_READY state=TEST_READY attempts=1 streak=5
[2026-09-11T05:52:51.298Z] batch=field-waveform-1789105860478-4 D5 CHANNEL_SYNC_OK state=TEST_READY attempts=1 streak=5
[2026-09-11T05:52:51.299Z] batch=field-waveform-1789105860478-4 D5 TEST_READY state=TEST_READY attempts=1 streak=5
[2026-09-11T05:52:51.313Z] batch=field-waveform-1789105860478-4 D6 FIRST_FRAME state=FIRST_FRAME_RECEIVED attempts=1 streak=1
[2026-09-11T05:52:51.314Z] batch=field-waveform-1789105860478-4 D6 FIRST_VALID_SAMPLE state=FIRST_FRAME_RECEIVED attempts=1 streak=1
[2026-09-11T05:52:51.328Z] batch=field-waveform-1789105860478-4 D6 CHANNEL_SYNC_OK state=TEST_READY attempts=1 streak=5
[2026-09-11T05:52:51.328Z] batch=field-waveform-1789105860478-4 D6 TEST_READY state=TEST_READY attempts=1 streak=5
[2026-09-11T05:52:51.445Z] batch=field-waveform-1789105860478-4 D3 CHANNEL_SYNC_OK state=TEST_READY attempts=1 streak=5
[2026-09-11T05:52:51.446Z] batch=field-waveform-1789105860478-4 D3 TEST_READY state=TEST_READY attempts=1 streak=5
