[2026-09-16T09:01:43.237Z] batch=field-waveform-1789549145203-36 D1 MODE_SWITCH_START state=MODE_SWITCHING attempts=1 streak=0 attempt=1
[2026-09-16T09:01:43.238Z] batch=field-waveform-1789549145203-36 D1 MODE_SWITCH_OK state=MODE_SWITCH_OK attempts=1 streak=0
[2026-09-16T09:01:43.878Z] batch=field-waveform-1789549145203-36 D6 MODE_SWITCH_START state=MODE_SWITCHING attempts=1 streak=0 attempt=1
[2026-09-16T09:01:43.881Z] batch=field-waveform-1789549145203-36 D6 MODE_SWITCH_OK state=MODE_SWITCH_OK attempts=1 streak=0
[2026-09-16T09:01:44.176Z] batch=field-waveform-1789549145203-36 D2 MODE_SWITCH_START state=MODE_SWITCHING attempts=1 streak=0 attempt=1
[2026-09-16T09:01:44.178Z] batch=field-waveform-1789549145203-36 D2 MODE_SWITCH_OK state=MODE_SWITCH_OK attempts=1 streak=0
[2026-09-16T09:01:44.183Z] batch=field-waveform-1789549145203-36 D5 MODE_SWITCH_START state=MODE_SWITCHING attempts=1 streak=0 attempt=1
[2026-09-16T09:01:44.184Z] batch=field-waveform-1789549145203-36 D5 MODE_SWITCH_OK state=MODE_SWITCH_OK attempts=1 streak=0
[2026-09-16T09:01:44.189Z] batch=field-waveform-1789549145203-36 D4 MODE_SWITCH_START state=MODE_SWITCHING attempts=1 streak=0 attempt=1
[2026-09-16T09:01:44.189Z] batch=field-waveform-1789549145203-36 D4 MODE_SWITCH_OK state=MODE_SWITCH_OK attempts=1 streak=0
[2026-09-16T09:01:44.194Z] batch=field-waveform-1789549145203-36 D3 MODE_SWITCH_START state=MODE_SWITCHING attempts=1 streak=0 attempt=1
[2026-09-16T09:01:44.199Z] batch=field-waveform-1789549145203-36 D3 MODE_SWITCH_OK state=MODE_SWITCH_OK attempts=1 streak=0
[2026-09-16T09:01:53.558Z] batch=field-waveform-1789549145203-36 D1 MODE_SWITCH_START state=MODE_SWITCHING attempts=1 streak=0 attempt=1
[2026-09-16T09:01:53.562Z] batch=field-waveform-1789549145203-36 D1 MODE_SWITCH_OK state=MODE_SWITCH_OK attempts=1 streak=0
[2026-09-16T09:01:53.981Z] batch=field-waveform-1789549145203-36 D6 MODE_SWITCH_START state=MODE_SWITCHING attempts=1 streak=0 attempt=1
[2026-09-16T09:01:53.988Z] batch=field-waveform-1789549145203-36 D6 MODE_SWITCH_OK state=MODE_SWITCH_OK attempts=1 streak=0
[2026-09-16T09:01:54.386Z] batch=field-waveform-1789549145203-36 D2 MODE_SWITCH_START state=MODE_SWITCHING attempts=1 streak=0 attempt=1
[2026-09-16T09:01:54.389Z] batch=field-waveform-1789549145203-36 D2 MODE_SWITCH_OK state=MODE_SWITCH_OK attempts=1 streak=0
[2026-09-16T09:01:54.396Z] batch=field-waveform-1789549145203-36 D5 MODE_SWITCH_START state=MODE_SWITCHING attempts=1 streak=0 attempt=1
[2026-09-16T09:01:54.399Z] batch=field-waveform-1789549145203-36 D5 MODE_SWITCH_OK state=MODE_SWITCH_OK attempts=1 streak=0
[2026-09-16T09:01:54.413Z] batch=field-waveform-1789549145203-36 D4 MODE_SWITCH_START state=MODE_SWITCHING attempts=1 streak=0 attempt=1
[2026-09-16T09:01:54.416Z] batch=field-waveform-1789549145203-36 D4 MODE_SWITCH_OK state=MODE_SWITCH_OK attempts=1 streak=0
[2026-09-16T09:01:54.426Z] batch=field-waveform-1789549145203-36 D3 MODE_SWITCH_START state=MODE_SWITCHING attempts=1 streak=0 attempt=1
[2026-09-16T09:01:54.432Z] batch=field-waveform-1789549145203-36 D3 MODE_SWITCH_OK state=MODE_SWITCH_OK attempts=1 streak=0
[2026-09-16T09:02:03.648Z] batch=field-waveform-1789549145203-36 D1 MODE_SWITCH_START state=MODE_SWITCHING attempts=1 streak=0 attempt=1
[2026-09-16T09:02:03.649Z] batch=field-waveform-1789549145203-36 D1 MODE_SWITCH_OK state=MODE_SWITCH_OK attempts=1 streak=0
[2026-09-16T09:02:04.065Z] batch=field-waveform-1789549145203-36 D6 MODE_SWITCH_START state=MODE_SWITCHING attempts=1 streak=0 attempt=1
[2026-09-16T09:02:04.068Z] batch=field-waveform-1789549145203-36 D6 MODE_SWITCH_OK state=MODE_SWITCH_OK attempts=1 streak=0
[2026-09-16T09:02:04.714Z] batch=field-waveform-1789549145203-36 D2 MODE_SWITCH_START state=MODE_SWITCHING attempts=1 streak=0 attempt=1
[2026-09-16T09:02:04.716Z] batch=field-waveform-1789549145203-36 D2 MODE_SWITCH_OK state=MODE_SWITCH_OK attempts=1 streak=0
[2026-09-16T09:02:04.722Z] batch=field-waveform-1789549145203-36 D5 MODE_SWITCH_START state=MODE_SWITCHING attempts=1 streak=0 attempt=1
[2026-09-16T09:02:04.724Z] batch=field-waveform-1789549145203-36 D5 MODE_SWITCH_OK state=MODE_SWITCH_OK attempts=1 streak=0
[2026-09-16T09:02:04.730Z] batch=field-waveform-1789549145203-36 D4 MODE_SWITCH_START state=MODE_SWITCHING attempts=1 streak=0 attempt=1
[2026-09-16T09:02:04.733Z] batch=field-waveform-1789549145203-36 D4 MODE_SWITCH_OK state=MODE_SWITCH_OK attempts=1 streak=0
[2026-09-16T09:02:04.749Z] batch=field-waveform-1789549145203-36 D3 MODE_SWITCH_START state=MODE_SWITCHING attempts=1 streak=0 attempt=1
[2026-09-16T09:02:04.751Z] batch=field-waveform-1789549145203-36 D3 MODE_SWITCH_OK state=MODE_SWITCH_OK attempts=1 streak=0
[2026-09-16T09:02:13.759Z] batch=field-waveform-1789549145203-36 D1 MODE_SWITCH_START state=MODE_SWITCHING attempts=1 streak=0 attempt=1
[2026-09-16T09:02:13.761Z] batch=field-waveform-1789549145203-36 D1 MODE_SWITCH_OK state=MODE_SWITCH_OK attempts=1 streak=0
[2026-09-16T09:02:14.116Z] batch=field-waveform-1789549145203-36 D6 MODE_SWITCH_START state=MODE_SWITCHING attempts=1 streak=0 attempt=1
[2026-09-16T09:02:14.117Z] batch=field-waveform-1789549145203-36 D6 MODE_SWITCH_OK state=MODE_SWITCH_OK attempts=1 streak=0
[2026-09-16T09:02:14.843Z] batch=field-waveform-1789549145203-36 D2 MODE_SWITCH_START state=MODE_SWITCHING attempts=1 streak=0 attempt=1
[2026-09-16T09:02:14.844Z] batch=field-waveform-1789549145203-36 D2 MODE_SWITCH_OK state=MODE_SWITCH_OK attempts=1 streak=0
[2026-09-16T09:02:14.849Z] batch=field-waveform-1789549145203-36 D5 MODE_SWITCH_START state=MODE_SWITCHING attempts=1 streak=0 attempt=1
[2026-09-16T09:02:14.850Z] batch=field-waveform-1789549145203-36 D5 MODE_SWITCH_OK state=MODE_SWITCH_OK attempts=1 streak=0
[2026-09-16T09:02:14.862Z] batch=field-waveform-1789549145203-36 D4 MODE_SWITCH_START state=MODE_SWITCHING attempts=1 streak=0 attempt=1
[2026-09-16T09:02:14.864Z] batch=field-waveform-1789549145203-36 D4 MODE_SWITCH_OK state=MODE_SWITCH_OK attempts=1 streak=0
[2026-09-16T09:02:14.869Z] batch=field-waveform-1789549145203-36 D3 MODE_SWITCH_START state=MODE_SWITCHING attempts=1 streak=0 attempt=1
[2026-09-16T09:02:14.870Z] batch=field-waveform-1789549145203-36 D3 MODE_SWITCH_OK state=MODE_SWITCH_OK attempts=1 streak=0
[2026-09-16T09:02:23.904Z] batch=field-waveform-1789549145203-36 D1 MODE_SWITCH_START state=MODE_SWITCHING attempts=1 streak=0 attempt=1
[2026-09-16T09:02:23.906Z] batch=field-waveform-1789549145203-36 D1 MODE_SWITCH_OK state=MODE_SWITCH_OK attempts=1 streak=0
[2026-09-16T09:02:24.251Z] batch=field-waveform-1789549145203-36 D6 MODE_SWITCH_START state=MODE_SWITCHING attempts=1 streak=0 attempt=1
[2026-09-16T09:02:24.253Z] batch=field-waveform-1789549145203-36 D6 MODE_SWITCH_OK state=MODE_SWITCH_OK attempts=1 streak=0
[2026-09-16T09:02:24.884Z] batch=field-waveform-1789549145203-36 D2 MODE_SWITCH_START state=MODE_SWITCHING attempts=1 streak=0 attempt=1
[2026-09-16T09:02:24.885Z] batch=field-waveform-1789549145203-36 D2 MODE_SWITCH_OK state=MODE_SWITCH_OK attempts=1 streak=0
[2026-09-16T09:02:24.890Z] batch=field-waveform-1789549145203-36 D5 MODE_SWITCH_START state=MODE_SWITCHING attempts=1 streak=0 attempt=1
[2026-09-16T09:02:24.890Z] batch=field-waveform-1789549145203-36 D5 MODE_SWITCH_OK state=MODE_SWITCH_OK attempts=1 streak=0
[2026-09-16T09:02:24.896Z] batch=field-waveform-1789549145203-36 D4 MODE_SWITCH_START state=MODE_SWITCHING attempts=1 streak=0 attempt=1
[2026-09-16T09:02:24.897Z] batch=field-waveform-1789549145203-36 D4 MODE_SWITCH_OK state=MODE_SWITCH_OK attempts=1 streak=0
[2026-09-16T09:02:24.901Z] batch=field-waveform-1789549145203-36 D3 MODE_SWITCH_START state=MODE_SWITCHING attempts=1 streak=0 attempt=1
[2026-09-16T09:02:24.903Z] batch=field-waveform-1789549145203-36 D3 MODE_SWITCH_OK state=MODE_SWITCH_OK attempts=1 streak=0
[2026-09-16T09:02:32.932Z] batch=field-waveform-1789549352929-37 D1 MODE_SWITCH_START state=MODE_SWITCHING attempts=1 streak=0 attempt=1
[2026-09-16T09:02:32.937Z] batch=field-waveform-1789549352929-37 D2 MODE_SWITCH_START state=MODE_SWITCHING attempts=1 streak=0 attempt=1
[2026-09-16T09:02:32.939Z] batch=field-waveform-1789549352929-37 D3 MODE_SWITCH_START state=MODE_SWITCHING attempts=1 streak=0 attempt=1
[2026-09-16T09:02:32.942Z] batch=field-waveform-1789549352929-37 D4 MODE_SWITCH_START state=MODE_SWITCHING attempts=1 streak=0 attempt=1
[2026-09-16T09:02:32.947Z] batch=field-waveform-1789549352929-37 D5 MODE_SWITCH_START state=MODE_SWITCHING attempts=1 streak=0 attempt=1
[2026-09-16T09:02:32.953Z] batch=field-waveform-1789549352929-37 D6 MODE_SWITCH_START state=MODE_SWITCHING attempts=1 streak=0 attempt=1
[2026-09-16T09:02:32.960Z] batch=field-waveform-1789549352929-37 D1 MODE_SWITCH_OK state=MODE_SWITCH_OK attempts=1 streak=0
[2026-09-16T09:02:32.961Z] batch=field-waveform-1789549352929-37 D2 MODE_SWITCH_OK state=MODE_SWITCH_OK attempts=1 streak=0
[2026-09-16T09:02:32.962Z] batch=field-waveform-1789549352929-37 D3 MODE_SWITCH_OK state=MODE_SWITCH_OK attempts=1 streak=0
[2026-09-16T09:02:32.965Z] batch=field-waveform-1789549352929-37 D4 MODE_SWITCH_OK state=MODE_SWITCH_OK attempts=1 streak=0
[2026-09-16T09:02:32.966Z] batch=field-waveform-1789549352929-37 D5 MODE_SWITCH_OK state=MODE_SWITCH_OK attempts=1 streak=0
[2026-09-16T09:02:32.968Z] batch=field-waveform-1789549352929-37 D6 MODE_SWITCH_OK state=MODE_SWITCH_OK attempts=1 streak=0
[2026-09-16T09:02:33.919Z] batch=field-waveform-1789549352929-37 D1 MODE_SWITCH_START state=MODE_SWITCHING attempts=1 streak=0 attempt=1
[2026-09-16T09:02:33.919Z] batch=field-waveform-1789549352929-37 D1 MODE_SWITCH_OK state=MODE_SWITCH_OK attempts=1 streak=0
[2026-09-16T09:02:34.269Z] batch=field-waveform-1789549352929-37 D6 MODE_SWITCH_START state=MODE_SWITCHING attempts=1 streak=0 attempt=1
[2026-09-16T09:02:34.273Z] batch=field-waveform-1789549352929-37 D6 MODE_SWITCH_OK state=MODE_SWITCH_OK attempts=1 streak=0
[2026-09-16T09:02:34.893Z] batch=field-waveform-1789549352929-37 D2 MODE_SWITCH_START state=MODE_SWITCHING attempts=1 streak=0 attempt=1
[2026-09-16T09:02:34.895Z] batch=field-waveform-1789549352929-37 D2 MODE_SWITCH_OK state=MODE_SWITCH_OK attempts=1 streak=0
[2026-09-16T09:02:34.897Z] batch=field-waveform-1789549352929-37 D5 MODE_SWITCH_START state=MODE_SWITCHING attempts=1 streak=0 attempt=1
[2026-09-16T09:02:34.898Z] batch=field-waveform-1789549352929-37 D5 MODE_SWITCH_OK state=MODE_SWITCH_OK attempts=1 streak=0
[2026-09-16T09:02:34.904Z] batch=field-waveform-1789549352929-37 D4 MODE_SWITCH_START state=MODE_SWITCHING attempts=1 streak=0 attempt=1
[2026-09-16T09:02:34.906Z] batch=field-waveform-1789549352929-37 D4 MODE_SWITCH_OK state=MODE_SWITCH_OK attempts=1 streak=0
[2026-09-16T09:02:34.907Z] batch=field-waveform-1789549352929-37 D3 MODE_SWITCH_START state=MODE_SWITCHING attempts=1 streak=0 attempt=1
[2026-09-16T09:02:34.910Z] batch=field-waveform-1789549352929-37 D3 MODE_SWITCH_OK state=MODE_SWITCH_OK attempts=1 streak=0
[2026-09-16T09:02:43.925Z] batch=field-waveform-1789549352929-37 D1 MODE_SWITCH_START state=MODE_SWITCHING attempts=1 streak=0 attempt=1
[2026-09-16T09:02:43.930Z] batch=field-waveform-1789549352929-37 D1 MODE_SWITCH_OK state=MODE_SWITCH_OK attempts=1 streak=0
[2026-09-16T09:02:44.276Z] batch=field-waveform-1789549352929-37 D6 MODE_SWITCH_START state=MODE_SWITCHING attempts=1 streak=0 attempt=1
[2026-09-16T09:02:44.280Z] batch=field-waveform-1789549352929-37 D6 MODE_SWITCH_OK state=MODE_SWITCH_OK attempts=1 streak=0
[2026-09-16T09:02:44.901Z] batch=field-waveform-1789549352929-37 D2 MODE_SWITCH_START state=MODE_SWITCHING attempts=1 streak=0 attempt=1
[2026-09-16T09:02:44.903Z] batch=field-waveform-1789549352929-37 D2 MODE_SWITCH_OK state=MODE_SWITCH_OK attempts=1 streak=0
[2026-09-16T09:02:44.903Z] batch=field-waveform-1789549352929-37 D5 MODE_SWITCH_START state=MODE_SWITCHING attempts=1 streak=0 attempt=1
[2026-09-16T09:02:44.904Z] batch=field-waveform-1789549352929-37 D5 MODE_SWITCH_OK state=MODE_SWITCH_OK attempts=1 streak=0
[2026-09-16T09:02:44.908Z] batch=field-waveform-1789549352929-37 D4 MODE_SWITCH_START state=MODE_SWITCHING attempts=1 streak=0 attempt=1
[2026-09-16T09:02:44.909Z] batch=field-waveform-1789549352929-37 D4 MODE_SWITCH_OK state=MODE_SWITCH_OK attempts=1 streak=0
[2026-09-16T09:02:44.913Z] batch=field-waveform-1789549352929-37 D3 MODE_SWITCH_START state=MODE_SWITCHING attempts=1 streak=0 attempt=1
[2026-09-16T09:02:44.914Z] batch=field-waveform-1789549352929-37 D3 MODE_SWITCH_OK state=MODE_SWITCH_OK attempts=1 streak=0
[2026-09-16T09:02:53.935Z] batch=field-waveform-1789549352929-37 D1 MODE_SWITCH_START state=MODE_SWITCHING attempts=1 streak=0 attempt=1
[2026-09-16T09:02:53.937Z] batch=field-waveform-1789549352929-37 D1 MODE_SWITCH_OK state=MODE_SWITCH_OK attempts=1 streak=0
[2026-09-16T09:02:54.288Z] batch=field-waveform-1789549352929-37 D6 MODE_SWITCH_START state=MODE_SWITCHING attempts=1 streak=0 attempt=1
[2026-09-16T09:02:54.292Z] batch=field-waveform-1789549352929-37 D6 MODE_SWITCH_OK state=MODE_SWITCH_OK attempts=1 streak=0
[2026-09-16T09:02:54.913Z] batch=field-waveform-1789549352929-37 D2 MODE_SWITCH_START state=MODE_SWITCHING attempts=1 streak=0 attempt=1
[2026-09-16T09:02:54.917Z] batch=field-waveform-1789549352929-37 D2 MODE_SWITCH_OK state=MODE_SWITCH_OK attempts=1 streak=0
[2026-09-16T09:02:54.919Z] batch=field-waveform-1789549352929-37 D5 MODE_SWITCH_START state=MODE_SWITCHING attempts=1 streak=0 attempt=1
[2026-09-16T09:02:54.922Z] batch=field-waveform-1789549352929-37 D5 MODE_SWITCH_OK state=MODE_SWITCH_OK attempts=1 streak=0
[2026-09-16T09:02:54.923Z] batch=field-waveform-1789549352929-37 D4 MODE_SWITCH_START state=MODE_SWITCHING attempts=1 streak=0 attempt=1
[2026-09-16T09:02:54.924Z] batch=field-waveform-1789549352929-37 D4 MODE_SWITCH_OK state=MODE_SWITCH_OK attempts=1 streak=0
[2026-09-16T09:02:54.928Z] batch=field-waveform-1789549352929-37 D3 MODE_SWITCH_START state=MODE_SWITCHING attempts=1 streak=0 attempt=1
[2026-09-16T09:02:54.936Z] batch=field-waveform-1789549352929-37 D3 MODE_SWITCH_OK state=MODE_SWITCH_OK attempts=1 streak=0
[2026-09-16T09:02:59.025Z] batch=field-waveform-1789549352929-37 D1 FIRST_FRAME state=FIRST_FRAME_RECEIVED attempts=1 streak=1
[2026-09-16T09:02:59.025Z] batch=field-waveform-1789549352929-37 D1 FIRST_VALID_SAMPLE state=FIRST_FRAME_RECEIVED attempts=1 streak=1
[2026-09-16T09:02:59.275Z] batch=field-waveform-1789549352929-37 D1 CHANNEL_SYNC_OK state=TEST_READY attempts=1 streak=5
[2026-09-16T09:02:59.276Z] batch=field-waveform-1789549352929-37 D1 TEST_READY state=TEST_READY attempts=1 streak=5
[2026-09-16T09:02:59.332Z] batch=field-waveform-1789549352929-37 D6 FIRST_FRAME state=FIRST_FRAME_RECEIVED attempts=1 streak=1
[2026-09-16T09:02:59.332Z] batch=field-waveform-1789549352929-37 D6 FIRST_VALID_SAMPLE state=FIRST_FRAME_RECEIVED attempts=1 streak=1
[2026-09-16T09:02:59.586Z] batch=field-waveform-1789549352929-37 D6 CHANNEL_SYNC_OK state=TEST_READY attempts=1 streak=5
[2026-09-16T09:02:59.586Z] batch=field-waveform-1789549352929-37 D6 TEST_READY state=TEST_READY attempts=1 streak=5
[2026-09-16T09:02:59.971Z] batch=field-waveform-1789549352929-37 D2 FIRST_FRAME state=FIRST_FRAME_RECEIVED attempts=1 streak=1
[2026-09-16T09:02:59.971Z] batch=field-waveform-1789549352929-37 D2 FIRST_VALID_SAMPLE state=FIRST_FRAME_RECEIVED attempts=1 streak=1
[2026-09-16T09:02:59.982Z] batch=field-waveform-1789549352929-37 D3 FIRST_FRAME state=FIRST_FRAME_RECEIVED attempts=1 streak=1
[2026-09-16T09:02:59.983Z] batch=field-waveform-1789549352929-37 D3 FIRST_VALID_SAMPLE state=FIRST_FRAME_RECEIVED attempts=1 streak=1
[2026-09-16T09:02:59.994Z] batch=field-waveform-1789549352929-37 D4 FIRST_FRAME state=FIRST_FRAME_RECEIVED attempts=1 streak=1
[2026-09-16T09:02:59.994Z] batch=field-waveform-1789549352929-37 D4 FIRST_VALID_SAMPLE state=FIRST_FRAME_RECEIVED attempts=1 streak=1
[2026-09-16T09:03:00.021Z] batch=field-waveform-1789549352929-37 D5 FIRST_FRAME state=FIRST_FRAME_RECEIVED attempts=1 streak=1
[2026-09-16T09:03:00.021Z] batch=field-waveform-1789549352929-37 D5 FIRST_VALID_SAMPLE state=FIRST_FRAME_RECEIVED attempts=1 streak=1
[2026-09-16T09:03:00.225Z] batch=field-waveform-1789549352929-37 D2 CHANNEL_SYNC_OK state=TEST_READY attempts=1 streak=5
[2026-09-16T09:03:00.225Z] batch=field-waveform-1789549352929-37 D2 TEST_READY state=TEST_READY attempts=1 streak=5
[2026-09-16T09:03:00.233Z] batch=field-waveform-1789549352929-37 D3 CHANNEL_SYNC_OK state=TEST_READY attempts=1 streak=5
[2026-09-16T09:03:00.234Z] batch=field-waveform-1789549352929-37 D3 TEST_READY state=TEST_READY attempts=1 streak=5
[2026-09-16T09:03:00.244Z] batch=field-waveform-1789549352929-37 D4 CHANNEL_SYNC_OK state=TEST_READY attempts=1 streak=5
[2026-09-16T09:03:00.244Z] batch=field-waveform-1789549352929-37 D4 TEST_READY state=TEST_READY attempts=1 streak=5
[2026-09-16T09:03:00.273Z] batch=field-waveform-1789549352929-37 D5 CHANNEL_SYNC_OK state=TEST_READY attempts=1 streak=5
[2026-09-16T09:03:00.273Z] batch=field-waveform-1789549352929-37 D5 TEST_READY state=TEST_READY attempts=1 streak=5
[2026-09-16T09:03:11.079Z] batch=field-waveform-1789549352929-37 D6 MODE_SWITCH_START state=MODE_SWITCHING attempts=1 streak=0 attempt=1
[2026-09-16T09:03:11.081Z] batch=field-waveform-1789549352929-37 D6 MODE_SWITCH_OK state=MODE_SWITCH_OK attempts=1 streak=0
[2026-09-16T09:03:11.083Z] batch=field-waveform-1789549352929-37 D5 MODE_SWITCH_START state=MODE_SWITCHING attempts=1 streak=0 attempt=1
[2026-09-16T09:03:11.085Z] batch=field-waveform-1789549352929-37 D5 MODE_SWITCH_OK state=MODE_SWITCH_OK attempts=1 streak=0
[2026-09-16T09:03:11.090Z] batch=field-waveform-1789549352929-37 D1 MODE_SWITCH_START state=MODE_SWITCHING attempts=1 streak=0 attempt=1
[2026-09-16T09:03:11.095Z] batch=field-waveform-1789549352929-37 D1 MODE_SWITCH_OK state=MODE_SWITCH_OK attempts=1 streak=0
[2026-09-16T09:03:11.098Z] batch=field-waveform-1789549352929-37 D2 MODE_SWITCH_START state=MODE_SWITCHING attempts=1 streak=0 attempt=1
[2026-09-16T09:03:11.101Z] batch=field-waveform-1789549352929-37 D2 MODE_SWITCH_OK state=MODE_SWITCH_OK attempts=1 streak=0
[2026-09-16T09:03:11.103Z] batch=field-waveform-1789549352929-37 D3 MODE_SWITCH_START state=MODE_SWITCHING attempts=1 streak=0 attempt=1
[2026-09-16T09:03:11.105Z] batch=field-waveform-1789549352929-37 D3 MODE_SWITCH_OK state=MODE_SWITCH_OK attempts=1 streak=0
[2026-09-16T09:03:11.218Z] batch=field-waveform-1789549352929-37 D4 MODE_SWITCH_START state=MODE_SWITCHING attempts=1 streak=0 attempt=1
[2026-09-16T09:03:11.219Z] batch=field-waveform-1789549352929-37 D4 MODE_SWITCH_OK state=MODE_SWITCH_OK attempts=1 streak=0
[2026-09-16T09:03:16.149Z] batch=field-waveform-1789549352929-37 D6 FIRST_FRAME state=FIRST_FRAME_RECEIVED attempts=1 streak=1
[2026-09-16T09:03:16.149Z] batch=field-waveform-1789549352929-37 D6 FIRST_VALID_SAMPLE state=FIRST_FRAME_RECEIVED attempts=1 streak=1
[2026-09-16T09:03:16.150Z] batch=field-waveform-1789549352929-37 D5 FIRST_FRAME state=FIRST_FRAME_RECEIVED attempts=1 streak=1
[2026-09-16T09:03:16.150Z] batch=field-waveform-1789549352929-37 D5 FIRST_VALID_SAMPLE state=FIRST_FRAME_RECEIVED attempts=1 streak=1
[2026-09-16T09:03:16.181Z] batch=field-waveform-1789549352929-37 D1 FIRST_FRAME state=FIRST_FRAME_RECEIVED attempts=1 streak=1
[2026-09-16T09:03:16.182Z] batch=field-waveform-1789549352929-37 D1 FIRST_VALID_SAMPLE state=FIRST_FRAME_RECEIVED attempts=1 streak=1
[2026-09-16T09:03:16.183Z] batch=field-waveform-1789549352929-37 D2 FIRST_FRAME state=FIRST_FRAME_RECEIVED attempts=1 streak=1
[2026-09-16T09:03:16.183Z] batch=field-waveform-1789549352929-37 D2 FIRST_VALID_SAMPLE state=FIRST_FRAME_RECEIVED attempts=1 streak=1
[2026-09-16T09:03:16.184Z] batch=field-waveform-1789549352929-37 D3 FIRST_FRAME state=FIRST_FRAME_RECEIVED attempts=1 streak=1
[2026-09-16T09:03:16.184Z] batch=field-waveform-1789549352929-37 D3 FIRST_VALID_SAMPLE state=FIRST_FRAME_RECEIVED attempts=1 streak=1
[2026-09-16T09:03:16.310Z] batch=field-waveform-1789549352929-37 D4 FIRST_FRAME state=FIRST_FRAME_RECEIVED attempts=1 streak=1
[2026-09-16T09:03:16.310Z] batch=field-waveform-1789549352929-37 D4 FIRST_VALID_SAMPLE state=FIRST_FRAME_RECEIVED attempts=1 streak=1
[2026-09-16T09:03:16.393Z] batch=field-waveform-1789549352929-37 D6 CHANNEL_SYNC_OK state=TEST_READY attempts=1 streak=5
[2026-09-16T09:03:16.393Z] batch=field-waveform-1789549352929-37 D6 TEST_READY state=TEST_READY attempts=1 streak=5
[2026-09-16T09:03:16.400Z] batch=field-waveform-1789549352929-37 D5 CHANNEL_SYNC_OK state=TEST_READY attempts=1 streak=5
[2026-09-16T09:03:16.401Z] batch=field-waveform-1789549352929-37 D5 TEST_READY state=TEST_READY attempts=1 streak=5
[2026-09-16T09:03:16.411Z] batch=field-waveform-1789549352929-37 D1 CHANNEL_SYNC_OK state=TEST_READY attempts=1 streak=5
[2026-09-16T09:03:16.411Z] batch=field-waveform-1789549352929-37 D1 TEST_READY state=TEST_READY attempts=1 streak=5
[2026-09-16T09:03:16.415Z] batch=field-waveform-1789549352929-37 D2 CHANNEL_SYNC_OK state=TEST_READY attempts=1 streak=5
[2026-09-16T09:03:16.416Z] batch=field-waveform-1789549352929-37 D2 TEST_READY state=TEST_READY attempts=1 streak=5
[2026-09-16T09:03:16.420Z] batch=field-waveform-1789549352929-37 D3 CHANNEL_SYNC_OK state=TEST_READY attempts=1 streak=5
[2026-09-16T09:03:16.420Z] batch=field-waveform-1789549352929-37 D3 TEST_READY state=TEST_READY attempts=1 streak=5
[2026-09-16T09:03:16.568Z] batch=field-waveform-1789549352929-37 D4 CHANNEL_SYNC_OK state=TEST_READY attempts=1 streak=5
[2026-09-16T09:03:16.569Z] batch=field-waveform-1789549352929-37 D4 TEST_READY state=TEST_READY attempts=1 streak=5
[2026-09-16T09:04:10.931Z] batch=field-waveform-1789549352929-37 D3 MODE_SWITCH_START state=MODE_SWITCHING attempts=1 streak=0 attempt=1
[2026-09-16T09:04:10.933Z] batch=field-waveform-1789549352929-37 D3 MODE_SWITCH_OK state=MODE_SWITCH_OK attempts=1 streak=0
[2026-09-16T09:04:10.937Z] batch=field-waveform-1789549352929-37 D1 MODE_SWITCH_START state=MODE_SWITCHING attempts=1 streak=0 attempt=1
[2026-09-16T09:04:10.938Z] batch=field-waveform-1789549352929-37 D1 MODE_SWITCH_OK state=MODE_SWITCH_OK attempts=1 streak=0
[2026-09-16T09:04:11.093Z] batch=field-waveform-1789549352929-37 D2 MODE_SWITCH_START state=MODE_SWITCHING attempts=1 streak=0 attempt=1
[2026-09-16T09:04:11.098Z] batch=field-waveform-1789549352929-37 D2 MODE_SWITCH_OK state=MODE_SWITCH_OK attempts=1 streak=0
[2026-09-16T09:04:11.109Z] batch=field-waveform-1789549352929-37 D4 MODE_SWITCH_START state=MODE_SWITCHING attempts=1 streak=0 attempt=1
[2026-09-16T09:04:11.111Z] batch=field-waveform-1789549352929-37 D4 MODE_SWITCH_OK state=MODE_SWITCH_OK attempts=1 streak=0
[2026-09-16T09:04:11.115Z] batch=field-waveform-1789549352929-37 D5 MODE_SWITCH_START state=MODE_SWITCHING attempts=1 streak=0 attempt=1
[2026-09-16T09:04:11.116Z] batch=field-waveform-1789549352929-37 D5 MODE_SWITCH_OK state=MODE_SWITCH_OK attempts=1 streak=0
[2026-09-16T09:04:11.120Z] batch=field-waveform-1789549352929-37 D6 MODE_SWITCH_START state=MODE_SWITCHING attempts=1 streak=0 attempt=1
[2026-09-16T09:04:11.122Z] batch=field-waveform-1789549352929-37 D6 MODE_SWITCH_OK state=MODE_SWITCH_OK attempts=1 streak=0
[2026-09-16T09:04:20.945Z] batch=field-waveform-1789549352929-37 D3 MODE_SWITCH_START state=MODE_SWITCHING attempts=1 streak=0 attempt=1
[2026-09-16T09:04:20.947Z] batch=field-waveform-1789549352929-37 D3 MODE_SWITCH_OK state=MODE_SWITCH_OK attempts=1 streak=0
[2026-09-16T09:04:20.951Z] batch=field-waveform-1789549352929-37 D1 MODE_SWITCH_START state=MODE_SWITCHING attempts=1 streak=0 attempt=1
[2026-09-16T09:04:20.952Z] batch=field-waveform-1789549352929-37 D1 MODE_SWITCH_OK state=MODE_SWITCH_OK attempts=1 streak=0
[2026-09-16T09:04:21.225Z] batch=field-waveform-1789549352929-37 D2 MODE_SWITCH_START state=MODE_SWITCHING attempts=1 streak=0 attempt=1
[2026-09-16T09:04:21.229Z] batch=field-waveform-1789549352929-37 D2 MODE_SWITCH_OK state=MODE_SWITCH_OK attempts=1 streak=0
[2026-09-16T09:04:21.233Z] batch=field-waveform-1789549352929-37 D4 MODE_SWITCH_START state=MODE_SWITCHING attempts=1 streak=0 attempt=1
[2026-09-16T09:04:21.236Z] batch=field-waveform-1789549352929-37 D4 MODE_SWITCH_OK state=MODE_SWITCH_OK attempts=1 streak=0
[2026-09-16T09:04:21.241Z] batch=field-waveform-1789549352929-37 D5 MODE_SWITCH_START state=MODE_SWITCHING attempts=1 streak=0 attempt=1
[2026-09-16T09:04:21.244Z] batch=field-waveform-1789549352929-37 D5 MODE_SWITCH_OK state=MODE_SWITCH_OK attempts=1 streak=0
[2026-09-16T09:04:21.252Z] batch=field-waveform-1789549352929-37 D6 MODE_SWITCH_START state=MODE_SWITCHING attempts=1 streak=0 attempt=1
[2026-09-16T09:04:21.257Z] batch=field-waveform-1789549352929-37 D6 MODE_SWITCH_OK state=MODE_SWITCH_OK attempts=1 streak=0
[2026-09-16T09:04:26.123Z] batch=field-waveform-1789549352929-37 D3 FIRST_FRAME state=FIRST_FRAME_RECEIVED attempts=1 streak=1
[2026-09-16T09:04:26.124Z] batch=field-waveform-1789549352929-37 D3 FIRST_VALID_SAMPLE state=FIRST_FRAME_RECEIVED attempts=1 streak=1
[2026-09-16T09:04:26.283Z] batch=field-waveform-1789549352929-37 D3 CHANNEL_SYNC_OK state=TEST_READY attempts=1 streak=5
[2026-09-16T09:04:26.283Z] batch=field-waveform-1789549352929-37 D3 TEST_READY state=TEST_READY attempts=1 streak=5
[2026-09-16T09:04:26.425Z] batch=field-waveform-1789549352929-37 D4 FIRST_FRAME state=FIRST_FRAME_RECEIVED attempts=1 streak=1
[2026-09-16T09:04:26.426Z] batch=field-waveform-1789549352929-37 D4 FIRST_VALID_SAMPLE state=FIRST_FRAME_RECEIVED attempts=1 streak=1
[2026-09-16T09:04:26.428Z] batch=field-waveform-1789549352929-37 D5 FIRST_FRAME state=FIRST_FRAME_RECEIVED attempts=1 streak=1
[2026-09-16T09:04:26.428Z] batch=field-waveform-1789549352929-37 D5 FIRST_VALID_SAMPLE state=FIRST_FRAME_RECEIVED attempts=1 streak=1
[2026-09-16T09:04:26.432Z] batch=field-waveform-1789549352929-37 D6 FIRST_FRAME state=FIRST_FRAME_RECEIVED attempts=1 streak=1
[2026-09-16T09:04:26.432Z] batch=field-waveform-1789549352929-37 D6 FIRST_VALID_SAMPLE state=FIRST_FRAME_RECEIVED attempts=1 streak=1
[2026-09-16T09:04:26.434Z] batch=field-waveform-1789549352929-37 D2 FIRST_FRAME state=FIRST_FRAME_RECEIVED attempts=1 streak=1
[2026-09-16T09:04:26.434Z] batch=field-waveform-1789549352929-37 D2 FIRST_VALID_SAMPLE state=FIRST_FRAME_RECEIVED attempts=1 streak=1
[2026-09-16T09:04:26.584Z] batch=field-waveform-1789549352929-37 D4 CHANNEL_SYNC_OK state=TEST_READY attempts=1 streak=5
[2026-09-16T09:04:26.584Z] batch=field-waveform-1789549352929-37 D4 TEST_READY state=TEST_READY attempts=1 streak=5
[2026-09-16T09:04:26.633Z] batch=field-waveform-1789549352929-37 D5 CHANNEL_SYNC_OK state=TEST_READY attempts=1 streak=5
[2026-09-16T09:04:26.633Z] batch=field-waveform-1789549352929-37 D5 TEST_READY state=TEST_READY attempts=1 streak=5
[2026-09-16T09:04:26.635Z] batch=field-waveform-1789549352929-37 D6 CHANNEL_SYNC_OK state=TEST_READY attempts=1 streak=5
[2026-09-16T09:04:26.635Z] batch=field-waveform-1789549352929-37 D6 TEST_READY state=TEST_READY attempts=1 streak=5
[2026-09-16T09:04:26.636Z] batch=field-waveform-1789549352929-37 D2 CHANNEL_SYNC_OK state=TEST_READY attempts=1 streak=5
[2026-09-16T09:04:26.637Z] batch=field-waveform-1789549352929-37 D2 TEST_READY state=TEST_READY attempts=1 streak=5
[2026-09-16T09:04:31.011Z] batch=field-waveform-1789549352929-37 D1 MODE_SWITCH_START state=MODE_SWITCHING attempts=1 streak=0 attempt=1
[2026-09-16T09:04:31.014Z] batch=field-waveform-1789549352929-37 D1 MODE_SWITCH_OK state=MODE_SWITCH_OK attempts=1 streak=0
[2026-09-16T09:04:36.295Z] batch=field-waveform-1789549352929-37 D1 FIRST_FRAME state=FIRST_FRAME_RECEIVED attempts=1 streak=1
[2026-09-16T09:04:36.295Z] batch=field-waveform-1789549352929-37 D1 FIRST_VALID_SAMPLE state=FIRST_FRAME_RECEIVED attempts=1 streak=1
[2026-09-16T09:04:36.619Z] batch=field-waveform-1789549352929-37 D1 CHANNEL_SYNC_OK state=TEST_READY attempts=1 streak=5
[2026-09-16T09:04:36.619Z] batch=field-waveform-1789549352929-37 D1 TEST_READY state=TEST_READY attempts=1 streak=5
[2026-09-16T09:05:01.980Z] batch=field-waveform-1789549352929-37 D1 MODE_SWITCH_START state=MODE_SWITCHING attempts=1 streak=0 attempt=1
[2026-09-16T09:05:01.982Z] batch=field-waveform-1789549352929-37 D1 MODE_SWITCH_OK state=MODE_SWITCH_OK attempts=1 streak=0
