[2026-09-11T07:49:05.327Z] batch=field-waveform-1789112787537-20 D1 MODE_SWITCH_START state=MODE_SWITCHING attempts=1 streak=0 attempt=1
[2026-09-11T07:49:05.336Z] batch=field-waveform-1789112787537-20 D1 MODE_SWITCH_OK state=MODE_SWITCH_OK attempts=1 streak=0
[2026-09-11T07:49:08.038Z] batch=field-waveform-1789112787537-20 D3 MODE_SWITCH_START state=MODE_SWITCHING attempts=1 streak=0 attempt=1
[2026-09-11T07:49:08.048Z] batch=field-waveform-1789112787537-20 D3 MODE_SWITCH_OK state=MODE_SWITCH_OK attempts=1 streak=0
[2026-09-11T07:49:08.056Z] batch=field-waveform-1789112787537-20 D4 MODE_SWITCH_START state=MODE_SWITCHING attempts=1 streak=0 attempt=1
[2026-09-11T07:49:08.061Z] batch=field-waveform-1789112787537-20 D4 MODE_SWITCH_OK state=MODE_SWITCH_OK attempts=1 streak=0
[2026-09-11T07:49:08.068Z] batch=field-waveform-1789112787537-20 D5 MODE_SWITCH_START state=MODE_SWITCHING attempts=1 streak=0 attempt=1
[2026-09-11T07:49:08.070Z] batch=field-waveform-1789112787537-20 D5 MODE_SWITCH_OK state=MODE_SWITCH_OK attempts=1 streak=0
[2026-09-11T07:49:08.079Z] batch=field-waveform-1789112787537-20 D2 MODE_SWITCH_START state=MODE_SWITCHING attempts=1 streak=0 attempt=1
[2026-09-11T07:49:08.080Z] batch=field-waveform-1789112787537-20 D2 MODE_SWITCH_OK state=MODE_SWITCH_OK attempts=1 streak=0
[2026-09-11T07:49:08.087Z] batch=field-waveform-1789112787537-20 D6 MODE_SWITCH_START state=MODE_SWITCHING attempts=1 streak=0 attempt=1
[2026-09-11T07:49:08.090Z] batch=field-waveform-1789112787537-20 D6 MODE_SWITCH_OK state=MODE_SWITCH_OK attempts=1 streak=0
[2026-09-11T07:49:15.391Z] batch=field-waveform-1789112787537-20 D1 MODE_SWITCH_START state=MODE_SWITCHING attempts=1 streak=0 attempt=1
[2026-09-11T07:49:15.402Z] batch=field-waveform-1789112787537-20 D1 MODE_SWITCH_OK state=MODE_SWITCH_OK attempts=1 streak=0
[2026-09-11T07:49:18.295Z] batch=field-waveform-1789112787537-20 D3 MODE_SWITCH_START state=MODE_SWITCHING attempts=1 streak=0 attempt=1
[2026-09-11T07:49:18.305Z] batch=field-waveform-1789112787537-20 D3 MODE_SWITCH_OK state=MODE_SWITCH_OK attempts=1 streak=0
[2026-09-11T07:49:18.313Z] batch=field-waveform-1789112787537-20 D4 MODE_SWITCH_START state=MODE_SWITCHING attempts=1 streak=0 attempt=1
[2026-09-11T07:49:18.315Z] batch=field-waveform-1789112787537-20 D4 MODE_SWITCH_OK state=MODE_SWITCH_OK attempts=1 streak=0
[2026-09-11T07:49:18.325Z] batch=field-waveform-1789112787537-20 D5 MODE_SWITCH_START state=MODE_SWITCHING attempts=1 streak=0 attempt=1
[2026-09-11T07:49:18.326Z] batch=field-waveform-1789112787537-20 D5 MODE_SWITCH_OK state=MODE_SWITCH_OK attempts=1 streak=0
[2026-09-11T07:49:18.334Z] batch=field-waveform-1789112787537-20 D2 MODE_SWITCH_START state=MODE_SWITCHING attempts=1 streak=0 attempt=1
[2026-09-11T07:49:18.338Z] batch=field-waveform-1789112787537-20 D2 MODE_SWITCH_OK state=MODE_SWITCH_OK attempts=1 streak=0
[2026-09-11T07:49:18.346Z] batch=field-waveform-1789112787537-20 D6 MODE_SWITCH_START state=MODE_SWITCHING attempts=1 streak=0 attempt=1
[2026-09-11T07:49:18.348Z] batch=field-waveform-1789112787537-20 D6 MODE_SWITCH_OK state=MODE_SWITCH_OK attempts=1 streak=0
[2026-09-11T07:49:25.581Z] batch=field-waveform-1789112787537-20 D1 MODE_SWITCH_START state=MODE_SWITCHING attempts=1 streak=0 attempt=1
[2026-09-11T07:49:25.592Z] batch=field-waveform-1789112787537-20 D1 MODE_SWITCH_OK state=MODE_SWITCH_OK attempts=1 streak=0
[2026-09-11T07:49:28.434Z] batch=field-waveform-1789112787537-20 D3 MODE_SWITCH_START state=MODE_SWITCHING attempts=1 streak=0 attempt=1
[2026-09-11T07:49:28.445Z] batch=field-waveform-1789112787537-20 D3 MODE_SWITCH_OK state=MODE_SWITCH_OK attempts=1 streak=0
[2026-09-11T07:49:28.452Z] batch=field-waveform-1789112787537-20 D4 MODE_SWITCH_START state=MODE_SWITCHING attempts=1 streak=0 attempt=1
[2026-09-11T07:49:28.463Z] batch=field-waveform-1789112787537-20 D4 MODE_SWITCH_OK state=MODE_SWITCH_OK attempts=1 streak=0
[2026-09-11T07:49:28.479Z] batch=field-waveform-1789112787537-20 D5 MODE_SWITCH_START state=MODE_SWITCHING attempts=1 streak=0 attempt=1
[2026-09-11T07:49:28.486Z] batch=field-waveform-1789112787537-20 D5 MODE_SWITCH_OK state=MODE_SWITCH_OK attempts=1 streak=0
[2026-09-11T07:49:28.494Z] batch=field-waveform-1789112787537-20 D2 MODE_SWITCH_START state=MODE_SWITCHING attempts=1 streak=0 attempt=1
[2026-09-11T07:49:28.501Z] batch=field-waveform-1789112787537-20 D2 MODE_SWITCH_OK state=MODE_SWITCH_OK attempts=1 streak=0
[2026-09-11T07:49:28.510Z] batch=field-waveform-1789112787537-20 D6 MODE_SWITCH_START state=MODE_SWITCHING attempts=1 streak=0 attempt=1
[2026-09-11T07:49:28.515Z] batch=field-waveform-1789112787537-20 D6 MODE_SWITCH_OK state=MODE_SWITCH_OK attempts=1 streak=0
[2026-09-11T07:49:35.870Z] batch=field-waveform-1789112787537-20 D1 MODE_SWITCH_START state=MODE_SWITCHING attempts=1 streak=0 attempt=1
[2026-09-11T07:49:35.884Z] batch=field-waveform-1789112787537-20 D1 MODE_SWITCH_OK state=MODE_SWITCH_OK attempts=1 streak=0
[2026-09-11T07:49:38.524Z] batch=field-waveform-1789112787537-20 D3 MODE_SWITCH_START state=MODE_SWITCHING attempts=1 streak=0 attempt=1
[2026-09-11T07:49:38.527Z] batch=field-waveform-1789112787537-20 D3 MODE_SWITCH_OK state=MODE_SWITCH_OK attempts=1 streak=0
[2026-09-11T07:49:38.542Z] batch=field-waveform-1789112787537-20 D4 MODE_SWITCH_START state=MODE_SWITCHING attempts=1 streak=0 attempt=1
[2026-09-11T07:49:38.546Z] batch=field-waveform-1789112787537-20 D4 MODE_SWITCH_OK state=MODE_SWITCH_OK attempts=1 streak=0
[2026-09-11T07:49:38.561Z] batch=field-waveform-1789112787537-20 D5 MODE_SWITCH_START state=MODE_SWITCHING attempts=1 streak=0 attempt=1
[2026-09-11T07:49:38.562Z] batch=field-waveform-1789112787537-20 D5 MODE_SWITCH_OK state=MODE_SWITCH_OK attempts=1 streak=0
[2026-09-11T07:49:38.572Z] batch=field-waveform-1789112787537-20 D2 MODE_SWITCH_START state=MODE_SWITCHING attempts=1 streak=0 attempt=1
[2026-09-11T07:49:38.574Z] batch=field-waveform-1789112787537-20 D2 MODE_SWITCH_OK state=MODE_SWITCH_OK attempts=1 streak=0
[2026-09-11T07:49:38.941Z] batch=field-waveform-1789112787537-20 D6 MODE_SWITCH_START state=MODE_SWITCHING attempts=1 streak=0 attempt=1
[2026-09-11T07:49:38.953Z] batch=field-waveform-1789112787537-20 D6 MODE_SWITCH_OK state=MODE_SWITCH_OK attempts=1 streak=0
[2026-09-11T07:49:46.154Z] batch=field-waveform-1789112787537-20 D1 MODE_SWITCH_START state=MODE_SWITCHING attempts=1 streak=0 attempt=1
[2026-09-11T07:49:46.164Z] batch=field-waveform-1789112787537-20 D1 MODE_SWITCH_OK state=MODE_SWITCH_OK attempts=1 streak=0
[2026-09-11T07:49:48.743Z] batch=field-waveform-1789112787537-20 D3 MODE_SWITCH_START state=MODE_SWITCHING attempts=1 streak=0 attempt=1
[2026-09-11T07:49:48.753Z] batch=field-waveform-1789112787537-20 D3 MODE_SWITCH_OK state=MODE_SWITCH_OK attempts=1 streak=0
[2026-09-11T07:49:48.770Z] batch=field-waveform-1789112787537-20 D4 MODE_SWITCH_START state=MODE_SWITCHING attempts=1 streak=0 attempt=1
[2026-09-11T07:49:48.782Z] batch=field-waveform-1789112787537-20 D4 MODE_SWITCH_OK state=MODE_SWITCH_OK attempts=1 streak=0
[2026-09-11T07:49:48.798Z] batch=field-waveform-1789112787537-20 D5 MODE_SWITCH_START state=MODE_SWITCHING attempts=1 streak=0 attempt=1
[2026-09-11T07:49:48.800Z] batch=field-waveform-1789112787537-20 D5 MODE_SWITCH_OK state=MODE_SWITCH_OK attempts=1 streak=0
[2026-09-11T07:49:48.808Z] batch=field-waveform-1789112787537-20 D2 MODE_SWITCH_START state=MODE_SWITCHING attempts=1 streak=0 attempt=1
[2026-09-11T07:49:48.810Z] batch=field-waveform-1789112787537-20 D2 MODE_SWITCH_OK state=MODE_SWITCH_OK attempts=1 streak=0
[2026-09-11T07:49:49.403Z] batch=field-waveform-1789112787537-20 D6 MODE_SWITCH_START state=MODE_SWITCHING attempts=1 streak=0 attempt=1
[2026-09-11T07:49:49.405Z] batch=field-waveform-1789112787537-20 D6 MODE_SWITCH_OK state=MODE_SWITCH_OK attempts=1 streak=0
[2026-09-11T07:49:56.332Z] batch=field-waveform-1789112787537-20 D1 MODE_SWITCH_START state=MODE_SWITCHING attempts=1 streak=0 attempt=1
[2026-09-11T07:49:56.334Z] batch=field-waveform-1789112787537-20 D1 MODE_SWITCH_OK state=MODE_SWITCH_OK attempts=1 streak=0
[2026-09-11T07:49:58.797Z] batch=field-waveform-1789112787537-20 D3 MODE_SWITCH_START state=MODE_SWITCHING attempts=1 streak=0 attempt=1
[2026-09-11T07:49:58.809Z] batch=field-waveform-1789112787537-20 D3 MODE_SWITCH_OK state=MODE_SWITCH_OK attempts=1 streak=0
[2026-09-11T07:49:58.817Z] batch=field-waveform-1789112787537-20 D4 MODE_SWITCH_START state=MODE_SWITCHING attempts=1 streak=0 attempt=1
[2026-09-11T07:49:58.825Z] batch=field-waveform-1789112787537-20 D4 MODE_SWITCH_OK state=MODE_SWITCH_OK attempts=1 streak=0
[2026-09-11T07:49:58.833Z] batch=field-waveform-1789112787537-20 D5 MODE_SWITCH_START state=MODE_SWITCHING attempts=1 streak=0 attempt=1
[2026-09-11T07:49:58.838Z] batch=field-waveform-1789112787537-20 D5 MODE_SWITCH_OK state=MODE_SWITCH_OK attempts=1 streak=0
[2026-09-11T07:49:58.846Z] batch=field-waveform-1789112787537-20 D2 MODE_SWITCH_START state=MODE_SWITCHING attempts=1 streak=0 attempt=1
[2026-09-11T07:49:58.852Z] batch=field-waveform-1789112787537-20 D2 MODE_SWITCH_OK state=MODE_SWITCH_OK attempts=1 streak=0
[2026-09-11T07:49:59.800Z] batch=field-waveform-1789112787537-20 D6 MODE_SWITCH_START state=MODE_SWITCHING attempts=1 streak=0 attempt=1
[2026-09-11T07:49:59.811Z] batch=field-waveform-1789112787537-20 D6 MODE_SWITCH_OK state=MODE_SWITCH_OK attempts=1 streak=0
[2026-09-11T07:50:06.420Z] batch=field-waveform-1789112787537-20 D1 MODE_SWITCH_START state=MODE_SWITCHING attempts=1 streak=0 attempt=1
[2026-09-11T07:50:06.428Z] batch=field-waveform-1789112787537-20 D1 MODE_SWITCH_OK state=MODE_SWITCH_OK attempts=1 streak=0
[2026-09-11T07:50:09.063Z] batch=field-waveform-1789112787537-20 D3 MODE_SWITCH_START state=MODE_SWITCHING attempts=1 streak=0 attempt=1
[2026-09-11T07:50:09.075Z] batch=field-waveform-1789112787537-20 D3 MODE_SWITCH_OK state=MODE_SWITCH_OK attempts=1 streak=0
[2026-09-11T07:50:09.083Z] batch=field-waveform-1789112787537-20 D4 MODE_SWITCH_START state=MODE_SWITCHING attempts=1 streak=0 attempt=1
[2026-09-11T07:50:09.085Z] batch=field-waveform-1789112787537-20 D4 MODE_SWITCH_OK state=MODE_SWITCH_OK attempts=1 streak=0
[2026-09-11T07:50:09.095Z] batch=field-waveform-1789112787537-20 D5 MODE_SWITCH_START state=MODE_SWITCHING attempts=1 streak=0 attempt=1
[2026-09-11T07:50:09.096Z] batch=field-waveform-1789112787537-20 D5 MODE_SWITCH_OK state=MODE_SWITCH_OK attempts=1 streak=0
[2026-09-11T07:50:09.105Z] batch=field-waveform-1789112787537-20 D2 MODE_SWITCH_START state=MODE_SWITCHING attempts=1 streak=0 attempt=1
[2026-09-11T07:50:09.106Z] batch=field-waveform-1789112787537-20 D2 MODE_SWITCH_OK state=MODE_SWITCH_OK attempts=1 streak=0
[2026-09-11T07:50:09.996Z] batch=field-waveform-1789112787537-20 D6 MODE_SWITCH_START state=MODE_SWITCHING attempts=1 streak=0 attempt=1
[2026-09-11T07:50:10.006Z] batch=field-waveform-1789112787537-20 D6 MODE_SWITCH_OK state=MODE_SWITCH_OK attempts=1 streak=0
[2026-09-11T07:50:16.548Z] batch=field-waveform-1789112787537-20 D1 MODE_SWITCH_START state=MODE_SWITCHING attempts=1 streak=0 attempt=1
[2026-09-11T07:50:16.561Z] batch=field-waveform-1789112787537-20 D1 MODE_SWITCH_OK state=MODE_SWITCH_OK attempts=1 streak=0
[2026-09-11T07:50:19.117Z] batch=field-waveform-1789112787537-20 D3 MODE_SWITCH_START state=MODE_SWITCHING attempts=1 streak=0 attempt=1
[2026-09-11T07:50:19.128Z] batch=field-waveform-1789112787537-20 D3 MODE_SWITCH_OK state=MODE_SWITCH_OK attempts=1 streak=0
[2026-09-11T07:50:19.135Z] batch=field-waveform-1789112787537-20 D4 MODE_SWITCH_START state=MODE_SWITCHING attempts=1 streak=0 attempt=1
[2026-09-11T07:50:19.147Z] batch=field-waveform-1789112787537-20 D4 MODE_SWITCH_OK state=MODE_SWITCH_OK attempts=1 streak=0
[2026-09-11T07:50:19.155Z] batch=field-waveform-1789112787537-20 D5 MODE_SWITCH_START state=MODE_SWITCHING attempts=1 streak=0 attempt=1
[2026-09-11T07:50:19.157Z] batch=field-waveform-1789112787537-20 D5 MODE_SWITCH_OK state=MODE_SWITCH_OK attempts=1 streak=0
[2026-09-11T07:50:19.165Z] batch=field-waveform-1789112787537-20 D2 MODE_SWITCH_START state=MODE_SWITCHING attempts=1 streak=0 attempt=1
[2026-09-11T07:50:19.166Z] batch=field-waveform-1789112787537-20 D2 MODE_SWITCH_OK state=MODE_SWITCH_OK attempts=1 streak=0
[2026-09-11T07:50:20.179Z] batch=field-waveform-1789112787537-20 D6 MODE_SWITCH_START state=MODE_SWITCHING attempts=1 streak=0 attempt=1
[2026-09-11T07:50:20.188Z] batch=field-waveform-1789112787537-20 D6 MODE_SWITCH_OK state=MODE_SWITCH_OK attempts=1 streak=0
[2026-09-11T07:50:26.943Z] batch=field-waveform-1789112787537-20 D1 MODE_SWITCH_START state=MODE_SWITCHING attempts=1 streak=0 attempt=1
[2026-09-11T07:50:26.953Z] batch=field-waveform-1789112787537-20 D1 MODE_SWITCH_OK state=MODE_SWITCH_OK attempts=1 streak=0
[2026-09-11T07:50:29.166Z] batch=field-waveform-1789112787537-20 D3 MODE_SWITCH_START state=MODE_SWITCHING attempts=1 streak=0 attempt=1
[2026-09-11T07:50:29.177Z] batch=field-waveform-1789112787537-20 D3 MODE_SWITCH_OK state=MODE_SWITCH_OK attempts=1 streak=0
[2026-09-11T07:50:29.187Z] batch=field-waveform-1789112787537-20 D4 MODE_SWITCH_START state=MODE_SWITCHING attempts=1 streak=0 attempt=1
[2026-09-11T07:50:29.189Z] batch=field-waveform-1789112787537-20 D4 MODE_SWITCH_OK state=MODE_SWITCH_OK attempts=1 streak=0
[2026-09-11T07:50:29.196Z] batch=field-waveform-1789112787537-20 D5 MODE_SWITCH_START state=MODE_SWITCHING attempts=1 streak=0 attempt=1
[2026-09-11T07:50:29.198Z] batch=field-waveform-1789112787537-20 D5 MODE_SWITCH_OK state=MODE_SWITCH_OK attempts=1 streak=0
[2026-09-11T07:50:29.206Z] batch=field-waveform-1789112787537-20 D2 MODE_SWITCH_START state=MODE_SWITCHING attempts=1 streak=0 attempt=1
[2026-09-11T07:50:29.208Z] batch=field-waveform-1789112787537-20 D2 MODE_SWITCH_OK state=MODE_SWITCH_OK attempts=1 streak=0
[2026-09-11T07:50:30.404Z] batch=field-waveform-1789112787537-20 D6 MODE_SWITCH_START state=MODE_SWITCHING attempts=1 streak=0 attempt=1
[2026-09-11T07:50:30.416Z] batch=field-waveform-1789112787537-20 D6 MODE_SWITCH_OK state=MODE_SWITCH_OK attempts=1 streak=0
[2026-09-11T07:50:37.123Z] batch=field-waveform-1789112787537-20 D1 MODE_SWITCH_START state=MODE_SWITCHING attempts=1 streak=0 attempt=1
[2026-09-11T07:50:37.135Z] batch=field-waveform-1789112787537-20 D1 MODE_SWITCH_OK state=MODE_SWITCH_OK attempts=1 streak=0
[2026-09-11T07:50:39.439Z] batch=field-waveform-1789112787537-20 D3 MODE_SWITCH_START state=MODE_SWITCHING attempts=1 streak=0 attempt=1
[2026-09-11T07:50:39.451Z] batch=field-waveform-1789112787537-20 D3 MODE_SWITCH_OK state=MODE_SWITCH_OK attempts=1 streak=0
[2026-09-11T07:50:39.460Z] batch=field-waveform-1789112787537-20 D4 MODE_SWITCH_START state=MODE_SWITCHING attempts=1 streak=0 attempt=1
[2026-09-11T07:50:39.465Z] batch=field-waveform-1789112787537-20 D4 MODE_SWITCH_OK state=MODE_SWITCH_OK attempts=1 streak=0
[2026-09-11T07:50:39.479Z] batch=field-waveform-1789112787537-20 D5 MODE_SWITCH_START state=MODE_SWITCHING attempts=1 streak=0 attempt=1
[2026-09-11T07:50:39.483Z] batch=field-waveform-1789112787537-20 D5 MODE_SWITCH_OK state=MODE_SWITCH_OK attempts=1 streak=0
[2026-09-11T07:50:39.498Z] batch=field-waveform-1789112787537-20 D2 MODE_SWITCH_START state=MODE_SWITCHING attempts=1 streak=0 attempt=1
[2026-09-11T07:50:39.503Z] batch=field-waveform-1789112787537-20 D2 MODE_SWITCH_OK state=MODE_SWITCH_OK attempts=1 streak=0
[2026-09-11T07:50:40.613Z] batch=field-waveform-1789112787537-20 D6 MODE_SWITCH_START state=MODE_SWITCHING attempts=1 streak=0 attempt=1
[2026-09-11T07:50:40.623Z] batch=field-waveform-1789112787537-20 D6 MODE_SWITCH_OK state=MODE_SWITCH_OK attempts=1 streak=0
[2026-09-11T07:50:47.267Z] batch=field-waveform-1789112787537-20 D1 MODE_SWITCH_START state=MODE_SWITCHING attempts=1 streak=0 attempt=1
[2026-09-11T07:50:47.277Z] batch=field-waveform-1789112787537-20 D1 MODE_SWITCH_OK state=MODE_SWITCH_OK attempts=1 streak=0
[2026-09-11T07:50:49.650Z] batch=field-waveform-1789112787537-20 D3 MODE_SWITCH_START state=MODE_SWITCHING attempts=1 streak=0 attempt=1
[2026-09-11T07:50:49.662Z] batch=field-waveform-1789112787537-20 D3 MODE_SWITCH_OK state=MODE_SWITCH_OK attempts=1 streak=0
[2026-09-11T07:50:49.671Z] batch=field-waveform-1789112787537-20 D4 MODE_SWITCH_START state=MODE_SWITCHING attempts=1 streak=0 attempt=1
[2026-09-11T07:50:49.680Z] batch=field-waveform-1789112787537-20 D4 MODE_SWITCH_OK state=MODE_SWITCH_OK attempts=1 streak=0
[2026-09-11T07:50:49.693Z] batch=field-waveform-1789112787537-20 D5 MODE_SWITCH_START state=MODE_SWITCHING attempts=1 streak=0 attempt=1
[2026-09-11T07:50:49.703Z] batch=field-waveform-1789112787537-20 D5 MODE_SWITCH_OK state=MODE_SWITCH_OK attempts=1 streak=0
[2026-09-11T07:50:49.711Z] batch=field-waveform-1789112787537-20 D2 MODE_SWITCH_START state=MODE_SWITCHING attempts=1 streak=0 attempt=1
[2026-09-11T07:50:49.714Z] batch=field-waveform-1789112787537-20 D2 MODE_SWITCH_OK state=MODE_SWITCH_OK attempts=1 streak=0
[2026-09-11T07:50:50.847Z] batch=field-waveform-1789112787537-20 D6 MODE_SWITCH_START state=MODE_SWITCHING attempts=1 streak=0 attempt=1
[2026-09-11T07:50:50.859Z] batch=field-waveform-1789112787537-20 D6 MODE_SWITCH_OK state=MODE_SWITCH_OK attempts=1 streak=0
[2026-09-11T07:50:57.491Z] batch=field-waveform-1789112787537-20 D1 MODE_SWITCH_START state=MODE_SWITCHING attempts=1 streak=0 attempt=1
[2026-09-11T07:50:57.494Z] batch=field-waveform-1789112787537-20 D1 MODE_SWITCH_OK state=MODE_SWITCH_OK attempts=1 streak=0
[2026-09-11T07:50:59.879Z] batch=field-waveform-1789112787537-20 D3 MODE_SWITCH_START state=MODE_SWITCHING attempts=1 streak=0 attempt=1
[2026-09-11T07:50:59.882Z] batch=field-waveform-1789112787537-20 D3 MODE_SWITCH_OK state=MODE_SWITCH_OK attempts=1 streak=0
[2026-09-11T07:50:59.895Z] batch=field-waveform-1789112787537-20 D4 MODE_SWITCH_START state=MODE_SWITCHING attempts=1 streak=0 attempt=1
[2026-09-11T07:50:59.915Z] batch=field-waveform-1789112787537-20 D4 MODE_SWITCH_OK state=MODE_SWITCH_OK attempts=1 streak=0
[2026-09-11T07:50:59.923Z] batch=field-waveform-1789112787537-20 D5 MODE_SWITCH_START state=MODE_SWITCHING attempts=1 streak=0 attempt=1
[2026-09-11T07:50:59.925Z] batch=field-waveform-1789112787537-20 D5 MODE_SWITCH_OK state=MODE_SWITCH_OK attempts=1 streak=0
[2026-09-11T07:50:59.933Z] batch=field-waveform-1789112787537-20 D2 MODE_SWITCH_START state=MODE_SWITCHING attempts=1 streak=0 attempt=1
[2026-09-11T07:50:59.935Z] batch=field-waveform-1789112787537-20 D2 MODE_SWITCH_OK state=MODE_SWITCH_OK attempts=1 streak=0
[2026-09-11T07:51:01.082Z] batch=field-waveform-1789112787537-20 D6 MODE_SWITCH_START state=MODE_SWITCHING attempts=1 streak=0 attempt=1
[2026-09-11T07:51:01.093Z] batch=field-waveform-1789112787537-20 D6 MODE_SWITCH_OK state=MODE_SWITCH_OK attempts=1 streak=0
[2026-09-11T07:51:07.620Z] batch=field-waveform-1789112787537-20 D1 MODE_SWITCH_START state=MODE_SWITCHING attempts=1 streak=0 attempt=1
[2026-09-11T07:51:07.630Z] batch=field-waveform-1789112787537-20 D1 MODE_SWITCH_OK state=MODE_SWITCH_OK attempts=1 streak=0
[2026-09-11T07:51:09.954Z] batch=field-waveform-1789112787537-20 D3 MODE_SWITCH_START state=MODE_SWITCHING attempts=1 streak=0 attempt=1
[2026-09-11T07:51:09.966Z] batch=field-waveform-1789112787537-20 D3 MODE_SWITCH_OK state=MODE_SWITCH_OK attempts=1 streak=0
[2026-09-11T07:51:09.976Z] batch=field-waveform-1789112787537-20 D4 MODE_SWITCH_START state=MODE_SWITCHING attempts=1 streak=0 attempt=1
[2026-09-11T07:51:09.978Z] batch=field-waveform-1789112787537-20 D4 MODE_SWITCH_OK state=MODE_SWITCH_OK attempts=1 streak=0
[2026-09-11T07:51:09.986Z] batch=field-waveform-1789112787537-20 D5 MODE_SWITCH_START state=MODE_SWITCHING attempts=1 streak=0 attempt=1
[2026-09-11T07:51:09.996Z] batch=field-waveform-1789112787537-20 D5 MODE_SWITCH_OK state=MODE_SWITCH_OK attempts=1 streak=0
[2026-09-11T07:51:10.005Z] batch=field-waveform-1789112787537-20 D2 MODE_SWITCH_START state=MODE_SWITCHING attempts=1 streak=0 attempt=1
[2026-09-11T07:51:10.008Z] batch=field-waveform-1789112787537-20 D2 MODE_SWITCH_OK state=MODE_SWITCH_OK attempts=1 streak=0
[2026-09-11T07:51:11.105Z] batch=field-waveform-1789112787537-20 D6 MODE_SWITCH_START state=MODE_SWITCHING attempts=1 streak=0 attempt=1
[2026-09-11T07:51:11.108Z] batch=field-waveform-1789112787537-20 D6 MODE_SWITCH_OK state=MODE_SWITCH_OK attempts=1 streak=0
[2026-09-11T07:51:17.842Z] batch=field-waveform-1789112787537-20 D1 MODE_SWITCH_START state=MODE_SWITCHING attempts=1 streak=0 attempt=1
[2026-09-11T07:51:17.854Z] batch=field-waveform-1789112787537-20 D1 MODE_SWITCH_OK state=MODE_SWITCH_OK attempts=1 streak=0
[2026-09-11T07:51:20.010Z] batch=field-waveform-1789112787537-20 D3 MODE_SWITCH_START state=MODE_SWITCHING attempts=1 streak=0 attempt=1
[2026-09-11T07:51:20.014Z] batch=field-waveform-1789112787537-20 D3 MODE_SWITCH_OK state=MODE_SWITCH_OK attempts=1 streak=0
[2026-09-11T07:51:20.023Z] batch=field-waveform-1789112787537-20 D4 MODE_SWITCH_START state=MODE_SWITCHING attempts=1 streak=0 attempt=1
[2026-09-11T07:51:20.032Z] batch=field-waveform-1789112787537-20 D4 MODE_SWITCH_OK state=MODE_SWITCH_OK attempts=1 streak=0
[2026-09-11T07:51:20.361Z] batch=field-waveform-1789112787537-20 D5 MODE_SWITCH_START state=MODE_SWITCHING attempts=1 streak=0 attempt=1
[2026-09-11T07:51:20.372Z] batch=field-waveform-1789112787537-20 D5 MODE_SWITCH_OK state=MODE_SWITCH_OK attempts=1 streak=0
[2026-09-11T07:51:20.380Z] batch=field-waveform-1789112787537-20 D2 MODE_SWITCH_START state=MODE_SWITCHING attempts=1 streak=0 attempt=1
[2026-09-11T07:51:20.385Z] batch=field-waveform-1789112787537-20 D2 MODE_SWITCH_OK state=MODE_SWITCH_OK attempts=1 streak=0
[2026-09-11T07:51:21.192Z] batch=field-waveform-1789112787537-20 D6 MODE_SWITCH_START state=MODE_SWITCHING attempts=1 streak=0 attempt=1
[2026-09-11T07:51:21.195Z] batch=field-waveform-1789112787537-20 D6 MODE_SWITCH_OK state=MODE_SWITCH_OK attempts=1 streak=0
[2026-09-11T07:51:27.947Z] batch=field-waveform-1789112787537-20 D1 MODE_SWITCH_START state=MODE_SWITCHING attempts=1 streak=0 attempt=1
[2026-09-11T07:51:27.955Z] batch=field-waveform-1789112787537-20 D1 MODE_SWITCH_OK state=MODE_SWITCH_OK attempts=1 streak=0
[2026-09-11T07:51:30.046Z] batch=field-waveform-1789112787537-20 D3 MODE_SWITCH_START state=MODE_SWITCHING attempts=1 streak=0 attempt=1
[2026-09-11T07:51:30.058Z] batch=field-waveform-1789112787537-20 D3 MODE_SWITCH_OK state=MODE_SWITCH_OK attempts=1 streak=0
[2026-09-11T07:51:30.065Z] batch=field-waveform-1789112787537-20 D4 MODE_SWITCH_START state=MODE_SWITCHING attempts=1 streak=0 attempt=1
[2026-09-11T07:51:30.091Z] batch=field-waveform-1789112787537-20 D4 MODE_SWITCH_OK state=MODE_SWITCH_OK attempts=1 streak=0
[2026-09-11T07:51:30.530Z] batch=field-waveform-1789112787537-20 D5 MODE_SWITCH_START state=MODE_SWITCHING attempts=1 streak=0 attempt=1
[2026-09-11T07:51:30.540Z] batch=field-waveform-1789112787537-20 D5 MODE_SWITCH_OK state=MODE_SWITCH_OK attempts=1 streak=0
[2026-09-11T07:51:30.548Z] batch=field-waveform-1789112787537-20 D2 MODE_SWITCH_START state=MODE_SWITCHING attempts=1 streak=0 attempt=1
[2026-09-11T07:51:30.552Z] batch=field-waveform-1789112787537-20 D2 MODE_SWITCH_OK state=MODE_SWITCH_OK attempts=1 streak=0
[2026-09-11T07:51:31.353Z] batch=field-waveform-1789112787537-20 D6 MODE_SWITCH_START state=MODE_SWITCHING attempts=1 streak=0 attempt=1
[2026-09-11T07:51:31.363Z] batch=field-waveform-1789112787537-20 D6 MODE_SWITCH_OK state=MODE_SWITCH_OK attempts=1 streak=0
[2026-09-11T07:51:38.075Z] batch=field-waveform-1789112787537-20 D1 MODE_SWITCH_START state=MODE_SWITCHING attempts=1 streak=0 attempt=1
[2026-09-11T07:51:38.086Z] batch=field-waveform-1789112787537-20 D1 MODE_SWITCH_OK state=MODE_SWITCH_OK attempts=1 streak=0
[2026-09-11T07:51:40.147Z] batch=field-waveform-1789112787537-20 D3 MODE_SWITCH_START state=MODE_SWITCHING attempts=1 streak=0 attempt=1
[2026-09-11T07:51:40.158Z] batch=field-waveform-1789112787537-20 D3 MODE_SWITCH_OK state=MODE_SWITCH_OK attempts=1 streak=0
[2026-09-11T07:51:40.175Z] batch=field-waveform-1789112787537-20 D4 MODE_SWITCH_START state=MODE_SWITCHING attempts=1 streak=0 attempt=1
[2026-09-11T07:51:40.180Z] batch=field-waveform-1789112787537-20 D4 MODE_SWITCH_OK state=MODE_SWITCH_OK attempts=1 streak=0
[2026-09-11T07:51:40.724Z] batch=field-waveform-1789112787537-20 D5 MODE_SWITCH_START state=MODE_SWITCHING attempts=1 streak=0 attempt=1
[2026-09-11T07:51:40.733Z] batch=field-waveform-1789112787537-20 D5 MODE_SWITCH_OK state=MODE_SWITCH_OK attempts=1 streak=0
[2026-09-11T07:51:40.741Z] batch=field-waveform-1789112787537-20 D2 MODE_SWITCH_START state=MODE_SWITCHING attempts=1 streak=0 attempt=1
[2026-09-11T07:51:40.745Z] batch=field-waveform-1789112787537-20 D2 MODE_SWITCH_OK state=MODE_SWITCH_OK attempts=1 streak=0
[2026-09-11T07:51:41.431Z] batch=field-waveform-1789112787537-20 D6 MODE_SWITCH_START state=MODE_SWITCHING attempts=1 streak=0 attempt=1
[2026-09-11T07:51:41.444Z] batch=field-waveform-1789112787537-20 D6 MODE_SWITCH_OK state=MODE_SWITCH_OK attempts=1 streak=0
[2026-09-11T07:51:48.198Z] batch=field-waveform-1789112787537-20 D1 MODE_SWITCH_START state=MODE_SWITCHING attempts=1 streak=0 attempt=1
[2026-09-11T07:51:48.208Z] batch=field-waveform-1789112787537-20 D1 MODE_SWITCH_OK state=MODE_SWITCH_OK attempts=1 streak=0
[2026-09-11T07:51:50.276Z] batch=field-waveform-1789112787537-20 D3 MODE_SWITCH_START state=MODE_SWITCHING attempts=1 streak=0 attempt=1
[2026-09-11T07:51:50.286Z] batch=field-waveform-1789112787537-20 D3 MODE_SWITCH_OK state=MODE_SWITCH_OK attempts=1 streak=0
[2026-09-11T07:51:50.297Z] batch=field-waveform-1789112787537-20 D4 MODE_SWITCH_START state=MODE_SWITCHING attempts=1 streak=0 attempt=1
[2026-09-11T07:51:50.308Z] batch=field-waveform-1789112787537-20 D4 MODE_SWITCH_OK state=MODE_SWITCH_OK attempts=1 streak=0
[2026-09-11T07:51:50.870Z] batch=field-waveform-1789112787537-20 D5 MODE_SWITCH_START state=MODE_SWITCHING attempts=1 streak=0 attempt=1
[2026-09-11T07:51:50.880Z] batch=field-waveform-1789112787537-20 D5 MODE_SWITCH_OK state=MODE_SWITCH_OK attempts=1 streak=0
[2026-09-11T07:51:50.888Z] batch=field-waveform-1789112787537-20 D2 MODE_SWITCH_START state=MODE_SWITCHING attempts=1 streak=0 attempt=1
[2026-09-11T07:51:50.890Z] batch=field-waveform-1789112787537-20 D2 MODE_SWITCH_OK state=MODE_SWITCH_OK attempts=1 streak=0
[2026-09-11T07:51:51.717Z] batch=field-waveform-1789112787537-20 D6 MODE_SWITCH_START state=MODE_SWITCHING attempts=1 streak=0 attempt=1
[2026-09-11T07:51:51.729Z] batch=field-waveform-1789112787537-20 D6 MODE_SWITCH_OK state=MODE_SWITCH_OK attempts=1 streak=0
[2026-09-11T07:51:58.380Z] batch=field-waveform-1789112787537-20 D1 MODE_SWITCH_START state=MODE_SWITCHING attempts=1 streak=0 attempt=1
[2026-09-11T07:51:58.392Z] batch=field-waveform-1789112787537-20 D1 MODE_SWITCH_OK state=MODE_SWITCH_OK attempts=1 streak=0
[2026-09-11T07:52:00.505Z] batch=field-waveform-1789112787537-20 D3 MODE_SWITCH_START state=MODE_SWITCHING attempts=1 streak=0 attempt=1
[2026-09-11T07:52:00.519Z] batch=field-waveform-1789112787537-20 D3 MODE_SWITCH_OK state=MODE_SWITCH_OK attempts=1 streak=0
[2026-09-11T07:52:00.526Z] batch=field-waveform-1789112787537-20 D4 MODE_SWITCH_START state=MODE_SWITCHING attempts=1 streak=0 attempt=1
[2026-09-11T07:52:00.538Z] batch=field-waveform-1789112787537-20 D4 MODE_SWITCH_OK state=MODE_SWITCH_OK attempts=1 streak=0
[2026-09-11T07:52:01.155Z] batch=field-waveform-1789112787537-20 D5 MODE_SWITCH_START state=MODE_SWITCHING attempts=1 streak=0 attempt=1
[2026-09-11T07:52:01.157Z] batch=field-waveform-1789112787537-20 D5 MODE_SWITCH_OK state=MODE_SWITCH_OK attempts=1 streak=0
[2026-09-11T07:52:01.164Z] batch=field-waveform-1789112787537-20 D2 MODE_SWITCH_START state=MODE_SWITCHING attempts=1 streak=0 attempt=1
[2026-09-11T07:52:01.174Z] batch=field-waveform-1789112787537-20 D2 MODE_SWITCH_OK state=MODE_SWITCH_OK attempts=1 streak=0
[2026-09-11T07:52:01.872Z] batch=field-waveform-1789112787537-20 D6 MODE_SWITCH_START state=MODE_SWITCHING attempts=1 streak=0 attempt=1
[2026-09-11T07:52:01.880Z] batch=field-waveform-1789112787537-20 D6 MODE_SWITCH_OK state=MODE_SWITCH_OK attempts=1 streak=0
[2026-09-11T07:52:08.477Z] batch=field-waveform-1789112787537-20 D1 MODE_SWITCH_START state=MODE_SWITCHING attempts=1 streak=0 attempt=1
[2026-09-11T07:52:08.487Z] batch=field-waveform-1789112787537-20 D1 MODE_SWITCH_OK state=MODE_SWITCH_OK attempts=1 streak=0
[2026-09-11T07:52:10.548Z] batch=field-waveform-1789112787537-20 D3 MODE_SWITCH_START state=MODE_SWITCHING attempts=1 streak=0 attempt=1
[2026-09-11T07:52:10.549Z] batch=field-waveform-1789112787537-20 D3 MODE_SWITCH_OK state=MODE_SWITCH_OK attempts=1 streak=0
[2026-09-11T07:52:10.943Z] batch=field-waveform-1789112787537-20 D4 MODE_SWITCH_START state=MODE_SWITCHING attempts=1 streak=0 attempt=1
[2026-09-11T07:52:10.948Z] batch=field-waveform-1789112787537-20 D4 MODE_SWITCH_OK state=MODE_SWITCH_OK attempts=1 streak=0
[2026-09-11T07:52:11.222Z] batch=field-waveform-1789112787537-20 D5 MODE_SWITCH_START state=MODE_SWITCHING attempts=1 streak=0 attempt=1
[2026-09-11T07:52:11.233Z] batch=field-waveform-1789112787537-20 D5 MODE_SWITCH_OK state=MODE_SWITCH_OK attempts=1 streak=0
[2026-09-11T07:52:11.241Z] batch=field-waveform-1789112787537-20 D2 MODE_SWITCH_START state=MODE_SWITCHING attempts=1 streak=0 attempt=1
[2026-09-11T07:52:11.252Z] batch=field-waveform-1789112787537-20 D2 MODE_SWITCH_OK state=MODE_SWITCH_OK attempts=1 streak=0
[2026-09-11T07:52:12.214Z] batch=field-waveform-1789112787537-20 D6 MODE_SWITCH_START state=MODE_SWITCHING attempts=1 streak=0 attempt=1
[2026-09-11T07:52:12.223Z] batch=field-waveform-1789112787537-20 D6 MODE_SWITCH_OK state=MODE_SWITCH_OK attempts=1 streak=0
[2026-09-11T07:52:18.716Z] batch=field-waveform-1789112787537-20 D1 MODE_SWITCH_START state=MODE_SWITCHING attempts=1 streak=0 attempt=1
[2026-09-11T07:52:18.726Z] batch=field-waveform-1789112787537-20 D1 MODE_SWITCH_OK state=MODE_SWITCH_OK attempts=1 streak=0
[2026-09-11T07:52:20.558Z] batch=field-waveform-1789112787537-20 D3 MODE_SWITCH_START state=MODE_SWITCHING attempts=1 streak=0 attempt=1
[2026-09-11T07:52:20.569Z] batch=field-waveform-1789112787537-20 D3 MODE_SWITCH_OK state=MODE_SWITCH_OK attempts=1 streak=0
[2026-09-11T07:52:20.992Z] batch=field-waveform-1789112787537-20 D4 MODE_SWITCH_START state=MODE_SWITCHING attempts=1 streak=0 attempt=1
[2026-09-11T07:52:21.003Z] batch=field-waveform-1789112787537-20 D4 MODE_SWITCH_OK state=MODE_SWITCH_OK attempts=1 streak=0
[2026-09-11T07:52:21.015Z] batch=field-waveform-1789113141014-21 D1 MODE_SWITCH_START state=MODE_SWITCHING attempts=1 streak=0 attempt=1
[2026-09-11T07:52:21.026Z] batch=field-waveform-1789113141014-21 D2 MODE_SWITCH_START state=MODE_SWITCHING attempts=1 streak=0 attempt=1
[2026-09-11T07:52:21.027Z] batch=field-waveform-1789113141014-21 D3 MODE_SWITCH_START state=MODE_SWITCHING attempts=1 streak=0 attempt=1
[2026-09-11T07:52:21.033Z] batch=field-waveform-1789113141014-21 D4 MODE_SWITCH_START state=MODE_SWITCHING attempts=1 streak=0 attempt=1
[2026-09-11T07:52:21.034Z] batch=field-waveform-1789113141014-21 D5 MODE_SWITCH_START state=MODE_SWITCHING attempts=1 streak=0 attempt=1
[2026-09-11T07:52:21.035Z] batch=field-waveform-1789113141014-21 D6 MODE_SWITCH_START state=MODE_SWITCHING attempts=1 streak=0 attempt=1
[2026-09-11T07:52:21.045Z] batch=field-waveform-1789113141014-21 D1 MODE_SWITCH_OK state=MODE_SWITCH_OK attempts=1 streak=0
[2026-09-11T07:52:21.046Z] batch=field-waveform-1789113141014-21 D2 MODE_SWITCH_OK state=MODE_SWITCH_OK attempts=1 streak=0
[2026-09-11T07:52:21.050Z] batch=field-waveform-1789113141014-21 D3 MODE_SWITCH_OK state=MODE_SWITCH_OK attempts=1 streak=0
[2026-09-11T07:52:21.050Z] batch=field-waveform-1789113141014-21 D4 MODE_SWITCH_OK state=MODE_SWITCH_OK attempts=1 streak=0
[2026-09-11T07:52:21.051Z] batch=field-waveform-1789113141014-21 D5 MODE_SWITCH_OK state=MODE_SWITCH_OK attempts=1 streak=0
[2026-09-11T07:52:21.051Z] batch=field-waveform-1789113141014-21 D6 MODE_SWITCH_OK state=MODE_SWITCH_OK attempts=1 streak=0
[2026-09-11T07:52:21.236Z] batch=field-waveform-1789113141014-21 D5 MODE_SWITCH_START state=MODE_SWITCHING attempts=1 streak=0 attempt=1
[2026-09-11T07:52:21.245Z] batch=field-waveform-1789113141014-21 D5 MODE_SWITCH_OK state=MODE_SWITCH_OK attempts=1 streak=0
[2026-09-11T07:52:21.267Z] batch=field-waveform-1789113141014-21 D2 MODE_SWITCH_START state=MODE_SWITCHING attempts=1 streak=0 attempt=1
[2026-09-11T07:52:21.271Z] batch=field-waveform-1789113141014-21 D2 MODE_SWITCH_OK state=MODE_SWITCH_OK attempts=1 streak=0
[2026-09-11T07:52:22.233Z] batch=field-waveform-1789113141014-21 D6 MODE_SWITCH_START state=MODE_SWITCHING attempts=1 streak=0 attempt=1
[2026-09-11T07:52:22.237Z] batch=field-waveform-1789113141014-21 D6 MODE_SWITCH_OK state=MODE_SWITCH_OK attempts=1 streak=0
[2026-09-11T07:52:28.740Z] batch=field-waveform-1789113141014-21 D1 MODE_SWITCH_START state=MODE_SWITCHING attempts=1 streak=0 attempt=1
[2026-09-11T07:52:28.750Z] batch=field-waveform-1789113141014-21 D1 MODE_SWITCH_OK state=MODE_SWITCH_OK attempts=1 streak=0
[2026-09-11T07:52:30.574Z] batch=field-waveform-1789113141014-21 D3 MODE_SWITCH_START state=MODE_SWITCHING attempts=1 streak=0 attempt=1
[2026-09-11T07:52:30.576Z] batch=field-waveform-1789113141014-21 D3 MODE_SWITCH_OK state=MODE_SWITCH_OK attempts=1 streak=0
[2026-09-11T07:52:31.004Z] batch=field-waveform-1789113141014-21 D4 MODE_SWITCH_START state=MODE_SWITCHING attempts=1 streak=0 attempt=1
[2026-09-11T07:52:31.012Z] batch=field-waveform-1789113141014-21 D4 MODE_SWITCH_OK state=MODE_SWITCH_OK attempts=1 streak=0
[2026-09-11T07:52:31.245Z] batch=field-waveform-1789113141014-21 D5 MODE_SWITCH_START state=MODE_SWITCHING attempts=1 streak=0 attempt=1
[2026-09-11T07:52:31.248Z] batch=field-waveform-1789113141014-21 D5 MODE_SWITCH_OK state=MODE_SWITCH_OK attempts=1 streak=0
[2026-09-11T07:52:31.282Z] batch=field-waveform-1789113141014-21 D2 MODE_SWITCH_START state=MODE_SWITCHING attempts=1 streak=0 attempt=1
[2026-09-11T07:52:31.300Z] batch=field-waveform-1789113141014-21 D2 MODE_SWITCH_OK state=MODE_SWITCH_OK attempts=1 streak=0
[2026-09-11T07:52:32.239Z] batch=field-waveform-1789113141014-21 D6 MODE_SWITCH_START state=MODE_SWITCHING attempts=1 streak=0 attempt=1
[2026-09-11T07:52:32.262Z] batch=field-waveform-1789113141014-21 D6 MODE_SWITCH_OK state=MODE_SWITCH_OK attempts=1 streak=0
[2026-09-11T07:52:38.752Z] batch=field-waveform-1789113141014-21 D1 MODE_SWITCH_START state=MODE_SWITCHING attempts=1 streak=0 attempt=1
[2026-09-11T07:52:38.756Z] batch=field-waveform-1789113141014-21 D1 MODE_SWITCH_OK state=MODE_SWITCH_OK attempts=1 streak=0
[2026-09-11T07:52:40.578Z] batch=field-waveform-1789113141014-21 D3 MODE_SWITCH_START state=MODE_SWITCHING attempts=1 streak=0 attempt=1
[2026-09-11T07:52:40.589Z] batch=field-waveform-1789113141014-21 D3 MODE_SWITCH_OK state=MODE_SWITCH_OK attempts=1 streak=0
[2026-09-11T07:52:41.024Z] batch=field-waveform-1789113141014-21 D4 MODE_SWITCH_START state=MODE_SWITCHING attempts=1 streak=0 attempt=1
[2026-09-11T07:52:41.027Z] batch=field-waveform-1789113141014-21 D4 MODE_SWITCH_OK state=MODE_SWITCH_OK attempts=1 streak=0
[2026-09-11T07:52:41.251Z] batch=field-waveform-1789113141014-21 D5 MODE_SWITCH_START state=MODE_SWITCHING attempts=1 streak=0 attempt=1
[2026-09-11T07:52:41.264Z] batch=field-waveform-1789113141014-21 D5 MODE_SWITCH_OK state=MODE_SWITCH_OK attempts=1 streak=0
[2026-09-11T07:52:41.303Z] batch=field-waveform-1789113141014-21 D2 MODE_SWITCH_START state=MODE_SWITCHING attempts=1 streak=0 attempt=1
[2026-09-11T07:52:41.314Z] batch=field-waveform-1789113141014-21 D2 MODE_SWITCH_OK state=MODE_SWITCH_OK attempts=1 streak=0
[2026-09-11T07:52:42.275Z] batch=field-waveform-1789113141014-21 D6 MODE_SWITCH_START state=MODE_SWITCHING attempts=1 streak=0 attempt=1
[2026-09-11T07:52:42.289Z] batch=field-waveform-1789113141014-21 D6 MODE_SWITCH_OK state=MODE_SWITCH_OK attempts=1 streak=0
[2026-09-11T07:52:48.774Z] batch=field-waveform-1789113141014-21 D1 MODE_SWITCH_START state=MODE_SWITCHING attempts=1 streak=0 attempt=1
[2026-09-11T07:52:48.777Z] batch=field-waveform-1789113141014-21 D1 MODE_SWITCH_OK state=MODE_SWITCH_OK attempts=1 streak=0
[2026-09-11T07:52:50.595Z] batch=field-waveform-1789113141014-21 D3 MODE_SWITCH_START state=MODE_SWITCHING attempts=1 streak=0 attempt=1
[2026-09-11T07:52:50.622Z] batch=field-waveform-1789113141014-21 D3 MODE_SWITCH_OK state=MODE_SWITCH_OK attempts=1 streak=0
[2026-09-11T07:52:51.029Z] batch=field-waveform-1789113141014-21 D4 MODE_SWITCH_START state=MODE_SWITCHING attempts=1 streak=0 attempt=1
[2026-09-11T07:52:51.031Z] batch=field-waveform-1789113141014-21 D4 MODE_SWITCH_OK state=MODE_SWITCH_OK attempts=1 streak=0
[2026-09-11T07:52:51.270Z] batch=field-waveform-1789113141014-21 D5 MODE_SWITCH_START state=MODE_SWITCHING attempts=1 streak=0 attempt=1
[2026-09-11T07:52:51.275Z] batch=field-waveform-1789113141014-21 D5 MODE_SWITCH_OK state=MODE_SWITCH_OK attempts=1 streak=0
[2026-09-11T07:52:51.316Z] batch=field-waveform-1789113141014-21 D2 MODE_SWITCH_START state=MODE_SWITCHING attempts=1 streak=0 attempt=1
[2026-09-11T07:52:51.318Z] batch=field-waveform-1789113141014-21 D2 MODE_SWITCH_OK state=MODE_SWITCH_OK attempts=1 streak=0
[2026-09-11T07:52:52.290Z] batch=field-waveform-1789113141014-21 D6 MODE_SWITCH_START state=MODE_SWITCHING attempts=1 streak=0 attempt=1
[2026-09-11T07:52:52.297Z] batch=field-waveform-1789113141014-21 D6 MODE_SWITCH_OK state=MODE_SWITCH_OK attempts=1 streak=0
[2026-09-11T07:52:58.791Z] batch=field-waveform-1789113141014-21 D1 MODE_SWITCH_START state=MODE_SWITCHING attempts=1 streak=0 attempt=1
[2026-09-11T07:52:58.796Z] batch=field-waveform-1789113141014-21 D1 MODE_SWITCH_OK state=MODE_SWITCH_OK attempts=1 streak=0
[2026-09-11T07:53:00.632Z] batch=field-waveform-1789113141014-21 D3 MODE_SWITCH_START state=MODE_SWITCHING attempts=1 streak=0 attempt=1
[2026-09-11T07:53:00.637Z] batch=field-waveform-1789113141014-21 D3 MODE_SWITCH_OK state=MODE_SWITCH_OK attempts=1 streak=0
[2026-09-11T07:53:01.033Z] batch=field-waveform-1789113141014-21 D4 MODE_SWITCH_START state=MODE_SWITCHING attempts=1 streak=0 attempt=1
[2026-09-11T07:53:01.038Z] batch=field-waveform-1789113141014-21 D4 MODE_SWITCH_OK state=MODE_SWITCH_OK attempts=1 streak=0
[2026-09-11T07:53:01.281Z] batch=field-waveform-1789113141014-21 D5 MODE_SWITCH_START state=MODE_SWITCHING attempts=1 streak=0 attempt=1
[2026-09-11T07:53:01.285Z] batch=field-waveform-1789113141014-21 D5 MODE_SWITCH_OK state=MODE_SWITCH_OK attempts=1 streak=0
[2026-09-11T07:53:01.319Z] batch=field-waveform-1789113141014-21 D2 FIRST_FRAME state=FIRST_FRAME_RECEIVED attempts=1 streak=1
[2026-09-11T07:53:01.319Z] batch=field-waveform-1789113141014-21 D2 FIRST_VALID_SAMPLE state=FIRST_FRAME_RECEIVED attempts=1 streak=1
[2026-09-11T07:53:01.364Z] batch=field-waveform-1789113141014-21 D6 FIRST_FRAME state=FIRST_FRAME_RECEIVED attempts=1 streak=1
[2026-09-11T07:53:01.365Z] batch=field-waveform-1789113141014-21 D6 FIRST_VALID_SAMPLE state=FIRST_FRAME_RECEIVED attempts=1 streak=1
[2026-09-11T07:53:01.591Z] batch=field-waveform-1789113141014-21 D6 CHANNEL_SYNC_OK state=TEST_READY attempts=1 streak=5
[2026-09-11T07:53:01.591Z] batch=field-waveform-1789113141014-21 D6 TEST_READY state=TEST_READY attempts=1 streak=5
[2026-09-11T07:53:01.598Z] batch=field-waveform-1789113141014-21 D2 CHANNEL_SYNC_OK state=TEST_READY attempts=1 streak=5
[2026-09-11T07:53:01.598Z] batch=field-waveform-1789113141014-21 D2 TEST_READY state=TEST_READY attempts=1 streak=5
[2026-09-11T07:53:03.882Z] batch=field-waveform-1789113141014-21 D1 FIRST_FRAME state=FIRST_FRAME_RECEIVED attempts=1 streak=1
[2026-09-11T07:53:03.882Z] batch=field-waveform-1789113141014-21 D1 FIRST_VALID_SAMPLE state=FIRST_FRAME_RECEIVED attempts=1 streak=1
[2026-09-11T07:53:04.150Z] batch=field-waveform-1789113141014-21 D1 CHANNEL_SYNC_OK state=TEST_READY attempts=1 streak=5
[2026-09-11T07:53:04.150Z] batch=field-waveform-1789113141014-21 D1 TEST_READY state=TEST_READY attempts=1 streak=5
[2026-09-11T07:53:05.676Z] batch=field-waveform-1789113141014-21 D3 FIRST_FRAME state=FIRST_FRAME_RECEIVED attempts=1 streak=1
[2026-09-11T07:53:05.677Z] batch=field-waveform-1789113141014-21 D3 FIRST_VALID_SAMPLE state=FIRST_FRAME_RECEIVED attempts=1 streak=1
[2026-09-11T07:53:05.928Z] batch=field-waveform-1789113141014-21 D3 CHANNEL_SYNC_OK state=TEST_READY attempts=1 streak=5
[2026-09-11T07:53:05.928Z] batch=field-waveform-1789113141014-21 D3 TEST_READY state=TEST_READY attempts=1 streak=5
[2026-09-11T07:53:06.084Z] batch=field-waveform-1789113141014-21 D4 FIRST_FRAME state=FIRST_FRAME_RECEIVED attempts=1 streak=1
[2026-09-11T07:53:06.085Z] batch=field-waveform-1789113141014-21 D4 FIRST_VALID_SAMPLE state=FIRST_FRAME_RECEIVED attempts=1 streak=1
[2026-09-11T07:53:06.333Z] batch=field-waveform-1789113141014-21 D4 CHANNEL_SYNC_OK state=TEST_READY attempts=1 streak=5
[2026-09-11T07:53:06.333Z] batch=field-waveform-1789113141014-21 D4 TEST_READY state=TEST_READY attempts=1 streak=5
[2026-09-11T07:53:06.358Z] batch=field-waveform-1789113141014-21 D5 FIRST_FRAME state=FIRST_FRAME_RECEIVED attempts=1 streak=1
[2026-09-11T07:53:06.358Z] batch=field-waveform-1789113141014-21 D5 FIRST_VALID_SAMPLE state=FIRST_FRAME_RECEIVED attempts=1 streak=1
[2026-09-11T07:53:06.628Z] batch=field-waveform-1789113141014-21 D5 CHANNEL_SYNC_OK state=TEST_READY attempts=1 streak=5
[2026-09-11T07:53:06.629Z] batch=field-waveform-1789113141014-21 D5 TEST_READY state=TEST_READY attempts=1 streak=5
[2026-09-11T07:53:59.699Z] batch=field-waveform-1789113141014-21 D3 MODE_SWITCH_START state=MODE_SWITCHING attempts=1 streak=0 attempt=1
[2026-09-11T07:53:59.709Z] batch=field-waveform-1789113141014-21 D3 MODE_SWITCH_OK state=MODE_SWITCH_OK attempts=1 streak=0
[2026-09-11T07:53:59.716Z] batch=field-waveform-1789113141014-21 D4 MODE_SWITCH_START state=MODE_SWITCHING attempts=1 streak=0 attempt=1
[2026-09-11T07:53:59.720Z] batch=field-waveform-1789113141014-21 D4 MODE_SWITCH_OK state=MODE_SWITCH_OK attempts=1 streak=0
[2026-09-11T07:53:59.727Z] batch=field-waveform-1789113141014-21 D5 MODE_SWITCH_START state=MODE_SWITCHING attempts=1 streak=0 attempt=1
[2026-09-11T07:53:59.729Z] batch=field-waveform-1789113141014-21 D5 MODE_SWITCH_OK state=MODE_SWITCH_OK attempts=1 streak=0
[2026-09-11T07:54:01.342Z] batch=field-waveform-1789113141014-21 D2 MODE_SWITCH_START state=MODE_SWITCHING attempts=1 streak=0 attempt=1
[2026-09-11T07:54:01.351Z] batch=field-waveform-1789113141014-21 D2 MODE_SWITCH_OK state=MODE_SWITCH_OK attempts=1 streak=0
[2026-09-11T07:54:02.399Z] batch=field-waveform-1789113141014-21 D6 MODE_SWITCH_START state=MODE_SWITCHING attempts=1 streak=0 attempt=1
[2026-09-11T07:54:02.409Z] batch=field-waveform-1789113141014-21 D6 MODE_SWITCH_OK state=MODE_SWITCH_OK attempts=1 streak=0
[2026-09-11T07:54:08.863Z] batch=field-waveform-1789113141014-21 D1 MODE_SWITCH_START state=MODE_SWITCHING attempts=1 streak=0 attempt=1
[2026-09-11T07:54:08.865Z] batch=field-waveform-1789113141014-21 D1 MODE_SWITCH_OK state=MODE_SWITCH_OK attempts=1 streak=0
[2026-09-11T07:54:09.826Z] batch=field-waveform-1789113141014-21 D3 MODE_SWITCH_START state=MODE_SWITCHING attempts=1 streak=0 attempt=1
[2026-09-11T07:54:09.829Z] batch=field-waveform-1789113141014-21 D3 MODE_SWITCH_OK state=MODE_SWITCH_OK attempts=1 streak=0
[2026-09-11T07:54:09.835Z] batch=field-waveform-1789113141014-21 D4 MODE_SWITCH_START state=MODE_SWITCHING attempts=1 streak=0 attempt=1
[2026-09-11T07:54:09.837Z] batch=field-waveform-1789113141014-21 D4 MODE_SWITCH_OK state=MODE_SWITCH_OK attempts=1 streak=0
[2026-09-11T07:54:09.843Z] batch=field-waveform-1789113141014-21 D5 MODE_SWITCH_START state=MODE_SWITCHING attempts=1 streak=0 attempt=1
[2026-09-11T07:54:09.847Z] batch=field-waveform-1789113141014-21 D5 MODE_SWITCH_OK state=MODE_SWITCH_OK attempts=1 streak=0
[2026-09-11T07:54:11.429Z] batch=field-waveform-1789113141014-21 D2 MODE_SWITCH_START state=MODE_SWITCHING attempts=1 streak=0 attempt=1
[2026-09-11T07:54:11.440Z] batch=field-waveform-1789113141014-21 D2 MODE_SWITCH_OK state=MODE_SWITCH_OK attempts=1 streak=0
[2026-09-11T07:54:12.548Z] batch=field-waveform-1789113141014-21 D6 MODE_SWITCH_START state=MODE_SWITCHING attempts=1 streak=0 attempt=1
[2026-09-11T07:54:12.558Z] batch=field-waveform-1789113141014-21 D6 MODE_SWITCH_OK state=MODE_SWITCH_OK attempts=1 streak=0
[2026-09-11T07:54:14.924Z] batch=field-waveform-1789113141014-21 D4 FIRST_FRAME state=FIRST_FRAME_RECEIVED attempts=1 streak=1
[2026-09-11T07:54:14.925Z] batch=field-waveform-1789113141014-21 D4 FIRST_VALID_SAMPLE state=FIRST_FRAME_RECEIVED attempts=1 streak=1
[2026-09-11T07:54:14.936Z] batch=field-waveform-1789113141014-21 D3 FIRST_FRAME state=FIRST_FRAME_RECEIVED attempts=1 streak=1
[2026-09-11T07:54:14.936Z] batch=field-waveform-1789113141014-21 D3 FIRST_VALID_SAMPLE state=FIRST_FRAME_RECEIVED attempts=1 streak=1
[2026-09-11T07:54:14.938Z] batch=field-waveform-1789113141014-21 D5 FIRST_FRAME state=FIRST_FRAME_RECEIVED attempts=1 streak=1
[2026-09-11T07:54:14.938Z] batch=field-waveform-1789113141014-21 D5 FIRST_VALID_SAMPLE state=FIRST_FRAME_RECEIVED attempts=1 streak=1
[2026-09-11T07:54:15.159Z] batch=field-waveform-1789113141014-21 D4 CHANNEL_SYNC_OK state=TEST_READY attempts=1 streak=5
[2026-09-11T07:54:15.160Z] batch=field-waveform-1789113141014-21 D4 TEST_READY state=TEST_READY attempts=1 streak=5
[2026-09-11T07:54:15.283Z] batch=field-waveform-1789113141014-21 D3 CHANNEL_SYNC_OK state=TEST_READY attempts=1 streak=5
[2026-09-11T07:54:15.283Z] batch=field-waveform-1789113141014-21 D3 TEST_READY state=TEST_READY attempts=1 streak=5
[2026-09-11T07:54:15.440Z] batch=field-waveform-1789113141014-21 D5 CHANNEL_SYNC_OK state=TEST_READY attempts=1 streak=5
[2026-09-11T07:54:15.440Z] batch=field-waveform-1789113141014-21 D5 TEST_READY state=TEST_READY attempts=1 streak=5
[2026-09-11T07:54:16.773Z] batch=field-waveform-1789113141014-21 D2 FIRST_FRAME state=FIRST_FRAME_RECEIVED attempts=1 streak=1
[2026-09-11T07:54:16.774Z] batch=field-waveform-1789113141014-21 D2 FIRST_VALID_SAMPLE state=FIRST_FRAME_RECEIVED attempts=1 streak=1
[2026-09-11T07:54:16.776Z] batch=field-waveform-1789113141014-21 D2 CHANNEL_SYNC_OK state=TEST_READY attempts=1 streak=5
[2026-09-11T07:54:16.777Z] batch=field-waveform-1789113141014-21 D2 TEST_READY state=TEST_READY attempts=1 streak=5
[2026-09-11T07:54:17.685Z] batch=field-waveform-1789113141014-21 D6 FIRST_FRAME state=FIRST_FRAME_RECEIVED attempts=1 streak=1
[2026-09-11T07:54:17.685Z] batch=field-waveform-1789113141014-21 D6 FIRST_VALID_SAMPLE state=FIRST_FRAME_RECEIVED attempts=1 streak=1
[2026-09-11T07:54:18.179Z] batch=field-waveform-1789113141014-21 D6 CHANNEL_SYNC_OK state=TEST_READY attempts=1 streak=5
[2026-09-11T07:54:18.180Z] batch=field-waveform-1789113141014-21 D6 TEST_READY state=TEST_READY attempts=1 streak=5
[2026-09-11T07:54:18.972Z] batch=field-waveform-1789113141014-21 D1 MODE_SWITCH_START state=MODE_SWITCHING attempts=1 streak=0 attempt=1
[2026-09-11T07:54:18.985Z] batch=field-waveform-1789113141014-21 D1 MODE_SWITCH_OK state=MODE_SWITCH_OK attempts=1 streak=0
[2026-09-11T07:54:24.097Z] batch=field-waveform-1789113141014-21 D1 FIRST_FRAME state=FIRST_FRAME_RECEIVED attempts=1 streak=1
[2026-09-11T07:54:24.098Z] batch=field-waveform-1789113141014-21 D1 FIRST_VALID_SAMPLE state=FIRST_FRAME_RECEIVED attempts=1 streak=1
[2026-09-11T07:54:24.346Z] batch=field-waveform-1789113141014-21 D1 CHANNEL_SYNC_OK state=TEST_READY attempts=1 streak=5
[2026-09-11T07:54:24.346Z] batch=field-waveform-1789113141014-21 D1 TEST_READY state=TEST_READY attempts=1 streak=5
[2026-09-11T07:54:50.338Z] batch=field-waveform-1789113141014-21 D6 MODE_SWITCH_START state=MODE_SWITCHING attempts=1 streak=0 attempt=1
[2026-09-11T07:54:50.349Z] batch=field-waveform-1789113141014-21 D6 MODE_SWITCH_OK state=MODE_SWITCH_OK attempts=1 streak=0
[2026-09-11T07:54:50.357Z] batch=field-waveform-1789113141014-21 D1 MODE_SWITCH_START state=MODE_SWITCHING attempts=1 streak=0 attempt=1
[2026-09-11T07:54:50.362Z] batch=field-waveform-1789113141014-21 D1 MODE_SWITCH_OK state=MODE_SWITCH_OK attempts=1 streak=0
[2026-09-11T07:54:50.376Z] batch=field-waveform-1789113141014-21 D2 MODE_SWITCH_START state=MODE_SWITCHING attempts=1 streak=0 attempt=1
[2026-09-11T07:54:50.387Z] batch=field-waveform-1789113141014-21 D2 MODE_SWITCH_OK state=MODE_SWITCH_OK attempts=1 streak=0
[2026-09-11T07:55:00.057Z] batch=field-waveform-1789113141014-21 D5 MODE_SWITCH_START state=MODE_SWITCHING attempts=1 streak=0 attempt=1
[2026-09-11T07:55:00.068Z] batch=field-waveform-1789113141014-21 D5 MODE_SWITCH_OK state=MODE_SWITCH_OK attempts=1 streak=0
[2026-09-11T07:55:00.086Z] batch=field-waveform-1789113141014-21 D4 MODE_SWITCH_START state=MODE_SWITCHING attempts=1 streak=0 attempt=1
[2026-09-11T07:55:00.087Z] batch=field-waveform-1789113141014-21 D4 MODE_SWITCH_OK state=MODE_SWITCH_OK attempts=1 streak=0
[2026-09-11T07:55:00.097Z] batch=field-waveform-1789113141014-21 D3 MODE_SWITCH_START state=MODE_SWITCHING attempts=1 streak=0 attempt=1
[2026-09-11T07:55:00.099Z] batch=field-waveform-1789113141014-21 D3 MODE_SWITCH_OK state=MODE_SWITCH_OK attempts=1 streak=0
[2026-09-11T07:55:00.543Z] batch=field-waveform-1789113141014-21 D6 MODE_SWITCH_START state=MODE_SWITCHING attempts=1 streak=0 attempt=1
[2026-09-11T07:55:00.554Z] batch=field-waveform-1789113141014-21 D6 MODE_SWITCH_OK state=MODE_SWITCH_OK attempts=1 streak=0
[2026-09-11T07:55:00.569Z] batch=field-waveform-1789113141014-21 D1 MODE_SWITCH_START state=MODE_SWITCHING attempts=1 streak=0 attempt=1
[2026-09-11T07:55:00.570Z] batch=field-waveform-1789113141014-21 D1 MODE_SWITCH_OK state=MODE_SWITCH_OK attempts=1 streak=0
[2026-09-11T07:55:00.578Z] batch=field-waveform-1789113141014-21 D2 MODE_SWITCH_START state=MODE_SWITCHING attempts=1 streak=0 attempt=1
[2026-09-11T07:55:00.586Z] batch=field-waveform-1789113141014-21 D2 MODE_SWITCH_OK state=MODE_SWITCH_OK attempts=1 streak=0
[2026-09-11T07:55:10.092Z] batch=field-waveform-1789113141014-21 D5 MODE_SWITCH_START state=MODE_SWITCHING attempts=1 streak=0 attempt=1
[2026-09-11T07:55:10.102Z] batch=field-waveform-1789113141014-21 D5 MODE_SWITCH_OK state=MODE_SWITCH_OK attempts=1 streak=0
[2026-09-11T07:55:10.112Z] batch=field-waveform-1789113141014-21 D4 MODE_SWITCH_START state=MODE_SWITCHING attempts=1 streak=0 attempt=1
[2026-09-11T07:55:10.115Z] batch=field-waveform-1789113141014-21 D4 MODE_SWITCH_OK state=MODE_SWITCH_OK attempts=1 streak=0
[2026-09-11T07:55:10.123Z] batch=field-waveform-1789113141014-21 D3 MODE_SWITCH_START state=MODE_SWITCHING attempts=1 streak=0 attempt=1
[2026-09-11T07:55:10.130Z] batch=field-waveform-1789113141014-21 D3 MODE_SWITCH_OK state=MODE_SWITCH_OK attempts=1 streak=0
[2026-09-11T07:55:10.622Z] batch=field-waveform-1789113141014-21 D6 MODE_SWITCH_START state=MODE_SWITCHING attempts=1 streak=0 attempt=1
[2026-09-11T07:55:10.632Z] batch=field-waveform-1789113141014-21 D6 MODE_SWITCH_OK state=MODE_SWITCH_OK attempts=1 streak=0
[2026-09-11T07:55:10.649Z] batch=field-waveform-1789113141014-21 D1 MODE_SWITCH_START state=MODE_SWITCHING attempts=1 streak=0 attempt=1
[2026-09-11T07:55:10.652Z] batch=field-waveform-1789113141014-21 D1 MODE_SWITCH_OK state=MODE_SWITCH_OK attempts=1 streak=0
[2026-09-11T07:55:10.668Z] batch=field-waveform-1789113141014-21 D2 MODE_SWITCH_START state=MODE_SWITCHING attempts=1 streak=0 attempt=1
[2026-09-11T07:55:10.669Z] batch=field-waveform-1789113141014-21 D2 MODE_SWITCH_OK state=MODE_SWITCH_OK attempts=1 streak=0
